2026-07-26 11:35:44+0300 diagnosticd[1613]: Exclaves log server not available
2026-07-26 11:35:44+0300 diagnosticd[1613]: diagnosticd starting
2026-07-26 11:35:44+0300 diagnosticd[1613]: Registered for persona generation change notifications
2026-07-26 11:35:44+0300 diagnosticd[1613]: allowing Siri (1612) entitled access to stream
2026-07-26 11:35:44+0300 diagnosticd[1613]: System mode client started - Siri (1612) - mode: 0x8, filter: "{
    logicalExp =     {
        operator = 1;
        subfilters =         (
                        {
                subsystem =                 {
                    "com.apple.privatemlclient" = 0;
                };
            },
                        {
                category =                 {
                    client = 0;
                };
            }
        );
    };
}"
2026-07-26 11:35:45+0300 diagnosticd[1613]: System mode client stopped - Siri (1612) - clearing mode: 0x8, still active: 0x0
2026-07-26 11:37:08+0300 diagnosticd[1613]: allowing Siri (1612) entitled access to stream
2026-07-26 11:37:08+0300 diagnosticd[1613]: System mode client started - Siri (1612) - mode: 0x8, filter: "{
    logicalExp =     {
        operator = 1;
        subfilters =         (
                        {
                subsystem =                 {
                    "com.apple.privatemlclient" = 0;
                };
            },
                        {
                category =                 {
                    client = 0;
                };
            }
        );
    };
}"
2026-07-26 11:37:10+0300 diagnosticd[1613]: System mode client stopped - Siri (1612) - clearing mode: 0x8, still active: 0x0
2026-07-27 14:10:19+0300 diagnosticd[3170]: Exclaves log server not available
2026-07-27 14:10:19+0300 diagnosticd[3170]: diagnosticd starting
2026-07-27 14:10:19+0300 diagnosticd[3170]: Registered for persona generation change notifications
2026-07-27 14:10:19+0300 diagnosticd[3170]: System mode client started -  (3170) - mode: 0x8, filter: "<empty>"
2026-07-27 14:11:01+0300 diagnosticd[3170]: System mode client started -  (3170) - mode: 0x8, filter: "<empty>"
2026-07-27 14:11:42+0300 diagnosticd[3170]: System mode client stopped -  (3170) - clearing mode: 0x0, still active: 0x8
2026-07-27 14:11:42+0300 diagnosticd[3170]: System mode client stopped -  (3170) - clearing mode: 0x8, still active: 0x0
2026-08-08 01:25:05+0300 diagnosticd[339]: Exclaves log server not available
2026-08-08 01:25:05+0300 diagnosticd[339]: diagnosticd starting
2026-08-08 01:25:05+0300 diagnosticd[339]: Registered for persona generation change notifications
2026-08-08 01:25:05+0300 diagnosticd[339]: allowing Siri (338) entitled access to stream
2026-08-08 01:25:05+0300 diagnosticd[339]: System mode client started - Siri (338) - mode: 0x8, filter: "{
    logicalExp =     {
        operator = 1;
        subfilters =         (
                        {
                subsystem =                 {
                    "com.apple.privatemlclient" = 0;
                };
            },
                        {
                category =                 {
                    client = 0;
                };
            }
        );
    };
}"
2026-08-08 01:25:07+0300 diagnosticd[339]: System mode client stopped - Siri (338) - clearing mode: 0x8, still active: 0x0
2026-08-08 02:36:53+0300 diagnosticd[1119]: Exclaves log server not available
2026-08-08 02:36:53+0300 diagnosticd[1119]: diagnosticd starting
2026-08-08 02:36:53+0300 diagnosticd[1119]: Registered for persona generation change notifications
2026-08-08 02:36:54+0300 diagnosticd[1119]: System mode client started - log (1119) - mode: 0x8, filter: "<empty>"
2026-08-08 02:36:58+0300 diagnosticd[1119]: System mode client stopped - log (1119) - clearing mode: 0x8, still active: 0x0
2026-08-08 02:54:26+0300 diagnosticd[433]: Exclaves log server not available
2026-08-08 02:54:26+0300 diagnosticd[433]: diagnosticd starting
2026-08-08 02:54:26+0300 diagnosticd[433]: Registered for persona generation change notifications
2026-08-08 02:54:26+0300 diagnosticd[433]: System mode client started - log (433) - mode: 0x8, filter: "<empty>"
2026-08-08 02:58:34+0300 diagnosticd[433]: System mode client stopped - log (433) - clearing mode: 0x8, still active: 0x0
2026-08-08 03:51:39+0300 diagnosticd[849]: Exclaves log server not available
2026-08-08 03:51:39+0300 diagnosticd[849]: diagnosticd starting
2026-08-08 03:51:39+0300 diagnosticd[849]: Registered for persona generation change notifications
2026-08-08 03:51:39+0300 diagnosticd[849]: System mode client started - com.apple.configurator.xpc.DeviceService (849) - mode: 0x8, filter: "<empty>"
