
APPLYING DEFAULT FILTERS:
/private/var/mobile/Library/Preferences/com.apple.Accessibility.plist, Added to Candidate logs
/private/var/mobile/Library/Preferences/com.apple.VoiceOverTouch.plist, Added to Candidate logs
/private/var/mobile/Library/Preferences/com.apple.Accessibility.GuidedAccess.plist, File not found
/private/var/mobile/Library/Preferences/com.apple.AssistiveTouch.plist, Added to Candidate logs
/private/var/mobile/Library/Preferences/com.apple.VoiceOverTouch.plist, Duplicate file
/private/var/mobile/Library/Preferences/com.apple.ZoomTouch.plist, File not found
/private/var/mobile/Library/Preferences/com.apple.SpeakSelection.plist, Added to Candidate logs
/private/var/mobile/Library/Preferences/com.apple.HearingAids.plist, Added to Candidate logs
/private/var/mobile/Library/Preferences/com.apple.Accessibility.TouchAccommodations.plist, File not found
/private/var/mobile/Library/Preferences/com.apple.Accessibility.SwitchControl.plist, File not found
/private/var/mobile/Library/Preferences/com.apple.Accessibility.Magnifier.plist, Added to Candidate logs
/private/var/mobile/Library/Preferences/com.apple.SoundDetection.plist, Added to Candidate logs
/private/var/mobile/Library/Preferences/com.apple.Accessibility.Assets.plist, Added to Candidate logs
/private/var/mobile/Library/Preferences/com.apple.AccessibilityHearingNearby.plist, Added to Candidate logs

APPLYING DEFAULT FILTERS:
SDUnitLogGlob with glob '/private/var/mobile/Library/Preferences/com.apple.ClarityUI*.plist': found no matches


ENFORCING SIZE LIMIT OF 1 MB ON FILTERED CANDIDATES:

/private/var/mobile/Library/Preferences/com.apple.Accessibility.Assets.plist, Added (3652 bytes)
/private/var/mobile/Library/Preferences/com.apple.Accessibility.plist, Added (1579 bytes)
/private/var/mobile/Library/Preferences/com.apple.SpeakSelection.plist, Added (493 bytes)
/private/var/mobile/Library/Preferences/com.apple.AccessibilityHearingNearby.plist, Added (589 bytes)
/private/var/mobile/Library/Preferences/com.apple.Accessibility.Magnifier.plist, Added (415 bytes)
/private/var/mobile/Library/Preferences/com.apple.HearingAids.plist, Added (81 bytes)
/private/var/mobile/Library/Preferences/com.apple.VoiceOverTouch.plist, Added (46930 bytes)
/private/var/mobile/Library/Preferences/com.apple.SoundDetection.plist, Added (236 bytes)
/private/var/mobile/Library/Preferences/com.apple.AssistiveTouch.plist, Added (183 bytes)

** DONE Enforcing size limit **
