
APPLYING PREDICATE NOT SELF CONTAINS ".vrdump":
/private/var/mobile/Library/Caches/com.apple.VideoConference/logs/20260731-083413-0123717864-CallSettings.calldump.gz, Added to Candidate logs
/private/var/mobile/Library/Caches/com.apple.VideoConference/logs/20260731-083618-0123717870-CallSettings.calldump.gz, Added to Candidate logs
/private/var/mobile/Library/Caches/com.apple.VideoConference/logs/20260803-152347-0123717918-CallSettings.calldump.gz, Added to Candidate logs
/private/var/mobile/Library/Caches/com.apple.VideoConference/logs/20260730-151821-0123717833-CallSettings.calldump.gz, Added to Candidate logs
/private/var/mobile/Library/Caches/com.apple.VideoConference/logs/20260731-083142-0123717861-CallSettings.calldump.gz, Added to Candidate logs
/private/var/mobile/Library/Caches/com.apple.VideoConference/logs/20260731-083556-0123717867-CallSettings.calldump.gz, Added to Candidate logs
/private/var/mobile/Library/Caches/com.apple.VideoConference/logs/20260806-221520-0827307621-CallSettings.calldump.gz, Added to Candidate logs
/private/var/mobile/Library/Caches/com.apple.VideoConference/logs/20260731-084752-0123717885-CallSettings.calldump.gz, Added to Candidate logs
/private/var/mobile/Library/Caches/com.apple.VideoConference/logs/20260731-083843-0123717873-CallSettings.calldump.gz, Added to Candidate logs
/private/var/mobile/Library/Caches/com.apple.VideoConference/logs/20260730-152930-0123717844-CallSettings.calldump.gz, Added to Candidate logs
/private/var/mobile/Library/Caches/com.apple.VideoConference/logs/20260731-084205-0123717879-CallSettings.calldump.gz, Added to Candidate logs
/private/var/mobile/Library/Caches/com.apple.VideoConference/logs/20260731-181732-0123717906-CallSettings.calldump.gz, Added to Candidate logs
/private/var/mobile/Library/Caches/com.apple.VideoConference/logs/20260731-112033-0123717900-CallSettings.calldump.gz, Added to Candidate logs
/private/var/mobile/Library/Caches/com.apple.VideoConference/logs/20260731-084814-0123717888-CallSettings.calldump.gz, Added to Candidate logs
/private/var/mobile/Library/Caches/com.apple.VideoConference/logs/20260807-181811-0827307627-CallSettings.calldump.gz, Added to Candidate logs
/private/var/mobile/Library/Caches/com.apple.VideoConference/logs/20260731-181710-0123717903-CallSettings.calldump.gz, Added to Candidate logs
/private/var/mobile/Library/Caches/com.apple.VideoConference/logs/20260728-115922-1843846067-CallSettings.calldump.gz, Added to Candidate logs
/private/var/mobile/Library/Caches/com.apple.VideoConference/logs/20260730-143813-0123717827-CallSettings.calldump.gz, Added to Candidate logs
/private/var/mobile/Library/Caches/com.apple.VideoConference/logs/20260801-020355-0123717912-CallSettings.calldump.gz, Added to Candidate logs
/private/var/mobile/Library/Caches/com.apple.VideoConference/logs/20260729-160848-1327782064-CallSettings.calldump.gz, Added to Candidate logs
/private/var/mobile/Library/Caches/com.apple.VideoConference/logs/20260731-090056-0123717894-CallSettings.calldump.gz, Added to Candidate logs
/private/var/mobile/Library/Caches/com.apple.VideoConference/logs/20260803-152409-0123717921-CallSettings.calldump.gz, Added to Candidate logs
/private/var/mobile/Library/Caches/com.apple.VideoConference/logs/20260730-165650-0123717850-CallSettings.calldump.gz, Added to Candidate logs
/private/var/mobile/Library/Caches/com.apple.VideoConference/logs/20260730-132635-0123717815-CallSettings.calldump.gz, Added to Candidate logs
/private/var/mobile/Library/Caches/com.apple.VideoConference/logs/20260803-165400-0123717930-CallSettings.calldump.gz, Added to Candidate logs
/private/var/mobile/Library/Caches/com.apple.VideoConference/logs/20260731-090033-0123717891-CallSettings.calldump.gz, Added to Candidate logs
/private/var/mobile/Library/Caches/com.apple.VideoConference/logs/20260731-112010-0123717897-CallSettings.calldump.gz, Added to Candidate logs
/private/var/mobile/Library/Caches/com.apple.VideoConference/logs/20260726-224254-1843846047-CallSettings.calldump.gz, Added to Candidate logs
/private/var/mobile/Library/Caches/com.apple.VideoConference/logs/20260731-083905-0123717876-CallSettings.calldump.gz, Added to Candidate logs
/private/var/mobile/Library/Caches/com.apple.VideoConference/logs/20260730-143604-0123717821-CallSettings.calldump.gz, Added to Candidate logs
/private/var/mobile/Library/Caches/com.apple.VideoConference/logs/20260727-154557-1843846055-CallSettings.calldump.gz, Added to Candidate logs
/private/var/mobile/Library/Caches/com.apple.VideoConference/logs/20260805-205827-0123717961-CallSettings.calldump.gz, Added to Candidate logs
/private/var/mobile/Library/Caches/com.apple.VideoConference/logs/20260731-084227-0123717882-CallSettings.calldump.gz, Added to Candidate logs
/private/var/mobile/Library/Caches/com.apple.VideoConference/logs/20260727-155415-1843846061-CallSettings.calldump.gz, Added to Candidate logs
/private/var/mobile/Library/Caches/com.apple.VideoConference/logs/20260803-165226-0123717924-CallSettings.calldump.gz, Added to Candidate logs
/private/var/mobile/Library/Caches/com.apple.VideoConference/logs/20260804-222621-0123717945-CallSettings.calldump.gz, Added to Candidate logs


ENFORCING SIZE LIMIT OF 5 MB ON FILTERED CANDIDATES:

/private/var/mobile/Library/Caches/com.apple.VideoConference/logs/20260807-181811-0827307627-CallSettings.calldump.gz, Added (1570 bytes)
/private/var/mobile/Library/Caches/com.apple.VideoConference/logs/20260806-221520-0827307621-CallSettings.calldump.gz, Added (1572 bytes)
/private/var/mobile/Library/Caches/com.apple.VideoConference/logs/20260805-205827-0123717961-CallSettings.calldump.gz, Added (1565 bytes)
/private/var/mobile/Library/Caches/com.apple.VideoConference/logs/20260804-222621-0123717945-CallSettings.calldump.gz, Added (1583 bytes)
/private/var/mobile/Library/Caches/com.apple.VideoConference/logs/20260803-165400-0123717930-CallSettings.calldump.gz, Added (1565 bytes)
/private/var/mobile/Library/Caches/com.apple.VideoConference/logs/20260803-165226-0123717924-CallSettings.calldump.gz, Added (1571 bytes)
/private/var/mobile/Library/Caches/com.apple.VideoConference/logs/20260803-152409-0123717921-CallSettings.calldump.gz, Added (1557 bytes)
/private/var/mobile/Library/Caches/com.apple.VideoConference/logs/20260803-152347-0123717918-CallSettings.calldump.gz, Added (1571 bytes)
/private/var/mobile/Library/Caches/com.apple.VideoConference/logs/20260801-020355-0123717912-CallSettings.calldump.gz, Added (1565 bytes)
/private/var/mobile/Library/Caches/com.apple.VideoConference/logs/20260731-181732-0123717906-CallSettings.calldump.gz, Added (1573 bytes)
/private/var/mobile/Library/Caches/com.apple.VideoConference/logs/20260731-181710-0123717903-CallSettings.calldump.gz, Added (1564 bytes)
/private/var/mobile/Library/Caches/com.apple.VideoConference/logs/20260731-112033-0123717900-CallSettings.calldump.gz, Added (1564 bytes)
/private/var/mobile/Library/Caches/com.apple.VideoConference/logs/20260731-112010-0123717897-CallSettings.calldump.gz, Added (1573 bytes)
/private/var/mobile/Library/Caches/com.apple.VideoConference/logs/20260731-090056-0123717894-CallSettings.calldump.gz, Added (1561 bytes)
/private/var/mobile/Library/Caches/com.apple.VideoConference/logs/20260731-090033-0123717891-CallSettings.calldump.gz, Added (1558 bytes)
/private/var/mobile/Library/Caches/com.apple.VideoConference/logs/20260731-084814-0123717888-CallSettings.calldump.gz, Added (1562 bytes)
/private/var/mobile/Library/Caches/com.apple.VideoConference/logs/20260731-084752-0123717885-CallSettings.calldump.gz, Added (1558 bytes)
/private/var/mobile/Library/Caches/com.apple.VideoConference/logs/20260731-084227-0123717882-CallSettings.calldump.gz, Added (1570 bytes)
/private/var/mobile/Library/Caches/com.apple.VideoConference/logs/20260731-084205-0123717879-CallSettings.calldump.gz, Added (1565 bytes)
/private/var/mobile/Library/Caches/com.apple.VideoConference/logs/20260731-083905-0123717876-CallSettings.calldump.gz, Added (1572 bytes)
/private/var/mobile/Library/Caches/com.apple.VideoConference/logs/20260731-083843-0123717873-CallSettings.calldump.gz, Added (1563 bytes)
/private/var/mobile/Library/Caches/com.apple.VideoConference/logs/20260731-083618-0123717870-CallSettings.calldump.gz, Added (1568 bytes)
/private/var/mobile/Library/Caches/com.apple.VideoConference/logs/20260731-083556-0123717867-CallSettings.calldump.gz, Added (1568 bytes)
/private/var/mobile/Library/Caches/com.apple.VideoConference/logs/20260731-083413-0123717864-CallSettings.calldump.gz, Added (1573 bytes)
/private/var/mobile/Library/Caches/com.apple.VideoConference/logs/20260731-083142-0123717861-CallSettings.calldump.gz, Added (1577 bytes)
/private/var/mobile/Library/Caches/com.apple.VideoConference/logs/20260730-165650-0123717850-CallSettings.calldump.gz, Added (1564 bytes)
/private/var/mobile/Library/Caches/com.apple.VideoConference/logs/20260730-152930-0123717844-CallSettings.calldump.gz, Added (1551 bytes)
/private/var/mobile/Library/Caches/com.apple.VideoConference/logs/20260730-151821-0123717833-CallSettings.calldump.gz, Added (1565 bytes)
/private/var/mobile/Library/Caches/com.apple.VideoConference/logs/20260730-143813-0123717827-CallSettings.calldump.gz, Added (1547 bytes)
/private/var/mobile/Library/Caches/com.apple.VideoConference/logs/20260730-143604-0123717821-CallSettings.calldump.gz, Added (1556 bytes)
/private/var/mobile/Library/Caches/com.apple.VideoConference/logs/20260730-132635-0123717815-CallSettings.calldump.gz, Added (1559 bytes)
/private/var/mobile/Library/Caches/com.apple.VideoConference/logs/20260729-160848-1327782064-CallSettings.calldump.gz, Added (1565 bytes)
/private/var/mobile/Library/Caches/com.apple.VideoConference/logs/20260728-115922-1843846067-CallSettings.calldump.gz, Added (1565 bytes)
/private/var/mobile/Library/Caches/com.apple.VideoConference/logs/20260727-155415-1843846061-CallSettings.calldump.gz, Added (1555 bytes)
/private/var/mobile/Library/Caches/com.apple.VideoConference/logs/20260727-154557-1843846055-CallSettings.calldump.gz, Added (1548 bytes)
/private/var/mobile/Library/Caches/com.apple.VideoConference/logs/20260726-224254-1843846047-CallSettings.calldump.gz, Added (1553 bytes)

** DONE Enforcing size limit **
