
APPLYING DEFAULT FILTERS:
/private/var/mobile/Library/Logs/CrashReporter/DiagnosticLogs/sysdiagnose/IN_PROGRESS_sysdiagnose_2026.08.08_02-56-35+0300_iPhone-OS_iPhone_24A5390f.tmp/FileProvider_sysdiagnose_temp.3Dq8a7/FileProvider/fileproviderctl_check.log, Added to Candidate logs
/private/var/mobile/Library/Logs/CrashReporter/DiagnosticLogs/sysdiagnose/IN_PROGRESS_sysdiagnose_2026.08.08_02-56-35+0300_iPhone-OS_iPhone_24A5390f.tmp/FileProvider_sysdiagnose_temp.3Dq8a7/FileProvider/com.skyjos.fileexplorer.fileprovider/N{35}r_1_dump.log, Added to Candidate logs
/private/var/mobile/Library/Logs/CrashReporter/DiagnosticLogs/sysdiagnose/IN_PROGRESS_sysdiagnose_2026.08.08_02-56-35+0300_iPhone-OS_iPhone_24A5390f.tmp/FileProvider_sysdiagnose_temp.3Dq8a7/FileProvider/com.google.Drive.FileProviderExtension/N{35}r_2_dump.log, Added to Candidate logs
/private/var/mobile/Library/Logs/CrashReporter/DiagnosticLogs/sysdiagnose/IN_PROGRESS_sysdiagnose_2026.08.08_02-56-35+0300_iPhone-OS_iPhone_24A5390f.tmp/FileProvider_sysdiagnose_temp.3Dq8a7/FileProvider/com.apple.CloudDocs.iCloudDriveFileProvider/C{34}E_5_dump.log, Added to Candidate logs
/private/var/mobile/Library/Logs/CrashReporter/DiagnosticLogs/sysdiagnose/IN_PROGRESS_sysdiagnose_2026.08.08_02-56-35+0300_iPhone-OS_iPhone_24A5390f.tmp/FileProvider_sysdiagnose_temp.3Dq8a7/FileProvider/com.apple.FileProvider.LocalStorage/N{35}r_6_dump.log, Added to Candidate logs
/private/var/mobile/Library/Logs/CrashReporter/DiagnosticLogs/sysdiagnose/IN_PROGRESS_sysdiagnose_2026.08.08_02-56-35+0300_iPhone-OS_iPhone_24A5390f.tmp/FileProvider_sysdiagnose_temp.3Dq8a7/FileProvider/com.getdropbox.Dropbox.FileProvider/2{8}1_7_dump.log, Added to Candidate logs
/private/var/mobile/Library/Logs/CrashReporter/DiagnosticLogs/sysdiagnose/IN_PROGRESS_sysdiagnose_2026.08.08_02-56-35+0300_iPhone-OS_iPhone_24A5390f.tmp/FileProvider_sysdiagnose_temp.3Dq8a7/FileProvider/com.apple.mobileslideshow.PhotosFileProvider/p{10}r_8_dump.log, Added to Candidate logs
/private/var/mobile/Library/Logs/CrashReporter/DiagnosticLogs/sysdiagnose/IN_PROGRESS_sysdiagnose_2026.08.08_02-56-35+0300_iPhone-OS_iPhone_24A5390f.tmp/FileProvider_sysdiagnose_temp.3Dq8a7/FileProvider/com.apple.mobileslideshow.PhotosFileProvider/d{9}p_3_dump.log, Added to Candidate logs
/private/var/mobile/Library/Logs/CrashReporter/DiagnosticLogs/sysdiagnose/IN_PROGRESS_sysdiagnose_2026.08.08_02-56-35+0300_iPhone-OS_iPhone_24A5390f.tmp/FileProvider_sysdiagnose_temp.3Dq8a7/FileProvider/com.apple.mobileslideshow.PhotosFileProvider/a{17}g_0_dump.log, Added to Candidate logs
/private/var/mobile/Library/Logs/CrashReporter/DiagnosticLogs/sysdiagnose/IN_PROGRESS_sysdiagnose_2026.08.08_02-56-35+0300_iPhone-OS_iPhone_24A5390f.tmp/FileProvider_sysdiagnose_temp.3Dq8a7/FileProvider/com.apple.mobileslideshow.PhotosFileProvider/b{2}p_4_dump.log, Added to Candidate logs


ENFORCING SIZE LIMIT OF 5 MB ON FILTERED CANDIDATES:

/private/var/mobile/Library/Logs/CrashReporter/DiagnosticLogs/sysdiagnose/IN_PROGRESS_sysdiagnose_2026.08.08_02-56-35+0300_iPhone-OS_iPhone_24A5390f.tmp/FileProvider_sysdiagnose_temp.3Dq8a7/FileProvider/fileproviderctl_check.log, Added (3655 bytes)
/private/var/mobile/Library/Logs/CrashReporter/DiagnosticLogs/sysdiagnose/IN_PROGRESS_sysdiagnose_2026.08.08_02-56-35+0300_iPhone-OS_iPhone_24A5390f.tmp/FileProvider_sysdiagnose_temp.3Dq8a7/FileProvider/com.apple.mobileslideshow.PhotosFileProvider/p{10}r_8_dump.log, Added (5103 bytes)
/private/var/mobile/Library/Logs/CrashReporter/DiagnosticLogs/sysdiagnose/IN_PROGRESS_sysdiagnose_2026.08.08_02-56-35+0300_iPhone-OS_iPhone_24A5390f.tmp/FileProvider_sysdiagnose_temp.3Dq8a7/FileProvider/com.getdropbox.Dropbox.FileProvider/2{8}1_7_dump.log, Added (64405 bytes)
/private/var/mobile/Library/Logs/CrashReporter/DiagnosticLogs/sysdiagnose/IN_PROGRESS_sysdiagnose_2026.08.08_02-56-35+0300_iPhone-OS_iPhone_24A5390f.tmp/FileProvider_sysdiagnose_temp.3Dq8a7/FileProvider/com.apple.FileProvider.LocalStorage/N{35}r_6_dump.log, Added (2455 bytes)
/private/var/mobile/Library/Logs/CrashReporter/DiagnosticLogs/sysdiagnose/IN_PROGRESS_sysdiagnose_2026.08.08_02-56-35+0300_iPhone-OS_iPhone_24A5390f.tmp/FileProvider_sysdiagnose_temp.3Dq8a7/FileProvider/com.apple.CloudDocs.iCloudDriveFileProvider/C{34}E_5_dump.log, Added (1819404 bytes)
/private/var/mobile/Library/Logs/CrashReporter/DiagnosticLogs/sysdiagnose/IN_PROGRESS_sysdiagnose_2026.08.08_02-56-35+0300_iPhone-OS_iPhone_24A5390f.tmp/FileProvider_sysdiagnose_temp.3Dq8a7/FileProvider/com.apple.mobileslideshow.PhotosFileProvider/b{2}p_4_dump.log, Added (5097 bytes)
/private/var/mobile/Library/Logs/CrashReporter/DiagnosticLogs/sysdiagnose/IN_PROGRESS_sysdiagnose_2026.08.08_02-56-35+0300_iPhone-OS_iPhone_24A5390f.tmp/FileProvider_sysdiagnose_temp.3Dq8a7/FileProvider/com.apple.mobileslideshow.PhotosFileProvider/d{9}p_3_dump.log, Added (5097 bytes)
/private/var/mobile/Library/Logs/CrashReporter/DiagnosticLogs/sysdiagnose/IN_PROGRESS_sysdiagnose_2026.08.08_02-56-35+0300_iPhone-OS_iPhone_24A5390f.tmp/FileProvider_sysdiagnose_temp.3Dq8a7/FileProvider/com.google.Drive.FileProviderExtension/N{35}r_2_dump.log, Added (4849 bytes)
/private/var/mobile/Library/Logs/CrashReporter/DiagnosticLogs/sysdiagnose/IN_PROGRESS_sysdiagnose_2026.08.08_02-56-35+0300_iPhone-OS_iPhone_24A5390f.tmp/FileProvider_sysdiagnose_temp.3Dq8a7/FileProvider/com.skyjos.fileexplorer.fileprovider/N{35}r_1_dump.log, Added (4867 bytes)
/private/var/mobile/Library/Logs/CrashReporter/DiagnosticLogs/sysdiagnose/IN_PROGRESS_sysdiagnose_2026.08.08_02-56-35+0300_iPhone-OS_iPhone_24A5390f.tmp/FileProvider_sysdiagnose_temp.3Dq8a7/FileProvider/com.apple.mobileslideshow.PhotosFileProvider/a{17}g_0_dump.log, Added (5101 bytes)

** DONE Enforcing size limit **
