
APPLYING DEFAULT FILTERS:
/private/var/mobile/Library/Logs/CrashReporter/DiagnosticLogs/sysdiagnose/IN_PROGRESS_sysdiagnose_2026.08.08_02-56-35+0300_iPhone-OS_iPhone_24A5390f.tmp/ManagedSettings_sysdiagnose_temp.5D00Rq/ManagedSettings/User/DataVersion.plist, Added to Candidate logs
/private/var/mobile/Library/Logs/CrashReporter/DiagnosticLogs/sysdiagnose/IN_PROGRESS_sysdiagnose_2026.08.08_02-56-35+0300_iPhone-OS_iPhone_24A5390f.tmp/ManagedSettings_sysdiagnose_temp.5D00Rq/ManagedSettings/User/SettingRecords.plist, Added to Candidate logs
/private/var/mobile/Library/Logs/CrashReporter/DiagnosticLogs/sysdiagnose/IN_PROGRESS_sysdiagnose_2026.08.08_02-56-35+0300_iPhone-OS_iPhone_24A5390f.tmp/ManagedSettings_sysdiagnose_temp.5D00Rq/ManagedSettings/User/EffectiveSettings.plist, Added to Candidate logs
/private/var/mobile/Library/Logs/CrashReporter/DiagnosticLogs/sysdiagnose/IN_PROGRESS_sysdiagnose_2026.08.08_02-56-35+0300_iPhone-OS_iPhone_24A5390f.tmp/ManagedSettings_sysdiagnose_temp.5D00Rq/ManagedSettings/System/DataVersion.plist, Added to Candidate logs
/private/var/mobile/Library/Logs/CrashReporter/DiagnosticLogs/sysdiagnose/IN_PROGRESS_sysdiagnose_2026.08.08_02-56-35+0300_iPhone-OS_iPhone_24A5390f.tmp/ManagedSettings_sysdiagnose_temp.5D00Rq/ManagedSettings/System/SettingRecords.plist, Added to Candidate logs
/private/var/mobile/Library/Logs/CrashReporter/DiagnosticLogs/sysdiagnose/IN_PROGRESS_sysdiagnose_2026.08.08_02-56-35+0300_iPhone-OS_iPhone_24A5390f.tmp/ManagedSettings_sysdiagnose_temp.5D00Rq/ManagedSettings/User/com.apple.UserSafety/clientEffectiveSettings.plist, Added to Candidate logs
/private/var/mobile/Library/Logs/CrashReporter/DiagnosticLogs/sysdiagnose/IN_PROGRESS_sysdiagnose_2026.08.08_02-56-35+0300_iPhone-OS_iPhone_24A5390f.tmp/ManagedSettings_sysdiagnose_temp.5D00Rq/ManagedSettings/User/com.apple.UserSafety/6A10DC26-F75E-4DBE-9830-BE80E0F4FF58.tokenized.plist, Added to Candidate logs
/private/var/mobile/Library/Logs/CrashReporter/DiagnosticLogs/sysdiagnose/IN_PROGRESS_sysdiagnose_2026.08.08_02-56-35+0300_iPhone-OS_iPhone_24A5390f.tmp/ManagedSettings_sysdiagnose_temp.5D00Rq/ManagedSettings/User/com.apple.UserSafety/6A10DC26-F75E-4DBE-9830-BE80E0F4FF58.plist, Added to Candidate logs
/private/var/mobile/Library/Logs/CrashReporter/DiagnosticLogs/sysdiagnose/IN_PROGRESS_sysdiagnose_2026.08.08_02-56-35+0300_iPhone-OS_iPhone_24A5390f.tmp/ManagedSettings_sysdiagnose_temp.5D00Rq/ManagedSettings/User/com.apple.ScreenTimeSettings.TimeAllowances/C5B4B0C4-EA75-4E6B-8C35-D7793613A9D7.plist, Added to Candidate logs
/private/var/mobile/Library/Logs/CrashReporter/DiagnosticLogs/sysdiagnose/IN_PROGRESS_sysdiagnose_2026.08.08_02-56-35+0300_iPhone-OS_iPhone_24A5390f.tmp/ManagedSettings_sysdiagnose_temp.5D00Rq/ManagedSettings/User/com.apple.ScreenTimeSettings.TimeAllowances/023CA4A1-34D3-45A9-950E-E5AA1B924970.tokenized.plist, Added to Candidate logs
/private/var/mobile/Library/Logs/CrashReporter/DiagnosticLogs/sysdiagnose/IN_PROGRESS_sysdiagnose_2026.08.08_02-56-35+0300_iPhone-OS_iPhone_24A5390f.tmp/ManagedSettings_sysdiagnose_temp.5D00Rq/ManagedSettings/User/com.apple.ScreenTimeSettings.TimeAllowances/0CF1D7E0-A9FF-452C-A01B-7D41F30EBDDE.plist, Added to Candidate logs
/private/var/mobile/Library/Logs/CrashReporter/DiagnosticLogs/sysdiagnose/IN_PROGRESS_sysdiagnose_2026.08.08_02-56-35+0300_iPhone-OS_iPhone_24A5390f.tmp/ManagedSettings_sysdiagnose_temp.5D00Rq/ManagedSettings/User/com.apple.ScreenTimeSettings.TimeAllowances/C5B4B0C4-EA75-4E6B-8C35-D7793613A9D7.tokenized.plist, Added to Candidate logs
/private/var/mobile/Library/Logs/CrashReporter/DiagnosticLogs/sysdiagnose/IN_PROGRESS_sysdiagnose_2026.08.08_02-56-35+0300_iPhone-OS_iPhone_24A5390f.tmp/ManagedSettings_sysdiagnose_temp.5D00Rq/ManagedSettings/User/com.apple.ScreenTimeSettings.TimeAllowances/023CA4A1-34D3-45A9-950E-E5AA1B924970.plist, Added to Candidate logs
/private/var/mobile/Library/Logs/CrashReporter/DiagnosticLogs/sysdiagnose/IN_PROGRESS_sysdiagnose_2026.08.08_02-56-35+0300_iPhone-OS_iPhone_24A5390f.tmp/ManagedSettings_sysdiagnose_temp.5D00Rq/ManagedSettings/User/com.apple.ScreenTimeSettings.TimeAllowances/01B6B972-5E5F-4730-A7F8-39829AA43686.tokenized.plist, Added to Candidate logs
/private/var/mobile/Library/Logs/CrashReporter/DiagnosticLogs/sysdiagnose/IN_PROGRESS_sysdiagnose_2026.08.08_02-56-35+0300_iPhone-OS_iPhone_24A5390f.tmp/ManagedSettings_sysdiagnose_temp.5D00Rq/ManagedSettings/User/com.apple.ScreenTimeSettings.TimeAllowances/01B6B972-5E5F-4730-A7F8-39829AA43686.plist, Added to Candidate logs
/private/var/mobile/Library/Logs/CrashReporter/DiagnosticLogs/sysdiagnose/IN_PROGRESS_sysdiagnose_2026.08.08_02-56-35+0300_iPhone-OS_iPhone_24A5390f.tmp/ManagedSettings_sysdiagnose_temp.5D00Rq/ManagedSettings/User/com.apple.ScreenTimeSettings.TimeAllowances/0CF1D7E0-A9FF-452C-A01B-7D41F30EBDDE.tokenized.plist, Added to Candidate logs
/private/var/mobile/Library/Logs/CrashReporter/DiagnosticLogs/sysdiagnose/IN_PROGRESS_sysdiagnose_2026.08.08_02-56-35+0300_iPhone-OS_iPhone_24A5390f.tmp/ManagedSettings_sysdiagnose_temp.5D00Rq/ManagedSettings/User/com.apple.ScreenTimeSettings/clientEffectiveSettings.plist, Added to Candidate logs
/private/var/mobile/Library/Logs/CrashReporter/DiagnosticLogs/sysdiagnose/IN_PROGRESS_sysdiagnose_2026.08.08_02-56-35+0300_iPhone-OS_iPhone_24A5390f.tmp/ManagedSettings_sysdiagnose_temp.5D00Rq/ManagedSettings/User/com.apple.ScreenTimeSettings/2DF604BD-D05C-4F57-B6BF-FDE5EBC9BBEF.plist, Added to Candidate logs
/private/var/mobile/Library/Logs/CrashReporter/DiagnosticLogs/sysdiagnose/IN_PROGRESS_sysdiagnose_2026.08.08_02-56-35+0300_iPhone-OS_iPhone_24A5390f.tmp/ManagedSettings_sysdiagnose_temp.5D00Rq/ManagedSettings/User/com.apple.ScreenTimeSettings/12927E4D-E77F-4DFD-94EA-C2622D9C183A.plist, Added to Candidate logs
/private/var/mobile/Library/Logs/CrashReporter/DiagnosticLogs/sysdiagnose/IN_PROGRESS_sysdiagnose_2026.08.08_02-56-35+0300_iPhone-OS_iPhone_24A5390f.tmp/ManagedSettings_sysdiagnose_temp.5D00Rq/ManagedSettings/User/com.apple.ScreenTimeSettings/2DF604BD-D05C-4F57-B6BF-FDE5EBC9BBEF.tokenized.plist, Added to Candidate logs
/private/var/mobile/Library/Logs/CrashReporter/DiagnosticLogs/sysdiagnose/IN_PROGRESS_sysdiagnose_2026.08.08_02-56-35+0300_iPhone-OS_iPhone_24A5390f.tmp/ManagedSettings_sysdiagnose_temp.5D00Rq/ManagedSettings/User/com.apple.ScreenTimeSettings/12927E4D-E77F-4DFD-94EA-C2622D9C183A.tokenized.plist, Added to Candidate logs
/private/var/mobile/Library/Logs/CrashReporter/DiagnosticLogs/sysdiagnose/IN_PROGRESS_sysdiagnose_2026.08.08_02-56-35+0300_iPhone-OS_iPhone_24A5390f.tmp/ManagedSettings_sysdiagnose_temp.5D00Rq/ManagedSettings/User/com.apple.momentsd/clientEffectiveSettings.plist, Added to Candidate logs
/private/var/mobile/Library/Logs/CrashReporter/DiagnosticLogs/sysdiagnose/IN_PROGRESS_sysdiagnose_2026.08.08_02-56-35+0300_iPhone-OS_iPhone_24A5390f.tmp/ManagedSettings_sysdiagnose_temp.5D00Rq/ManagedSettings/User/com.apple.momentsd/AFF1C5F8-1EE6-4E8C-B31A-E5FCB48B336A.tokenized.plist, Added to Candidate logs
/private/var/mobile/Library/Logs/CrashReporter/DiagnosticLogs/sysdiagnose/IN_PROGRESS_sysdiagnose_2026.08.08_02-56-35+0300_iPhone-OS_iPhone_24A5390f.tmp/ManagedSettings_sysdiagnose_temp.5D00Rq/ManagedSettings/User/com.apple.momentsd/AFF1C5F8-1EE6-4E8C-B31A-E5FCB48B336A.plist, Added to Candidate logs
/private/var/mobile/Library/Logs/CrashReporter/DiagnosticLogs/sysdiagnose/IN_PROGRESS_sysdiagnose_2026.08.08_02-56-35+0300_iPhone-OS_iPhone_24A5390f.tmp/ManagedSettings_sysdiagnose_temp.5D00Rq/ManagedSettings/User/FamilyControlsAgent/clientEffectiveSettings.plist, Added to Candidate logs
/private/var/mobile/Library/Logs/CrashReporter/DiagnosticLogs/sysdiagnose/IN_PROGRESS_sysdiagnose_2026.08.08_02-56-35+0300_iPhone-OS_iPhone_24A5390f.tmp/ManagedSettings_sysdiagnose_temp.5D00Rq/ManagedSettings/User/FamilyControlsAgent/14F50908-6C6E-4D2F-99C7-E3298D3216B2.tokenized.plist, Added to Candidate logs
/private/var/mobile/Library/Logs/CrashReporter/DiagnosticLogs/sysdiagnose/IN_PROGRESS_sysdiagnose_2026.08.08_02-56-35+0300_iPhone-OS_iPhone_24A5390f.tmp/ManagedSettings_sysdiagnose_temp.5D00Rq/ManagedSettings/User/FamilyControlsAgent/14F50908-6C6E-4D2F-99C7-E3298D3216B2.plist, Added to Candidate logs
/private/var/mobile/Library/Logs/CrashReporter/DiagnosticLogs/sysdiagnose/IN_PROGRESS_sysdiagnose_2026.08.08_02-56-35+0300_iPhone-OS_iPhone_24A5390f.tmp/ManagedSettings_sysdiagnose_temp.5D00Rq/ManagedSettings/User/com.apple.Preferences/531918D2-F6EB-4D04-B2CA-B1F8E9101457.tokenized.plist, Added to Candidate logs
/private/var/mobile/Library/Logs/CrashReporter/DiagnosticLogs/sysdiagnose/IN_PROGRESS_sysdiagnose_2026.08.08_02-56-35+0300_iPhone-OS_iPhone_24A5390f.tmp/ManagedSettings_sysdiagnose_temp.5D00Rq/ManagedSettings/User/com.apple.Preferences/531918D2-F6EB-4D04-B2CA-B1F8E9101457.plist, Added to Candidate logs


ENFORCING SIZE LIMIT OF 5 MB ON FILTERED CANDIDATES:

/private/var/mobile/Library/Logs/CrashReporter/DiagnosticLogs/sysdiagnose/IN_PROGRESS_sysdiagnose_2026.08.08_02-56-35+0300_iPhone-OS_iPhone_24A5390f.tmp/ManagedSettings_sysdiagnose_temp.5D00Rq/ManagedSettings/System/DataVersion.plist, Added (56 bytes)
/private/var/mobile/Library/Logs/CrashReporter/DiagnosticLogs/sysdiagnose/IN_PROGRESS_sysdiagnose_2026.08.08_02-56-35+0300_iPhone-OS_iPhone_24A5390f.tmp/ManagedSettings_sysdiagnose_temp.5D00Rq/ManagedSettings/System/SettingRecords.plist, Added (42 bytes)
/private/var/mobile/Library/Logs/CrashReporter/DiagnosticLogs/sysdiagnose/IN_PROGRESS_sysdiagnose_2026.08.08_02-56-35+0300_iPhone-OS_iPhone_24A5390f.tmp/ManagedSettings_sysdiagnose_temp.5D00Rq/ManagedSettings/User/com.apple.ScreenTimeSettings/2DF604BD-D05C-4F57-B6BF-FDE5EBC9BBEF.tokenized.plist, Added (417 bytes)
/private/var/mobile/Library/Logs/CrashReporter/DiagnosticLogs/sysdiagnose/IN_PROGRESS_sysdiagnose_2026.08.08_02-56-35+0300_iPhone-OS_iPhone_24A5390f.tmp/ManagedSettings_sysdiagnose_temp.5D00Rq/ManagedSettings/User/com.apple.ScreenTimeSettings/2DF604BD-D05C-4F57-B6BF-FDE5EBC9BBEF.plist, Added (417 bytes)
/private/var/mobile/Library/Logs/CrashReporter/DiagnosticLogs/sysdiagnose/IN_PROGRESS_sysdiagnose_2026.08.08_02-56-35+0300_iPhone-OS_iPhone_24A5390f.tmp/ManagedSettings_sysdiagnose_temp.5D00Rq/ManagedSettings/User/com.apple.ScreenTimeSettings/12927E4D-E77F-4DFD-94EA-C2622D9C183A.tokenized.plist, Added (484 bytes)
/private/var/mobile/Library/Logs/CrashReporter/DiagnosticLogs/sysdiagnose/IN_PROGRESS_sysdiagnose_2026.08.08_02-56-35+0300_iPhone-OS_iPhone_24A5390f.tmp/ManagedSettings_sysdiagnose_temp.5D00Rq/ManagedSettings/User/com.apple.ScreenTimeSettings/12927E4D-E77F-4DFD-94EA-C2622D9C183A.plist, Added (484 bytes)
/private/var/mobile/Library/Logs/CrashReporter/DiagnosticLogs/sysdiagnose/IN_PROGRESS_sysdiagnose_2026.08.08_02-56-35+0300_iPhone-OS_iPhone_24A5390f.tmp/ManagedSettings_sysdiagnose_temp.5D00Rq/ManagedSettings/User/com.apple.ScreenTimeSettings/clientEffectiveSettings.plist, Added (677 bytes)
/private/var/mobile/Library/Logs/CrashReporter/DiagnosticLogs/sysdiagnose/IN_PROGRESS_sysdiagnose_2026.08.08_02-56-35+0300_iPhone-OS_iPhone_24A5390f.tmp/ManagedSettings_sysdiagnose_temp.5D00Rq/ManagedSettings/User/com.apple.momentsd/AFF1C5F8-1EE6-4E8C-B31A-E5FCB48B336A.tokenized.plist, Added (221 bytes)
/private/var/mobile/Library/Logs/CrashReporter/DiagnosticLogs/sysdiagnose/IN_PROGRESS_sysdiagnose_2026.08.08_02-56-35+0300_iPhone-OS_iPhone_24A5390f.tmp/ManagedSettings_sysdiagnose_temp.5D00Rq/ManagedSettings/User/com.apple.momentsd/AFF1C5F8-1EE6-4E8C-B31A-E5FCB48B336A.plist, Added (221 bytes)
/private/var/mobile/Library/Logs/CrashReporter/DiagnosticLogs/sysdiagnose/IN_PROGRESS_sysdiagnose_2026.08.08_02-56-35+0300_iPhone-OS_iPhone_24A5390f.tmp/ManagedSettings_sysdiagnose_temp.5D00Rq/ManagedSettings/User/com.apple.momentsd/clientEffectiveSettings.plist, Added (140 bytes)
/private/var/mobile/Library/Logs/CrashReporter/DiagnosticLogs/sysdiagnose/IN_PROGRESS_sysdiagnose_2026.08.08_02-56-35+0300_iPhone-OS_iPhone_24A5390f.tmp/ManagedSettings_sysdiagnose_temp.5D00Rq/ManagedSettings/User/com.apple.ScreenTimeSettings.TimeAllowances/0CF1D7E0-A9FF-452C-A01B-7D41F30EBDDE.tokenized.plist, Added (462 bytes)
/private/var/mobile/Library/Logs/CrashReporter/DiagnosticLogs/sysdiagnose/IN_PROGRESS_sysdiagnose_2026.08.08_02-56-35+0300_iPhone-OS_iPhone_24A5390f.tmp/ManagedSettings_sysdiagnose_temp.5D00Rq/ManagedSettings/User/com.apple.ScreenTimeSettings.TimeAllowances/0CF1D7E0-A9FF-452C-A01B-7D41F30EBDDE.plist, Added (462 bytes)
/private/var/mobile/Library/Logs/CrashReporter/DiagnosticLogs/sysdiagnose/IN_PROGRESS_sysdiagnose_2026.08.08_02-56-35+0300_iPhone-OS_iPhone_24A5390f.tmp/ManagedSettings_sysdiagnose_temp.5D00Rq/ManagedSettings/User/com.apple.ScreenTimeSettings.TimeAllowances/023CA4A1-34D3-45A9-950E-E5AA1B924970.tokenized.plist, Added (473 bytes)
/private/var/mobile/Library/Logs/CrashReporter/DiagnosticLogs/sysdiagnose/IN_PROGRESS_sysdiagnose_2026.08.08_02-56-35+0300_iPhone-OS_iPhone_24A5390f.tmp/ManagedSettings_sysdiagnose_temp.5D00Rq/ManagedSettings/User/com.apple.ScreenTimeSettings.TimeAllowances/023CA4A1-34D3-45A9-950E-E5AA1B924970.plist, Added (473 bytes)
/private/var/mobile/Library/Logs/CrashReporter/DiagnosticLogs/sysdiagnose/IN_PROGRESS_sysdiagnose_2026.08.08_02-56-35+0300_iPhone-OS_iPhone_24A5390f.tmp/ManagedSettings_sysdiagnose_temp.5D00Rq/ManagedSettings/User/com.apple.ScreenTimeSettings.TimeAllowances/01B6B972-5E5F-4730-A7F8-39829AA43686.tokenized.plist, Added (463 bytes)
/private/var/mobile/Library/Logs/CrashReporter/DiagnosticLogs/sysdiagnose/IN_PROGRESS_sysdiagnose_2026.08.08_02-56-35+0300_iPhone-OS_iPhone_24A5390f.tmp/ManagedSettings_sysdiagnose_temp.5D00Rq/ManagedSettings/User/com.apple.ScreenTimeSettings.TimeAllowances/01B6B972-5E5F-4730-A7F8-39829AA43686.plist, Added (463 bytes)
/private/var/mobile/Library/Logs/CrashReporter/DiagnosticLogs/sysdiagnose/IN_PROGRESS_sysdiagnose_2026.08.08_02-56-35+0300_iPhone-OS_iPhone_24A5390f.tmp/ManagedSettings_sysdiagnose_temp.5D00Rq/ManagedSettings/User/com.apple.ScreenTimeSettings.TimeAllowances/C5B4B0C4-EA75-4E6B-8C35-D7793613A9D7.tokenized.plist, Added (913 bytes)
/private/var/mobile/Library/Logs/CrashReporter/DiagnosticLogs/sysdiagnose/IN_PROGRESS_sysdiagnose_2026.08.08_02-56-35+0300_iPhone-OS_iPhone_24A5390f.tmp/ManagedSettings_sysdiagnose_temp.5D00Rq/ManagedSettings/User/com.apple.ScreenTimeSettings.TimeAllowances/C5B4B0C4-EA75-4E6B-8C35-D7793613A9D7.plist, Added (913 bytes)
/private/var/mobile/Library/Logs/CrashReporter/DiagnosticLogs/sysdiagnose/IN_PROGRESS_sysdiagnose_2026.08.08_02-56-35+0300_iPhone-OS_iPhone_24A5390f.tmp/ManagedSettings_sysdiagnose_temp.5D00Rq/ManagedSettings/User/com.apple.Preferences/531918D2-F6EB-4D04-B2CA-B1F8E9101457.tokenized.plist, Added (293 bytes)
/private/var/mobile/Library/Logs/CrashReporter/DiagnosticLogs/sysdiagnose/IN_PROGRESS_sysdiagnose_2026.08.08_02-56-35+0300_iPhone-OS_iPhone_24A5390f.tmp/ManagedSettings_sysdiagnose_temp.5D00Rq/ManagedSettings/User/com.apple.Preferences/531918D2-F6EB-4D04-B2CA-B1F8E9101457.plist, Added (293 bytes)
/private/var/mobile/Library/Logs/CrashReporter/DiagnosticLogs/sysdiagnose/IN_PROGRESS_sysdiagnose_2026.08.08_02-56-35+0300_iPhone-OS_iPhone_24A5390f.tmp/ManagedSettings_sysdiagnose_temp.5D00Rq/ManagedSettings/User/com.apple.UserSafety/6A10DC26-F75E-4DBE-9830-BE80E0F4FF58.tokenized.plist, Added (264 bytes)
/private/var/mobile/Library/Logs/CrashReporter/DiagnosticLogs/sysdiagnose/IN_PROGRESS_sysdiagnose_2026.08.08_02-56-35+0300_iPhone-OS_iPhone_24A5390f.tmp/ManagedSettings_sysdiagnose_temp.5D00Rq/ManagedSettings/User/com.apple.UserSafety/6A10DC26-F75E-4DBE-9830-BE80E0F4FF58.plist, Added (264 bytes)
/private/var/mobile/Library/Logs/CrashReporter/DiagnosticLogs/sysdiagnose/IN_PROGRESS_sysdiagnose_2026.08.08_02-56-35+0300_iPhone-OS_iPhone_24A5390f.tmp/ManagedSettings_sysdiagnose_temp.5D00Rq/ManagedSettings/User/com.apple.UserSafety/clientEffectiveSettings.plist, Added (194 bytes)
/private/var/mobile/Library/Logs/CrashReporter/DiagnosticLogs/sysdiagnose/IN_PROGRESS_sysdiagnose_2026.08.08_02-56-35+0300_iPhone-OS_iPhone_24A5390f.tmp/ManagedSettings_sysdiagnose_temp.5D00Rq/ManagedSettings/User/FamilyControlsAgent/14F50908-6C6E-4D2F-99C7-E3298D3216B2.tokenized.plist, Added (209 bytes)
/private/var/mobile/Library/Logs/CrashReporter/DiagnosticLogs/sysdiagnose/IN_PROGRESS_sysdiagnose_2026.08.08_02-56-35+0300_iPhone-OS_iPhone_24A5390f.tmp/ManagedSettings_sysdiagnose_temp.5D00Rq/ManagedSettings/User/FamilyControlsAgent/14F50908-6C6E-4D2F-99C7-E3298D3216B2.plist, Added (209 bytes)
/private/var/mobile/Library/Logs/CrashReporter/DiagnosticLogs/sysdiagnose/IN_PROGRESS_sysdiagnose_2026.08.08_02-56-35+0300_iPhone-OS_iPhone_24A5390f.tmp/ManagedSettings_sysdiagnose_temp.5D00Rq/ManagedSettings/User/FamilyControlsAgent/clientEffectiveSettings.plist, Added (142 bytes)
/private/var/mobile/Library/Logs/CrashReporter/DiagnosticLogs/sysdiagnose/IN_PROGRESS_sysdiagnose_2026.08.08_02-56-35+0300_iPhone-OS_iPhone_24A5390f.tmp/ManagedSettings_sysdiagnose_temp.5D00Rq/ManagedSettings/User/DataVersion.plist, Added (56 bytes)
/private/var/mobile/Library/Logs/CrashReporter/DiagnosticLogs/sysdiagnose/IN_PROGRESS_sysdiagnose_2026.08.08_02-56-35+0300_iPhone-OS_iPhone_24A5390f.tmp/ManagedSettings_sysdiagnose_temp.5D00Rq/ManagedSettings/User/SettingRecords.plist, Added (2143 bytes)
/private/var/mobile/Library/Logs/CrashReporter/DiagnosticLogs/sysdiagnose/IN_PROGRESS_sysdiagnose_2026.08.08_02-56-35+0300_iPhone-OS_iPhone_24A5390f.tmp/ManagedSettings_sysdiagnose_temp.5D00Rq/ManagedSettings/User/EffectiveSettings.plist, Added (923 bytes)

** DONE Enforcing size limit **
