
APPLYING DEFAULT FILTERS:
/private/var/mobile/Library/Logs/mobileactivationd/ucrt_oob_request.txt, File not found
/private/var/mobile/Library/Logs/mobileactivationd/ucrt_oob_response.txt, File not found
/private/var/mobile/Library/Logs/mobileactivationd/collection_oob_request.txt, File not found
/private/var/mobile/Library/Logs/mobileactivationd/collection_oob_response.txt, File not found

APPLYING DEFAULT FILTERS:
/private/var/mobile/Library/Logs/mobileactivationd/mobileactivationd.log.0, Added to Candidate logs
/private/var/mobile/Library/Logs/mobileactivationd/mobileactivationd.log.1, Added to Candidate logs
/private/var/mobile/Library/Logs/mobileactivationd/mobileactivationd.log.2, Added to Candidate logs

APPLYING DEFAULT FILTERS:
/private/var/mobile/Library/Logs/mobileactivationd/lskdd_sdcrt_baa_request.txt, Added to Candidate logs
/private/var/mobile/Library/Logs/mobileactivationd/akd_dcrt_baa_request.txt, Added to Candidate logs
/private/var/mobile/Library/Logs/mobileactivationd/mobileactivationd_sdcrt_baa_request.txt, Added to Candidate logs

APPLYING DEFAULT FILTERS:
/private/var/mobile/Library/Logs/mobileactivationd/lskdd_sdcrt_baa_response.txt, Added to Candidate logs
/private/var/mobile/Library/Logs/mobileactivationd/mobileactivationd_sdcrt_baa_response.txt, Added to Candidate logs
/private/var/mobile/Library/Logs/mobileactivationd/akd_dcrt_baa_response.txt, Added to Candidate logs

APPLYING DEFAULT FILTERS:
SDUnitLogGlob with glob '/private/var/mobile/Library/Logs/mobileactivationd/*baa_su_request.txt': found no matches

APPLYING DEFAULT FILTERS:
SDUnitLogGlob with glob '/private/var/mobile/Library/Logs/mobileactivationd/*baa_su_response.txt': found no matches


ENFORCING SIZE LIMIT OF 5 MB ON FILTERED CANDIDATES:

/private/var/mobile/Library/Logs/mobileactivationd/mobileactivationd.log.0, Added (38385 bytes)
/private/var/mobile/Library/Logs/mobileactivationd/mobileactivationd.log.1, Added (65672 bytes)
/private/var/mobile/Library/Logs/mobileactivationd/mobileactivationd.log.2, Added (65617 bytes)
/private/var/mobile/Library/Logs/mobileactivationd/lskdd_sdcrt_baa_request.txt, Added (71126 bytes)
/private/var/mobile/Library/Logs/mobileactivationd/mobileactivationd_sdcrt_baa_request.txt, Added (71134 bytes)
/private/var/mobile/Library/Logs/mobileactivationd/akd_dcrt_baa_request.txt, Added (71123 bytes)
/private/var/mobile/Library/Logs/mobileactivationd/lskdd_sdcrt_baa_response.txt, Added (2930 bytes)
/private/var/mobile/Library/Logs/mobileactivationd/mobileactivationd_sdcrt_baa_response.txt, Added (110 bytes)
/private/var/mobile/Library/Logs/mobileactivationd/akd_dcrt_baa_response.txt, Added (2922 bytes)

** DONE Enforcing size limit **
