
APPLYING DEFAULT FILTERS:
/private/var/mobile/Library/Logs/CrashReporter/DiagnosticLogs/sysdiagnose/IN_PROGRESS_sysdiagnose_2026.08.08_02-56-35+0300_iPhone-OS_iPhone_24A5390f.tmp/Preferences_sysdiagnose_temp.TMJ3Ll/Preferences/Keyboard_Preferences.txt, Added to Candidate logs


ENFORCING SIZE LIMIT OF 5 MB ON FILTERED CANDIDATES:

/private/var/mobile/Library/Logs/CrashReporter/DiagnosticLogs/sysdiagnose/IN_PROGRESS_sysdiagnose_2026.08.08_02-56-35+0300_iPhone-OS_iPhone_24A5390f.tmp/Preferences_sysdiagnose_temp.TMJ3Ll/Preferences/Keyboard_Preferences.txt, Added (1026 bytes)

** DONE Enforcing size limit **

APPLYING DEFAULT FILTERS:
/private/var/mobile/Library/Logs/CrashReporter/DiagnosticLogs/sysdiagnose/IN_PROGRESS_sysdiagnose_2026.08.08_02-56-35+0300_iPhone-OS_iPhone_24A5390f.tmp/Preferences_sysdiagnose_temp.KLyD7S/Preferences/Accessibility_Preferences.txt, Added to Candidate logs


ENFORCING SIZE LIMIT OF 5 MB ON FILTERED CANDIDATES:

/private/var/mobile/Library/Logs/CrashReporter/DiagnosticLogs/sysdiagnose/IN_PROGRESS_sysdiagnose_2026.08.08_02-56-35+0300_iPhone-OS_iPhone_24A5390f.tmp/Preferences_sysdiagnose_temp.KLyD7S/Preferences/Accessibility_Preferences.txt, Added (180 bytes)

** DONE Enforcing size limit **

APPLYING DEFAULT FILTERS:
/private/var/mobile/Library/Logs/CrashReporter/DiagnosticLogs/sysdiagnose/IN_PROGRESS_sysdiagnose_2026.08.08_02-56-35+0300_iPhone-OS_iPhone_24A5390f.tmp/Preferences_sysdiagnose_temp.QVu7su/Preferences/AppleLanguages_CurrentUser.txt, Added to Candidate logs
/private/var/mobile/Library/Logs/CrashReporter/DiagnosticLogs/sysdiagnose/IN_PROGRESS_sysdiagnose_2026.08.08_02-56-35+0300_iPhone-OS_iPhone_24A5390f.tmp/Preferences_sysdiagnose_temp.QVu7su/Preferences/com.apple.MobileAsset_Global.txt, Added to Candidate logs
/private/var/mobile/Library/Logs/CrashReporter/DiagnosticLogs/sysdiagnose/IN_PROGRESS_sysdiagnose_2026.08.08_02-56-35+0300_iPhone-OS_iPhone_24A5390f.tmp/Preferences_sysdiagnose_temp.QVu7su/Preferences/AppleLocale_Global.txt, Added to Candidate logs
/private/var/mobile/Library/Logs/CrashReporter/DiagnosticLogs/sysdiagnose/IN_PROGRESS_sysdiagnose_2026.08.08_02-56-35+0300_iPhone-OS_iPhone_24A5390f.tmp/Preferences_sysdiagnose_temp.QVu7su/Preferences/com.apple.coreaudio_CurrentUser.txt, Added to Candidate logs
/private/var/mobile/Library/Logs/CrashReporter/DiagnosticLogs/sysdiagnose/IN_PROGRESS_sysdiagnose_2026.08.08_02-56-35+0300_iPhone-OS_iPhone_24A5390f.tmp/Preferences_sysdiagnose_temp.QVu7su/Preferences/com.apple.parsecd_CurrentUser.txt, Added to Candidate logs
/private/var/mobile/Library/Logs/CrashReporter/DiagnosticLogs/sysdiagnose/IN_PROGRESS_sysdiagnose_2026.08.08_02-56-35+0300_iPhone-OS_iPhone_24A5390f.tmp/Preferences_sysdiagnose_temp.QVu7su/Preferences/com.apple.OmniSearch_CurrentUser.txt, Added to Candidate logs
/private/var/mobile/Library/Logs/CrashReporter/DiagnosticLogs/sysdiagnose/IN_PROGRESS_sysdiagnose_2026.08.08_02-56-35+0300_iPhone-OS_iPhone_24A5390f.tmp/Preferences_sysdiagnose_temp.QVu7su/Preferences/com.apple.avfoundation_CurrentUser.txt, Added to Candidate logs
/private/var/mobile/Library/Logs/CrashReporter/DiagnosticLogs/sysdiagnose/IN_PROGRESS_sysdiagnose_2026.08.08_02-56-35+0300_iPhone-OS_iPhone_24A5390f.tmp/Preferences_sysdiagnose_temp.QVu7su/Preferences/ScreenTimeEnabled_CurrentUser.txt, Added to Candidate logs
/private/var/mobile/Library/Logs/CrashReporter/DiagnosticLogs/sysdiagnose/IN_PROGRESS_sysdiagnose_2026.08.08_02-56-35+0300_iPhone-OS_iPhone_24A5390f.tmp/Preferences_sysdiagnose_temp.QVu7su/Preferences/CaptureSourceInfo_CurrentUser.txt, Added to Candidate logs
/private/var/mobile/Library/Logs/CrashReporter/DiagnosticLogs/sysdiagnose/IN_PROGRESS_sysdiagnose_2026.08.08_02-56-35+0300_iPhone-OS_iPhone_24A5390f.tmp/Preferences_sysdiagnose_temp.QVu7su/Preferences/AppleLocale_CurrentUser.txt, Added to Candidate logs
/private/var/mobile/Library/Logs/CrashReporter/DiagnosticLogs/sysdiagnose/IN_PROGRESS_sysdiagnose_2026.08.08_02-56-35+0300_iPhone-OS_iPhone_24A5390f.tmp/Preferences_sysdiagnose_temp.QVu7su/Preferences/com.apple.camera_CurrentUser.txt, Added to Candidate logs
/private/var/mobile/Library/Logs/CrashReporter/DiagnosticLogs/sysdiagnose/IN_PROGRESS_sysdiagnose_2026.08.08_02-56-35+0300_iPhone-OS_iPhone_24A5390f.tmp/Preferences_sysdiagnose_temp.QVu7su/Preferences/com.apple.coremedia_CurrentUser.txt, Added to Candidate logs
/private/var/mobile/Library/Logs/CrashReporter/DiagnosticLogs/sysdiagnose/IN_PROGRESS_sysdiagnose_2026.08.08_02-56-35+0300_iPhone-OS_iPhone_24A5390f.tmp/Preferences_sysdiagnose_temp.QVu7su/Preferences/subscribedAssets_CurrentUser.txt, Added to Candidate logs
/private/var/mobile/Library/Logs/CrashReporter/DiagnosticLogs/sysdiagnose/IN_PROGRESS_sysdiagnose_2026.08.08_02-56-35+0300_iPhone-OS_iPhone_24A5390f.tmp/Preferences_sysdiagnose_temp.QVu7su/Preferences/AppleLanguages_Global.txt, Added to Candidate logs
/private/var/mobile/Library/Logs/CrashReporter/DiagnosticLogs/sysdiagnose/IN_PROGRESS_sysdiagnose_2026.08.08_02-56-35+0300_iPhone-OS_iPhone_24A5390f.tmp/Preferences_sysdiagnose_temp.QVu7su/Preferences/UIPreferredContentSizeCategoryName_CurrentUser.txt, Added to Candidate logs

APPLYING DEFAULT FILTERS:
/private/var/log/CDIS.custom, File not found


ENFORCING SIZE LIMIT OF 5 MB ON FILTERED CANDIDATES:

/private/var/mobile/Library/Logs/CrashReporter/DiagnosticLogs/sysdiagnose/IN_PROGRESS_sysdiagnose_2026.08.08_02-56-35+0300_iPhone-OS_iPhone_24A5390f.tmp/Preferences_sysdiagnose_temp.QVu7su/Preferences/com.apple.coreaudio_CurrentUser.txt, Added (2546 bytes)
/private/var/mobile/Library/Logs/CrashReporter/DiagnosticLogs/sysdiagnose/IN_PROGRESS_sysdiagnose_2026.08.08_02-56-35+0300_iPhone-OS_iPhone_24A5390f.tmp/Preferences_sysdiagnose_temp.QVu7su/Preferences/com.apple.camera_CurrentUser.txt, Added (4241 bytes)
/private/var/mobile/Library/Logs/CrashReporter/DiagnosticLogs/sysdiagnose/IN_PROGRESS_sysdiagnose_2026.08.08_02-56-35+0300_iPhone-OS_iPhone_24A5390f.tmp/Preferences_sysdiagnose_temp.QVu7su/Preferences/com.apple.avfoundation_CurrentUser.txt, Added (4 bytes)
/private/var/mobile/Library/Logs/CrashReporter/DiagnosticLogs/sysdiagnose/IN_PROGRESS_sysdiagnose_2026.08.08_02-56-35+0300_iPhone-OS_iPhone_24A5390f.tmp/Preferences_sysdiagnose_temp.QVu7su/Preferences/com.apple.coremedia_CurrentUser.txt, Added (4 bytes)
/private/var/mobile/Library/Logs/CrashReporter/DiagnosticLogs/sysdiagnose/IN_PROGRESS_sysdiagnose_2026.08.08_02-56-35+0300_iPhone-OS_iPhone_24A5390f.tmp/Preferences_sysdiagnose_temp.QVu7su/Preferences/CaptureSourceInfo_CurrentUser.txt, Added (1950519 bytes)
/private/var/mobile/Library/Logs/CrashReporter/DiagnosticLogs/sysdiagnose/IN_PROGRESS_sysdiagnose_2026.08.08_02-56-35+0300_iPhone-OS_iPhone_24A5390f.tmp/Preferences_sysdiagnose_temp.QVu7su/Preferences/ScreenTimeEnabled_CurrentUser.txt, Added (4 bytes)
/private/var/mobile/Library/Logs/CrashReporter/DiagnosticLogs/sysdiagnose/IN_PROGRESS_sysdiagnose_2026.08.08_02-56-35+0300_iPhone-OS_iPhone_24A5390f.tmp/Preferences_sysdiagnose_temp.QVu7su/Preferences/UIPreferredContentSizeCategoryName_CurrentUser.txt, Added (71 bytes)
/private/var/mobile/Library/Logs/CrashReporter/DiagnosticLogs/sysdiagnose/IN_PROGRESS_sysdiagnose_2026.08.08_02-56-35+0300_iPhone-OS_iPhone_24A5390f.tmp/Preferences_sysdiagnose_temp.QVu7su/Preferences/subscribedAssets_CurrentUser.txt, Added (2791 bytes)
/private/var/mobile/Library/Logs/CrashReporter/DiagnosticLogs/sysdiagnose/IN_PROGRESS_sysdiagnose_2026.08.08_02-56-35+0300_iPhone-OS_iPhone_24A5390f.tmp/Preferences_sysdiagnose_temp.QVu7su/Preferences/com.apple.parsecd_CurrentUser.txt, Added (392 bytes)
/private/var/mobile/Library/Logs/CrashReporter/DiagnosticLogs/sysdiagnose/IN_PROGRESS_sysdiagnose_2026.08.08_02-56-35+0300_iPhone-OS_iPhone_24A5390f.tmp/Preferences_sysdiagnose_temp.QVu7su/Preferences/com.apple.OmniSearch_CurrentUser.txt, Added (4 bytes)
/private/var/mobile/Library/Logs/CrashReporter/DiagnosticLogs/sysdiagnose/IN_PROGRESS_sysdiagnose_2026.08.08_02-56-35+0300_iPhone-OS_iPhone_24A5390f.tmp/Preferences_sysdiagnose_temp.QVu7su/Preferences/com.apple.MobileAsset_Global.txt, Added (960 bytes)
/private/var/mobile/Library/Logs/CrashReporter/DiagnosticLogs/sysdiagnose/IN_PROGRESS_sysdiagnose_2026.08.08_02-56-35+0300_iPhone-OS_iPhone_24A5390f.tmp/Preferences_sysdiagnose_temp.QVu7su/Preferences/AppleLocale_Global.txt, Added (4 bytes)
/private/var/mobile/Library/Logs/CrashReporter/DiagnosticLogs/sysdiagnose/IN_PROGRESS_sysdiagnose_2026.08.08_02-56-35+0300_iPhone-OS_iPhone_24A5390f.tmp/Preferences_sysdiagnose_temp.QVu7su/Preferences/AppleLanguages_Global.txt, Added (4 bytes)
/private/var/mobile/Library/Logs/CrashReporter/DiagnosticLogs/sysdiagnose/IN_PROGRESS_sysdiagnose_2026.08.08_02-56-35+0300_iPhone-OS_iPhone_24A5390f.tmp/Preferences_sysdiagnose_temp.QVu7su/Preferences/AppleLocale_CurrentUser.txt, Added (31 bytes)
/private/var/mobile/Library/Logs/CrashReporter/DiagnosticLogs/sysdiagnose/IN_PROGRESS_sysdiagnose_2026.08.08_02-56-35+0300_iPhone-OS_iPhone_24A5390f.tmp/Preferences_sysdiagnose_temp.QVu7su/Preferences/AppleLanguages_CurrentUser.txt, Added (71 bytes)

** DONE Enforcing size limit **
