
APPLYING DEFAULT FILTERS:
/private/var/mobile/Library/Logs/CrashReporter/DiagnosticLogs/sysdiagnose/IN_PROGRESS_sysdiagnose_2026.08.08_02-56-35+0300_iPhone-OS_iPhone_24A5390f.tmp/WiFi_sysdiagnose_temp.u7hF91/WiFi/Entity_2026-08-08_02:57:01.757_Scan.csv.tgz, Added to Candidate logs
/private/var/mobile/Library/Logs/CrashReporter/DiagnosticLogs/sysdiagnose/IN_PROGRESS_sysdiagnose_2026.08.08_02-56-35+0300_iPhone-OS_iPhone_24A5390f.tmp/WiFi_sysdiagnose_temp.u7hF91/WiFi/Entity_2026-08-08_02:57:01.757_PoliciesNetworkTraits.csv.tgz, Added to Candidate logs
/private/var/mobile/Library/Logs/CrashReporter/DiagnosticLogs/sysdiagnose/IN_PROGRESS_sysdiagnose_2026.08.08_02-56-35+0300_iPhone-OS_iPhone_24A5390f.tmp/WiFi_sysdiagnose_temp.u7hF91/WiFi/Entity_2026-08-08_02:57:01.757_PoliciesNetworkDeploymentMetric.csv.tgz, Added to Candidate logs
/private/var/mobile/Library/Logs/CrashReporter/DiagnosticLogs/sysdiagnose/IN_PROGRESS_sysdiagnose_2026.08.08_02-56-35+0300_iPhone-OS_iPhone_24A5390f.tmp/WiFi_sysdiagnose_temp.u7hF91/WiFi/wifi_status.txt, Added to Candidate logs
/private/var/mobile/Library/Logs/CrashReporter/DiagnosticLogs/sysdiagnose/IN_PROGRESS_sysdiagnose_2026.08.08_02-56-35+0300_iPhone-OS_iPhone_24A5390f.tmp/WiFi_sysdiagnose_temp.u7hF91/WiFi/network_status.txt, Added to Candidate logs
/private/var/mobile/Library/Logs/CrashReporter/DiagnosticLogs/sysdiagnose/IN_PROGRESS_sysdiagnose_2026.08.08_02-56-35+0300_iPhone-OS_iPhone_24A5390f.tmp/WiFi_sysdiagnose_temp.u7hF91/WiFi/Entity_2026-08-08_02:57:01.757_Policies.csv.tgz, Added to Candidate logs
/private/var/mobile/Library/Logs/CrashReporter/DiagnosticLogs/sysdiagnose/IN_PROGRESS_sysdiagnose_2026.08.08_02-56-35+0300_iPhone-OS_iPhone_24A5390f.tmp/WiFi_sysdiagnose_temp.u7hF91/WiFi/Entity_2026-08-08_02:57:01.757_Fault.csv.tgz, Added to Candidate logs
/private/var/mobile/Library/Logs/CrashReporter/DiagnosticLogs/sysdiagnose/IN_PROGRESS_sysdiagnose_2026.08.08_02-56-35+0300_iPhone-OS_iPhone_24A5390f.tmp/WiFi_sysdiagnose_temp.u7hF91/WiFi/Entity_2026-08-08_02:57:01.757_WiFiStat.csv.tgz, Added to Candidate logs
/private/var/mobile/Library/Logs/CrashReporter/DiagnosticLogs/sysdiagnose/IN_PROGRESS_sysdiagnose_2026.08.08_02-56-35+0300_iPhone-OS_iPhone_24A5390f.tmp/WiFi_sysdiagnose_temp.u7hF91/WiFi/com.apple.wifi.syncable-networks.plist, Added to Candidate logs
/private/var/mobile/Library/Logs/CrashReporter/DiagnosticLogs/sysdiagnose/IN_PROGRESS_sysdiagnose_2026.08.08_02-56-35+0300_iPhone-OS_iPhone_24A5390f.tmp/WiFi_sysdiagnose_temp.u7hF91/WiFi/leaky_ap_stats.txt, Added to Candidate logs
/private/var/mobile/Library/Logs/CrashReporter/DiagnosticLogs/sysdiagnose/IN_PROGRESS_sysdiagnose_2026.08.08_02-56-35+0300_iPhone-OS_iPhone_24A5390f.tmp/WiFi_sysdiagnose_temp.u7hF91/WiFi/Entity_2026-08-08_02:57:01.757_PoliciesUsage.csv.tgz, Added to Candidate logs
/private/var/mobile/Library/Logs/CrashReporter/DiagnosticLogs/sysdiagnose/IN_PROGRESS_sysdiagnose_2026.08.08_02-56-35+0300_iPhone-OS_iPhone_24A5390f.tmp/WiFi_sysdiagnose_temp.u7hF91/WiFi/com.apple.wifi.known-networks.plist, Added to Candidate logs
/private/var/mobile/Library/Logs/CrashReporter/DiagnosticLogs/sysdiagnose/IN_PROGRESS_sysdiagnose_2026.08.08_02-56-35+0300_iPhone-OS_iPhone_24A5390f.tmp/WiFi_sysdiagnose_temp.u7hF91/WiFi/com.apple.wifi.plist, Added to Candidate logs
/private/var/mobile/Library/Logs/CrashReporter/DiagnosticLogs/sysdiagnose/IN_PROGRESS_sysdiagnose_2026.08.08_02-56-35+0300_iPhone-OS_iPhone_24A5390f.tmp/WiFi_sysdiagnose_temp.u7hF91/WiFi/com.apple.wifi.syncable-networks.legacy.plist, Added to Candidate logs
/private/var/mobile/Library/Logs/CrashReporter/DiagnosticLogs/sysdiagnose/IN_PROGRESS_sysdiagnose_2026.08.08_02-56-35+0300_iPhone-OS_iPhone_24A5390f.tmp/WiFi_sysdiagnose_temp.u7hF91/WiFi/3bars.txt, Added to Candidate logs
/private/var/mobile/Library/Logs/CrashReporter/DiagnosticLogs/sysdiagnose/IN_PROGRESS_sysdiagnose_2026.08.08_02-56-35+0300_iPhone-OS_iPhone_24A5390f.tmp/WiFi_sysdiagnose_temp.u7hF91/WiFi/debug-log.txt, Added to Candidate logs
/private/var/mobile/Library/Logs/CrashReporter/DiagnosticLogs/sysdiagnose/IN_PROGRESS_sysdiagnose_2026.08.08_02-56-35+0300_iPhone-OS_iPhone_24A5390f.tmp/WiFi_sysdiagnose_temp.u7hF91/WiFi/LEGACY_com.apple.wifi-networks.plist, Added to Candidate logs
/private/var/mobile/Library/Logs/CrashReporter/DiagnosticLogs/sysdiagnose/IN_PROGRESS_sysdiagnose_2026.08.08_02-56-35+0300_iPhone-OS_iPhone_24A5390f.tmp/WiFi_sysdiagnose_temp.u7hF91/WiFi/diagnostics-connectivity.txt, Added to Candidate logs
/private/var/mobile/Library/Logs/CrashReporter/DiagnosticLogs/sysdiagnose/IN_PROGRESS_sysdiagnose_2026.08.08_02-56-35+0300_iPhone-OS_iPhone_24A5390f.tmp/WiFi_sysdiagnose_temp.u7hF91/WiFi/Entity_2026-08-08_02:57:01.757_LAN.csv.tgz, Added to Candidate logs
/private/var/mobile/Library/Logs/CrashReporter/DiagnosticLogs/sysdiagnose/IN_PROGRESS_sysdiagnose_2026.08.08_02-56-35+0300_iPhone-OS_iPhone_24A5390f.tmp/WiFi_sysdiagnose_temp.u7hF91/WiFi/airplane-wifi-logs.tgz, Added to Candidate logs
/private/var/mobile/Library/Logs/CrashReporter/DiagnosticLogs/sysdiagnose/IN_PROGRESS_sysdiagnose_2026.08.08_02-56-35+0300_iPhone-OS_iPhone_24A5390f.tmp/WiFi_sysdiagnose_temp.u7hF91/WiFi/wifi_logarchive.log, Added to Candidate logs
/private/var/mobile/Library/Logs/CrashReporter/DiagnosticLogs/sysdiagnose/IN_PROGRESS_sysdiagnose_2026.08.08_02-56-35+0300_iPhone-OS_iPhone_24A5390f.tmp/WiFi_sysdiagnose_temp.u7hF91/WiFi/wifimanager.log.tgz, Added to Candidate logs
/private/var/mobile/Library/Logs/CrashReporter/DiagnosticLogs/sysdiagnose/IN_PROGRESS_sysdiagnose_2026.08.08_02-56-35+0300_iPhone-OS_iPhone_24A5390f.tmp/WiFi_sysdiagnose_temp.u7hF91/WiFi/wifi_scan.txt, Added to Candidate logs
/private/var/mobile/Library/Logs/CrashReporter/DiagnosticLogs/sysdiagnose/IN_PROGRESS_sysdiagnose_2026.08.08_02-56-35+0300_iPhone-OS_iPhone_24A5390f.tmp/WiFi_sysdiagnose_temp.u7hF91/WiFi/Entity_2026-08-08_02:57:01.757_Event.csv.tgz, Added to Candidate logs
/private/var/mobile/Library/Logs/CrashReporter/DiagnosticLogs/sysdiagnose/IN_PROGRESS_sysdiagnose_2026.08.08_02-56-35+0300_iPhone-OS_iPhone_24A5390f.tmp/WiFi_sysdiagnose_temp.u7hF91/WiFi/Entity_2026-08-08_02:57:01.757_Join.csv.tgz, Added to Candidate logs
/private/var/mobile/Library/Logs/CrashReporter/DiagnosticLogs/sysdiagnose/IN_PROGRESS_sysdiagnose_2026.08.08_02-56-35+0300_iPhone-OS_iPhone_24A5390f.tmp/WiFi_sysdiagnose_temp.u7hF91/WiFi/Entity_2026-08-08_02:57:01.757_PoliciesPruning.csv.tgz, Added to Candidate logs
/private/var/mobile/Library/Logs/CrashReporter/DiagnosticLogs/sysdiagnose/IN_PROGRESS_sysdiagnose_2026.08.08_02-56-35+0300_iPhone-OS_iPhone_24A5390f.tmp/WiFi_sysdiagnose_temp.u7hF91/WiFi/Entity_2026-08-08_02:57:01.757_UsageMonthly.csv.tgz, Added to Candidate logs
/private/var/mobile/Library/Logs/CrashReporter/DiagnosticLogs/sysdiagnose/IN_PROGRESS_sysdiagnose_2026.08.08_02-56-35+0300_iPhone-OS_iPhone_24A5390f.tmp/WiFi_sysdiagnose_temp.u7hF91/WiFi/Entity_2026-08-08_02:57:01.757_UsageWeekly.csv.tgz, Added to Candidate logs
/private/var/mobile/Library/Logs/CrashReporter/DiagnosticLogs/sysdiagnose/IN_PROGRESS_sysdiagnose_2026.08.08_02-56-35+0300_iPhone-OS_iPhone_24A5390f.tmp/WiFi_sysdiagnose_temp.u7hF91/WiFi/diagnostics-environment.txt, Added to Candidate logs
/private/var/mobile/Library/Logs/CrashReporter/DiagnosticLogs/sysdiagnose/IN_PROGRESS_sysdiagnose_2026.08.08_02-56-35+0300_iPhone-OS_iPhone_24A5390f.tmp/WiFi_sysdiagnose_temp.u7hF91/WiFi/com.apple.wifi.recent-networks.json, Added to Candidate logs
/private/var/mobile/Library/Logs/CrashReporter/DiagnosticLogs/sysdiagnose/IN_PROGRESS_sysdiagnose_2026.08.08_02-56-35+0300_iPhone-OS_iPhone_24A5390f.tmp/WiFi_sysdiagnose_temp.u7hF91/WiFi/Entity_2026-08-08_02:57:01.757_PoliciesRoaming.csv.tgz, Added to Candidate logs
/private/var/mobile/Library/Logs/CrashReporter/DiagnosticLogs/sysdiagnose/IN_PROGRESS_sysdiagnose_2026.08.08_02-56-35+0300_iPhone-OS_iPhone_24A5390f.tmp/WiFi_sysdiagnose_temp.u7hF91/WiFi/wifi_datapath-PRE.txt, Added to Candidate logs
/private/var/mobile/Library/Logs/CrashReporter/DiagnosticLogs/sysdiagnose/IN_PROGRESS_sysdiagnose_2026.08.08_02-56-35+0300_iPhone-OS_iPhone_24A5390f.tmp/WiFi_sysdiagnose_temp.u7hF91/WiFi/Entity_2026-08-08_02:57:01.757_LinkTest.csv.tgz, Added to Candidate logs
/private/var/mobile/Library/Logs/CrashReporter/DiagnosticLogs/sysdiagnose/IN_PROGRESS_sysdiagnose_2026.08.08_02-56-35+0300_iPhone-OS_iPhone_24A5390f.tmp/WiFi_sysdiagnose_temp.u7hF91/WiFi/Entity_2026-08-08_02:57:01.757_Roam.csv.tgz, Added to Candidate logs
/private/var/mobile/Library/Logs/CrashReporter/DiagnosticLogs/sysdiagnose/IN_PROGRESS_sysdiagnose_2026.08.08_02-56-35+0300_iPhone-OS_iPhone_24A5390f.tmp/WiFi_sysdiagnose_temp.u7hF91/WiFi/mobilewifitool.txt, Added to Candidate logs
/private/var/mobile/Library/Logs/CrashReporter/DiagnosticLogs/sysdiagnose/IN_PROGRESS_sysdiagnose_2026.08.08_02-56-35+0300_iPhone-OS_iPhone_24A5390f.tmp/WiFi_sysdiagnose_temp.u7hF91/WiFi/arp.txt, Added to Candidate logs
/private/var/mobile/Library/Logs/CrashReporter/DiagnosticLogs/sysdiagnose/IN_PROGRESS_sysdiagnose_2026.08.08_02-56-35+0300_iPhone-OS_iPhone_24A5390f.tmp/WiFi_sysdiagnose_temp.u7hF91/WiFi/bluetooth_status.txt, Added to Candidate logs
/private/var/mobile/Library/Logs/CrashReporter/DiagnosticLogs/sysdiagnose/IN_PROGRESS_sysdiagnose_2026.08.08_02-56-35+0300_iPhone-OS_iPhone_24A5390f.tmp/WiFi_sysdiagnose_temp.u7hF91/WiFi/wifi_datapath-POST.txt, Added to Candidate logs
/private/var/mobile/Library/Logs/CrashReporter/DiagnosticLogs/sysdiagnose/IN_PROGRESS_sysdiagnose_2026.08.08_02-56-35+0300_iPhone-OS_iPhone_24A5390f.tmp/WiFi_sysdiagnose_temp.u7hF91/WiFi/Entity_2026-08-08_02:57:01.757_Recovery.csv.tgz, Added to Candidate logs
/private/var/mobile/Library/Logs/CrashReporter/DiagnosticLogs/sysdiagnose/IN_PROGRESS_sysdiagnose_2026.08.08_02-56-35+0300_iPhone-OS_iPhone_24A5390f.tmp/WiFi_sysdiagnose_temp.u7hF91/WiFi/Entity_2026-08-08_02:57:01.757_Leave.csv.tgz, Added to Candidate logs
/private/var/mobile/Library/Logs/CrashReporter/DiagnosticLogs/sysdiagnose/IN_PROGRESS_sysdiagnose_2026.08.08_02-56-35+0300_iPhone-OS_iPhone_24A5390f.tmp/WiFi_sysdiagnose_temp.u7hF91/WiFi/Entity_2026-08-08_02:57:01.757_MetricEntry.csv.tgz, Added to Candidate logs
/private/var/mobile/Library/Logs/CrashReporter/DiagnosticLogs/sysdiagnose/IN_PROGRESS_sysdiagnose_2026.08.08_02-56-35+0300_iPhone-OS_iPhone_24A5390f.tmp/WiFi_sysdiagnose_temp.u7hF91/WiFi/Entity_2026-08-08_02:57:01.757_DiagnosticState.csv.tgz, Added to Candidate logs
/private/var/mobile/Library/Logs/CrashReporter/DiagnosticLogs/sysdiagnose/IN_PROGRESS_sysdiagnose_2026.08.08_02-56-35+0300_iPhone-OS_iPhone_24A5390f.tmp/WiFi_sysdiagnose_temp.u7hF91/WiFi/Entity_2026-08-08_02:57:01.757_BSS.csv.tgz, Added to Candidate logs
/private/var/mobile/Library/Logs/CrashReporter/DiagnosticLogs/sysdiagnose/IN_PROGRESS_sysdiagnose_2026.08.08_02-56-35+0300_iPhone-OS_iPhone_24A5390f.tmp/WiFi_sysdiagnose_temp.u7hF91/WiFi/com.apple.wifi-private-mac-networks.plist, Added to Candidate logs
/private/var/mobile/Library/Logs/CrashReporter/DiagnosticLogs/sysdiagnose/IN_PROGRESS_sysdiagnose_2026.08.08_02-56-35+0300_iPhone-OS_iPhone_24A5390f.tmp/WiFi_sysdiagnose_temp.u7hF91/WiFi/Entity_2026-08-08_02:57:01.757_Network.csv.tgz, Added to Candidate logs
/private/var/mobile/Library/Logs/CrashReporter/DiagnosticLogs/sysdiagnose/IN_PROGRESS_sysdiagnose_2026.08.08_02-56-35+0300_iPhone-OS_iPhone_24A5390f.tmp/WiFi_sysdiagnose_temp.u7hF91/WiFi/AnalyticsStoreDump_2026-08-08_02:57:01.698.txt.tgz, Added to Candidate logs
/private/var/mobile/Library/Logs/CrashReporter/DiagnosticLogs/sysdiagnose/IN_PROGRESS_sysdiagnose_2026.08.08_02-56-35+0300_iPhone-OS_iPhone_24A5390f.tmp/WiFi_sysdiagnose_temp.u7hF91/WiFi/diagnostics-configuration.txt, Added to Candidate logs
/private/var/mobile/Library/Logs/CrashReporter/DiagnosticLogs/sysdiagnose/IN_PROGRESS_sysdiagnose_2026.08.08_02-56-35+0300_iPhone-OS_iPhone_24A5390f.tmp/WiFi_sysdiagnose_temp.u7hF91/WiFi/ifconfig.txt, Added to Candidate logs
/private/var/mobile/Library/Logs/CrashReporter/DiagnosticLogs/sysdiagnose/IN_PROGRESS_sysdiagnose_2026.08.08_02-56-35+0300_iPhone-OS_iPhone_24A5390f.tmp/WiFi_sysdiagnose_temp.u7hF91/WiFi/netstat-PRE.txt, Added to Candidate logs
/private/var/mobile/Library/Logs/CrashReporter/DiagnosticLogs/sysdiagnose/IN_PROGRESS_sysdiagnose_2026.08.08_02-56-35+0300_iPhone-OS_iPhone_24A5390f.tmp/WiFi_sysdiagnose_temp.u7hF91/WiFi/awdl_status.txt, Added to Candidate logs
/private/var/mobile/Library/Logs/CrashReporter/DiagnosticLogs/sysdiagnose/IN_PROGRESS_sysdiagnose_2026.08.08_02-56-35+0300_iPhone-OS_iPhone_24A5390f.tmp/WiFi_sysdiagnose_temp.u7hF91/WiFi/wifi_scan_cache.txt, Added to Candidate logs
/private/var/mobile/Library/Logs/CrashReporter/DiagnosticLogs/sysdiagnose/IN_PROGRESS_sysdiagnose_2026.08.08_02-56-35+0300_iPhone-OS_iPhone_24A5390f.tmp/WiFi_sysdiagnose_temp.u7hF91/WiFi/netstat-POST.txt, Added to Candidate logs
/private/var/mobile/Library/Logs/CrashReporter/DiagnosticLogs/sysdiagnose/IN_PROGRESS_sysdiagnose_2026.08.08_02-56-35+0300_iPhone-OS_iPhone_24A5390f.tmp/WiFi_sysdiagnose_temp.u7hF91/WiFi/CoreCapture-Filtered/WiFi/[2026-08-08_02,55,15.512246]=WiFiDebug~sysdiag~PRE[2A20F].tgz, Added to Candidate logs
/private/var/mobile/Library/Logs/CrashReporter/DiagnosticLogs/sysdiagnose/IN_PROGRESS_sysdiagnose_2026.08.08_02-56-35+0300_iPhone-OS_iPhone_24A5390f.tmp/WiFi_sysdiagnose_temp.u7hF91/WiFi/CoreCapture-Filtered/WiFi/[2026-08-08_02,56,58.756874]=WiFiDebug~sysdiag~PRE[A95AA].tgz, Added to Candidate logs
/private/var/mobile/Library/Logs/CrashReporter/DiagnosticLogs/sysdiagnose/IN_PROGRESS_sysdiagnose_2026.08.08_02-56-35+0300_iPhone-OS_iPhone_24A5390f.tmp/WiFi_sysdiagnose_temp.u7hF91/WiFi/CoreCapture-Filtered/WiFi/[2026-08-08_02,57,01.953182]=WiFiDebug~sysdiag~POST[A95AA].tgz, Added to Candidate logs
/private/var/mobile/Library/Logs/CrashReporter/DiagnosticLogs/sysdiagnose/IN_PROGRESS_sysdiagnose_2026.08.08_02-56-35+0300_iPhone-OS_iPhone_24A5390f.tmp/WiFi_sysdiagnose_temp.u7hF91/WiFi/CoreCapture-Filtered/WiFi/[2026-08-08_02,55,18.617454]=WiFiDebug~sysdiag~POST[2A20F].tgz, Added to Candidate logs


ENFORCING SIZE LIMIT OF 10 MB ON FILTERED CANDIDATES:

/private/var/mobile/Library/Logs/CrashReporter/DiagnosticLogs/sysdiagnose/IN_PROGRESS_sysdiagnose_2026.08.08_02-56-35+0300_iPhone-OS_iPhone_24A5390f.tmp/WiFi_sysdiagnose_temp.u7hF91/WiFi/debug-log.txt, Added (6553 bytes)
/private/var/mobile/Library/Logs/CrashReporter/DiagnosticLogs/sysdiagnose/IN_PROGRESS_sysdiagnose_2026.08.08_02-56-35+0300_iPhone-OS_iPhone_24A5390f.tmp/WiFi_sysdiagnose_temp.u7hF91/WiFi/CoreCapture-Filtered/WiFi/[2026-08-08_02,57,01.953182]=WiFiDebug~sysdiag~POST[A95AA].tgz, Added (101804 bytes)
/private/var/mobile/Library/Logs/CrashReporter/DiagnosticLogs/sysdiagnose/IN_PROGRESS_sysdiagnose_2026.08.08_02-56-35+0300_iPhone-OS_iPhone_24A5390f.tmp/WiFi_sysdiagnose_temp.u7hF91/WiFi/CoreCapture-Filtered/WiFi/[2026-08-08_02,56,58.756874]=WiFiDebug~sysdiag~PRE[A95AA].tgz, Added (119844 bytes)
/private/var/mobile/Library/Logs/CrashReporter/DiagnosticLogs/sysdiagnose/IN_PROGRESS_sysdiagnose_2026.08.08_02-56-35+0300_iPhone-OS_iPhone_24A5390f.tmp/WiFi_sysdiagnose_temp.u7hF91/WiFi/wifi_datapath-POST.txt, Added (21585 bytes)
/private/var/mobile/Library/Logs/CrashReporter/DiagnosticLogs/sysdiagnose/IN_PROGRESS_sysdiagnose_2026.08.08_02-56-35+0300_iPhone-OS_iPhone_24A5390f.tmp/WiFi_sysdiagnose_temp.u7hF91/WiFi/wifi_datapath-PRE.txt, Added (21585 bytes)
/private/var/mobile/Library/Logs/CrashReporter/DiagnosticLogs/sysdiagnose/IN_PROGRESS_sysdiagnose_2026.08.08_02-56-35+0300_iPhone-OS_iPhone_24A5390f.tmp/WiFi_sysdiagnose_temp.u7hF91/WiFi/diagnostics-environment.txt, Added (2991 bytes)
/private/var/mobile/Library/Logs/CrashReporter/DiagnosticLogs/sysdiagnose/IN_PROGRESS_sysdiagnose_2026.08.08_02-56-35+0300_iPhone-OS_iPhone_24A5390f.tmp/WiFi_sysdiagnose_temp.u7hF91/WiFi/wifi_scan_cache.txt, Added (1771 bytes)
/private/var/mobile/Library/Logs/CrashReporter/DiagnosticLogs/sysdiagnose/IN_PROGRESS_sysdiagnose_2026.08.08_02-56-35+0300_iPhone-OS_iPhone_24A5390f.tmp/WiFi_sysdiagnose_temp.u7hF91/WiFi/airplane-wifi-logs.tgz, Added (764 bytes)
/private/var/mobile/Library/Logs/CrashReporter/DiagnosticLogs/sysdiagnose/IN_PROGRESS_sysdiagnose_2026.08.08_02-56-35+0300_iPhone-OS_iPhone_24A5390f.tmp/WiFi_sysdiagnose_temp.u7hF91/WiFi/wifi_logarchive.log, Added (0 bytes)
/private/var/mobile/Library/Logs/CrashReporter/DiagnosticLogs/sysdiagnose/IN_PROGRESS_sysdiagnose_2026.08.08_02-56-35+0300_iPhone-OS_iPhone_24A5390f.tmp/WiFi_sysdiagnose_temp.u7hF91/WiFi/wifimanager.log.tgz, Added (539638 bytes)
/private/var/mobile/Library/Logs/CrashReporter/DiagnosticLogs/sysdiagnose/IN_PROGRESS_sysdiagnose_2026.08.08_02-56-35+0300_iPhone-OS_iPhone_24A5390f.tmp/WiFi_sysdiagnose_temp.u7hF91/WiFi/Entity_2026-08-08_02:57:01.757_WiFiStat.csv.tgz, Added (3130 bytes)
/private/var/mobile/Library/Logs/CrashReporter/DiagnosticLogs/sysdiagnose/IN_PROGRESS_sysdiagnose_2026.08.08_02-56-35+0300_iPhone-OS_iPhone_24A5390f.tmp/WiFi_sysdiagnose_temp.u7hF91/WiFi/Entity_2026-08-08_02:57:01.757_UsageWeekly.csv.tgz, Added (800 bytes)
/private/var/mobile/Library/Logs/CrashReporter/DiagnosticLogs/sysdiagnose/IN_PROGRESS_sysdiagnose_2026.08.08_02-56-35+0300_iPhone-OS_iPhone_24A5390f.tmp/WiFi_sysdiagnose_temp.u7hF91/WiFi/Entity_2026-08-08_02:57:01.757_UsageMonthly.csv.tgz, Added (788 bytes)
/private/var/mobile/Library/Logs/CrashReporter/DiagnosticLogs/sysdiagnose/IN_PROGRESS_sysdiagnose_2026.08.08_02-56-35+0300_iPhone-OS_iPhone_24A5390f.tmp/WiFi_sysdiagnose_temp.u7hF91/WiFi/Entity_2026-08-08_02:57:01.757_Scan.csv.tgz, Added (347 bytes)
/private/var/mobile/Library/Logs/CrashReporter/DiagnosticLogs/sysdiagnose/IN_PROGRESS_sysdiagnose_2026.08.08_02-56-35+0300_iPhone-OS_iPhone_24A5390f.tmp/WiFi_sysdiagnose_temp.u7hF91/WiFi/Entity_2026-08-08_02:57:01.757_Roam.csv.tgz, Added (543 bytes)
/private/var/mobile/Library/Logs/CrashReporter/DiagnosticLogs/sysdiagnose/IN_PROGRESS_sysdiagnose_2026.08.08_02-56-35+0300_iPhone-OS_iPhone_24A5390f.tmp/WiFi_sysdiagnose_temp.u7hF91/WiFi/Entity_2026-08-08_02:57:01.757_Recovery.csv.tgz, Added (256 bytes)
/private/var/mobile/Library/Logs/CrashReporter/DiagnosticLogs/sysdiagnose/IN_PROGRESS_sysdiagnose_2026.08.08_02-56-35+0300_iPhone-OS_iPhone_24A5390f.tmp/WiFi_sysdiagnose_temp.u7hF91/WiFi/Entity_2026-08-08_02:57:01.757_PoliciesUsage.csv.tgz, Added (409 bytes)
/private/var/mobile/Library/Logs/CrashReporter/DiagnosticLogs/sysdiagnose/IN_PROGRESS_sysdiagnose_2026.08.08_02-56-35+0300_iPhone-OS_iPhone_24A5390f.tmp/WiFi_sysdiagnose_temp.u7hF91/WiFi/Entity_2026-08-08_02:57:01.757_PoliciesRoaming.csv.tgz, Added (267 bytes)
/private/var/mobile/Library/Logs/CrashReporter/DiagnosticLogs/sysdiagnose/IN_PROGRESS_sysdiagnose_2026.08.08_02-56-35+0300_iPhone-OS_iPhone_24A5390f.tmp/WiFi_sysdiagnose_temp.u7hF91/WiFi/Entity_2026-08-08_02:57:01.757_PoliciesPruning.csv.tgz, Added (418 bytes)
/private/var/mobile/Library/Logs/CrashReporter/DiagnosticLogs/sysdiagnose/IN_PROGRESS_sysdiagnose_2026.08.08_02-56-35+0300_iPhone-OS_iPhone_24A5390f.tmp/WiFi_sysdiagnose_temp.u7hF91/WiFi/Entity_2026-08-08_02:57:01.757_PoliciesNetworkTraits.csv.tgz, Added (417 bytes)
/private/var/mobile/Library/Logs/CrashReporter/DiagnosticLogs/sysdiagnose/IN_PROGRESS_sysdiagnose_2026.08.08_02-56-35+0300_iPhone-OS_iPhone_24A5390f.tmp/WiFi_sysdiagnose_temp.u7hF91/WiFi/Entity_2026-08-08_02:57:01.757_PoliciesNetworkDeploymentMetric.csv.tgz, Added (275 bytes)
/private/var/mobile/Library/Logs/CrashReporter/DiagnosticLogs/sysdiagnose/IN_PROGRESS_sysdiagnose_2026.08.08_02-56-35+0300_iPhone-OS_iPhone_24A5390f.tmp/WiFi_sysdiagnose_temp.u7hF91/WiFi/Entity_2026-08-08_02:57:01.757_Policies.csv.tgz, Added (850 bytes)
/private/var/mobile/Library/Logs/CrashReporter/DiagnosticLogs/sysdiagnose/IN_PROGRESS_sysdiagnose_2026.08.08_02-56-35+0300_iPhone-OS_iPhone_24A5390f.tmp/WiFi_sysdiagnose_temp.u7hF91/WiFi/Entity_2026-08-08_02:57:01.757_Network.csv.tgz, Added (632 bytes)
/private/var/mobile/Library/Logs/CrashReporter/DiagnosticLogs/sysdiagnose/IN_PROGRESS_sysdiagnose_2026.08.08_02-56-35+0300_iPhone-OS_iPhone_24A5390f.tmp/WiFi_sysdiagnose_temp.u7hF91/WiFi/Entity_2026-08-08_02:57:01.757_MetricEntry.csv.tgz, Added (235 bytes)
/private/var/mobile/Library/Logs/CrashReporter/DiagnosticLogs/sysdiagnose/IN_PROGRESS_sysdiagnose_2026.08.08_02-56-35+0300_iPhone-OS_iPhone_24A5390f.tmp/WiFi_sysdiagnose_temp.u7hF91/WiFi/Entity_2026-08-08_02:57:01.757_LinkTest.csv.tgz, Added (795 bytes)
/private/var/mobile/Library/Logs/CrashReporter/DiagnosticLogs/sysdiagnose/IN_PROGRESS_sysdiagnose_2026.08.08_02-56-35+0300_iPhone-OS_iPhone_24A5390f.tmp/WiFi_sysdiagnose_temp.u7hF91/WiFi/Entity_2026-08-08_02:57:01.757_Leave.csv.tgz, Added (330 bytes)
/private/var/mobile/Library/Logs/CrashReporter/DiagnosticLogs/sysdiagnose/IN_PROGRESS_sysdiagnose_2026.08.08_02-56-35+0300_iPhone-OS_iPhone_24A5390f.tmp/WiFi_sysdiagnose_temp.u7hF91/WiFi/Entity_2026-08-08_02:57:01.757_LAN.csv.tgz, Added (445 bytes)
/private/var/mobile/Library/Logs/CrashReporter/DiagnosticLogs/sysdiagnose/IN_PROGRESS_sysdiagnose_2026.08.08_02-56-35+0300_iPhone-OS_iPhone_24A5390f.tmp/WiFi_sysdiagnose_temp.u7hF91/WiFi/Entity_2026-08-08_02:57:01.757_Join.csv.tgz, Added (944 bytes)
/private/var/mobile/Library/Logs/CrashReporter/DiagnosticLogs/sysdiagnose/IN_PROGRESS_sysdiagnose_2026.08.08_02-56-35+0300_iPhone-OS_iPhone_24A5390f.tmp/WiFi_sysdiagnose_temp.u7hF91/WiFi/Entity_2026-08-08_02:57:01.757_Fault.csv.tgz, Added (509 bytes)
/private/var/mobile/Library/Logs/CrashReporter/DiagnosticLogs/sysdiagnose/IN_PROGRESS_sysdiagnose_2026.08.08_02-56-35+0300_iPhone-OS_iPhone_24A5390f.tmp/WiFi_sysdiagnose_temp.u7hF91/WiFi/Entity_2026-08-08_02:57:01.757_Event.csv.tgz, Added (2001 bytes)
/private/var/mobile/Library/Logs/CrashReporter/DiagnosticLogs/sysdiagnose/IN_PROGRESS_sysdiagnose_2026.08.08_02-56-35+0300_iPhone-OS_iPhone_24A5390f.tmp/WiFi_sysdiagnose_temp.u7hF91/WiFi/Entity_2026-08-08_02:57:01.757_DiagnosticState.csv.tgz, Added (322 bytes)
/private/var/mobile/Library/Logs/CrashReporter/DiagnosticLogs/sysdiagnose/IN_PROGRESS_sysdiagnose_2026.08.08_02-56-35+0300_iPhone-OS_iPhone_24A5390f.tmp/WiFi_sysdiagnose_temp.u7hF91/WiFi/Entity_2026-08-08_02:57:01.757_BSS.csv.tgz, Added (724 bytes)
/private/var/mobile/Library/Logs/CrashReporter/DiagnosticLogs/sysdiagnose/IN_PROGRESS_sysdiagnose_2026.08.08_02-56-35+0300_iPhone-OS_iPhone_24A5390f.tmp/WiFi_sysdiagnose_temp.u7hF91/WiFi/AnalyticsStoreDump_2026-08-08_02:57:01.698.txt.tgz, Added (3825 bytes)
/private/var/mobile/Library/Logs/CrashReporter/DiagnosticLogs/sysdiagnose/IN_PROGRESS_sysdiagnose_2026.08.08_02-56-35+0300_iPhone-OS_iPhone_24A5390f.tmp/WiFi_sysdiagnose_temp.u7hF91/WiFi/netstat-POST.txt, Added (58295 bytes)
/private/var/mobile/Library/Logs/CrashReporter/DiagnosticLogs/sysdiagnose/IN_PROGRESS_sysdiagnose_2026.08.08_02-56-35+0300_iPhone-OS_iPhone_24A5390f.tmp/WiFi_sysdiagnose_temp.u7hF91/WiFi/3bars.txt, Added (282 bytes)
/private/var/mobile/Library/Logs/CrashReporter/DiagnosticLogs/sysdiagnose/IN_PROGRESS_sysdiagnose_2026.08.08_02-56-35+0300_iPhone-OS_iPhone_24A5390f.tmp/WiFi_sysdiagnose_temp.u7hF91/WiFi/wifi_scan.txt, Added (1770 bytes)
/private/var/mobile/Library/Logs/CrashReporter/DiagnosticLogs/sysdiagnose/IN_PROGRESS_sysdiagnose_2026.08.08_02-56-35+0300_iPhone-OS_iPhone_24A5390f.tmp/WiFi_sysdiagnose_temp.u7hF91/WiFi/diagnostics-connectivity.txt, Added (3800 bytes)
/private/var/mobile/Library/Logs/CrashReporter/DiagnosticLogs/sysdiagnose/IN_PROGRESS_sysdiagnose_2026.08.08_02-56-35+0300_iPhone-OS_iPhone_24A5390f.tmp/WiFi_sysdiagnose_temp.u7hF91/WiFi/netstat-PRE.txt, Added (58216 bytes)
/private/var/mobile/Library/Logs/CrashReporter/DiagnosticLogs/sysdiagnose/IN_PROGRESS_sysdiagnose_2026.08.08_02-56-35+0300_iPhone-OS_iPhone_24A5390f.tmp/WiFi_sysdiagnose_temp.u7hF91/WiFi/leaky_ap_stats.txt, Added (2435 bytes)
/private/var/mobile/Library/Logs/CrashReporter/DiagnosticLogs/sysdiagnose/IN_PROGRESS_sysdiagnose_2026.08.08_02-56-35+0300_iPhone-OS_iPhone_24A5390f.tmp/WiFi_sysdiagnose_temp.u7hF91/WiFi/diagnostics-configuration.txt, Added (4153 bytes)
/private/var/mobile/Library/Logs/CrashReporter/DiagnosticLogs/sysdiagnose/IN_PROGRESS_sysdiagnose_2026.08.08_02-56-35+0300_iPhone-OS_iPhone_24A5390f.tmp/WiFi_sysdiagnose_temp.u7hF91/WiFi/awdl_status.txt, Added (1640 bytes)
/private/var/mobile/Library/Logs/CrashReporter/DiagnosticLogs/sysdiagnose/IN_PROGRESS_sysdiagnose_2026.08.08_02-56-35+0300_iPhone-OS_iPhone_24A5390f.tmp/WiFi_sysdiagnose_temp.u7hF91/WiFi/wifi_status.txt, Added (1749 bytes)
/private/var/mobile/Library/Logs/CrashReporter/DiagnosticLogs/sysdiagnose/IN_PROGRESS_sysdiagnose_2026.08.08_02-56-35+0300_iPhone-OS_iPhone_24A5390f.tmp/WiFi_sysdiagnose_temp.u7hF91/WiFi/network_status.txt, Added (253 bytes)
/private/var/mobile/Library/Logs/CrashReporter/DiagnosticLogs/sysdiagnose/IN_PROGRESS_sysdiagnose_2026.08.08_02-56-35+0300_iPhone-OS_iPhone_24A5390f.tmp/WiFi_sysdiagnose_temp.u7hF91/WiFi/bluetooth_status.txt, Added (1206 bytes)
/private/var/mobile/Library/Logs/CrashReporter/DiagnosticLogs/sysdiagnose/IN_PROGRESS_sysdiagnose_2026.08.08_02-56-35+0300_iPhone-OS_iPhone_24A5390f.tmp/WiFi_sysdiagnose_temp.u7hF91/WiFi/ifconfig.txt, Added (24776 bytes)
/private/var/mobile/Library/Logs/CrashReporter/DiagnosticLogs/sysdiagnose/IN_PROGRESS_sysdiagnose_2026.08.08_02-56-35+0300_iPhone-OS_iPhone_24A5390f.tmp/WiFi_sysdiagnose_temp.u7hF91/WiFi/CoreCapture-Filtered/WiFi/[2026-08-08_02,55,15.512246]=WiFiDebug~sysdiag~PRE[2A20F].tgz, Added (126473 bytes)
/private/var/mobile/Library/Logs/CrashReporter/DiagnosticLogs/sysdiagnose/IN_PROGRESS_sysdiagnose_2026.08.08_02-56-35+0300_iPhone-OS_iPhone_24A5390f.tmp/WiFi_sysdiagnose_temp.u7hF91/WiFi/CoreCapture-Filtered/WiFi/[2026-08-08_02,55,18.617454]=WiFiDebug~sysdiag~POST[2A20F].tgz, Added (79245 bytes)
/private/var/mobile/Library/Logs/CrashReporter/DiagnosticLogs/sysdiagnose/IN_PROGRESS_sysdiagnose_2026.08.08_02-56-35+0300_iPhone-OS_iPhone_24A5390f.tmp/WiFi_sysdiagnose_temp.u7hF91/WiFi/arp.txt, Added (390 bytes)
/private/var/mobile/Library/Logs/CrashReporter/DiagnosticLogs/sysdiagnose/IN_PROGRESS_sysdiagnose_2026.08.08_02-56-35+0300_iPhone-OS_iPhone_24A5390f.tmp/WiFi_sysdiagnose_temp.u7hF91/WiFi/com.apple.wifi.syncable-networks.plist, Added (9139 bytes)
/private/var/mobile/Library/Logs/CrashReporter/DiagnosticLogs/sysdiagnose/IN_PROGRESS_sysdiagnose_2026.08.08_02-56-35+0300_iPhone-OS_iPhone_24A5390f.tmp/WiFi_sysdiagnose_temp.u7hF91/WiFi/com.apple.wifi.recent-networks.json, Added (1807 bytes)
/private/var/mobile/Library/Logs/CrashReporter/DiagnosticLogs/sysdiagnose/IN_PROGRESS_sysdiagnose_2026.08.08_02-56-35+0300_iPhone-OS_iPhone_24A5390f.tmp/WiFi_sysdiagnose_temp.u7hF91/WiFi/com.apple.wifi.syncable-networks.legacy.plist, Added (181 bytes)
/private/var/mobile/Library/Logs/CrashReporter/DiagnosticLogs/sysdiagnose/IN_PROGRESS_sysdiagnose_2026.08.08_02-56-35+0300_iPhone-OS_iPhone_24A5390f.tmp/WiFi_sysdiagnose_temp.u7hF91/WiFi/mobilewifitool.txt, Added (570 bytes)
/private/var/mobile/Library/Logs/CrashReporter/DiagnosticLogs/sysdiagnose/IN_PROGRESS_sysdiagnose_2026.08.08_02-56-35+0300_iPhone-OS_iPhone_24A5390f.tmp/WiFi_sysdiagnose_temp.u7hF91/WiFi/com.apple.wifi-private-mac-networks.plist, Added (1055 bytes)
/private/var/mobile/Library/Logs/CrashReporter/DiagnosticLogs/sysdiagnose/IN_PROGRESS_sysdiagnose_2026.08.08_02-56-35+0300_iPhone-OS_iPhone_24A5390f.tmp/WiFi_sysdiagnose_temp.u7hF91/WiFi/com.apple.wifi.plist, Added (3321 bytes)
/private/var/mobile/Library/Logs/CrashReporter/DiagnosticLogs/sysdiagnose/IN_PROGRESS_sysdiagnose_2026.08.08_02-56-35+0300_iPhone-OS_iPhone_24A5390f.tmp/WiFi_sysdiagnose_temp.u7hF91/WiFi/com.apple.wifi.known-networks.plist, Added (2041 bytes)
/private/var/mobile/Library/Logs/CrashReporter/DiagnosticLogs/sysdiagnose/IN_PROGRESS_sysdiagnose_2026.08.08_02-56-35+0300_iPhone-OS_iPhone_24A5390f.tmp/WiFi_sysdiagnose_temp.u7hF91/WiFi/LEGACY_com.apple.wifi-networks.plist, Added (42 bytes)

** DONE Enforcing size limit **
