
FPCK for Mobile Documents:
✅ disk <-> FSSnapshot succeeded on 12792 files.
✅ FSSnapshot <-> FPSnapshot succeeded on 12792 files. 

✅ ReconciliationTable checks succeeded on 12792 files. 


✉️   Telemetry report:

totalFixedFSSnapshotDiffs: 0
consistencyBuild: 24A5390f
numberOfBrokenFilesInReconciliationTableCheck: 0
numberOfReconciliationTableEntries: 11000
numberOfFilesChecked: 13000
volumeRole: 1
accumulated_file_sizes: 170000000
numberOfItemsInFPSnapshot: 99000
superPendingSetSize: 0
numberOfItemsInFSSnapshot: 11000
spsAge: 0
pendingSetSize: 0
totalFixedDiskBrokenInvariants: 0
status: 100
accumulatedSizeOfDisk: 110000000
skippedLockedItems: 0
FPCKRunReason: user
samplingRate: 18
totalDatalessItems: 1800
reportAge: 0
consistencyAge: 0
lastUpdateAge: 0
totalMaterializedItems: 250
startBuild: 24A5390f
numberOfBrokenFilesInFSAndFSSnapshotCheck: 0
lastUpdateBuild: 24A5390f
numberOfBrokenFilesInFSSnapshotAndFPSnapshotCheck: 0
repairDuration: 24000000000
spsBuild: 24A5390f

======================================

fileID(1755835)/C{9}n.md:  different_creation_date|extension_is_hidden_in_FP_Snapshot_but_not_on_FS_Snapshot
fileID(1755837)/8{34}D.heic:  different_creation_date|extension_is_hidden_in_FP_Snapshot_but_not_on_FS_Snapshot
fileID(1755837)/2{34}E.jpeg:  different_creation_date|extension_is_hidden_in_FP_Snapshot_but_not_on_FS_Snapshot
fileID(1755837)/0{34}A.png:  different_creation_date|extension_is_hidden_in_FP_Snapshot_but_not_on_FS_Snapshot
fileID(1755837)/0{34}1.jpeg:  different_creation_date|extension_is_hidden_in_FP_Snapshot_but_not_on_FS_Snapshot
fileID(1755837)/3{34}A.jpeg:  different_creation_date|extension_is_hidden_in_FP_Snapshot_but_not_on_FS_Snapshot
fileID(1755837)/9{34}D.json:  different_creation_date|different_last_used_date|extension_is_hidden_in_FP_Snapshot_but_not_on_FS_Snapshot
fileID(1755837)/5{34}4.jpeg:  different_creation_date|extension_is_hidden_in_FP_Snapshot_but_not_on_FS_Snapshot
fileID(1755837)/F{34}9.png:  different_creation_date|extension_is_hidden_in_FP_Snapshot_but_not_on_FS_Snapshot
fileID(1755837)/8{34}6.jpeg:  different_creation_date|extension_is_hidden_in_FP_Snapshot_but_not_on_FS_Snapshot
fileID(1755837)/1{34}D.jpeg:  different_creation_date|extension_is_hidden_in_FP_Snapshot_but_not_on_FS_Snapshot
fileID(1755837)/3{34}4.jpeg:  different_creation_date|extension_is_hidden_in_FP_Snapshot_but_not_on_FS_Snapshot
fileID(1755837)/F{34}F.png:  different_creation_date|extension_is_hidden_in_FP_Snapshot_but_not_on_FS_Snapshot
fileID(1755837)/1{34}F.png:  different_creation_date|extension_is_hidden_in_FP_Snapshot_but_not_on_FS_Snapshot

FPCK for 57462BA1-D425-4040-9057-E52C1EFA7873:
✅ disk <-> FSSnapshot succeeded on 82 files.
❌ FSSnapshot <-> FPSnapshot failed on 14/82 files. 

✅ ReconciliationTable checks succeeded on 82 files. 


✉️   Telemetry report:

totalFixedFSSnapshotDiffs: 0
consistencyBuild: 24A5390f
numberOfBrokenFilesInReconciliationTableCheck: 0
numberOfReconciliationTableEntries: 82
numberOfFilesChecked: 82
volumeRole: 1
accumulated_file_sizes: 75000000000
numberOfItemsInFPSnapshot: 82
superPendingSetSize: 0
numberOfItemsInFSSnapshot: 82
spsAge: 0
pendingSetSize: 0
totalFixedDiskBrokenInvariants: 0
status: 100
accumulatedSizeOfDisk: 23000000
skippedLockedItems: 0
FPCKRunReason: user
samplingRate: 100
totalDatalessItems: 61
reportAge: 0
consistencyAge: 0
lastUpdateAge: 0
totalMaterializedItems: 21
startBuild: 24A5390f
numberOfBrokenFilesInFSAndFSSnapshotCheck: 0
lastUpdateBuild: 24A5390f
numberOfBrokenFilesInFSSnapshotAndFPSnapshotCheck: 14
repairDuration: 230000000
spsBuild: 24A5390f

======================================

