{
  "stateMachine" : {
    "flags" : [
      "userRequest",
      "reloadConfig"
    ],
    "pendingFlags" : [

    ],
    "publicKeybag" : {
      "app" : "AT",
      "env" : "production",
      "fetchTime" : 806741776,
      "patLogBeginMs" : 1727300597099,
      "tltLogBeginMs" : 1698166491735,
      "trustedAppSPKI" : [
        "Sd6\/pKyaTAHCHDtLBwidcVpHhnbL2f58y6mRI77bnRY=",
        "cV53rPR\/5Gugl5gjhPEFEzvmU+4rQ38AAgrAlVpGJXE="
      ]
    },
    "reachability" : {
      "network" : true
    },
    "state" : "ready"
  }
}
