{
  "assets" : {
    "common" : {
      "assetVersion" : 0,
      "compatibilityVersion" : 0
    },
    "non-watch" : {
      "assetVersion" : 0,
      "compatibilityVersion" : 0
    }
  },
  "configuration" : {
    "variantName" : "100:default,101:default,102:default,103:default,105:default,106:default,107:default,104:default,108:default,109:default"
  },
  "database" : {
    "check" : {
      "foreign_key_check" : [

      ],
      "integrity_check" : [
        "ok"
      ]
    },
    "stats" : {
      "remoteRecordCounts" : {
        "ne_records" : 0,
        "tp_records" : 0
      },
      "rowCounts" : {
        "cn_handles" : 271,
        "cn_handles_sources" : 5301,
        "cn_history_tokens" : 3,
        "integrityCheck" : 0,
        "kv_blobs" : 6,
        "loc_records" : 1000,
        "loc_records_clp_areasOfInterest" : 1,
        "loc_records_contextual_ne" : 0,
        "loc_records_fb_pseudocounts" : 0,
        "ne_dk_fixup_49995922" : 0,
        "ne_records" : 15000,
        "ne_records_fb_pseudocounts" : 2,
        "significant_contacts" : 39,
        "sources" : 7255,
        "sqlite_sequence" : 9,
        "sqlite_stat1" : 26,
        "tp_dk_fixup_49995922" : 0,
        "tp_records" : 7572,
        "tp_records_fb_pseudocounts" : 0
      },
      "sources" : {
        "date" : {
          "earliest" : "2026-04-11",
          "latest" : "2026-08-07"
        },
        "recordCount" : 0,
        "ref_count" : {
          "max" : 434,
          "median" : 1,
          "min" : 1
        },
        "unique_field_count" : {
          "bundleId" : 23,
          "docId" : 7253
        }
      },
      "version" : 37
    }
  }
}