After 1.30s, these clients are still here:
		remaining client pid: 983 (/usr/libexec/tipsd/B6F340FB-6C36-3532-A3A0-FF8F65C82345)
		remaining client pid: 895 (/System/Library/PrivateFrameworks/SafariSafeBrowsing.framework/com.apple.Safari.SafeBrowsing.Service/E9B735C5-69BC-3A3D-A202-22F58C6F5118)
		remaining client pid: 398 (/System/Library/PrivateFrameworks/UsageTracking.framework/UsageTrackingAgent/BA19D49B-E2F3-3DD8-866B-057AD71465DE)
		remaining client pid: 339 (/usr/libexec/diskarbitrationd/A17B709A-F791-3598-8A47-ABB46F369A07)
		remaining client pid: 338 (/System/Library/CoreServices/coreservicesd/2BCF7031-6FB9-39C9-AC9E-7189F2646BD5)
		remaining client pid: 236 (/System/Library/PrivateFrameworks/SiriInference.framework/Support/siriinferenced/99A43D96-F52F-37F2-97DC-D8135875783D)
		remaining client pid: 238 (/usr/libexec/ospredictiond/4AB9BE49-08B2-39C2-B7E8-AAEB48E183F2)
		remaining client pid: 210 (/System/Library/PrivateFrameworks/SetupAssistant.framework/budd/D0F61920-CC7F-320F-910D-8146AAC9AFF4)
		remaining client pid: 169 (/System/Library/PrivateFrameworks/CoreCDP.framework/cdpd/763A7859-E2B6-31ED-973E-32C1F35CB3DC)
		remaining client pid: 150 (/System/Library/CoreServices/appplaceholdersyncd/C5E1991C-5E89-31F7-A1C0-AB7F0E87D034)
		remaining client pid: 118 (/usr/libexec/securityd/94F8B028-BD53-374E-9C23-8C152381C9AC)
		remaining client pid: 108 (/usr/libexec/IOMFB_bics_daemon/8AD33939-BC2D-3F6C-9FC0-B7E84B08C314)
		remaining client pid: 48 (/usr/libexec/configd/DE9C9CA7-B33E-32CA-9101-B509EE0AEA74)
		remaining client pid: 105 (/System/Library/Frameworks/CoreTelephony.framework/Support/CommCenter/48A92264-2549-3726-B40E-79679E8EC557)
		remaining client pid: 0 (/kernel/1A040488-8215-3A6D-BBDF-E1D981010216)
After 1.81s, these clients are still here:
		remaining client pid: 983 (/usr/libexec/tipsd/B6F340FB-6C36-3532-A3A0-FF8F65C82345)
		remaining client pid: 895 (/System/Library/PrivateFrameworks/SafariSafeBrowsing.framework/com.apple.Safari.SafeBrowsing.Service/E9B735C5-69BC-3A3D-A202-22F58C6F5118)
		remaining client pid: 398 (/System/Library/PrivateFrameworks/UsageTracking.framework/UsageTrackingAgent/BA19D49B-E2F3-3DD8-866B-057AD71465DE)
		remaining client pid: 339 (/usr/libexec/diskarbitrationd/A17B709A-F791-3598-8A47-ABB46F369A07)
		remaining client pid: 338 (/System/Library/CoreServices/coreservicesd/2BCF7031-6FB9-39C9-AC9E-7189F2646BD5)
		remaining client pid: 236 (/System/Library/PrivateFrameworks/SiriInference.framework/Support/siriinferenced/99A43D96-F52F-37F2-97DC-D8135875783D)
		remaining client pid: 238 (/usr/libexec/ospredictiond/4AB9BE49-08B2-39C2-B7E8-AAEB48E183F2)
		remaining client pid: 210 (/System/Library/PrivateFrameworks/SetupAssistant.framework/budd/D0F61920-CC7F-320F-910D-8146AAC9AFF4)
		remaining client pid: 169 (/System/Library/PrivateFrameworks/CoreCDP.framework/cdpd/763A7859-E2B6-31ED-973E-32C1F35CB3DC)
		remaining client pid: 150 (/System/Library/CoreServices/appplaceholdersyncd/C5E1991C-5E89-31F7-A1C0-AB7F0E87D034)
		remaining client pid: 118 (/usr/libexec/securityd/94F8B028-BD53-374E-9C23-8C152381C9AC)
		remaining client pid: 108 (/usr/libexec/IOMFB_bics_daemon/8AD33939-BC2D-3F6C-9FC0-B7E84B08C314)
		remaining client pid: 48 (/usr/libexec/configd/DE9C9CA7-B33E-32CA-9101-B509EE0AEA74)
		remaining client pid: 105 (/System/Library/Frameworks/CoreTelephony.framework/Support/CommCenter/48A92264-2549-3726-B40E-79679E8EC557)
		remaining client pid: 0 (/kernel/1A040488-8215-3A6D-BBDF-E1D981010216)
After 2.31s, these clients are still here:
		remaining client pid: 983 (/usr/libexec/tipsd/B6F340FB-6C36-3532-A3A0-FF8F65C82345)
		remaining client pid: 895 (/System/Library/PrivateFrameworks/SafariSafeBrowsing.framework/com.apple.Safari.SafeBrowsing.Service/E9B735C5-69BC-3A3D-A202-22F58C6F5118)
		remaining client pid: 398 (/System/Library/PrivateFrameworks/UsageTracking.framework/UsageTrackingAgent/BA19D49B-E2F3-3DD8-866B-057AD71465DE)
		remaining client pid: 339 (/usr/libexec/diskarbitrationd/A17B709A-F791-3598-8A47-ABB46F369A07)
		remaining client pid: 338 (/System/Library/CoreServices/coreservicesd/2BCF7031-6FB9-39C9-AC9E-7189F2646BD5)
		remaining client pid: 236 (/System/Library/PrivateFrameworks/SiriInference.framework/Support/siriinferenced/99A43D96-F52F-37F2-97DC-D8135875783D)
		remaining client pid: 238 (/usr/libexec/ospredictiond/4AB9BE49-08B2-39C2-B7E8-AAEB48E183F2)
		remaining client pid: 210 (/System/Library/PrivateFrameworks/SetupAssistant.framework/budd/D0F61920-CC7F-320F-910D-8146AAC9AFF4)
		remaining client pid: 169 (/System/Library/PrivateFrameworks/CoreCDP.framework/cdpd/763A7859-E2B6-31ED-973E-32C1F35CB3DC)
		remaining client pid: 150 (/System/Library/CoreServices/appplaceholdersyncd/C5E1991C-5E89-31F7-A1C0-AB7F0E87D034)
		remaining client pid: 118 (/usr/libexec/securityd/94F8B028-BD53-374E-9C23-8C152381C9AC)
		remaining client pid: 108 (/usr/libexec/IOMFB_bics_daemon/8AD33939-BC2D-3F6C-9FC0-B7E84B08C314)
		remaining client pid: 48 (/usr/libexec/configd/DE9C9CA7-B33E-32CA-9101-B509EE0AEA74)
		remaining client pid: 105 (/System/Library/Frameworks/CoreTelephony.framework/Support/CommCenter/48A92264-2549-3726-B40E-79679E8EC557)
		remaining client pid: 0 (/kernel/1A040488-8215-3A6D-BBDF-E1D981010216)
2.31s elapsed, cancelling firehose server.
After 2.31s, these clients are still here:
		remaining client pid: 0 (/kernel/1A040488-8215-3A6D-BBDF-E1D981010216)
SIGTERM: [1785048775] All buffers flushed
After 2.28s, these clients are still here:
		remaining client pid: 4547 (/System/Library/CoreServices/iconservicesagent/58FB879B-6C74-3A13-BF26-69C4B573ECDF)
		remaining client pid: 4286 (/System/Library/ExtensionKit/Extensions/com.apple.fskit.msdos.appex/com.apple.fskit.msdos/76E8A1A7-D309-3A73-9C67-43CC71A3989A)
		remaining client pid: 4284 (/System/Library/ExtensionKit/Extensions/com.apple.fskit.exfat.appex/com.apple.fskit.exfat/68300BDF-0C55-39BE-A8D6-39EF8C7B01FC)
		remaining client pid: 1020 (/usr/libexec/neagent/67A40904-AD0D-34F4-B0EF-4C548E595F74)
		remaining client pid: 884 (/System/Library/PrivateFrameworks/SafariSafeBrowsing.framework/com.apple.Safari.SafeBrowsing.Service/E9B735C5-69BC-3A3D-A202-22F58C6F5118)
		remaining client pid: 371 (/usr/sbin/filecoordinationd/A3F17987-F950-32C3-A9E0-26DCA3C2CC79)
		remaining client pid: 107 (/usr/libexec/IOMFB_bics_daemon/8AD33939-BC2D-3F6C-9FC0-B7E84B08C314)
		remaining client pid: 311 (/usr/libexec/nesessionmanager/A12FEF5D-2F2B-3C51-9BAA-255A101FA2F9)
		remaining client pid: 223 (/usr/libexec/clocksyncd/76D01831-9F6F-3A47-A94F-D9DA546DC813)
		remaining client pid: 180 (/usr/libexec/mobilerepaird/0A5B18CC-D362-3156-8F01-9AE1A18C6F86)
		remaining client pid: 79 (/usr/libexec/locationd/CD8B962E-CBA1-3748-9225-46DCF277B252)
		remaining client pid: 104 (/System/Library/Frameworks/CoreTelephony.framework/Support/CommCenter/48A92264-2549-3726-B40E-79679E8EC557)
		remaining client pid: 48 (/usr/libexec/configd/DE9C9CA7-B33E-32CA-9101-B509EE0AEA74)
		remaining client pid: 0 (/kernel/1A040488-8215-3A6D-BBDF-E1D981010216)
2.28s elapsed, cancelling firehose server.
After 2.29s, these clients are still here:
		remaining client pid: 0 (/kernel/1A040488-8215-3A6D-BBDF-E1D981010216)
SIGTERM: [1785077150] All buffers flushed
After 1.06s, these clients are still here:
		remaining client pid: 45818 (/System/Library/PrivateFrameworks/DataMigration.framework/XPCServices/com.apple.datamigrator.xpc/com.apple.datamigrator/4AFCEFDA-D9ED-3961-ADFF-04757943D267)
		remaining client pid: 45817 (/System/Library/PrivateFrameworks/OSAnalyticsPrivate.framework/XPCServices/ReportCrashService.xpc/ReportCrashService/83639ADD-2671-3DBC-8810-F206E8A82827)
		remaining client pid: 45815 (/System/Library/PrivateFrameworks/OSAnalyticsPrivate.framework/XPCServices/ReportCrashService.xpc/ReportCrashService/83639ADD-2671-3DBC-8810-F206E8A82827)
		remaining client pid: 45528 (/System/Library/CoreServices/ReportCrash/258E9296-1AC4-3FC0-AA8D-9DAE4A4FED8C)
		remaining client pid: 44099 (/System/Library/PrivateFrameworks/FitnessCoachingServices.framework/fitnesscoachingd/F3789661-1EA9-3A4E-91FF-6924A47A6E0F)
		remaining client pid: 44040 (/System/Library/PrivateFrameworks/PassKitCore.framework/passd/AF809A03-907D-380D-B68D-B091A4D3FE39)
		remaining client pid: 42715 (/System/Library/CoreServices/osanalyticshelper/D0937E11-6385-3F73-8E2F-899C4EEAEA37)
		remaining client pid: 17703 (/System/Library/PrivateFrameworks/AuthKit.framework/akd/92FC1EEC-55B2-3311-8767-B604DD5C1D09)
		remaining client pid: 14720 (/System/Library/PrivateFrameworks/InstallCoordination.framework/Support/installcoordinationd/544FF87C-3627-32A5-BCB8-0713B76412D4)
		remaining client pid: 12759 (/usr/libexec/powerexperienced/356BA9B6-6C48-3769-AF6C-EA7F1E213991)
		remaining client pid: 711 (/System/Library/PrivateFrameworks/SafariSafeBrowsing.framework/com.apple.Safari.SafeBrowsing.Service/E9B735C5-69BC-3A3D-A202-22F58C6F5118)
		remaining client pid: 554 (/usr/libexec/neagent/67A40904-AD0D-34F4-B0EF-4C548E595F74)
		remaining client pid: 107 (/usr/libexec/IOMFB_bics_daemon/8AD33939-BC2D-3F6C-9FC0-B7E84B08C314)
		remaining client pid: 363 (/usr/libexec/nesessionmanager/A12FEF5D-2F2B-3C51-9BAA-255A101FA2F9)
		remaining client pid: 300 (/System/Library/Frameworks/AssetsLibrary.framework/Support/assetsd/E43B3A5C-8F0E-340D-A2B4-DB57724D3B3F)
		remaining client pid: 260 (/usr/sbin/filecoordinationd/A3F17987-F950-32C3-A9E0-26DCA3C2CC79)
		remaining client pid: 161 (/usr/libexec/mobilerepaird/0A5B18CC-D362-3156-8F01-9AE1A18C6F86)
		remaining client pid: 40 (/usr/libexec/routined/53790A2A-BF07-3971-8A11-422F518CC27C)
		remaining client pid: 104 (/System/Library/Frameworks/CoreTelephony.framework/Support/CommCenter/48A92264-2549-3726-B40E-79679E8EC557)
		remaining client pid: 48 (/usr/libexec/configd/DE9C9CA7-B33E-32CA-9101-B509EE0AEA74)
		remaining client pid: 0 (/kernel/1A040488-8215-3A6D-BBDF-E1D981010216)
After 1.57s, these clients are still here:
		remaining client pid: 45818 (/System/Library/PrivateFrameworks/DataMigration.framework/XPCServices/com.apple.datamigrator.xpc/com.apple.datamigrator/4AFCEFDA-D9ED-3961-ADFF-04757943D267)
		remaining client pid: 45817 (/System/Library/PrivateFrameworks/OSAnalyticsPrivate.framework/XPCServices/ReportCrashService.xpc/ReportCrashService/83639ADD-2671-3DBC-8810-F206E8A82827)
		remaining client pid: 45815 (/System/Library/PrivateFrameworks/OSAnalyticsPrivate.framework/XPCServices/ReportCrashService.xpc/ReportCrashService/83639ADD-2671-3DBC-8810-F206E8A82827)
		remaining client pid: 45528 (/System/Library/CoreServices/ReportCrash/258E9296-1AC4-3FC0-AA8D-9DAE4A4FED8C)
		remaining client pid: 44099 (/System/Library/PrivateFrameworks/FitnessCoachingServices.framework/fitnesscoachingd/F3789661-1EA9-3A4E-91FF-6924A47A6E0F)
		remaining client pid: 44040 (/System/Library/PrivateFrameworks/PassKitCore.framework/passd/AF809A03-907D-380D-B68D-B091A4D3FE39)
		remaining client pid: 42715 (/System/Library/CoreServices/osanalyticshelper/D0937E11-6385-3F73-8E2F-899C4EEAEA37)
		remaining client pid: 17703 (/System/Library/PrivateFrameworks/AuthKit.framework/akd/92FC1EEC-55B2-3311-8767-B604DD5C1D09)
		remaining client pid: 14720 (/System/Library/PrivateFrameworks/InstallCoordination.framework/Support/installcoordinationd/544FF87C-3627-32A5-BCB8-0713B76412D4)
		remaining client pid: 12759 (/usr/libexec/powerexperienced/356BA9B6-6C48-3769-AF6C-EA7F1E213991)
		remaining client pid: 711 (/System/Library/PrivateFrameworks/SafariSafeBrowsing.framework/com.apple.Safari.SafeBrowsing.Service/E9B735C5-69BC-3A3D-A202-22F58C6F5118)
		remaining client pid: 554 (/usr/libexec/neagent/67A40904-AD0D-34F4-B0EF-4C548E595F74)
		remaining client pid: 107 (/usr/libexec/IOMFB_bics_daemon/8AD33939-BC2D-3F6C-9FC0-B7E84B08C314)
		remaining client pid: 363 (/usr/libexec/nesessionmanager/A12FEF5D-2F2B-3C51-9BAA-255A101FA2F9)
		remaining client pid: 300 (/System/Library/Frameworks/AssetsLibrary.framework/Support/assetsd/E43B3A5C-8F0E-340D-A2B4-DB57724D3B3F)
		remaining client pid: 260 (/usr/sbin/filecoordinationd/A3F17987-F950-32C3-A9E0-26DCA3C2CC79)
		remaining client pid: 161 (/usr/libexec/mobilerepaird/0A5B18CC-D362-3156-8F01-9AE1A18C6F86)
		remaining client pid: 40 (/usr/libexec/routined/53790A2A-BF07-3971-8A11-422F518CC27C)
		remaining client pid: 104 (/System/Library/Frameworks/CoreTelephony.framework/Support/CommCenter/48A92264-2549-3726-B40E-79679E8EC557)
		remaining client pid: 48 (/usr/libexec/configd/DE9C9CA7-B33E-32CA-9101-B509EE0AEA74)
		remaining client pid: 0 (/kernel/1A040488-8215-3A6D-BBDF-E1D981010216)
After 2.07s, these clients are still here:
		remaining client pid: 45818 (/System/Library/PrivateFrameworks/DataMigration.framework/XPCServices/com.apple.datamigrator.xpc/com.apple.datamigrator/4AFCEFDA-D9ED-3961-ADFF-04757943D267)
		remaining client pid: 45817 (/System/Library/PrivateFrameworks/OSAnalyticsPrivate.framework/XPCServices/ReportCrashService.xpc/ReportCrashService/83639ADD-2671-3DBC-8810-F206E8A82827)
		remaining client pid: 45815 (/System/Library/PrivateFrameworks/OSAnalyticsPrivate.framework/XPCServices/ReportCrashService.xpc/ReportCrashService/83639ADD-2671-3DBC-8810-F206E8A82827)
		remaining client pid: 45528 (/System/Library/CoreServices/ReportCrash/258E9296-1AC4-3FC0-AA8D-9DAE4A4FED8C)
		remaining client pid: 44099 (/System/Library/PrivateFrameworks/FitnessCoachingServices.framework/fitnesscoachingd/F3789661-1EA9-3A4E-91FF-6924A47A6E0F)
		remaining client pid: 44040 (/System/Library/PrivateFrameworks/PassKitCore.framework/passd/AF809A03-907D-380D-B68D-B091A4D3FE39)
		remaining client pid: 42715 (/System/Library/CoreServices/osanalyticshelper/D0937E11-6385-3F73-8E2F-899C4EEAEA37)
		remaining client pid: 17703 (/System/Library/PrivateFrameworks/AuthKit.framework/akd/92FC1EEC-55B2-3311-8767-B604DD5C1D09)
		remaining client pid: 14720 (/System/Library/PrivateFrameworks/InstallCoordination.framework/Support/installcoordinationd/544FF87C-3627-32A5-BCB8-0713B76412D4)
		remaining client pid: 12759 (/usr/libexec/powerexperienced/356BA9B6-6C48-3769-AF6C-EA7F1E213991)
		remaining client pid: 711 (/System/Library/PrivateFrameworks/SafariSafeBrowsing.framework/com.apple.Safari.SafeBrowsing.Service/E9B735C5-69BC-3A3D-A202-22F58C6F5118)
		remaining client pid: 554 (/usr/libexec/neagent/67A40904-AD0D-34F4-B0EF-4C548E595F74)
		remaining client pid: 107 (/usr/libexec/IOMFB_bics_daemon/8AD33939-BC2D-3F6C-9FC0-B7E84B08C314)
		remaining client pid: 363 (/usr/libexec/nesessionmanager/A12FEF5D-2F2B-3C51-9BAA-255A101FA2F9)
		remaining client pid: 300 (/System/Library/Frameworks/AssetsLibrary.framework/Support/assetsd/E43B3A5C-8F0E-340D-A2B4-DB57724D3B3F)
		remaining client pid: 260 (/usr/sbin/filecoordinationd/A3F17987-F950-32C3-A9E0-26DCA3C2CC79)
		remaining client pid: 161 (/usr/libexec/mobilerepaird/0A5B18CC-D362-3156-8F01-9AE1A18C6F86)
		remaining client pid: 40 (/usr/libexec/routined/53790A2A-BF07-3971-8A11-422F518CC27C)
		remaining client pid: 104 (/System/Library/Frameworks/CoreTelephony.framework/Support/CommCenter/48A92264-2549-3726-B40E-79679E8EC557)
		remaining client pid: 48 (/usr/libexec/configd/DE9C9CA7-B33E-32CA-9101-B509EE0AEA74)
		remaining client pid: 0 (/kernel/1A040488-8215-3A6D-BBDF-E1D981010216)
2.07s elapsed, cancelling firehose server.
After 2.07s, these clients are still here:
		remaining client pid: 0 (/kernel/1A040488-8215-3A6D-BBDF-E1D981010216)
SIGTERM: [1785986180] All buffers flushed
After 1.49s, these clients are still here:
		remaining client pid: 53995 (/System/Library/PrivateFrameworks/WorkflowKit.framework/XPCServices/BackgroundShortcutRunner.xpc/BackgroundShortcutRunner/CE01FE67-8617-326C-A229-B59F9F049B5A)
		remaining client pid: 53994 (/System/Library/PrivateFrameworks/WorkflowKit.framework/XPCServices/BackgroundShortcutRunner.xpc/BackgroundShortcutRunner/CE01FE67-8617-326C-A229-B59F9F049B5A)
		remaining client pid: 53993 (/System/Library/PrivateFrameworks/ContinuousDialogManagerService.framework/assistant_cdmd/16F4E3CD-F3A0-3342-81F3-CD53FB16DB22)
		remaining client pid: 53395 (/usr/libexec/heartbeatd/39165D83-A49A-3924-98A1-C8EF9D94819B)
		remaining client pid: 50926 (/usr/libexec/duetexpertd/4305112B-00ED-3B23-9793-DBF8CB42F3A5)
		remaining client pid: 49646 (/usr/libexec/pipelined/D560F540-0367-31D8-A51F-12A0E25D5E63)
		remaining client pid: 49298 (/System/Library/PrivateFrameworks/MapsSupport.framework/navd/AA886464-EC68-356B-9D5F-0F1E4D33499B)
		remaining client pid: 49201 (/System/Library/PrivateFrameworks/IntelligenceFlowRuntime.framework/intelligenceflowd/AB2AEAFD-6120-3BBB-918F-DB01ED024F51)
		remaining client pid: 49159 (/System/Library/Frameworks/AssetsLibrary.framework/Support/assetsd/E43B3A5C-8F0E-340D-A2B4-DB57724D3B3F)
		remaining client pid: 47752 (/usr/libexec/PowerUIAgent/12F7B052-5064-3C07-B112-F24AF723B1F5)
		remaining client pid: 46707 (/usr/libexec/neagent/67A40904-AD0D-34F4-B0EF-4C548E595F74)
		remaining client pid: 46360 (/System/Library/PrivateFrameworks/SafariSafeBrowsing.framework/com.apple.Safari.SafeBrowsing.Service/E9B735C5-69BC-3A3D-A202-22F58C6F5118)
		remaining client pid: 45900 (/usr/libexec/IOMFB_bics_daemon/8AD33939-BC2D-3F6C-9FC0-B7E84B08C314)
		remaining client pid: 46185 (/usr/libexec/nesessionmanager/A12FEF5D-2F2B-3C51-9BAA-255A101FA2F9)
		remaining client pid: 46091 (/usr/sbin/filecoordinationd/A3F17987-F950-32C3-A9E0-26DCA3C2CC79)
		remaining client pid: 46076 (/System/Library/PrivateFrameworks/InstallCoordination.framework/Support/installcoordinationd/544FF87C-3627-32A5-BCB8-0713B76412D4)
		remaining client pid: 45998 (/System/Library/PrivateFrameworks/AuthKit.framework/akd/92FC1EEC-55B2-3311-8767-B604DD5C1D09)
		remaining client pid: 45976 (/System/Library/PrivateFrameworks/AgentSessionKitRuntime.framework/agentstored/BE1335ED-2694-3315-8595-1679573794C2)
		remaining client pid: 46010 (/usr/libexec/mobilerepaird/0A5B18CC-D362-3156-8F01-9AE1A18C6F86)
		remaining client pid: 46023 (/System/Library/PrivateFrameworks/VoiceShortcuts.framework/Support/siriactionsd/8F7A7BCB-72E0-3401-A6BD-DE4E7B0E2384)
		remaining client pid: 45833 (/usr/libexec/routined/53790A2A-BF07-3971-8A11-422F518CC27C)
		remaining client pid: 45832 (/System/Library/PrivateFrameworks/AssistantServices.framework/assistantd/058185C1-A6B9-3230-BD1B-56660983CB24)
		remaining client pid: 45841 (/usr/libexec/configd/DE9C9CA7-B33E-32CA-9101-B509EE0AEA74)
		remaining client pid: 45897 (/System/Library/Frameworks/CoreTelephony.framework/Support/CommCenter/48A92264-2549-3726-B40E-79679E8EC557)
		remaining client pid: 0 (/kernel/1A040488-8215-3A6D-BBDF-E1D981010216)
After 2.00s, these clients are still here:
		remaining client pid: 53995 (/System/Library/PrivateFrameworks/WorkflowKit.framework/XPCServices/BackgroundShortcutRunner.xpc/BackgroundShortcutRunner/CE01FE67-8617-326C-A229-B59F9F049B5A)
		remaining client pid: 53994 (/System/Library/PrivateFrameworks/WorkflowKit.framework/XPCServices/BackgroundShortcutRunner.xpc/BackgroundShortcutRunner/CE01FE67-8617-326C-A229-B59F9F049B5A)
		remaining client pid: 53993 (/System/Library/PrivateFrameworks/ContinuousDialogManagerService.framework/assistant_cdmd/16F4E3CD-F3A0-3342-81F3-CD53FB16DB22)
		remaining client pid: 53395 (/usr/libexec/heartbeatd/39165D83-A49A-3924-98A1-C8EF9D94819B)
		remaining client pid: 50926 (/usr/libexec/duetexpertd/4305112B-00ED-3B23-9793-DBF8CB42F3A5)
		remaining client pid: 49646 (/usr/libexec/pipelined/D560F540-0367-31D8-A51F-12A0E25D5E63)
		remaining client pid: 49298 (/System/Library/PrivateFrameworks/MapsSupport.framework/navd/AA886464-EC68-356B-9D5F-0F1E4D33499B)
		remaining client pid: 49201 (/System/Library/PrivateFrameworks/IntelligenceFlowRuntime.framework/intelligenceflowd/AB2AEAFD-6120-3BBB-918F-DB01ED024F51)
		remaining client pid: 49159 (/System/Library/Frameworks/AssetsLibrary.framework/Support/assetsd/E43B3A5C-8F0E-340D-A2B4-DB57724D3B3F)
		remaining client pid: 47752 (/usr/libexec/PowerUIAgent/12F7B052-5064-3C07-B112-F24AF723B1F5)
		remaining client pid: 46707 (/usr/libexec/neagent/67A40904-AD0D-34F4-B0EF-4C548E595F74)
		remaining client pid: 46360 (/System/Library/PrivateFrameworks/SafariSafeBrowsing.framework/com.apple.Safari.SafeBrowsing.Service/E9B735C5-69BC-3A3D-A202-22F58C6F5118)
		remaining client pid: 45900 (/usr/libexec/IOMFB_bics_daemon/8AD33939-BC2D-3F6C-9FC0-B7E84B08C314)
		remaining client pid: 46185 (/usr/libexec/nesessionmanager/A12FEF5D-2F2B-3C51-9BAA-255A101FA2F9)
		remaining client pid: 46091 (/usr/sbin/filecoordinationd/A3F17987-F950-32C3-A9E0-26DCA3C2CC79)
		remaining client pid: 46076 (/System/Library/PrivateFrameworks/InstallCoordination.framework/Support/installcoordinationd/544FF87C-3627-32A5-BCB8-0713B76412D4)
		remaining client pid: 45998 (/System/Library/PrivateFrameworks/AuthKit.framework/akd/92FC1EEC-55B2-3311-8767-B604DD5C1D09)
		remaining client pid: 45976 (/System/Library/PrivateFrameworks/AgentSessionKitRuntime.framework/agentstored/BE1335ED-2694-3315-8595-1679573794C2)
		remaining client pid: 46010 (/usr/libexec/mobilerepaird/0A5B18CC-D362-3156-8F01-9AE1A18C6F86)
		remaining client pid: 46023 (/System/Library/PrivateFrameworks/VoiceShortcuts.framework/Support/siriactionsd/8F7A7BCB-72E0-3401-A6BD-DE4E7B0E2384)
		remaining client pid: 45833 (/usr/libexec/routined/53790A2A-BF07-3971-8A11-422F518CC27C)
		remaining client pid: 45832 (/System/Library/PrivateFrameworks/AssistantServices.framework/assistantd/058185C1-A6B9-3230-BD1B-56660983CB24)
		remaining client pid: 45841 (/usr/libexec/configd/DE9C9CA7-B33E-32CA-9101-B509EE0AEA74)
		remaining client pid: 45897 (/System/Library/Frameworks/CoreTelephony.framework/Support/CommCenter/48A92264-2549-3726-B40E-79679E8EC557)
		remaining client pid: 0 (/kernel/1A040488-8215-3A6D-BBDF-E1D981010216)
After 2.50s, these clients are still here:
		remaining client pid: 53995 (/System/Library/PrivateFrameworks/WorkflowKit.framework/XPCServices/BackgroundShortcutRunner.xpc/BackgroundShortcutRunner/CE01FE67-8617-326C-A229-B59F9F049B5A)
		remaining client pid: 53994 (/System/Library/PrivateFrameworks/WorkflowKit.framework/XPCServices/BackgroundShortcutRunner.xpc/BackgroundShortcutRunner/CE01FE67-8617-326C-A229-B59F9F049B5A)
		remaining client pid: 53993 (/System/Library/PrivateFrameworks/ContinuousDialogManagerService.framework/assistant_cdmd/16F4E3CD-F3A0-3342-81F3-CD53FB16DB22)
		remaining client pid: 53395 (/usr/libexec/heartbeatd/39165D83-A49A-3924-98A1-C8EF9D94819B)
		remaining client pid: 50926 (/usr/libexec/duetexpertd/4305112B-00ED-3B23-9793-DBF8CB42F3A5)
		remaining client pid: 49646 (/usr/libexec/pipelined/D560F540-0367-31D8-A51F-12A0E25D5E63)
		remaining client pid: 49298 (/System/Library/PrivateFrameworks/MapsSupport.framework/navd/AA886464-EC68-356B-9D5F-0F1E4D33499B)
		remaining client pid: 49201 (/System/Library/PrivateFrameworks/IntelligenceFlowRuntime.framework/intelligenceflowd/AB2AEAFD-6120-3BBB-918F-DB01ED024F51)
		remaining client pid: 49159 (/System/Library/Frameworks/AssetsLibrary.framework/Support/assetsd/E43B3A5C-8F0E-340D-A2B4-DB57724D3B3F)
		remaining client pid: 47752 (/usr/libexec/PowerUIAgent/12F7B052-5064-3C07-B112-F24AF723B1F5)
		remaining client pid: 46707 (/usr/libexec/neagent/67A40904-AD0D-34F4-B0EF-4C548E595F74)
		remaining client pid: 46360 (/System/Library/PrivateFrameworks/SafariSafeBrowsing.framework/com.apple.Safari.SafeBrowsing.Service/E9B735C5-69BC-3A3D-A202-22F58C6F5118)
		remaining client pid: 45900 (/usr/libexec/IOMFB_bics_daemon/8AD33939-BC2D-3F6C-9FC0-B7E84B08C314)
		remaining client pid: 46185 (/usr/libexec/nesessionmanager/A12FEF5D-2F2B-3C51-9BAA-255A101FA2F9)
		remaining client pid: 46091 (/usr/sbin/filecoordinationd/A3F17987-F950-32C3-A9E0-26DCA3C2CC79)
		remaining client pid: 46076 (/System/Library/PrivateFrameworks/InstallCoordination.framework/Support/installcoordinationd/544FF87C-3627-32A5-BCB8-0713B76412D4)
		remaining client pid: 45998 (/System/Library/PrivateFrameworks/AuthKit.framework/akd/92FC1EEC-55B2-3311-8767-B604DD5C1D09)
		remaining client pid: 45976 (/System/Library/PrivateFrameworks/AgentSessionKitRuntime.framework/agentstored/BE1335ED-2694-3315-8595-1679573794C2)
		remaining client pid: 46010 (/usr/libexec/mobilerepaird/0A5B18CC-D362-3156-8F01-9AE1A18C6F86)
		remaining client pid: 46023 (/System/Library/PrivateFrameworks/VoiceShortcuts.framework/Support/siriactionsd/8F7A7BCB-72E0-3401-A6BD-DE4E7B0E2384)
		remaining client pid: 45833 (/usr/libexec/routined/53790A2A-BF07-3971-8A11-422F518CC27C)
		remaining client pid: 45832 (/System/Library/PrivateFrameworks/AssistantServices.framework/assistantd/058185C1-A6B9-3230-BD1B-56660983CB24)
		remaining client pid: 45841 (/usr/libexec/configd/DE9C9CA7-B33E-32CA-9101-B509EE0AEA74)
		remaining client pid: 45897 (/System/Library/Frameworks/CoreTelephony.framework/Support/CommCenter/48A92264-2549-3726-B40E-79679E8EC557)
		remaining client pid: 0 (/kernel/1A040488-8215-3A6D-BBDF-E1D981010216)
2.50s elapsed, cancelling firehose server.
After 2.50s, these clients are still here:
		remaining client pid: 0 (/kernel/1A040488-8215-3A6D-BBDF-E1D981010216)
SIGTERM: [1786139797] All buffers flushed
After 1.16s, these clients are still here:
		remaining client pid: 334 (/System/Library/PrivateFrameworks/CascadeSets.framework/XPCServices/SetStoreUpdateService.xpc/SetStoreUpdateService/8F9FB5BA-45A1-38F1-9EB6-72851CF7A07D)
		remaining client pid: 329 (/System/Library/Frameworks/Speech.framework/XPCServices/localspeechrecognition.xpc/localspeechrecognition/88473596-5160-36DF-B1F0-40A26EF6DDD3)
		remaining client pid: 325 (/usr/libexec/ReportMemoryException/4C520342-4F39-3979-ABFE-0FBDB8A50EF8)
		remaining client pid: 323 (/System/Library/PrivateFrameworks/VoiceShortcuts.framework/Support/siriactionsd/8F7A7BCB-72E0-3401-A6BD-DE4E7B0E2384)
		remaining client pid: 317 (/System/Library/Frameworks/Translation.framework/translationd/6AF4DC94-430E-3B4E-94B8-0AA89FF2E650)
		remaining client pid: 316 (/System/Library/PrivateFrameworks/InstallCoordination.framework/Support/installcoordinationd/544FF87C-3627-32A5-BCB8-0713B76412D4)
		remaining client pid: 314 (/System/Library/PrivateFrameworks/ABMHelper.framework/Support/abm-helper/DA7A1E50-A621-3F3E-AA7A-597FED774A08)
		remaining client pid: 167 (/System/Library/PrivateFrameworks/WatchListKit.framework/Support/watchlistd/2BB10856-4A3A-31E0-BAF3-45065E006FC3)
		remaining client pid: 287 (/System/Library/PrivateFrameworks/StatusKit.framework/StatusKitAgent/42BEC8B4-2612-3970-9C6C-F8D6462A1D58)
		remaining client pid: 268 (/System/Library/Frameworks/AssetsLibrary.framework/Support/assetsd/E43B3A5C-8F0E-340D-A2B4-DB57724D3B3F)
		remaining client pid: 231 (/usr/libexec/dmd/492B50BB-CEDF-3E90-BD27-246267F7B780)
		remaining client pid: 258 (/System/Library/PrivateFrameworks/iCloudNotification.framework/ind/905CE94B-4FFD-3B1E-A355-4E7E7E908833)
		remaining client pid: 233 (/usr/libexec/appleaccountd/086464B9-789D-31E7-B3AD-C876645AE355)
		remaining client pid: 102 (/System/Library/PrivateFrameworks/AppleMediaServices.framework/amsaccountsd/927C6646-104F-3727-85C0-862C0331C8E6)
		remaining client pid: 244 (/usr/libexec/eligibilityd/541C6700-6918-3B8C-BC4F-86C4DAA8AD34)
		remaining client pid: 219 (/private/preboot/Cryptexes/App/usr/libexec/webbookmarksd/0E8A4C91-A55C-3A14-9B49-71AC30BB9CD8)
		remaining client pid: 215 (/System/Library/PrivateFrameworks/AuthKit.framework/akd/92FC1EEC-55B2-3311-8767-B604DD5C1D09)
		remaining client pid: 178 (/usr/libexec/audioanalyticsd/02EAD1F0-EBBD-3F2E-8D8C-9FB156A2C33E)
		remaining client pid: 134 (/System/Library/Frameworks/WirelessInsights.framework/Support/wirelessinsightsd/6107A36B-7CE1-32F7-9BC1-219588B062FC)
		remaining client pid: 170 (/System/Library/PrivateFrameworks/ModelCatalogRuntime.framework/modelcatalogd/73A44AD1-74A6-3CBF-81B3-6FD079A364AE)
		remaining client pid: 176 (/System/Library/PrivateFrameworks/CoreCDP.framework/cdpd/763A7859-E2B6-31ED-973E-32C1F35CB3DC)
		remaining client pid: 190 (/usr/libexec/nearbyd/3D279759-9154-3EF8-A95B-049EE8BBBFB3)
		remaining client pid: 201 (/usr/libexec/symptomsd/31F3D00A-3DF2-361A-B7CA-36F420C36849)
		remaining client pid: 198 (/System/Library/PrivateFrameworks/ContinuousDialogManagerService.framework/assistant_cdmd/16F4E3CD-F3A0-3342-81F3-CD53FB16DB22)
		remaining client pid: 205 (/System/Library/PrivateFrameworks/GenerativeExperiencesRuntime.framework/generativeexperiencesd/2AE56BB4-353F-3023-BEE9-A5D0E345D823)
		remaining client pid: 199 (/System/Library/PrivateFrameworks/SiriTTSService.framework/sirittsd/8389B75A-C38B-3DC8-B402-5743D5D26CDB)
		remaining client pid: 200 (/System/Library/PrivateFrameworks/MobileAssetDaemon.framework/XPCServices/com.apple.MobileAsset.DownloadService.Builtin.xpc/com.apple.MobileAsset.DownloadService.Builtin/A63044E4-4EB7-3D9C-B29E-ACC1F0B76A16)
		remaining client pid: 40 (/usr/libexec/routined/53790A2A-BF07-3971-8A11-422F518CC27C)
		remaining client pid: 97 (/System/Library/PrivateFrameworks/MapsSupport.framework/navd/AA886464-EC68-356B-9D5F-0F1E4D33499B)
		remaining client pid: 39 (/System/Library/PrivateFrameworks/AssistantServices.framework/assistantd/058185C1-A6B9-3230-BD1B-56660983CB24)
		remaining client pid: 41 (/System/Library/PrivateFrameworks/MediaRemote.framework/Support/mediaremoted/934A39C1-EFD4-3C20-ACCB-AB52BADC3A40)
		remaining client pid: 126 (/usr/libexec/mobileassetd/CA7B5547-15BC-357D-83ED-428575456FA8)
		remaining client pid: 84 (/usr/libexec/audioaccessoryd/99E60F72-4623-34AA-AEB6-21FF01BD1656)
		remaining client pid: 127 (/usr/libexec/PowerUIAgent/12F7B052-5064-3C07-B112-F24AF723B1F5)
		remaining client pid: 50 (/System/Library/PrivateFrameworks/TCC.framework/Support/tccd/9131E6DB-D855-3A87-A0CF-03B4A302BE9E)
		remaining client pid: 148 (/System/Library/Frameworks/CoreTelephony.framework/Support/CommCenterMobileHelper/50BDB09C-9530-3357-9748-F0865FFFE0A3)
		remaining client pid: 146 (/System/Library/PrivateFrameworks/TelephonyUtilities.framework/callservicesd/B6106EF9-F5F8-3926-9F21-B3D66F8B0289)
		remaining client pid: 144 (/usr/libexec/nanoregistryd/BE9C47FC-A7B9-36C8-A388-2F1DF1121318)
		remaining client pid: 142 (/System/Library/PrivateFrameworks/SessionCore.framework/Support/liveactivitiesd/93F781AE-7EA0-3392-97B7-83776BE2C9CA)
		remaining client pid: 139 (/usr/libexec/securityd/94F8B028-BD53-374E-9C23-8C152381C9AC)
		remaining client pid: 135 (/System/Library/PrivateFrameworks/DataMigration.framework/XPCServices/com.apple.datamigrator.xpc/com.apple.datamigrator/4AFCEFDA-D9ED-3961-ADFF-04757943D267)
		remaining client pid: 79 (/usr/libexec/locationd/CD8B962E-CBA1-3748-9225-46DCF277B252)
		remaining client pid: 70 (/System/Library/PrivateFrameworks/CoreDuetContext.framework/Resources/contextstored/3808DCA2-3D54-3B7F-A56F-FEEB0C6F4082)
		remaining client pid: 83 (/usr/libexec/containermanagerd/AC4FEAC8-0AC5-3505-BE5D-FD5AC1AFB5F0)
		remaining client pid: 116 (/System/Library/PrivateFrameworks/ChronoCore.framework/Support/chronod/20E11E8A-0658-36F4-B11D-9DCFB37D2AC3)
		remaining client pid: 101 (/usr/sbin/bluetoothd/5DC49804-7EB6-3AC2-AEBD-2D1E431BD77C)
		remaining client pid: 104 (/System/Library/Frameworks/CoreTelephony.framework/Support/CommCenter/48A92264-2549-3726-B40E-79679E8EC557)
		remaining client pid: 66 (/System/Library/PrivateFrameworks/IDS.framework/identityservicesd.app/identityservicesd/9A4994D4-B1CF-39DF-A44B-E035849DF93C)
		remaining client pid: 48 (/usr/libexec/configd/DE9C9CA7-B33E-32CA-9101-B509EE0AEA74)
		remaining client pid: 77 (/usr/libexec/sharingd/D22CEAC5-FB1F-318F-A220-39CD8F4EEFCF)
		remaining client pid: 56 (/usr/sbin/wifid/956E7A54-FDF5-3412-8954-40108AA64176)
		remaining client pid: 65 (/usr/libexec/nfcd/AC82A9F7-DCC5-3560-86F6-2ECEB3CEF6A5)
		remaining client pid: 33 (/usr/libexec/UserEventAgent/C58CB62F-9108-36B5-92C0-170C59CC296A)
		remaining client pid: 0 (/kernel/1A040488-8215-3A6D-BBDF-E1D981010216)
After 1.67s, these clients are still here:
		remaining client pid: 329 (/System/Library/Frameworks/Speech.framework/XPCServices/localspeechrecognition.xpc/localspeechrecognition/88473596-5160-36DF-B1F0-40A26EF6DDD3)
		remaining client pid: 323 (/System/Library/PrivateFrameworks/VoiceShortcuts.framework/Support/siriactionsd/8F7A7BCB-72E0-3401-A6BD-DE4E7B0E2384)
		remaining client pid: 317 (/System/Library/Frameworks/Translation.framework/translationd/6AF4DC94-430E-3B4E-94B8-0AA89FF2E650)
		remaining client pid: 316 (/System/Library/PrivateFrameworks/InstallCoordination.framework/Support/installcoordinationd/544FF87C-3627-32A5-BCB8-0713B76412D4)
		remaining client pid: 314 (/System/Library/PrivateFrameworks/ABMHelper.framework/Support/abm-helper/DA7A1E50-A621-3F3E-AA7A-597FED774A08)
		remaining client pid: 287 (/System/Library/PrivateFrameworks/StatusKit.framework/StatusKitAgent/42BEC8B4-2612-3970-9C6C-F8D6462A1D58)
		remaining client pid: 268 (/System/Library/Frameworks/AssetsLibrary.framework/Support/assetsd/E43B3A5C-8F0E-340D-A2B4-DB57724D3B3F)
		remaining client pid: 231 (/usr/libexec/dmd/492B50BB-CEDF-3E90-BD27-246267F7B780)
		remaining client pid: 233 (/usr/libexec/appleaccountd/086464B9-789D-31E7-B3AD-C876645AE355)
		remaining client pid: 102 (/System/Library/PrivateFrameworks/AppleMediaServices.framework/amsaccountsd/927C6646-104F-3727-85C0-862C0331C8E6)
		remaining client pid: 244 (/usr/libexec/eligibilityd/541C6700-6918-3B8C-BC4F-86C4DAA8AD34)
		remaining client pid: 215 (/System/Library/PrivateFrameworks/AuthKit.framework/akd/92FC1EEC-55B2-3311-8767-B604DD5C1D09)
		remaining client pid: 178 (/usr/libexec/audioanalyticsd/02EAD1F0-EBBD-3F2E-8D8C-9FB156A2C33E)
		remaining client pid: 176 (/System/Library/PrivateFrameworks/CoreCDP.framework/cdpd/763A7859-E2B6-31ED-973E-32C1F35CB3DC)
		remaining client pid: 201 (/usr/libexec/symptomsd/31F3D00A-3DF2-361A-B7CA-36F420C36849)
		remaining client pid: 198 (/System/Library/PrivateFrameworks/ContinuousDialogManagerService.framework/assistant_cdmd/16F4E3CD-F3A0-3342-81F3-CD53FB16DB22)
		remaining client pid: 205 (/System/Library/PrivateFrameworks/GenerativeExperiencesRuntime.framework/generativeexperiencesd/2AE56BB4-353F-3023-BEE9-A5D0E345D823)
		remaining client pid: 199 (/System/Library/PrivateFrameworks/SiriTTSService.framework/sirittsd/8389B75A-C38B-3DC8-B402-5743D5D26CDB)
		remaining client pid: 200 (/System/Library/PrivateFrameworks/MobileAssetDaemon.framework/XPCServices/com.apple.MobileAsset.DownloadService.Builtin.xpc/com.apple.MobileAsset.DownloadService.Builtin/A63044E4-4EB7-3D9C-B29E-ACC1F0B76A16)
		remaining client pid: 40 (/usr/libexec/routined/53790A2A-BF07-3971-8A11-422F518CC27C)
		remaining client pid: 39 (/System/Library/PrivateFrameworks/AssistantServices.framework/assistantd/058185C1-A6B9-3230-BD1B-56660983CB24)
		remaining client pid: 41 (/System/Library/PrivateFrameworks/MediaRemote.framework/Support/mediaremoted/934A39C1-EFD4-3C20-ACCB-AB52BADC3A40)
		remaining client pid: 126 (/usr/libexec/mobileassetd/CA7B5547-15BC-357D-83ED-428575456FA8)
		remaining client pid: 127 (/usr/libexec/PowerUIAgent/12F7B052-5064-3C07-B112-F24AF723B1F5)
		remaining client pid: 50 (/System/Library/PrivateFrameworks/TCC.framework/Support/tccd/9131E6DB-D855-3A87-A0CF-03B4A302BE9E)
		remaining client pid: 144 (/usr/libexec/nanoregistryd/BE9C47FC-A7B9-36C8-A388-2F1DF1121318)
		remaining client pid: 135 (/System/Library/PrivateFrameworks/DataMigration.framework/XPCServices/com.apple.datamigrator.xpc/com.apple.datamigrator/4AFCEFDA-D9ED-3961-ADFF-04757943D267)
		remaining client pid: 79 (/usr/libexec/locationd/CD8B962E-CBA1-3748-9225-46DCF277B252)
		remaining client pid: 70 (/System/Library/PrivateFrameworks/CoreDuetContext.framework/Resources/contextstored/3808DCA2-3D54-3B7F-A56F-FEEB0C6F4082)
		remaining client pid: 116 (/System/Library/PrivateFrameworks/ChronoCore.framework/Support/chronod/20E11E8A-0658-36F4-B11D-9DCFB37D2AC3)
		remaining client pid: 104 (/System/Library/Frameworks/CoreTelephony.framework/Support/CommCenter/48A92264-2549-3726-B40E-79679E8EC557)
		remaining client pid: 66 (/System/Library/PrivateFrameworks/IDS.framework/identityservicesd.app/identityservicesd/9A4994D4-B1CF-39DF-A44B-E035849DF93C)
		remaining client pid: 48 (/usr/libexec/configd/DE9C9CA7-B33E-32CA-9101-B509EE0AEA74)
		remaining client pid: 33 (/usr/libexec/UserEventAgent/C58CB62F-9108-36B5-92C0-170C59CC296A)
		remaining client pid: 0 (/kernel/1A040488-8215-3A6D-BBDF-E1D981010216)
After 2.17s, these clients are still here:
		remaining client pid: 323 (/System/Library/PrivateFrameworks/VoiceShortcuts.framework/Support/siriactionsd/8F7A7BCB-72E0-3401-A6BD-DE4E7B0E2384)
		remaining client pid: 317 (/System/Library/Frameworks/Translation.framework/translationd/6AF4DC94-430E-3B4E-94B8-0AA89FF2E650)
		remaining client pid: 316 (/System/Library/PrivateFrameworks/InstallCoordination.framework/Support/installcoordinationd/544FF87C-3627-32A5-BCB8-0713B76412D4)
		remaining client pid: 314 (/System/Library/PrivateFrameworks/ABMHelper.framework/Support/abm-helper/DA7A1E50-A621-3F3E-AA7A-597FED774A08)
		remaining client pid: 287 (/System/Library/PrivateFrameworks/StatusKit.framework/StatusKitAgent/42BEC8B4-2612-3970-9C6C-F8D6462A1D58)
		remaining client pid: 268 (/System/Library/Frameworks/AssetsLibrary.framework/Support/assetsd/E43B3A5C-8F0E-340D-A2B4-DB57724D3B3F)
		remaining client pid: 231 (/usr/libexec/dmd/492B50BB-CEDF-3E90-BD27-246267F7B780)
		remaining client pid: 233 (/usr/libexec/appleaccountd/086464B9-789D-31E7-B3AD-C876645AE355)
		remaining client pid: 102 (/System/Library/PrivateFrameworks/AppleMediaServices.framework/amsaccountsd/927C6646-104F-3727-85C0-862C0331C8E6)
		remaining client pid: 244 (/usr/libexec/eligibilityd/541C6700-6918-3B8C-BC4F-86C4DAA8AD34)
		remaining client pid: 215 (/System/Library/PrivateFrameworks/AuthKit.framework/akd/92FC1EEC-55B2-3311-8767-B604DD5C1D09)
		remaining client pid: 178 (/usr/libexec/audioanalyticsd/02EAD1F0-EBBD-3F2E-8D8C-9FB156A2C33E)
		remaining client pid: 176 (/System/Library/PrivateFrameworks/CoreCDP.framework/cdpd/763A7859-E2B6-31ED-973E-32C1F35CB3DC)
		remaining client pid: 201 (/usr/libexec/symptomsd/31F3D00A-3DF2-361A-B7CA-36F420C36849)
		remaining client pid: 198 (/System/Library/PrivateFrameworks/ContinuousDialogManagerService.framework/assistant_cdmd/16F4E3CD-F3A0-3342-81F3-CD53FB16DB22)
		remaining client pid: 205 (/System/Library/PrivateFrameworks/GenerativeExperiencesRuntime.framework/generativeexperiencesd/2AE56BB4-353F-3023-BEE9-A5D0E345D823)
		remaining client pid: 199 (/System/Library/PrivateFrameworks/SiriTTSService.framework/sirittsd/8389B75A-C38B-3DC8-B402-5743D5D26CDB)
		remaining client pid: 40 (/usr/libexec/routined/53790A2A-BF07-3971-8A11-422F518CC27C)
		remaining client pid: 39 (/System/Library/PrivateFrameworks/AssistantServices.framework/assistantd/058185C1-A6B9-3230-BD1B-56660983CB24)
		remaining client pid: 41 (/System/Library/PrivateFrameworks/MediaRemote.framework/Support/mediaremoted/934A39C1-EFD4-3C20-ACCB-AB52BADC3A40)
		remaining client pid: 127 (/usr/libexec/PowerUIAgent/12F7B052-5064-3C07-B112-F24AF723B1F5)
		remaining client pid: 50 (/System/Library/PrivateFrameworks/TCC.framework/Support/tccd/9131E6DB-D855-3A87-A0CF-03B4A302BE9E)
		remaining client pid: 144 (/usr/libexec/nanoregistryd/BE9C47FC-A7B9-36C8-A388-2F1DF1121318)
		remaining client pid: 135 (/System/Library/PrivateFrameworks/DataMigration.framework/XPCServices/com.apple.datamigrator.xpc/com.apple.datamigrator/4AFCEFDA-D9ED-3961-ADFF-04757943D267)
		remaining client pid: 79 (/usr/libexec/locationd/CD8B962E-CBA1-3748-9225-46DCF277B252)
		remaining client pid: 70 (/System/Library/PrivateFrameworks/CoreDuetContext.framework/Resources/contextstored/3808DCA2-3D54-3B7F-A56F-FEEB0C6F4082)
		remaining client pid: 116 (/System/Library/PrivateFrameworks/ChronoCore.framework/Support/chronod/20E11E8A-0658-36F4-B11D-9DCFB37D2AC3)
		remaining client pid: 104 (/System/Library/Frameworks/CoreTelephony.framework/Support/CommCenter/48A92264-2549-3726-B40E-79679E8EC557)
		remaining client pid: 48 (/usr/libexec/configd/DE9C9CA7-B33E-32CA-9101-B509EE0AEA74)
		remaining client pid: 33 (/usr/libexec/UserEventAgent/C58CB62F-9108-36B5-92C0-170C59CC296A)
		remaining client pid: 0 (/kernel/1A040488-8215-3A6D-BBDF-E1D981010216)
2.17s elapsed, cancelling firehose server.
After 2.17s, these clients are still here:
		remaining client pid: 0 (/kernel/1A040488-8215-3A6D-BBDF-E1D981010216)
SIGTERM: [1786139834] All buffers flushed
After 1.13s, these clients are still here:
		remaining client pid: 319 (/System/Library/PrivateFrameworks/CoreLocationTiles.framework/XPCServices/TilesService.xpc/TilesService/22FC7E57-70D1-382A-973F-61AE57B61218)
		remaining client pid: 293 (/System/Library/Frameworks/Translation.framework/translationd/6AF4DC94-430E-3B4E-94B8-0AA89FF2E650)
		remaining client pid: 289 (/System/Library/PrivateFrameworks/StatusKit.framework/StatusKitAgent/42BEC8B4-2612-3970-9C6C-F8D6462A1D58)
		remaining client pid: 276 (/usr/libexec/dmd/492B50BB-CEDF-3E90-BD27-246267F7B780)
		remaining client pid: 275 (/System/Library/Frameworks/AssetsLibrary.framework/Support/assetsd/E43B3A5C-8F0E-340D-A2B4-DB57724D3B3F)
		remaining client pid: 259 (/System/Library/PrivateFrameworks/VoiceShortcuts.framework/Support/siriactionsd/8F7A7BCB-72E0-3401-A6BD-DE4E7B0E2384)
		remaining client pid: 102 (/System/Library/PrivateFrameworks/AppleMediaServices.framework/amsaccountsd/927C6646-104F-3727-85C0-862C0331C8E6)
		remaining client pid: 232 (/usr/libexec/eligibilityd/541C6700-6918-3B8C-BC4F-86C4DAA8AD34)
		remaining client pid: 219 (/System/Library/PrivateFrameworks/AuthKit.framework/akd/92FC1EEC-55B2-3311-8767-B604DD5C1D09)
		remaining client pid: 135 (/System/Library/Frameworks/WirelessInsights.framework/Support/wirelessinsightsd/6107A36B-7CE1-32F7-9BC1-219588B062FC)
		remaining client pid: 202 (/usr/libexec/symptomsd/31F3D00A-3DF2-361A-B7CA-36F420C36849)
		remaining client pid: 200 (/System/Library/PrivateFrameworks/ContinuousDialogManagerService.framework/assistant_cdmd/16F4E3CD-F3A0-3342-81F3-CD53FB16DB22)
		remaining client pid: 41 (/System/Library/PrivateFrameworks/MediaRemote.framework/Support/mediaremoted/934A39C1-EFD4-3C20-ACCB-AB52BADC3A40)
		remaining client pid: 176 (/System/Library/PrivateFrameworks/CoreCDP.framework/cdpd/763A7859-E2B6-31ED-973E-32C1F35CB3DC)
		remaining client pid: 205 (/System/Library/PrivateFrameworks/GenerativeExperiencesRuntime.framework/generativeexperiencesd/2AE56BB4-353F-3023-BEE9-A5D0E345D823)
		remaining client pid: 40 (/usr/libexec/routined/53790A2A-BF07-3971-8A11-422F518CC27C)
		remaining client pid: 181 (/System/Library/PrivateFrameworks/ABMHelper.framework/Support/abm-helper/DA7A1E50-A621-3F3E-AA7A-597FED774A08)
		remaining client pid: 39 (/System/Library/PrivateFrameworks/AssistantServices.framework/assistantd/058185C1-A6B9-3230-BD1B-56660983CB24)
		remaining client pid: 125 (/usr/libexec/PowerUIAgent/12F7B052-5064-3C07-B112-F24AF723B1F5)
		remaining client pid: 164 (/System/Library/PrivateFrameworks/GeoServices.framework/geod/21705AE9-BF47-3D70-B180-20712AC54FFD)
		remaining client pid: 50 (/System/Library/PrivateFrameworks/TCC.framework/Support/tccd/9131E6DB-D855-3A87-A0CF-03B4A302BE9E)
		remaining client pid: 142 (/usr/libexec/nanoregistryd/BE9C47FC-A7B9-36C8-A388-2F1DF1121318)
		remaining client pid: 134 (/System/Library/PrivateFrameworks/DataMigration.framework/XPCServices/com.apple.datamigrator.xpc/com.apple.datamigrator/4AFCEFDA-D9ED-3961-ADFF-04757943D267)
		remaining client pid: 70 (/System/Library/PrivateFrameworks/CoreDuetContext.framework/Resources/contextstored/3808DCA2-3D54-3B7F-A56F-FEEB0C6F4082)
		remaining client pid: 104 (/System/Library/Frameworks/CoreTelephony.framework/Support/CommCenter/48A92264-2549-3726-B40E-79679E8EC557)
		remaining client pid: 79 (/usr/libexec/locationd/CD8B962E-CBA1-3748-9225-46DCF277B252)
		remaining client pid: 48 (/usr/libexec/configd/DE9C9CA7-B33E-32CA-9101-B509EE0AEA74)
		remaining client pid: 65 (/usr/libexec/nfcd/AC82A9F7-DCC5-3560-86F6-2ECEB3CEF6A5)
		remaining client pid: 33 (/usr/libexec/UserEventAgent/C58CB62F-9108-36B5-92C0-170C59CC296A)
		remaining client pid: 0 (/kernel/1A040488-8215-3A6D-BBDF-E1D981010216)
After 1.63s, these clients are still here:
		remaining client pid: 289 (/System/Library/PrivateFrameworks/StatusKit.framework/StatusKitAgent/42BEC8B4-2612-3970-9C6C-F8D6462A1D58)
		remaining client pid: 276 (/usr/libexec/dmd/492B50BB-CEDF-3E90-BD27-246267F7B780)
		remaining client pid: 275 (/System/Library/Frameworks/AssetsLibrary.framework/Support/assetsd/E43B3A5C-8F0E-340D-A2B4-DB57724D3B3F)
		remaining client pid: 259 (/System/Library/PrivateFrameworks/VoiceShortcuts.framework/Support/siriactionsd/8F7A7BCB-72E0-3401-A6BD-DE4E7B0E2384)
		remaining client pid: 102 (/System/Library/PrivateFrameworks/AppleMediaServices.framework/amsaccountsd/927C6646-104F-3727-85C0-862C0331C8E6)
		remaining client pid: 232 (/usr/libexec/eligibilityd/541C6700-6918-3B8C-BC4F-86C4DAA8AD34)
		remaining client pid: 219 (/System/Library/PrivateFrameworks/AuthKit.framework/akd/92FC1EEC-55B2-3311-8767-B604DD5C1D09)
		remaining client pid: 135 (/System/Library/Frameworks/WirelessInsights.framework/Support/wirelessinsightsd/6107A36B-7CE1-32F7-9BC1-219588B062FC)
		remaining client pid: 202 (/usr/libexec/symptomsd/31F3D00A-3DF2-361A-B7CA-36F420C36849)
		remaining client pid: 200 (/System/Library/PrivateFrameworks/ContinuousDialogManagerService.framework/assistant_cdmd/16F4E3CD-F3A0-3342-81F3-CD53FB16DB22)
		remaining client pid: 41 (/System/Library/PrivateFrameworks/MediaRemote.framework/Support/mediaremoted/934A39C1-EFD4-3C20-ACCB-AB52BADC3A40)
		remaining client pid: 176 (/System/Library/PrivateFrameworks/CoreCDP.framework/cdpd/763A7859-E2B6-31ED-973E-32C1F35CB3DC)
		remaining client pid: 205 (/System/Library/PrivateFrameworks/GenerativeExperiencesRuntime.framework/generativeexperiencesd/2AE56BB4-353F-3023-BEE9-A5D0E345D823)
		remaining client pid: 40 (/usr/libexec/routined/53790A2A-BF07-3971-8A11-422F518CC27C)
		remaining client pid: 39 (/System/Library/PrivateFrameworks/AssistantServices.framework/assistantd/058185C1-A6B9-3230-BD1B-56660983CB24)
		remaining client pid: 125 (/usr/libexec/PowerUIAgent/12F7B052-5064-3C07-B112-F24AF723B1F5)
		remaining client pid: 164 (/System/Library/PrivateFrameworks/GeoServices.framework/geod/21705AE9-BF47-3D70-B180-20712AC54FFD)
		remaining client pid: 50 (/System/Library/PrivateFrameworks/TCC.framework/Support/tccd/9131E6DB-D855-3A87-A0CF-03B4A302BE9E)
		remaining client pid: 142 (/usr/libexec/nanoregistryd/BE9C47FC-A7B9-36C8-A388-2F1DF1121318)
		remaining client pid: 134 (/System/Library/PrivateFrameworks/DataMigration.framework/XPCServices/com.apple.datamigrator.xpc/com.apple.datamigrator/4AFCEFDA-D9ED-3961-ADFF-04757943D267)
		remaining client pid: 70 (/System/Library/PrivateFrameworks/CoreDuetContext.framework/Resources/contextstored/3808DCA2-3D54-3B7F-A56F-FEEB0C6F4082)
		remaining client pid: 104 (/System/Library/Frameworks/CoreTelephony.framework/Support/CommCenter/48A92264-2549-3726-B40E-79679E8EC557)
		remaining client pid: 48 (/usr/libexec/configd/DE9C9CA7-B33E-32CA-9101-B509EE0AEA74)
		remaining client pid: 33 (/usr/libexec/UserEventAgent/C58CB62F-9108-36B5-92C0-170C59CC296A)
		remaining client pid: 0 (/kernel/1A040488-8215-3A6D-BBDF-E1D981010216)
After 2.13s, these clients are still here:
		remaining client pid: 289 (/System/Library/PrivateFrameworks/StatusKit.framework/StatusKitAgent/42BEC8B4-2612-3970-9C6C-F8D6462A1D58)
		remaining client pid: 276 (/usr/libexec/dmd/492B50BB-CEDF-3E90-BD27-246267F7B780)
		remaining client pid: 275 (/System/Library/Frameworks/AssetsLibrary.framework/Support/assetsd/E43B3A5C-8F0E-340D-A2B4-DB57724D3B3F)
		remaining client pid: 259 (/System/Library/PrivateFrameworks/VoiceShortcuts.framework/Support/siriactionsd/8F7A7BCB-72E0-3401-A6BD-DE4E7B0E2384)
		remaining client pid: 102 (/System/Library/PrivateFrameworks/AppleMediaServices.framework/amsaccountsd/927C6646-104F-3727-85C0-862C0331C8E6)
		remaining client pid: 219 (/System/Library/PrivateFrameworks/AuthKit.framework/akd/92FC1EEC-55B2-3311-8767-B604DD5C1D09)
		remaining client pid: 135 (/System/Library/Frameworks/WirelessInsights.framework/Support/wirelessinsightsd/6107A36B-7CE1-32F7-9BC1-219588B062FC)
		remaining client pid: 202 (/usr/libexec/symptomsd/31F3D00A-3DF2-361A-B7CA-36F420C36849)
		remaining client pid: 200 (/System/Library/PrivateFrameworks/ContinuousDialogManagerService.framework/assistant_cdmd/16F4E3CD-F3A0-3342-81F3-CD53FB16DB22)
		remaining client pid: 41 (/System/Library/PrivateFrameworks/MediaRemote.framework/Support/mediaremoted/934A39C1-EFD4-3C20-ACCB-AB52BADC3A40)
		remaining client pid: 176 (/System/Library/PrivateFrameworks/CoreCDP.framework/cdpd/763A7859-E2B6-31ED-973E-32C1F35CB3DC)
		remaining client pid: 205 (/System/Library/PrivateFrameworks/GenerativeExperiencesRuntime.framework/generativeexperiencesd/2AE56BB4-353F-3023-BEE9-A5D0E345D823)
		remaining client pid: 40 (/usr/libexec/routined/53790A2A-BF07-3971-8A11-422F518CC27C)
		remaining client pid: 39 (/System/Library/PrivateFrameworks/AssistantServices.framework/assistantd/058185C1-A6B9-3230-BD1B-56660983CB24)
		remaining client pid: 125 (/usr/libexec/PowerUIAgent/12F7B052-5064-3C07-B112-F24AF723B1F5)
		remaining client pid: 164 (/System/Library/PrivateFrameworks/GeoServices.framework/geod/21705AE9-BF47-3D70-B180-20712AC54FFD)
		remaining client pid: 50 (/System/Library/PrivateFrameworks/TCC.framework/Support/tccd/9131E6DB-D855-3A87-A0CF-03B4A302BE9E)
		remaining client pid: 142 (/usr/libexec/nanoregistryd/BE9C47FC-A7B9-36C8-A388-2F1DF1121318)
		remaining client pid: 134 (/System/Library/PrivateFrameworks/DataMigration.framework/XPCServices/com.apple.datamigrator.xpc/com.apple.datamigrator/4AFCEFDA-D9ED-3961-ADFF-04757943D267)
		remaining client pid: 70 (/System/Library/PrivateFrameworks/CoreDuetContext.framework/Resources/contextstored/3808DCA2-3D54-3B7F-A56F-FEEB0C6F4082)
		remaining client pid: 104 (/System/Library/Frameworks/CoreTelephony.framework/Support/CommCenter/48A92264-2549-3726-B40E-79679E8EC557)
		remaining client pid: 48 (/usr/libexec/configd/DE9C9CA7-B33E-32CA-9101-B509EE0AEA74)
		remaining client pid: 33 (/usr/libexec/UserEventAgent/C58CB62F-9108-36B5-92C0-170C59CC296A)
		remaining client pid: 0 (/kernel/1A040488-8215-3A6D-BBDF-E1D981010216)
2.13s elapsed, cancelling firehose server.
After 2.14s, these clients are still here:
		remaining client pid: 0 (/kernel/1A040488-8215-3A6D-BBDF-E1D981010216)
SIGTERM: [1786139885] All buffers flushed
After 1.29s, these clients are still here:
		remaining client pid: 584 (/System/Library/PrivateFrameworks/SafariSafeBrowsing.framework/com.apple.Safari.SafeBrowsing.Service/E9B735C5-69BC-3A3D-A202-22F58C6F5118)
		remaining client pid: 330 (/usr/libexec/heartbeatd/39165D83-A49A-3924-98A1-C8EF9D94819B)
		remaining client pid: 343 (/usr/sbin/filecoordinationd/A3F17987-F950-32C3-A9E0-26DCA3C2CC79)
		remaining client pid: 303 (/usr/libexec/tipsd/B6F340FB-6C36-3532-A3A0-FF8F65C82345)
		remaining client pid: 305 (/System/Library/PrivateFrameworks/InstallCoordination.framework/Support/installcoordinationd/544FF87C-3627-32A5-BCB8-0713B76412D4)
		remaining client pid: 265 (/System/Library/PrivateFrameworks/VoiceShortcuts.framework/Support/siriactionsd/8F7A7BCB-72E0-3401-A6BD-DE4E7B0E2384)
		remaining client pid: 208 (/usr/libexec/duetexpertd/4305112B-00ED-3B23-9793-DBF8CB42F3A5)
		remaining client pid: 180 (/System/Library/PrivateFrameworks/CoreCDP.framework/cdpd/763A7859-E2B6-31ED-973E-32C1F35CB3DC)
		remaining client pid: 169 (/usr/libexec/audioanalyticsd/02EAD1F0-EBBD-3F2E-8D8C-9FB156A2C33E)
		remaining client pid: 167 (/usr/libexec/mobilerepaird/0A5B18CC-D362-3156-8F01-9AE1A18C6F86)
		remaining client pid: 107 (/usr/libexec/IOMFB_bics_daemon/8AD33939-BC2D-3F6C-9FC0-B7E84B08C314)
		remaining client pid: 90 (/System/Library/PrivateFrameworks/PassKitCore.framework/passd/AF809A03-907D-380D-B68D-B091A4D3FE39)
		remaining client pid: 104 (/System/Library/Frameworks/CoreTelephony.framework/Support/CommCenter/48A92264-2549-3726-B40E-79679E8EC557)
		remaining client pid: 48 (/usr/libexec/configd/DE9C9CA7-B33E-32CA-9101-B509EE0AEA74)
		remaining client pid: 0 (/kernel/1A040488-8215-3A6D-BBDF-E1D981010216)
After 1.79s, these clients are still here:
		remaining client pid: 584 (/System/Library/PrivateFrameworks/SafariSafeBrowsing.framework/com.apple.Safari.SafeBrowsing.Service/E9B735C5-69BC-3A3D-A202-22F58C6F5118)
		remaining client pid: 330 (/usr/libexec/heartbeatd/39165D83-A49A-3924-98A1-C8EF9D94819B)
		remaining client pid: 343 (/usr/sbin/filecoordinationd/A3F17987-F950-32C3-A9E0-26DCA3C2CC79)
		remaining client pid: 303 (/usr/libexec/tipsd/B6F340FB-6C36-3532-A3A0-FF8F65C82345)
		remaining client pid: 305 (/System/Library/PrivateFrameworks/InstallCoordination.framework/Support/installcoordinationd/544FF87C-3627-32A5-BCB8-0713B76412D4)
		remaining client pid: 265 (/System/Library/PrivateFrameworks/VoiceShortcuts.framework/Support/siriactionsd/8F7A7BCB-72E0-3401-A6BD-DE4E7B0E2384)
		remaining client pid: 208 (/usr/libexec/duetexpertd/4305112B-00ED-3B23-9793-DBF8CB42F3A5)
		remaining client pid: 180 (/System/Library/PrivateFrameworks/CoreCDP.framework/cdpd/763A7859-E2B6-31ED-973E-32C1F35CB3DC)
		remaining client pid: 167 (/usr/libexec/mobilerepaird/0A5B18CC-D362-3156-8F01-9AE1A18C6F86)
		remaining client pid: 107 (/usr/libexec/IOMFB_bics_daemon/8AD33939-BC2D-3F6C-9FC0-B7E84B08C314)
		remaining client pid: 90 (/System/Library/PrivateFrameworks/PassKitCore.framework/passd/AF809A03-907D-380D-B68D-B091A4D3FE39)
		remaining client pid: 104 (/System/Library/Frameworks/CoreTelephony.framework/Support/CommCenter/48A92264-2549-3726-B40E-79679E8EC557)
		remaining client pid: 48 (/usr/libexec/configd/DE9C9CA7-B33E-32CA-9101-B509EE0AEA74)
		remaining client pid: 0 (/kernel/1A040488-8215-3A6D-BBDF-E1D981010216)
After 2.29s, these clients are still here:
		remaining client pid: 584 (/System/Library/PrivateFrameworks/SafariSafeBrowsing.framework/com.apple.Safari.SafeBrowsing.Service/E9B735C5-69BC-3A3D-A202-22F58C6F5118)
		remaining client pid: 330 (/usr/libexec/heartbeatd/39165D83-A49A-3924-98A1-C8EF9D94819B)
		remaining client pid: 343 (/usr/sbin/filecoordinationd/A3F17987-F950-32C3-A9E0-26DCA3C2CC79)
		remaining client pid: 303 (/usr/libexec/tipsd/B6F340FB-6C36-3532-A3A0-FF8F65C82345)
		remaining client pid: 305 (/System/Library/PrivateFrameworks/InstallCoordination.framework/Support/installcoordinationd/544FF87C-3627-32A5-BCB8-0713B76412D4)
		remaining client pid: 265 (/System/Library/PrivateFrameworks/VoiceShortcuts.framework/Support/siriactionsd/8F7A7BCB-72E0-3401-A6BD-DE4E7B0E2384)
		remaining client pid: 208 (/usr/libexec/duetexpertd/4305112B-00ED-3B23-9793-DBF8CB42F3A5)
		remaining client pid: 180 (/System/Library/PrivateFrameworks/CoreCDP.framework/cdpd/763A7859-E2B6-31ED-973E-32C1F35CB3DC)
		remaining client pid: 167 (/usr/libexec/mobilerepaird/0A5B18CC-D362-3156-8F01-9AE1A18C6F86)
		remaining client pid: 107 (/usr/libexec/IOMFB_bics_daemon/8AD33939-BC2D-3F6C-9FC0-B7E84B08C314)
		remaining client pid: 90 (/System/Library/PrivateFrameworks/PassKitCore.framework/passd/AF809A03-907D-380D-B68D-B091A4D3FE39)
		remaining client pid: 104 (/System/Library/Frameworks/CoreTelephony.framework/Support/CommCenter/48A92264-2549-3726-B40E-79679E8EC557)
		remaining client pid: 48 (/usr/libexec/configd/DE9C9CA7-B33E-32CA-9101-B509EE0AEA74)
		remaining client pid: 0 (/kernel/1A040488-8215-3A6D-BBDF-E1D981010216)
2.29s elapsed, cancelling firehose server.
After 2.30s, these clients are still here:
		remaining client pid: 0 (/kernel/1A040488-8215-3A6D-BBDF-E1D981010216)
SIGTERM: [1786143208] All buffers flushed
After 1.13s, these clients are still here:
		remaining client pid: 341 (/System/Library/PrivateFrameworks/CoreLocationTiles.framework/XPCServices/TilesService.xpc/TilesService/22FC7E57-70D1-382A-973F-61AE57B61218)
		remaining client pid: 275 (/System/Library/PrivateFrameworks/VoiceShortcuts.framework/Support/siriactionsd/8F7A7BCB-72E0-3401-A6BD-DE4E7B0E2384)
		remaining client pid: 274 (/System/Library/PrivateFrameworks/StatusKit.framework/StatusKitAgent/42BEC8B4-2612-3970-9C6C-F8D6462A1D58)
		remaining client pid: 268 (/System/Library/PrivateFrameworks/InstallCoordination.framework/Support/installcoordinationd/544FF87C-3627-32A5-BCB8-0713B76412D4)
		remaining client pid: 267 (/System/Library/PrivateFrameworks/ABMHelper.framework/Support/abm-helper/DA7A1E50-A621-3F3E-AA7A-597FED774A08)
		remaining client pid: 262 (/System/Library/Frameworks/AssetsLibrary.framework/Support/assetsd/E43B3A5C-8F0E-340D-A2B4-DB57724D3B3F)
		remaining client pid: 242 (/usr/libexec/dmd/492B50BB-CEDF-3E90-BD27-246267F7B780)
		remaining client pid: 102 (/System/Library/PrivateFrameworks/AppleMediaServices.framework/amsaccountsd/927C6646-104F-3727-85C0-862C0331C8E6)
		remaining client pid: 216 (/System/Library/PrivateFrameworks/AuthKit.framework/akd/92FC1EEC-55B2-3311-8767-B604DD5C1D09)
		remaining client pid: 134 (/System/Library/Frameworks/WirelessInsights.framework/Support/wirelessinsightsd/6107A36B-7CE1-32F7-9BC1-219588B062FC)
		remaining client pid: 198 (/usr/libexec/symptomsd/31F3D00A-3DF2-361A-B7CA-36F420C36849)
		remaining client pid: 178 (/System/Library/PrivateFrameworks/CoreCDP.framework/cdpd/763A7859-E2B6-31ED-973E-32C1F35CB3DC)
		remaining client pid: 205 (/System/Library/PrivateFrameworks/GenerativeExperiencesRuntime.framework/generativeexperiencesd/2AE56BB4-353F-3023-BEE9-A5D0E345D823)
		remaining client pid: 40 (/usr/libexec/routined/53790A2A-BF07-3971-8A11-422F518CC27C)
		remaining client pid: 39 (/System/Library/PrivateFrameworks/AssistantServices.framework/assistantd/058185C1-A6B9-3230-BD1B-56660983CB24)
		remaining client pid: 41 (/System/Library/PrivateFrameworks/MediaRemote.framework/Support/mediaremoted/934A39C1-EFD4-3C20-ACCB-AB52BADC3A40)
		remaining client pid: 128 (/usr/libexec/PowerUIAgent/12F7B052-5064-3C07-B112-F24AF723B1F5)
		remaining client pid: 156 (/usr/libexec/mobileactivationd/1B6EE4AA-8C5D-339C-8B9F-EA81CABB66CE)
		remaining client pid: 50 (/System/Library/PrivateFrameworks/TCC.framework/Support/tccd/9131E6DB-D855-3A87-A0CF-03B4A302BE9E)
		remaining client pid: 79 (/usr/libexec/locationd/CD8B962E-CBA1-3748-9225-46DCF277B252)
		remaining client pid: 138 (/System/Library/PrivateFrameworks/DataMigration.framework/XPCServices/com.apple.datamigrator.xpc/com.apple.datamigrator/4AFCEFDA-D9ED-3961-ADFF-04757943D267)
		remaining client pid: 70 (/System/Library/PrivateFrameworks/CoreDuetContext.framework/Resources/contextstored/3808DCA2-3D54-3B7F-A56F-FEEB0C6F4082)
		remaining client pid: 115 (/System/Library/PrivateFrameworks/ChronoCore.framework/Support/chronod/20E11E8A-0658-36F4-B11D-9DCFB37D2AC3)
		remaining client pid: 104 (/System/Library/Frameworks/CoreTelephony.framework/Support/CommCenter/48A92264-2549-3726-B40E-79679E8EC557)
		remaining client pid: 48 (/usr/libexec/configd/DE9C9CA7-B33E-32CA-9101-B509EE0AEA74)
		remaining client pid: 33 (/usr/libexec/UserEventAgent/C58CB62F-9108-36B5-92C0-170C59CC296A)
		remaining client pid: 0 (/kernel/1A040488-8215-3A6D-BBDF-E1D981010216)
After 1.63s, these clients are still here:
		remaining client pid: 341 (/System/Library/PrivateFrameworks/CoreLocationTiles.framework/XPCServices/TilesService.xpc/TilesService/22FC7E57-70D1-382A-973F-61AE57B61218)
		remaining client pid: 275 (/System/Library/PrivateFrameworks/VoiceShortcuts.framework/Support/siriactionsd/8F7A7BCB-72E0-3401-A6BD-DE4E7B0E2384)
		remaining client pid: 274 (/System/Library/PrivateFrameworks/StatusKit.framework/StatusKitAgent/42BEC8B4-2612-3970-9C6C-F8D6462A1D58)
		remaining client pid: 268 (/System/Library/PrivateFrameworks/InstallCoordination.framework/Support/installcoordinationd/544FF87C-3627-32A5-BCB8-0713B76412D4)
		remaining client pid: 267 (/System/Library/PrivateFrameworks/ABMHelper.framework/Support/abm-helper/DA7A1E50-A621-3F3E-AA7A-597FED774A08)
		remaining client pid: 262 (/System/Library/Frameworks/AssetsLibrary.framework/Support/assetsd/E43B3A5C-8F0E-340D-A2B4-DB57724D3B3F)
		remaining client pid: 242 (/usr/libexec/dmd/492B50BB-CEDF-3E90-BD27-246267F7B780)
		remaining client pid: 102 (/System/Library/PrivateFrameworks/AppleMediaServices.framework/amsaccountsd/927C6646-104F-3727-85C0-862C0331C8E6)
		remaining client pid: 216 (/System/Library/PrivateFrameworks/AuthKit.framework/akd/92FC1EEC-55B2-3311-8767-B604DD5C1D09)
		remaining client pid: 134 (/System/Library/Frameworks/WirelessInsights.framework/Support/wirelessinsightsd/6107A36B-7CE1-32F7-9BC1-219588B062FC)
		remaining client pid: 198 (/usr/libexec/symptomsd/31F3D00A-3DF2-361A-B7CA-36F420C36849)
		remaining client pid: 178 (/System/Library/PrivateFrameworks/CoreCDP.framework/cdpd/763A7859-E2B6-31ED-973E-32C1F35CB3DC)
		remaining client pid: 205 (/System/Library/PrivateFrameworks/GenerativeExperiencesRuntime.framework/generativeexperiencesd/2AE56BB4-353F-3023-BEE9-A5D0E345D823)
		remaining client pid: 40 (/usr/libexec/routined/53790A2A-BF07-3971-8A11-422F518CC27C)
		remaining client pid: 39 (/System/Library/PrivateFrameworks/AssistantServices.framework/assistantd/058185C1-A6B9-3230-BD1B-56660983CB24)
		remaining client pid: 41 (/System/Library/PrivateFrameworks/MediaRemote.framework/Support/mediaremoted/934A39C1-EFD4-3C20-ACCB-AB52BADC3A40)
		remaining client pid: 128 (/usr/libexec/PowerUIAgent/12F7B052-5064-3C07-B112-F24AF723B1F5)
		remaining client pid: 156 (/usr/libexec/mobileactivationd/1B6EE4AA-8C5D-339C-8B9F-EA81CABB66CE)
		remaining client pid: 50 (/System/Library/PrivateFrameworks/TCC.framework/Support/tccd/9131E6DB-D855-3A87-A0CF-03B4A302BE9E)
		remaining client pid: 79 (/usr/libexec/locationd/CD8B962E-CBA1-3748-9225-46DCF277B252)
		remaining client pid: 138 (/System/Library/PrivateFrameworks/DataMigration.framework/XPCServices/com.apple.datamigrator.xpc/com.apple.datamigrator/4AFCEFDA-D9ED-3961-ADFF-04757943D267)
		remaining client pid: 70 (/System/Library/PrivateFrameworks/CoreDuetContext.framework/Resources/contextstored/3808DCA2-3D54-3B7F-A56F-FEEB0C6F4082)
		remaining client pid: 115 (/System/Library/PrivateFrameworks/ChronoCore.framework/Support/chronod/20E11E8A-0658-36F4-B11D-9DCFB37D2AC3)
		remaining client pid: 104 (/System/Library/Frameworks/CoreTelephony.framework/Support/CommCenter/48A92264-2549-3726-B40E-79679E8EC557)
		remaining client pid: 48 (/usr/libexec/configd/DE9C9CA7-B33E-32CA-9101-B509EE0AEA74)
		remaining client pid: 33 (/usr/libexec/UserEventAgent/C58CB62F-9108-36B5-92C0-170C59CC296A)
		remaining client pid: 0 (/kernel/1A040488-8215-3A6D-BBDF-E1D981010216)
After 2.14s, these clients are still here:
		remaining client pid: 341 (/System/Library/PrivateFrameworks/CoreLocationTiles.framework/XPCServices/TilesService.xpc/TilesService/22FC7E57-70D1-382A-973F-61AE57B61218)
		remaining client pid: 275 (/System/Library/PrivateFrameworks/VoiceShortcuts.framework/Support/siriactionsd/8F7A7BCB-72E0-3401-A6BD-DE4E7B0E2384)
		remaining client pid: 274 (/System/Library/PrivateFrameworks/StatusKit.framework/StatusKitAgent/42BEC8B4-2612-3970-9C6C-F8D6462A1D58)
		remaining client pid: 268 (/System/Library/PrivateFrameworks/InstallCoordination.framework/Support/installcoordinationd/544FF87C-3627-32A5-BCB8-0713B76412D4)
		remaining client pid: 262 (/System/Library/Frameworks/AssetsLibrary.framework/Support/assetsd/E43B3A5C-8F0E-340D-A2B4-DB57724D3B3F)
		remaining client pid: 242 (/usr/libexec/dmd/492B50BB-CEDF-3E90-BD27-246267F7B780)
		remaining client pid: 102 (/System/Library/PrivateFrameworks/AppleMediaServices.framework/amsaccountsd/927C6646-104F-3727-85C0-862C0331C8E6)
		remaining client pid: 216 (/System/Library/PrivateFrameworks/AuthKit.framework/akd/92FC1EEC-55B2-3311-8767-B604DD5C1D09)
		remaining client pid: 134 (/System/Library/Frameworks/WirelessInsights.framework/Support/wirelessinsightsd/6107A36B-7CE1-32F7-9BC1-219588B062FC)
		remaining client pid: 198 (/usr/libexec/symptomsd/31F3D00A-3DF2-361A-B7CA-36F420C36849)
		remaining client pid: 178 (/System/Library/PrivateFrameworks/CoreCDP.framework/cdpd/763A7859-E2B6-31ED-973E-32C1F35CB3DC)
		remaining client pid: 205 (/System/Library/PrivateFrameworks/GenerativeExperiencesRuntime.framework/generativeexperiencesd/2AE56BB4-353F-3023-BEE9-A5D0E345D823)
		remaining client pid: 40 (/usr/libexec/routined/53790A2A-BF07-3971-8A11-422F518CC27C)
		remaining client pid: 39 (/System/Library/PrivateFrameworks/AssistantServices.framework/assistantd/058185C1-A6B9-3230-BD1B-56660983CB24)
		remaining client pid: 41 (/System/Library/PrivateFrameworks/MediaRemote.framework/Support/mediaremoted/934A39C1-EFD4-3C20-ACCB-AB52BADC3A40)
		remaining client pid: 128 (/usr/libexec/PowerUIAgent/12F7B052-5064-3C07-B112-F24AF723B1F5)
		remaining client pid: 156 (/usr/libexec/mobileactivationd/1B6EE4AA-8C5D-339C-8B9F-EA81CABB66CE)
		remaining client pid: 50 (/System/Library/PrivateFrameworks/TCC.framework/Support/tccd/9131E6DB-D855-3A87-A0CF-03B4A302BE9E)
		remaining client pid: 79 (/usr/libexec/locationd/CD8B962E-CBA1-3748-9225-46DCF277B252)
		remaining client pid: 138 (/System/Library/PrivateFrameworks/DataMigration.framework/XPCServices/com.apple.datamigrator.xpc/com.apple.datamigrator/4AFCEFDA-D9ED-3961-ADFF-04757943D267)
		remaining client pid: 70 (/System/Library/PrivateFrameworks/CoreDuetContext.framework/Resources/contextstored/3808DCA2-3D54-3B7F-A56F-FEEB0C6F4082)
		remaining client pid: 115 (/System/Library/PrivateFrameworks/ChronoCore.framework/Support/chronod/20E11E8A-0658-36F4-B11D-9DCFB37D2AC3)
		remaining client pid: 104 (/System/Library/Frameworks/CoreTelephony.framework/Support/CommCenter/48A92264-2549-3726-B40E-79679E8EC557)
		remaining client pid: 48 (/usr/libexec/configd/DE9C9CA7-B33E-32CA-9101-B509EE0AEA74)
		remaining client pid: 33 (/usr/libexec/UserEventAgent/C58CB62F-9108-36B5-92C0-170C59CC296A)
		remaining client pid: 0 (/kernel/1A040488-8215-3A6D-BBDF-E1D981010216)
2.14s elapsed, cancelling firehose server.
After 2.14s, these clients are still here:
		remaining client pid: 0 (/kernel/1A040488-8215-3A6D-BBDF-E1D981010216)
SIGTERM: [1786143267] All buffers flushed
After 1.44s, these clients are still here:
		remaining client pid: 914 (/usr/libexec/afcd/E2F4C1C3-4229-3259-B79F-522E0CC8FD6D)
		remaining client pid: 862 (/System/Library/ExtensionKit/Extensions/com.apple.fskit.msdos.appex/com.apple.fskit.msdos/76E8A1A7-D309-3A73-9C67-43CC71A3989A)
		remaining client pid: 860 (/System/Library/ExtensionKit/Extensions/com.apple.fskit.exfat.appex/com.apple.fskit.exfat/68300BDF-0C55-39BE-A8D6-39EF8C7B01FC)
		remaining client pid: 837 (/System/Library/PrivateFrameworks/CoreCDP.framework/cdpd/763A7859-E2B6-31ED-973E-32C1F35CB3DC)
		remaining client pid: 587 (/usr/libexec/neagent/67A40904-AD0D-34F4-B0EF-4C548E595F74)
		remaining client pid: 555 (/usr/libexec/hybridsearchd/F8A7BCD4-6169-3E5E-B924-8A30BF30EB49)
		remaining client pid: 519 (/System/Library/PrivateFrameworks/SafariSafeBrowsing.framework/com.apple.Safari.SafeBrowsing.Service/E9B735C5-69BC-3A3D-A202-22F58C6F5118)
		remaining client pid: 107 (/usr/libexec/IOMFB_bics_daemon/8AD33939-BC2D-3F6C-9FC0-B7E84B08C314)
		remaining client pid: 338 (/usr/libexec/heartbeatd/39165D83-A49A-3924-98A1-C8EF9D94819B)
		remaining client pid: 349 (/usr/sbin/filecoordinationd/A3F17987-F950-32C3-A9E0-26DCA3C2CC79)
		remaining client pid: 331 (/usr/libexec/duetexpertd/4305112B-00ED-3B23-9793-DBF8CB42F3A5)
		remaining client pid: 314 (/System/Library/PrivateFrameworks/InstallCoordination.framework/Support/installcoordinationd/544FF87C-3627-32A5-BCB8-0713B76412D4)
		remaining client pid: 246 (/usr/libexec/nesessionmanager/A12FEF5D-2F2B-3C51-9BAA-255A101FA2F9)
		remaining client pid: 180 (/usr/libexec/mobilerepaird/0A5B18CC-D362-3156-8F01-9AE1A18C6F86)
		remaining client pid: 90 (/System/Library/PrivateFrameworks/PassKitCore.framework/passd/AF809A03-907D-380D-B68D-B091A4D3FE39)
		remaining client pid: 40 (/usr/libexec/routined/53790A2A-BF07-3971-8A11-422F518CC27C)
		remaining client pid: 48 (/usr/libexec/configd/DE9C9CA7-B33E-32CA-9101-B509EE0AEA74)
		remaining client pid: 104 (/System/Library/Frameworks/CoreTelephony.framework/Support/CommCenter/48A92264-2549-3726-B40E-79679E8EC557)
		remaining client pid: 0 (/kernel/1A040488-8215-3A6D-BBDF-E1D981010216)
After 1.94s, these clients are still here:
		remaining client pid: 914 (/usr/libexec/afcd/E2F4C1C3-4229-3259-B79F-522E0CC8FD6D)
		remaining client pid: 862 (/System/Library/ExtensionKit/Extensions/com.apple.fskit.msdos.appex/com.apple.fskit.msdos/76E8A1A7-D309-3A73-9C67-43CC71A3989A)
		remaining client pid: 860 (/System/Library/ExtensionKit/Extensions/com.apple.fskit.exfat.appex/com.apple.fskit.exfat/68300BDF-0C55-39BE-A8D6-39EF8C7B01FC)
		remaining client pid: 837 (/System/Library/PrivateFrameworks/CoreCDP.framework/cdpd/763A7859-E2B6-31ED-973E-32C1F35CB3DC)
		remaining client pid: 587 (/usr/libexec/neagent/67A40904-AD0D-34F4-B0EF-4C548E595F74)
		remaining client pid: 555 (/usr/libexec/hybridsearchd/F8A7BCD4-6169-3E5E-B924-8A30BF30EB49)
		remaining client pid: 519 (/System/Library/PrivateFrameworks/SafariSafeBrowsing.framework/com.apple.Safari.SafeBrowsing.Service/E9B735C5-69BC-3A3D-A202-22F58C6F5118)
		remaining client pid: 107 (/usr/libexec/IOMFB_bics_daemon/8AD33939-BC2D-3F6C-9FC0-B7E84B08C314)
		remaining client pid: 338 (/usr/libexec/heartbeatd/39165D83-A49A-3924-98A1-C8EF9D94819B)
		remaining client pid: 349 (/usr/sbin/filecoordinationd/A3F17987-F950-32C3-A9E0-26DCA3C2CC79)
		remaining client pid: 331 (/usr/libexec/duetexpertd/4305112B-00ED-3B23-9793-DBF8CB42F3A5)
		remaining client pid: 314 (/System/Library/PrivateFrameworks/InstallCoordination.framework/Support/installcoordinationd/544FF87C-3627-32A5-BCB8-0713B76412D4)
		remaining client pid: 246 (/usr/libexec/nesessionmanager/A12FEF5D-2F2B-3C51-9BAA-255A101FA2F9)
		remaining client pid: 180 (/usr/libexec/mobilerepaird/0A5B18CC-D362-3156-8F01-9AE1A18C6F86)
		remaining client pid: 90 (/System/Library/PrivateFrameworks/PassKitCore.framework/passd/AF809A03-907D-380D-B68D-B091A4D3FE39)
		remaining client pid: 40 (/usr/libexec/routined/53790A2A-BF07-3971-8A11-422F518CC27C)
		remaining client pid: 48 (/usr/libexec/configd/DE9C9CA7-B33E-32CA-9101-B509EE0AEA74)
		remaining client pid: 104 (/System/Library/Frameworks/CoreTelephony.framework/Support/CommCenter/48A92264-2549-3726-B40E-79679E8EC557)
		remaining client pid: 0 (/kernel/1A040488-8215-3A6D-BBDF-E1D981010216)
After 2.44s, these clients are still here:
		remaining client pid: 914 (/usr/libexec/afcd/E2F4C1C3-4229-3259-B79F-522E0CC8FD6D)
		remaining client pid: 862 (/System/Library/ExtensionKit/Extensions/com.apple.fskit.msdos.appex/com.apple.fskit.msdos/76E8A1A7-D309-3A73-9C67-43CC71A3989A)
		remaining client pid: 860 (/System/Library/ExtensionKit/Extensions/com.apple.fskit.exfat.appex/com.apple.fskit.exfat/68300BDF-0C55-39BE-A8D6-39EF8C7B01FC)
		remaining client pid: 837 (/System/Library/PrivateFrameworks/CoreCDP.framework/cdpd/763A7859-E2B6-31ED-973E-32C1F35CB3DC)
		remaining client pid: 587 (/usr/libexec/neagent/67A40904-AD0D-34F4-B0EF-4C548E595F74)
		remaining client pid: 555 (/usr/libexec/hybridsearchd/F8A7BCD4-6169-3E5E-B924-8A30BF30EB49)
		remaining client pid: 519 (/System/Library/PrivateFrameworks/SafariSafeBrowsing.framework/com.apple.Safari.SafeBrowsing.Service/E9B735C5-69BC-3A3D-A202-22F58C6F5118)
		remaining client pid: 107 (/usr/libexec/IOMFB_bics_daemon/8AD33939-BC2D-3F6C-9FC0-B7E84B08C314)
		remaining client pid: 338 (/usr/libexec/heartbeatd/39165D83-A49A-3924-98A1-C8EF9D94819B)
		remaining client pid: 349 (/usr/sbin/filecoordinationd/A3F17987-F950-32C3-A9E0-26DCA3C2CC79)
		remaining client pid: 331 (/usr/libexec/duetexpertd/4305112B-00ED-3B23-9793-DBF8CB42F3A5)
		remaining client pid: 314 (/System/Library/PrivateFrameworks/InstallCoordination.framework/Support/installcoordinationd/544FF87C-3627-32A5-BCB8-0713B76412D4)
		remaining client pid: 246 (/usr/libexec/nesessionmanager/A12FEF5D-2F2B-3C51-9BAA-255A101FA2F9)
		remaining client pid: 180 (/usr/libexec/mobilerepaird/0A5B18CC-D362-3156-8F01-9AE1A18C6F86)
		remaining client pid: 90 (/System/Library/PrivateFrameworks/PassKitCore.framework/passd/AF809A03-907D-380D-B68D-B091A4D3FE39)
		remaining client pid: 40 (/usr/libexec/routined/53790A2A-BF07-3971-8A11-422F518CC27C)
		remaining client pid: 48 (/usr/libexec/configd/DE9C9CA7-B33E-32CA-9101-B509EE0AEA74)
		remaining client pid: 104 (/System/Library/Frameworks/CoreTelephony.framework/Support/CommCenter/48A92264-2549-3726-B40E-79679E8EC557)
		remaining client pid: 0 (/kernel/1A040488-8215-3A6D-BBDF-E1D981010216)
2.44s elapsed, cancelling firehose server.
After 2.44s, these clients are still here:
		remaining client pid: 0 (/kernel/1A040488-8215-3A6D-BBDF-E1D981010216)
SIGTERM: [1786145984] All buffers flushed
