Report date: 2026-08-08 02:56:49
numer 125.000000 / denom 3.000000
IOSADIAGNOSESTREAM = { 
    { 0x2, 11, 64, 256, },
    { 
        { 0x1, 0, 0x0000006f52b2, 0x0001, 0070, 291, 0x00000000, 0x0000000000000000, 0x0, 0x0, 0x0, 0x0000000000000000, 0x0000000000000000, 0x0000000000000000, 0x0000000000000000, 0x0000000000000000, 0x0000000000000000, 0x0000000000000000, 0, },
        { 0x1, 0, 0x0000006f52bb, 0x0004, 0806, 291, 0x000e0004, 0x0000000000000000, 0x0, 0x0, 0x0, 0x0000000000000000, 0x0000000000000000, 0x0000000000000000, 0x0000000000000000, 0x0000000000000000, 0x0000000000000000, 0x0000000000000000, 0, },
        { 0x1, 0, 0x0000006f573a, 0x0000, 1469, 291, 0x00000000, 0x0000000000000000, 0x0, 0x0, 0x0, 0x0000000000000000, 0x0000000000000000, 0x0000000000000000, 0x0000000000000000, 0x0000000000000000, 0x0000000000000000, 0x0000000000000000, 0, },
        { 0x1, 0, 0x0000006f57d4, 0x0003, 1505, 291, 0x00000000, 0x0000000000000000, 0x0, 0x0, 0x0, 0x0000000000000000, 0x0000000000000000, 0x0000000000000000, 0x0000000000000000, 0x0000000000000000, 0x0000000000000000, 0x0000000000000000, 0, },
        { 0x1, 0, 0x0000006f66bd, 0x0002, 1606, 291, 0x00000000, 0x0000000000000000, 0x0, 0x0, 0x0, 0x0000000000000000, 0x0000000000000000, 0x0000000000000000, 0x0000000000000000, 0x0000000000000000, 0x0000000000000000, 0x0000000000000000, 0, },
        { 0x0, 0, 0x000000000000, 0x0000, 0000, 0, 0x00000000, 0x0000000000000000, 0x0, 0x0, 0x0, 0x0000000000000000, 0x0000000000000000, 0x0000000000000000, 0x0000000000000000, 0x0000000000000000, 0x0000000000000000, 0x0000000000000000, 0, },
        { 0x0, 0, 0x000000000000, 0x0000, 0000, 0, 0x00000000, 0x0000000000000000, 0x0, 0x0, 0x0, 0x0000000000000000, 0x0000000000000000, 0x0000000000000000, 0x0000000000000000, 0x0000000000000000, 0x0000000000000000, 0x0000000000000000, 0, },
        { 0x0, 0, 0x000000000000, 0x0000, 0000, 0, 0x00000000, 0x0000000000000000, 0x0, 0x0, 0x0, 0x0000000000000000, 0x0000000000000000, 0x0000000000000000, 0x0000000000000000, 0x0000000000000000, 0x0000000000000000, 0x0000000000000000, 0, },
        { 0x0, 0, 0x000000000000, 0x0000, 0000, 0, 0x00000000, 0x0000000000000000, 0x0, 0x0, 0x0, 0x0000000000000000, 0x0000000000000000, 0x0000000000000000, 0x0000000000000000, 0x0000000000000000, 0x0000000000000000, 0x0000000000000000, 0, },
        { 0x0, 0, 0x000000000000, 0x0000, 0000, 0, 0x00000000, 0x0000000000000000, 0x0, 0x0, 0x0, 0x0000000000000000, 0x0000000000000000, 0x0000000000000000, 0x0000000000000000, 0x0000000000000000, 0x0000000000000000, 0x0000000000000000, 0, },
        { 0x0, 0, 0x000000000000, 0x0000, 0000, 0, 0x00000000, 0x0000000000000000, 0x0, 0x0, 0x0, 0x0000000000000000, 0x0000000000000000, 0x0000000000000000, 0x0000000000000000, 0x0000000000000000, 0x0000000000000000, 0x0000000000000000, 0, },
        { 0x0, 0, 0x000000000000, 0x0000, 0000, 0, 0x00000000, 0x0000000000000000, 0x0, 0x0, 0x0, 0x0000000000000000, 0x0000000000000000, 0x0000000000000000, 0x0000000000000000, 0x0000000000000000, 0x0000000000000000, 0x0000000000000000, 0, },
        { 0x0, 0, 0x000000000000, 0x0000, 0000, 0, 0x00000000, 0x0000000000000000, 0x0, 0x0, 0x0, 0x0000000000000000, 0x0000000000000000, 0x0000000000000000, 0x0000000000000000, 0x0000000000000000, 0x0000000000000000, 0x0000000000000000, 0, },
        { 0x0, 0, 0x000000000000, 0x0000, 0000, 0, 0x00000000, 0x0000000000000000, 0x0, 0x0, 0x0, 0x0000000000000000, 0x0000000000000000, 0x0000000000000000, 0x0000000000000000, 0x0000000000000000, 0x0000000000000000, 0x0000000000000000, 0, },
        { 0x0, 0, 0x000000000000, 0x0000, 0000, 0, 0x00000000, 0x0000000000000000, 0x0, 0x0, 0x0, 0x0000000000000000, 0x0000000000000000, 0x0000000000000000, 0x0000000000000000, 0x0000000000000000, 0x0000000000000000, 0x0000000000000000, 0, },
        { 0x0, 0, 0x000000000000, 0x0000, 0000, 0, 0x00000000, 0x0000000000000000, 0x0, 0x0, 0x0, 0x0000000000000000, 0x0000000000000000, 0x0000000000000000, 0x0000000000000000, 0x0000000000000000, 0x0000000000000000, 0x0000000000000000, 0, },
        { 0x0, 0, 0x000000000000, 0x0000, 0000, 0, 0x00000000, 0x0000000000000000, 0x0, 0x0, 0x0, 0x0000000000000000, 0x0000000000000000, 0x0000000000000000, 0x0000000000000000, 0x0000000000000000, 0x0000000000000000, 0x0000000000000000, 0, },
        { 0x0, 0, 0x000000000000, 0x0000, 0000, 0, 0x00000000, 0x0000000000000000, 0x0, 0x0, 0x0, 0x0000000000000000, 0x0000000000000000, 0x0000000000000000, 0x0000000000000000, 0x0000000000000000, 0x0000000000000000, 0x0000000000000000, 0, },
        { 0x0, 0, 0x000000000000, 0x0000, 0000, 0, 0x00000000, 0x0000000000000000, 0x0, 0x0, 0x0, 0x0000000000000000, 0x0000000000000000, 0x0000000000000000, 0x0000000000000000, 0x0000000000000000, 0x0000000000000000, 0x0000000000000000, 0, },
        { 0x0, 0, 0x000000000000, 0x0000, 0000, 0, 0x00000000, 0x0000000000000000, 0x0, 0x0, 0x0, 0x0000000000000000, 0x0000000000000000, 0x0000000000000000, 0x0000000000000000, 0x0000000000000000, 0x0000000000000000, 0x0000000000000000, 0, },
        { 0x0, 0, 0x000000000000, 0x0000, 0000, 0, 0x00000000, 0x0000000000000000, 0x0, 0x0, 0x0, 0x0000000000000000, 0x0000000000000000, 0x0000000000000000, 0x0000000000000000, 0x0000000000000000, 0x0000000000000000, 0x0000000000000000, 0, },
        { 0x0, 0, 0x000000000000, 0x0000, 0000, 0, 0x00000000, 0x0000000000000000, 0x0, 0x0, 0x0, 0x0000000000000000, 0x0000000000000000, 0x0000000000000000, 0x0000000000000000, 0x0000000000000000, 0x0000000000000000, 0x0000000000000000, 0, },
        { 0x0, 0, 0x000000000000, 0x0000, 0000, 0, 0x00000000, 0x0000000000000000, 0x0, 0x0, 0x0, 0x0000000000000000, 0x0000000000000000, 0x0000000000000000, 0x0000000000000000, 0x0000000000000000, 0x0000000000000000, 0x0000000000000000, 0, },
        { 0x0, 0, 0x000000000000, 0x0000, 0000, 0, 0x00000000, 0x0000000000000000, 0x0, 0x0, 0x0, 0x0000000000000000, 0x0000000000000000, 0x0000000000000000, 0x0000000000000000, 0x0000000000000000, 0x0000000000000000, 0x0000000000000000, 0, },
        { 0x0, 0, 0x000000000000, 0x0000, 0000, 0, 0x00000000, 0x0000000000000000, 0x0, 0x0, 0x0, 0x0000000000000000, 0x0000000000000000, 0x0000000000000000, 0x0000000000000000, 0x0000000000000000, 0x0000000000000000, 0x0000000000000000, 0, },
        { 0x0, 0, 0x000000000000, 0x0000, 0000, 0, 0x00000000, 0x0000000000000000, 0x0, 0x0, 0x0, 0x0000000000000000, 0x0000000000000000, 0x0000000000000000, 0x0000000000000000, 0x0000000000000000, 0x0000000000000000, 0x0000000000000000, 0, },
        { 0x0, 0, 0x000000000000, 0x0000, 0000, 0, 0x00000000, 0x0000000000000000, 0x0, 0x0, 0x0, 0x0000000000000000, 0x0000000000000000, 0x0000000000000000, 0x0000000000000000, 0x0000000000000000, 0x0000000000000000, 0x0000000000000000, 0, },
        { 0x0, 0, 0x000000000000, 0x0000, 0000, 0, 0x00000000, 0x0000000000000000, 0x0, 0x0, 0x0, 0x0000000000000000, 0x0000000000000000, 0x0000000000000000, 0x0000000000000000, 0x0000000000000000, 0x0000000000000000, 0x0000000000000000, 0, },
        { 0x0, 0, 0x000000000000, 0x0000, 0000, 0, 0x00000000, 0x0000000000000000, 0x0, 0x0, 0x0, 0x0000000000000000, 0x0000000000000000, 0x0000000000000000, 0x0000000000000000, 0x0000000000000000, 0x0000000000000000, 0x0000000000000000, 0, },
        { 0x0, 0, 0x000000000000, 0x0000, 0000, 0, 0x00000000, 0x0000000000000000, 0x0, 0x0, 0x0, 0x0000000000000000, 0x0000000000000000, 0x0000000000000000, 0x0000000000000000, 0x0000000000000000, 0x0000000000000000, 0x0000000000000000, 0, },
        { 0x0, 0, 0x000000000000, 0x0000, 0000, 0, 0x00000000, 0x0000000000000000, 0x0, 0x0, 0x0, 0x0000000000000000, 0x0000000000000000, 0x0000000000000000, 0x0000000000000000, 0x0000000000000000, 0x0000000000000000, 0x0000000000000000, 0, },
        { 0x0, 0, 0x000000000000, 0x0000, 0000, 0, 0x00000000, 0x0000000000000000, 0x0, 0x0, 0x0, 0x0000000000000000, 0x0000000000000000, 0x0000000000000000, 0x0000000000000000, 0x0000000000000000, 0x0000000000000000, 0x0000000000000000, 0, },
        { 0x0, 0, 0x000000000000, 0x0000, 0000, 0, 0x00000000, 0x0000000000000000, 0x0, 0x0, 0x0, 0x0000000000000000, 0x0000000000000000, 0x0000000000000000, 0x0000000000000000, 0x0000000000000000, 0x0000000000000000, 0x0000000000000000, 0, },
        { 0x0, 0, 0x000000000000, 0x0000, 0000, 0, 0x00000000, 0x0000000000000000, 0x0, 0x0, 0x0, 0x0000000000000000, 0x0000000000000000, 0x0000000000000000, 0x0000000000000000, 0x0000000000000000, 0x0000000000000000, 0x0000000000000000, 0, },
        { 0x0, 0, 0x000000000000, 0x0000, 0000, 0, 0x00000000, 0x0000000000000000, 0x0, 0x0, 0x0, 0x0000000000000000, 0x0000000000000000, 0x0000000000000000, 0x0000000000000000, 0x0000000000000000, 0x0000000000000000, 0x0000000000000000, 0, },
        { 0x0, 0, 0x000000000000, 0x0000, 0000, 0, 0x00000000, 0x0000000000000000, 0x0, 0x0, 0x0, 0x0000000000000000, 0x0000000000000000, 0x0000000000000000, 0x0000000000000000, 0x0000000000000000, 0x0000000000000000, 0x0000000000000000, 0, },
        { 0x0, 0, 0x000000000000, 0x0000, 0000, 0, 0x00000000, 0x0000000000000000, 0x0, 0x0, 0x0, 0x0000000000000000, 0x0000000000000000, 0x0000000000000000, 0x0000000000000000, 0x0000000000000000, 0x0000000000000000, 0x0000000000000000, 0, },
        { 0x0, 0, 0x000000000000, 0x0000, 0000, 0, 0x00000000, 0x0000000000000000, 0x0, 0x0, 0x0, 0x0000000000000000, 0x0000000000000000, 0x0000000000000000, 0x0000000000000000, 0x0000000000000000, 0x0000000000000000, 0x0000000000000000, 0, },
        { 0x0, 0, 0x000000000000, 0x0000, 0000, 0, 0x00000000, 0x0000000000000000, 0x0, 0x0, 0x0, 0x0000000000000000, 0x0000000000000000, 0x0000000000000000, 0x0000000000000000, 0x0000000000000000, 0x0000000000000000, 0x0000000000000000, 0, },
        { 0x0, 0, 0x000000000000, 0x0000, 0000, 0, 0x00000000, 0x0000000000000000, 0x0, 0x0, 0x0, 0x0000000000000000, 0x0000000000000000, 0x0000000000000000, 0x0000000000000000, 0x0000000000000000, 0x0000000000000000, 0x0000000000000000, 0, },
        { 0x0, 0, 0x000000000000, 0x0000, 0000, 0, 0x00000000, 0x0000000000000000, 0x0, 0x0, 0x0, 0x0000000000000000, 0x0000000000000000, 0x0000000000000000, 0x0000000000000000, 0x0000000000000000, 0x0000000000000000, 0x0000000000000000, 0, },
        { 0x0, 0, 0x000000000000, 0x0000, 0000, 0, 0x00000000, 0x0000000000000000, 0x0, 0x0, 0x0, 0x0000000000000000, 0x0000000000000000, 0x0000000000000000, 0x0000000000000000, 0x0000000000000000, 0x0000000000000000, 0x0000000000000000, 0, },
        { 0x0, 0, 0x000000000000, 0x0000, 0000, 0, 0x00000000, 0x0000000000000000, 0x0, 0x0, 0x0, 0x0000000000000000, 0x0000000000000000, 0x0000000000000000, 0x0000000000000000, 0x0000000000000000, 0x0000000000000000, 0x0000000000000000, 0, },
        { 0x0, 0, 0x000000000000, 0x0000, 0000, 0, 0x00000000, 0x0000000000000000, 0x0, 0x0, 0x0, 0x0000000000000000, 0x0000000000000000, 0x0000000000000000, 0x0000000000000000, 0x0000000000000000, 0x0000000000000000, 0x0000000000000000, 0, },
        { 0x0, 0, 0x000000000000, 0x0000, 0000, 0, 0x00000000, 0x0000000000000000, 0x0, 0x0, 0x0, 0x0000000000000000, 0x0000000000000000, 0x0000000000000000, 0x0000000000000000, 0x0000000000000000, 0x0000000000000000, 0x0000000000000000, 0, },
        { 0x0, 0, 0x000000000000, 0x0000, 0000, 0, 0x00000000, 0x0000000000000000, 0x0, 0x0, 0x0, 0x0000000000000000, 0x0000000000000000, 0x0000000000000000, 0x0000000000000000, 0x0000000000000000, 0x0000000000000000, 0x0000000000000000, 0, },
        { 0x0, 0, 0x000000000000, 0x0000, 0000, 0, 0x00000000, 0x0000000000000000, 0x0, 0x0, 0x0, 0x0000000000000000, 0x0000000000000000, 0x0000000000000000, 0x0000000000000000, 0x0000000000000000, 0x0000000000000000, 0x0000000000000000, 0, },
        { 0x0, 0, 0x000000000000, 0x0000, 0000, 0, 0x00000000, 0x0000000000000000, 0x0, 0x0, 0x0, 0x0000000000000000, 0x0000000000000000, 0x0000000000000000, 0x0000000000000000, 0x0000000000000000, 0x0000000000000000, 0x0000000000000000, 0, },
        { 0x0, 0, 0x000000000000, 0x0000, 0000, 0, 0x00000000, 0x0000000000000000, 0x0, 0x0, 0x0, 0x0000000000000000, 0x0000000000000000, 0x0000000000000000, 0x0000000000000000, 0x0000000000000000, 0x0000000000000000, 0x0000000000000000, 0, },
        { 0x0, 0, 0x000000000000, 0x0000, 0000, 0, 0x00000000, 0x0000000000000000, 0x0, 0x0, 0x0, 0x0000000000000000, 0x0000000000000000, 0x0000000000000000, 0x0000000000000000, 0x0000000000000000, 0x0000000000000000, 0x0000000000000000, 0, },
        { 0x0, 0, 0x000000000000, 0x0000, 0000, 0, 0x00000000, 0x0000000000000000, 0x0, 0x0, 0x0, 0x0000000000000000, 0x0000000000000000, 0x0000000000000000, 0x0000000000000000, 0x0000000000000000, 0x0000000000000000, 0x0000000000000000, 0, },
        { 0x0, 0, 0x000000000000, 0x0000, 0000, 0, 0x00000000, 0x0000000000000000, 0x0, 0x0, 0x0, 0x0000000000000000, 0x0000000000000000, 0x0000000000000000, 0x0000000000000000, 0x0000000000000000, 0x0000000000000000, 0x0000000000000000, 0, },
        { 0x0, 0, 0x000000000000, 0x0000, 0000, 0, 0x00000000, 0x0000000000000000, 0x0, 0x0, 0x0, 0x0000000000000000, 0x0000000000000000, 0x0000000000000000, 0x0000000000000000, 0x0000000000000000, 0x0000000000000000, 0x0000000000000000, 0, },
        { 0x0, 0, 0x000000000000, 0x0000, 0000, 0, 0x00000000, 0x0000000000000000, 0x0, 0x0, 0x0, 0x0000000000000000, 0x0000000000000000, 0x0000000000000000, 0x0000000000000000, 0x0000000000000000, 0x0000000000000000, 0x0000000000000000, 0, },
        { 0x0, 0, 0x000000000000, 0x0000, 0000, 0, 0x00000000, 0x0000000000000000, 0x0, 0x0, 0x0, 0x0000000000000000, 0x0000000000000000, 0x0000000000000000, 0x0000000000000000, 0x0000000000000000, 0x0000000000000000, 0x0000000000000000, 0, },
        { 0x0, 0, 0x000000000000, 0x0000, 0000, 0, 0x00000000, 0x0000000000000000, 0x0, 0x0, 0x0, 0x0000000000000000, 0x0000000000000000, 0x0000000000000000, 0x0000000000000000, 0x0000000000000000, 0x0000000000000000, 0x0000000000000000, 0, },
        { 0x0, 0, 0x000000000000, 0x0000, 0000, 0, 0x00000000, 0x0000000000000000, 0x0, 0x0, 0x0, 0x0000000000000000, 0x0000000000000000, 0x0000000000000000, 0x0000000000000000, 0x0000000000000000, 0x0000000000000000, 0x0000000000000000, 0, },
        { 0x0, 0, 0x000000000000, 0x0000, 0000, 0, 0x00000000, 0x0000000000000000, 0x0, 0x0, 0x0, 0x0000000000000000, 0x0000000000000000, 0x0000000000000000, 0x0000000000000000, 0x0000000000000000, 0x0000000000000000, 0x0000000000000000, 0, },
        { 0x0, 0, 0x000000000000, 0x0000, 0000, 0, 0x00000000, 0x0000000000000000, 0x0, 0x0, 0x0, 0x0000000000000000, 0x0000000000000000, 0x0000000000000000, 0x0000000000000000, 0x0000000000000000, 0x0000000000000000, 0x0000000000000000, 0, },
        { 0x0, 0, 0x000000000000, 0x0000, 0000, 0, 0x00000000, 0x0000000000000000, 0x0, 0x0, 0x0, 0x0000000000000000, 0x0000000000000000, 0x0000000000000000, 0x0000000000000000, 0x0000000000000000, 0x0000000000000000, 0x0000000000000000, 0, },
        { 0x0, 0, 0x000000000000, 0x0000, 0000, 0, 0x00000000, 0x0000000000000000, 0x0, 0x0, 0x0, 0x0000000000000000, 0x0000000000000000, 0x0000000000000000, 0x0000000000000000, 0x0000000000000000, 0x0000000000000000, 0x0000000000000000, 0, },
        { 0x0, 0, 0x000000000000, 0x0000, 0000, 0, 0x00000000, 0x0000000000000000, 0x0, 0x0, 0x0, 0x0000000000000000, 0x0000000000000000, 0x0000000000000000, 0x0000000000000000, 0x0000000000000000, 0x0000000000000000, 0x0000000000000000, 0, },
        { 0x0, 0, 0x000000000000, 0x0000, 0000, 0, 0x00000000, 0x0000000000000000, 0x0, 0x0, 0x0, 0x0000000000000000, 0x0000000000000000, 0x0000000000000000, 0x0000000000000000, 0x0000000000000000, 0x0000000000000000, 0x0000000000000000, 0, },
        { 0x0, 0, 0x000000000000, 0x0000, 0000, 0, 0x00000000, 0x0000000000000000, 0x0, 0x0, 0x0, 0x0000000000000000, 0x0000000000000000, 0x0000000000000000, 0x0000000000000000, 0x0000000000000000, 0x0000000000000000, 0x0000000000000000, 0, },
        { 0x1, 0, 0x000005efa860, 0x0142, 0170, 652, 0x00000120, 0x0000000000000000, 0x0, 0x0, 0x0, 0x0000000000000000, 0x0000000000000000, 0x0000000000000000, 0x0000000000000000, 0x0000000000000000, 0x0000000000000000, 0x0000000000000000, 0, },
        { 0x1, 0, 0x000005efa860, 0x0142, 0184, 652, 0x1000000030000, 0x0000000000000000, 0x0, 0x0, 0x0, 0x0000000000000000, 0x0000000000000000, 0x0000000000000000, 0x0000000000000000, 0x0000000000000000, 0x0000000000000000, 0x0000000000000000, 0, },
        { 0x1, 0, 0x000005efa860, 0x0218, 0566, 652, 0x00010100, 0xa86f0786c01ee74b, 0x0, 0xc7ea17a1705ca07d, 0x1c169996252ebf5b, 0xbcfb576c3f871eab, 0x0e035d8abe03881f, 0xa09966c9e8553549, 0x0000000000000000, 0x0000000000000000, 0x0000000000000000, 0x0000000000000000, 1, },
        { 0x1, 0, 0x000005efa860, 0x0142, 0170, 652, 0x00000030, 0x0000000000000000, 0x0, 0x0, 0x0, 0x0000000000000000, 0x0000000000000000, 0x0000000000000000, 0x0000000000000000, 0x0000000000000000, 0x0000000000000000, 0x0000000000000000, 0, },
        { 0x1, 0, 0x000005efa860, 0x0142, 0246, 652, 0xffff000000020000, 0x0000000000000000, 0x0, 0x0, 0x0, 0x0000000000000000, 0x0000000000000000, 0x0000000000000000, 0x0000000000000000, 0x0000000000000000, 0x0000000000000000, 0x0000000000000000, 0, },
        { 0x1, 0, 0x000005efa860, 0x0204, 0353, 652, 0x01010100, 0xa86f0786c01ee74b, 0x0, 0xc7ea17a1705ca07d, 0x1c169996252ebf5b, 0xbcfb576c3f871eab, 0x0e035d8abe03881f, 0xa09966c9e8553549, 0x0000000000000000, 0x0000000000000000, 0x0000000000000000, 0x0000000000000000, 1, },
        { 0x1, 0, 0x000005efa860, 0x0210, 0425, 652, 0x200000001, 0xa86f0786c01ee74b, 0x0, 0xc7ea17a1705ca07d, 0x1c169996252ebf5b, 0xbcfb576c3f871eab, 0x0e035d8abe03881f, 0xa09966c9e8553549, 0x0000000000000000, 0x0000000000000000, 0x0000000000000000, 0x0000000000000000, 1, },
        { 0x1, 0, 0x000005efa861, 0x0142, 0170, 652, 0x00000020, 0x0000000000000000, 0x0, 0x0, 0x0, 0x0000000000000000, 0x0000000000000000, 0x0000000000000000, 0x0000000000000000, 0x0000000000000000, 0x0000000000000000, 0x0000000000000000, 0, },
        { 0x1, 0, 0x000005efa861, 0x0142, 0246, 652, 0xffff000000010000, 0x0000000000000000, 0x0, 0x0, 0x0, 0x0000000000000000, 0x0000000000000000, 0x0000000000000000, 0x0000000000000000, 0x0000000000000000, 0x0000000000000000, 0x0000000000000000, 0, },
        { 0x1, 0, 0x000005efb129, 0x0108, 4112, 652, 0x100000000, 0x0000000000000000, 0x0, 0x0, 0x0, 0x0000000000000000, 0x0000000000000000, 0x0000000000000000, 0x0000000000000000, 0x0000000000000000, 0x0000000000000000, 0x0000000000000000, 0, },
        { 0x1, 0, 0x000005efb12a, 0x0109, 4170, 652, 0x00000000, 0x0000000000000000, 0x0, 0x0, 0x0, 0x0000000000000000, 0x0000000000000000, 0x0000000000000000, 0x0000000000000000, 0x0000000000000000, 0x0000000000000000, 0x0000000000000000, 0, },
        { 0x1, 0, 0x000005efb12b, 0x014c, 7027, 652, 0x00000001, 0x0000000000000000, 0x0, 0x0, 0x0, 0x0000000000000000, 0x0000000000000000, 0x0000000000000000, 0x0000000000000000, 0x0000000000000000, 0x0000000000000000, 0x0000000000000000, 0, },
        { 0x1, 0, 0x000005efb12c, 0x0121, 4400, 652, 0x00010001, 0x0000000000000000, 0x0, 0x0, 0x0, 0x0000000000000000, 0x0000000000000000, 0x0000000000000000, 0x0000000000000000, 0x0000000000000000, 0x0000000000000000, 0x0000000000000000, 0, },
        { 0x1, 0, 0x000005efb12c, 0x0122, 4512, 652, 0x1a001a0000, 0xa86f0786c01ee74b, 0x0, 0xc7ea17a1705ca07d, 0x1c169996252ebf5b, 0xbcfb576c3f871eab, 0x0e035d8abe03881f, 0xa09966c9e8553549, 0x0000000000000000, 0x0000000000000000, 0x0000000000000000, 0x0000000000000000, 1, },
        { 0x1, 0, 0x000005efb12c, 0x012a, 4714, 652, 0x00000100, 0xa86f0786c01ee74b, 0x0, 0xc7ea17a1705ca07d, 0x1c169996252ebf5b, 0xbcfb576c3f871eab, 0x0e035d8abe03881f, 0xa09966c9e8553549, 0x0000000000000000, 0x0000000000000000, 0x0000000000000000, 0x0000000000000000, 1, },
        { 0x1, 0, 0x000005efb12c, 0x0106, 4556, 652, 0x00000101, 0xa86f0786c01ee74b, 0x0, 0xc7ea17a1705ca07d, 0x1c169996252ebf5b, 0xbcfb576c3f871eab, 0x0e035d8abe03881f, 0xa09966c9e8553549, 0x0000000000000000, 0x0000000000000000, 0x0000000000000000, 0x0000000000000000, 1, },
        { 0x1, 0, 0x000005efb12d, 0x0106, 4293, 652, 0x00000010, 0xa86f0786c01ee74b, 0x0, 0xc7ea17a1705ca07d, 0x1c169996252ebf5b, 0xbcfb576c3f871eab, 0x0e035d8abe03881f, 0xa09966c9e8553549, 0x0000000000000000, 0x0000000000000000, 0x0000000000000000, 0x0000000000000000, 1, },
        { 0x1, 0, 0x000005efb130, 0x0105, 1983, 652, 0x00011010, 0xa86f0786c01ee74b, 0x0, 0xc7ea17a1705ca07d, 0x1c169996252ebf5b, 0xbcfb576c3f871eab, 0x0e035d8abe03881f, 0xa09966c9e8553549, 0x0000000000000000, 0x0000000000000000, 0x0000000000000000, 0x0000000000000000, 1, },
        { 0x1, 0, 0x000005efb131, 0x0142, 0170, 652, 0x00000010, 0xa86f0786c01ee74b, 0x0, 0xc7ea17a1705ca07d, 0x1c169996252ebf5b, 0xbcfb576c3f871eab, 0x0e035d8abe03881f, 0xa09966c9e8553549, 0x0000000000000000, 0x0000000000000000, 0x0000000000000000, 0x0000000000000000, 1, },
        { 0x1, 0, 0x000005efb132, 0x0142, 0246, 652, 0xffff000000000000, 0xa86f0786c01ee74b, 0x0, 0xc7ea17a1705ca07d, 0x1c169996252ebf5b, 0xbcfb576c3f871eab, 0x0e035d8abe03881f, 0xa09966c9e8553549, 0x0000000000000000, 0x0000000000000000, 0x0000000000000000, 0x0000000000000000, 1, },
        { 0x1, 0, 0x000005efb135, 0x0132, 0139, 652, 0x00000001, 0x0000000000000000, 0x0, 0x0, 0x0, 0x0000000000000000, 0x0000000000000000, 0x0000000000000000, 0x0000000000000000, 0x0000000000000000, 0x0000000000000000, 0x0000000000000000, 0, },
        { 0x1, 0, 0x000005efb136, 0x0132, 0180, 652, 0x00000100, 0x0000000000000000, 0x0, 0x0, 0x0, 0x0000000000000000, 0x0000000000000000, 0x0000000000000000, 0x0000000000000000, 0x0000000000000000, 0x0000000000000000, 0x0000000000000000, 0, },
        { 0x1, 0, 0x000005efb136, 0x0132, 0189, 652, 0x00000101, 0x0000000000000000, 0x0, 0x0, 0x0, 0x0000000000000000, 0x0000000000000000, 0x0000000000000000, 0x0000000000000000, 0x0000000000000000, 0x0000000000000000, 0x0000000000000000, 0, },
        { 0x1, 0, 0x000005efb136, 0x0141, 0185, 652, 0x00000000, 0x0000000000000000, 0x0, 0x0, 0x0, 0x0000000000000000, 0x0000000000000000, 0x0000000000000000, 0x0000000000000000, 0x0000000000000000, 0x0000000000000000, 0x0000000000000000, 0, },
        { 0x1, 0, 0x000005efb136, 0x011d, 0560, 652, 0x00001010, 0x0000000000000000, 0x0, 0x0, 0x0, 0x0000000000000000, 0x0000000000000000, 0x0000000000000000, 0x0000000000000000, 0x0000000000000000, 0x0000000000000000, 0x0000000000000000, 0, },
        { 0x1, 0, 0x000005efb142, 0x017f, 0117, 652, 0x00dd0000, 0x0000000000000000, 0x0, 0x0, 0x0, 0x0000000000000000, 0x0000000000000000, 0x0000000000000000, 0x0000000000000000, 0x0000000000000000, 0x0000000000000000, 0x0000000000000000, 0, },
        { 0x1, 0, 0x000005efb162, 0x014a, 0252, 652, 0x00000000, 0x0000000000000000, 0x0, 0x0, 0x0, 0x0000000000000000, 0x0000000000000000, 0x0000000000000000, 0x0000000000000000, 0x0000000000000000, 0x0000000000000000, 0x0000000000000000, 0, },
        { 0x1, 0, 0x000005efb162, 0x014c, 7027, 652, 0x00000001, 0x0000000000000000, 0x0, 0x0, 0x0, 0x0000000000000000, 0x0000000000000000, 0x0000000000000000, 0x0000000000000000, 0x0000000000000000, 0x0000000000000000, 0x0000000000000000, 0, },
        { 0x1, 1, 0x000005efb16c, 0x0111, 4947, 652, 0x1948ddd04a092539, 0xa86f0786c01ee74b, 0x0, 0xc7ea17a1705ca07d, 0x1c169996252ebf5b, 0xbcfb576c3f871eab, 0x0e035d8abe03881f, 0xa09966c9e8553549, 0x0000000000000000, 0x0000000000000000, 0x0000000000000000, 0x0000000000000000, 1, },
        { 0x1, 1, 0x000005efb16d, 0x0112, 4951, 652, 0x1948ddd04a092539, 0xa86f0786c01ee74b, 0x0, 0xc7ea17a1705ca07d, 0x1c169996252ebf5b, 0xbcfb576c3f871eab, 0x0e035d8abe03881f, 0xa09966c9e8553549, 0x0000000000000000, 0x0000000000000000, 0x0000000000000000, 0x0000000000000000, 1, },
        { 0x1, 1, 0x000005efb16e, 0x0111, 4969, 652, 0xbf6161ac7d316031, 0xa86f0786c01ee74b, 0x0, 0xc7ea17a1705ca07d, 0x1c169996252ebf5b, 0xbcfb576c3f871eab, 0x0000000000000000, 0xa09966c9e8553549, 0x0000000000000000, 0x0000000000000000, 0x0000000000000000, 0x0000000000000000, 1, },
        { 0x1, 1, 0x000005efb174, 0x0112, 4973, 652, 0xbf6161ac7d316031, 0xa86f0786c01ee74b, 0x0, 0xc7ea17a1705ca07d, 0x1c169996252ebf5b, 0xbcfb576c3f871eab, 0x0000000000000000, 0xa09966c9e8553549, 0x0000000000000000, 0x0000000000000000, 0x0000000000000000, 0x0000000000000000, 1, },
        { 0x1, 0, 0x000005efb174, 0x0113, 5001, 652, 0x1a00000000, 0xa86f0786c01ee74b, 0x0, 0xc7ea17a1705ca07d, 0x1c169996252ebf5b, 0xbcfb576c3f871eab, 0x0000000000000000, 0x0000000000000000, 0x0000000000000000, 0x0000000000000000, 0x0000000000000000, 0x0000000000000000, 1, },
        { 0x1, 1, 0x000005efb182, 0x0115, 0556, 2914, 0xbcfb576c3f871eab, 0x0000000000000000, 0x0, 0x0, 0x0, 0x0000000000000000, 0x0000000000000000, 0x0000000000000000, 0x0000000000000000, 0x0000000000000000, 0x0000000000000000, 0x0000000000000000, 0, },
        { 0x1, 0, 0x000005efb198, 0x011a, 7463, 652, 0x100000000000000, 0x0000000000000000, 0x0, 0x0, 0x0, 0x0000000000000000, 0x0000000000000000, 0x0000000000000000, 0x0000000000000000, 0x0000000000000000, 0x0000000000000000, 0x0000000000000000, 0, },
        { 0x1, 0, 0x000005efb1d0, 0x011a, 7463, 652, 0x10000dcc0000000, 0x0000000000000000, 0x0, 0x0, 0x0, 0x0000000000000000, 0x0000000000000000, 0x0000000000000000, 0x0000000000000000, 0x0000000000000000, 0x0000000000000000, 0x0000000000000000, 0, },
        { 0x1, 0, 0x000005efb1d1, 0x010d, 5015, 652, 0x0000000c, 0xa86f0786c01ee74b, 0x0, 0xc7ea17a1705ca07d, 0x1c169996252ebf5b, 0xbcfb576c3f871eab, 0x0000000000000000, 0x0000000000000000, 0x0000000000000000, 0x0000000000000000, 0x0000000000000000, 0x0000000000000000, 1, },
        { 0x1, 0, 0x000005efb1d1, 0x010d, 5021, 652, 0x000000b0, 0xa86f0786c01ee74b, 0x0, 0xc7ea17a1705ca07d, 0x1c169996252ebf5b, 0xbcfb576c3f871eab, 0x0000000000000000, 0x0000000000000000, 0x0000000000000000, 0x0000000000000000, 0x0000000000000000, 0x0000000000000000, 1, },
        { 0x1, 0, 0x000005efb1dd, 0x0183, 7198, 652, 0xf037093800000000, 0x0000000000000000, 0x0, 0x0, 0x0, 0x0000000000000000, 0x0000000000000000, 0x0000000000000000, 0x0000000000000000, 0x0000000000000000, 0x0000000000000000, 0x0000000000000000, 0, },
        { 0x1, 0, 0x000005efb1dd, 0x0120, 5064, 652, 0x00000001, 0xa86f0786c01ee74b, 0x0, 0xc7ea17a1705ca07d, 0x1c169996252ebf5b, 0xbcfb576c3f871eab, 0x0000000000000000, 0x0000000000000000, 0x0000000000000000, 0x0000000000000000, 0x0000000000000000, 0x0000000000000000, 1, },
        { 0x1, 0, 0x000005efb1e7, 0x0123, 4593, 652, 0x00000110, 0x0000000000000000, 0x0, 0x0, 0x0, 0x0000000000000000, 0x0000000000000000, 0x0000000000000000, 0x0000000000000000, 0x0000000000000000, 0x0000000000000000, 0x0000000000000000, 0, },
        { 0x1, 0, 0x000005efb1e8, 0x014c, 7027, 652, 0x00000001, 0x0000000000000000, 0x0, 0x0, 0x0, 0x0000000000000000, 0x0000000000000000, 0x0000000000000000, 0x0000000000000000, 0x0000000000000000, 0x0000000000000000, 0x0000000000000000, 0, },
        { 0x1, 0, 0x000005efb2ae, 0x0176, 2226, 2914, 0x1d00000000, 0x0000000000000000, 0x0, 0x0, 0x0, 0x0000000000000000, 0x0000000000000000, 0x0000000000000000, 0x0000000000000000, 0x0000000000000000, 0x0000000000000000, 0x0000000000000000, 0, },
        { 0x1, 0, 0x000006273627, 0x0175, 2191, 3574, 0x1e00010001, 0x0000000000000000, 0x0, 0x0, 0x0, 0x0000000000000000, 0x0000000000000000, 0x0000000000000000, 0x0000000000000000, 0x0000000000000000, 0x0000000000000000, 0x0000000000000000, 0, },
        { 0x1, 0, 0x000006274561, 0x011f, 2729, 3574, 0x20000001b, 0x5f22a57dbe3082f1, 0x8, 0x0, 0x0, 0x7c72ad70d741cb07, 0x0000000000000000, 0x0000000000000000, 0x0000000000000000, 0x0000000000000000, 0x0000000000000000, 0x0000000000000000, 1, },
        { 0x1, 0, 0x000006274568, 0x0149, 6944, 3574, 0x00370938, 0x5f22a57dbe3082f1, 0x8, 0xc7ea17a1705ca07d, 0x1c169996252ebf5b, 0x7c72ad70d741cb07, 0x0000000000000000, 0x0000000000000000, 0x0000000000000000, 0x0000000000000000, 0x0000000000000000, 0x0000000000000000, 1, },
        { 0x1, 0, 0x000006274568, 0x0182, 7205, 3574, 0x1037093803709380, 0x0000000000000000, 0x0, 0x0, 0x0, 0x0000000000000000, 0x0000000000000000, 0x0000000000000000, 0x0000000000000000, 0x0000000000000000, 0x0000000000000000, 0x0000000000000000, 0, },
        { 0x1, 0, 0x000006274568, 0x0148, 6974, 3574, 0x00000000, 0x5f22a57dbe3082f1, 0x0, 0xc7ea17a1705ca07d, 0x1c169996252ebf5b, 0x7c72ad70d741cb07, 0x0000000000000000, 0x0000000000000000, 0x0000000000000000, 0x0000000000000000, 0x0000000000000000, 0x0000000000000000, 1, },
        { 0x1, 0, 0x000006274569, 0x0125, 3255, 3574, 0x0000001b, 0x5f22a57dbe3082f1, 0x0, 0xc7ea17a1705ca07d, 0x1c169996252ebf5b, 0x7c72ad70d741cb07, 0x0000000000000000, 0x0000000000000000, 0x0000000000000000, 0x0000000000000000, 0x0000000000000000, 0x0000000000000000, 1, },
        { 0x1, 1, 0x0000062746b6, 0x010a, 5620, 3574, 0x62997560dd9ca55b, 0x5f22a57dbe3082f1, 0x0, 0xc7ea17a1705ca07d, 0x1c169996252ebf5b, 0x7c72ad70d741cb07, 0x0000000000000000, 0x0000000000000000, 0x0000000000000000, 0x0000000000000000, 0x0000000000000000, 0x0000000000000000, 1, },
        { 0x1, 1, 0x0000062746b6, 0x010c, 5629, 3574, 0x1c169996252ebf5b, 0x5f22a57dbe3082f1, 0x0, 0xc7ea17a1705ca07d, 0x1c169996252ebf5b, 0x7c72ad70d741cb07, 0x0000000000000000, 0x0000000000000000, 0x0000000000000000, 0x0000000000000000, 0x0000000000000000, 0x0000000000000000, 1, },
        { 0x1, 1, 0x0000062748d2, 0x010a, 5620, 3574, 0x24e90aeba66f399b, 0x5f22a57dbe3082f1, 0x0, 0xc7ea17a1705ca07d, 0x1c169996252ebf5b, 0x7c72ad70d741cb07, 0x0000000000000000, 0x0000000000000000, 0x0000000000000000, 0x0000000000000000, 0x0000000000000000, 0x0000000000000000, 1, },
        { 0x1, 1, 0x0000062748d3, 0x010c, 5629, 3574, 0xc7ea17a1705ca07d, 0x5f22a57dbe3082f1, 0x0, 0xc7ea17a1705ca07d, 0x1c169996252ebf5b, 0x7c72ad70d741cb07, 0x0000000000000000, 0x0000000000000000, 0x0000000000000000, 0x0000000000000000, 0x0000000000000000, 0x0000000000000000, 1, },
        { 0x1, 0, 0x0000062748d8, 0x0135, 5845, 3574, 0x00001001, 0x5f22a57dbe3082f1, 0x0, 0xc7ea17a1705ca07d, 0x1c169996252ebf5b, 0x7c72ad70d741cb07, 0x0000000000000000, 0x0000000000000000, 0x0000000000000000, 0x0000000000000000, 0x0000000000000000, 0x0000000000000000, 1, },
        { 0x1, 0, 0x0000062748d8, 0x0142, 0170, 3574, 0x00000100, 0x5f22a57dbe3082f1, 0x0, 0xc7ea17a1705ca07d, 0x1c169996252ebf5b, 0x7c72ad70d741cb07, 0x0000000000000000, 0x0000000000000000, 0x0000000000000000, 0x0000000000000000, 0x0000000000000000, 0x0000000000000000, 1, },
        { 0x1, 0, 0x0000062748d9, 0x0141, 0185, 3574, 0x00000001, 0x0000000000000000, 0x0, 0x0, 0x0, 0x0000000000000000, 0x0000000000000000, 0x0000000000000000, 0x0000000000000000, 0x0000000000000000, 0x0000000000000000, 0x0000000000000000, 0, },
        { 0x1, 0, 0x000006274931, 0x017f, 0117, 3574, 0x00dd0100, 0x0000000000000000, 0x0, 0x0, 0x0, 0x0000000000000000, 0x0000000000000000, 0x0000000000000000, 0x0000000000000000, 0x0000000000000000, 0x0000000000000000, 0x0000000000000000, 0, },
        { 0x1, 0, 0x000006274931, 0x011d, 0560, 3574, 0x00001001, 0x0000000000000000, 0x0, 0x0, 0x0, 0x0000000000000000, 0x0000000000000000, 0x0000000000000000, 0x0000000000000000, 0x0000000000000000, 0x0000000000000000, 0x0000000000000000, 0, },
        { 0x1, 0, 0x000006274975, 0x014a, 0252, 3574, 0x00000010, 0x0000000000000000, 0x0, 0x0, 0x0, 0x0000000000000000, 0x0000000000000000, 0x0000000000000000, 0x0000000000000000, 0x0000000000000000, 0x0000000000000000, 0x0000000000000000, 0, },
        { 0x1, 0, 0x000006274976, 0x0127, 0941, 3574, 0x00000001, 0x0000000000000000, 0x0, 0x0, 0x0, 0x0000000000000000, 0x0000000000000000, 0x0000000000000000, 0x0000000000000000, 0x0000000000000000, 0x0000000000000000, 0x0000000000000000, 0, },
        { 0x1, 0, 0x00000627497a, 0x0224, 0160, 3574, 0x00000011, 0x0000000000000000, 0x0, 0x0, 0x0, 0x0000000000000000, 0x0000000000000000, 0x0000000000000000, 0x0000000000000000, 0x0000000000000000, 0x0000000000000000, 0x0000000000000000, 0, },
        { 0x1, 0, 0x00000627499c, 0x014c, 7027, 3574, 0x00000001, 0x0000000000000000, 0x0, 0x0, 0x0, 0x0000000000000000, 0x0000000000000000, 0x0000000000000000, 0x0000000000000000, 0x0000000000000000, 0x0000000000000000, 0x0000000000000000, 0, },
        { 0x1, 0, 0x00000627499c, 0x0142, 0224, 3574, 0x1000000010000, 0x5f22a57dbe3082f1, 0x0, 0xc7ea17a1705ca07d, 0x1c169996252ebf5b, 0x7c72ad70d741cb07, 0x0000000000000000, 0x0000000000000000, 0x0000000000000000, 0x0000000000000000, 0x0000000000000000, 0x0000000000000000, 1, },
        { 0x1, 0, 0x00000627499c, 0x0135, 5854, 3574, 0x00000110, 0x5f22a57dbe3082f1, 0x0, 0xc7ea17a1705ca07d, 0x1c169996252ebf5b, 0x7c72ad70d741cb07, 0x0000000000000000, 0x0000000000000000, 0x0000000000000000, 0x0000000000000000, 0x0000000000000000, 0x0000000000000000, 1, },
        { 0x1, 1, 0x00000627499f, 0x010b, 7396, 3574, 0x62997560dd9ca55b, 0x0000000000000000, 0x0, 0x0, 0x0, 0x0000000000000000, 0x0000000000000000, 0x0000000000000000, 0x0000000000000000, 0x0000000000000000, 0x0000000000000000, 0x0000000000000000, 0, },
        { 0x1, 0, 0x000006274b01, 0x0119, 7431, 3574, 0x100000000000000, 0x0000000000000000, 0x0, 0x0, 0x0, 0x0000000000000000, 0x0000000000000000, 0x0000000000000000, 0x0000000000000000, 0x0000000000000000, 0x0000000000000000, 0x0000000000000000, 0, },
        { 0x1, 1, 0x000006274b06, 0x010b, 7396, 3574, 0x24e90aeba66f399b, 0x0000000000000000, 0x0, 0x0, 0x0, 0x0000000000000000, 0x0000000000000000, 0x0000000000000000, 0x0000000000000000, 0x0000000000000000, 0x0000000000000000, 0x0000000000000000, 0, },
        { 0x1, 0, 0x000006274cf9, 0x0119, 7431, 3574, 0x10000dcc0000000, 0x0000000000000000, 0x0, 0x0, 0x0, 0x0000000000000000, 0x0000000000000000, 0x0000000000000000, 0x0000000000000000, 0x0000000000000000, 0x0000000000000000, 0x0000000000000000, 0, },
        { 0x1, 0, 0x000006274d07, 0x0135, 5845, 3574, 0x00010101, 0x5f22a57dbe3082f1, 0x0, 0xc7ea17a1705ca07d, 0x1c169996252ebf5b, 0x7c72ad70d741cb07, 0x0000000000000000, 0x0000000000000000, 0x0000000000000000, 0x0000000000000000, 0x0000000000000000, 0x0000000000000000, 1, },
        { 0x1, 0, 0x000006274d07, 0x0142, 0170, 3574, 0x00000010, 0x5f22a57dbe3082f1, 0x0, 0xc7ea17a1705ca07d, 0x1c169996252ebf5b, 0x7c72ad70d741cb07, 0x0000000000000000, 0x0000000000000000, 0x0000000000000000, 0x0000000000000000, 0x0000000000000000, 0x0000000000000000, 1, },
        { 0x1, 0, 0x000006274d07, 0x0142, 0246, 3574, 0xffff000000000000, 0x5f22a57dbe3082f1, 0x0, 0xc7ea17a1705ca07d, 0x1c169996252ebf5b, 0x7c72ad70d741cb07, 0x0000000000000000, 0x0000000000000000, 0x0000000000000000, 0x0000000000000000, 0x0000000000000000, 0x0000000000000000, 1, },
        { 0x1, 0, 0x000006274d0b, 0x0135, 5854, 3574, 0x00000000, 0x5f22a57dbe3082f1, 0x0, 0xc7ea17a1705ca07d, 0x1c169996252ebf5b, 0x7c72ad70d741cb07, 0x0000000000000000, 0x0000000000000000, 0x0000000000000000, 0x0000000000000000, 0x0000000000000000, 0x0000000000000000, 1, },
        { 0x1, 0, 0x000006274d0b, 0x0101, 4440, 3574, 0x00000000, 0x5f22a57dbe3082f1, 0x0, 0xc7ea17a1705ca07d, 0x1c169996252ebf5b, 0x7c72ad70d741cb07, 0x0000000000000000, 0x0000000000000000, 0x0000000000000000, 0x0000000000000000, 0x0000000000000000, 0x0000000000000000, 1, },
        { 0x1, 1, 0x000006274d0c, 0x010e, 4472, 3574, 0xc7ea17a1705ca07d, 0x5f22a57dbe3082f1, 0x0, 0xc7ea17a1705ca07d, 0x1c169996252ebf5b, 0x7c72ad70d741cb07, 0x0000000000000000, 0x0000000000000000, 0x0000000000000000, 0x0000000000000000, 0x0000000000000000, 0x0000000000000000, 1, },
        { 0x1, 1, 0x000006274d0f, 0x010e, 4503, 3574, 0x1c169996252ebf5b, 0x5f22a57dbe3082f1, 0x0, 0xc7ea17a1705ca07d, 0x1c169996252ebf5b, 0x7c72ad70d741cb07, 0x2f4b61b16c14f62b, 0x0000000000000000, 0x0000000000000000, 0x0000000000000000, 0x0000000000000000, 0x0000000000000000, 1, },
        { 0x1, 0, 0x000006274d1b, 0x0102, 4273, 3574, 0x00020001, 0x5f22a57dbe3082f1, 0x0, 0xc7ea17a1705ca07d, 0x1c169996252ebf5b, 0x7c72ad70d741cb07, 0x2f4b61b16c14f62b, 0x5a4e8ac2bbae8259, 0x0000000000000000, 0x0000000000000000, 0x0000000000000000, 0x0000000000000000, 1, },
        { 0x1, 0, 0x000006274d1e, 0x0147, 4606, 3574, 0x00001001, 0x5f22a57dbe3082f1, 0x0, 0xc7ea17a1705ca07d, 0x1c169996252ebf5b, 0x7c72ad70d741cb07, 0x2f4b61b16c14f62b, 0x5a4e8ac2bbae8259, 0x0000000000000000, 0x0000000000000000, 0x0000000000000000, 0x0000000000000000, 1, },
        { 0x1, 0, 0x000006274d1e, 0x0103, 4786, 3574, 0x00001011, 0x5f22a57dbe3082f1, 0x0, 0xc7ea17a1705ca07d, 0x1c169996252ebf5b, 0x7c72ad70d741cb07, 0x2f4b61b16c14f62b, 0x5a4e8ac2bbae8259, 0x0000000000000000, 0x0000000000000000, 0x0000000000000000, 0x0000000000000000, 1, },
        { 0x1, 0, 0x000006274d1e, 0x015c, 7082, 3574, 0x00000102, 0x5f22a57dbe3082f1, 0x0, 0xc7ea17a1705ca07d, 0x1c169996252ebf5b, 0x7c72ad70d741cb07, 0x2f4b61b16c14f62b, 0x5a4e8ac2bbae8259, 0x0000000000000000, 0x0000000000000000, 0x0000000000000000, 0x0000000000000000, 1, },
        { 0x1, 0, 0x000006274d1f, 0x013a, 4654, 3574, 0x1b00000010, 0x5f22a57dbe3082f1, 0x0, 0xc7ea17a1705ca07d, 0x1c169996252ebf5b, 0x7c72ad70d741cb07, 0x2f4b61b16c14f62b, 0x5a4e8ac2bbae8259, 0x0000000000000000, 0x0000000000000000, 0x0000000000000000, 0x0000000000000000, 1, },
        { 0x1, 0, 0x000006274d1f, 0x0142, 0170, 3574, 0x00000100, 0x5f22a57dbe3082f1, 0x0, 0xc7ea17a1705ca07d, 0x1c169996252ebf5b, 0x7c72ad70d741cb07, 0x2f4b61b16c14f62b, 0x5a4e8ac2bbae8259, 0x0000000000000000, 0x0000000000000000, 0x0000000000000000, 0x0000000000000000, 1, },
        { 0x1, 0, 0x000006274d1f, 0x0142, 0184, 3574, 0x1000000010000, 0x5f22a57dbe3082f1, 0x0, 0xc7ea17a1705ca07d, 0x1c169996252ebf5b, 0x7c72ad70d741cb07, 0x2f4b61b16c14f62b, 0x5a4e8ac2bbae8259, 0x0000000000000000, 0x0000000000000000, 0x0000000000000000, 0x0000000000000000, 1, },
        { 0x1, 0, 0x000006274d1f, 0x011d, 0560, 3574, 0x00001011, 0x0000000000000000, 0x0, 0x0, 0x0, 0x0000000000000000, 0x0000000000000000, 0x0000000000000000, 0x0000000000000000, 0x0000000000000000, 0x0000000000000000, 0x0000000000000000, 0, },
        { 0x1, 0, 0x000006274d21, 0x0130, 6371, 3574, 0x37093800000200, 0x0000000000000000, 0x0, 0x0, 0x0, 0x0000000000000000, 0x0000000000000000, 0x0000000000000000, 0x0000000000000000, 0x0000000000000000, 0x0000000000000000, 0x0000000000000000, 0, },
        { 0x1, 0, 0x000006274d2d, 0x012f, 0419, 3574, 0x00510110, 0x5f22a57dbe3082f1, 0x0, 0xc7ea17a1705ca07d, 0x1c169996252ebf5b, 0x7c72ad70d741cb07, 0x2f4b61b16c14f62b, 0x5a4e8ac2bbae8259, 0x0000000000000000, 0x0000000000000000, 0x0000000000000000, 0x0000000000000000, 1, },
        { 0x1, 0, 0x000006274d34, 0x020c, 0396, 3574, 0x100000000, 0x5f22a57dbe3082f1, 0x0, 0xc7ea17a1705ca07d, 0x1c169996252ebf5b, 0x7c72ad70d741cb07, 0x2f4b61b16c14f62b, 0x5a4e8ac2bbae8259, 0x0000000000000000, 0x0000000000000000, 0x0000000000000000, 0x0000000000000000, 1, },
        { 0x1, 0, 0x000006274e30, 0x020c, 0396, 3574, 0x200000001, 0x5f22a57dbe3082f1, 0x0, 0xc7ea17a1705ca07d, 0x1c169996252ebf5b, 0x7c72ad70d741cb07, 0x2f4b61b16c14f62b, 0x5a4e8ac2bbae8259, 0x0000000000000000, 0x0000000000000000, 0x0000000000000000, 0x0000000000000000, 1, },
        { 0x1, 0, 0x000006274e40, 0x014d, 0123, 3574, 0x00000000, 0x5f22a57dbe3082f1, 0x0, 0xc7ea17a1705ca07d, 0x1c169996252ebf5b, 0x7c72ad70d741cb07, 0x2f4b61b16c14f62b, 0x5a4e8ac2bbae8259, 0x0000000000000000, 0x0000000000000000, 0x0000000000000000, 0x0000000000000000, 1, },
        { 0x1, 0, 0x000006274e41, 0x014d, 0676, 3574, 0x00000000, 0x5f22a57dbe3082f1, 0x0, 0xc7ea17a1705ca07d, 0x1c169996252ebf5b, 0x7c72ad70d741cb07, 0x2f4b61b16c14f62b, 0x5a4e8ac2bbae8259, 0x0000000000000000, 0x0000000000000000, 0x0000000000000000, 0x0000000000000000, 1, },
        { 0x1, 0, 0x000006274e45, 0x0107, 5038, 3574, 0x1b00000000, 0x5f22a57dbe3082f1, 0x0, 0xc7ea17a1705ca07d, 0x1c169996252ebf5b, 0x7c72ad70d741cb07, 0x2f4b61b16c14f62b, 0x5a4e8ac2bbae8259, 0x0000000000000000, 0x0000000000000000, 0x0000000000000000, 0x0000000000000000, 1, },
        { 0x1, 0, 0x000006274e47, 0x0129, 4702, 3574, 0x00001000, 0x5f22a57dbe3082f1, 0x0, 0xc7ea17a1705ca07d, 0x1c169996252ebf5b, 0x7c72ad70d741cb07, 0x2f4b61b16c14f62b, 0x5a4e8ac2bbae8259, 0x0000000000000000, 0x0000000000000000, 0x0000000000000000, 0x0000000000000000, 1, },
        { 0x1, 0, 0x000006274e47, 0x0154, 0066, 3574, 0xfffffffe00000001, 0x5f22a57dbe3082f1, 0x0, 0xc7ea17a1705ca07d, 0x1c169996252ebf5b, 0x7c72ad70d741cb07, 0x2f4b61b16c14f62b, 0x5a4e8ac2bbae8259, 0x0000000000000000, 0x0000000000000000, 0x0000000000000000, 0x0000000000000000, 1, },
        { 0x1, 0, 0x000006274e49, 0x0142, 0170, 3574, 0x00000110, 0x0000000000000000, 0x0, 0x0, 0x0, 0x0000000000000000, 0x0000000000000000, 0x0000000000000000, 0x0000000000000000, 0x0000000000000000, 0x0000000000000000, 0x0000000000000000, 0, },
        { 0x1, 0, 0x000006274e49, 0x0142, 0184, 3574, 0x1000000020000, 0x0000000000000000, 0x0, 0x0, 0x0, 0x0000000000000000, 0x0000000000000000, 0x0000000000000000, 0x0000000000000000, 0x0000000000000000, 0x0000000000000000, 0x0000000000000000, 0, },
        { 0x1, 0, 0x000006274e49, 0x0214, 0480, 3574, 0x200000000, 0x5f22a57dbe3082f1, 0x0, 0xc7ea17a1705ca07d, 0x1c169996252ebf5b, 0x7c72ad70d741cb07, 0x2f4b61b16c14f62b, 0x5a4e8ac2bbae8259, 0x0000000000000000, 0x0000000000000000, 0x0000000000000000, 0x0000000000000000, 1, },
        { 0x1, 0, 0x000006274e4c, 0x0200, 0330, 3574, 0x01000100, 0x5f22a57dbe3082f1, 0x0, 0xc7ea17a1705ca07d, 0x1c169996252ebf5b, 0x7c72ad70d741cb07, 0x2f4b61b16c14f62b, 0x5a4e8ac2bbae8259, 0x0000000000000000, 0x0000000000000000, 0x0000000000000000, 0x0000000000000000, 1, },
        { 0x1, 0, 0x000006274e4c, 0x014c, 7027, 3574, 0x00000000, 0x0000000000000000, 0x0, 0x0, 0x0, 0x0000000000000000, 0x0000000000000000, 0x0000000000000000, 0x0000000000000000, 0x0000000000000000, 0x0000000000000000, 0x0000000000000000, 0, },
        { 0x1, 0, 0x000006274e4d, 0x0104, 4851, 3574, 0x100010100, 0x0000000000000000, 0x0, 0x0, 0x0, 0x0000000000000000, 0x0000000000000000, 0x0000000000000000, 0x0000000000000000, 0x0000000000000000, 0x0000000000000000, 0x0000000000000000, 0, },
        { 0x1, 1, 0x000006274e58, 0x0126, 3563, 3574, 0x5f22a57dbe3082f1, 0x0000000000000000, 0x0, 0x0, 0x0, 0x0000000000000000, 0x0000000000000000, 0x0000000000000000, 0x0000000000000000, 0x0000000000000000, 0x0000000000000000, 0x0000000000000000, 0, },
        { 0x1, 0, 0x000006274f67, 0x021c, 0440, 652, 0x4100010000, 0x0000000000000000, 0x0, 0x0, 0x0, 0x0000000000000000, 0x0000000000000000, 0x0000000000000000, 0x0000000000000000, 0x0000000000000000, 0x0000000000000000, 0x0000000000000000, 0, },
        { 0x1, 0, 0x000006274f67, 0x0142, 0170, 652, 0x00000120, 0x0000000000000000, 0x0, 0x0, 0x0, 0x0000000000000000, 0x0000000000000000, 0x0000000000000000, 0x0000000000000000, 0x0000000000000000, 0x0000000000000000, 0x0000000000000000, 0, },
        { 0x1, 0, 0x000006274f67, 0x0142, 0184, 652, 0x1000000030000, 0x0000000000000000, 0x0, 0x0, 0x0, 0x0000000000000000, 0x0000000000000000, 0x0000000000000000, 0x0000000000000000, 0x0000000000000000, 0x0000000000000000, 0x0000000000000000, 0, },
        { 0x1, 0, 0x000006274f68, 0x0218, 0566, 652, 0x00010100, 0x5f22a57dbe3082f1, 0x0, 0xc7ea17a1705ca07d, 0x1c169996252ebf5b, 0x7c72ad70d741cb07, 0x2f4b61b16c14f62b, 0x5a4e8ac2bbae8259, 0x0000000000000000, 0x0000000000000000, 0x0000000000000000, 0x0000000000000000, 1, },
        { 0x1, 0, 0x000006274f68, 0x0142, 0170, 652, 0x00000030, 0x0000000000000000, 0x0, 0x0, 0x0, 0x0000000000000000, 0x0000000000000000, 0x0000000000000000, 0x0000000000000000, 0x0000000000000000, 0x0000000000000000, 0x0000000000000000, 0, },
        { 0x1, 0, 0x000006274f68, 0x0142, 0246, 652, 0xffff000000020000, 0x0000000000000000, 0x0, 0x0, 0x0, 0x0000000000000000, 0x0000000000000000, 0x0000000000000000, 0x0000000000000000, 0x0000000000000000, 0x0000000000000000, 0x0000000000000000, 0, },
        { 0x1, 0, 0x000006274f69, 0x0204, 0353, 652, 0x01010100, 0x5f22a57dbe3082f1, 0x0, 0xc7ea17a1705ca07d, 0x1c169996252ebf5b, 0x7c72ad70d741cb07, 0x2f4b61b16c14f62b, 0x5a4e8ac2bbae8259, 0x0000000000000000, 0x0000000000000000, 0x0000000000000000, 0x0000000000000000, 1, },
        { 0x1, 0, 0x000006274f6a, 0x0210, 0425, 652, 0x200000001, 0x5f22a57dbe3082f1, 0x0, 0xc7ea17a1705ca07d, 0x1c169996252ebf5b, 0x7c72ad70d741cb07, 0x2f4b61b16c14f62b, 0x5a4e8ac2bbae8259, 0x0000000000000000, 0x0000000000000000, 0x0000000000000000, 0x0000000000000000, 1, },
        { 0x1, 0, 0x000006274f6e, 0x0142, 0170, 652, 0x00000020, 0x0000000000000000, 0x0, 0x0, 0x0, 0x0000000000000000, 0x0000000000000000, 0x0000000000000000, 0x0000000000000000, 0x0000000000000000, 0x0000000000000000, 0x0000000000000000, 0, },
        { 0x1, 0, 0x000006274f6e, 0x0142, 0246, 652, 0xffff000000010000, 0x0000000000000000, 0x0, 0x0, 0x0, 0x0000000000000000, 0x0000000000000000, 0x0000000000000000, 0x0000000000000000, 0x0000000000000000, 0x0000000000000000, 0x0000000000000000, 0, },
        { 0x1, 0, 0x000006275847, 0x0108, 4112, 652, 0x100000000, 0x0000000000000000, 0x0, 0x0, 0x0, 0x0000000000000000, 0x0000000000000000, 0x0000000000000000, 0x0000000000000000, 0x0000000000000000, 0x0000000000000000, 0x0000000000000000, 0, },
        { 0x1, 0, 0x000006275847, 0x0109, 4170, 652, 0x00000000, 0x0000000000000000, 0x0, 0x0, 0x0, 0x0000000000000000, 0x0000000000000000, 0x0000000000000000, 0x0000000000000000, 0x0000000000000000, 0x0000000000000000, 0x0000000000000000, 0, },
        { 0x1, 0, 0x000006275849, 0x014c, 7027, 652, 0x00000001, 0x0000000000000000, 0x0, 0x0, 0x0, 0x0000000000000000, 0x0000000000000000, 0x0000000000000000, 0x0000000000000000, 0x0000000000000000, 0x0000000000000000, 0x0000000000000000, 0, },
        { 0x1, 0, 0x00000627584a, 0x0121, 4400, 652, 0x00010001, 0x0000000000000000, 0x0, 0x0, 0x0, 0x0000000000000000, 0x0000000000000000, 0x0000000000000000, 0x0000000000000000, 0x0000000000000000, 0x0000000000000000, 0x0000000000000000, 0, },
        { 0x1, 0, 0x00000627584c, 0x0122, 4512, 652, 0x1b001b0000, 0x5f22a57dbe3082f1, 0x0, 0xc7ea17a1705ca07d, 0x1c169996252ebf5b, 0x7c72ad70d741cb07, 0x2f4b61b16c14f62b, 0x5a4e8ac2bbae8259, 0x0000000000000000, 0x0000000000000000, 0x0000000000000000, 0x0000000000000000, 1, },
        { 0x1, 0, 0x00000627584e, 0x012a, 4714, 652, 0x00000100, 0x5f22a57dbe3082f1, 0x0, 0xc7ea17a1705ca07d, 0x1c169996252ebf5b, 0x7c72ad70d741cb07, 0x2f4b61b16c14f62b, 0x5a4e8ac2bbae8259, 0x0000000000000000, 0x0000000000000000, 0x0000000000000000, 0x0000000000000000, 1, },
        { 0x1, 0, 0x00000627584e, 0x0106, 4556, 652, 0x00000101, 0x5f22a57dbe3082f1, 0x0, 0xc7ea17a1705ca07d, 0x1c169996252ebf5b, 0x7c72ad70d741cb07, 0x2f4b61b16c14f62b, 0x5a4e8ac2bbae8259, 0x0000000000000000, 0x0000000000000000, 0x0000000000000000, 0x0000000000000000, 1, },
        { 0x1, 0, 0x00000627584e, 0x0106, 4293, 652, 0x00000010, 0x5f22a57dbe3082f1, 0x0, 0xc7ea17a1705ca07d, 0x1c169996252ebf5b, 0x7c72ad70d741cb07, 0x2f4b61b16c14f62b, 0x5a4e8ac2bbae8259, 0x0000000000000000, 0x0000000000000000, 0x0000000000000000, 0x0000000000000000, 1, },
        { 0x1, 0, 0x000006275852, 0x0105, 1983, 652, 0x00011010, 0x5f22a57dbe3082f1, 0x0, 0xc7ea17a1705ca07d, 0x1c169996252ebf5b, 0x7c72ad70d741cb07, 0x2f4b61b16c14f62b, 0x5a4e8ac2bbae8259, 0x0000000000000000, 0x0000000000000000, 0x0000000000000000, 0x0000000000000000, 1, },
        { 0x1, 0, 0x000006275854, 0x0142, 0170, 652, 0x00000010, 0x5f22a57dbe3082f1, 0x0, 0xc7ea17a1705ca07d, 0x1c169996252ebf5b, 0x7c72ad70d741cb07, 0x2f4b61b16c14f62b, 0x5a4e8ac2bbae8259, 0x0000000000000000, 0x0000000000000000, 0x0000000000000000, 0x0000000000000000, 1, },
        { 0x1, 0, 0x000006275855, 0x0142, 0246, 652, 0xffff000000000000, 0x5f22a57dbe3082f1, 0x0, 0xc7ea17a1705ca07d, 0x1c169996252ebf5b, 0x7c72ad70d741cb07, 0x2f4b61b16c14f62b, 0x5a4e8ac2bbae8259, 0x0000000000000000, 0x0000000000000000, 0x0000000000000000, 0x0000000000000000, 1, },
        { 0x1, 0, 0x00000627585c, 0x0132, 0139, 652, 0x00000001, 0x0000000000000000, 0x0, 0x0, 0x0, 0x0000000000000000, 0x0000000000000000, 0x0000000000000000, 0x0000000000000000, 0x0000000000000000, 0x0000000000000000, 0x0000000000000000, 0, },
        { 0x1, 0, 0x00000627585d, 0x0132, 0180, 652, 0x00000100, 0x0000000000000000, 0x0, 0x0, 0x0, 0x0000000000000000, 0x0000000000000000, 0x0000000000000000, 0x0000000000000000, 0x0000000000000000, 0x0000000000000000, 0x0000000000000000, 0, },
        { 0x1, 0, 0x00000627585d, 0x0132, 0189, 652, 0x00000101, 0x0000000000000000, 0x0, 0x0, 0x0, 0x0000000000000000, 0x0000000000000000, 0x0000000000000000, 0x0000000000000000, 0x0000000000000000, 0x0000000000000000, 0x0000000000000000, 0, },
        { 0x1, 0, 0x00000627585d, 0x0141, 0185, 652, 0x00000000, 0x0000000000000000, 0x0, 0x0, 0x0, 0x0000000000000000, 0x0000000000000000, 0x0000000000000000, 0x0000000000000000, 0x0000000000000000, 0x0000000000000000, 0x0000000000000000, 0, },
        { 0x1, 0, 0x00000627585d, 0x011d, 0560, 652, 0x00001010, 0x0000000000000000, 0x0, 0x0, 0x0, 0x0000000000000000, 0x0000000000000000, 0x0000000000000000, 0x0000000000000000, 0x0000000000000000, 0x0000000000000000, 0x0000000000000000, 0, },
        { 0x1, 0, 0x00000627589e, 0x017f, 0117, 652, 0x00dd0000, 0x0000000000000000, 0x0, 0x0, 0x0, 0x0000000000000000, 0x0000000000000000, 0x0000000000000000, 0x0000000000000000, 0x0000000000000000, 0x0000000000000000, 0x0000000000000000, 0, },
        { 0x1, 0, 0x0000062758d4, 0x014a, 0252, 652, 0x00000000, 0x0000000000000000, 0x0, 0x0, 0x0, 0x0000000000000000, 0x0000000000000000, 0x0000000000000000, 0x0000000000000000, 0x0000000000000000, 0x0000000000000000, 0x0000000000000000, 0, },
        { 0x1, 0, 0x0000062758d4, 0x014c, 7027, 652, 0x00000001, 0x0000000000000000, 0x0, 0x0, 0x0, 0x0000000000000000, 0x0000000000000000, 0x0000000000000000, 0x0000000000000000, 0x0000000000000000, 0x0000000000000000, 0x0000000000000000, 0, },
        { 0x1, 1, 0x0000062758e3, 0x0111, 4947, 652, 0x429caba8250ca6fb, 0x5f22a57dbe3082f1, 0x0, 0xc7ea17a1705ca07d, 0x1c169996252ebf5b, 0x7c72ad70d741cb07, 0x2f4b61b16c14f62b, 0x5a4e8ac2bbae8259, 0x0000000000000000, 0x0000000000000000, 0x0000000000000000, 0x0000000000000000, 1, },
        { 0x1, 1, 0x0000062758e7, 0x0112, 4951, 652, 0x429caba8250ca6fb, 0x5f22a57dbe3082f1, 0x0, 0xc7ea17a1705ca07d, 0x1c169996252ebf5b, 0x7c72ad70d741cb07, 0x2f4b61b16c14f62b, 0x5a4e8ac2bbae8259, 0x0000000000000000, 0x0000000000000000, 0x0000000000000000, 0x0000000000000000, 1, },
        { 0x1, 1, 0x0000062758e7, 0x0111, 4969, 652, 0x6199745f5ed9ccdf, 0x5f22a57dbe3082f1, 0x0, 0xc7ea17a1705ca07d, 0x1c169996252ebf5b, 0x7c72ad70d741cb07, 0x0000000000000000, 0x5a4e8ac2bbae8259, 0x0000000000000000, 0x0000000000000000, 0x0000000000000000, 0x0000000000000000, 1, },
        { 0x1, 1, 0x0000062758fc, 0x0112, 4973, 652, 0x6199745f5ed9ccdf, 0x5f22a57dbe3082f1, 0x0, 0xc7ea17a1705ca07d, 0x1c169996252ebf5b, 0x7c72ad70d741cb07, 0x0000000000000000, 0x5a4e8ac2bbae8259, 0x0000000000000000, 0x0000000000000000, 0x0000000000000000, 0x0000000000000000, 1, },
        { 0x1, 0, 0x0000062758fd, 0x0113, 5001, 652, 0x1b00000000, 0x5f22a57dbe3082f1, 0x0, 0xc7ea17a1705ca07d, 0x1c169996252ebf5b, 0x7c72ad70d741cb07, 0x0000000000000000, 0x0000000000000000, 0x0000000000000000, 0x0000000000000000, 0x0000000000000000, 0x0000000000000000, 1, },
        { 0x1, 0, 0x000006275950, 0x011a, 7463, 652, 0x100000000000000, 0x0000000000000000, 0x0, 0x0, 0x0, 0x0000000000000000, 0x0000000000000000, 0x0000000000000000, 0x0000000000000000, 0x0000000000000000, 0x0000000000000000, 0x0000000000000000, 0, },
        { 0x1, 1, 0x000006275981, 0x0115, 0556, 3574, 0x7c72ad70d741cb07, 0x0000000000000000, 0x0, 0x0, 0x0, 0x0000000000000000, 0x0000000000000000, 0x0000000000000000, 0x0000000000000000, 0x0000000000000000, 0x0000000000000000, 0x0000000000000000, 0, },
        { 0x1, 0, 0x000006275a04, 0x011a, 7463, 652, 0x10000dcc0000000, 0x0000000000000000, 0x0, 0x0, 0x0, 0x0000000000000000, 0x0000000000000000, 0x0000000000000000, 0x0000000000000000, 0x0000000000000000, 0x0000000000000000, 0x0000000000000000, 0, },
        { 0x1, 0, 0x000006275a04, 0x010d, 5015, 652, 0x0000000c, 0x5f22a57dbe3082f1, 0x0, 0xc7ea17a1705ca07d, 0x1c169996252ebf5b, 0x7c72ad70d741cb07, 0x0000000000000000, 0x0000000000000000, 0x0000000000000000, 0x0000000000000000, 0x0000000000000000, 0x0000000000000000, 1, },
        { 0x1, 0, 0x000006275a05, 0x010d, 5021, 652, 0x000000b0, 0x5f22a57dbe3082f1, 0x0, 0xc7ea17a1705ca07d, 0x1c169996252ebf5b, 0x7c72ad70d741cb07, 0x0000000000000000, 0x0000000000000000, 0x0000000000000000, 0x0000000000000000, 0x0000000000000000, 0x0000000000000000, 1, },
        { 0x1, 0, 0x000006275a06, 0x0183, 7198, 652, 0xf037093800000000, 0x0000000000000000, 0x0, 0x0, 0x0, 0x0000000000000000, 0x0000000000000000, 0x0000000000000000, 0x0000000000000000, 0x0000000000000000, 0x0000000000000000, 0x0000000000000000, 0, },
        { 0x1, 0, 0x000006275a06, 0x0120, 5064, 652, 0x00000001, 0x5f22a57dbe3082f1, 0x0, 0xc7ea17a1705ca07d, 0x1c169996252ebf5b, 0x7c72ad70d741cb07, 0x0000000000000000, 0x0000000000000000, 0x0000000000000000, 0x0000000000000000, 0x0000000000000000, 0x0000000000000000, 1, },
        { 0x1, 0, 0x000006275a1c, 0x0123, 4593, 652, 0x00000110, 0x0000000000000000, 0x0, 0x0, 0x0, 0x0000000000000000, 0x0000000000000000, 0x0000000000000000, 0x0000000000000000, 0x0000000000000000, 0x0000000000000000, 0x0000000000000000, 0, },
        { 0x1, 0, 0x000006275a1d, 0x014c, 7027, 652, 0x00000001, 0x0000000000000000, 0x0, 0x0, 0x0, 0x0000000000000000, 0x0000000000000000, 0x0000000000000000, 0x0000000000000000, 0x0000000000000000, 0x0000000000000000, 0x0000000000000000, 0, },
        { 0x1, 0, 0x00000627667d, 0x0176, 2226, 3574, 0x1e00000000, 0x0000000000000000, 0x0, 0x0, 0x0, 0x0000000000000000, 0x0000000000000000, 0x0000000000000000, 0x0000000000000000, 0x0000000000000000, 0x0000000000000000, 0x0000000000000000, 0, },
        { 0x1, 0, 0x0000065cf315, 0x0175, 2191, 9409, 0x1f00010001, 0x0000000000000000, 0x0, 0x0, 0x0, 0x0000000000000000, 0x0000000000000000, 0x0000000000000000, 0x0000000000000000, 0x0000000000000000, 0x0000000000000000, 0x0000000000000000, 0, },
        { 0x1, 0, 0x0000065dd42e, 0x0176, 2226, 9409, 0x1f00000000, 0x0000000000000000, 0x0, 0x0, 0x0, 0x0000000000000000, 0x0000000000000000, 0x0000000000000000, 0x0000000000000000, 0x0000000000000000, 0x0000000000000000, 0x0000000000000000, 0, },
        { 0x1, 0, 0x000008a728d2, 0x0175, 2191, 2207, 0x2000010001, 0x0000000000000000, 0x0, 0x0, 0x0, 0x0000000000000000, 0x0000000000000000, 0x0000000000000000, 0x0000000000000000, 0x0000000000000000, 0x0000000000000000, 0x0000000000000000, 0, },
        { 0x1, 0, 0x000008a74d25, 0x0176, 2226, 2207, 0x2000000000, 0x0000000000000000, 0x0, 0x0, 0x0, 0x0000000000000000, 0x0000000000000000, 0x0000000000000000, 0x0000000000000000, 0x0000000000000000, 0x0000000000000000, 0x0000000000000000, 0, },
        { 0x1, 0, 0x000008c75931, 0x0175, 2191, 2207, 0x2100010001, 0x0000000000000000, 0x0, 0x0, 0x0, 0x0000000000000000, 0x0000000000000000, 0x0000000000000000, 0x0000000000000000, 0x0000000000000000, 0x0000000000000000, 0x0000000000000000, 0, },
        { 0x1, 0, 0x000008c823f0, 0x0175, 2191, 2207, 0x2200010002, 0x0000000000000000, 0x0, 0x0, 0x0, 0x0000000000000000, 0x0000000000000000, 0x0000000000000000, 0x0000000000000000, 0x0000000000000000, 0x0000000000000000, 0x0000000000000000, 0, },
        { 0x1, 0, 0x000008cd65d1, 0x0176, 2226, 2207, 0x2200000001, 0x0000000000000000, 0x0, 0x0, 0x0, 0x0000000000000000, 0x0000000000000000, 0x0000000000000000, 0x0000000000000000, 0x0000000000000000, 0x0000000000000000, 0x0000000000000000, 0, },
        { 0x1, 0, 0x000008cd6a2b, 0x0176, 2226, 2207, 0x2100000000, 0x0000000000000000, 0x0, 0x0, 0x0, 0x0000000000000000, 0x0000000000000000, 0x0000000000000000, 0x0000000000000000, 0x0000000000000000, 0x0000000000000000, 0x0000000000000000, 0, },
        { 0x1, 0, 0x000008cdd804, 0x0175, 2191, 2207, 0x2300010001, 0x0000000000000000, 0x0, 0x0, 0x0, 0x0000000000000000, 0x0000000000000000, 0x0000000000000000, 0x0000000000000000, 0x0000000000000000, 0x0000000000000000, 0x0000000000000000, 0, },
        { 0x1, 0, 0x000008ce01d4, 0x0175, 2191, 2207, 0x2400010002, 0x0000000000000000, 0x0, 0x0, 0x0, 0x0000000000000000, 0x0000000000000000, 0x0000000000000000, 0x0000000000000000, 0x0000000000000000, 0x0000000000000000, 0x0000000000000000, 0, },
        { 0x1, 0, 0x000008ce0993, 0x0175, 2191, 2207, 0x2500010003, 0x0000000000000000, 0x0, 0x0, 0x0, 0x0000000000000000, 0x0000000000000000, 0x0000000000000000, 0x0000000000000000, 0x0000000000000000, 0x0000000000000000, 0x0000000000000000, 0, },
        { 0x1, 0, 0x000008cee1c2, 0x0176, 2226, 2207, 0x2500000002, 0x0000000000000000, 0x0, 0x0, 0x0, 0x0000000000000000, 0x0000000000000000, 0x0000000000000000, 0x0000000000000000, 0x0000000000000000, 0x0000000000000000, 0x0000000000000000, 0, },
        { 0x1, 0, 0x000008cee55a, 0x0176, 2226, 2207, 0x2400000001, 0x0000000000000000, 0x0, 0x0, 0x0, 0x0000000000000000, 0x0000000000000000, 0x0000000000000000, 0x0000000000000000, 0x0000000000000000, 0x0000000000000000, 0x0000000000000000, 0, },
        { 0x1, 0, 0x000008d1c82f, 0x0176, 2226, 2207, 0x2300000000, 0x0000000000000000, 0x0, 0x0, 0x0, 0x0000000000000000, 0x0000000000000000, 0x0000000000000000, 0x0000000000000000, 0x0000000000000000, 0x0000000000000000, 0x0000000000000000, 0, },
        { 0x1, 0, 0x000008d36fe6, 0x0175, 2191, 2207, 0x2600010001, 0x0000000000000000, 0x0, 0x0, 0x0, 0x0000000000000000, 0x0000000000000000, 0x0000000000000000, 0x0000000000000000, 0x0000000000000000, 0x0000000000000000, 0x0000000000000000, 0, },
        { 0x1, 0, 0x000008d384e8, 0x0175, 2191, 2207, 0x2700010002, 0x0000000000000000, 0x0, 0x0, 0x0, 0x0000000000000000, 0x0000000000000000, 0x0000000000000000, 0x0000000000000000, 0x0000000000000000, 0x0000000000000000, 0x0000000000000000, 0, },
        { 0x1, 0, 0x000008d76f61, 0x0176, 2226, 2207, 0x2700000001, 0x0000000000000000, 0x0, 0x0, 0x0, 0x0000000000000000, 0x0000000000000000, 0x0000000000000000, 0x0000000000000000, 0x0000000000000000, 0x0000000000000000, 0x0000000000000000, 0, },
        { 0x1, 0, 0x000008d7765f, 0x0176, 2226, 2207, 0x2600000000, 0x0000000000000000, 0x0, 0x0, 0x0, 0x0000000000000000, 0x0000000000000000, 0x0000000000000000, 0x0000000000000000, 0x0000000000000000, 0x0000000000000000, 0x0000000000000000, 0, },
        { 0x1, 0, 0x00000972dd95, 0x0175, 2191, 2207, 0x2800010001, 0x0000000000000000, 0x0, 0x0, 0x0, 0x0000000000000000, 0x0000000000000000, 0x0000000000000000, 0x0000000000000000, 0x0000000000000000, 0x0000000000000000, 0x0000000000000000, 0, },
        { 0x1, 0, 0x0000097b02eb, 0x0176, 2226, 2207, 0x2800000000, 0x0000000000000000, 0x0, 0x0, 0x0, 0x0000000000000000, 0x0000000000000000, 0x0000000000000000, 0x0000000000000000, 0x0000000000000000, 0x0000000000000000, 0x0000000000000000, 0, },
        { 0x1, 0, 0x0000097b8730, 0x0175, 2191, 2207, 0x2900010001, 0x0000000000000000, 0x0, 0x0, 0x0, 0x0000000000000000, 0x0000000000000000, 0x0000000000000000, 0x0000000000000000, 0x0000000000000000, 0x0000000000000000, 0x0000000000000000, 0, },
        { 0x1, 0, 0x0000097bb1ec, 0x0176, 2226, 2207, 0x2900000000, 0x0000000000000000, 0x0, 0x0, 0x0, 0x0000000000000000, 0x0000000000000000, 0x0000000000000000, 0x0000000000000000, 0x0000000000000000, 0x0000000000000000, 0x0000000000000000, 0, },
        { 0x1, 0, 0x0000097c4bc8, 0x0175, 2191, 2207, 0x2a00010001, 0x0000000000000000, 0x0, 0x0, 0x0, 0x0000000000000000, 0x0000000000000000, 0x0000000000000000, 0x0000000000000000, 0x0000000000000000, 0x0000000000000000, 0x0000000000000000, 0, },
        { 0x1, 0, 0x0000097c69d1, 0x0176, 2226, 2207, 0x2a00000000, 0x0000000000000000, 0x0, 0x0, 0x0, 0x0000000000000000, 0x0000000000000000, 0x0000000000000000, 0x0000000000000000, 0x0000000000000000, 0x0000000000000000, 0x0000000000000000, 0, },
        { 0x1, 0, 0x0000097ce31c, 0x0175, 2191, 2207, 0x2b00010001, 0x0000000000000000, 0x0, 0x0, 0x0, 0x0000000000000000, 0x0000000000000000, 0x0000000000000000, 0x0000000000000000, 0x0000000000000000, 0x0000000000000000, 0x0000000000000000, 0, },
        { 0x1, 0, 0x0000097d07dc, 0x0176, 2226, 2207, 0x2b00000000, 0x0000000000000000, 0x0, 0x0, 0x0, 0x0000000000000000, 0x0000000000000000, 0x0000000000000000, 0x0000000000000000, 0x0000000000000000, 0x0000000000000000, 0x0000000000000000, 0, },
        { 0x1, 0, 0x00000982c099, 0x0175, 2191, 2207, 0x2c00010001, 0x0000000000000000, 0x0, 0x0, 0x0, 0x0000000000000000, 0x0000000000000000, 0x0000000000000000, 0x0000000000000000, 0x0000000000000000, 0x0000000000000000, 0x0000000000000000, 0, },
        { 0x1, 0, 0x00000982db84, 0x0176, 2226, 2207, 0x2c00000000, 0x0000000000000000, 0x0, 0x0, 0x0, 0x0000000000000000, 0x0000000000000000, 0x0000000000000000, 0x0000000000000000, 0x0000000000000000, 0x0000000000000000, 0x0000000000000000, 0, },
        { 0x1, 0, 0x00000983428c, 0x0175, 2191, 2207, 0x2d00010001, 0x0000000000000000, 0x0, 0x0, 0x0, 0x0000000000000000, 0x0000000000000000, 0x0000000000000000, 0x0000000000000000, 0x0000000000000000, 0x0000000000000000, 0x0000000000000000, 0, },
        { 0x1, 0, 0x000009835613, 0x0176, 2226, 2207, 0x2d00000000, 0x0000000000000000, 0x0, 0x0, 0x0, 0x0000000000000000, 0x0000000000000000, 0x0000000000000000, 0x0000000000000000, 0x0000000000000000, 0x0000000000000000, 0x0000000000000000, 0, },
        { 0x1, 0, 0x00000983abde, 0x0175, 2191, 2207, 0x2e00010001, 0x0000000000000000, 0x0, 0x0, 0x0, 0x0000000000000000, 0x0000000000000000, 0x0000000000000000, 0x0000000000000000, 0x0000000000000000, 0x0000000000000000, 0x0000000000000000, 0, },
        { 0x1, 0, 0x00000983bfdf, 0x0176, 2226, 2207, 0x2e00000000, 0x0000000000000000, 0x0, 0x0, 0x0, 0x0000000000000000, 0x0000000000000000, 0x0000000000000000, 0x0000000000000000, 0x0000000000000000, 0x0000000000000000, 0x0000000000000000, 0, },
        { 0x1, 0, 0x0000098413c8, 0x0175, 2191, 2207, 0x2f00010001, 0x0000000000000000, 0x0, 0x0, 0x0, 0x0000000000000000, 0x0000000000000000, 0x0000000000000000, 0x0000000000000000, 0x0000000000000000, 0x0000000000000000, 0x0000000000000000, 0, },
        { 0x1, 0, 0x000009842936, 0x0176, 2226, 2207, 0x2f00000000, 0x0000000000000000, 0x0, 0x0, 0x0, 0x0000000000000000, 0x0000000000000000, 0x0000000000000000, 0x0000000000000000, 0x0000000000000000, 0x0000000000000000, 0x0000000000000000, 0, },
        { 0x1, 0, 0x00000984790c, 0x0175, 2191, 2207, 0x3000010001, 0x0000000000000000, 0x0, 0x0, 0x0, 0x0000000000000000, 0x0000000000000000, 0x0000000000000000, 0x0000000000000000, 0x0000000000000000, 0x0000000000000000, 0x0000000000000000, 0, },
        { 0x1, 0, 0x00000986aef9, 0x0176, 2226, 2207, 0x3000000000, 0x0000000000000000, 0x0, 0x0, 0x0, 0x0000000000000000, 0x0000000000000000, 0x0000000000000000, 0x0000000000000000, 0x0000000000000000, 0x0000000000000000, 0x0000000000000000, 0, },
        { 0x1, 0, 0x00000986f9df, 0x0175, 2191, 2207, 0x3100010001, 0x0000000000000000, 0x0, 0x0, 0x0, 0x0000000000000000, 0x0000000000000000, 0x0000000000000000, 0x0000000000000000, 0x0000000000000000, 0x0000000000000000, 0x0000000000000000, 0, },
        { 0x1, 0, 0x0000098710c7, 0x0176, 2226, 2207, 0x3100000000, 0x0000000000000000, 0x0, 0x0, 0x0, 0x0000000000000000, 0x0000000000000000, 0x0000000000000000, 0x0000000000000000, 0x0000000000000000, 0x0000000000000000, 0x0000000000000000, 0, },
        { 0x1, 0, 0x00000987873b, 0x0175, 2191, 2207, 0x3200010001, 0x0000000000000000, 0x0, 0x0, 0x0, 0x0000000000000000, 0x0000000000000000, 0x0000000000000000, 0x0000000000000000, 0x0000000000000000, 0x0000000000000000, 0x0000000000000000, 0, },
        { 0x1, 0, 0x00000987bc39, 0x0176, 2226, 2207, 0x3200000000, 0x0000000000000000, 0x0, 0x0, 0x0, 0x0000000000000000, 0x0000000000000000, 0x0000000000000000, 0x0000000000000000, 0x0000000000000000, 0x0000000000000000, 0x0000000000000000, 0, },
        { 0x1, 0, 0x000009881560, 0x0175, 2191, 2207, 0x3300010001, 0x0000000000000000, 0x0, 0x0, 0x0, 0x0000000000000000, 0x0000000000000000, 0x0000000000000000, 0x0000000000000000, 0x0000000000000000, 0x0000000000000000, 0x0000000000000000, 0, },
        { 0x1, 0, 0x000009882c21, 0x0176, 2226, 2207, 0x3300000000, 0x0000000000000000, 0x0, 0x0, 0x0, 0x0000000000000000, 0x0000000000000000, 0x0000000000000000, 0x0000000000000000, 0x0000000000000000, 0x0000000000000000, 0x0000000000000000, 0, },
        { 0x1, 0, 0x00000988a348, 0x0175, 2191, 2207, 0x3400010001, 0x0000000000000000, 0x0, 0x0, 0x0, 0x0000000000000000, 0x0000000000000000, 0x0000000000000000, 0x0000000000000000, 0x0000000000000000, 0x0000000000000000, 0x0000000000000000, 0, },
        { 0x1, 0, 0x00000988b9c0, 0x0176, 2226, 2207, 0x3400000000, 0x0000000000000000, 0x0, 0x0, 0x0, 0x0000000000000000, 0x0000000000000000, 0x0000000000000000, 0x0000000000000000, 0x0000000000000000, 0x0000000000000000, 0x0000000000000000, 0, },
        { 0x1, 0, 0x0000098922ba, 0x0175, 2191, 2207, 0x3500010001, 0x0000000000000000, 0x0, 0x0, 0x0, 0x0000000000000000, 0x0000000000000000, 0x0000000000000000, 0x0000000000000000, 0x0000000000000000, 0x0000000000000000, 0x0000000000000000, 0, },
        { 0x1, 0, 0x000009893c30, 0x0176, 2226, 2207, 0x3500000000, 0x0000000000000000, 0x0, 0x0, 0x0, 0x0000000000000000, 0x0000000000000000, 0x0000000000000000, 0x0000000000000000, 0x0000000000000000, 0x0000000000000000, 0x0000000000000000, 0, },
        { 0x1, 0, 0x00000989e033, 0x0175, 2191, 2207, 0x3600010001, 0x0000000000000000, 0x0, 0x0, 0x0, 0x0000000000000000, 0x0000000000000000, 0x0000000000000000, 0x0000000000000000, 0x0000000000000000, 0x0000000000000000, 0x0000000000000000, 0, },
        { 0x1, 0, 0x00000989fc2d, 0x0176, 2226, 2207, 0x3600000000, 0x0000000000000000, 0x0, 0x0, 0x0, 0x0000000000000000, 0x0000000000000000, 0x0000000000000000, 0x0000000000000000, 0x0000000000000000, 0x0000000000000000, 0x0000000000000000, 0, },
        { 0x1, 0, 0x0000098a4546, 0x0175, 2191, 2207, 0x3700010001, 0x0000000000000000, 0x0, 0x0, 0x0, 0x0000000000000000, 0x0000000000000000, 0x0000000000000000, 0x0000000000000000, 0x0000000000000000, 0x0000000000000000, 0x0000000000000000, 0, },
        { 0x1, 0, 0x0000098a56ba, 0x0176, 2226, 2207, 0x3700000000, 0x0000000000000000, 0x0, 0x0, 0x0, 0x0000000000000000, 0x0000000000000000, 0x0000000000000000, 0x0000000000000000, 0x0000000000000000, 0x0000000000000000, 0x0000000000000000, 0, },
        { 0x1, 0, 0x0000098ad894, 0x0175, 2191, 2207, 0x3800010001, 0x0000000000000000, 0x0, 0x0, 0x0, 0x0000000000000000, 0x0000000000000000, 0x0000000000000000, 0x0000000000000000, 0x0000000000000000, 0x0000000000000000, 0x0000000000000000, 0, },
        { 0x1, 0, 0x0000098af1e4, 0x0176, 2226, 2207, 0x3800000000, 0x0000000000000000, 0x0, 0x0, 0x0, 0x0000000000000000, 0x0000000000000000, 0x0000000000000000, 0x0000000000000000, 0x0000000000000000, 0x0000000000000000, 0x0000000000000000, 0, },
        { 0x1, 0, 0x0000098b4ba3, 0x0175, 2191, 2207, 0x3900010001, 0x0000000000000000, 0x0, 0x0, 0x0, 0x0000000000000000, 0x0000000000000000, 0x0000000000000000, 0x0000000000000000, 0x0000000000000000, 0x0000000000000000, 0x0000000000000000, 0, },
        { 0x1, 0, 0x0000098b6168, 0x0176, 2226, 2207, 0x3900000000, 0x0000000000000000, 0x0, 0x0, 0x0, 0x0000000000000000, 0x0000000000000000, 0x0000000000000000, 0x0000000000000000, 0x0000000000000000, 0x0000000000000000, 0x0000000000000000, 0, },
        { 0x1, 0, 0x0000098bb65d, 0x0175, 2191, 2207, 0x3a00010001, 0x0000000000000000, 0x0, 0x0, 0x0, 0x0000000000000000, 0x0000000000000000, 0x0000000000000000, 0x0000000000000000, 0x0000000000000000, 0x0000000000000000, 0x0000000000000000, 0, },
        { 0x1, 0, 0x0000098bd837, 0x0176, 2226, 2207, 0x3a00000000, 0x0000000000000000, 0x0, 0x0, 0x0, 0x0000000000000000, 0x0000000000000000, 0x0000000000000000, 0x0000000000000000, 0x0000000000000000, 0x0000000000000000, 0x0000000000000000, 0, },
        { 0x1, 0, 0x0000098c8569, 0x0175, 2191, 2207, 0x3b00010001, 0x0000000000000000, 0x0, 0x0, 0x0, 0x0000000000000000, 0x0000000000000000, 0x0000000000000000, 0x0000000000000000, 0x0000000000000000, 0x0000000000000000, 0x0000000000000000, 0, },
        { 0x1, 0, 0x0000098ca216, 0x0176, 2226, 2207, 0x3b00000000, 0x0000000000000000, 0x0, 0x0, 0x0, 0x0000000000000000, 0x0000000000000000, 0x0000000000000000, 0x0000000000000000, 0x0000000000000000, 0x0000000000000000, 0x0000000000000000, 0, },
        { 0x1, 0, 0x0000098d2716, 0x0175, 2191, 2207, 0x3c00010001, 0x0000000000000000, 0x0, 0x0, 0x0, 0x0000000000000000, 0x0000000000000000, 0x0000000000000000, 0x0000000000000000, 0x0000000000000000, 0x0000000000000000, 0x0000000000000000, 0, },
        { 0x1, 0, 0x0000098d78dd, 0x0176, 2226, 2207, 0x3c00000000, 0x0000000000000000, 0x0, 0x0, 0x0, 0x0000000000000000, 0x0000000000000000, 0x0000000000000000, 0x0000000000000000, 0x0000000000000000, 0x0000000000000000, 0x0000000000000000, 0, },
        { 0x1, 0, 0x0000098dce4c, 0x0175, 2191, 2207, 0x3d00010001, 0x0000000000000000, 0x0, 0x0, 0x0, 0x0000000000000000, 0x0000000000000000, 0x0000000000000000, 0x0000000000000000, 0x0000000000000000, 0x0000000000000000, 0x0000000000000000, 0, },
        { 0x1, 0, 0x0000098e1028, 0x0176, 2226, 2207, 0x3d00000000, 0x0000000000000000, 0x0, 0x0, 0x0, 0x0000000000000000, 0x0000000000000000, 0x0000000000000000, 0x0000000000000000, 0x0000000000000000, 0x0000000000000000, 0x0000000000000000, 0, },
        { 0x1, 0, 0x0000098e7406, 0x0175, 2191, 2207, 0x3e00010001, 0x0000000000000000, 0x0, 0x0, 0x0, 0x0000000000000000, 0x0000000000000000, 0x0000000000000000, 0x0000000000000000, 0x0000000000000000, 0x0000000000000000, 0x0000000000000000, 0, },
        { 0x1, 0, 0x0000098e8b83, 0x0176, 2226, 2207, 0x3e00000000, 0x0000000000000000, 0x0, 0x0, 0x0, 0x0000000000000000, 0x0000000000000000, 0x0000000000000000, 0x0000000000000000, 0x0000000000000000, 0x0000000000000000, 0x0000000000000000, 0, },
        { 0x1, 0, 0x0000098f3028, 0x0175, 2191, 2207, 0x3f00010001, 0x0000000000000000, 0x0, 0x0, 0x0, 0x0000000000000000, 0x0000000000000000, 0x0000000000000000, 0x0000000000000000, 0x0000000000000000, 0x0000000000000000, 0x0000000000000000, 0, },
        { 0x1, 0, 0x0000098f4c42, 0x0176, 2226, 2207, 0x3f00000000, 0x0000000000000000, 0x0, 0x0, 0x0, 0x0000000000000000, 0x0000000000000000, 0x0000000000000000, 0x0000000000000000, 0x0000000000000000, 0x0000000000000000, 0x0000000000000000, 0, },
        { 0x1, 0, 0x0000098fa59f, 0x0175, 2191, 2207, 0x4000010001, 0x0000000000000000, 0x0, 0x0, 0x0, 0x0000000000000000, 0x0000000000000000, 0x0000000000000000, 0x0000000000000000, 0x0000000000000000, 0x0000000000000000, 0x0000000000000000, 0, },
        { 0x1, 0, 0x0000098fbf6a, 0x0176, 2226, 2207, 0x4000000000, 0x0000000000000000, 0x0, 0x0, 0x0, 0x0000000000000000, 0x0000000000000000, 0x0000000000000000, 0x0000000000000000, 0x0000000000000000, 0x0000000000000000, 0x0000000000000000, 0, },
        { 0x1, 0, 0x000009901f6e, 0x0175, 2191, 2207, 0x4100010001, 0x0000000000000000, 0x0, 0x0, 0x0, 0x0000000000000000, 0x0000000000000000, 0x0000000000000000, 0x0000000000000000, 0x0000000000000000, 0x0000000000000000, 0x0000000000000000, 0, },
        { 0x1, 0, 0x000009903802, 0x0176, 2226, 2207, 0x4100000000, 0x0000000000000000, 0x0, 0x0, 0x0, 0x0000000000000000, 0x0000000000000000, 0x0000000000000000, 0x0000000000000000, 0x0000000000000000, 0x0000000000000000, 0x0000000000000000, 0, },
        { 0x1, 0, 0x00000990b7a9, 0x0175, 2191, 2207, 0x4200010001, 0x0000000000000000, 0x0, 0x0, 0x0, 0x0000000000000000, 0x0000000000000000, 0x0000000000000000, 0x0000000000000000, 0x0000000000000000, 0x0000000000000000, 0x0000000000000000, 0, },
        { 0x1, 0, 0x00000990d206, 0x0176, 2226, 2207, 0x4200000000, 0x0000000000000000, 0x0, 0x0, 0x0, 0x0000000000000000, 0x0000000000000000, 0x0000000000000000, 0x0000000000000000, 0x0000000000000000, 0x0000000000000000, 0x0000000000000000, 0, },
        { 0x1, 0, 0x000009913846, 0x0175, 2191, 2207, 0x4300010001, 0x0000000000000000, 0x0, 0x0, 0x0, 0x0000000000000000, 0x0000000000000000, 0x0000000000000000, 0x0000000000000000, 0x0000000000000000, 0x0000000000000000, 0x0000000000000000, 0, },
        { 0x1, 0, 0x000009914bee, 0x0176, 2226, 2207, 0x4300000000, 0x0000000000000000, 0x0, 0x0, 0x0, 0x0000000000000000, 0x0000000000000000, 0x0000000000000000, 0x0000000000000000, 0x0000000000000000, 0x0000000000000000, 0x0000000000000000, 0, },
        { 0x1, 0, 0x00000991d319, 0x0175, 2191, 2207, 0x4400010001, 0x0000000000000000, 0x0, 0x0, 0x0, 0x0000000000000000, 0x0000000000000000, 0x0000000000000000, 0x0000000000000000, 0x0000000000000000, 0x0000000000000000, 0x0000000000000000, 0, },
        { 0x1, 0, 0x00000991eab2, 0x0176, 2226, 2207, 0x4400000000, 0x0000000000000000, 0x0, 0x0, 0x0, 0x0000000000000000, 0x0000000000000000, 0x0000000000000000, 0x0000000000000000, 0x0000000000000000, 0x0000000000000000, 0x0000000000000000, 0, },
        { 0x1, 0, 0x0000099240fc, 0x0175, 2191, 2207, 0x4500010001, 0x0000000000000000, 0x0, 0x0, 0x0, 0x0000000000000000, 0x0000000000000000, 0x0000000000000000, 0x0000000000000000, 0x0000000000000000, 0x0000000000000000, 0x0000000000000000, 0, },
        { 0x1, 0, 0x000009926489, 0x0176, 2226, 2207, 0x4500000000, 0x0000000000000000, 0x0, 0x0, 0x0, 0x0000000000000000, 0x0000000000000000, 0x0000000000000000, 0x0000000000000000, 0x0000000000000000, 0x0000000000000000, 0x0000000000000000, 0, },
        { 0x1, 0, 0x00000992bade, 0x0175, 2191, 2207, 0x4600010001, 0x0000000000000000, 0x0, 0x0, 0x0, 0x0000000000000000, 0x0000000000000000, 0x0000000000000000, 0x0000000000000000, 0x0000000000000000, 0x0000000000000000, 0x0000000000000000, 0, },
        { 0x1, 0, 0x00000992d2c4, 0x0176, 2226, 2207, 0x4600000000, 0x0000000000000000, 0x0, 0x0, 0x0, 0x0000000000000000, 0x0000000000000000, 0x0000000000000000, 0x0000000000000000, 0x0000000000000000, 0x0000000000000000, 0x0000000000000000, 0, },
        { 0x1, 0, 0x000009934fc0, 0x0175, 2191, 2207, 0x4700010001, 0x0000000000000000, 0x0, 0x0, 0x0, 0x0000000000000000, 0x0000000000000000, 0x0000000000000000, 0x0000000000000000, 0x0000000000000000, 0x0000000000000000, 0x0000000000000000, 0, },
        { 0x1, 0, 0x000009937ae4, 0x0176, 2226, 2207, 0x4700000000, 0x0000000000000000, 0x0, 0x0, 0x0, 0x0000000000000000, 0x0000000000000000, 0x0000000000000000, 0x0000000000000000, 0x0000000000000000, 0x0000000000000000, 0x0000000000000000, 0, },
        { 0x1, 0, 0x00000993d639, 0x0175, 2191, 2207, 0x4800010001, 0x0000000000000000, 0x0, 0x0, 0x0, 0x0000000000000000, 0x0000000000000000, 0x0000000000000000, 0x0000000000000000, 0x0000000000000000, 0x0000000000000000, 0x0000000000000000, 0, },
        { 0x1, 0, 0x00000993f476, 0x0176, 2226, 2207, 0x4800000000, 0x0000000000000000, 0x0, 0x0, 0x0, 0x0000000000000000, 0x0000000000000000, 0x0000000000000000, 0x0000000000000000, 0x0000000000000000, 0x0000000000000000, 0x0000000000000000, 0, },
        { 0x1, 0, 0x0000099456da, 0x0175, 2191, 2207, 0x4900010001, 0x0000000000000000, 0x0, 0x0, 0x0, 0x0000000000000000, 0x0000000000000000, 0x0000000000000000, 0x0000000000000000, 0x0000000000000000, 0x0000000000000000, 0x0000000000000000, 0, },
        { 0x1, 0, 0x000009946c99, 0x0176, 2226, 2207, 0x4900000000, 0x0000000000000000, 0x0, 0x0, 0x0, 0x0000000000000000, 0x0000000000000000, 0x0000000000000000, 0x0000000000000000, 0x0000000000000000, 0x0000000000000000, 0x0000000000000000, 0, },
        { 0x1, 0, 0x00000994f53d, 0x0175, 2191, 2207, 0x4a00010001, 0x0000000000000000, 0x0, 0x0, 0x0, 0x0000000000000000, 0x0000000000000000, 0x0000000000000000, 0x0000000000000000, 0x0000000000000000, 0x0000000000000000, 0x0000000000000000, 0, },
        { 0x1, 0, 0x00000995143d, 0x0176, 2226, 2207, 0x4a00000000, 0x0000000000000000, 0x0, 0x0, 0x0, 0x0000000000000000, 0x0000000000000000, 0x0000000000000000, 0x0000000000000000, 0x0000000000000000, 0x0000000000000000, 0x0000000000000000, 0, },
        { 0x1, 0, 0x00000996a4f6, 0x0175, 2191, 2207, 0x4b00010001, 0x0000000000000000, 0x0, 0x0, 0x0, 0x0000000000000000, 0x0000000000000000, 0x0000000000000000, 0x0000000000000000, 0x0000000000000000, 0x0000000000000000, 0x0000000000000000, 0, },
        { 0x1, 0, 0x00000996c5e8, 0x0176, 2226, 2207, 0x4b00000000, 0x0000000000000000, 0x0, 0x0, 0x0, 0x0000000000000000, 0x0000000000000000, 0x0000000000000000, 0x0000000000000000, 0x0000000000000000, 0x0000000000000000, 0x0000000000000000, 0, },
        { 0x1, 0, 0x000009997026, 0x0175, 2191, 2207, 0x4c00010001, 0x0000000000000000, 0x0, 0x0, 0x0, 0x0000000000000000, 0x0000000000000000, 0x0000000000000000, 0x0000000000000000, 0x0000000000000000, 0x0000000000000000, 0x0000000000000000, 0, },
        { 0x1, 0, 0x0000099984f1, 0x0176, 2226, 2207, 0x4c00000000, 0x0000000000000000, 0x0, 0x0, 0x0, 0x0000000000000000, 0x0000000000000000, 0x0000000000000000, 0x0000000000000000, 0x0000000000000000, 0x0000000000000000, 0x0000000000000000, 0, },
        { 0x1, 0, 0x00000999e72d, 0x0175, 2191, 2207, 0x4d00010001, 0x0000000000000000, 0x0, 0x0, 0x0, 0x0000000000000000, 0x0000000000000000, 0x0000000000000000, 0x0000000000000000, 0x0000000000000000, 0x0000000000000000, 0x0000000000000000, 0, },
        { 0x1, 0, 0x0000099a0309, 0x0176, 2226, 2207, 0x4d00000000, 0x0000000000000000, 0x0, 0x0, 0x0, 0x0000000000000000, 0x0000000000000000, 0x0000000000000000, 0x0000000000000000, 0x0000000000000000, 0x0000000000000000, 0x0000000000000000, 0, },
        { 0x1, 0, 0x0000099a6fa2, 0x0175, 2191, 2207, 0x4e00010001, 0x0000000000000000, 0x0, 0x0, 0x0, 0x0000000000000000, 0x0000000000000000, 0x0000000000000000, 0x0000000000000000, 0x0000000000000000, 0x0000000000000000, 0x0000000000000000, 0, },
        { 0x1, 0, 0x0000099a901f, 0x0176, 2226, 2207, 0x4e00000000, 0x0000000000000000, 0x0, 0x0, 0x0, 0x0000000000000000, 0x0000000000000000, 0x0000000000000000, 0x0000000000000000, 0x0000000000000000, 0x0000000000000000, 0x0000000000000000, 0, },
        { 0x1, 0, 0x0000099afbe7, 0x0175, 2191, 2207, 0x4f00010001, 0x0000000000000000, 0x0, 0x0, 0x0, 0x0000000000000000, 0x0000000000000000, 0x0000000000000000, 0x0000000000000000, 0x0000000000000000, 0x0000000000000000, 0x0000000000000000, 0, },
        { 0x1, 0, 0x0000099b160c, 0x0176, 2226, 2207, 0x4f00000000, 0x0000000000000000, 0x0, 0x0, 0x0, 0x0000000000000000, 0x0000000000000000, 0x0000000000000000, 0x0000000000000000, 0x0000000000000000, 0x0000000000000000, 0x0000000000000000, 0, },
        { 0x1, 0, 0x0000099b8c99, 0x0175, 2191, 2207, 0x5000010001, 0x0000000000000000, 0x0, 0x0, 0x0, 0x0000000000000000, 0x0000000000000000, 0x0000000000000000, 0x0000000000000000, 0x0000000000000000, 0x0000000000000000, 0x0000000000000000, 0, },
        { 0x1, 0, 0x0000099baddc, 0x0176, 2226, 2207, 0x5000000000, 0x0000000000000000, 0x0, 0x0, 0x0, 0x0000000000000000, 0x0000000000000000, 0x0000000000000000, 0x0000000000000000, 0x0000000000000000, 0x0000000000000000, 0x0000000000000000, 0, },
        { 0x1, 0, 0x0000099cf0e5, 0x0175, 2191, 2207, 0x5100010001, 0x0000000000000000, 0x0, 0x0, 0x0, 0x0000000000000000, 0x0000000000000000, 0x0000000000000000, 0x0000000000000000, 0x0000000000000000, 0x0000000000000000, 0x0000000000000000, 0, },
        { 0x1, 0, 0x0000099d0b5f, 0x0176, 2226, 2207, 0x5100000000, 0x0000000000000000, 0x0, 0x0, 0x0, 0x0000000000000000, 0x0000000000000000, 0x0000000000000000, 0x0000000000000000, 0x0000000000000000, 0x0000000000000000, 0x0000000000000000, 0, },
        { 0x1, 0, 0x0000099d7c78, 0x0175, 2191, 2207, 0x5200010001, 0x0000000000000000, 0x0, 0x0, 0x0, 0x0000000000000000, 0x0000000000000000, 0x0000000000000000, 0x0000000000000000, 0x0000000000000000, 0x0000000000000000, 0x0000000000000000, 0, },
        { 0x1, 0, 0x0000099d94f6, 0x0176, 2226, 2207, 0x5200000000, 0x0000000000000000, 0x0, 0x0, 0x0, 0x0000000000000000, 0x0000000000000000, 0x0000000000000000, 0x0000000000000000, 0x0000000000000000, 0x0000000000000000, 0x0000000000000000, 0, },
        { 0x1, 0, 0x0000099e8500, 0x0175, 2191, 2207, 0x5300010001, 0x0000000000000000, 0x0, 0x0, 0x0, 0x0000000000000000, 0x0000000000000000, 0x0000000000000000, 0x0000000000000000, 0x0000000000000000, 0x0000000000000000, 0x0000000000000000, 0, },
        { 0x1, 0, 0x0000099eaac2, 0x0176, 2226, 2207, 0x5300000000, 0x0000000000000000, 0x0, 0x0, 0x0, 0x0000000000000000, 0x0000000000000000, 0x0000000000000000, 0x0000000000000000, 0x0000000000000000, 0x0000000000000000, 0x0000000000000000, 0, },
        { 0x1, 0, 0x0000099f1b8a, 0x0175, 2191, 2207, 0x5400010001, 0x0000000000000000, 0x0, 0x0, 0x0, 0x0000000000000000, 0x0000000000000000, 0x0000000000000000, 0x0000000000000000, 0x0000000000000000, 0x0000000000000000, 0x0000000000000000, 0, },
        { 0x1, 0, 0x0000099f3e9f, 0x0176, 2226, 2207, 0x5400000000, 0x0000000000000000, 0x0, 0x0, 0x0, 0x0000000000000000, 0x0000000000000000, 0x0000000000000000, 0x0000000000000000, 0x0000000000000000, 0x0000000000000000, 0x0000000000000000, 0, },
        { 0x1, 0, 0x00000c36bde2, 0x0175, 2191, 12689, 0x5500010001, 0x0000000000000000, 0x0, 0x0, 0x0, 0x0000000000000000, 0x0000000000000000, 0x0000000000000000, 0x0000000000000000, 0x0000000000000000, 0x0000000000000000, 0x0000000000000000, 0, },
        { 0x1, 0, 0x000005efa750, 0x014c, 7027, 2914, 0x00000000, 0x0000000000000000, 0x0, 0x0, 0x0, 0x0000000000000000, 0x0000000000000000, 0x0000000000000000, 0x0000000000000000, 0x0000000000000000, 0x0000000000000000, 0x0000000000000000, 0, },
        { 0x1, 0, 0x000005efa751, 0x0104, 4851, 2914, 0x100010100, 0x0000000000000000, 0x0, 0x0, 0x0, 0x0000000000000000, 0x0000000000000000, 0x0000000000000000, 0x0000000000000000, 0x0000000000000000, 0x0000000000000000, 0x0000000000000000, 0, },
        { 0x1, 1, 0x000005efa752, 0x0126, 3563, 2914, 0xa86f0786c01ee74b, 0x0000000000000000, 0x0, 0x0, 0x0, 0x0000000000000000, 0x0000000000000000, 0x0000000000000000, 0x0000000000000000, 0x0000000000000000, 0x0000000000000000, 0x0000000000000000, 0, },
        { 0x1, 0, 0x000005efa860, 0x021c, 0440, 652, 0x4100010000, 0x0000000000000000, 0x0, 0x0, 0x0, 0x0000000000000000, 0x0000000000000000, 0x0000000000000000, 0x0000000000000000, 0x0000000000000000, 0x0000000000000000, 0x0000000000000000, 0, },
    }
};
