
APPLYING DEFAULT FILTERS:
/private/var/root/Library/Preferences/com.apple.powerd.bdc.plist, Added to Candidate logs

APPLYING DEFAULT FILTERS:
/private/var/db/Battery/BDC/BDC_OBC_version3.2_2026-08-07_22:43:04.csv, Added to Candidate logs
/private/var/db/Battery/BDC/BDC_OBC_version3.2_2026-07-26_06:40:40.csv, Added to Candidate logs
/private/var/db/Battery/BDC/BDC_Once_version3.2_2026-07-26_06:40:35.csv, Added to Candidate logs
/private/var/db/Battery/BDC/BDC_Weekly_version3.2_2026-07-26_06:40:35.csv, Added to Candidate logs
/private/var/db/Battery/BDC/BDC_SBC_version3.2_2026-08-07_23:50:57.csv, Added to Candidate logs
/private/var/db/Battery/BDC/BDC_Daily_version3.2_2026-07-26_06:40:35.csv, Added to Candidate logs
/private/var/db/Battery/BDC/BDC_SBC_version3.2_2026-08-07_23:43:13.csv, Added to Candidate logs
/private/var/db/Battery/BDC/BDC_SBC_version3.2_2026-07-26_06:40:35.csv, Added to Candidate logs
/private/var/db/Battery/BDC/BDC_SBC_version3.2_2026-08-07_22:21:27.csv, Added to Candidate logs
/private/var/db/Battery/BDC/BDC_OBC_version3.2_2026-08-07_23:43:13.csv, Added to Candidate logs
/private/var/db/Battery/BDC/BDC_SBC_version3.2_2026-08-05_07:05:34.csv, Added to Candidate logs
/private/var/db/Battery/BDC/BDC_SmartCharging_version3.2_2026-08-07_22:43:04.csv, Added to Candidate logs
/private/var/db/Battery/BDC/BDC_SmartCharging_version3.2_2026-07-26_06:50:44.csv, Added to Candidate logs
/private/var/db/Battery/BDC/BDC_SBC_version3.2_2026-08-08_01:04:23.csv, Added to Candidate logs
/private/var/db/Battery/BDC/BDC_OBC_version3.2_2026-08-07_22:26:09.csv, Added to Candidate logs
/private/var/db/Battery/BDC/BDC_SmartCharging_version3.2_2026-08-08_00:08:45.csv, Added to Candidate logs
/private/var/db/Battery/BDC/BDC_SBC_version3.2_2026-08-08_00:59:21.csv, Added to Candidate logs
/private/var/db/Battery/BDC/BDC_SBC_version3.2_2026-08-08_00:54:12.csv, Added to Candidate logs
/private/var/db/Battery/BDC/BDC_OBC_version3.2_2026-08-08_00:08:45.csv, Added to Candidate logs
/private/var/db/Battery/BDC/BDC_SBC_version3.2_2026-08-07_22:41:47.csv, Added to Candidate logs
/private/var/db/Battery/BDC/BDC_SBC_version3.2_2026-08-08_00:11:00.csv, Added to Candidate logs
/private/var/db/Battery/BDC/BDC_SBC_version3.2_2026-08-08_00:05:59.csv, Added to Candidate logs
/private/var/db/Battery/BDC/BDC_OBC_version3.2_2026-07-26_14:46:29.csv, Added to Candidate logs


ENFORCING SIZE LIMIT OF 13 MB ON FILTERED CANDIDATES:

/private/var/root/Library/Preferences/com.apple.powerd.bdc.plist, Added (1273 bytes)
/private/var/db/Battery/BDC/BDC_SBC_version3.2_2026-08-08_01:04:23.csv, Added (356 bytes)
/private/var/db/Battery/BDC/BDC_SBC_version3.2_2026-08-08_00:59:21.csv, Added (350 bytes)
/private/var/db/Battery/BDC/BDC_SBC_version3.2_2026-08-08_00:54:12.csv, Added (351 bytes)
/private/var/db/Battery/BDC/BDC_SBC_version3.2_2026-08-08_00:11:00.csv, Added (566 bytes)
/private/var/db/Battery/BDC/BDC_SmartCharging_version3.2_2026-08-08_00:08:45.csv, Added (194 bytes)
/private/var/db/Battery/BDC/BDC_OBC_version3.2_2026-08-08_00:08:45.csv, Added (240 bytes)
/private/var/db/Battery/BDC/BDC_SBC_version3.2_2026-08-08_00:05:59.csv, Added (348 bytes)
/private/var/db/Battery/BDC/BDC_SBC_version3.2_2026-08-07_23:50:57.csv, Added (566 bytes)
/private/var/db/Battery/BDC/BDC_SBC_version3.2_2026-08-07_23:43:13.csv, Added (344 bytes)
/private/var/db/Battery/BDC/BDC_OBC_version3.2_2026-08-07_23:43:13.csv, Added (240 bytes)
/private/var/db/Battery/BDC/BDC_SmartCharging_version3.2_2026-08-07_22:43:04.csv, Added (194 bytes)
/private/var/db/Battery/BDC/BDC_OBC_version3.2_2026-08-07_22:43:04.csv, Added (317 bytes)
/private/var/db/Battery/BDC/BDC_SBC_version3.2_2026-08-07_22:41:47.csv, Added (1067 bytes)
/private/var/db/Battery/BDC/BDC_OBC_version3.2_2026-08-07_22:26:09.csv, Added (392 bytes)
/private/var/db/Battery/BDC/BDC_SBC_version3.2_2026-08-07_22:21:27.csv, Added (668 bytes)
/private/var/db/Battery/BDC/BDC_SBC_version3.2_2026-08-05_07:05:34.csv, Added (40730 bytes)
/private/var/db/Battery/BDC/BDC_OBC_version3.2_2026-07-26_14:46:29.csv, Added (4682 bytes)
/private/var/db/Battery/BDC/BDC_SmartCharging_version3.2_2026-07-26_06:50:44.csv, Added (4660 bytes)
/private/var/db/Battery/BDC/BDC_OBC_version3.2_2026-07-26_06:40:40.csv, Added (634 bytes)
/private/var/db/Battery/BDC/BDC_SBC_version3.2_2026-07-26_06:40:35.csv, Added (129889 bytes)
/private/var/db/Battery/BDC/BDC_Weekly_version3.2_2026-07-26_06:40:35.csv, Added (257 bytes)
/private/var/db/Battery/BDC/BDC_Daily_version3.2_2026-07-26_06:40:35.csv, Added (9289 bytes)
/private/var/db/Battery/BDC/BDC_Once_version3.2_2026-07-26_06:40:35.csv, Added (160 bytes)

** DONE Enforcing size limit **
