
APPLYING PREDICATE (NOT SELF CONTAINS ".pdata") AND (NOT SELF CONTAINS "PostSetupProfile.mobileconfig") AND (NOT SELF CONTAINS "MDMOutstandingActivities.plist"):
/private/var/containers/Shared/SystemGroup/systemgroup.com.apple.configurationprofiles/Library/ConfigurationProfiles/MCSettingsEvents.plist, Added to Candidate logs
/private/var/containers/Shared/SystemGroup/systemgroup.com.apple.configurationprofiles/Library/ConfigurationProfiles/CloudConfigurationDetails.plist, Added to Candidate logs
/private/var/containers/Shared/SystemGroup/systemgroup.com.apple.configurationprofiles/Library/ConfigurationProfiles/MCProfileEvents.plist, Added to Candidate logs
/private/var/containers/Shared/SystemGroup/systemgroup.com.apple.configurationprofiles/Library/ConfigurationProfiles/profile-09e69c98923df0b53161985947319336d610fcdb7044d9d18cf112599ee63b8b.stub, Added to Candidate logs
/private/var/containers/Shared/SystemGroup/systemgroup.com.apple.configurationprofiles/Library/ConfigurationProfiles/AppAccessibilityParameters.plist, Added to Candidate logs
/private/var/containers/Shared/SystemGroup/systemgroup.com.apple.configurationprofiles/Library/ConfigurationProfiles/ClientTruth.plist, Added to Candidate logs
/private/var/containers/Shared/SystemGroup/systemgroup.com.apple.configurationprofiles/Library/ConfigurationProfiles/PayloadDependency.plist, Added to Candidate logs
/private/var/containers/Shared/SystemGroup/systemgroup.com.apple.configurationprofiles/Library/ConfigurationProfiles/UserSettings.plist, Added to Candidate logs
/private/var/containers/Shared/SystemGroup/systemgroup.com.apple.configurationprofiles/Library/ConfigurationProfiles/PayloadManifest.plist, Added to Candidate logs
/private/var/containers/Shared/SystemGroup/systemgroup.com.apple.configurationprofiles/Library/ConfigurationProfiles/ProfileTruth.plist, Added to Candidate logs
/private/var/containers/Shared/SystemGroup/systemgroup.com.apple.configurationprofiles/Library/ConfigurationProfiles/profile-0fe31906371489b813f81c9f5949dbdc65ddda9e49ea84187727d1de1e5e8fa9.stub, Added to Candidate logs
/private/var/containers/Shared/SystemGroup/systemgroup.com.apple.configurationprofiles/Library/ConfigurationProfiles/phone/HoldingTankManifest.plist, Added to Candidate logs
/private/var/containers/Shared/SystemGroup/systemgroup.com.apple.configurationprofiles/Library/ConfigurationProfiles/PublicInfo/NamespacedUserSettings.plist, Added to Candidate logs
/private/var/containers/Shared/SystemGroup/systemgroup.com.apple.configurationprofiles/Library/ConfigurationProfiles/PublicInfo/MCMeta.plist, Added to Candidate logs

APPLYING DEFAULT FILTERS:
/private/var/mobile/Library/UserConfigurationProfiles/ClientTruth.plist, Added to Candidate logs
/private/var/mobile/Library/UserConfigurationProfiles/PayloadDependency.plist, Added to Candidate logs
/private/var/mobile/Library/UserConfigurationProfiles/UserSettings.plist, Added to Candidate logs
/private/var/mobile/Library/UserConfigurationProfiles/PayloadManifest.plist, Added to Candidate logs
/private/var/mobile/Library/UserConfigurationProfiles/ProfileTruth.plist, Added to Candidate logs
/private/var/mobile/Library/UserConfigurationProfiles/EffectiveUserSettings.plist, Added to Candidate logs
/private/var/mobile/Library/UserConfigurationProfiles/PublicInfo/NamespacedUserSettings.plist, Added to Candidate logs
/private/var/mobile/Library/UserConfigurationProfiles/PublicInfo/PublicEffectiveUserSettings.plist, Added to Candidate logs
/private/var/mobile/Library/UserConfigurationProfiles/PublicInfo/Truth.plist, Added to Candidate logs
/private/var/mobile/Library/UserConfigurationProfiles/PublicInfo/MCMeta.plist, Added to Candidate logs


ENFORCING SIZE LIMIT OF 5 MB ON FILTERED CANDIDATES:

/private/var/containers/Shared/SystemGroup/systemgroup.com.apple.configurationprofiles/Library/ConfigurationProfiles/MCSettingsEvents.plist, Added (126057 bytes)
/private/var/containers/Shared/SystemGroup/systemgroup.com.apple.configurationprofiles/Library/ConfigurationProfiles/PublicInfo/NamespacedUserSettings.plist, Added (181 bytes)
/private/var/containers/Shared/SystemGroup/systemgroup.com.apple.configurationprofiles/Library/ConfigurationProfiles/UserSettings.plist, Added (29745 bytes)
/private/var/containers/Shared/SystemGroup/systemgroup.com.apple.configurationprofiles/Library/ConfigurationProfiles/ClientTruth.plist, Added (1643 bytes)
/private/var/containers/Shared/SystemGroup/systemgroup.com.apple.configurationprofiles/Library/ConfigurationProfiles/MCProfileEvents.plist, Added (847 bytes)
/private/var/containers/Shared/SystemGroup/systemgroup.com.apple.configurationprofiles/Library/ConfigurationProfiles/PayloadDependency.plist, Added (925 bytes)
/private/var/containers/Shared/SystemGroup/systemgroup.com.apple.configurationprofiles/Library/ConfigurationProfiles/PayloadManifest.plist, Added (376 bytes)
/private/var/containers/Shared/SystemGroup/systemgroup.com.apple.configurationprofiles/Library/ConfigurationProfiles/phone/HoldingTankManifest.plist, Added (181 bytes)
/private/var/containers/Shared/SystemGroup/systemgroup.com.apple.configurationprofiles/Library/ConfigurationProfiles/profile-0fe31906371489b813f81c9f5949dbdc65ddda9e49ea84187727d1de1e5e8fa9.stub, Added (6245 bytes)
/private/var/containers/Shared/SystemGroup/systemgroup.com.apple.configurationprofiles/Library/ConfigurationProfiles/ProfileTruth.plist, Added (596 bytes)
/private/var/containers/Shared/SystemGroup/systemgroup.com.apple.configurationprofiles/Library/ConfigurationProfiles/profile-09e69c98923df0b53161985947319336d610fcdb7044d9d18cf112599ee63b8b.stub, Added (6245 bytes)
/private/var/containers/Shared/SystemGroup/systemgroup.com.apple.configurationprofiles/Library/ConfigurationProfiles/CloudConfigurationDetails.plist, Added (412 bytes)
/private/var/containers/Shared/SystemGroup/systemgroup.com.apple.configurationprofiles/Library/ConfigurationProfiles/PublicInfo/MCMeta.plist, Added (305 bytes)
/private/var/containers/Shared/SystemGroup/systemgroup.com.apple.configurationprofiles/Library/ConfigurationProfiles/AppAccessibilityParameters.plist, Added (181 bytes)
/private/var/mobile/Library/UserConfigurationProfiles/PublicInfo/NamespacedUserSettings.plist, Added (181 bytes)
/private/var/mobile/Library/UserConfigurationProfiles/UserSettings.plist, Added (181 bytes)
/private/var/mobile/Library/UserConfigurationProfiles/PublicInfo/Truth.plist, Added (31774 bytes)
/private/var/mobile/Library/UserConfigurationProfiles/ClientTruth.plist, Added (181 bytes)
/private/var/mobile/Library/UserConfigurationProfiles/PublicInfo/PublicEffectiveUserSettings.plist, Added (28367 bytes)
/private/var/mobile/Library/UserConfigurationProfiles/EffectiveUserSettings.plist, Added (30029 bytes)
/private/var/mobile/Library/UserConfigurationProfiles/PayloadDependency.plist, Added (181 bytes)
/private/var/mobile/Library/UserConfigurationProfiles/ProfileTruth.plist, Added (181 bytes)
/private/var/mobile/Library/UserConfigurationProfiles/PublicInfo/MCMeta.plist, Added (245 bytes)
/private/var/mobile/Library/UserConfigurationProfiles/PayloadManifest.plist, Added (263 bytes)

** DONE Enforcing size limit **
