
APPLYING DEFAULT FILTERS:
SDUnitLogDirectory with directory '/private/var/mobile/Library/Logs/CrashReporter/DiagnosticLogs/sysdiagnose/IN_PROGRESS_sysdiagnose_2026.08.08_04-06-43+0300_iPhone-OS_iPhone_24A5390f.tmp/MemoryExceptions_sysdiagnose_temp.LE0QDe/MemoryExceptions': found no matches

APPLYING DEFAULT FILTERS:
/private/var/containers/Shared/SystemGroup/239A227D-7EC7-4E3A-BE3B-B1E071BA6757/MemoryLimitViolations/MREExceptionFatalLimitInactive_SeymourMetricsService_2026-08-08_012838.hMJbTg.memgraph, Added to Candidate logs
/private/var/containers/Shared/SystemGroup/239A227D-7EC7-4E3A-BE3B-B1E071BA6757/MemoryLimitViolations/MREExceptionFatalLimitInactive_SeymourMetricsService_2026-08-08_034712.nauSaw.lite_diag, Added to Candidate logs
/private/var/containers/Shared/SystemGroup/239A227D-7EC7-4E3A-BE3B-B1E071BA6757/MemoryLimitViolations/MREExceptionAdvisoryLimitActive_biomesyncd_2026-08-07_045722.xrnxDZ.memgraph, Added to Candidate logs
/private/var/containers/Shared/SystemGroup/239A227D-7EC7-4E3A-BE3B-B1E071BA6757/MemoryLimitViolations/MREExceptionAdvisoryLimitActive_biomesyncd_2026-08-08_023514.SV2jWE.lite_diag, Added to Candidate logs
/private/var/containers/Shared/SystemGroup/239A227D-7EC7-4E3A-BE3B-B1E071BA6757/MemoryLimitViolations/MREExceptionFatalLimitInactive_nsattributedstringagent_2026-08-07_230101.kJD1Sn.memgraph, Added to Candidate logs
/private/var/containers/Shared/SystemGroup/239A227D-7EC7-4E3A-BE3B-B1E071BA6757/MemoryLimitViolations/MREExceptionFatalLimitInactive_nsattributedstringagent_2026-08-07_232535.wnRT61.lite_diag, Added to Candidate logs
/private/var/containers/Shared/SystemGroup/239A227D-7EC7-4E3A-BE3B-B1E071BA6757/MemoryLimitViolations/MREExceptionFatalLimitInactive_visualintelligenced_2026-08-07_192559.xPe8gL.memgraph, Added to Candidate logs
/private/var/containers/Shared/SystemGroup/239A227D-7EC7-4E3A-BE3B-B1E071BA6757/MemoryLimitViolations/MREExceptionFatalLimitInactive_visualintelligenced_2026-08-08_022848.bjbix5.lite_diag, Added to Candidate logs
/private/var/containers/Shared/SystemGroup/239A227D-7EC7-4E3A-BE3B-B1E071BA6757/MemoryLimitViolations/MREExceptionAdvisoryLimitActive_amsengagementd_2026-08-07_044856.A1hCee.memgraph, Added to Candidate logs
/private/var/containers/Shared/SystemGroup/239A227D-7EC7-4E3A-BE3B-B1E071BA6757/MemoryLimitViolations/MREExceptionAdvisoryLimitActive_amsengagementd_2026-08-08_031801.IhmlX8.lite_diag, Added to Candidate logs
/private/var/containers/Shared/SystemGroup/239A227D-7EC7-4E3A-BE3B-B1E071BA6757/MemoryLimitViolations/MREExceptionAdvisoryLimitActive_callhistoryd_2026-08-07_181833.1aA026.memgraph, Added to Candidate logs
/private/var/containers/Shared/SystemGroup/239A227D-7EC7-4E3A-BE3B-B1E071BA6757/MemoryLimitViolations/MREExceptionAdvisoryLimitActive_callhistoryd_2026-08-08_031810.gi4rPR.lite_diag, Added to Candidate logs
/private/var/containers/Shared/SystemGroup/239A227D-7EC7-4E3A-BE3B-B1E071BA6757/MemoryLimitViolations/MREExceptionAdvisoryLimitActive_CredentialProviderExtensionHelper_2026-08-08_000831.K0tsUp.memgraph, Added to Candidate logs
/private/var/containers/Shared/SystemGroup/239A227D-7EC7-4E3A-BE3B-B1E071BA6757/MemoryLimitViolations/MREExceptionAdvisoryLimitActive_CredentialProviderExtensionHelper_2026-08-08_001118.2y7zko.lite_diag, Added to Candidate logs
/private/var/containers/Shared/SystemGroup/239A227D-7EC7-4E3A-BE3B-B1E071BA6757/MemoryLimitViolations/MREExceptionFatalLimitInactive_AuthenticationServicesAgent_2026-08-08_013228.r1mr7b.lite_diag, Added to Candidate logs
/private/var/containers/Shared/SystemGroup/239A227D-7EC7-4E3A-BE3B-B1E071BA6757/MemoryLimitViolations/MREExceptionFatalLimitInactive_localizationswitcherd_2026-08-08_023654.ObcdGZ.lite_diag, Added to Candidate logs
/private/var/containers/Shared/SystemGroup/239A227D-7EC7-4E3A-BE3B-B1E071BA6757/MemoryLimitViolations/MREExceptionAdvisoryLimitActive_dasd_2026-08-08_030148.iiKHvY.lite_diag, Added to Candidate logs
/private/var/containers/Shared/SystemGroup/239A227D-7EC7-4E3A-BE3B-B1E071BA6757/MemoryLimitViolations/MREExceptionAdvisoryLimitActive_wirelessinsightsd_2026-08-07_101308.lVEYff.lite_diag, Added to Candidate logs
/private/var/containers/Shared/SystemGroup/239A227D-7EC7-4E3A-BE3B-B1E071BA6757/MemoryLimitViolations/MREExceptionFatalLimitInactive_duetexpertd_2026-08-07_074535.vONwnN.lite_diag, Added to Candidate logs
/private/var/containers/Shared/SystemGroup/239A227D-7EC7-4E3A-BE3B-B1E071BA6757/MemoryLimitViolations/MREExceptionFatalLimitInactive_momentsd_2026-08-07_101047.6G5la7.lite_diag, Added to Candidate logs
/private/var/containers/Shared/SystemGroup/239A227D-7EC7-4E3A-BE3B-B1E071BA6757/MemoryLimitViolations/MREExceptionAdvisoryLimitActive_suggestd_2026-08-07_193606.kg4OrE.memgraph, Added to Candidate logs
/private/var/containers/Shared/SystemGroup/239A227D-7EC7-4E3A-BE3B-B1E071BA6757/MemoryLimitViolations/MREExceptionAdvisoryLimitActive_AppleIntelligenceReportingProcessingService_2026-08-08_023416.v01Ib9.lite_diag, Added to Candidate logs
/private/var/containers/Shared/SystemGroup/239A227D-7EC7-4E3A-BE3B-B1E071BA6757/MemoryLimitViolations/MREExceptionFatalLimitInactive_cloudtelemetryd_2026-08-07_100820.5RYANJ.lite_diag, Added to Candidate logs
/private/var/containers/Shared/SystemGroup/239A227D-7EC7-4E3A-BE3B-B1E071BA6757/MemoryLimitViolations/MREExceptionAdvisoryLimitActive_ReportCrashService_2026-08-07_205129.yJkqx9.lite_diag, Added to Candidate logs
/private/var/containers/Shared/SystemGroup/239A227D-7EC7-4E3A-BE3B-B1E071BA6757/MemoryLimitViolations/MREExceptionAdvisoryLimitActive_linkd_2026-08-07_192330.y5CehL.memgraph, Added to Candidate logs
/private/var/containers/Shared/SystemGroup/239A227D-7EC7-4E3A-BE3B-B1E071BA6757/MemoryLimitViolations/MREExceptionAdvisoryLimitActive_linkd_2026-08-08_025916.uCZ4GF.lite_diag, Added to Candidate logs
/private/var/containers/Shared/SystemGroup/239A227D-7EC7-4E3A-BE3B-B1E071BA6757/MemoryLimitViolations/MREExceptionAdvisoryLimitActive_passd_2026-08-07_121055.hKdaEQ.lite_diag, Added to Candidate logs
/private/var/containers/Shared/SystemGroup/239A227D-7EC7-4E3A-BE3B-B1E071BA6757/MemoryLimitViolations/MREExceptionAdvisoryLimitActive_DASDelegateService_2026-08-08_030056.F5K65y.lite_diag, Added to Candidate logs
/private/var/containers/Shared/SystemGroup/239A227D-7EC7-4E3A-BE3B-B1E071BA6757/MemoryLimitViolations/MREExceptionAdvisoryLimitActive_intents_helper_2026-08-08_025924.BdpQIX.lite_diag, Added to Candidate logs
/private/var/containers/Shared/SystemGroup/239A227D-7EC7-4E3A-BE3B-B1E071BA6757/MemoryLimitViolations/MREExceptionAdvisoryLimitActive_IOMFB_FDR_Loader_2026-08-08_025601.2W2Pny.lite_diag, Added to Candidate logs
/private/var/containers/Shared/SystemGroup/239A227D-7EC7-4E3A-BE3B-B1E071BA6757/MemoryLimitViolations/MREExceptionFatalLimitInactive_assetsd_2026-08-08_034319.5hEScY.lite_diag, Added to Candidate logs
/private/var/containers/Shared/SystemGroup/239A227D-7EC7-4E3A-BE3B-B1E071BA6757/MemoryLimitViolations/MREExceptionAdvisoryLimitActive_kbd_2026-08-07_193051.meUiyG.memgraph, Added to Candidate logs
/private/var/containers/Shared/SystemGroup/239A227D-7EC7-4E3A-BE3B-B1E071BA6757/MemoryLimitViolations/MREExceptionFatalLimitInactive_storekitd_2026-08-08_034959.fVOB6f.lite_diag, Added to Candidate logs
/private/var/containers/Shared/SystemGroup/239A227D-7EC7-4E3A-BE3B-B1E071BA6757/MemoryLimitViolations/MREExceptionAdvisoryLimitActive_mobile_installation_proxy_2026-08-08_020007.8hlb0q.lite_diag, Added to Candidate logs
/private/var/containers/Shared/SystemGroup/239A227D-7EC7-4E3A-BE3B-B1E071BA6757/MemoryLimitViolations/MREExceptionFatalLimitInactive_contactsdonationagent_2026-08-08_023701.g3tnD7.lite_diag, Added to Candidate logs
/private/var/containers/Shared/SystemGroup/239A227D-7EC7-4E3A-BE3B-B1E071BA6757/MemoryLimitViolations/MREExceptionAdvisoryLimitActive_online-auth-agent_2026-08-08_013524.cRHCJo.lite_diag, Added to Candidate logs
/private/var/containers/Shared/SystemGroup/239A227D-7EC7-4E3A-BE3B-B1E071BA6757/MemoryLimitViolations/MREExceptionAdvisoryLimitActive_afcd_2026-08-08_025636.cLnM6w.lite_diag, Added to Candidate logs
/private/var/containers/Shared/SystemGroup/239A227D-7EC7-4E3A-BE3B-B1E071BA6757/MemoryLimitViolations/MREExceptionFatalLimitInactive_storekitd_2026-08-08_034745.Ik51zR.lite_diag, Added to Candidate logs
/private/var/containers/Shared/SystemGroup/239A227D-7EC7-4E3A-BE3B-B1E071BA6757/MemoryLimitViolations/MREExceptionAdvisoryLimitActive_SeymourMetricsService_2026-08-08_034642.dBGoGb.lite_diag, Added to Candidate logs
/private/var/containers/Shared/SystemGroup/239A227D-7EC7-4E3A-BE3B-B1E071BA6757/MemoryLimitViolations/MREExceptionFatalLimitInactive_SeymourMetricsService_2026-08-08_025627.i2djY5.lite_diag, Added to Candidate logs
/private/var/containers/Shared/SystemGroup/239A227D-7EC7-4E3A-BE3B-B1E071BA6757/MemoryLimitViolations/MREExceptionAdvisoryLimitActive_SeymourMetricsService_2026-08-08_025222.ucyOiA.lite_diag, Added to Candidate logs
/private/var/containers/Shared/SystemGroup/239A227D-7EC7-4E3A-BE3B-B1E071BA6757/MemoryLimitViolations/MREExceptionAdvisoryLimitActive_dasd_2026-08-08_025201.raJTu4.lite_diag, Added to Candidate logs
/private/var/containers/Shared/SystemGroup/239A227D-7EC7-4E3A-BE3B-B1E071BA6757/MemoryLimitViolations/MREExceptionAdvisoryLimitActive_callhistoryd_2026-08-08_025158.45g30g.lite_diag, Added to Candidate logs
/private/var/containers/Shared/SystemGroup/239A227D-7EC7-4E3A-BE3B-B1E071BA6757/MemoryLimitViolations/MREExceptionAdvisoryLimitActive_IOMFB_FDR_Loader_2026-08-08_025152.TRERk8.lite_diag, Added to Candidate logs
/private/var/containers/Shared/SystemGroup/239A227D-7EC7-4E3A-BE3B-B1E071BA6757/MemoryLimitViolations/MREExceptionAdvisoryLimitActive_intents_helper_2026-08-08_023635.vboAM1.lite_diag, Added to Candidate logs
/private/var/containers/Shared/SystemGroup/239A227D-7EC7-4E3A-BE3B-B1E071BA6757/MemoryLimitViolations/MREExceptionFatalLimitInactive_intents_helper_2026-08-08_023558.l7Wke3.lite_diag, Added to Candidate logs
/private/var/containers/Shared/SystemGroup/239A227D-7EC7-4E3A-BE3B-B1E071BA6757/MemoryLimitViolations/MREExceptionAdvisoryLimitActive_intents_helper_2026-08-08_023538.eWBDEC.lite_diag, Added to Candidate logs
/private/var/containers/Shared/SystemGroup/239A227D-7EC7-4E3A-BE3B-B1E071BA6757/MemoryLimitViolations/MREExceptionAdvisoryLimitActive_localizationswitcherd_2026-08-08_023521.xKXf4l.lite_diag, Added to Candidate logs
/private/var/containers/Shared/SystemGroup/239A227D-7EC7-4E3A-BE3B-B1E071BA6757/MemoryLimitViolations/MREExceptionFatalLimitInactive_amsengagementd_2026-08-08_023502.uHAYeu.lite_diag, Added to Candidate logs
/private/var/containers/Shared/SystemGroup/239A227D-7EC7-4E3A-BE3B-B1E071BA6757/MemoryLimitViolations/MREExceptionAdvisoryLimitActive_dasd_2026-08-08_023455.QTKWnN.lite_diag, Added to Candidate logs
/private/var/containers/Shared/SystemGroup/239A227D-7EC7-4E3A-BE3B-B1E071BA6757/MemoryLimitViolations/MREExceptionAdvisoryLimitActive_linkd_2026-08-08_023438.G1y66k.lite_diag, Added to Candidate logs
/private/var/containers/Shared/SystemGroup/239A227D-7EC7-4E3A-BE3B-B1E071BA6757/MemoryLimitViolations/MREExceptionFatalLimitInactive_SeymourMetricsService_2026-08-08_020002.r2OovI.lite_diag, Added to Candidate logs
/private/var/containers/Shared/SystemGroup/239A227D-7EC7-4E3A-BE3B-B1E071BA6757/MemoryLimitViolations/MREExceptionAdvisoryLimitActive_AppleIntelligenceReportingProcessingService_2026-08-08_015941.SJAYvI.lite_diag, Added to Candidate logs
/private/var/containers/Shared/SystemGroup/239A227D-7EC7-4E3A-BE3B-B1E071BA6757/MemoryLimitViolations/MREExceptionAdvisoryLimitActive_SeymourMetricsService_2026-08-08_015939.7hWiRq.lite_diag, Added to Candidate logs
/private/var/containers/Shared/SystemGroup/239A227D-7EC7-4E3A-BE3B-B1E071BA6757/MemoryLimitViolations/MREExceptionAdvisoryLimitActive_callhistoryd_2026-08-08_015754.FOW83s.lite_diag, Added to Candidate logs
/private/var/containers/Shared/SystemGroup/239A227D-7EC7-4E3A-BE3B-B1E071BA6757/MemoryLimitViolations/MREExceptionAdvisoryLimitActive_IOMFB_FDR_Loader_2026-08-08_015723.xj60ju.lite_diag, Added to Candidate logs
/private/var/containers/Shared/SystemGroup/239A227D-7EC7-4E3A-BE3B-B1E071BA6757/MemoryLimitViolations/MREExceptionFatalLimitInactive_SeymourMetricsService_2026-08-08_015300.t2ReMH.lite_diag, Added to Candidate logs
/private/var/containers/Shared/SystemGroup/239A227D-7EC7-4E3A-BE3B-B1E071BA6757/MemoryLimitViolations/MREExceptionAdvisoryLimitActive_callhistoryd_2026-08-08_015226.juc5MM.lite_diag, Added to Candidate logs
/private/var/containers/Shared/SystemGroup/239A227D-7EC7-4E3A-BE3B-B1E071BA6757/MemoryLimitViolations/MREExceptionAdvisoryLimitActive_intents_helper_2026-08-08_013849.nxVBlb.lite_diag, Added to Candidate logs
/private/var/containers/Shared/SystemGroup/239A227D-7EC7-4E3A-BE3B-B1E071BA6757/MemoryLimitViolations/MREExceptionAdvisoryLimitActive_linkd_2026-08-08_013842.0ZxeXv.lite_diag, Added to Candidate logs
/private/var/containers/Shared/SystemGroup/239A227D-7EC7-4E3A-BE3B-B1E071BA6757/MemoryLimitViolations/MREExceptionFatalLimitInactive_SeymourMetricsService_2026-08-08_013824.ZpPGWO.lite_diag, Added to Candidate logs
/private/var/containers/Shared/SystemGroup/239A227D-7EC7-4E3A-BE3B-B1E071BA6757/MemoryLimitViolations/MREExceptionAdvisoryLimitActive_SeymourMetricsService_2026-08-08_013811.GsLx4i.lite_diag, Added to Candidate logs
/private/var/containers/Shared/SystemGroup/239A227D-7EC7-4E3A-BE3B-B1E071BA6757/MemoryLimitViolations/MREExceptionFatalLimitInactive_SeymourMetricsService_2026-08-08_013510.EANMCe.lite_diag, Added to Candidate logs
/private/var/containers/Shared/SystemGroup/239A227D-7EC7-4E3A-BE3B-B1E071BA6757/MemoryLimitViolations/MREExceptionAdvisoryLimitActive_AuthenticationServicesAgent_2026-08-08_013224.TkAqLG.lite_diag, Added to Candidate logs
/private/var/containers/Shared/SystemGroup/239A227D-7EC7-4E3A-BE3B-B1E071BA6757/MemoryLimitViolations/MREExceptionAdvisoryLimitActive_IOMFB_FDR_Loader_2026-08-08_012653.vsNORy.lite_diag, Added to Candidate logs
/private/var/containers/Shared/SystemGroup/239A227D-7EC7-4E3A-BE3B-B1E071BA6757/MemoryLimitViolations/MREExceptionAdvisoryLimitActive_callhistoryd_2026-08-08_005619.lK5tYx.lite_diag, Added to Candidate logs
/private/var/containers/Shared/SystemGroup/239A227D-7EC7-4E3A-BE3B-B1E071BA6757/MemoryLimitViolations/MREExceptionAdvisoryLimitActive_amsengagementd_2026-08-08_003727.mhaM5U.lite_diag, Added to Candidate logs
/private/var/containers/Shared/SystemGroup/239A227D-7EC7-4E3A-BE3B-B1E071BA6757/MemoryLimitViolations/MREExceptionAdvisoryLimitActive_nsattributedstringagent_2026-08-07_231844.kidEu6.lite_diag, Added to Candidate logs
/private/var/containers/Shared/SystemGroup/239A227D-7EC7-4E3A-BE3B-B1E071BA6757/MemoryLimitViolations/MREExceptionAdvisoryLimitActive_nsattributedstringagent_2026-08-07_231548.zZQWXu.lite_diag, Added to Candidate logs
/private/var/containers/Shared/SystemGroup/239A227D-7EC7-4E3A-BE3B-B1E071BA6757/MemoryLimitViolations/MREExceptionAdvisoryLimitActive_nsattributedstringagent_2026-08-07_231302.91Dg81.lite_diag, Added to Candidate logs
/private/var/containers/Shared/SystemGroup/239A227D-7EC7-4E3A-BE3B-B1E071BA6757/MemoryLimitViolations/MREExceptionFatalLimitInactive_visualintelligenced_2026-08-07_225907.JEdqJ5.lite_diag, Added to Candidate logs
/private/var/containers/Shared/SystemGroup/239A227D-7EC7-4E3A-BE3B-B1E071BA6757/MemoryLimitViolations/MREExceptionFatalLimitInactive_visualintelligenced_2026-08-07_223550.xEqiMY.lite_diag, Added to Candidate logs
/private/var/containers/Shared/SystemGroup/239A227D-7EC7-4E3A-BE3B-B1E071BA6757/MemoryLimitViolations/MREExceptionFatalLimitInactive_visualintelligenced_2026-08-07_223430.vEj71Y.lite_diag, Added to Candidate logs
/private/var/containers/Shared/SystemGroup/239A227D-7EC7-4E3A-BE3B-B1E071BA6757/MemoryLimitViolations/MREExceptionAdvisoryLimitActive_amsengagementd_2026-08-07_223123.pBRMym.lite_diag, Added to Candidate logs
/private/var/containers/Shared/SystemGroup/239A227D-7EC7-4E3A-BE3B-B1E071BA6757/MemoryLimitViolations/MREExceptionFatalLimitInactive_visualintelligenced_2026-08-07_222504.hlIsiv.lite_diag, Added to Candidate logs
/private/var/containers/Shared/SystemGroup/239A227D-7EC7-4E3A-BE3B-B1E071BA6757/MemoryLimitViolations/MREExceptionFatalLimitInactive_visualintelligenced_2026-08-07_222401.G8R96T.lite_diag, Added to Candidate logs
/private/var/containers/Shared/SystemGroup/239A227D-7EC7-4E3A-BE3B-B1E071BA6757/MemoryLimitViolations/MREExceptionFatalLimitInactive_visualintelligenced_2026-08-07_222310.uDMm3x.lite_diag, Added to Candidate logs
/private/var/containers/Shared/SystemGroup/239A227D-7EC7-4E3A-BE3B-B1E071BA6757/MemoryLimitViolations/MREExceptionAdvisoryLimitActive_callhistoryd_2026-08-07_220207.9LopFP.lite_diag, Added to Candidate logs
/private/var/containers/Shared/SystemGroup/239A227D-7EC7-4E3A-BE3B-B1E071BA6757/MemoryLimitViolations/MREExceptionFatalLimitInactive_visualintelligenced_2026-08-07_211410.sBBq83.lite_diag, Added to Candidate logs
/private/var/containers/Shared/SystemGroup/239A227D-7EC7-4E3A-BE3B-B1E071BA6757/MemoryLimitViolations/MREExceptionFatalLimitInactive_visualintelligenced_2026-08-07_211356.rHGJTl.lite_diag, Added to Candidate logs
/private/var/containers/Shared/SystemGroup/239A227D-7EC7-4E3A-BE3B-B1E071BA6757/MemoryLimitViolations/MREExceptionFatalLimitInactive_SeymourMetricsService_2026-08-07_201023.8FQOvc.lite_diag, Added to Candidate logs
/private/var/containers/Shared/SystemGroup/239A227D-7EC7-4E3A-BE3B-B1E071BA6757/MemoryLimitViolations/MREExceptionAdvisoryLimitActive_amsengagementd_2026-08-07_200752.QUCZTv.lite_diag, Added to Candidate logs
/private/var/containers/Shared/SystemGroup/239A227D-7EC7-4E3A-BE3B-B1E071BA6757/MemoryLimitViolations/MREExceptionAdvisoryLimitActive_biomesyncd_2026-08-07_135931.QFcdlY.lite_diag, Added to Candidate logs
/private/var/containers/Shared/SystemGroup/239A227D-7EC7-4E3A-BE3B-B1E071BA6757/MemoryLimitViolations/MREExceptionAdvisoryLimitActive_amsengagementd_2026-08-07_135640.V0I9V4.lite_diag, Added to Candidate logs
/private/var/containers/Shared/SystemGroup/239A227D-7EC7-4E3A-BE3B-B1E071BA6757/MemoryLimitViolations/MREExceptionFatalLimitInactive_nsattributedstringagent_2026-08-07_132939.wkUHBL.lite_diag, Added to Candidate logs
/private/var/containers/Shared/SystemGroup/239A227D-7EC7-4E3A-BE3B-B1E071BA6757/MemoryLimitViolations/MREExceptionFatalLimitInactive_nsattributedstringagent_2026-08-07_131401.HbCarw.lite_diag, Added to Candidate logs
/private/var/containers/Shared/SystemGroup/239A227D-7EC7-4E3A-BE3B-B1E071BA6757/MemoryLimitViolations/MREExceptionAdvisoryLimitActive_nsattributedstringagent_2026-08-07_130905.4cLuwd.lite_diag, Added to Candidate logs
/private/var/containers/Shared/SystemGroup/239A227D-7EC7-4E3A-BE3B-B1E071BA6757/MemoryLimitViolations/MREExceptionAdvisoryLimitActive_nsattributedstringagent_2026-08-07_130220.KDI4Vr.lite_diag, Added to Candidate logs
/private/var/containers/Shared/SystemGroup/239A227D-7EC7-4E3A-BE3B-B1E071BA6757/MemoryLimitViolations/MREExceptionFatalLimitInactive_nsattributedstringagent_2026-08-07_130156.0FXUJB.lite_diag, Added to Candidate logs
/private/var/containers/Shared/SystemGroup/239A227D-7EC7-4E3A-BE3B-B1E071BA6757/MemoryLimitViolations/MREExceptionAdvisoryLimitActive_biomesyncd_2026-08-07_125737.85SEoZ.lite_diag, Added to Candidate logs
/private/var/containers/Shared/SystemGroup/239A227D-7EC7-4E3A-BE3B-B1E071BA6757/MemoryLimitViolations/MREExceptionFatalLimitInactive_nsattributedstringagent_2026-08-07_123121.91pEmf.lite_diag, Added to Candidate logs
/private/var/containers/Shared/SystemGroup/239A227D-7EC7-4E3A-BE3B-B1E071BA6757/MemoryLimitViolations/MREExceptionAdvisoryLimitActive_nsattributedstringagent_2026-08-07_122650.9U8bBv.lite_diag, Added to Candidate logs
/private/var/containers/Shared/SystemGroup/239A227D-7EC7-4E3A-BE3B-B1E071BA6757/MemoryLimitViolations/MREExceptionFatalLimitInactive_nsattributedstringagent_2026-08-07_121516.FXK9ht.lite_diag, Added to Candidate logs
/private/var/containers/Shared/SystemGroup/239A227D-7EC7-4E3A-BE3B-B1E071BA6757/MemoryLimitViolations/MREExceptionAdvisoryLimitActive_nsattributedstringagent_2026-08-07_121426.O5wteN.lite_diag, Added to Candidate logs
/private/var/containers/Shared/SystemGroup/239A227D-7EC7-4E3A-BE3B-B1E071BA6757/MemoryLimitViolations/MREExceptionAdvisoryLimitActive_nsattributedstringagent_2026-08-07_121420.fFiHBz.lite_diag, Added to Candidate logs
/private/var/containers/Shared/SystemGroup/239A227D-7EC7-4E3A-BE3B-B1E071BA6757/MemoryLimitViolations/MREExceptionAdvisoryLimitActive_biomesyncd_2026-08-07_115850.Gy0DYU.lite_diag, Added to Candidate logs
/private/var/containers/Shared/SystemGroup/239A227D-7EC7-4E3A-BE3B-B1E071BA6757/MemoryLimitViolations/MREExceptionFatalLimitInactive_visualintelligenced_2026-08-07_114325.T1mXhC.lite_diag, Added to Candidate logs
/private/var/containers/Shared/SystemGroup/239A227D-7EC7-4E3A-BE3B-B1E071BA6757/MemoryLimitViolations/MREExceptionAdvisoryLimitActive_biomesyncd_2026-08-07_105919.MiZA1o.lite_diag, Added to Candidate logs
/private/var/containers/Shared/SystemGroup/239A227D-7EC7-4E3A-BE3B-B1E071BA6757/MemoryLimitViolations/MREExceptionAdvisoryLimitActive_dasd_2026-08-07_101527.6rt1EB.lite_diag, Added to Candidate logs
/private/var/containers/Shared/SystemGroup/239A227D-7EC7-4E3A-BE3B-B1E071BA6757/MemoryLimitViolations/MREExceptionAdvisoryLimitActive_amsengagementd_2026-08-07_100742.7o4EoJ.lite_diag, Added to Candidate logs
/private/var/containers/Shared/SystemGroup/239A227D-7EC7-4E3A-BE3B-B1E071BA6757/MemoryLimitViolations/MREExceptionAdvisoryLimitActive_cloudtelemetryd_2026-08-07_100728.iiRH8d.lite_diag, Added to Candidate logs
/private/var/containers/Shared/SystemGroup/239A227D-7EC7-4E3A-BE3B-B1E071BA6757/MemoryLimitViolations/MREExceptionAdvisoryLimitActive_biomesyncd_2026-08-07_095906.mfMAjx.lite_diag, Added to Candidate logs
/private/var/containers/Shared/SystemGroup/239A227D-7EC7-4E3A-BE3B-B1E071BA6757/MemoryLimitViolations/MREExceptionAdvisoryLimitActive_biomesyncd_2026-08-07_075836.xO6YWo.lite_diag, Added to Candidate logs
/private/var/containers/Shared/SystemGroup/239A227D-7EC7-4E3A-BE3B-B1E071BA6757/MemoryLimitViolations/MREExceptionAdvisoryLimitActive_biomesyncd_2026-08-07_065732.kySICf.lite_diag, Added to Candidate logs
/private/var/containers/Shared/SystemGroup/239A227D-7EC7-4E3A-BE3B-B1E071BA6757/MemoryLimitViolations/MREExceptionAdvisoryLimitActive_callhistoryd_2026-08-07_064023.PHQOIu.lite_diag, Added to Candidate logs
/private/var/containers/Shared/SystemGroup/239A227D-7EC7-4E3A-BE3B-B1E071BA6757/MemoryLimitViolations/MREExceptionAdvisoryLimitActive_biomesyncd_2026-08-07_055737.9GNx8M.lite_diag, Added to Candidate logs


ENFORCING SIZE LIMIT OF 45 MB ON FILTERED CANDIDATES:

/private/var/containers/Shared/SystemGroup/239A227D-7EC7-4E3A-BE3B-B1E071BA6757/MemoryLimitViolations/MREExceptionFatalLimitInactive_storekitd_2026-08-08_034959.fVOB6f.lite_diag, Added (7245 bytes)
/private/var/containers/Shared/SystemGroup/239A227D-7EC7-4E3A-BE3B-B1E071BA6757/MemoryLimitViolations/MREExceptionFatalLimitInactive_storekitd_2026-08-08_034745.Ik51zR.lite_diag, Added (6838 bytes)
/private/var/containers/Shared/SystemGroup/239A227D-7EC7-4E3A-BE3B-B1E071BA6757/MemoryLimitViolations/MREExceptionFatalLimitInactive_SeymourMetricsService_2026-08-08_034712.nauSaw.lite_diag, Added (9878 bytes)
/private/var/containers/Shared/SystemGroup/239A227D-7EC7-4E3A-BE3B-B1E071BA6757/MemoryLimitViolations/MREExceptionAdvisoryLimitActive_SeymourMetricsService_2026-08-08_034642.dBGoGb.lite_diag, Added (9944 bytes)
/private/var/containers/Shared/SystemGroup/239A227D-7EC7-4E3A-BE3B-B1E071BA6757/MemoryLimitViolations/MREExceptionFatalLimitInactive_assetsd_2026-08-08_034319.5hEScY.lite_diag, Added (6313 bytes)
/private/var/containers/Shared/SystemGroup/239A227D-7EC7-4E3A-BE3B-B1E071BA6757/MemoryLimitViolations/MREExceptionAdvisoryLimitActive_callhistoryd_2026-08-08_031810.gi4rPR.lite_diag, Added (7687 bytes)
/private/var/containers/Shared/SystemGroup/239A227D-7EC7-4E3A-BE3B-B1E071BA6757/MemoryLimitViolations/MREExceptionAdvisoryLimitActive_amsengagementd_2026-08-08_031801.IhmlX8.lite_diag, Added (17708 bytes)
/private/var/containers/Shared/SystemGroup/239A227D-7EC7-4E3A-BE3B-B1E071BA6757/MemoryLimitViolations/MREExceptionAdvisoryLimitActive_dasd_2026-08-08_030148.iiKHvY.lite_diag, Added (9434 bytes)
/private/var/containers/Shared/SystemGroup/239A227D-7EC7-4E3A-BE3B-B1E071BA6757/MemoryLimitViolations/MREExceptionAdvisoryLimitActive_DASDelegateService_2026-08-08_030056.F5K65y.lite_diag, Added (7962 bytes)
/private/var/containers/Shared/SystemGroup/239A227D-7EC7-4E3A-BE3B-B1E071BA6757/MemoryLimitViolations/MREExceptionAdvisoryLimitActive_intents_helper_2026-08-08_025924.BdpQIX.lite_diag, Added (10793 bytes)
/private/var/containers/Shared/SystemGroup/239A227D-7EC7-4E3A-BE3B-B1E071BA6757/MemoryLimitViolations/MREExceptionAdvisoryLimitActive_linkd_2026-08-08_025916.uCZ4GF.lite_diag, Added (6709 bytes)
/private/var/containers/Shared/SystemGroup/239A227D-7EC7-4E3A-BE3B-B1E071BA6757/MemoryLimitViolations/MREExceptionAdvisoryLimitActive_afcd_2026-08-08_025636.cLnM6w.lite_diag, Added (5640 bytes)
/private/var/containers/Shared/SystemGroup/239A227D-7EC7-4E3A-BE3B-B1E071BA6757/MemoryLimitViolations/MREExceptionFatalLimitInactive_SeymourMetricsService_2026-08-08_025627.i2djY5.lite_diag, Added (7668 bytes)
/private/var/containers/Shared/SystemGroup/239A227D-7EC7-4E3A-BE3B-B1E071BA6757/MemoryLimitViolations/MREExceptionAdvisoryLimitActive_IOMFB_FDR_Loader_2026-08-08_025601.2W2Pny.lite_diag, Added (4065 bytes)
/private/var/containers/Shared/SystemGroup/239A227D-7EC7-4E3A-BE3B-B1E071BA6757/MemoryLimitViolations/MREExceptionAdvisoryLimitActive_SeymourMetricsService_2026-08-08_025222.ucyOiA.lite_diag, Added (20692 bytes)
/private/var/containers/Shared/SystemGroup/239A227D-7EC7-4E3A-BE3B-B1E071BA6757/MemoryLimitViolations/MREExceptionAdvisoryLimitActive_dasd_2026-08-08_025201.raJTu4.lite_diag, Added (30140 bytes)
/private/var/containers/Shared/SystemGroup/239A227D-7EC7-4E3A-BE3B-B1E071BA6757/MemoryLimitViolations/MREExceptionAdvisoryLimitActive_callhistoryd_2026-08-08_025158.45g30g.lite_diag, Added (7777 bytes)
/private/var/containers/Shared/SystemGroup/239A227D-7EC7-4E3A-BE3B-B1E071BA6757/MemoryLimitViolations/MREExceptionAdvisoryLimitActive_IOMFB_FDR_Loader_2026-08-08_025152.TRERk8.lite_diag, Added (4065 bytes)
/private/var/containers/Shared/SystemGroup/239A227D-7EC7-4E3A-BE3B-B1E071BA6757/MemoryLimitViolations/MREExceptionFatalLimitInactive_contactsdonationagent_2026-08-08_023701.g3tnD7.lite_diag, Added (9934 bytes)
/private/var/containers/Shared/SystemGroup/239A227D-7EC7-4E3A-BE3B-B1E071BA6757/MemoryLimitViolations/MREExceptionFatalLimitInactive_localizationswitcherd_2026-08-08_023654.ObcdGZ.lite_diag, Added (3811 bytes)
/private/var/containers/Shared/SystemGroup/239A227D-7EC7-4E3A-BE3B-B1E071BA6757/MemoryLimitViolations/MREExceptionAdvisoryLimitActive_intents_helper_2026-08-08_023635.vboAM1.lite_diag, Added (10765 bytes)
/private/var/containers/Shared/SystemGroup/239A227D-7EC7-4E3A-BE3B-B1E071BA6757/MemoryLimitViolations/MREExceptionFatalLimitInactive_intents_helper_2026-08-08_023558.l7Wke3.lite_diag, Added (7514 bytes)
/private/var/containers/Shared/SystemGroup/239A227D-7EC7-4E3A-BE3B-B1E071BA6757/MemoryLimitViolations/MREExceptionAdvisoryLimitActive_intents_helper_2026-08-08_023538.eWBDEC.lite_diag, Added (11551 bytes)
/private/var/containers/Shared/SystemGroup/239A227D-7EC7-4E3A-BE3B-B1E071BA6757/MemoryLimitViolations/MREExceptionAdvisoryLimitActive_localizationswitcherd_2026-08-08_023521.xKXf4l.lite_diag, Added (7983 bytes)
/private/var/containers/Shared/SystemGroup/239A227D-7EC7-4E3A-BE3B-B1E071BA6757/MemoryLimitViolations/MREExceptionAdvisoryLimitActive_biomesyncd_2026-08-08_023514.SV2jWE.lite_diag, Added (6797 bytes)
/private/var/containers/Shared/SystemGroup/239A227D-7EC7-4E3A-BE3B-B1E071BA6757/MemoryLimitViolations/MREExceptionFatalLimitInactive_amsengagementd_2026-08-08_023502.uHAYeu.lite_diag, Added (8429 bytes)
/private/var/containers/Shared/SystemGroup/239A227D-7EC7-4E3A-BE3B-B1E071BA6757/MemoryLimitViolations/MREExceptionAdvisoryLimitActive_dasd_2026-08-08_023455.QTKWnN.lite_diag, Added (7636 bytes)
/private/var/containers/Shared/SystemGroup/239A227D-7EC7-4E3A-BE3B-B1E071BA6757/MemoryLimitViolations/MREExceptionAdvisoryLimitActive_linkd_2026-08-08_023438.G1y66k.lite_diag, Added (6703 bytes)
/private/var/containers/Shared/SystemGroup/239A227D-7EC7-4E3A-BE3B-B1E071BA6757/MemoryLimitViolations/MREExceptionAdvisoryLimitActive_AppleIntelligenceReportingProcessingService_2026-08-08_023416.v01Ib9.lite_diag, Added (7115 bytes)
/private/var/containers/Shared/SystemGroup/239A227D-7EC7-4E3A-BE3B-B1E071BA6757/MemoryLimitViolations/MREExceptionFatalLimitInactive_visualintelligenced_2026-08-08_022848.bjbix5.lite_diag, Added (10702 bytes)
/private/var/containers/Shared/SystemGroup/239A227D-7EC7-4E3A-BE3B-B1E071BA6757/MemoryLimitViolations/MREExceptionAdvisoryLimitActive_mobile_installation_proxy_2026-08-08_020007.8hlb0q.lite_diag, Added (6887 bytes)
/private/var/containers/Shared/SystemGroup/239A227D-7EC7-4E3A-BE3B-B1E071BA6757/MemoryLimitViolations/MREExceptionFatalLimitInactive_SeymourMetricsService_2026-08-08_020002.r2OovI.lite_diag, Added (9930 bytes)
/private/var/containers/Shared/SystemGroup/239A227D-7EC7-4E3A-BE3B-B1E071BA6757/MemoryLimitViolations/MREExceptionAdvisoryLimitActive_AppleIntelligenceReportingProcessingService_2026-08-08_015941.SJAYvI.lite_diag, Added (7290 bytes)
/private/var/containers/Shared/SystemGroup/239A227D-7EC7-4E3A-BE3B-B1E071BA6757/MemoryLimitViolations/MREExceptionAdvisoryLimitActive_SeymourMetricsService_2026-08-08_015939.7hWiRq.lite_diag, Added (19161 bytes)
/private/var/containers/Shared/SystemGroup/239A227D-7EC7-4E3A-BE3B-B1E071BA6757/MemoryLimitViolations/MREExceptionAdvisoryLimitActive_callhistoryd_2026-08-08_015754.FOW83s.lite_diag, Added (7744 bytes)
/private/var/containers/Shared/SystemGroup/239A227D-7EC7-4E3A-BE3B-B1E071BA6757/MemoryLimitViolations/MREExceptionAdvisoryLimitActive_IOMFB_FDR_Loader_2026-08-08_015723.xj60ju.lite_diag, Added (4166 bytes)
/private/var/containers/Shared/SystemGroup/239A227D-7EC7-4E3A-BE3B-B1E071BA6757/MemoryLimitViolations/MREExceptionFatalLimitInactive_SeymourMetricsService_2026-08-08_015300.t2ReMH.lite_diag, Added (9161 bytes)
/private/var/containers/Shared/SystemGroup/239A227D-7EC7-4E3A-BE3B-B1E071BA6757/MemoryLimitViolations/MREExceptionAdvisoryLimitActive_callhistoryd_2026-08-08_015226.juc5MM.lite_diag, Added (7687 bytes)
/private/var/containers/Shared/SystemGroup/239A227D-7EC7-4E3A-BE3B-B1E071BA6757/MemoryLimitViolations/MREExceptionAdvisoryLimitActive_intents_helper_2026-08-08_013849.nxVBlb.lite_diag, Added (10778 bytes)
/private/var/containers/Shared/SystemGroup/239A227D-7EC7-4E3A-BE3B-B1E071BA6757/MemoryLimitViolations/MREExceptionAdvisoryLimitActive_linkd_2026-08-08_013842.0ZxeXv.lite_diag, Added (6710 bytes)
/private/var/containers/Shared/SystemGroup/239A227D-7EC7-4E3A-BE3B-B1E071BA6757/MemoryLimitViolations/MREExceptionFatalLimitInactive_SeymourMetricsService_2026-08-08_013824.ZpPGWO.lite_diag, Added (8500 bytes)
/private/var/containers/Shared/SystemGroup/239A227D-7EC7-4E3A-BE3B-B1E071BA6757/MemoryLimitViolations/MREExceptionAdvisoryLimitActive_SeymourMetricsService_2026-08-08_013811.GsLx4i.lite_diag, Added (8680 bytes)
/private/var/containers/Shared/SystemGroup/239A227D-7EC7-4E3A-BE3B-B1E071BA6757/MemoryLimitViolations/MREExceptionAdvisoryLimitActive_online-auth-agent_2026-08-08_013524.cRHCJo.lite_diag, Added (10265 bytes)
/private/var/containers/Shared/SystemGroup/239A227D-7EC7-4E3A-BE3B-B1E071BA6757/MemoryLimitViolations/MREExceptionFatalLimitInactive_SeymourMetricsService_2026-08-08_013510.EANMCe.lite_diag, Added (8176 bytes)
/private/var/containers/Shared/SystemGroup/239A227D-7EC7-4E3A-BE3B-B1E071BA6757/MemoryLimitViolations/MREExceptionFatalLimitInactive_AuthenticationServicesAgent_2026-08-08_013228.r1mr7b.lite_diag, Added (6780 bytes)
/private/var/containers/Shared/SystemGroup/239A227D-7EC7-4E3A-BE3B-B1E071BA6757/MemoryLimitViolations/MREExceptionAdvisoryLimitActive_AuthenticationServicesAgent_2026-08-08_013224.TkAqLG.lite_diag, Added (10111 bytes)
/private/var/containers/Shared/SystemGroup/239A227D-7EC7-4E3A-BE3B-B1E071BA6757/MemoryLimitViolations/MREExceptionFatalLimitInactive_SeymourMetricsService_2026-08-08_012838.hMJbTg.memgraph, Added (937127 bytes)
/private/var/containers/Shared/SystemGroup/239A227D-7EC7-4E3A-BE3B-B1E071BA6757/MemoryLimitViolations/MREExceptionAdvisoryLimitActive_IOMFB_FDR_Loader_2026-08-08_012653.vsNORy.lite_diag, Added (4064 bytes)
/private/var/containers/Shared/SystemGroup/239A227D-7EC7-4E3A-BE3B-B1E071BA6757/MemoryLimitViolations/MREExceptionAdvisoryLimitActive_callhistoryd_2026-08-08_005619.lK5tYx.lite_diag, Added (8438 bytes)
/private/var/containers/Shared/SystemGroup/239A227D-7EC7-4E3A-BE3B-B1E071BA6757/MemoryLimitViolations/MREExceptionAdvisoryLimitActive_amsengagementd_2026-08-08_003727.mhaM5U.lite_diag, Added (10704 bytes)
/private/var/containers/Shared/SystemGroup/239A227D-7EC7-4E3A-BE3B-B1E071BA6757/MemoryLimitViolations/MREExceptionAdvisoryLimitActive_CredentialProviderExtensionHelper_2026-08-08_001118.2y7zko.lite_diag, Added (8928 bytes)
/private/var/containers/Shared/SystemGroup/239A227D-7EC7-4E3A-BE3B-B1E071BA6757/MemoryLimitViolations/MREExceptionAdvisoryLimitActive_CredentialProviderExtensionHelper_2026-08-08_000831.K0tsUp.memgraph, Added (826081 bytes)
/private/var/containers/Shared/SystemGroup/239A227D-7EC7-4E3A-BE3B-B1E071BA6757/MemoryLimitViolations/MREExceptionFatalLimitInactive_nsattributedstringagent_2026-08-07_232535.wnRT61.lite_diag, Added (6313 bytes)
/private/var/containers/Shared/SystemGroup/239A227D-7EC7-4E3A-BE3B-B1E071BA6757/MemoryLimitViolations/MREExceptionAdvisoryLimitActive_nsattributedstringagent_2026-08-07_231844.kidEu6.lite_diag, Added (8385 bytes)
/private/var/containers/Shared/SystemGroup/239A227D-7EC7-4E3A-BE3B-B1E071BA6757/MemoryLimitViolations/MREExceptionAdvisoryLimitActive_nsattributedstringagent_2026-08-07_231548.zZQWXu.lite_diag, Added (8424 bytes)
/private/var/containers/Shared/SystemGroup/239A227D-7EC7-4E3A-BE3B-B1E071BA6757/MemoryLimitViolations/MREExceptionAdvisoryLimitActive_nsattributedstringagent_2026-08-07_231302.91Dg81.lite_diag, Added (10280 bytes)
/private/var/containers/Shared/SystemGroup/239A227D-7EC7-4E3A-BE3B-B1E071BA6757/MemoryLimitViolations/MREExceptionFatalLimitInactive_nsattributedstringagent_2026-08-07_230101.kJD1Sn.memgraph, Added (984994 bytes)
/private/var/containers/Shared/SystemGroup/239A227D-7EC7-4E3A-BE3B-B1E071BA6757/MemoryLimitViolations/MREExceptionFatalLimitInactive_visualintelligenced_2026-08-07_225907.JEdqJ5.lite_diag, Added (15620 bytes)
/private/var/containers/Shared/SystemGroup/239A227D-7EC7-4E3A-BE3B-B1E071BA6757/MemoryLimitViolations/MREExceptionFatalLimitInactive_visualintelligenced_2026-08-07_223550.xEqiMY.lite_diag, Added (10378 bytes)
/private/var/containers/Shared/SystemGroup/239A227D-7EC7-4E3A-BE3B-B1E071BA6757/MemoryLimitViolations/MREExceptionFatalLimitInactive_visualintelligenced_2026-08-07_223430.vEj71Y.lite_diag, Added (11441 bytes)
/private/var/containers/Shared/SystemGroup/239A227D-7EC7-4E3A-BE3B-B1E071BA6757/MemoryLimitViolations/MREExceptionAdvisoryLimitActive_amsengagementd_2026-08-07_223123.pBRMym.lite_diag, Added (14932 bytes)
/private/var/containers/Shared/SystemGroup/239A227D-7EC7-4E3A-BE3B-B1E071BA6757/MemoryLimitViolations/MREExceptionFatalLimitInactive_visualintelligenced_2026-08-07_222504.hlIsiv.lite_diag, Added (10949 bytes)
/private/var/containers/Shared/SystemGroup/239A227D-7EC7-4E3A-BE3B-B1E071BA6757/MemoryLimitViolations/MREExceptionFatalLimitInactive_visualintelligenced_2026-08-07_222401.G8R96T.lite_diag, Added (10303 bytes)
/private/var/containers/Shared/SystemGroup/239A227D-7EC7-4E3A-BE3B-B1E071BA6757/MemoryLimitViolations/MREExceptionFatalLimitInactive_visualintelligenced_2026-08-07_222310.uDMm3x.lite_diag, Added (14338 bytes)
/private/var/containers/Shared/SystemGroup/239A227D-7EC7-4E3A-BE3B-B1E071BA6757/MemoryLimitViolations/MREExceptionAdvisoryLimitActive_callhistoryd_2026-08-07_220207.9LopFP.lite_diag, Added (7744 bytes)
/private/var/containers/Shared/SystemGroup/239A227D-7EC7-4E3A-BE3B-B1E071BA6757/MemoryLimitViolations/MREExceptionFatalLimitInactive_visualintelligenced_2026-08-07_211410.sBBq83.lite_diag, Added (10146 bytes)
/private/var/containers/Shared/SystemGroup/239A227D-7EC7-4E3A-BE3B-B1E071BA6757/MemoryLimitViolations/MREExceptionFatalLimitInactive_visualintelligenced_2026-08-07_211356.rHGJTl.lite_diag, Added (11291 bytes)
/private/var/containers/Shared/SystemGroup/239A227D-7EC7-4E3A-BE3B-B1E071BA6757/MemoryLimitViolations/MREExceptionAdvisoryLimitActive_ReportCrashService_2026-08-07_205129.yJkqx9.lite_diag, Added (9821 bytes)
/private/var/containers/Shared/SystemGroup/239A227D-7EC7-4E3A-BE3B-B1E071BA6757/MemoryLimitViolations/MREExceptionFatalLimitInactive_SeymourMetricsService_2026-08-07_201023.8FQOvc.lite_diag, Added (8801 bytes)
/private/var/containers/Shared/SystemGroup/239A227D-7EC7-4E3A-BE3B-B1E071BA6757/MemoryLimitViolations/MREExceptionAdvisoryLimitActive_amsengagementd_2026-08-07_200752.QUCZTv.lite_diag, Added (13799 bytes)
/private/var/containers/Shared/SystemGroup/239A227D-7EC7-4E3A-BE3B-B1E071BA6757/MemoryLimitViolations/MREExceptionAdvisoryLimitActive_suggestd_2026-08-07_193606.kg4OrE.memgraph, Added (1981707 bytes)
/private/var/containers/Shared/SystemGroup/239A227D-7EC7-4E3A-BE3B-B1E071BA6757/MemoryLimitViolations/MREExceptionAdvisoryLimitActive_kbd_2026-08-07_193051.meUiyG.memgraph, Added (2667614 bytes)
/private/var/containers/Shared/SystemGroup/239A227D-7EC7-4E3A-BE3B-B1E071BA6757/MemoryLimitViolations/MREExceptionFatalLimitInactive_visualintelligenced_2026-08-07_192559.xPe8gL.memgraph, Added (1710499 bytes)
/private/var/containers/Shared/SystemGroup/239A227D-7EC7-4E3A-BE3B-B1E071BA6757/MemoryLimitViolations/MREExceptionAdvisoryLimitActive_linkd_2026-08-07_192330.y5CehL.memgraph, Added (1086362 bytes)
/private/var/containers/Shared/SystemGroup/239A227D-7EC7-4E3A-BE3B-B1E071BA6757/MemoryLimitViolations/MREExceptionAdvisoryLimitActive_callhistoryd_2026-08-07_181833.1aA026.memgraph, Added (844982 bytes)
/private/var/containers/Shared/SystemGroup/239A227D-7EC7-4E3A-BE3B-B1E071BA6757/MemoryLimitViolations/MREExceptionAdvisoryLimitActive_biomesyncd_2026-08-07_135931.QFcdlY.lite_diag, Added (9239 bytes)
/private/var/containers/Shared/SystemGroup/239A227D-7EC7-4E3A-BE3B-B1E071BA6757/MemoryLimitViolations/MREExceptionAdvisoryLimitActive_amsengagementd_2026-08-07_135640.V0I9V4.lite_diag, Added (13731 bytes)
/private/var/containers/Shared/SystemGroup/239A227D-7EC7-4E3A-BE3B-B1E071BA6757/MemoryLimitViolations/MREExceptionFatalLimitInactive_nsattributedstringagent_2026-08-07_132939.wkUHBL.lite_diag, Added (6316 bytes)
/private/var/containers/Shared/SystemGroup/239A227D-7EC7-4E3A-BE3B-B1E071BA6757/MemoryLimitViolations/MREExceptionFatalLimitInactive_nsattributedstringagent_2026-08-07_131401.HbCarw.lite_diag, Added (7386 bytes)
/private/var/containers/Shared/SystemGroup/239A227D-7EC7-4E3A-BE3B-B1E071BA6757/MemoryLimitViolations/MREExceptionAdvisoryLimitActive_nsattributedstringagent_2026-08-07_130905.4cLuwd.lite_diag, Added (12099 bytes)
/private/var/containers/Shared/SystemGroup/239A227D-7EC7-4E3A-BE3B-B1E071BA6757/MemoryLimitViolations/MREExceptionAdvisoryLimitActive_nsattributedstringagent_2026-08-07_130220.KDI4Vr.lite_diag, Added (10810 bytes)
/private/var/containers/Shared/SystemGroup/239A227D-7EC7-4E3A-BE3B-B1E071BA6757/MemoryLimitViolations/MREExceptionFatalLimitInactive_nsattributedstringagent_2026-08-07_130156.0FXUJB.lite_diag, Added (8587 bytes)
/private/var/containers/Shared/SystemGroup/239A227D-7EC7-4E3A-BE3B-B1E071BA6757/MemoryLimitViolations/MREExceptionAdvisoryLimitActive_biomesyncd_2026-08-07_125737.85SEoZ.lite_diag, Added (8339 bytes)
/private/var/containers/Shared/SystemGroup/239A227D-7EC7-4E3A-BE3B-B1E071BA6757/MemoryLimitViolations/MREExceptionFatalLimitInactive_nsattributedstringagent_2026-08-07_123121.91pEmf.lite_diag, Added (6316 bytes)
/private/var/containers/Shared/SystemGroup/239A227D-7EC7-4E3A-BE3B-B1E071BA6757/MemoryLimitViolations/MREExceptionAdvisoryLimitActive_nsattributedstringagent_2026-08-07_122650.9U8bBv.lite_diag, Added (14913 bytes)
/private/var/containers/Shared/SystemGroup/239A227D-7EC7-4E3A-BE3B-B1E071BA6757/MemoryLimitViolations/MREExceptionFatalLimitInactive_nsattributedstringagent_2026-08-07_121516.FXK9ht.lite_diag, Added (7714 bytes)
/private/var/containers/Shared/SystemGroup/239A227D-7EC7-4E3A-BE3B-B1E071BA6757/MemoryLimitViolations/MREExceptionAdvisoryLimitActive_nsattributedstringagent_2026-08-07_121426.O5wteN.lite_diag, Added (10188 bytes)
/private/var/containers/Shared/SystemGroup/239A227D-7EC7-4E3A-BE3B-B1E071BA6757/MemoryLimitViolations/MREExceptionAdvisoryLimitActive_nsattributedstringagent_2026-08-07_121420.fFiHBz.lite_diag, Added (10930 bytes)
/private/var/containers/Shared/SystemGroup/239A227D-7EC7-4E3A-BE3B-B1E071BA6757/MemoryLimitViolations/MREExceptionAdvisoryLimitActive_passd_2026-08-07_121055.hKdaEQ.lite_diag, Added (14069 bytes)
/private/var/containers/Shared/SystemGroup/239A227D-7EC7-4E3A-BE3B-B1E071BA6757/MemoryLimitViolations/MREExceptionAdvisoryLimitActive_biomesyncd_2026-08-07_115850.Gy0DYU.lite_diag, Added (8360 bytes)
/private/var/containers/Shared/SystemGroup/239A227D-7EC7-4E3A-BE3B-B1E071BA6757/MemoryLimitViolations/MREExceptionFatalLimitInactive_visualintelligenced_2026-08-07_114325.T1mXhC.lite_diag, Added (12423 bytes)
/private/var/containers/Shared/SystemGroup/239A227D-7EC7-4E3A-BE3B-B1E071BA6757/MemoryLimitViolations/MREExceptionAdvisoryLimitActive_biomesyncd_2026-08-07_105919.MiZA1o.lite_diag, Added (9232 bytes)
/private/var/containers/Shared/SystemGroup/239A227D-7EC7-4E3A-BE3B-B1E071BA6757/MemoryLimitViolations/MREExceptionAdvisoryLimitActive_dasd_2026-08-07_101527.6rt1EB.lite_diag, Added (9360 bytes)
/private/var/containers/Shared/SystemGroup/239A227D-7EC7-4E3A-BE3B-B1E071BA6757/MemoryLimitViolations/MREExceptionAdvisoryLimitActive_wirelessinsightsd_2026-08-07_101308.lVEYff.lite_diag, Added (12521 bytes)
/private/var/containers/Shared/SystemGroup/239A227D-7EC7-4E3A-BE3B-B1E071BA6757/MemoryLimitViolations/MREExceptionFatalLimitInactive_momentsd_2026-08-07_101047.6G5la7.lite_diag, Added (4614 bytes)
/private/var/containers/Shared/SystemGroup/239A227D-7EC7-4E3A-BE3B-B1E071BA6757/MemoryLimitViolations/MREExceptionFatalLimitInactive_cloudtelemetryd_2026-08-07_100820.5RYANJ.lite_diag, Added (12446 bytes)
/private/var/containers/Shared/SystemGroup/239A227D-7EC7-4E3A-BE3B-B1E071BA6757/MemoryLimitViolations/MREExceptionAdvisoryLimitActive_amsengagementd_2026-08-07_100742.7o4EoJ.lite_diag, Added (17570 bytes)
/private/var/containers/Shared/SystemGroup/239A227D-7EC7-4E3A-BE3B-B1E071BA6757/MemoryLimitViolations/MREExceptionAdvisoryLimitActive_cloudtelemetryd_2026-08-07_100728.iiRH8d.lite_diag, Added (9378 bytes)
/private/var/containers/Shared/SystemGroup/239A227D-7EC7-4E3A-BE3B-B1E071BA6757/MemoryLimitViolations/MREExceptionAdvisoryLimitActive_biomesyncd_2026-08-07_095906.mfMAjx.lite_diag, Added (8456 bytes)
/private/var/containers/Shared/SystemGroup/239A227D-7EC7-4E3A-BE3B-B1E071BA6757/MemoryLimitViolations/MREExceptionAdvisoryLimitActive_biomesyncd_2026-08-07_075836.xO6YWo.lite_diag, Added (8341 bytes)
/private/var/containers/Shared/SystemGroup/239A227D-7EC7-4E3A-BE3B-B1E071BA6757/MemoryLimitViolations/MREExceptionFatalLimitInactive_duetexpertd_2026-08-07_074535.vONwnN.lite_diag, Added (6860 bytes)
/private/var/containers/Shared/SystemGroup/239A227D-7EC7-4E3A-BE3B-B1E071BA6757/MemoryLimitViolations/MREExceptionAdvisoryLimitActive_biomesyncd_2026-08-07_065732.kySICf.lite_diag, Added (9312 bytes)
/private/var/containers/Shared/SystemGroup/239A227D-7EC7-4E3A-BE3B-B1E071BA6757/MemoryLimitViolations/MREExceptionAdvisoryLimitActive_callhistoryd_2026-08-07_064023.PHQOIu.lite_diag, Added (8895 bytes)
/private/var/containers/Shared/SystemGroup/239A227D-7EC7-4E3A-BE3B-B1E071BA6757/MemoryLimitViolations/MREExceptionAdvisoryLimitActive_biomesyncd_2026-08-07_055737.9GNx8M.lite_diag, Added (8335 bytes)
/private/var/containers/Shared/SystemGroup/239A227D-7EC7-4E3A-BE3B-B1E071BA6757/MemoryLimitViolations/MREExceptionAdvisoryLimitActive_biomesyncd_2026-08-07_045722.xrnxDZ.memgraph, Added (884635 bytes)
/private/var/containers/Shared/SystemGroup/239A227D-7EC7-4E3A-BE3B-B1E071BA6757/MemoryLimitViolations/MREExceptionAdvisoryLimitActive_amsengagementd_2026-08-07_044856.A1hCee.memgraph, Added (2673748 bytes)

** DONE Enforcing size limit **
