
APPLYING DEFAULT FILTERS:
SDUnitLogGlob with glob '/private/var/logs/CrashReporter/stacks-*': found no matches

APPLYING DEFAULT FILTERS:
/private/var/mobile/Library/Logs/CrashReporter/stacks-2026-07-27-141206.ips, File past date limit
/private/var/mobile/Library/Logs/CrashReporter/stacks-2026-08-08-025434.ips, File past date limit
/private/var/mobile/Library/Logs/CrashReporter/stacks-2026-08-08-040643.ips, Added to Candidate logs
/private/var/mobile/Library/Logs/CrashReporter/stacks-2026-08-08-025635.ips, File past date limit
/private/var/mobile/Library/Logs/CrashReporter/stacks-2026-08-05-211412.ips, File past date limit
/private/var/mobile/Library/Logs/CrashReporter/stacks-2026-08-05-041931.ips, File past date limit
/private/var/mobile/Library/Logs/CrashReporter/stacks-2026-08-08-031005.ips, File past date limit
/private/var/mobile/Library/Logs/CrashReporter/stacks-2026-08-08-025515.ips, File past date limit
/private/var/mobile/Library/Logs/CrashReporter/stacks-2026-07-27-141156.ips, File past date limit
/private/var/mobile/Library/Logs/CrashReporter/stacks-2026-08-08-025438.ips, File past date limit
/private/var/mobile/Library/Logs/CrashReporter/stacks-2026-08-08-040707.ips, Added to Candidate logs

APPLYING DEFAULT FILTERS:
SDUnitLogGlob with glob '/private/var/mobile/Library/Logs/CrashReporter/Retired/stacks-*': found no matches


ENFORCING SIZE LIMIT OF 0 MB ON FILTERED CANDIDATES:

/private/var/mobile/Library/Logs/CrashReporter/stacks-2026-08-08-040707.ips, Added (1739464 bytes)
/private/var/mobile/Library/Logs/CrashReporter/stacks-2026-08-08-040643.ips, Added (1853402 bytes)

** DONE Enforcing size limit **
