
APPLYING DEFAULT FILTERS:
/private/var/mobile/Library/Logs/CrashReporter/DiagnosticLogs/sysdiagnose/IN_PROGRESS_sysdiagnose_2026.08.08_04-06-43+0300_iPhone-OS_iPhone_24A5390f.tmp/WiFi_sysdiagnose_temp.kJkDg2/WiFi/Entity_2026-08-08_04:07:10.745_Scan.csv.tgz, Added to Candidate logs
/private/var/mobile/Library/Logs/CrashReporter/DiagnosticLogs/sysdiagnose/IN_PROGRESS_sysdiagnose_2026.08.08_04-06-43+0300_iPhone-OS_iPhone_24A5390f.tmp/WiFi_sysdiagnose_temp.kJkDg2/WiFi/wifi_status.txt, Added to Candidate logs
/private/var/mobile/Library/Logs/CrashReporter/DiagnosticLogs/sysdiagnose/IN_PROGRESS_sysdiagnose_2026.08.08_04-06-43+0300_iPhone-OS_iPhone_24A5390f.tmp/WiFi_sysdiagnose_temp.kJkDg2/WiFi/network_status.txt, Added to Candidate logs
/private/var/mobile/Library/Logs/CrashReporter/DiagnosticLogs/sysdiagnose/IN_PROGRESS_sysdiagnose_2026.08.08_04-06-43+0300_iPhone-OS_iPhone_24A5390f.tmp/WiFi_sysdiagnose_temp.kJkDg2/WiFi/Entity_2026-08-08_04:07:10.745_PoliciesNetworkDeploymentMetric.csv.tgz, Added to Candidate logs
/private/var/mobile/Library/Logs/CrashReporter/DiagnosticLogs/sysdiagnose/IN_PROGRESS_sysdiagnose_2026.08.08_04-06-43+0300_iPhone-OS_iPhone_24A5390f.tmp/WiFi_sysdiagnose_temp.kJkDg2/WiFi/Entity_2026-08-08_04:07:10.745_Fault.csv.tgz, Added to Candidate logs
/private/var/mobile/Library/Logs/CrashReporter/DiagnosticLogs/sysdiagnose/IN_PROGRESS_sysdiagnose_2026.08.08_04-06-43+0300_iPhone-OS_iPhone_24A5390f.tmp/WiFi_sysdiagnose_temp.kJkDg2/WiFi/com.apple.wifi.syncable-networks.plist, Added to Candidate logs
/private/var/mobile/Library/Logs/CrashReporter/DiagnosticLogs/sysdiagnose/IN_PROGRESS_sysdiagnose_2026.08.08_04-06-43+0300_iPhone-OS_iPhone_24A5390f.tmp/WiFi_sysdiagnose_temp.kJkDg2/WiFi/Entity_2026-08-08_04:07:10.745_DiagnosticState.csv.tgz, Added to Candidate logs
/private/var/mobile/Library/Logs/CrashReporter/DiagnosticLogs/sysdiagnose/IN_PROGRESS_sysdiagnose_2026.08.08_04-06-43+0300_iPhone-OS_iPhone_24A5390f.tmp/WiFi_sysdiagnose_temp.kJkDg2/WiFi/Entity_2026-08-08_04:07:10.745_MetricEntry.csv.tgz, Added to Candidate logs
/private/var/mobile/Library/Logs/CrashReporter/DiagnosticLogs/sysdiagnose/IN_PROGRESS_sysdiagnose_2026.08.08_04-06-43+0300_iPhone-OS_iPhone_24A5390f.tmp/WiFi_sysdiagnose_temp.kJkDg2/WiFi/leaky_ap_stats.txt, Added to Candidate logs
/private/var/mobile/Library/Logs/CrashReporter/DiagnosticLogs/sysdiagnose/IN_PROGRESS_sysdiagnose_2026.08.08_04-06-43+0300_iPhone-OS_iPhone_24A5390f.tmp/WiFi_sysdiagnose_temp.kJkDg2/WiFi/Entity_2026-08-08_04:07:10.745_BSS.csv.tgz, Added to Candidate logs
/private/var/mobile/Library/Logs/CrashReporter/DiagnosticLogs/sysdiagnose/IN_PROGRESS_sysdiagnose_2026.08.08_04-06-43+0300_iPhone-OS_iPhone_24A5390f.tmp/WiFi_sysdiagnose_temp.kJkDg2/WiFi/AnalyticsStoreDump_2026-08-08_04:07:10.672.txt.tgz, Added to Candidate logs
/private/var/mobile/Library/Logs/CrashReporter/DiagnosticLogs/sysdiagnose/IN_PROGRESS_sysdiagnose_2026.08.08_04-06-43+0300_iPhone-OS_iPhone_24A5390f.tmp/WiFi_sysdiagnose_temp.kJkDg2/WiFi/com.apple.wifi.known-networks.plist, Added to Candidate logs
/private/var/mobile/Library/Logs/CrashReporter/DiagnosticLogs/sysdiagnose/IN_PROGRESS_sysdiagnose_2026.08.08_04-06-43+0300_iPhone-OS_iPhone_24A5390f.tmp/WiFi_sysdiagnose_temp.kJkDg2/WiFi/com.apple.wifi.plist, Added to Candidate logs
/private/var/mobile/Library/Logs/CrashReporter/DiagnosticLogs/sysdiagnose/IN_PROGRESS_sysdiagnose_2026.08.08_04-06-43+0300_iPhone-OS_iPhone_24A5390f.tmp/WiFi_sysdiagnose_temp.kJkDg2/WiFi/com.apple.wifi.syncable-networks.legacy.plist, Added to Candidate logs
/private/var/mobile/Library/Logs/CrashReporter/DiagnosticLogs/sysdiagnose/IN_PROGRESS_sysdiagnose_2026.08.08_04-06-43+0300_iPhone-OS_iPhone_24A5390f.tmp/WiFi_sysdiagnose_temp.kJkDg2/WiFi/Entity_2026-08-08_04:07:10.745_Network.csv.tgz, Added to Candidate logs
/private/var/mobile/Library/Logs/CrashReporter/DiagnosticLogs/sysdiagnose/IN_PROGRESS_sysdiagnose_2026.08.08_04-06-43+0300_iPhone-OS_iPhone_24A5390f.tmp/WiFi_sysdiagnose_temp.kJkDg2/WiFi/3bars.txt, Added to Candidate logs
/private/var/mobile/Library/Logs/CrashReporter/DiagnosticLogs/sysdiagnose/IN_PROGRESS_sysdiagnose_2026.08.08_04-06-43+0300_iPhone-OS_iPhone_24A5390f.tmp/WiFi_sysdiagnose_temp.kJkDg2/WiFi/debug-log.txt, Added to Candidate logs
/private/var/mobile/Library/Logs/CrashReporter/DiagnosticLogs/sysdiagnose/IN_PROGRESS_sysdiagnose_2026.08.08_04-06-43+0300_iPhone-OS_iPhone_24A5390f.tmp/WiFi_sysdiagnose_temp.kJkDg2/WiFi/LEGACY_com.apple.wifi-networks.plist, Added to Candidate logs
/private/var/mobile/Library/Logs/CrashReporter/DiagnosticLogs/sysdiagnose/IN_PROGRESS_sysdiagnose_2026.08.08_04-06-43+0300_iPhone-OS_iPhone_24A5390f.tmp/WiFi_sysdiagnose_temp.kJkDg2/WiFi/diagnostics-connectivity.txt, Added to Candidate logs
/private/var/mobile/Library/Logs/CrashReporter/DiagnosticLogs/sysdiagnose/IN_PROGRESS_sysdiagnose_2026.08.08_04-06-43+0300_iPhone-OS_iPhone_24A5390f.tmp/WiFi_sysdiagnose_temp.kJkDg2/WiFi/airplane-wifi-logs.tgz, Added to Candidate logs
/private/var/mobile/Library/Logs/CrashReporter/DiagnosticLogs/sysdiagnose/IN_PROGRESS_sysdiagnose_2026.08.08_04-06-43+0300_iPhone-OS_iPhone_24A5390f.tmp/WiFi_sysdiagnose_temp.kJkDg2/WiFi/Entity_2026-08-08_04:07:10.745_Policies.csv.tgz, Added to Candidate logs
/private/var/mobile/Library/Logs/CrashReporter/DiagnosticLogs/sysdiagnose/IN_PROGRESS_sysdiagnose_2026.08.08_04-06-43+0300_iPhone-OS_iPhone_24A5390f.tmp/WiFi_sysdiagnose_temp.kJkDg2/WiFi/Entity_2026-08-08_04:07:10.745_PoliciesRoaming.csv.tgz, Added to Candidate logs
/private/var/mobile/Library/Logs/CrashReporter/DiagnosticLogs/sysdiagnose/IN_PROGRESS_sysdiagnose_2026.08.08_04-06-43+0300_iPhone-OS_iPhone_24A5390f.tmp/WiFi_sysdiagnose_temp.kJkDg2/WiFi/wifi_logarchive.log, Added to Candidate logs
/private/var/mobile/Library/Logs/CrashReporter/DiagnosticLogs/sysdiagnose/IN_PROGRESS_sysdiagnose_2026.08.08_04-06-43+0300_iPhone-OS_iPhone_24A5390f.tmp/WiFi_sysdiagnose_temp.kJkDg2/WiFi/Entity_2026-08-08_04:07:10.745_WiFiStat.csv.tgz, Added to Candidate logs
/private/var/mobile/Library/Logs/CrashReporter/DiagnosticLogs/sysdiagnose/IN_PROGRESS_sysdiagnose_2026.08.08_04-06-43+0300_iPhone-OS_iPhone_24A5390f.tmp/WiFi_sysdiagnose_temp.kJkDg2/WiFi/Entity_2026-08-08_04:07:10.745_PoliciesUsage.csv.tgz, Added to Candidate logs
/private/var/mobile/Library/Logs/CrashReporter/DiagnosticLogs/sysdiagnose/IN_PROGRESS_sysdiagnose_2026.08.08_04-06-43+0300_iPhone-OS_iPhone_24A5390f.tmp/WiFi_sysdiagnose_temp.kJkDg2/WiFi/wifimanager.log.tgz, Added to Candidate logs
/private/var/mobile/Library/Logs/CrashReporter/DiagnosticLogs/sysdiagnose/IN_PROGRESS_sysdiagnose_2026.08.08_04-06-43+0300_iPhone-OS_iPhone_24A5390f.tmp/WiFi_sysdiagnose_temp.kJkDg2/WiFi/Entity_2026-08-08_04:07:10.745_UsageMonthly.csv.tgz, Added to Candidate logs
/private/var/mobile/Library/Logs/CrashReporter/DiagnosticLogs/sysdiagnose/IN_PROGRESS_sysdiagnose_2026.08.08_04-06-43+0300_iPhone-OS_iPhone_24A5390f.tmp/WiFi_sysdiagnose_temp.kJkDg2/WiFi/Entity_2026-08-08_04:07:10.745_PoliciesPruning.csv.tgz, Added to Candidate logs
/private/var/mobile/Library/Logs/CrashReporter/DiagnosticLogs/sysdiagnose/IN_PROGRESS_sysdiagnose_2026.08.08_04-06-43+0300_iPhone-OS_iPhone_24A5390f.tmp/WiFi_sysdiagnose_temp.kJkDg2/WiFi/Entity_2026-08-08_04:07:10.745_UsageWeekly.csv.tgz, Added to Candidate logs
/private/var/mobile/Library/Logs/CrashReporter/DiagnosticLogs/sysdiagnose/IN_PROGRESS_sysdiagnose_2026.08.08_04-06-43+0300_iPhone-OS_iPhone_24A5390f.tmp/WiFi_sysdiagnose_temp.kJkDg2/WiFi/wifi_scan.txt, Added to Candidate logs
/private/var/mobile/Library/Logs/CrashReporter/DiagnosticLogs/sysdiagnose/IN_PROGRESS_sysdiagnose_2026.08.08_04-06-43+0300_iPhone-OS_iPhone_24A5390f.tmp/WiFi_sysdiagnose_temp.kJkDg2/WiFi/Entity_2026-08-08_04:07:10.745_Join.csv.tgz, Added to Candidate logs
/private/var/mobile/Library/Logs/CrashReporter/DiagnosticLogs/sysdiagnose/IN_PROGRESS_sysdiagnose_2026.08.08_04-06-43+0300_iPhone-OS_iPhone_24A5390f.tmp/WiFi_sysdiagnose_temp.kJkDg2/WiFi/diagnostics-environment.txt, Added to Candidate logs
/private/var/mobile/Library/Logs/CrashReporter/DiagnosticLogs/sysdiagnose/IN_PROGRESS_sysdiagnose_2026.08.08_04-06-43+0300_iPhone-OS_iPhone_24A5390f.tmp/WiFi_sysdiagnose_temp.kJkDg2/WiFi/Entity_2026-08-08_04:07:10.745_Event.csv.tgz, Added to Candidate logs
/private/var/mobile/Library/Logs/CrashReporter/DiagnosticLogs/sysdiagnose/IN_PROGRESS_sysdiagnose_2026.08.08_04-06-43+0300_iPhone-OS_iPhone_24A5390f.tmp/WiFi_sysdiagnose_temp.kJkDg2/WiFi/com.apple.wifi.recent-networks.json, Added to Candidate logs
/private/var/mobile/Library/Logs/CrashReporter/DiagnosticLogs/sysdiagnose/IN_PROGRESS_sysdiagnose_2026.08.08_04-06-43+0300_iPhone-OS_iPhone_24A5390f.tmp/WiFi_sysdiagnose_temp.kJkDg2/WiFi/wifi_datapath-PRE.txt, Added to Candidate logs
/private/var/mobile/Library/Logs/CrashReporter/DiagnosticLogs/sysdiagnose/IN_PROGRESS_sysdiagnose_2026.08.08_04-06-43+0300_iPhone-OS_iPhone_24A5390f.tmp/WiFi_sysdiagnose_temp.kJkDg2/WiFi/Entity_2026-08-08_04:07:10.745_Roam.csv.tgz, Added to Candidate logs
/private/var/mobile/Library/Logs/CrashReporter/DiagnosticLogs/sysdiagnose/IN_PROGRESS_sysdiagnose_2026.08.08_04-06-43+0300_iPhone-OS_iPhone_24A5390f.tmp/WiFi_sysdiagnose_temp.kJkDg2/WiFi/mobilewifitool.txt, Added to Candidate logs
/private/var/mobile/Library/Logs/CrashReporter/DiagnosticLogs/sysdiagnose/IN_PROGRESS_sysdiagnose_2026.08.08_04-06-43+0300_iPhone-OS_iPhone_24A5390f.tmp/WiFi_sysdiagnose_temp.kJkDg2/WiFi/arp.txt, Added to Candidate logs
/private/var/mobile/Library/Logs/CrashReporter/DiagnosticLogs/sysdiagnose/IN_PROGRESS_sysdiagnose_2026.08.08_04-06-43+0300_iPhone-OS_iPhone_24A5390f.tmp/WiFi_sysdiagnose_temp.kJkDg2/WiFi/Entity_2026-08-08_04:07:10.745_PoliciesNetworkTraits.csv.tgz, Added to Candidate logs
/private/var/mobile/Library/Logs/CrashReporter/DiagnosticLogs/sysdiagnose/IN_PROGRESS_sysdiagnose_2026.08.08_04-06-43+0300_iPhone-OS_iPhone_24A5390f.tmp/WiFi_sysdiagnose_temp.kJkDg2/WiFi/bluetooth_status.txt, Added to Candidate logs
/private/var/mobile/Library/Logs/CrashReporter/DiagnosticLogs/sysdiagnose/IN_PROGRESS_sysdiagnose_2026.08.08_04-06-43+0300_iPhone-OS_iPhone_24A5390f.tmp/WiFi_sysdiagnose_temp.kJkDg2/WiFi/Entity_2026-08-08_04:07:10.745_Leave.csv.tgz, Added to Candidate logs
/private/var/mobile/Library/Logs/CrashReporter/DiagnosticLogs/sysdiagnose/IN_PROGRESS_sysdiagnose_2026.08.08_04-06-43+0300_iPhone-OS_iPhone_24A5390f.tmp/WiFi_sysdiagnose_temp.kJkDg2/WiFi/wifi_datapath-POST.txt, Added to Candidate logs
/private/var/mobile/Library/Logs/CrashReporter/DiagnosticLogs/sysdiagnose/IN_PROGRESS_sysdiagnose_2026.08.08_04-06-43+0300_iPhone-OS_iPhone_24A5390f.tmp/WiFi_sysdiagnose_temp.kJkDg2/WiFi/com.apple.wifi-private-mac-networks.plist, Added to Candidate logs
/private/var/mobile/Library/Logs/CrashReporter/DiagnosticLogs/sysdiagnose/IN_PROGRESS_sysdiagnose_2026.08.08_04-06-43+0300_iPhone-OS_iPhone_24A5390f.tmp/WiFi_sysdiagnose_temp.kJkDg2/WiFi/Entity_2026-08-08_04:07:10.745_LinkTest.csv.tgz, Added to Candidate logs
/private/var/mobile/Library/Logs/CrashReporter/DiagnosticLogs/sysdiagnose/IN_PROGRESS_sysdiagnose_2026.08.08_04-06-43+0300_iPhone-OS_iPhone_24A5390f.tmp/WiFi_sysdiagnose_temp.kJkDg2/WiFi/diagnostics-configuration.txt, Added to Candidate logs
/private/var/mobile/Library/Logs/CrashReporter/DiagnosticLogs/sysdiagnose/IN_PROGRESS_sysdiagnose_2026.08.08_04-06-43+0300_iPhone-OS_iPhone_24A5390f.tmp/WiFi_sysdiagnose_temp.kJkDg2/WiFi/ifconfig.txt, Added to Candidate logs
/private/var/mobile/Library/Logs/CrashReporter/DiagnosticLogs/sysdiagnose/IN_PROGRESS_sysdiagnose_2026.08.08_04-06-43+0300_iPhone-OS_iPhone_24A5390f.tmp/WiFi_sysdiagnose_temp.kJkDg2/WiFi/netstat-PRE.txt, Added to Candidate logs
/private/var/mobile/Library/Logs/CrashReporter/DiagnosticLogs/sysdiagnose/IN_PROGRESS_sysdiagnose_2026.08.08_04-06-43+0300_iPhone-OS_iPhone_24A5390f.tmp/WiFi_sysdiagnose_temp.kJkDg2/WiFi/awdl_status.txt, Added to Candidate logs
/private/var/mobile/Library/Logs/CrashReporter/DiagnosticLogs/sysdiagnose/IN_PROGRESS_sysdiagnose_2026.08.08_04-06-43+0300_iPhone-OS_iPhone_24A5390f.tmp/WiFi_sysdiagnose_temp.kJkDg2/WiFi/wifi_scan_cache.txt, Added to Candidate logs
/private/var/mobile/Library/Logs/CrashReporter/DiagnosticLogs/sysdiagnose/IN_PROGRESS_sysdiagnose_2026.08.08_04-06-43+0300_iPhone-OS_iPhone_24A5390f.tmp/WiFi_sysdiagnose_temp.kJkDg2/WiFi/Entity_2026-08-08_04:07:10.745_LAN.csv.tgz, Added to Candidate logs
/private/var/mobile/Library/Logs/CrashReporter/DiagnosticLogs/sysdiagnose/IN_PROGRESS_sysdiagnose_2026.08.08_04-06-43+0300_iPhone-OS_iPhone_24A5390f.tmp/WiFi_sysdiagnose_temp.kJkDg2/WiFi/Entity_2026-08-08_04:07:10.745_Recovery.csv.tgz, Added to Candidate logs
/private/var/mobile/Library/Logs/CrashReporter/DiagnosticLogs/sysdiagnose/IN_PROGRESS_sysdiagnose_2026.08.08_04-06-43+0300_iPhone-OS_iPhone_24A5390f.tmp/WiFi_sysdiagnose_temp.kJkDg2/WiFi/netstat-POST.txt, Added to Candidate logs
/private/var/mobile/Library/Logs/CrashReporter/DiagnosticLogs/sysdiagnose/IN_PROGRESS_sysdiagnose_2026.08.08_04-06-43+0300_iPhone-OS_iPhone_24A5390f.tmp/WiFi_sysdiagnose_temp.kJkDg2/WiFi/CoreCapture-Filtered/WiFi/[2026-08-08_02,55,15.512246]=WiFiDebug~sysdiag~PRE[2A20F].tgz, Added to Candidate logs
/private/var/mobile/Library/Logs/CrashReporter/DiagnosticLogs/sysdiagnose/IN_PROGRESS_sysdiagnose_2026.08.08_04-06-43+0300_iPhone-OS_iPhone_24A5390f.tmp/WiFi_sysdiagnose_temp.kJkDg2/WiFi/CoreCapture-Filtered/WiFi/[2026-08-08_02,56,58.756874]=WiFiDebug~sysdiag~PRE[A95AA].tgz, Added to Candidate logs
/private/var/mobile/Library/Logs/CrashReporter/DiagnosticLogs/sysdiagnose/IN_PROGRESS_sysdiagnose_2026.08.08_04-06-43+0300_iPhone-OS_iPhone_24A5390f.tmp/WiFi_sysdiagnose_temp.kJkDg2/WiFi/CoreCapture-Filtered/WiFi/[2026-08-08_02,57,01.953182]=WiFiDebug~sysdiag~POST[A95AA].tgz, Added to Candidate logs
/private/var/mobile/Library/Logs/CrashReporter/DiagnosticLogs/sysdiagnose/IN_PROGRESS_sysdiagnose_2026.08.08_04-06-43+0300_iPhone-OS_iPhone_24A5390f.tmp/WiFi_sysdiagnose_temp.kJkDg2/WiFi/CoreCapture-Filtered/WiFi/[2026-08-08_04,07,07.223619]=WiFiDebug~sysdiag~PRE[3A55A].tgz, Added to Candidate logs
/private/var/mobile/Library/Logs/CrashReporter/DiagnosticLogs/sysdiagnose/IN_PROGRESS_sysdiagnose_2026.08.08_04-06-43+0300_iPhone-OS_iPhone_24A5390f.tmp/WiFi_sysdiagnose_temp.kJkDg2/WiFi/CoreCapture-Filtered/WiFi/[2026-08-08_04,07,09.907207]=WiFiDebug~sysdiag~POST[3A55A].tgz, Added to Candidate logs
/private/var/mobile/Library/Logs/CrashReporter/DiagnosticLogs/sysdiagnose/IN_PROGRESS_sysdiagnose_2026.08.08_04-06-43+0300_iPhone-OS_iPhone_24A5390f.tmp/WiFi_sysdiagnose_temp.kJkDg2/WiFi/CoreCapture-Filtered/WiFi/[2026-08-08_02,55,18.617454]=WiFiDebug~sysdiag~POST[2A20F].tgz, Added to Candidate logs


ENFORCING SIZE LIMIT OF 10 MB ON FILTERED CANDIDATES:

/private/var/mobile/Library/Logs/CrashReporter/DiagnosticLogs/sysdiagnose/IN_PROGRESS_sysdiagnose_2026.08.08_04-06-43+0300_iPhone-OS_iPhone_24A5390f.tmp/WiFi_sysdiagnose_temp.kJkDg2/WiFi/debug-log.txt, Added (6734 bytes)
/private/var/mobile/Library/Logs/CrashReporter/DiagnosticLogs/sysdiagnose/IN_PROGRESS_sysdiagnose_2026.08.08_04-06-43+0300_iPhone-OS_iPhone_24A5390f.tmp/WiFi_sysdiagnose_temp.kJkDg2/WiFi/CoreCapture-Filtered/WiFi/[2026-08-08_04,07,09.907207]=WiFiDebug~sysdiag~POST[3A55A].tgz, Added (74563 bytes)
/private/var/mobile/Library/Logs/CrashReporter/DiagnosticLogs/sysdiagnose/IN_PROGRESS_sysdiagnose_2026.08.08_04-06-43+0300_iPhone-OS_iPhone_24A5390f.tmp/WiFi_sysdiagnose_temp.kJkDg2/WiFi/CoreCapture-Filtered/WiFi/[2026-08-08_04,07,07.223619]=WiFiDebug~sysdiag~PRE[3A55A].tgz, Added (127602 bytes)
/private/var/mobile/Library/Logs/CrashReporter/DiagnosticLogs/sysdiagnose/IN_PROGRESS_sysdiagnose_2026.08.08_04-06-43+0300_iPhone-OS_iPhone_24A5390f.tmp/WiFi_sysdiagnose_temp.kJkDg2/WiFi/wifi_datapath-POST.txt, Added (22913 bytes)
/private/var/mobile/Library/Logs/CrashReporter/DiagnosticLogs/sysdiagnose/IN_PROGRESS_sysdiagnose_2026.08.08_04-06-43+0300_iPhone-OS_iPhone_24A5390f.tmp/WiFi_sysdiagnose_temp.kJkDg2/WiFi/wifi_datapath-PRE.txt, Added (22913 bytes)
/private/var/mobile/Library/Logs/CrashReporter/DiagnosticLogs/sysdiagnose/IN_PROGRESS_sysdiagnose_2026.08.08_04-06-43+0300_iPhone-OS_iPhone_24A5390f.tmp/WiFi_sysdiagnose_temp.kJkDg2/WiFi/Entity_2026-08-08_04:07:10.745_WiFiStat.csv.tgz, Added (2216 bytes)
/private/var/mobile/Library/Logs/CrashReporter/DiagnosticLogs/sysdiagnose/IN_PROGRESS_sysdiagnose_2026.08.08_04-06-43+0300_iPhone-OS_iPhone_24A5390f.tmp/WiFi_sysdiagnose_temp.kJkDg2/WiFi/Entity_2026-08-08_04:07:10.745_UsageWeekly.csv.tgz, Added (798 bytes)
/private/var/mobile/Library/Logs/CrashReporter/DiagnosticLogs/sysdiagnose/IN_PROGRESS_sysdiagnose_2026.08.08_04-06-43+0300_iPhone-OS_iPhone_24A5390f.tmp/WiFi_sysdiagnose_temp.kJkDg2/WiFi/Entity_2026-08-08_04:07:10.745_UsageMonthly.csv.tgz, Added (789 bytes)
/private/var/mobile/Library/Logs/CrashReporter/DiagnosticLogs/sysdiagnose/IN_PROGRESS_sysdiagnose_2026.08.08_04-06-43+0300_iPhone-OS_iPhone_24A5390f.tmp/WiFi_sysdiagnose_temp.kJkDg2/WiFi/Entity_2026-08-08_04:07:10.745_Scan.csv.tgz, Added (348 bytes)
/private/var/mobile/Library/Logs/CrashReporter/DiagnosticLogs/sysdiagnose/IN_PROGRESS_sysdiagnose_2026.08.08_04-06-43+0300_iPhone-OS_iPhone_24A5390f.tmp/WiFi_sysdiagnose_temp.kJkDg2/WiFi/Entity_2026-08-08_04:07:10.745_Roam.csv.tgz, Added (541 bytes)
/private/var/mobile/Library/Logs/CrashReporter/DiagnosticLogs/sysdiagnose/IN_PROGRESS_sysdiagnose_2026.08.08_04-06-43+0300_iPhone-OS_iPhone_24A5390f.tmp/WiFi_sysdiagnose_temp.kJkDg2/WiFi/Entity_2026-08-08_04:07:10.745_Recovery.csv.tgz, Added (254 bytes)
/private/var/mobile/Library/Logs/CrashReporter/DiagnosticLogs/sysdiagnose/IN_PROGRESS_sysdiagnose_2026.08.08_04-06-43+0300_iPhone-OS_iPhone_24A5390f.tmp/WiFi_sysdiagnose_temp.kJkDg2/WiFi/Entity_2026-08-08_04:07:10.745_PoliciesUsage.csv.tgz, Added (413 bytes)
/private/var/mobile/Library/Logs/CrashReporter/DiagnosticLogs/sysdiagnose/IN_PROGRESS_sysdiagnose_2026.08.08_04-06-43+0300_iPhone-OS_iPhone_24A5390f.tmp/WiFi_sysdiagnose_temp.kJkDg2/WiFi/Entity_2026-08-08_04:07:10.745_PoliciesRoaming.csv.tgz, Added (265 bytes)
/private/var/mobile/Library/Logs/CrashReporter/DiagnosticLogs/sysdiagnose/IN_PROGRESS_sysdiagnose_2026.08.08_04-06-43+0300_iPhone-OS_iPhone_24A5390f.tmp/WiFi_sysdiagnose_temp.kJkDg2/WiFi/Entity_2026-08-08_04:07:10.745_PoliciesPruning.csv.tgz, Added (417 bytes)
/private/var/mobile/Library/Logs/CrashReporter/DiagnosticLogs/sysdiagnose/IN_PROGRESS_sysdiagnose_2026.08.08_04-06-43+0300_iPhone-OS_iPhone_24A5390f.tmp/WiFi_sysdiagnose_temp.kJkDg2/WiFi/Entity_2026-08-08_04:07:10.745_PoliciesNetworkTraits.csv.tgz, Added (416 bytes)
/private/var/mobile/Library/Logs/CrashReporter/DiagnosticLogs/sysdiagnose/IN_PROGRESS_sysdiagnose_2026.08.08_04-06-43+0300_iPhone-OS_iPhone_24A5390f.tmp/WiFi_sysdiagnose_temp.kJkDg2/WiFi/Entity_2026-08-08_04:07:10.745_PoliciesNetworkDeploymentMetric.csv.tgz, Added (276 bytes)
/private/var/mobile/Library/Logs/CrashReporter/DiagnosticLogs/sysdiagnose/IN_PROGRESS_sysdiagnose_2026.08.08_04-06-43+0300_iPhone-OS_iPhone_24A5390f.tmp/WiFi_sysdiagnose_temp.kJkDg2/WiFi/Entity_2026-08-08_04:07:10.745_Policies.csv.tgz, Added (850 bytes)
/private/var/mobile/Library/Logs/CrashReporter/DiagnosticLogs/sysdiagnose/IN_PROGRESS_sysdiagnose_2026.08.08_04-06-43+0300_iPhone-OS_iPhone_24A5390f.tmp/WiFi_sysdiagnose_temp.kJkDg2/WiFi/Entity_2026-08-08_04:07:10.745_Network.csv.tgz, Added (631 bytes)
/private/var/mobile/Library/Logs/CrashReporter/DiagnosticLogs/sysdiagnose/IN_PROGRESS_sysdiagnose_2026.08.08_04-06-43+0300_iPhone-OS_iPhone_24A5390f.tmp/WiFi_sysdiagnose_temp.kJkDg2/WiFi/Entity_2026-08-08_04:07:10.745_MetricEntry.csv.tgz, Added (235 bytes)
/private/var/mobile/Library/Logs/CrashReporter/DiagnosticLogs/sysdiagnose/IN_PROGRESS_sysdiagnose_2026.08.08_04-06-43+0300_iPhone-OS_iPhone_24A5390f.tmp/WiFi_sysdiagnose_temp.kJkDg2/WiFi/Entity_2026-08-08_04:07:10.745_LinkTest.csv.tgz, Added (844 bytes)
/private/var/mobile/Library/Logs/CrashReporter/DiagnosticLogs/sysdiagnose/IN_PROGRESS_sysdiagnose_2026.08.08_04-06-43+0300_iPhone-OS_iPhone_24A5390f.tmp/WiFi_sysdiagnose_temp.kJkDg2/WiFi/Entity_2026-08-08_04:07:10.745_Leave.csv.tgz, Added (331 bytes)
/private/var/mobile/Library/Logs/CrashReporter/DiagnosticLogs/sysdiagnose/IN_PROGRESS_sysdiagnose_2026.08.08_04-06-43+0300_iPhone-OS_iPhone_24A5390f.tmp/WiFi_sysdiagnose_temp.kJkDg2/WiFi/Entity_2026-08-08_04:07:10.745_LAN.csv.tgz, Added (441 bytes)
/private/var/mobile/Library/Logs/CrashReporter/DiagnosticLogs/sysdiagnose/IN_PROGRESS_sysdiagnose_2026.08.08_04-06-43+0300_iPhone-OS_iPhone_24A5390f.tmp/WiFi_sysdiagnose_temp.kJkDg2/WiFi/Entity_2026-08-08_04:07:10.745_Join.csv.tgz, Added (1089 bytes)
/private/var/mobile/Library/Logs/CrashReporter/DiagnosticLogs/sysdiagnose/IN_PROGRESS_sysdiagnose_2026.08.08_04-06-43+0300_iPhone-OS_iPhone_24A5390f.tmp/WiFi_sysdiagnose_temp.kJkDg2/WiFi/Entity_2026-08-08_04:07:10.745_Fault.csv.tgz, Added (499 bytes)
/private/var/mobile/Library/Logs/CrashReporter/DiagnosticLogs/sysdiagnose/IN_PROGRESS_sysdiagnose_2026.08.08_04-06-43+0300_iPhone-OS_iPhone_24A5390f.tmp/WiFi_sysdiagnose_temp.kJkDg2/WiFi/Entity_2026-08-08_04:07:10.745_Event.csv.tgz, Added (2221 bytes)
/private/var/mobile/Library/Logs/CrashReporter/DiagnosticLogs/sysdiagnose/IN_PROGRESS_sysdiagnose_2026.08.08_04-06-43+0300_iPhone-OS_iPhone_24A5390f.tmp/WiFi_sysdiagnose_temp.kJkDg2/WiFi/Entity_2026-08-08_04:07:10.745_DiagnosticState.csv.tgz, Added (336 bytes)
/private/var/mobile/Library/Logs/CrashReporter/DiagnosticLogs/sysdiagnose/IN_PROGRESS_sysdiagnose_2026.08.08_04-06-43+0300_iPhone-OS_iPhone_24A5390f.tmp/WiFi_sysdiagnose_temp.kJkDg2/WiFi/Entity_2026-08-08_04:07:10.745_BSS.csv.tgz, Added (725 bytes)
/private/var/mobile/Library/Logs/CrashReporter/DiagnosticLogs/sysdiagnose/IN_PROGRESS_sysdiagnose_2026.08.08_04-06-43+0300_iPhone-OS_iPhone_24A5390f.tmp/WiFi_sysdiagnose_temp.kJkDg2/WiFi/AnalyticsStoreDump_2026-08-08_04:07:10.672.txt.tgz, Added (3956 bytes)
/private/var/mobile/Library/Logs/CrashReporter/DiagnosticLogs/sysdiagnose/IN_PROGRESS_sysdiagnose_2026.08.08_04-06-43+0300_iPhone-OS_iPhone_24A5390f.tmp/WiFi_sysdiagnose_temp.kJkDg2/WiFi/diagnostics-environment.txt, Added (2852 bytes)
/private/var/mobile/Library/Logs/CrashReporter/DiagnosticLogs/sysdiagnose/IN_PROGRESS_sysdiagnose_2026.08.08_04-06-43+0300_iPhone-OS_iPhone_24A5390f.tmp/WiFi_sysdiagnose_temp.kJkDg2/WiFi/wifi_scan_cache.txt, Added (3484 bytes)
/private/var/mobile/Library/Logs/CrashReporter/DiagnosticLogs/sysdiagnose/IN_PROGRESS_sysdiagnose_2026.08.08_04-06-43+0300_iPhone-OS_iPhone_24A5390f.tmp/WiFi_sysdiagnose_temp.kJkDg2/WiFi/3bars.txt, Added (282 bytes)
/private/var/mobile/Library/Logs/CrashReporter/DiagnosticLogs/sysdiagnose/IN_PROGRESS_sysdiagnose_2026.08.08_04-06-43+0300_iPhone-OS_iPhone_24A5390f.tmp/WiFi_sysdiagnose_temp.kJkDg2/WiFi/wifi_scan.txt, Added (3229 bytes)
/private/var/mobile/Library/Logs/CrashReporter/DiagnosticLogs/sysdiagnose/IN_PROGRESS_sysdiagnose_2026.08.08_04-06-43+0300_iPhone-OS_iPhone_24A5390f.tmp/WiFi_sysdiagnose_temp.kJkDg2/WiFi/airplane-wifi-logs.tgz, Added (749 bytes)
/private/var/mobile/Library/Logs/CrashReporter/DiagnosticLogs/sysdiagnose/IN_PROGRESS_sysdiagnose_2026.08.08_04-06-43+0300_iPhone-OS_iPhone_24A5390f.tmp/WiFi_sysdiagnose_temp.kJkDg2/WiFi/wifi_logarchive.log, Added (0 bytes)
/private/var/mobile/Library/Logs/CrashReporter/DiagnosticLogs/sysdiagnose/IN_PROGRESS_sysdiagnose_2026.08.08_04-06-43+0300_iPhone-OS_iPhone_24A5390f.tmp/WiFi_sysdiagnose_temp.kJkDg2/WiFi/wifimanager.log.tgz, Added (530372 bytes)
/private/var/mobile/Library/Logs/CrashReporter/DiagnosticLogs/sysdiagnose/IN_PROGRESS_sysdiagnose_2026.08.08_04-06-43+0300_iPhone-OS_iPhone_24A5390f.tmp/WiFi_sysdiagnose_temp.kJkDg2/WiFi/netstat-POST.txt, Added (59691 bytes)
/private/var/mobile/Library/Logs/CrashReporter/DiagnosticLogs/sysdiagnose/IN_PROGRESS_sysdiagnose_2026.08.08_04-06-43+0300_iPhone-OS_iPhone_24A5390f.tmp/WiFi_sysdiagnose_temp.kJkDg2/WiFi/diagnostics-connectivity.txt, Added (3794 bytes)
/private/var/mobile/Library/Logs/CrashReporter/DiagnosticLogs/sysdiagnose/IN_PROGRESS_sysdiagnose_2026.08.08_04-06-43+0300_iPhone-OS_iPhone_24A5390f.tmp/WiFi_sysdiagnose_temp.kJkDg2/WiFi/netstat-PRE.txt, Added (59239 bytes)
/private/var/mobile/Library/Logs/CrashReporter/DiagnosticLogs/sysdiagnose/IN_PROGRESS_sysdiagnose_2026.08.08_04-06-43+0300_iPhone-OS_iPhone_24A5390f.tmp/WiFi_sysdiagnose_temp.kJkDg2/WiFi/leaky_ap_stats.txt, Added (2435 bytes)
/private/var/mobile/Library/Logs/CrashReporter/DiagnosticLogs/sysdiagnose/IN_PROGRESS_sysdiagnose_2026.08.08_04-06-43+0300_iPhone-OS_iPhone_24A5390f.tmp/WiFi_sysdiagnose_temp.kJkDg2/WiFi/diagnostics-configuration.txt, Added (4233 bytes)
/private/var/mobile/Library/Logs/CrashReporter/DiagnosticLogs/sysdiagnose/IN_PROGRESS_sysdiagnose_2026.08.08_04-06-43+0300_iPhone-OS_iPhone_24A5390f.tmp/WiFi_sysdiagnose_temp.kJkDg2/WiFi/awdl_status.txt, Added (1640 bytes)
/private/var/mobile/Library/Logs/CrashReporter/DiagnosticLogs/sysdiagnose/IN_PROGRESS_sysdiagnose_2026.08.08_04-06-43+0300_iPhone-OS_iPhone_24A5390f.tmp/WiFi_sysdiagnose_temp.kJkDg2/WiFi/wifi_status.txt, Added (1749 bytes)
/private/var/mobile/Library/Logs/CrashReporter/DiagnosticLogs/sysdiagnose/IN_PROGRESS_sysdiagnose_2026.08.08_04-06-43+0300_iPhone-OS_iPhone_24A5390f.tmp/WiFi_sysdiagnose_temp.kJkDg2/WiFi/network_status.txt, Added (457 bytes)
/private/var/mobile/Library/Logs/CrashReporter/DiagnosticLogs/sysdiagnose/IN_PROGRESS_sysdiagnose_2026.08.08_04-06-43+0300_iPhone-OS_iPhone_24A5390f.tmp/WiFi_sysdiagnose_temp.kJkDg2/WiFi/bluetooth_status.txt, Added (973 bytes)
/private/var/mobile/Library/Logs/CrashReporter/DiagnosticLogs/sysdiagnose/IN_PROGRESS_sysdiagnose_2026.08.08_04-06-43+0300_iPhone-OS_iPhone_24A5390f.tmp/WiFi_sysdiagnose_temp.kJkDg2/WiFi/ifconfig.txt, Added (24880 bytes)
/private/var/mobile/Library/Logs/CrashReporter/DiagnosticLogs/sysdiagnose/IN_PROGRESS_sysdiagnose_2026.08.08_04-06-43+0300_iPhone-OS_iPhone_24A5390f.tmp/WiFi_sysdiagnose_temp.kJkDg2/WiFi/CoreCapture-Filtered/WiFi/[2026-08-08_02,55,15.512246]=WiFiDebug~sysdiag~PRE[2A20F].tgz, Added (126407 bytes)
/private/var/mobile/Library/Logs/CrashReporter/DiagnosticLogs/sysdiagnose/IN_PROGRESS_sysdiagnose_2026.08.08_04-06-43+0300_iPhone-OS_iPhone_24A5390f.tmp/WiFi_sysdiagnose_temp.kJkDg2/WiFi/CoreCapture-Filtered/WiFi/[2026-08-08_02,55,18.617454]=WiFiDebug~sysdiag~POST[2A20F].tgz, Added (79268 bytes)
/private/var/mobile/Library/Logs/CrashReporter/DiagnosticLogs/sysdiagnose/IN_PROGRESS_sysdiagnose_2026.08.08_04-06-43+0300_iPhone-OS_iPhone_24A5390f.tmp/WiFi_sysdiagnose_temp.kJkDg2/WiFi/CoreCapture-Filtered/WiFi/[2026-08-08_02,56,58.756874]=WiFiDebug~sysdiag~PRE[A95AA].tgz, Added (119887 bytes)
/private/var/mobile/Library/Logs/CrashReporter/DiagnosticLogs/sysdiagnose/IN_PROGRESS_sysdiagnose_2026.08.08_04-06-43+0300_iPhone-OS_iPhone_24A5390f.tmp/WiFi_sysdiagnose_temp.kJkDg2/WiFi/CoreCapture-Filtered/WiFi/[2026-08-08_02,57,01.953182]=WiFiDebug~sysdiag~POST[A95AA].tgz, Added (101794 bytes)
/private/var/mobile/Library/Logs/CrashReporter/DiagnosticLogs/sysdiagnose/IN_PROGRESS_sysdiagnose_2026.08.08_04-06-43+0300_iPhone-OS_iPhone_24A5390f.tmp/WiFi_sysdiagnose_temp.kJkDg2/WiFi/arp.txt, Added (455 bytes)
/private/var/mobile/Library/Logs/CrashReporter/DiagnosticLogs/sysdiagnose/IN_PROGRESS_sysdiagnose_2026.08.08_04-06-43+0300_iPhone-OS_iPhone_24A5390f.tmp/WiFi_sysdiagnose_temp.kJkDg2/WiFi/com.apple.wifi.syncable-networks.plist, Added (9139 bytes)
/private/var/mobile/Library/Logs/CrashReporter/DiagnosticLogs/sysdiagnose/IN_PROGRESS_sysdiagnose_2026.08.08_04-06-43+0300_iPhone-OS_iPhone_24A5390f.tmp/WiFi_sysdiagnose_temp.kJkDg2/WiFi/com.apple.wifi.syncable-networks.legacy.plist, Added (181 bytes)
/private/var/mobile/Library/Logs/CrashReporter/DiagnosticLogs/sysdiagnose/IN_PROGRESS_sysdiagnose_2026.08.08_04-06-43+0300_iPhone-OS_iPhone_24A5390f.tmp/WiFi_sysdiagnose_temp.kJkDg2/WiFi/com.apple.wifi.recent-networks.json, Added (1807 bytes)
/private/var/mobile/Library/Logs/CrashReporter/DiagnosticLogs/sysdiagnose/IN_PROGRESS_sysdiagnose_2026.08.08_04-06-43+0300_iPhone-OS_iPhone_24A5390f.tmp/WiFi_sysdiagnose_temp.kJkDg2/WiFi/mobilewifitool.txt, Added (570 bytes)
/private/var/mobile/Library/Logs/CrashReporter/DiagnosticLogs/sysdiagnose/IN_PROGRESS_sysdiagnose_2026.08.08_04-06-43+0300_iPhone-OS_iPhone_24A5390f.tmp/WiFi_sysdiagnose_temp.kJkDg2/WiFi/com.apple.wifi.known-networks.plist, Added (2041 bytes)
/private/var/mobile/Library/Logs/CrashReporter/DiagnosticLogs/sysdiagnose/IN_PROGRESS_sysdiagnose_2026.08.08_04-06-43+0300_iPhone-OS_iPhone_24A5390f.tmp/WiFi_sysdiagnose_temp.kJkDg2/WiFi/com.apple.wifi-private-mac-networks.plist, Added (1059 bytes)
/private/var/mobile/Library/Logs/CrashReporter/DiagnosticLogs/sysdiagnose/IN_PROGRESS_sysdiagnose_2026.08.08_04-06-43+0300_iPhone-OS_iPhone_24A5390f.tmp/WiFi_sysdiagnose_temp.kJkDg2/WiFi/com.apple.wifi.plist, Added (3321 bytes)
/private/var/mobile/Library/Logs/CrashReporter/DiagnosticLogs/sysdiagnose/IN_PROGRESS_sysdiagnose_2026.08.08_04-06-43+0300_iPhone-OS_iPhone_24A5390f.tmp/WiFi_sysdiagnose_temp.kJkDg2/WiFi/LEGACY_com.apple.wifi-networks.plist, Added (42 bytes)

** DONE Enforcing size limit **
