08/08/26 02:51:10.388424 pid=91 handle_get_value: gac attempting to get [DeviceColor]
08/08/26 02:51:10.390867 pid=91 handle_get_value: gac attempting to get [DeviceEnclosureColor]
08/08/26 02:51:10.392355 pid=91 handle_get_value: gac attempting to get [DeviceCoverGlassColor]
08/08/26 02:51:10.393175 pid=91 handle_get_value: gac attempting to get [DeviceHousingColor]
08/08/26 02:51:10.393961 pid=91 handle_get_value: gac attempting to get [DeviceBackingColor]
08/08/26 02:51:10.395650 pid=91 _receive_message: Could not receive size of message, expected 4 bytes, got -1 bytes: (54, Connection reset by peer)
08/08/26 02:51:10.412395 pid=91 handle_start_service_with_socket: filemgr attempting to spawn com.apple.crashreportcopymobile service.
08/08/26 02:51:10.414242 pid=91 spawn_xpc_service: service com.apple.crashreportcopymobile started
08/08/26 02:51:10.414607 pid=91 spawn_xpc_service_block_invoke: Received checkin acknowledgement from 'com.apple.crashreportcopymobile'
08/08/26 02:51:10.414640 pid=91 spawn_xpc_service_block_invoke: XPC_ERROR_CONNECTION_INVALID com.apple.crashreportcopymobile
08/08/26 02:51:11.144342 pid=91 handle_get_value: scd attempting to get [com.apple.mobile.internal]:[SysCfgData]
08/08/26 02:51:11.145021 pid=91 mglog: libMobileGestalt MobileGestalt.c:4709: syscfg data appears to be uninitialized
08/08/26 02:51:11.145058 pid=91 special_case_get: MGCopyAnswer(kMGQSysCfg) returned NULL
08/08/26 02:51:11.145081 pid=91 set_response_error: handle_get_value MissingValue
08/08/26 02:51:11.147205 pid=91 _receive_message: Could not receive size of message, expected 4 bytes, got -1 bytes: (54, Connection reset by peer)
08/08/26 02:51:11.174487 pid=91 handle_get_value: qc attempting to get [(null)]
08/08/26 02:51:11.625339 pid=91 handle_start_service_with_socket: checkapps attempting to spawn com.apple.mobile.installation_proxy service.
08/08/26 02:51:11.630134 pid=91 spawn_xpc_service: service com.apple.mobile.installation_proxy started
08/08/26 02:51:11.630856 pid=91 spawn_xpc_service_block_invoke: Received checkin acknowledgement from 'com.apple.mobile.installation_proxy'
08/08/26 02:51:11.630894 pid=91 spawn_xpc_service_block_invoke: XPC_ERROR_CONNECTION_INVALID com.apple.mobile.installation_proxy
08/08/26 02:51:11.632510 pid=91 _receive_message: Could not receive size of message, expected 4 bytes, got -1 bytes: (54, Connection reset by peer)
08/08/26 02:51:11.937047 pid=91 mglog: libMobileGestalt utility.c:338: Could not lookup ProductVersionExtra from dictionary
08/08/26 02:51:11.937214 pid=91 special_case_get: MGCopyAnswer(kMGQSDIOProductInfo) returned NULL
08/08/26 02:51:11.937261 pid=91 special_case_get: MGCopyAnswer(kMGQSDIOManufacturerTuple) returned NULL
08/08/26 02:51:11.940400 pid=91 special_case_get: MGCopyAnswer(kMGQProximitySensorCalibration) returned NULL
08/08/26 02:51:11.940881 pid=91 special_case_get: MGCopyAnswer(kMGQCompassCalibration) returned NULL
08/08/26 02:51:11.940956 pid=91 special_case_get: MGCopyAnswer(kMGQBasebandBoardSnum) returned NULL
08/08/26 02:51:11.943549 pid=91 mglog: libMobileGestalt MGIOKitHelper.m:308: Failed to retrieve data wlan:wifi-module-sn
08/08/26 02:51:12.475475 pid=91 update_bonjour_service_instance_name: Full service name is '2a:8f:a6:2b:23:82@fe80::288f:a6ff:fe2b:2382-supportsRP-26._apple-mobdev2._tcp.local.'.
08/08/26 02:51:12.478296 pid=91 dns_unregister_block_invoke: Unregistered DNS (syncing).
08/08/26 02:51:12.519236 pid=91 dns_register_block_invoke: Registered DNS (syncing): _apple-mobdev2._tcp,915a07ee,8e2907e4,523805af,42480515
08/08/26 02:51:12.742089 pid=91 handle_get_value: bp attempting to get [com.apple.mobile.backup]:[CloudBackupEnabled]
08/08/26 02:51:12.742204 pid=91 special_case_get: key CloudBackupEnabled
08/08/26 02:51:12.744154 pid=91 _receive_message: Could not receive size of message, expected 4 bytes, got -1 bytes: (54, Connection reset by peer)
08/08/26 02:51:12.760463 pid=91 handle_get_value: cic attempting to get [com.apple.mobile.data_sync]:[Contacts]
08/08/26 02:51:12.777386 pid=91 handle_get_value: cic attempting to get [com.apple.mobile.data_sync]:[Notes]
08/08/26 02:51:12.779086 pid=91 _receive_message: Could not receive size of message, expected 4 bytes, got -1 bytes: (54, Connection reset by peer)
08/08/26 02:51:12.791840 pid=91 handle_get_value: cic attempting to get [com.apple.mobile.data_sync]:[Bookmarks]
08/08/26 02:51:12.805112 pid=91 handle_get_value: cic attempting to get [com.apple.mobile.data_sync]:[Calendars]
08/08/26 02:51:12.806696 pid=91 _receive_message: Could not receive size of message, expected 4 bytes, got -1 bytes: (54, Connection reset by peer)
08/08/26 02:51:12.820348 pid=91 _receive_message: Could not receive size of message, expected 4 bytes, got -1 bytes: (54, Connection reset by peer)
08/08/26 02:51:13.238820 pid=91 handle_get_value: battery attempting to get [com.apple.mobile.battery]:[(null)]
08/08/26 02:51:13.365102 pid=91 handle_start_service_with_socket: gii attempting to spawn com.apple.mobile.diagnostics_relay service.
08/08/26 02:51:13.367843 pid=91 spawn_xpc_service: service com.apple.mobile.diagnostics_relay.lockdown started
08/08/26 02:51:13.370352 pid=91 spawn_xpc_service_block_invoke: Received checkin acknowledgement from 'com.apple.mobile.diagnostics_relay.lockdown'
08/08/26 02:51:13.370478 pid=91 spawn_xpc_service_block_invoke: XPC_ERROR_CONNECTION_INVALID com.apple.mobile.diagnostics_relay.lockdown
08/08/26 02:51:14.912205 pid=91 handle_get_value: fmip attempting to get [ActivationState]
08/08/26 02:51:15.315249 pid=91 handle_get_value: fmip attempting to get [com.apple.fmip]:[IsAssociated]
08/08/26 02:51:19.404715 pid=91 handle_get_value: battery attempting to get [com.apple.mobile.battery]:[(null)]
08/08/26 02:51:19.412905 pid=91 _receive_message: Could not receive size of message, expected 4 bytes, got -1 bytes: (54, Connection reset by peer)
08/08/26 02:51:19.437193 pid=91 handle_start_service_with_socket: gii attempting to spawn com.apple.mobile.diagnostics_relay service.
08/08/26 02:51:19.439017 pid=91 spawn_xpc_service: service com.apple.mobile.diagnostics_relay.lockdown started
08/08/26 02:51:19.440972 pid=91 spawn_xpc_service_block_invoke: Received checkin acknowledgement from 'com.apple.mobile.diagnostics_relay.lockdown'
08/08/26 02:51:19.441009 pid=91 spawn_xpc_service_block_invoke: XPC_ERROR_CONNECTION_INVALID com.apple.mobile.diagnostics_relay.lockdown
08/08/26 02:51:24.559899 pid=91 handle_start_service_with_socket: filemgr attempting to spawn com.apple.afc service.
08/08/26 02:51:24.560681 pid=91 spawn_xpc_service: service com.apple.afcd started
08/08/26 02:51:24.562217 pid=91 spawn_xpc_service_block_invoke: Received checkin acknowledgement from 'com.apple.afcd'
08/08/26 02:51:24.562254 pid=91 spawn_xpc_service_block_invoke: XPC_ERROR_CONNECTION_INVALID com.apple.afcd
08/08/26 02:51:24.562388 pid=91 _receive_message: Could not receive size of message, expected 4 bytes, got -1 bytes: (54, Connection reset by peer)
08/08/26 02:51:26.477923 pid=91 handle_get_value: battery attempting to get [com.apple.mobile.battery]:[(null)]
08/08/26 02:51:26.479941 pid=91 _receive_message: Could not receive size of message, expected 4 bytes, got -1 bytes: (54, Connection reset by peer)
08/08/26 02:51:26.488701 pid=91 handle_start_service_with_socket: gii attempting to spawn com.apple.mobile.diagnostics_relay service.
08/08/26 02:51:26.489803 pid=91 spawn_xpc_service: service com.apple.mobile.diagnostics_relay.lockdown started
08/08/26 02:51:26.490205 pid=91 spawn_xpc_service_block_invoke: Received checkin acknowledgement from 'com.apple.mobile.diagnostics_relay.lockdown'
08/08/26 02:51:26.490227 pid=91 spawn_xpc_service_block_invoke: XPC_ERROR_CONNECTION_INVALID com.apple.mobile.diagnostics_relay.lockdown
08/08/26 02:51:26.491232 pid=91 _receive_message: Could not receive size of message, expected 4 bytes, got -1 bytes: (54, Connection reset by peer)
08/08/26 02:51:34.510651 pid=91 handle_get_value: battery attempting to get [com.apple.mobile.battery]:[(null)]
08/08/26 02:51:34.531825 pid=91 handle_start_service_with_socket: gii attempting to spawn com.apple.mobile.diagnostics_relay service.
08/08/26 02:51:34.534194 pid=91 spawn_xpc_service: service com.apple.mobile.diagnostics_relay.lockdown started
08/08/26 02:51:34.534866 pid=91 spawn_xpc_service_block_invoke: Received checkin acknowledgement from 'com.apple.mobile.diagnostics_relay.lockdown'
08/08/26 02:51:34.534898 pid=91 spawn_xpc_service_block_invoke: XPC_ERROR_CONNECTION_INVALID com.apple.mobile.diagnostics_relay.lockdown
08/08/26 02:51:34.536731 pid=91 _receive_message: Could not receive size of message, expected 4 bytes, got -1 bytes: (54, Connection reset by peer)
08/08/26 02:51:35.688868 pid=91 main_block_invoke_2: com.apple.iokit.matching event: com.apple.lockdown.USB3.Device
08/08/26 02:51:35.693509 pid=91 main_block_invoke_2: com.apple.iokit.matching event: com.apple.lockdown.USB2.Device
08/08/26 02:51:43.577228 pid=91 handle_get_value: battery attempting to get [com.apple.mobile.battery]:[(null)]
08/08/26 02:51:43.584769 pid=91 _receive_message: Could not receive size of message, expected 4 bytes, got -1 bytes: (54, Connection reset by peer)
08/08/26 02:51:43.599688 pid=91 handle_start_service_with_socket: gii attempting to spawn com.apple.mobile.diagnostics_relay service.
08/08/26 02:51:43.620766 pid=91 spawn_xpc_service: service com.apple.mobile.diagnostics_relay.lockdown started
08/08/26 02:51:43.622743 pid=91 _receive_message: Could not receive size of message, expected 4 bytes, got -1 bytes: (54, Connection reset by peer)
08/08/26 02:51:43.623230 pid=91 spawn_xpc_service_block_invoke: Received checkin acknowledgement from 'com.apple.mobile.diagnostics_relay.lockdown'
08/08/26 02:51:43.623293 pid=91 spawn_xpc_service_block_invoke: XPC_ERROR_CONNECTION_INVALID com.apple.mobile.diagnostics_relay.lockdown
08/08/26 02:51:43.687335 pid=91 handle_is_host_trusted: Host client com.apple.ptp is trusted.
08/08/26 02:51:53.654318 pid=91 handle_get_value: battery attempting to get [com.apple.mobile.battery]:[(null)]
08/08/26 02:51:53.659122 pid=91 _receive_message: Could not receive size of message, expected 4 bytes, got -1 bytes: (54, Connection reset by peer)
08/08/26 02:51:53.682610 pid=91 handle_start_service_with_socket: gii attempting to spawn com.apple.mobile.diagnostics_relay service.
08/08/26 02:51:53.685544 pid=91 spawn_xpc_service: service com.apple.mobile.diagnostics_relay.lockdown started
08/08/26 02:51:53.686937 pid=91 spawn_xpc_service_block_invoke: Received checkin acknowledgement from 'com.apple.mobile.diagnostics_relay.lockdown'
08/08/26 02:51:53.687015 pid=91 spawn_xpc_service_block_invoke: XPC_ERROR_CONNECTION_INVALID com.apple.mobile.diagnostics_relay.lockdown
08/08/26 02:52:04.713191 pid=91 handle_get_value: battery attempting to get [com.apple.mobile.battery]:[(null)]
08/08/26 02:52:04.730637 pid=91 handle_start_service_with_socket: gii attempting to spawn com.apple.mobile.diagnostics_relay service.
08/08/26 02:52:04.732727 pid=91 spawn_xpc_service: service com.apple.mobile.diagnostics_relay.lockdown started
08/08/26 02:52:04.735421 pid=91 _receive_message: Could not receive size of message, expected 4 bytes, got -1 bytes: (54, Connection reset by peer)
08/08/26 02:52:04.735770 pid=91 spawn_xpc_service_block_invoke: Received checkin acknowledgement from 'com.apple.mobile.diagnostics_relay.lockdown'
08/08/26 02:52:04.735831 pid=91 spawn_xpc_service_block_invoke: XPC_ERROR_CONNECTION_INVALID com.apple.mobile.diagnostics_relay.lockdown
08/08/26 02:52:09.480284 pid=91 calculate_application_usage_block_invoke: Calculating application disk usage.
08/08/26 02:52:16.768859 pid=91 handle_get_value: battery attempting to get [com.apple.mobile.battery]:[(null)]
08/08/26 02:52:16.789044 pid=91 handle_start_service_with_socket: gii attempting to spawn com.apple.mobile.diagnostics_relay service.
08/08/26 02:52:16.792231 pid=91 spawn_xpc_service: service com.apple.mobile.diagnostics_relay.lockdown started
08/08/26 02:52:16.793042 pid=91 spawn_xpc_service_block_invoke: Received checkin acknowledgement from 'com.apple.mobile.diagnostics_relay.lockdown'
08/08/26 02:52:16.793249 pid=91 spawn_xpc_service_block_invoke: XPC_ERROR_CONNECTION_INVALID com.apple.mobile.diagnostics_relay.lockdown
08/08/26 02:52:16.794150 pid=91 _receive_message: Could not receive size of message, expected 4 bytes, got -1 bytes: (54, Connection reset by peer)
08/08/26 02:52:29.831660 pid=91 handle_get_value: battery attempting to get [com.apple.mobile.battery]:[(null)]
08/08/26 02:52:29.848839 pid=91 handle_start_service_with_socket: gii attempting to spawn com.apple.mobile.diagnostics_relay service.
08/08/26 02:52:29.851277 pid=91 spawn_xpc_service: service com.apple.mobile.diagnostics_relay.lockdown started
08/08/26 02:52:29.852525 pid=91 spawn_xpc_service_block_invoke: Received checkin acknowledgement from 'com.apple.mobile.diagnostics_relay.lockdown'
08/08/26 02:52:29.852588 pid=91 spawn_xpc_service_block_invoke: XPC_ERROR_CONNECTION_INVALID com.apple.mobile.diagnostics_relay.lockdown
08/08/26 02:52:37.664323 pid=91 handle_get_value: bp attempting to get [com.apple.mobile.backup]:[CloudBackupEnabled]
08/08/26 02:52:37.664893 pid=91 special_case_get: key CloudBackupEnabled
08/08/26 02:52:37.678302 pid=91 handle_get_value: cic attempting to get [com.apple.mobile.data_sync]:[Contacts]
08/08/26 02:52:37.691368 pid=91 handle_get_value: cic attempting to get [com.apple.mobile.data_sync]:[Notes]
08/08/26 02:52:37.704776 pid=91 handle_get_value: cic attempting to get [com.apple.mobile.data_sync]:[Bookmarks]
08/08/26 02:52:37.706989 pid=91 _receive_message: Could not receive size of message, expected 4 bytes, got -1 bytes: (54, Connection reset by peer)
08/08/26 02:52:37.719086 pid=91 handle_get_value: cic attempting to get [com.apple.mobile.data_sync]:[Calendars]
08/08/26 02:53:39.759970 pid=91 main: Starting Up
08/08/26 02:53:39.820575 pid=91 mglog: libMobileGestalt MobileGestaltCache.c:360: Cache loaded with 6471 pre-cached in CacheData and 83 items in CacheExtra.
08/08/26 02:53:44.917566 pid=91 lockstart_local: Build version: 24A5390f
08/08/26 02:53:44.921057 pid=91 lockstart_local: Data Migration Completed: true
08/08/26 02:53:44.921239 pid=91 get_device_type_internal_block_invoke: product_type: iPhone16,2

08/08/26 02:53:44.921267 pid=91 get_device_type_internal_block_invoke: has_telephony: true, should_hactivate: false
08/08/26 02:53:44.921284 pid=91 get_device_type_internal_block_invoke: baseband_class: 3, cert_type 1
08/08/26 02:53:44.921298 pid=91 _load_product_type: using Raptor Certs
08/08/26 02:53:45.030107 pid=91 performBootSessionIntialization: Boot session changed (reboot detected).
08/08/26 02:53:45.292548 pid=91 data_ark_set_block_invoke: dirtied by changing -BootSessionID
08/08/26 02:53:45.293580 pid=91 data_ark_store_block_invoke: Saved.
08/08/26 02:53:45.382549 pid=91 handle_get_value: remotepairingdeviced attempting to get [com.apple.mobile.wireless_lockdown]:[EnableWifiConnections]
08/08/26 02:53:45.385360 pid=91 handle_get_value: remotepairingdeviced attempting to get [com.apple.mobile.wireless_lockdown]:[EnableWifiPairing]
08/08/26 02:53:45.385537 pid=91 set_response_error: handle_get_value MissingValue
08/08/26 02:53:45.386463 pid=91 handle_get_value: remotepairingdeviced attempting to get [com.apple.mobile.wireless_lockdown]:[EnableWifiDebugging]
08/08/26 02:53:45.408502 pid=91 handle_get_value: remotepairingdeviced attempting to get [com.apple.mobile.wireless_lockdown]:[EnableWifiPairing]
08/08/26 02:53:45.408585 pid=91 set_response_error: handle_get_value MissingValue
08/08/26 02:53:46.352272 pid=91 refresh_remote_services_block_invoke: Done resetting remote devices.
08/08/26 02:53:46.356872 pid=91 service_ark_load: Refreshed remote services.
08/08/26 02:53:46.357387 pid=91 update_bonjour_service_instance_name: Full service name is '2b:20:76:d9:50:06@fe80::2920:76ff:fed9:5006-supportsRP-26._apple-mobdev2._tcp.local.'.
08/08/26 02:53:54.057730 pid=91 handle_get_value: remotepairingdeviced attempting to get [com.apple.mobile.wireless_lockdown]:[EnableWifiConnections]
08/08/26 02:54:03.238793 pid=91 notify_configd_block_invoke_2: Pinged configd, USB is now enabled.
08/08/26 02:54:07.356057 pid=91 handle_get_value: unknown attempting to get [ProductVersion]
08/08/26 02:54:07.358719 pid=91 handle_get_value: unknown attempting to get [ProductName]
08/08/26 02:54:08.770429 pid=91 dns_register_block_invoke: Registered DNS (syncing): _apple-mobdev2._tcp,915a07ee,8e2907e4,523805af,42480515
08/08/26 02:54:08.771408 pid=91 handle_get_value: devinfo attempting to get [ProductVersion]
08/08/26 02:54:08.784173 pid=91 handle_get_value: devinfo attempting to get [(null)]
08/08/26 02:54:08.848206 pid=91 mglog: libMobileGestalt utility.c:338: Could not lookup ProductVersionExtra from dictionary
08/08/26 02:54:08.850304 pid=91 special_case_get: MGCopyAnswer(kMGQSDIOProductInfo) returned NULL
08/08/26 02:54:08.850428 pid=91 special_case_get: MGCopyAnswer(kMGQSDIOManufacturerTuple) returned NULL
08/08/26 02:54:09.095443 pid=91 special_case_get: MGCopyAnswer(kMGQProximitySensorCalibration) returned NULL
08/08/26 02:54:09.095793 pid=91 special_case_get: MGCopyAnswer(kMGQCompassCalibration) returned NULL
08/08/26 02:54:09.095854 pid=91 special_case_get: MGCopyAnswer(kMGQBasebandBoardSnum) returned NULL
08/08/26 02:54:09.097360 pid=91 mglog: libMobileGestalt MGIOKitHelper.m:308: Failed to retrieve data wlan:wifi-module-sn
08/08/26 02:54:09.133051 pid=91 handle_start_service_with_socket: devinfo attempting to spawn com.apple.afc service.
08/08/26 02:54:09.133624 pid=91 spawn_xpc_service: service com.apple.afcd started
08/08/26 02:54:09.165763 pid=91 spawn_xpc_service_block_invoke: Received checkin acknowledgement from 'com.apple.afcd'
08/08/26 02:54:09.165841 pid=91 spawn_xpc_service_block_invoke: XPC_ERROR_CONNECTION_INVALID com.apple.afcd
08/08/26 02:54:09.175825 pid=91 handle_get_value: devinfo attempting to get [DeviceEnclosureColor]
08/08/26 02:54:09.177324 pid=91 handle_get_value: devinfo attempting to get [RegulatoryModelNumber]
08/08/26 02:54:09.178441 pid=91 handle_get_value: devinfo attempting to get [ActiveWirelessTechnology]
08/08/26 02:54:09.180141 pid=91 handle_get_value: devinfo attempting to get [com.apple.mobile.chaperone]:[DeviceIsChaperoned]
08/08/26 02:54:09.185630 pid=91 handle_get_value: devinfo attempting to get [com.apple.international]:[Locale]
08/08/26 02:54:09.540915 pid=91 handle_get_value: devinfo attempting to get [PhoneNumber2]
08/08/26 02:54:09.544836 pid=91 handle_get_value: devinfo attempting to get [com.apple.disk_usage]:[(null)]
08/08/26 02:54:09.547811 pid=91 mglog: libMobileGestalt MobileGestalt.c:4244: statfs(/mnt4): No such file or directory
08/08/26 02:54:09.552617 pid=91 handle_get_value: devinfo attempting to get [com.apple.mobile.battery]:[(null)]
08/08/26 02:54:09.555580 pid=91 handle_start_service_with_socket: devinfo attempting to spawn com.apple.afc2 service.
08/08/26 02:54:09.557131 pid=91 spawn_service_agent: Failed to look up service in the map.
08/08/26 02:54:09.557162 pid=91 spawn_and_handle_checkin: Failed to spawn 'com.apple.afc2' service agent: InvalidService
08/08/26 02:54:09.557177 pid=91 handle_start_service_with_socket: Failed to spawn com.apple.afc2.
08/08/26 02:54:09.557190 pid=91 set_response_error: handle_start_service_with_socket InvalidService
08/08/26 02:54:09.557211 pid=91 handle_start_service: Failed to start service: InvalidService
08/08/26 02:54:09.560287 pid=91 handle_start_service_with_socket: devinfo attempting to spawn com.apple.mobile.installation_proxy service.
08/08/26 02:54:09.561297 pid=91 spawn_xpc_service: service com.apple.mobile.installation_proxy started
08/08/26 02:54:09.710766 pid=91 spawn_xpc_service_block_invoke: Received checkin acknowledgement from 'com.apple.mobile.installation_proxy'
08/08/26 02:54:09.710796 pid=91 spawn_xpc_service_block_invoke: XPC_ERROR_CONNECTION_INVALID com.apple.mobile.installation_proxy
08/08/26 02:54:10.052740 pid=91 handle_get_value: sif attempting to get [(null)]
08/08/26 02:54:10.061910 pid=91 mglog: libMobileGestalt utility.c:338: Could not lookup ProductVersionExtra from dictionary
08/08/26 02:54:10.062092 pid=91 special_case_get: MGCopyAnswer(kMGQSDIOProductInfo) returned NULL
08/08/26 02:54:10.062152 pid=91 special_case_get: MGCopyAnswer(kMGQSDIOManufacturerTuple) returned NULL
08/08/26 02:54:10.065816 pid=91 handle_get_value: fmip attempting to get [ActivationState]
08/08/26 02:54:10.066956 pid=91 special_case_get: MGCopyAnswer(kMGQProximitySensorCalibration) returned NULL
08/08/26 02:54:10.067362 pid=91 special_case_get: MGCopyAnswer(kMGQCompassCalibration) returned NULL
08/08/26 02:54:10.067425 pid=91 special_case_get: MGCopyAnswer(kMGQBasebandBoardSnum) returned NULL
08/08/26 02:54:10.069331 pid=91 mglog: libMobileGestalt MGIOKitHelper.m:308: Failed to retrieve data wlan:wifi-module-sn
08/08/26 02:54:10.069610 pid=91 handle_start_service_with_socket: geticon attempting to spawn com.apple.springboardservices service.
08/08/26 02:54:10.069847 pid=91 handle_start_service_with_socket: disk attempting to spawn com.apple.atc service.
08/08/26 02:54:10.070512 pid=91 handle_get_value: fmip attempting to get [com.apple.fmip]:[IsAssociated]
08/08/26 02:54:10.071632 pid=91 handle_start_service_with_socket: gmi attempting to spawn com.apple.mobile.diagnostics_relay service.
08/08/26 02:54:10.073574 pid=91 handle_start_service_with_socket: filemgr attempting to spawn com.apple.crashreportcopymobile service.
08/08/26 02:54:10.074982 pid=91 spawn_xpc_service: service com.apple.mobile.diagnostics_relay.lockdown started
08/08/26 02:54:10.076269 pid=91 _receive_message: Could not receive size of message, expected 4 bytes, got -1 bytes: (54, Connection reset by peer)
08/08/26 02:54:10.076473 pid=91 handle_get_value: wf attempting to get [com.apple.mobile.wireless_lockdown]:[EnableWifiConnections]
08/08/26 02:54:10.076751 pid=91 _receive_message: Could not receive size of message, expected 4 bytes, got -1 bytes: (54, Connection reset by peer)
08/08/26 02:54:10.077434 pid=91 spawn_xpc_service: service com.apple.atc started
08/08/26 02:54:10.077698 pid=91 spawn_xpc_service: service com.apple.crashreportcopymobile started
08/08/26 02:54:10.077782 pid=91 spawn_xpc_service: service lockdown.1094048208.com.apple.springboardservices started
08/08/26 02:54:10.079140 pid=91 spawn_xpc_service_block_invoke: Received checkin acknowledgement from 'com.apple.atc'
08/08/26 02:54:10.079163 pid=91 spawn_xpc_service_block_invoke: XPC_ERROR_CONNECTION_INVALID com.apple.atc
08/08/26 02:54:10.079929 pid=91 _receive_message: Could not receive size of message, expected 4 bytes, got -1 bytes: (54, Connection reset by peer)
08/08/26 02:54:10.092905 pid=91 spawn_xpc_service_block_invoke: Received checkin acknowledgement from 'lockdown.1094048208.com.apple.springboardservices'
08/08/26 02:54:10.092968 pid=91 spawn_xpc_service_block_invoke: XPC_ERROR_CONNECTION_INVALID lockdown.1094048208.com.apple.springboardservices
08/08/26 02:54:10.099655 pid=91 handle_get_value: gac attempting to get [DeviceColor]
08/08/26 02:54:10.100917 pid=91 spawn_xpc_service_block_invoke: Received checkin acknowledgement from 'com.apple.mobile.diagnostics_relay.lockdown'
08/08/26 02:54:10.100936 pid=91 spawn_xpc_service_block_invoke: XPC_ERROR_CONNECTION_INVALID com.apple.mobile.diagnostics_relay.lockdown
08/08/26 02:54:10.100979 pid=91 handle_get_value: gac attempting to get [DeviceEnclosureColor]
08/08/26 02:54:10.101812 pid=91 handle_get_value: gac attempting to get [DeviceCoverGlassColor]
08/08/26 02:54:10.102574 pid=91 handle_get_value: gac attempting to get [DeviceHousingColor]
08/08/26 02:54:10.103205 pid=91 handle_get_value: gac attempting to get [DeviceBackingColor]
08/08/26 02:54:10.103551 pid=91 handle_start_service_with_socket: np attempting to spawn com.apple.mobile.notification_proxy service.
08/08/26 02:54:10.104302 pid=91 handle_start_service_with_socket: getapplist attempting to spawn com.apple.mobile.installation_proxy service.
08/08/26 02:54:10.104403 pid=91 spawn_xpc_service: service com.apple.mobile.notification_proxy started
08/08/26 02:54:10.104926 pid=91 _receive_message: Could not receive size of message, expected 4 bytes, got -1 bytes: (54, Connection reset by peer)
08/08/26 02:54:10.105253 pid=91 spawn_xpc_service: service com.apple.mobile.installation_proxy started
08/08/26 02:54:10.105559 pid=91 spawn_xpc_service_block_invoke: Received checkin acknowledgement from 'com.apple.mobile.installation_proxy'
08/08/26 02:54:10.105591 pid=91 spawn_xpc_service_block_invoke: XPC_ERROR_CONNECTION_INVALID com.apple.mobile.installation_proxy
08/08/26 02:54:10.118144 pid=91 spawn_xpc_service_block_invoke: Received checkin acknowledgement from 'com.apple.mobile.notification_proxy'
08/08/26 02:54:10.118160 pid=91 spawn_xpc_service_block_invoke: XPC_ERROR_CONNECTION_INVALID com.apple.mobile.notification_proxy
08/08/26 02:54:10.217402 pid=91 handle_start_service_with_socket: filemgr attempting to spawn com.apple.afc service.
08/08/26 02:54:10.218102 pid=91 spawn_xpc_service: service com.apple.afcd started
08/08/26 02:54:10.218550 pid=91 spawn_xpc_service_block_invoke: Received checkin acknowledgement from 'com.apple.afcd'
08/08/26 02:54:10.218593 pid=91 spawn_xpc_service_block_invoke: XPC_ERROR_CONNECTION_INVALID com.apple.afcd
08/08/26 02:54:10.274346 pid=91 handle_start_service_with_socket: geticonstate attempting to spawn com.apple.springboardservices service.
08/08/26 02:54:10.276404 pid=91 spawn_xpc_service: service lockdown.1098869847.com.apple.springboardservices started
08/08/26 02:54:10.313646 pid=91 spawn_xpc_service_block_invoke: Received checkin acknowledgement from 'com.apple.crashreportcopymobile'
08/08/26 02:54:10.313726 pid=91 spawn_xpc_service_block_invoke: XPC_ERROR_CONNECTION_INVALID com.apple.crashreportcopymobile
08/08/26 02:54:10.313801 pid=91 spawn_xpc_service_block_invoke: Received checkin acknowledgement from 'lockdown.1098869847.com.apple.springboardservices'
08/08/26 02:54:10.313882 pid=91 spawn_xpc_service_block_invoke: XPC_ERROR_CONNECTION_INVALID lockdown.1098869847.com.apple.springboardservices
08/08/26 02:54:10.751315 pid=91 handle_start_service_with_socket: gii attempting to spawn com.apple.mobile.diagnostics_relay service.
08/08/26 02:54:10.753800 pid=91 spawn_xpc_service: service com.apple.mobile.diagnostics_relay.lockdown started
08/08/26 02:54:10.754317 pid=91 spawn_xpc_service_block_invoke: Received checkin acknowledgement from 'com.apple.mobile.diagnostics_relay.lockdown'
08/08/26 02:54:10.754361 pid=91 spawn_xpc_service_block_invoke: XPC_ERROR_CONNECTION_INVALID com.apple.mobile.diagnostics_relay.lockdown
08/08/26 02:54:10.755982 pid=91 _receive_message: Could not receive size of message, expected 4 bytes, got -1 bytes: (54, Connection reset by peer)
08/08/26 02:54:10.901592 pid=91 handle_start_service_with_socket: geticon attempting to spawn com.apple.springboardservices service.
08/08/26 02:54:10.906827 pid=91 spawn_xpc_service: service lockdown.1113991721.com.apple.springboardservices started
08/08/26 02:54:10.908720 pid=91 _receive_message: Could not receive size of message, expected 4 bytes, got -1 bytes: (54, Connection reset by peer)
08/08/26 02:54:10.938151 pid=91 spawn_xpc_service_block_invoke: Received checkin acknowledgement from 'lockdown.1113991721.com.apple.springboardservices'
08/08/26 02:54:10.938212 pid=91 spawn_xpc_service_block_invoke: XPC_ERROR_CONNECTION_INVALID lockdown.1113991721.com.apple.springboardservices
08/08/26 02:54:11.239660 pid=91 handle_get_value: battery attempting to get [com.apple.mobile.battery]:[(null)]
08/08/26 02:54:11.241949 pid=91 _receive_message: Could not receive size of message, expected 4 bytes, got -1 bytes: (54, Connection reset by peer)
08/08/26 02:54:11.262772 pid=91 handle_start_service_with_socket: gii attempting to spawn com.apple.mobile.diagnostics_relay service.
08/08/26 02:54:11.266901 pid=91 spawn_xpc_service: service com.apple.mobile.diagnostics_relay.lockdown started
08/08/26 02:54:11.267406 pid=91 spawn_xpc_service_block_invoke: Received checkin acknowledgement from 'com.apple.mobile.diagnostics_relay.lockdown'
08/08/26 02:54:11.267438 pid=91 spawn_xpc_service_block_invoke: XPC_ERROR_CONNECTION_INVALID com.apple.mobile.diagnostics_relay.lockdown
08/08/26 02:54:11.268741 pid=91 _receive_message: Could not receive size of message, expected 4 bytes, got -1 bytes: (54, Connection reset by peer)
08/08/26 02:54:11.333007 pid=91 handle_start_service_with_socket: gii attempting to spawn com.apple.mobile.diagnostics_relay service.
08/08/26 02:54:11.335556 pid=91 spawn_xpc_service: service com.apple.mobile.diagnostics_relay.lockdown started
08/08/26 02:54:11.336041 pid=91 spawn_xpc_service_block_invoke: Received checkin acknowledgement from 'com.apple.mobile.diagnostics_relay.lockdown'
08/08/26 02:54:11.336073 pid=91 spawn_xpc_service_block_invoke: XPC_ERROR_CONNECTION_INVALID com.apple.mobile.diagnostics_relay.lockdown
08/08/26 02:54:11.376461 pid=91 handle_start_service_with_socket: gii attempting to spawn com.apple.mobile.diagnostics_relay service.
08/08/26 02:54:11.379759 pid=91 spawn_xpc_service: service com.apple.mobile.diagnostics_relay.lockdown started
08/08/26 02:54:11.380516 pid=91 spawn_xpc_service_block_invoke: Received checkin acknowledgement from 'com.apple.mobile.diagnostics_relay.lockdown'
08/08/26 02:54:11.380566 pid=91 spawn_xpc_service_block_invoke: XPC_ERROR_CONNECTION_INVALID com.apple.mobile.diagnostics_relay.lockdown
08/08/26 02:54:11.382696 pid=91 _receive_message: Could not receive size of message, expected 4 bytes, got -1 bytes: (54, Connection reset by peer)
08/08/26 02:54:11.431437 pid=91 handle_start_service_with_socket: gii attempting to spawn com.apple.mobile.diagnostics_relay service.
08/08/26 02:54:11.698768 pid=91 spawn_xpc_service: service com.apple.mobile.diagnostics_relay.lockdown started
08/08/26 02:54:13.667351 pid=91 spawn_xpc_service_block_invoke: Received checkin acknowledgement from 'com.apple.mobile.diagnostics_relay.lockdown'
08/08/26 02:54:13.667396 pid=91 spawn_xpc_service_block_invoke: XPC_ERROR_CONNECTION_INVALID com.apple.mobile.diagnostics_relay.lockdown
08/08/26 02:54:13.671380 pid=91 dns_register_block_invoke: Registered WOL.
08/08/26 02:54:13.671635 pid=91 usb_host_connected_block_invoke: non-mux connection
08/08/26 02:54:13.671850 pid=91 bump_connection_count: Connection count is now 3.
08/08/26 02:54:13.672034 pid=91 usb_host_connected_block_invoke: mux connection
08/08/26 02:54:13.672142 pid=91 bump_connection_count: Connection count is now 4.
08/08/26 02:54:13.679893 pid=91 handle_start_service_with_socket: checkapps attempting to spawn com.apple.mobile.installation_proxy service.
08/08/26 02:54:13.681642 pid=91 spawn_xpc_service: service com.apple.mobile.installation_proxy started
08/08/26 02:54:13.682432 pid=91 spawn_xpc_service_block_invoke: Received checkin acknowledgement from 'com.apple.mobile.installation_proxy'
08/08/26 02:54:13.682450 pid=91 spawn_xpc_service_block_invoke: XPC_ERROR_CONNECTION_INVALID com.apple.mobile.installation_proxy
08/08/26 02:54:13.692686 pid=91 handle_get_value: ioreg attempting to get [WirelessBoardSerialNumber]
08/08/26 02:54:13.694158 pid=91 mglog: libMobileGestalt MGIOKitHelper.m:308: Failed to retrieve data wlan:wifi-module-sn
08/08/26 02:54:13.711417 pid=91 handle_start_service_with_socket: gii attempting to spawn com.apple.mobile.diagnostics_relay service.
08/08/26 02:54:13.714936 pid=91 spawn_xpc_service: service com.apple.mobile.diagnostics_relay.lockdown started
08/08/26 02:54:13.716170 pid=91 spawn_xpc_service_block_invoke: Received checkin acknowledgement from 'com.apple.mobile.diagnostics_relay.lockdown'
08/08/26 02:54:13.716186 pid=91 spawn_xpc_service_block_invoke: XPC_ERROR_CONNECTION_INVALID com.apple.mobile.diagnostics_relay.lockdown
08/08/26 02:54:13.756433 pid=91 handle_start_service_with_socket: gii attempting to spawn com.apple.mobile.diagnostics_relay service.
08/08/26 02:54:13.758113 pid=91 spawn_xpc_service: service com.apple.mobile.diagnostics_relay.lockdown started
08/08/26 02:54:13.758658 pid=91 spawn_xpc_service_block_invoke: Received checkin acknowledgement from 'com.apple.mobile.diagnostics_relay.lockdown'
08/08/26 02:54:13.758676 pid=91 spawn_xpc_service_block_invoke: XPC_ERROR_CONNECTION_INVALID com.apple.mobile.diagnostics_relay.lockdown
08/08/26 02:54:13.760344 pid=91 _receive_message: Could not receive size of message, expected 4 bytes, got -1 bytes: (54, Connection reset by peer)
08/08/26 02:54:13.791481 pid=91 handle_start_service_with_socket: gii attempting to spawn com.apple.mobile.diagnostics_relay service.
08/08/26 02:54:13.793482 pid=91 spawn_xpc_service: service com.apple.mobile.diagnostics_relay.lockdown started
08/08/26 02:54:13.793828 pid=91 spawn_xpc_service_block_invoke: Received checkin acknowledgement from 'com.apple.mobile.diagnostics_relay.lockdown'
08/08/26 02:54:13.793849 pid=91 spawn_xpc_service_block_invoke: XPC_ERROR_CONNECTION_INVALID com.apple.mobile.diagnostics_relay.lockdown
08/08/26 02:54:13.795045 pid=91 _receive_message: Could not receive size of message, expected 4 bytes, got -1 bytes: (54, Connection reset by peer)
08/08/26 02:54:13.820984 pid=91 handle_start_service_with_socket: gii attempting to spawn com.apple.mobile.diagnostics_relay service.
08/08/26 02:54:13.821870 pid=91 spawn_xpc_service: service com.apple.mobile.diagnostics_relay.lockdown started
08/08/26 02:54:13.821983 pid=91 spawn_xpc_service_block_invoke: Received checkin acknowledgement from 'com.apple.mobile.diagnostics_relay.lockdown'
08/08/26 02:54:13.822000 pid=91 spawn_xpc_service_block_invoke: XPC_ERROR_CONNECTION_INVALID com.apple.mobile.diagnostics_relay.lockdown
08/08/26 02:54:13.823345 pid=91 _receive_message: Could not receive size of message, expected 4 bytes, got -1 bytes: (54, Connection reset by peer)
08/08/26 02:54:13.842189 pid=91 handle_start_service_with_socket: gii attempting to spawn com.apple.mobile.diagnostics_relay service.
08/08/26 02:54:13.843575 pid=91 spawn_xpc_service: service com.apple.mobile.diagnostics_relay.lockdown started
08/08/26 02:54:13.843797 pid=91 spawn_xpc_service_block_invoke: Received checkin acknowledgement from 'com.apple.mobile.diagnostics_relay.lockdown'
08/08/26 02:54:13.843814 pid=91 spawn_xpc_service_block_invoke: XPC_ERROR_CONNECTION_INVALID com.apple.mobile.diagnostics_relay.lockdown
08/08/26 02:54:13.892645 pid=91 handle_start_service_with_socket: gii attempting to spawn com.apple.mobile.diagnostics_relay service.
08/08/26 02:54:13.893639 pid=91 spawn_xpc_service: service com.apple.mobile.diagnostics_relay.lockdown started
08/08/26 02:54:13.893861 pid=91 spawn_xpc_service_block_invoke: Received checkin acknowledgement from 'com.apple.mobile.diagnostics_relay.lockdown'
08/08/26 02:54:13.893876 pid=91 spawn_xpc_service_block_invoke: XPC_ERROR_CONNECTION_INVALID com.apple.mobile.diagnostics_relay.lockdown
08/08/26 02:54:13.894841 pid=91 _receive_message: Could not receive size of message, expected 4 bytes, got -1 bytes: (54, Connection reset by peer)
08/08/26 02:54:13.938160 pid=91 handle_start_service_with_socket: gmi attempting to spawn com.apple.mobile.diagnostics_relay service.
08/08/26 02:54:13.939262 pid=91 spawn_xpc_service: service com.apple.mobile.diagnostics_relay.lockdown started
08/08/26 02:54:13.939486 pid=91 spawn_xpc_service_block_invoke: Received checkin acknowledgement from 'com.apple.mobile.diagnostics_relay.lockdown'
08/08/26 02:54:13.939506 pid=91 spawn_xpc_service_block_invoke: XPC_ERROR_CONNECTION_INVALID com.apple.mobile.diagnostics_relay.lockdown
08/08/26 02:54:13.962316 pid=91 handle_start_service_with_socket: gii attempting to spawn com.apple.mobile.diagnostics_relay service.
08/08/26 02:54:13.963301 pid=91 spawn_xpc_service: service com.apple.mobile.diagnostics_relay.lockdown started
08/08/26 02:54:13.963480 pid=91 spawn_xpc_service_block_invoke: Received checkin acknowledgement from 'com.apple.mobile.diagnostics_relay.lockdown'
08/08/26 02:54:13.963500 pid=91 spawn_xpc_service_block_invoke: XPC_ERROR_CONNECTION_INVALID com.apple.mobile.diagnostics_relay.lockdown
08/08/26 02:54:13.982803 pid=91 handle_start_service_with_socket: gii attempting to spawn com.apple.mobile.diagnostics_relay service.
08/08/26 02:54:13.984017 pid=91 spawn_xpc_service: service com.apple.mobile.diagnostics_relay.lockdown started
08/08/26 02:54:13.984383 pid=91 spawn_xpc_service_block_invoke: Received checkin acknowledgement from 'com.apple.mobile.diagnostics_relay.lockdown'
08/08/26 02:54:13.984400 pid=91 spawn_xpc_service_block_invoke: XPC_ERROR_CONNECTION_INVALID com.apple.mobile.diagnostics_relay.lockdown
08/08/26 02:54:14.004582 pid=91 handle_start_service_with_socket: gii attempting to spawn com.apple.mobile.diagnostics_relay service.
08/08/26 02:54:14.005497 pid=91 spawn_xpc_service: service com.apple.mobile.diagnostics_relay.lockdown started
08/08/26 02:54:14.005657 pid=91 spawn_xpc_service_block_invoke: Received checkin acknowledgement from 'com.apple.mobile.diagnostics_relay.lockdown'
08/08/26 02:54:14.005676 pid=91 spawn_xpc_service_block_invoke: XPC_ERROR_CONNECTION_INVALID com.apple.mobile.diagnostics_relay.lockdown
08/08/26 02:54:14.007022 pid=91 _receive_message: Could not receive size of message, expected 4 bytes, got -1 bytes: (54, Connection reset by peer)
08/08/26 02:54:14.610056 pid=91 handle_start_service_with_socket: gii attempting to spawn com.apple.mobile.diagnostics_relay service.
08/08/26 02:54:14.611919 pid=91 spawn_xpc_service: service com.apple.mobile.diagnostics_relay.lockdown started
08/08/26 02:54:14.612860 pid=91 spawn_xpc_service_block_invoke: Received checkin acknowledgement from 'com.apple.mobile.diagnostics_relay.lockdown'
08/08/26 02:54:14.612895 pid=91 spawn_xpc_service_block_invoke: XPC_ERROR_CONNECTION_INVALID com.apple.mobile.diagnostics_relay.lockdown
08/08/26 02:54:14.636944 pid=91 handle_start_service_with_socket: gii attempting to spawn com.apple.mobile.diagnostics_relay service.
08/08/26 02:54:14.638425 pid=91 spawn_xpc_service: service com.apple.mobile.diagnostics_relay.lockdown started
08/08/26 02:54:14.638806 pid=91 spawn_xpc_service_block_invoke: Received checkin acknowledgement from 'com.apple.mobile.diagnostics_relay.lockdown'
08/08/26 02:54:14.638832 pid=91 spawn_xpc_service_block_invoke: XPC_ERROR_CONNECTION_INVALID com.apple.mobile.diagnostics_relay.lockdown
08/08/26 02:54:14.640068 pid=91 _receive_message: Could not receive size of message, expected 4 bytes, got -1 bytes: (54, Connection reset by peer)
08/08/26 02:54:14.663199 pid=91 handle_start_service_with_socket: gii attempting to spawn com.apple.mobile.diagnostics_relay service.
08/08/26 02:54:14.665530 pid=91 spawn_xpc_service: service com.apple.mobile.diagnostics_relay.lockdown started
08/08/26 02:54:14.666757 pid=91 spawn_xpc_service_block_invoke: Received checkin acknowledgement from 'com.apple.mobile.diagnostics_relay.lockdown'
08/08/26 02:54:14.666792 pid=91 spawn_xpc_service_block_invoke: XPC_ERROR_CONNECTION_INVALID com.apple.mobile.diagnostics_relay.lockdown
08/08/26 02:54:14.667568 pid=91 _receive_message: Could not receive size of message, expected 4 bytes, got -1 bytes: (54, Connection reset by peer)
08/08/26 02:54:15.011247 pid=91 handle_get_value: gac attempting to get [DeviceColor]
08/08/26 02:54:15.012086 pid=91 handle_get_value: gac attempting to get [DeviceEnclosureColor]
08/08/26 02:54:15.012879 pid=91 handle_get_value: gac attempting to get [DeviceCoverGlassColor]
08/08/26 02:54:15.013858 pid=91 handle_get_value: gac attempting to get [DeviceHousingColor]
08/08/26 02:54:15.014772 pid=91 handle_get_value: gac attempting to get [DeviceBackingColor]
08/08/26 02:54:15.038600 pid=91 handle_start_service_with_socket: filemgr attempting to spawn com.apple.crashreportcopymobile service.
08/08/26 02:54:15.040561 pid=91 spawn_xpc_service: service com.apple.crashreportcopymobile started
08/08/26 02:54:15.040948 pid=91 spawn_xpc_service_block_invoke: Received checkin acknowledgement from 'com.apple.crashreportcopymobile'
08/08/26 02:54:15.040987 pid=91 spawn_xpc_service_block_invoke: XPC_ERROR_CONNECTION_INVALID com.apple.crashreportcopymobile
08/08/26 02:54:15.042394 pid=91 _receive_message: Could not receive size of message, expected 4 bytes, got -1 bytes: (54, Connection reset by peer)
08/08/26 02:54:15.052590 pid=91 handle_get_value: battery attempting to get [com.apple.mobile.battery]:[(null)]
08/08/26 02:54:15.815263 pid=91 handle_get_value: scd attempting to get [com.apple.mobile.internal]:[SysCfgData]
08/08/26 02:54:15.816014 pid=91 mglog: libMobileGestalt MobileGestalt.c:4709: syscfg data appears to be uninitialized
08/08/26 02:54:15.816049 pid=91 special_case_get: MGCopyAnswer(kMGQSysCfg) returned NULL
08/08/26 02:54:15.816069 pid=91 set_response_error: handle_get_value MissingValue
08/08/26 02:54:15.818145 pid=91 _receive_message: Could not receive size of message, expected 4 bytes, got -1 bytes: (54, Connection reset by peer)
08/08/26 02:54:15.883174 pid=91 handle_get_value: qc attempting to get [(null)]
08/08/26 02:54:15.986665 pid=91 mglog: libMobileGestalt utility.c:338: Could not lookup ProductVersionExtra from dictionary
08/08/26 02:54:15.986849 pid=91 special_case_get: MGCopyAnswer(kMGQSDIOProductInfo) returned NULL
08/08/26 02:54:15.986894 pid=91 special_case_get: MGCopyAnswer(kMGQSDIOManufacturerTuple) returned NULL
08/08/26 02:54:15.990357 pid=91 special_case_get: MGCopyAnswer(kMGQProximitySensorCalibration) returned NULL
08/08/26 02:54:15.990895 pid=91 special_case_get: MGCopyAnswer(kMGQCompassCalibration) returned NULL
08/08/26 02:54:15.990964 pid=91 special_case_get: MGCopyAnswer(kMGQBasebandBoardSnum) returned NULL
08/08/26 02:54:16.012172 pid=91 mglog: libMobileGestalt MGIOKitHelper.m:308: Failed to retrieve data wlan:wifi-module-sn
08/08/26 02:54:16.100994 pid=91 handle_get_value: fmip attempting to get [ActivationState]
08/08/26 02:54:16.103930 pid=91 handle_get_value: fmip attempting to get [com.apple.fmip]:[IsAssociated]
08/08/26 02:54:16.109521 pid=91 _receive_message: Could not receive size of message, expected 4 bytes, got -1 bytes: (54, Connection reset by peer)
08/08/26 02:54:16.146428 pid=91 _receive_message: Could not receive size of message, expected 4 bytes, got -1 bytes: (54, Connection reset by peer)
08/08/26 02:54:16.189582 pid=91 handle_start_service_with_socket: gii attempting to spawn com.apple.mobile.diagnostics_relay service.
08/08/26 02:54:16.194649 pid=91 spawn_xpc_service: service com.apple.mobile.diagnostics_relay.lockdown started
08/08/26 02:54:16.195336 pid=91 spawn_xpc_service_block_invoke: Received checkin acknowledgement from 'com.apple.mobile.diagnostics_relay.lockdown'
08/08/26 02:54:16.195374 pid=91 spawn_xpc_service_block_invoke: XPC_ERROR_CONNECTION_INVALID com.apple.mobile.diagnostics_relay.lockdown
08/08/26 02:54:16.556579 pid=91 handle_get_value: bp attempting to get [com.apple.mobile.backup]:[CloudBackupEnabled]
08/08/26 02:54:16.557700 pid=91 special_case_get: key CloudBackupEnabled
08/08/26 02:54:16.601091 pid=91 handle_get_value: cic attempting to get [com.apple.mobile.data_sync]:[Contacts]
08/08/26 02:54:16.604441 pid=91 _receive_message: Could not receive size of message, expected 4 bytes, got -1 bytes: (54, Connection reset by peer)
08/08/26 02:54:16.640628 pid=91 handle_get_value: cic attempting to get [com.apple.mobile.data_sync]:[Notes]
08/08/26 02:54:16.642284 pid=91 _receive_message: Could not receive size of message, expected 4 bytes, got -1 bytes: (54, Connection reset by peer)
08/08/26 02:54:16.669829 pid=91 handle_get_value: cic attempting to get [com.apple.mobile.data_sync]:[Bookmarks]
08/08/26 02:54:16.671793 pid=91 _receive_message: Could not receive size of message, expected 4 bytes, got -1 bytes: (54, Connection reset by peer)
08/08/26 02:54:16.687098 pid=91 handle_get_value: cic attempting to get [com.apple.mobile.data_sync]:[Calendars]
08/08/26 02:54:22.432377 pid=91 handle_get_value: battery attempting to get [com.apple.mobile.battery]:[(null)]
08/08/26 02:54:22.562218 pid=91 _receive_message: Could not receive size of message, expected 4 bytes, got -1 bytes: (54, Connection reset by peer)
08/08/26 02:54:22.572823 pid=91 handle_start_service_with_socket: gii attempting to spawn com.apple.mobile.diagnostics_relay service.
08/08/26 02:54:22.574356 pid=91 spawn_xpc_service: service com.apple.mobile.diagnostics_relay.lockdown started
08/08/26 02:54:22.574715 pid=91 spawn_xpc_service_block_invoke: Received checkin acknowledgement from 'com.apple.mobile.diagnostics_relay.lockdown'
08/08/26 02:54:22.574741 pid=91 spawn_xpc_service_block_invoke: XPC_ERROR_CONNECTION_INVALID com.apple.mobile.diagnostics_relay.lockdown
08/08/26 02:54:22.575938 pid=91 _receive_message: Could not receive size of message, expected 4 bytes, got -1 bytes: (54, Connection reset by peer)
08/08/26 02:54:26.098852 pid=91 handle_start_service_with_socket: filemgr attempting to spawn com.apple.afc service.
08/08/26 02:54:26.099391 pid=91 spawn_xpc_service: service com.apple.afcd started
08/08/26 02:54:26.099842 pid=91 spawn_xpc_service_block_invoke: Received checkin acknowledgement from 'com.apple.afcd'
08/08/26 02:54:26.099871 pid=91 spawn_xpc_service_block_invoke: XPC_ERROR_CONNECTION_INVALID com.apple.afcd
08/08/26 02:54:26.192820 pid=91 handle_start_service_with_socket: log attempting to spawn com.apple.syslog_relay service.
08/08/26 02:54:26.194595 pid=91 spawn_xpc_service: service com.apple.syslog_relay started
08/08/26 02:54:26.196469 pid=91 _receive_message: Could not receive size of message, expected 4 bytes, got -1 bytes: (54, Connection reset by peer)
08/08/26 02:54:26.257323 pid=91 spawn_xpc_service_block_invoke: Received checkin acknowledgement from 'com.apple.syslog_relay'
08/08/26 02:54:26.257357 pid=91 spawn_xpc_service_block_invoke: XPC_ERROR_CONNECTION_INVALID com.apple.syslog_relay
08/08/26 02:54:27.193484 pid=91 handle_start_service_with_socket: gsf attempting to spawn com.apple.mobile.notification_proxy service.
08/08/26 02:54:27.197205 pid=91 spawn_xpc_service: service com.apple.mobile.notification_proxy started
08/08/26 02:54:27.201425 pid=91 spawn_xpc_service_block_invoke: Received checkin acknowledgement from 'com.apple.mobile.notification_proxy'
08/08/26 02:54:27.201474 pid=91 spawn_xpc_service_block_invoke: XPC_ERROR_CONNECTION_INVALID com.apple.mobile.notification_proxy
08/08/26 02:54:27.210791 pid=91 _receive_message: Could not receive size of message, expected 4 bytes, got -1 bytes: (54, Connection reset by peer)
08/08/26 02:54:27.221384 pid=91 handle_start_service_with_socket: gsf attempting to spawn com.apple.crashreportcopymobile service.
08/08/26 02:54:27.222436 pid=91 spawn_xpc_service: service com.apple.crashreportcopymobile started
08/08/26 02:54:27.223134 pid=91 spawn_xpc_service_block_invoke: Received checkin acknowledgement from 'com.apple.crashreportcopymobile'
08/08/26 02:54:27.223168 pid=91 spawn_xpc_service_block_invoke: XPC_ERROR_CONNECTION_INVALID com.apple.crashreportcopymobile
08/08/26 02:54:27.232239 pid=91 _receive_message: Could not receive size of message, expected 4 bytes, got -1 bytes: (54, Connection reset by peer)
08/08/26 02:54:30.309596 pid=91 handle_get_value: battery attempting to get [com.apple.mobile.battery]:[(null)]
08/08/26 02:54:30.329789 pid=91 _receive_message: Could not receive size of message, expected 4 bytes, got -1 bytes: (54, Connection reset by peer)
08/08/26 02:54:30.389046 pid=91 handle_start_service_with_socket: gii attempting to spawn com.apple.mobile.diagnostics_relay service.
08/08/26 02:54:30.393618 pid=91 spawn_xpc_service: service com.apple.mobile.diagnostics_relay.lockdown started
08/08/26 02:54:30.396510 pid=91 spawn_xpc_service_block_invoke: Received checkin acknowledgement from 'com.apple.mobile.diagnostics_relay.lockdown'
08/08/26 02:54:30.396558 pid=91 _receive_message: Could not receive size of message, expected 4 bytes, got -1 bytes: (54, Connection reset by peer)
08/08/26 02:54:30.396710 pid=91 spawn_xpc_service_block_invoke: XPC_ERROR_CONNECTION_INVALID com.apple.mobile.diagnostics_relay.lockdown
08/08/26 02:54:38.460407 pid=91 handle_get_value: battery attempting to get [com.apple.mobile.battery]:[(null)]
08/08/26 02:54:38.526591 pid=91 _receive_message: Could not receive size of message, expected 4 bytes, got -1 bytes: (54, Connection reset by peer)
08/08/26 02:54:38.678530 pid=91 handle_start_service_with_socket: gii attempting to spawn com.apple.mobile.diagnostics_relay service.
08/08/26 02:54:38.690162 pid=91 spawn_xpc_service: service com.apple.mobile.diagnostics_relay.lockdown started
08/08/26 02:54:38.697472 pid=91 spawn_xpc_service_block_invoke: Received checkin acknowledgement from 'com.apple.mobile.diagnostics_relay.lockdown'
08/08/26 02:54:38.697622 pid=91 spawn_xpc_service_block_invoke: XPC_ERROR_CONNECTION_INVALID com.apple.mobile.diagnostics_relay.lockdown
08/08/26 02:54:38.697803 pid=91 _receive_message: Could not receive size of message, expected 4 bytes, got -1 bytes: (54, Connection reset by peer)
08/08/26 02:54:42.391457 pid=91 handle_is_host_trusted: Host client com.apple.ptp is trusted.
08/08/26 02:54:48.175034 pid=91 handle_get_value: battery attempting to get [com.apple.mobile.battery]:[(null)]
08/08/26 02:54:48.177703 pid=91 _receive_message: Could not receive size of message, expected 4 bytes, got -1 bytes: (54, Connection reset by peer)
08/08/26 02:54:48.498013 pid=91 handle_start_service_with_socket: gii attempting to spawn com.apple.mobile.diagnostics_relay service.
08/08/26 02:54:48.505965 pid=91 spawn_xpc_service: service com.apple.mobile.diagnostics_relay.lockdown started
08/08/26 02:54:48.506665 pid=91 spawn_xpc_service_block_invoke: Received checkin acknowledgement from 'com.apple.mobile.diagnostics_relay.lockdown'
08/08/26 02:54:48.506729 pid=91 spawn_xpc_service_block_invoke: XPC_ERROR_CONNECTION_INVALID com.apple.mobile.diagnostics_relay.lockdown
08/08/26 02:54:58.620806 pid=91 handle_get_value: battery attempting to get [com.apple.mobile.battery]:[(null)]
08/08/26 02:54:58.623371 pid=91 _receive_message: Could not receive size of message, expected 4 bytes, got -1 bytes: (54, Connection reset by peer)
08/08/26 02:54:58.636774 pid=91 handle_start_service_with_socket: gii attempting to spawn com.apple.mobile.diagnostics_relay service.
08/08/26 02:54:58.638958 pid=91 spawn_xpc_service: service com.apple.mobile.diagnostics_relay.lockdown started
08/08/26 02:54:58.639635 pid=91 spawn_xpc_service_block_invoke: Received checkin acknowledgement from 'com.apple.mobile.diagnostics_relay.lockdown'
08/08/26 02:54:58.639707 pid=91 spawn_xpc_service_block_invoke: XPC_ERROR_CONNECTION_INVALID com.apple.mobile.diagnostics_relay.lockdown
08/08/26 02:54:58.640634 pid=91 _receive_message: Could not receive size of message, expected 4 bytes, got -1 bytes: (54, Connection reset by peer)
08/08/26 02:55:00.637103 pid=91 handle_get_value: usbmuxd attempting to get [ProductVersion]
08/08/26 02:55:00.678569 pid=91 handle_get_value: usbmuxd attempting to get [ProductName]
08/08/26 02:55:00.789993 pid=91 handle_start_service_with_socket: usbmuxd attempting to spawn com.apple.mobile.heartbeat service.
08/08/26 02:55:00.793971 pid=91 spawn_xpc_service: service com.apple.mobile.heartbeat started
08/08/26 02:55:00.815595 pid=91 spawn_xpc_service_block_invoke: Received checkin acknowledgement from 'com.apple.mobile.heartbeat'
08/08/26 02:55:00.815753 pid=91 spawn_xpc_service_block_invoke: XPC_ERROR_CONNECTION_INVALID com.apple.mobile.heartbeat
08/08/26 02:55:00.845857 pid=91 handle_get_value: usbmuxd attempting to get [ProductVersion]
08/08/26 02:55:00.890335 pid=91 handle_get_value: usbmuxd attempting to get [ProductName]
08/08/26 02:55:09.719483 pid=91 handle_get_value: battery attempting to get [com.apple.mobile.battery]:[(null)]
08/08/26 02:55:10.091512 pid=91 _receive_message: Could not receive size of message, expected 4 bytes, got -1 bytes: (54, Connection reset by peer)
08/08/26 02:55:10.119966 pid=91 handle_start_service_with_socket: gii attempting to spawn com.apple.mobile.diagnostics_relay service.
08/08/26 02:55:10.134077 pid=91 spawn_xpc_service: service com.apple.mobile.diagnostics_relay.lockdown started
08/08/26 02:55:10.134676 pid=91 spawn_xpc_service_block_invoke: Received checkin acknowledgement from 'com.apple.mobile.diagnostics_relay.lockdown'
08/08/26 02:55:10.134723 pid=91 spawn_xpc_service_block_invoke: XPC_ERROR_CONNECTION_INVALID com.apple.mobile.diagnostics_relay.lockdown
08/08/26 02:55:10.135888 pid=91 _receive_message: Could not receive size of message, expected 4 bytes, got -1 bytes: (54, Connection reset by peer)
08/08/26 02:55:22.197190 pid=91 handle_get_value: battery attempting to get [com.apple.mobile.battery]:[(null)]
08/08/26 02:55:22.205200 pid=91 _receive_message: Could not receive size of message, expected 4 bytes, got -1 bytes: (54, Connection reset by peer)
08/08/26 02:55:22.218018 pid=91 handle_start_service_with_socket: gii attempting to spawn com.apple.mobile.diagnostics_relay service.
08/08/26 02:55:22.220266 pid=91 spawn_xpc_service: service com.apple.mobile.diagnostics_relay.lockdown started
08/08/26 02:55:22.221324 pid=91 spawn_xpc_service_block_invoke: Received checkin acknowledgement from 'com.apple.mobile.diagnostics_relay.lockdown'
08/08/26 02:55:22.221421 pid=91 spawn_xpc_service_block_invoke: XPC_ERROR_CONNECTION_INVALID com.apple.mobile.diagnostics_relay.lockdown
08/08/26 02:55:35.245623 pid=91 handle_get_value: battery attempting to get [com.apple.mobile.battery]:[(null)]
08/08/26 02:55:35.261969 pid=91 handle_start_service_with_socket: gii attempting to spawn com.apple.mobile.diagnostics_relay service.
08/08/26 02:55:35.263268 pid=91 spawn_xpc_service: service com.apple.mobile.diagnostics_relay.lockdown started
08/08/26 02:55:35.263789 pid=91 spawn_xpc_service_block_invoke: Received checkin acknowledgement from 'com.apple.mobile.diagnostics_relay.lockdown'
08/08/26 02:55:35.263832 pid=91 spawn_xpc_service_block_invoke: XPC_ERROR_CONNECTION_INVALID com.apple.mobile.diagnostics_relay.lockdown
08/08/26 02:55:35.265037 pid=91 _receive_message: Could not receive size of message, expected 4 bytes, got -1 bytes: (54, Connection reset by peer)
08/08/26 02:55:48.390083 pid=91 main_block_invoke_2: com.apple.iokit.matching event: com.apple.lockdown.USB3.Device
08/08/26 02:55:48.456643 pid=91 main_block_invoke_2: com.apple.iokit.matching event: com.apple.lockdown.USB2.Device
08/08/26 02:55:49.297705 pid=91 handle_get_value: battery attempting to get [com.apple.mobile.battery]:[(null)]
08/08/26 02:55:49.301291 pid=91 _receive_message: Could not receive size of message, expected 4 bytes, got -1 bytes: (54, Connection reset by peer)
08/08/26 02:55:49.313120 pid=91 handle_start_service_with_socket: gii attempting to spawn com.apple.mobile.diagnostics_relay service.
08/08/26 02:55:49.315040 pid=91 spawn_xpc_service: service com.apple.mobile.diagnostics_relay.lockdown started
08/08/26 02:55:49.315736 pid=91 spawn_xpc_service_block_invoke: Received checkin acknowledgement from 'com.apple.mobile.diagnostics_relay.lockdown'
08/08/26 02:55:49.315807 pid=91 spawn_xpc_service_block_invoke: XPC_ERROR_CONNECTION_INVALID com.apple.mobile.diagnostics_relay.lockdown
08/08/26 02:55:49.316592 pid=91 _receive_message: Could not receive size of message, expected 4 bytes, got -1 bytes: (54, Connection reset by peer)
08/08/26 02:56:04.343696 pid=91 handle_get_value: battery attempting to get [com.apple.mobile.battery]:[(null)]
08/08/26 02:56:04.359172 pid=91 handle_start_service_with_socket: gii attempting to spawn com.apple.mobile.diagnostics_relay service.
08/08/26 02:56:04.361444 pid=91 spawn_xpc_service: service com.apple.mobile.diagnostics_relay.lockdown started
08/08/26 02:56:04.363195 pid=91 _receive_message: Could not receive size of message, expected 4 bytes, got -1 bytes: (54, Connection reset by peer)
08/08/26 02:56:04.363207 pid=91 spawn_xpc_service_block_invoke: Received checkin acknowledgement from 'com.apple.mobile.diagnostics_relay.lockdown'
08/08/26 02:56:04.363723 pid=91 spawn_xpc_service_block_invoke: XPC_ERROR_CONNECTION_INVALID com.apple.mobile.diagnostics_relay.lockdown
08/08/26 02:56:20.395939 pid=91 handle_get_value: battery attempting to get [com.apple.mobile.battery]:[(null)]
08/08/26 02:56:20.419728 pid=91 handle_start_service_with_socket: gii attempting to spawn com.apple.mobile.diagnostics_relay service.
08/08/26 02:56:20.421751 pid=91 spawn_xpc_service: service com.apple.mobile.diagnostics_relay.lockdown started
08/08/26 02:56:20.422429 pid=91 spawn_xpc_service_block_invoke: Received checkin acknowledgement from 'com.apple.mobile.diagnostics_relay.lockdown'
08/08/26 02:56:20.422486 pid=91 spawn_xpc_service_block_invoke: XPC_ERROR_CONNECTION_INVALID com.apple.mobile.diagnostics_relay.lockdown
08/08/26 02:56:37.460886 pid=91 handle_get_value: battery attempting to get [com.apple.mobile.battery]:[(null)]
08/08/26 02:56:37.489701 pid=91 handle_start_service_with_socket: gii attempting to spawn com.apple.mobile.diagnostics_relay service.
08/08/26 02:56:37.492706 pid=91 spawn_xpc_service: service com.apple.mobile.diagnostics_relay.lockdown started
08/08/26 02:56:37.493878 pid=91 spawn_xpc_service_block_invoke: Received checkin acknowledgement from 'com.apple.mobile.diagnostics_relay.lockdown'
08/08/26 02:56:37.493961 pid=91 spawn_xpc_service_block_invoke: XPC_ERROR_CONNECTION_INVALID com.apple.mobile.diagnostics_relay.lockdown
08/08/26 02:56:55.528557 pid=91 handle_get_value: battery attempting to get [com.apple.mobile.battery]:[(null)]
08/08/26 02:56:55.533190 pid=91 _receive_message: Could not receive size of message, expected 4 bytes, got -1 bytes: (54, Connection reset by peer)
08/08/26 02:56:55.547862 pid=91 handle_start_service_with_socket: gii attempting to spawn com.apple.mobile.diagnostics_relay service.
08/08/26 02:56:55.550261 pid=91 spawn_xpc_service: service com.apple.mobile.diagnostics_relay.lockdown started
08/08/26 02:56:55.551152 pid=91 spawn_xpc_service_block_invoke: Received checkin acknowledgement from 'com.apple.mobile.diagnostics_relay.lockdown'
08/08/26 02:56:55.551271 pid=91 spawn_xpc_service_block_invoke: XPC_ERROR_CONNECTION_INVALID com.apple.mobile.diagnostics_relay.lockdown
08/08/26 02:56:55.552355 pid=91 _receive_message: Could not receive size of message, expected 4 bytes, got -1 bytes: (54, Connection reset by peer)
08/08/26 02:57:14.583081 pid=91 handle_get_value: battery attempting to get [com.apple.mobile.battery]:[(null)]
08/08/26 02:57:14.601425 pid=91 handle_start_service_with_socket: gii attempting to spawn com.apple.mobile.diagnostics_relay service.
08/08/26 02:57:14.603694 pid=91 spawn_xpc_service: service com.apple.mobile.diagnostics_relay.lockdown started
08/08/26 02:57:14.604916 pid=91 spawn_xpc_service_block_invoke: Received checkin acknowledgement from 'com.apple.mobile.diagnostics_relay.lockdown'
08/08/26 02:57:14.605141 pid=91 spawn_xpc_service_block_invoke: XPC_ERROR_CONNECTION_INVALID com.apple.mobile.diagnostics_relay.lockdown
08/08/26 02:57:14.606876 pid=91 _receive_message: Could not receive size of message, expected 4 bytes, got -1 bytes: (54, Connection reset by peer)
08/08/26 02:57:34.651834 pid=91 handle_get_value: battery attempting to get [com.apple.mobile.battery]:[(null)]
08/08/26 02:57:34.672112 pid=91 handle_start_service_with_socket: gii attempting to spawn com.apple.mobile.diagnostics_relay service.
08/08/26 02:57:34.674440 pid=91 spawn_xpc_service: service com.apple.mobile.diagnostics_relay.lockdown started
08/08/26 02:57:34.675863 pid=91 spawn_xpc_service_block_invoke: Received checkin acknowledgement from 'com.apple.mobile.diagnostics_relay.lockdown'
08/08/26 02:57:34.676000 pid=91 spawn_xpc_service_block_invoke: XPC_ERROR_CONNECTION_INVALID com.apple.mobile.diagnostics_relay.lockdown
08/08/26 02:57:34.677489 pid=91 _receive_message: Could not receive size of message, expected 4 bytes, got -1 bytes: (54, Connection reset by peer)
