Night Shift Status
{
    AutoBlueReductionEnabled = 1;
    BlueLightReductionSchedule =     {
        DayStartHour = 7;
        DayStartMinute = 0;
        NightStartHour = 22;
        NightStartMinute = 0;
    };
    BlueReductionAvailable = 1;
    BlueReductionEnabled = 0;
    BlueReductionMode = 0;
    BlueReductionSunScheduleAllowed = 1;
    Version = 1;
} 
Night Shift Sunset/Sunrise
{
    isDaylight = 0;
    nextSunrise = "2026-08-09 01:56:53 +0000";
    nextSunset = "2026-08-09 17:13:07 +0000";
    previousSunrise = "2026-08-07 01:53:09 +0000";
    previousSunset = "2026-08-07 17:17:23 +0000";
    sunrise = "2026-08-08 01:55:01 +0000";
    sunset = "2026-08-08 17:15:16 +0000";
} 
