{
  "completed" : [
    "settings",
    "registration"
  ],
  "copy_status_version" : "1",
  "globalSetting" : {
    "lastUpdate" : 1
  },
  "optedIn" : "false",
  "registration" : [
    {
      "app" : "IDS",
      "createdAt" : "2026-07-26 06:45:56 +0000",
      "delay" : 60,
      "orderedTimestamp" : "2025-09-29T11:47:11Z",
      "publicKey" : "6181D33081D0020200D10201010420A89AA33F6AEEF0E6C2FF96C2A8E47677D589396077DA15D1D92DD615C6F56898A03E303C300A02010304053003020101302E02010104293027A0120C106950686F6E65204F533B323341333431A111180F32303235303932393131343730395AA16530630414006D612B2179D7FC12A97DFC94BA5344864C715402010104483046022100A23C3A86EDE575F7EE6EAF8B525861CB2EAD7F3FCD765F879ECCB25843ACE630022100DE57779B3096C28B174C2E8ABFF737E10C5010BBFD1F73C2937086DE06011AF4",
      "pushToken" : "07D792F282CF354DFEDEB242732E5111DB2FD776C94764C4F7C4956584491178",
      "signature" : "30630414E979C629F2DDBECF5C6C95F649725D68179A046302010104483046022100F5B50A378F0899C3C6564CD5A4EBB84EA4BD8B22A4492241E913BDA33EFEED64022100AD8E62AA8521020C331E623BBC20CD45B9773ECBFE483E513A65BF132601D126",
      "signedAt" : "2026-07-26 06:46:58 +0000",
      "state" : "done",
      "stateReady" : true,
      "tbs" : "0A240A20191EEBE7A15BD10D495914363326C63BA1E057977D22FCE8C51A988557516D11100F100D180522450801124104BE93F1E106008B7C38F9BA92BF1A48BDB9E2B243D215952076B521A676C2F7A8F062987043B5FB6DE0639E95BD2F14793996FA410A349A68521C1D45B4494AD2",
      "uploadedToCKAt" : "2026-08-05 09:49:41 +0000"
    },
    {
      "app" : "MP",
      "createdAt" : "2026-07-26 06:47:02 +0000",
      "delay" : 0,
      "orderedTimestamp" : "2025-09-29T11:47:11Z",
      "publicKey" : "6181D33081D0020200D10201010420A89AA33F6AEEF0E6C2FF96C2A8E47677D589396077DA15D1D92DD615C6F56898A03E303C300A02010304053003020101302E02010104293027A0120C106950686F6E65204F533B323341333431A111180F32303235303932393131343730395AA16530630414006D612B2179D7FC12A97DFC94BA5344864C715402010104483046022100A23C3A86EDE575F7EE6EAF8B525861CB2EAD7F3FCD765F879ECCB25843ACE630022100DE57779B3096C28B174C2E8ABFF737E10C5010BBFD1F73C2937086DE06011AF4",
      "pushToken" : "07D792F282CF354DFEDEB242732E5111DB2FD776C94764C4F7C4956584491178",
      "signature" : "30630414E979C629F2DDBECF5C6C95F649725D68179A04630201010448304602210094011A32EB605020D35F69CB5A1470FC72D9B387C1BC851DA80DD044FAA1D667022100B86530E71030152F33D220AA83ED9DD145295546F0F470D9417B7059D42B5020",
      "signedAt" : "2026-07-26 06:47:02 +0000",
      "state" : "done",
      "stateReady" : true,
      "tbs" : "0A240A20191EEBE7A15BD10D495914363326C63BA1E057977D22FCE8C51A988557516D11100F100D1805",
      "uploadedToCKAt" : "2026-08-05 09:49:41 +0000"
    },
    {
      "app" : "FT",
      "createdAt" : "2026-07-26 06:45:56 +0000",
      "delay" : 60,
      "orderedTimestamp" : "2025-09-29T11:47:11Z",
      "publicKey" : "6181D33081D0020200D10201010420A89AA33F6AEEF0E6C2FF96C2A8E47677D589396077DA15D1D92DD615C6F56898A03E303C300A02010304053003020101302E02010104293027A0120C106950686F6E65204F533B323341333431A111180F32303235303932393131343730395AA16530630414006D612B2179D7FC12A97DFC94BA5344864C715402010104483046022100A23C3A86EDE575F7EE6EAF8B525861CB2EAD7F3FCD765F879ECCB25843ACE630022100DE57779B3096C28B174C2E8ABFF737E10C5010BBFD1F73C2937086DE06011AF4",
      "pushToken" : "07D792F282CF354DFEDEB242732E5111DB2FD776C94764C4F7C4956584491178",
      "signature" : "30630414E979C629F2DDBECF5C6C95F649725D68179A046302010104483046022100855C8E9EF696D12A40064E74301E3C8CE0C0C31F382C234687A7E981E041E94B022100901C36931E8E5E2D46A119BACC662317392A8296C9E5032DC60767439BA5EB9F",
      "signedAt" : "2026-07-26 06:46:58 +0000",
      "state" : "done",
      "stateReady" : true,
      "tbs" : "0A240A20191EEBE7A15BD10D495914363326C63BA1E057977D22FCE8C51A988557516D11100F100D1805",
      "uploadedToCKAt" : "2026-08-05 09:49:41 +0000"
    }
  ]
}
