time=2026-08-08_02:35:00 op=NEW                        
time=2026-08-08_02:35:00 op=MOD_CLIENT_LOCK             client=manager                  count=0497 selector=UAF.AONSenseConfiguration|com.apple.aonsense.safety.generic|0.5.0.100.2508,0
time=2026-08-08_02:35:00 op=MOD_CLIENT_LOCK             client=manager                  count=0498 selector=setAtomicInstance:7F0BCC64-E3BC-4D1E-8989-DA5A89C53574
time=2026-08-08_02:35:00 op=MOD_CLIENT_LOCK             client=com.apple.UnifiedAssetFr count=0497 selector=UAF.AONSenseConfiguration|com.apple.aonsense.uaf.metadata|4.46.1.13.101763,0
time=2026-08-08_02:35:00 op=MOD_CLIENT_LOCK             client=com.apple.UnifiedAssetFr count=0496 selector=UAF.AONSenseConfiguration|com.apple.aonsense.safety.generic|0.5.0.100.2508,0
time=2026-08-08_02:35:00 op=MOD_CLIENT_LOCK             client=com.apple.UnifiedAssetFr count=0495 selector=setAtomicInstance:7F0BCC64-E3BC-4D1E-8989-DA5A89C53574
time=2026-08-08_02:35:01 op=MOD_CLIENT_LOCK             client=manager                  count=0496 selector=UAF.Translation.MMAssets|com.apple.translation.mmassets.uaf.metadata|4.46.1.13.102689,0
time=2026-08-08_02:35:01 op=MOD_CLIENT_LOCK             client=manager                  count=0497 selector=UAF.Translation.MMAssets|com.apple.sequoia.mm.pb.generic|24.14.1.13.103059,0
time=2026-08-08_02:35:01 op=MOD_CLIENT_LOCK             client=manager                  count=0498 selector=UAF.Translation.MMAssets|com.apple.sequoia.mm.drafter.generic|24.14.81616.13.303199,0
time=2026-08-08_02:35:01 op=MOD_CLIENT_LOCK             client=manager                  count=0499 selector=UAF.Translation.MMAssets|com.apple.sequoia.mm.adapter.generic|24.14.1.13.103059,0
time=2026-08-08_02:35:01 op=MOD_CLIENT_LOCK             client=manager                  count=0500 selector=UAF.Translation.MMAssets|com.apple.sequoia.mm.mt.base.generic|24.14.81616.13.303199,0
time=2026-08-08_02:35:01 op=MOD_CLIENT_LOCK             client=manager                  count=0501 selector=UAF.Translation.MMAssets|com.apple.sequoia.mm.mt.text_tokenizer.generic|24.14.1.13.103059,0
time=2026-08-08_02:35:01 op=MOD_CLIENT_LOCK             client=manager                  count=0502 selector=UAF.Translation.MMAssets|com.apple.sequoia.mm.alignment.generic|24.14.1.13.103059,0
time=2026-08-08_02:35:01 op=MOD_CLIENT_LOCK             client=manager                  count=0503 selector=setAtomicInstance:C79C82E6-6395-4C87-A841-31C6FA6A8217
time=2026-08-08_02:35:01 op=MOD_CLIENT_LOCK             client=com.apple.UnifiedAssetFr count=0502 selector=UAF.Translation.MMAssets|com.apple.translation.mmassets.uaf.metadata|4.46.1.13.102689,0
time=2026-08-08_02:35:01 op=MOD_CLIENT_LOCK             client=com.apple.UnifiedAssetFr count=0501 selector=UAF.Translation.MMAssets|com.apple.sequoia.mm.pb.generic|24.14.1.13.103059,0
time=2026-08-08_02:35:01 op=MOD_CLIENT_LOCK             client=com.apple.UnifiedAssetFr count=0500 selector=UAF.Translation.MMAssets|com.apple.sequoia.mm.drafter.generic|24.14.81616.13.303199,0
time=2026-08-08_02:35:01 op=MOD_CLIENT_LOCK             client=com.apple.UnifiedAssetFr count=0499 selector=UAF.Translation.MMAssets|com.apple.sequoia.mm.adapter.generic|24.14.1.13.103059,0
time=2026-08-08_02:35:01 op=MOD_CLIENT_LOCK             client=com.apple.UnifiedAssetFr count=0498 selector=UAF.Translation.MMAssets|com.apple.sequoia.mm.mt.base.generic|24.14.81616.13.303199,0
time=2026-08-08_02:35:01 op=MOD_CLIENT_LOCK             client=com.apple.UnifiedAssetFr count=0497 selector=UAF.Translation.MMAssets|com.apple.sequoia.mm.mt.text_tokenizer.generic|24.14.1.13.103059,0
time=2026-08-08_02:35:01 op=MOD_CLIENT_LOCK             client=com.apple.UnifiedAssetFr count=0496 selector=UAF.Translation.MMAssets|com.apple.sequoia.mm.alignment.generic|24.14.1.13.103059,0
time=2026-08-08_02:35:01 op=MOD_CLIENT_LOCK             client=com.apple.UnifiedAssetFr count=0495 selector=setAtomicInstance:C79C82E6-6395-4C87-A841-31C6FA6A8217
time=2026-08-08_02:35:01 op=MOD_CLIENT_LOCK             client=manager                  count=0496 selector=UAF.MotionAnomalyFM|com.apple.fm.motionanomalyfm.adapter.generic|0.0.1.13.102818,0
time=2026-08-08_02:35:01 op=MOD_CLIENT_LOCK             client=manager                  count=0497 selector=UAF.MotionAnomalyFM|com.apple.fm.motionanomalyfm.base.generic|0.0.1.13.102818,0
time=2026-08-08_02:35:01 op=MOD_CLIENT_LOCK             client=manager                  count=0498 selector=UAF.MotionAnomalyFM|com.apple.motionanomalyfm.uaf.metadata|4.46.1.13.102700,0
time=2026-08-08_02:35:01 op=MOD_CLIENT_LOCK             client=manager                  count=0499 selector=setAtomicInstance:8A548AE5-E8CB-4CB9-8828-B310ABCAB5A1
time=2026-08-08_02:35:01 op=MOD_CLIENT_LOCK             client=com.apple.UnifiedAssetFr count=0498 selector=UAF.MotionAnomalyFM|com.apple.fm.motionanomalyfm.adapter.generic|0.0.1.13.102818,0
time=2026-08-08_02:35:01 op=MOD_CLIENT_LOCK             client=com.apple.UnifiedAssetFr count=0497 selector=UAF.MotionAnomalyFM|com.apple.fm.motionanomalyfm.base.generic|0.0.1.13.102818,0
time=2026-08-08_02:35:01 op=MOD_CLIENT_LOCK             client=com.apple.UnifiedAssetFr count=0496 selector=UAF.MotionAnomalyFM|com.apple.motionanomalyfm.uaf.metadata|4.46.1.13.102700,0
time=2026-08-08_02:35:01 op=MOD_CLIENT_LOCK             client=com.apple.UnifiedAssetFr count=0495 selector=setAtomicInstance:8A548AE5-E8CB-4CB9-8828-B310ABCAB5A1
time=2026-08-08_02:35:02 op=MOD_CLIENT_LOCK             client=manager                  count=0496 selector=UAF.Shortcuts.Generator|com.apple.shortcuts.generator.uaf.metadata|4.46.1.13.102515,0
time=2026-08-08_02:35:02 op=MOD_CLIENT_LOCK             client=manager                  count=0497 selector=UAF.Shortcuts.Generator|com.apple.fm.language.shortcuts.generator.tool_retrieval.base.generic|1.7.0.13.102956,0
time=2026-08-08_02:35:02 op=MOD_CLIENT_LOCK             client=manager                  count=0498 selector=setAtomicInstance:7E5AF296-4EB6-46A9-AF47-AF83ED136AED
time=2026-08-08_02:35:02 op=MOD_CLIENT_LOCK             client=com.apple.UnifiedAssetFr count=0497 selector=UAF.Shortcuts.Generator|com.apple.shortcuts.generator.uaf.metadata|4.46.1.13.102515,0
time=2026-08-08_02:35:02 op=MOD_CLIENT_LOCK             client=com.apple.UnifiedAssetFr count=0496 selector=UAF.Shortcuts.Generator|com.apple.fm.language.shortcuts.generator.tool_retrieval.base.generic|1.7.0.13.102956,0
time=2026-08-08_02:35:02 op=MOD_CLIENT_LOCK             client=com.apple.UnifiedAssetFr count=0495 selector=setAtomicInstance:7E5AF296-4EB6-46A9-AF47-AF83ED136AED
time=2026-08-08_02:35:02 op=MOD_CLIENT_LOCK             client=manager                  count=0496 selector=UAF.TKModelMessages|com.apple.trustkit.tkorderextraction.all|270.0.5.100.2720,0
time=2026-08-08_02:35:02 op=MOD_CLIENT_LOCK             client=manager                  count=0497 selector=UAF.TKModelMessages|com.apple.TKModelMessages.uaf.metadata|4.46.1.100.2902,0
time=2026-08-08_02:35:02 op=MOD_CLIENT_LOCK             client=manager                  count=0498 selector=UAF.TKModelMessages|com.apple.trustkit.tkmodelmessages.all|265.0.8.100.3049,0
time=2026-08-08_02:35:02 op=MOD_CLIENT_LOCK             client=manager                  count=0499 selector=setAtomicInstance:CE54C6C6-B515-492F-A840-1440BC2F3534
time=2026-08-08_02:35:02 op=MOD_CLIENT_LOCK             client=com.apple.UnifiedAssetFr count=0498 selector=UAF.TKModelMessages|com.apple.trustkit.tkorderextraction.all|270.0.5.100.2720,0
time=2026-08-08_02:35:02 op=MOD_CLIENT_LOCK             client=com.apple.UnifiedAssetFr count=0497 selector=UAF.TKModelMessages|com.apple.TKModelMessages.uaf.metadata|4.46.1.100.2902,0
time=2026-08-08_02:35:02 op=MOD_CLIENT_LOCK             client=com.apple.UnifiedAssetFr count=0496 selector=UAF.TKModelMessages|com.apple.trustkit.tkmodelmessages.all|265.0.8.100.3049,0
time=2026-08-08_02:35:02 op=MOD_CLIENT_LOCK             client=com.apple.UnifiedAssetFr count=0495 selector=setAtomicInstance:CE54C6C6-B515-492F-A840-1440BC2F3534
time=2026-08-08_02:35:02 op=MOD_CLIENT_LOCK             client=manager                  count=0496 selector=UAF.SummarizationKitConfiguration|com.apple.summarizationkit.ota.rules|1.0.6.13.202380,0
time=2026-08-08_02:35:02 op=MOD_CLIENT_LOCK             client=manager                  count=0497 selector=UAF.SummarizationKitConfiguration|com.apple.summarizationkit.ota.configuration|1.1.14.13.202380,0
time=2026-08-08_02:35:02 op=MOD_CLIENT_LOCK             client=manager                  count=0498 selector=setAtomicInstance:727B954C-B06C-4B26-AC3A-1B9AC0F00EC1
time=2026-08-08_02:35:02 op=MOD_CLIENT_LOCK             client=com.apple.UnifiedAssetFr count=0497 selector=UAF.SummarizationKitConfiguration|com.apple.summarizationkit.ota.rules|1.0.6.13.202380,0
time=2026-08-08_02:35:02 op=MOD_CLIENT_LOCK             client=com.apple.UnifiedAssetFr count=0496 selector=UAF.SummarizationKitConfiguration|com.apple.summarizationkit.ota.configuration|1.1.14.13.202380,0
time=2026-08-08_02:35:02 op=MOD_CLIENT_LOCK             client=com.apple.UnifiedAssetFr count=0495 selector=setAtomicInstance:727B954C-B06C-4B26-AC3A-1B9AC0F00EC1
time=2026-08-08_02:35:03 op=MOD_CLIENT_LOCK             client=manager                  count=0496 selector=UAF.Search.ODLA|com.apple.odla.recipe.SAW.Spotlight.SurveyDaily|184.0.0.13.202518,0
time=2026-08-08_02:35:03 op=MOD_CLIENT_LOCK             client=manager                  count=0497 selector=UAF.Search.ODLA|com.apple.odla.recipe.SAW.Spotlight.SurveyWeekly|184.0.0.13.202518,0
time=2026-08-08_02:35:03 op=MOD_CLIENT_LOCK             client=manager                  count=0498 selector=UAF.Search.ODLA|com.apple.odla.recipe.SAW.Spotlight.Extraction|184.0.0.13.202518,0
time=2026-08-08_02:35:03 op=MOD_CLIENT_LOCK             client=manager                  count=0499 selector=UAF.Search.ODLA|com.apple.odla.recipe.SAW.Spotlight.Report|184.0.0.13.202518,0
time=2026-08-08_02:35:03 op=MOD_CLIENT_LOCK             client=manager                  count=0500 selector=setAtomicInstance:2D8BB39E-F445-4247-9F61-6D3EB7AD73AA
time=2026-08-08_02:35:03 op=MOD_CLIENT_LOCK             client=com.apple.UnifiedAssetFr count=0499 selector=UAF.Search.ODLA|com.apple.odla.recipe.SAW.Spotlight.SurveyDaily|184.0.0.13.202518,0
time=2026-08-08_02:35:03 op=MOD_CLIENT_LOCK             client=com.apple.UnifiedAssetFr count=0498 selector=UAF.Search.ODLA|com.apple.odla.recipe.SAW.Spotlight.SurveyWeekly|184.0.0.13.202518,0
time=2026-08-08_02:35:03 op=MOD_CLIENT_LOCK             client=com.apple.UnifiedAssetFr count=0497 selector=UAF.Search.ODLA|com.apple.odla.recipe.SAW.Spotlight.Extraction|184.0.0.13.202518,0
time=2026-08-08_02:35:03 op=MOD_CLIENT_LOCK             client=com.apple.UnifiedAssetFr count=0496 selector=UAF.Search.ODLA|com.apple.odla.recipe.SAW.Spotlight.Report|184.0.0.13.202518,0
time=2026-08-08_02:35:03 op=MOD_CLIENT_LOCK             client=com.apple.UnifiedAssetFr count=0495 selector=setAtomicInstance:2D8BB39E-F445-4247-9F61-6D3EB7AD73AA
time=2026-08-08_02:35:03 op=MOD_CLIENT_LOCK             client=manager                  count=0496 selector=UAF.SearchQueryUnderstanding|com.apple.search.queryparser.uaf.metadata|4.46.1.13.102612,0
time=2026-08-08_02:35:03 op=MOD_CLIENT_LOCK             client=manager                  count=0497 selector=UAF.SearchQueryUnderstanding|com.apple.search.queryunderstanding.embedding|1.16.0.13.103076,0
time=2026-08-08_02:35:03 op=MOD_CLIENT_LOCK             client=manager                  count=0498 selector=UAF.SearchQueryUnderstanding|com.apple.search.queryparser.en|1.16.0.13.103076,0
time=2026-08-08_02:35:03 op=MOD_CLIENT_LOCK             client=manager                  count=0499 selector=UAF.SearchQueryUnderstanding|com.apple.search.safety.en|1.16.0.13.103076,0
time=2026-08-08_02:35:03 op=MOD_CLIENT_LOCK             client=manager                  count=0500 selector=UAF.SearchQueryUnderstanding|com.apple.search.queryunderstanding.en|1.16.0.13.103076,0
time=2026-08-08_02:35:03 op=MOD_CLIENT_LOCK             client=manager                  count=0501 selector=UAF.SearchQueryUnderstanding|com.apple.search.queryunderstanding.geo|1.16.0.13.103076,0
time=2026-08-08_02:35:03 op=MOD_CLIENT_LOCK             client=manager                  count=0502 selector=setAtomicInstance:2A59CBF3-DA68-400B-80AF-68EC7C32DC38
time=2026-08-08_02:35:04 op=MOD_CLIENT_LOCK             client=com.apple.UnifiedAssetFr count=0501 selector=UAF.SearchQueryUnderstanding|com.apple.search.queryparser.uaf.metadata|4.46.1.13.102612,0
time=2026-08-08_02:35:04 op=MOD_CLIENT_LOCK             client=com.apple.UnifiedAssetFr count=0500 selector=UAF.SearchQueryUnderstanding|com.apple.search.queryunderstanding.embedding|1.16.0.13.103076,0
time=2026-08-08_02:35:04 op=MOD_CLIENT_LOCK             client=com.apple.UnifiedAssetFr count=0499 selector=UAF.SearchQueryUnderstanding|com.apple.search.queryparser.en|1.16.0.13.103076,0
time=2026-08-08_02:35:04 op=MOD_CLIENT_LOCK             client=com.apple.UnifiedAssetFr count=0498 selector=UAF.SearchQueryUnderstanding|com.apple.search.safety.en|1.16.0.13.103076,0
time=2026-08-08_02:35:04 op=MOD_CLIENT_LOCK             client=com.apple.UnifiedAssetFr count=0497 selector=UAF.SearchQueryUnderstanding|com.apple.search.queryunderstanding.en|1.16.0.13.103076,0
time=2026-08-08_02:35:04 op=MOD_CLIENT_LOCK             client=com.apple.UnifiedAssetFr count=0496 selector=UAF.SearchQueryUnderstanding|com.apple.search.queryunderstanding.geo|1.16.0.13.103076,0
time=2026-08-08_02:35:04 op=MOD_CLIENT_LOCK             client=com.apple.UnifiedAssetFr count=0495 selector=setAtomicInstance:2A59CBF3-DA68-400B-80AF-68EC7C32DC38
time=2026-08-08_02:35:04 op=MOD_CLIENT_LOCK             client=manager                  count=0496 selector=UAF.Speech.AutomaticSpeechRecognition|com.apple.speech.asr.transcription.en|3100.50007.81616.13.302863,0
time=2026-08-08_02:35:04 op=MOD_CLIENT_LOCK             client=manager                  count=0497 selector=UAF.Speech.AutomaticSpeechRecognition|com.apple.speech.automaticspeechrecognition.uaf.metadata|4.46.1.13.102153,0
time=2026-08-08_02:35:04 op=MOD_CLIENT_LOCK             client=manager                  count=0498 selector=UAF.Speech.AutomaticSpeechRecognition|com.apple.speech.asr.language.identification|0.0.4.13.201972,0
time=2026-08-08_02:35:04 op=MOD_CLIENT_LOCK             client=manager                  count=0499 selector=setAtomicInstance:046F5F9B-4C9C-4B49-93B2-619BC325FE4B
time=2026-08-08_02:35:04 op=MOD_CLIENT_LOCK             client=com.apple.UnifiedAssetFr count=0498 selector=UAF.Speech.AutomaticSpeechRecognition|com.apple.speech.asr.transcription.en|3100.50007.81616.13.302863,0
time=2026-08-08_02:35:04 op=MOD_CLIENT_LOCK             client=com.apple.UnifiedAssetFr count=0497 selector=UAF.Speech.AutomaticSpeechRecognition|com.apple.speech.automaticspeechrecognition.uaf.metadata|4.46.1.13.102153,0
time=2026-08-08_02:35:04 op=MOD_CLIENT_LOCK             client=com.apple.UnifiedAssetFr count=0496 selector=UAF.Speech.AutomaticSpeechRecognition|com.apple.speech.asr.language.identification|0.0.4.13.201972,0
time=2026-08-08_02:35:04 op=MOD_CLIENT_LOCK             client=com.apple.UnifiedAssetFr count=0495 selector=setAtomicInstance:046F5F9B-4C9C-4B49-93B2-619BC325FE4B
time=2026-08-08_02:36:51 op=MOD_CLIENT_LOCK             client=manager                  count=0496 selector=UAF.Siri.TextToSpeech|com.apple.siri.tts.resource.en_US|1023.0.0.13.204554,0
time=2026-08-08_02:36:51 op=MOD_CLIENT_LOCK             client=manager                  count=0497 selector=UAF.Siri.TextToSpeech|com.apple.siri.tts.customvoice.global|5008.0.0.13.204542,0
time=2026-08-08_02:36:51 op=MOD_CLIENT_LOCK             client=manager                  count=0498 selector=UAF.Siri.TextToSpeech|com.apple.siri.tts.voice.en_US.damon.natural.premium|5031.0.0.13.204317,0
time=2026-08-08_02:36:51 op=MOD_CLIENT_LOCK             client=manager                  count=0499 selector=UAF.Siri.TextToSpeech|com.apple.siri.tts.resource.ru_RU|283.0.0.13.202389,0
time=2026-08-08_02:36:51 op=MOD_CLIENT_LOCK             client=manager                  count=0500 selector=UAF.Siri.TextToSpeech|com.apple.siri.tts.voice.en_US.simone.natural.premium|5029.0.0.13.202896,0
time=2026-08-08_02:36:51 op=MOD_CLIENT_LOCK             client=manager                  count=0501 selector=UAF.Siri.TextToSpeech|com.apple.siri.tts.voice.ru_RU.yelena.neural.premium|1125.0.0.13.202392,0
time=2026-08-08_02:36:51 op=ADD_CLIENT_LOCK             client=manager                  count=0502 selector=setAtomicInstance:AC3B5B54-E1A7-44BD-8802-B73F6DDA3DD7
time=2026-08-08_02:36:52 op=MOD_CLIENT_LOCK             client=com.apple.UnifiedAssetFr count=0501 selector=UAF.Siri.TextToSpeech|com.apple.siri.tts.resource.en_US|1023.0.0.13.204554,0
time=2026-08-08_02:36:52 op=MOD_CLIENT_LOCK             client=com.apple.UnifiedAssetFr count=0500 selector=UAF.Siri.TextToSpeech|com.apple.siri.tts.voice.en_US.damon.natural.premium|5031.0.0.13.204317,0
time=2026-08-08_02:36:52 op=DEL_CLIENT_UNLOCK           client=com.apple.UnifiedAssetFr count=0499 selector=UAF.Siri.TextToSpeech|com.apple.siri.tts.voice.en_US.simone.neural.premium|1276.0.0.13.202389,0
time=2026-08-08_02:36:52 op=MOD_CLIENT_LOCK             client=com.apple.UnifiedAssetFr count=0498 selector=UAF.Siri.TextToSpeech|com.apple.siri.tts.voice.ru_RU.yelena.neural.premium|1125.0.0.13.202392,0
time=2026-08-08_02:36:52 op=MOD_CLIENT_LOCK             client=com.apple.UnifiedAssetFr count=0497 selector=UAF.Siri.TextToSpeech|com.apple.siri.tts.customvoice.global|5008.0.0.13.204542,0
time=2026-08-08_02:36:52 op=MOD_CLIENT_LOCK             client=com.apple.UnifiedAssetFr count=0496 selector=UAF.Siri.TextToSpeech|com.apple.siri.tts.resource.ru_RU|283.0.0.13.202389,0
time=2026-08-08_02:36:52 op=MOD_CLIENT_LOCK             client=com.apple.UnifiedAssetFr count=0495 selector=UAF.Siri.TextToSpeech|com.apple.siri.tts.voice.en_US.simone.natural.premium|5029.0.0.13.202896,0
time=2026-08-08_02:36:52 op=DEL_CLIENT_UNLOCK           client=com.apple.UnifiedAssetFr count=0494 selector=setAtomicInstance:3DD96057-49DA-4E4B-A29C-EF78273BC8E1
time=2026-08-08_02:43:22 op=MOD_CLIENT_LOCK             client=com.apple.UnifiedAssetFr count=0494 selector=UAF.Siri.TextToSpeech|com.apple.siri.tts.resource.en_US|1023.0.0.13.204554,0
time=2026-08-08_02:43:22 op=MOD_CLIENT_LOCK             client=com.apple.UnifiedAssetFr count=0494 selector=UAF.Siri.TextToSpeech|com.apple.siri.tts.voice.en_US.damon.natural.premium|5031.0.0.13.204317,0
time=2026-08-08_02:43:22 op=MOD_CLIENT_LOCK             client=com.apple.UnifiedAssetFr count=0494 selector=UAF.Siri.TextToSpeech|com.apple.siri.tts.voice.ru_RU.yelena.neural.premium|1125.0.0.13.202392,0
time=2026-08-08_02:43:23 op=MOD_CLIENT_LOCK             client=com.apple.UnifiedAssetFr count=0494 selector=UAF.Siri.TextToSpeech|com.apple.siri.tts.customvoice.global|5008.0.0.13.204542,0
time=2026-08-08_02:43:23 op=MOD_CLIENT_LOCK             client=com.apple.UnifiedAssetFr count=0494 selector=UAF.Siri.TextToSpeech|com.apple.siri.tts.resource.ru_RU|283.0.0.13.202389,0
time=2026-08-08_02:43:23 op=MOD_CLIENT_LOCK             client=com.apple.UnifiedAssetFr count=0494 selector=UAF.Siri.TextToSpeech|com.apple.siri.tts.voice.en_US.simone.natural.premium|5029.0.0.13.202896,0
time=2026-08-08_02:43:23 op=MOD_CLIENT_LOCK             client=com.apple.UnifiedAssetFr count=0494 selector=UAF.Siri.TextToSpeech|com.apple.siri.tts.resource.en_US|1023.0.0.13.204554,0
time=2026-08-08_02:43:23 op=MOD_CLIENT_LOCK             client=com.apple.UnifiedAssetFr count=0494 selector=UAF.Siri.TextToSpeech|com.apple.siri.tts.voice.en_US.damon.natural.premium|5031.0.0.13.204317,0
time=2026-08-08_02:43:23 op=MOD_CLIENT_LOCK             client=com.apple.UnifiedAssetFr count=0494 selector=UAF.Siri.TextToSpeech|com.apple.siri.tts.voice.ru_RU.yelena.neural.premium|1125.0.0.13.202392,0
time=2026-08-08_02:43:23 op=MOD_CLIENT_LOCK             client=com.apple.UnifiedAssetFr count=0494 selector=UAF.Siri.TextToSpeech|com.apple.siri.tts.customvoice.global|5008.0.0.13.204542,0
time=2026-08-08_02:43:23 op=MOD_CLIENT_LOCK             client=com.apple.UnifiedAssetFr count=0494 selector=UAF.Siri.TextToSpeech|com.apple.siri.tts.resource.ru_RU|283.0.0.13.202389,0
time=2026-08-08_02:43:23 op=MOD_CLIENT_LOCK             client=com.apple.UnifiedAssetFr count=0494 selector=UAF.Siri.TextToSpeech|com.apple.siri.tts.voice.en_US.simone.natural.premium|5029.0.0.13.202896,0
time=2026-08-08_02:51:11 op=MOD_CLIENT_LOCK             client=trustd                   count=0495 selector=PKITrustStore|PKITrustStore|1.0.1.11.6270,0
time=2026-08-08_02:51:11 op=MOD_CLIENT_LOCK             client=eligibilityd:lockContent count=0496 selector=setAtomicInstance:55941F5D-50AC-48CD-B17C-485C28C18C00
time=2026-08-08_02:51:11 op=MOD_CLIENT_LOCK             client=IntelligentRoutingDaemon count=0497 selector=setAtomicInstance:A77D6E07-48D9-476C-BC1B-01EF13FA840C
time=2026-08-08_02:51:11 op=MOD_CLIENT_LOCK             client=com.apple.eligibilityd_e count=0496 selector=setAtomicInstance:55941F5D-50AC-48CD-B17C-485C28C18C00
time=2026-08-08_02:54:11 op=MOD_CLIENT_LOCK             client=trustd                   count=0497 selector=PKITrustStore|PKITrustStore|1.0.1.11.6270,0
time=2026-08-08_02:54:11 op=MOD_CLIENT_LOCK             client=eligibilityd:lockContent count=0498 selector=setAtomicInstance:55941F5D-50AC-48CD-B17C-485C28C18C00
time=2026-08-08_02:54:11 op=MOD_CLIENT_LOCK             client=IntelligentRoutingDaemon count=0499 selector=setAtomicInstance:A77D6E07-48D9-476C-BC1B-01EF13FA840C
time=2026-08-08_02:54:11 op=MOD_CLIENT_LOCK             client=com.apple.eligibilityd_e count=0498 selector=setAtomicInstance:55941F5D-50AC-48CD-B17C-485C28C18C00
time=2026-08-08_03:02:00 op=MOD_CLIENT_LOCK             client=IntelligentRoutingDaemon count=0499 selector=setAtomicInstance:A77D6E07-48D9-476C-BC1B-01EF13FA840C
time=2026-08-08_03:04:03 op=MOD_CLIENT_LOCK             client=trustd                   count=0500 selector=PKITrustStore|PKITrustStore|1.0.1.11.6270,0
time=2026-08-08_03:04:03 op=MOD_CLIENT_LOCK             client=eligibilityd:lockContent count=0501 selector=setAtomicInstance:55941F5D-50AC-48CD-B17C-485C28C18C00
time=2026-08-08_03:04:03 op=MOD_CLIENT_LOCK             client=com.apple.eligibilityd_e count=0500 selector=setAtomicInstance:55941F5D-50AC-48CD-B17C-485C28C18C00
time=2026-08-08_03:04:29 op=MOD_CLIENT_LOCK             client=IntelligentRoutingDaemon count=0501 selector=setAtomicInstance:A77D6E07-48D9-476C-BC1B-01EF13FA840C
time=2026-08-08_03:05:35 op=MOD_CLIENT_LOCK             client=trustd                   count=0502 selector=PKITrustStore|PKITrustStore|1.0.1.11.6270,0
time=2026-08-08_03:05:35 op=MOD_CLIENT_LOCK             client=eligibilityd:lockContent count=0503 selector=setAtomicInstance:55941F5D-50AC-48CD-B17C-485C28C18C00
time=2026-08-08_03:05:35 op=MOD_CLIENT_LOCK             client=com.apple.eligibilityd_e count=0502 selector=setAtomicInstance:55941F5D-50AC-48CD-B17C-485C28C18C00
time=2026-08-08_03:10:54 op=MOD_CLIENT_LOCK             client=trustd                   count=0503 selector=PKITrustStore|PKITrustStore|1.0.1.11.6270,0
time=2026-08-08_03:10:54 op=MOD_CLIENT_LOCK             client=eligibilityd:lockContent count=0504 selector=setAtomicInstance:55941F5D-50AC-48CD-B17C-485C28C18C00
time=2026-08-08_03:10:54 op=MOD_CLIENT_LOCK             client=com.apple.eligibilityd_e count=0503 selector=setAtomicInstance:55941F5D-50AC-48CD-B17C-485C28C18C00
time=2026-08-08_03:17:41 op=MOD_CLIENT_LOCK             client=IntelligentRoutingDaemon count=0504 selector=setAtomicInstance:A77D6E07-48D9-476C-BC1B-01EF13FA840C
time=2026-08-08_03:54:21 op=MOD_CLIENT_LOCK             client=trustd                   count=0505 selector=PKITrustStore|PKITrustStore|1.0.1.11.6270,0
time=2026-08-08_03:54:21 op=MOD_CLIENT_LOCK             client=eligibilityd:lockContent count=0506 selector=setAtomicInstance:55941F5D-50AC-48CD-B17C-485C28C18C00
time=2026-08-08_03:54:21 op=MOD_CLIENT_LOCK             client=IntelligentRoutingDaemon count=0507 selector=setAtomicInstance:A77D6E07-48D9-476C-BC1B-01EF13FA840C
time=2026-08-08_03:54:21 op=MOD_CLIENT_LOCK             client=com.apple.eligibilityd_e count=0506 selector=setAtomicInstance:55941F5D-50AC-48CD-B17C-485C28C18C00
time=2026-08-08_03:55:21 op=MOD_CLIENT_LOCK             client=trustd                   count=0507 selector=PKITrustStore|PKITrustStore|1.0.1.11.6270,0
time=2026-08-08_03:55:21 op=MOD_CLIENT_LOCK             client=eligibilityd:lockContent count=0508 selector=setAtomicInstance:55941F5D-50AC-48CD-B17C-485C28C18C00
time=2026-08-08_03:55:21 op=MOD_CLIENT_LOCK             client=IntelligentRoutingDaemon count=0509 selector=setAtomicInstance:A77D6E07-48D9-476C-BC1B-01EF13FA840C
time=2026-08-08_03:55:21 op=MOD_CLIENT_LOCK             client=com.apple.eligibilityd_e count=0508 selector=setAtomicInstance:55941F5D-50AC-48CD-B17C-485C28C18C00
time=2026-08-08_03:56:04 op=MOD_CLIENT_LOCK             client=trustd                   count=0509 selector=PKITrustStore|PKITrustStore|1.0.1.11.6270,0
time=2026-08-08_03:56:04 op=MOD_CLIENT_LOCK             client=eligibilityd:lockContent count=0510 selector=setAtomicInstance:55941F5D-50AC-48CD-B17C-485C28C18C00
time=2026-08-08_03:56:04 op=MOD_CLIENT_LOCK             client=com.apple.eligibilityd_e count=0509 selector=setAtomicInstance:55941F5D-50AC-48CD-B17C-485C28C18C00
time=2026-08-08_03:56:16 op=MOD_CLIENT_LOCK             client=IntelligentRoutingDaemon count=0510 selector=setAtomicInstance:A77D6E07-48D9-476C-BC1B-01EF13FA840C
time=2026-08-08_03:57:15 op=MOD_CLIENT_LOCK             client=trustd                   count=0511 selector=PKITrustStore|PKITrustStore|1.0.1.11.6270,0
time=2026-08-08_03:57:15 op=MOD_CLIENT_LOCK             client=eligibilityd:lockContent count=0512 selector=setAtomicInstance:55941F5D-50AC-48CD-B17C-485C28C18C00
time=2026-08-08_03:57:15 op=MOD_CLIENT_LOCK             client=com.apple.eligibilityd_e count=0511 selector=setAtomicInstance:55941F5D-50AC-48CD-B17C-485C28C18C00
time=2026-08-08_03:58:31 op=MOD_CLIENT_LOCK             client=IntelligentRoutingDaemon count=0512 selector=setAtomicInstance:A77D6E07-48D9-476C-BC1B-01EF13FA840C
time=2026-08-08_03:59:29 op=MOD_CLIENT_LOCK             client=trustd                   count=0513 selector=PKITrustStore|PKITrustStore|1.0.1.11.6270,0
time=2026-08-08_03:59:29 op=MOD_CLIENT_LOCK             client=eligibilityd:lockContent count=0514 selector=setAtomicInstance:55941F5D-50AC-48CD-B17C-485C28C18C00
time=2026-08-08_03:59:29 op=MOD_CLIENT_LOCK             client=IntelligentRoutingDaemon count=0515 selector=setAtomicInstance:A77D6E07-48D9-476C-BC1B-01EF13FA840C
time=2026-08-08_03:59:29 op=MOD_CLIENT_LOCK             client=com.apple.eligibilityd_e count=0514 selector=setAtomicInstance:55941F5D-50AC-48CD-B17C-485C28C18C00
time=2026-08-08_04:01:18 op=MOD_CLIENT_LOCK             client=trustd                   count=0515 selector=PKITrustStore|PKITrustStore|1.0.1.11.6270,0
time=2026-08-08_04:01:18 op=MOD_CLIENT_LOCK             client=eligibilityd:lockContent count=0516 selector=setAtomicInstance:55941F5D-50AC-48CD-B17C-485C28C18C00
time=2026-08-08_04:01:18 op=MOD_CLIENT_LOCK             client=com.apple.eligibilityd_e count=0515 selector=setAtomicInstance:55941F5D-50AC-48CD-B17C-485C28C18C00
time=2026-08-08_04:06:32 op=MOD_CLIENT_LOCK             client=IntelligentRoutingDaemon count=0516 selector=setAtomicInstance:A77D6E07-48D9-476C-BC1B-01EF13FA840C
