time=2026-08-08_02:34:10 op=NEW                        
time=2026-08-08_02:34:10 op=MOD_CLIENT_LOCK             client=manager                  count=0496 selector=UAF.CoreMotion.IMUFoundationModel|com.apple.fm.coremotion.imu_v1.base.generic|0.0.2.13.101920,0
time=2026-08-08_02:34:10 op=MOD_CLIENT_LOCK             client=manager                  count=0497 selector=UAF.CoreMotion.IMUFoundationModel|com.apple.fm.coremotion.calorimetry_fm_predicted_wrmets_v1.adaptor.generic|0.0.3.13.101920,0
time=2026-08-08_02:34:10 op=MOD_CLIENT_LOCK             client=manager                  count=0498 selector=UAF.CoreMotion.IMUFoundationModel|com.apple.fm.coremotion.calorimetry_reduced_embeddings.adaptor.generic|0.0.1.13.101920,0
time=2026-08-08_02:34:10 op=MOD_CLIENT_LOCK             client=manager                  count=0499 selector=setAtomicInstance:AD6BEA1A-E71E-48F8-9A61-3F58A20473BB
time=2026-08-08_02:34:10 op=MOD_CLIENT_LOCK             client=com.apple.UnifiedAssetFr count=0498 selector=UAF.CoreMotion.IMUFoundationModel|com.apple.fm.coremotion.imu_v1.base.generic|0.0.2.13.101920,0
time=2026-08-08_02:34:10 op=MOD_CLIENT_LOCK             client=com.apple.UnifiedAssetFr count=0497 selector=UAF.CoreMotion.IMUFoundationModel|com.apple.fm.coremotion.calorimetry_fm_predicted_wrmets_v1.adaptor.generic|0.0.3.13.101920,0
time=2026-08-08_02:34:10 op=MOD_CLIENT_LOCK             client=com.apple.UnifiedAssetFr count=0496 selector=UAF.CoreMotion.IMUFoundationModel|com.apple.fm.coremotion.calorimetry_reduced_embeddings.adaptor.generic|0.0.1.13.101920,0
time=2026-08-08_02:34:10 op=MOD_CLIENT_LOCK             client=com.apple.UnifiedAssetFr count=0495 selector=setAtomicInstance:AD6BEA1A-E71E-48F8-9A61-3F58A20473BB
time=2026-08-08_02:34:10 op=MOD_CLIENT_LOCK             client=manager                  count=0496 selector=UAF.Handwriting.Synthesis|com.apple.handwriting.synthesis.uaf.metadata|4.46.1.13.101736,0
time=2026-08-08_02:34:10 op=MOD_CLIENT_LOCK             client=manager                  count=0497 selector=UAF.Handwriting.Synthesis|com.apple.fm.handwriting.synthesis_multilingual.generic|1.32.81616.13.204054,0
time=2026-08-08_02:34:10 op=MOD_CLIENT_LOCK             client=manager                  count=0498 selector=setAtomicInstance:A129A8E3-FCA0-40BA-905E-F90FB805E498
time=2026-08-08_02:34:10 op=MOD_CLIENT_LOCK             client=com.apple.UnifiedAssetFr count=0497 selector=UAF.Handwriting.Synthesis|com.apple.handwriting.synthesis.uaf.metadata|4.46.1.13.101736,0
time=2026-08-08_02:34:10 op=MOD_CLIENT_LOCK             client=com.apple.UnifiedAssetFr count=0496 selector=UAF.Handwriting.Synthesis|com.apple.fm.handwriting.synthesis_multilingual.generic|1.32.81616.13.204054,0
time=2026-08-08_02:34:10 op=MOD_CLIENT_LOCK             client=com.apple.UnifiedAssetFr count=0495 selector=setAtomicInstance:A129A8E3-FCA0-40BA-905E-F90FB805E498
time=2026-08-08_02:34:10 op=MOD_CLIENT_LOCK             client=manager                  count=0496 selector=UAF.Siri.FindMyConfigurationFiles|com.apple.siri.findmy.primary_device_files|0.2.6.13.102943,0
time=2026-08-08_02:34:10 op=MOD_CLIENT_LOCK             client=manager                  count=0497 selector=setAtomicInstance:B96F49B8-1F7C-468C-90DF-422CF1360BA4
time=2026-08-08_02:34:11 op=MOD_CLIENT_LOCK             client=com.apple.UnifiedAssetFr count=0496 selector=UAF.Siri.FindMyConfigurationFiles|com.apple.siri.findmy.primary_device_files|0.2.6.13.102943,0
time=2026-08-08_02:34:11 op=MOD_CLIENT_LOCK             client=com.apple.UnifiedAssetFr count=0495 selector=setAtomicInstance:B96F49B8-1F7C-468C-90DF-422CF1360BA4
time=2026-08-08_02:34:11 op=MOD_CLIENT_LOCK             client=manager                  count=0496 selector=UAF.Siri.TextToSpeech|com.apple.siri.tts.resource.en_US|1023.0.0.13.204554,0
time=2026-08-08_02:34:11 op=MOD_CLIENT_LOCK             client=manager                  count=0497 selector=UAF.Siri.TextToSpeech|com.apple.siri.tts.voice.en_US.damon.natural.premium|5031.0.0.13.204317,0
time=2026-08-08_02:34:11 op=MOD_CLIENT_LOCK             client=manager                  count=0498 selector=UAF.Siri.TextToSpeech|com.apple.siri.tts.voice.en_US.simone.neural.premium|1276.0.0.13.202389,0
time=2026-08-08_02:34:11 op=MOD_CLIENT_LOCK             client=manager                  count=0499 selector=UAF.Siri.TextToSpeech|com.apple.siri.tts.voice.ru_RU.yelena.neural.premium|1125.0.0.13.202392,0
time=2026-08-08_02:34:11 op=MOD_CLIENT_LOCK             client=manager                  count=0500 selector=UAF.Siri.TextToSpeech|com.apple.siri.tts.customvoice.global|5008.0.0.13.204542,0
time=2026-08-08_02:34:11 op=MOD_CLIENT_LOCK             client=manager                  count=0501 selector=UAF.Siri.TextToSpeech|com.apple.siri.tts.resource.ru_RU|283.0.0.13.202389,0
time=2026-08-08_02:34:11 op=MOD_CLIENT_LOCK             client=manager                  count=0502 selector=UAF.Siri.TextToSpeech|com.apple.siri.tts.voice.en_US.simone.natural.premium|5029.0.0.13.202896,0
time=2026-08-08_02:34:11 op=MOD_CLIENT_LOCK             client=manager                  count=0503 selector=setAtomicInstance:3DD96057-49DA-4E4B-A29C-EF78273BC8E1
time=2026-08-08_02:34:11 op=MOD_CLIENT_LOCK             client=com.apple.UnifiedAssetFr count=0502 selector=UAF.Siri.TextToSpeech|com.apple.siri.tts.resource.en_US|1023.0.0.13.204554,0
time=2026-08-08_02:34:11 op=MOD_CLIENT_LOCK             client=com.apple.UnifiedAssetFr count=0501 selector=UAF.Siri.TextToSpeech|com.apple.siri.tts.voice.en_US.damon.natural.premium|5031.0.0.13.204317,0
time=2026-08-08_02:34:11 op=MOD_CLIENT_LOCK             client=com.apple.UnifiedAssetFr count=0500 selector=UAF.Siri.TextToSpeech|com.apple.siri.tts.voice.en_US.simone.neural.premium|1276.0.0.13.202389,0
time=2026-08-08_02:34:11 op=MOD_CLIENT_LOCK             client=com.apple.UnifiedAssetFr count=0499 selector=UAF.Siri.TextToSpeech|com.apple.siri.tts.voice.ru_RU.yelena.neural.premium|1125.0.0.13.202392,0
time=2026-08-08_02:34:11 op=MOD_CLIENT_LOCK             client=com.apple.UnifiedAssetFr count=0498 selector=UAF.Siri.TextToSpeech|com.apple.siri.tts.customvoice.global|5008.0.0.13.204542,0
time=2026-08-08_02:34:11 op=MOD_CLIENT_LOCK             client=com.apple.UnifiedAssetFr count=0497 selector=UAF.Siri.TextToSpeech|com.apple.siri.tts.resource.ru_RU|283.0.0.13.202389,0
time=2026-08-08_02:34:11 op=MOD_CLIENT_LOCK             client=com.apple.UnifiedAssetFr count=0496 selector=UAF.Siri.TextToSpeech|com.apple.siri.tts.voice.en_US.simone.natural.premium|5029.0.0.13.202896,0
time=2026-08-08_02:34:11 op=MOD_CLIENT_LOCK             client=com.apple.UnifiedAssetFr count=0495 selector=setAtomicInstance:3DD96057-49DA-4E4B-A29C-EF78273BC8E1
time=2026-08-08_02:34:19 op=MOD_CLIENT_LOCK             client=manager                  count=0496 selector=UAF.FM.GenerativeModels|com.apple.gm.server.instruct_server_v1.stx_multimodal.generic|12.20.0.13.202548,0
time=2026-08-08_02:34:19 op=MOD_CLIENT_LOCK             client=manager                  count=0497 selector=UAF.FM.GenerativeModels|com.apple.fm.language.instruct_3b.auto_tagger.generic|12.0.0.13.101733,0
time=2026-08-08_02:34:19 op=MOD_CLIENT_LOCK             client=manager                  count=0498 selector=UAF.FM.GenerativeModels|com.apple.fm.language.instruct_3b.fm_api_generic.generic|14.3.0.13.103052,0
time=2026-08-08_02:34:19 op=MOD_CLIENT_LOCK             client=manager                  count=0499 selector=UAF.FM.GenerativeModels|com.apple.fm.language.instruct_3b.image_playground_edit_suggestions.draft.generic|14.4.81620.13.204532,0
time=2026-08-08_02:34:19 op=MOD_CLIENT_LOCK             client=manager                  count=0500 selector=UAF.FM.GenerativeModels|com.apple.fm.language.instruct_3b.holdassistwaittime.adapter_metadata_override.generic|14.0.0.13.204214,0
time=2026-08-08_02:34:19 op=MOD_CLIENT_LOCK             client=manager                  count=0501 selector=UAF.FM.GenerativeModels|com.apple.fm.language.instruct_300m.open_ended_extract.draft.generic|14.6.81620.13.204618,0
time=2026-08-08_02:34:19 op=MOD_CLIENT_LOCK             client=manager                  count=0502 selector=UAF.FM.GenerativeModels|com.apple.fm.language.instruct_3b.proofreading_review.draft.generic|14.3.81620.13.204588,0
time=2026-08-08_02:34:19 op=MOD_CLIENT_LOCK             client=manager                  count=0503 selector=UAF.FM.GenerativeModels|com.apple.gm.server.instruct_server_v1.open_ended_tone.generic|12.24.0.13.202614,0
time=2026-08-08_02:34:19 op=MOD_CLIENT_LOCK             client=manager                  count=0504 selector=UAF.FM.GenerativeModels|com.apple.fm.language.instruct_3b.safari_magic_extensions_app_store_search_terms.adapter_metadata_override.generic|14.2.0.13.204246,0
time=2026-08-08_02:34:19 op=MOD_CLIENT_LOCK             client=manager                  count=0505 selector=UAF.FM.GenerativeModels|com.apple.fm.language.instruct_300m.base.generic|14.2.81616.13.204479,0
time=2026-08-08_02:34:19 op=MOD_CLIENT_LOCK             client=manager                  count=0506 selector=UAF.FM.GenerativeModels|com.apple.gm.server.instruct_server_v1.open_ended_tone_query_response_v2.generic|12.0.0.13.202237,0
time=2026-08-08_02:34:19 op=MOD_CLIENT_LOCK             client=manager                  count=0507 selector=UAF.FM.GenerativeModels|com.apple.safety.output.configuration.generic|0.1.12.13.204550,0
time=2026-08-08_02:34:19 op=MOD_CLIENT_LOCK             client=manager                  count=0508 selector=UAF.FM.GenerativeModels|com.apple.fm.language.instruct_300m.voice_control_ai_v2.generic|14.0.0.13.102983,0
time=2026-08-08_02:34:19 op=MOD_CLIENT_LOCK             client=manager                  count=0509 selector=UAF.FM.GenerativeModels|com.apple.fm.language.instruct_300m.open_ended_extract.generic|14.6.0.13.103079,0
time=2026-08-08_02:34:19 op=MOD_CLIENT_LOCK             client=manager                  count=0510 selector=UAF.FM.GenerativeModels|com.apple.fm.language.instruct_3b.messages_action.generic|14.4.0.13.103022,0
time=2026-08-08_02:34:19 op=MOD_CLIENT_LOCK             client=manager                  count=0511 selector=UAF.FM.GenerativeModels|com.apple.gm.server.instruct_server_v1.concise_tone.generic|11.0.0.13.202352,0
time=2026-08-08_02:34:19 op=MOD_CLIENT_LOCK             client=manager                  count=0512 selector=UAF.FM.GenerativeModels|com.apple.fm.language.instruct_3b.photos_library_understanding_mm.generic|14.4.0.13.102983,0
time=2026-08-08_02:34:19 op=MOD_CLIENT_LOCK             client=manager                  count=0513 selector=UAF.FM.GenerativeModels|com.apple.fm.language.instruct_3b.summarization.generic|14.5.0.13.102983,0
time=2026-08-08_02:34:19 op=MOD_CLIENT_LOCK             client=manager                  count=0514 selector=UAF.FM.GenerativeModels|com.apple.fm.language.instruct_3b.reminders_suggest_action_items.draft.generic|14.1.81616.13.204506,0
time=2026-08-08_02:34:19 op=MOD_CLIENT_LOCK             client=manager                  count=0515 selector=UAF.FM.GenerativeModels|com.apple.gm.server.instruct_server_v1.magic_rewrite.generic|11.0.0.13.202352,0
time=2026-08-08_02:34:19 op=MOD_CLIENT_LOCK             client=manager                  count=0516 selector=UAF.FM.GenerativeModels|com.apple.fm.language.instruct_3b.fm_api_content_tagger.adapter_metadata_override.generic|14.3.0.13.204529,0
time=2026-08-08_02:34:19 op=MOD_CLIENT_LOCK             client=manager                  count=0517 selector=UAF.FM.GenerativeModels|com.apple.fm.language.instruct_300m.action_validator.generic|14.2.0.13.102983,0
time=2026-08-08_02:34:19 op=MOD_CLIENT_LOCK             client=manager                  count=0518 selector=UAF.FM.GenerativeModels|com.apple.fm.language.instruct_3b.personalized_smart_reply.generic|14.3.0.13.103022,0
time=2026-08-08_02:34:19 op=MOD_CLIENT_LOCK             client=manager                  count=0519 selector=UAF.FM.GenerativeModels|com.apple.fm.language.instruct_300m.ipi_classifier.generic|14.2.0.13.102983,0
time=2026-08-08_02:34:19 op=MOD_CLIENT_LOCK             client=manager                  count=0520 selector=UAF.FM.GenerativeModels|com.apple.fm.language.instruct_300m.tokenizer.generic|14.2.0.13.204358,0
time=2026-08-08_02:34:19 op=MOD_CLIENT_LOCK             client=manager                  count=0521 selector=UAF.FM.GenerativeModels|com.apple.fm.language.instruct_3b.wallet_receipt_linking.adapter_metadata_override.generic|14.2.0.13.204390,0
time=2026-08-08_02:34:19 op=MOD_CLIENT_LOCK             client=manager                  count=0522 selector=UAF.FM.GenerativeModels|com.apple.gm.server.instruct_server_v1.mail_reply_long_form_basic.generic|12.0.0.13.202237,0
time=2026-08-08_02:34:19 op=MOD_CLIENT_LOCK             client=manager                  count=0523 selector=UAF.FM.GenerativeModels|com.apple.fm.language.instruct_9m.text_event_extraction_classifier.tokenizer.generic|1.0.0.13.203902,0
time=2026-08-08_02:34:19 op=MOD_CLIENT_LOCK             client=manager                  count=0524 selector=UAF.FM.GenerativeModels|com.apple.gm.server.instruct_server_v1.text_summarizer.generic|12.0.0.13.202237,0
time=2026-08-08_02:34:19 op=MOD_CLIENT_LOCK             client=manager                  count=0525 selector=UAF.FM.GenerativeModels|com.apple.fm.language.instruct_3b.news_topic_summarization.draft.generic|14.4.81620.13.204493,0
time=2026-08-08_02:34:19 op=MOD_CLIENT_LOCK             client=manager                  count=0526 selector=UAF.FM.GenerativeModels|com.apple.gm.server.instruct_server_small.safety_nsfw.generic|13.10008.0.13.204170,0
time=2026-08-08_02:34:19 op=MOD_CLIENT_LOCK             client=manager                  count=0527 selector=UAF.FM.GenerativeModels|com.apple.fm.language.instruct_3b.shortcuts_ask_afm_action_3b.adapter_metadata_override.generic|14.2.0.13.204397,0
time=2026-08-08_02:34:19 op=MOD_CLIENT_LOCK             client=manager                  count=0528 selector=UAF.FM.GenerativeModels|com.apple.fm.language.instruct_3b.video_caption.generic|13.10000.0.13.102795,0
time=2026-08-08_02:34:19 op=MOD_CLIENT_LOCK             client=manager                  count=0529 selector=UAF.FM.GenerativeModels|com.apple.fm.language.instruct_300m.voice_control_ai_v2.image_tokenizer_adapter.generic|14.0.0.13.102983,0
time=2026-08-08_02:34:19 op=MOD_CLIENT_LOCK             client=manager                  count=0530 selector=UAF.FM.GenerativeModels|com.apple.fm.language.instruct_3b.text_person_extraction.draft.generic|14.1.81616.13.204506,0
time=2026-08-08_02:34:19 op=MOD_CLIENT_LOCK             client=manager                  count=0531 selector=UAF.FM.GenerativeModels|com.apple.fm.language.instruct_3b.shortcuts_ask_afm_action_3b_v2.draft.generic|10.34.81616.13.204506,0
time=2026-08-08_02:34:19 op=MOD_CLIENT_LOCK             client=manager                  count=0532 selector=UAF.FM.GenerativeModels|com.apple.gm.server.instruct_server_v1.mail_reply_long_form_rewrite.generic|12.0.0.13.202237,0
time=2026-08-08_02:34:19 op=MOD_CLIENT_LOCK             client=manager                  count=0533 selector=UAF.FM.GenerativeModels|com.apple.fm.language.instruct_300m.factual_consistency_classifier.generic|14.0.0.13.102983,0
time=2026-08-08_02:34:19 op=MOD_CLIENT_LOCK             client=manager                  count=0534 selector=UAF.FM.GenerativeModels|com.apple.fm.language.instruct_3b.proofreading_review.generic|14.3.0.13.103056,0
time=2026-08-08_02:34:19 op=MOD_CLIENT_LOCK             client=manager                  count=0535 selector=UAF.FM.GenerativeModels|com.apple.gm.server.instruct_server_v1.photos_memories_storyteller_v2.generic|12.0.0.13.202237,0
time=2026-08-08_02:34:19 op=MOD_CLIENT_LOCK             client=manager                  count=0536 selector=UAF.FM.GenerativeModels|com.apple.gm.server.instruct_server_v1.photos_memories_global_traits_v3.generic|12.0.0.13.202237,0
time=2026-08-08_02:34:19 op=MOD_CLIENT_LOCK             client=manager                  count=0537 selector=UAF.FM.GenerativeModels|com.apple.fm.language.instruct_3b.reminders_suggest_action_items.generic|14.1.0.13.102983,0
time=2026-08-08_02:34:19 op=MOD_CLIENT_LOCK             client=manager                  count=0538 selector=UAF.FM.GenerativeModels|com.apple.gm.server.instruct_server_v1.photos_memories_global_traits_v2.generic|12.0.0.13.202237,0
time=2026-08-08_02:34:19 op=MOD_CLIENT_LOCK             client=manager                  count=0539 selector=UAF.FM.GenerativeModels|com.apple.gm.translate_fm.machine_translation.alignment.generic|14.2.0.13.204473,0
time=2026-08-08_02:34:19 op=MOD_CLIENT_LOCK             client=manager                  count=0540 selector=UAF.FM.GenerativeModels|com.apple.gm.server.instruct_server_v1.takeaways_transform.generic|12.0.0.13.202237,0
time=2026-08-08_02:34:19 op=MOD_CLIENT_LOCK             client=manager                  count=0541 selector=UAF.FM.GenerativeModels|com.apple.fm.language.instruct_3b.smart_naming.generic|14.1.0.13.102983,0
time=2026-08-08_02:34:19 op=MOD_CLIENT_LOCK             client=manager                  count=0542 selector=UAF.FM.GenerativeModels|com.apple.fm.language.instruct_3b.mail_reply.draft.generic|14.1.81616.13.204493,0
time=2026-08-08_02:34:19 op=MOD_CLIENT_LOCK             client=manager                  count=0543 selector=UAF.FM.GenerativeModels|com.apple.fm.language.instruct_3b.summarization.draft.generic|14.5.81616.13.204506,0
time=2026-08-08_02:34:19 op=MOD_CLIENT_LOCK             client=manager                  count=0544 selector=UAF.FM.GenerativeModels|com.apple.fm.language.instruct_3b.open_ended_extract.generic|14.5.0.13.103087,0
time=2026-08-08_02:34:19 op=MOD_CLIENT_LOCK             client=manager                  count=0545 selector=UAF.FM.GenerativeModels|com.apple.fm.language.instruct_300m.mm_guard.generic|14.1.0.13.102996,0
time=2026-08-08_02:34:19 op=MOD_CLIENT_LOCK             client=manager                  count=0546 selector=UAF.FM.GenerativeModels|com.apple.fm.language.instruct_3b.safari_notify_me_when_suggestions.adapter_metadata_override.generic|14.2.0.13.204246,0
time=2026-08-08_02:34:19 op=MOD_CLIENT_LOCK             client=manager                  count=0547 selector=UAF.FM.GenerativeModels|com.apple.fm.generativemodels.uaf.metadata|4.46.1.13.202222,0
time=2026-08-08_02:34:19 op=MOD_CLIENT_LOCK             client=manager                  count=0548 selector=UAF.FM.GenerativeModels|com.apple.fm.language.instruct_3b.mail_reply.generic|14.1.0.13.102983,0
time=2026-08-08_02:34:19 op=MOD_CLIENT_LOCK             client=manager                  count=0549 selector=UAF.FM.GenerativeModels|com.apple.fm.language.instruct_9m.text_event_extraction_classifier.base.generic|1.1.81616.13.204119,0
time=2026-08-08_02:34:19 op=MOD_CLIENT_LOCK             client=manager                  count=0550 selector=UAF.FM.GenerativeModels|com.apple.gm.translate_fm.machine_translation.phrasebook.generic|15.0.0.13.204594,0
time=2026-08-08_02:34:19 op=MOD_CLIENT_LOCK             client=manager                  count=0551 selector=UAF.FM.GenerativeModels|com.apple.fm.language.instruct_3b.embedding_preprocessor.generic|14.3.0.13.102917,0
time=2026-08-08_02:34:19 op=MOD_CLIENT_LOCK             client=manager                  count=0552 selector=UAF.FM.GenerativeModels|com.apple.fm.language.instruct_3b.lw_planner_v1.draft.generic|14.7.81620.13.204535,0
time=2026-08-08_02:34:19 op=MOD_CLIENT_LOCK             client=manager                  count=0553 selector=UAF.FM.GenerativeModels|com.apple.gm.server.instruct_server_v1.reminders_auto_categorized_list.generic|12.0.0.13.202237,0
time=2026-08-08_02:34:19 op=MOD_CLIENT_LOCK             client=manager                  count=0554 selector=UAF.FM.GenerativeModels|com.apple.fm.language.instruct_300m.prepubescent_safety.generic|14.0.0.13.102983,0
time=2026-08-08_02:34:19 op=MOD_CLIENT_LOCK             client=manager                  count=0555 selector=UAF.FM.GenerativeModels|com.apple.fm.language.instruct_3b.photos_memories_title.adapter_metadata_override.generic|14.1.0.13.204251,0
time=2026-08-08_02:34:19 op=MOD_CLIENT_LOCK             client=manager                  count=0556 selector=UAF.FM.GenerativeModels|com.apple.fm.language.instruct_3b.ui_grounding.generic|14.0.0.13.102983,0
time=2026-08-08_02:34:19 op=MOD_CLIENT_LOCK             client=manager                  count=0557 selector=UAF.FM.GenerativeModels|com.apple.gm.server.instruct_server_v1.shortcuts_ask_afm_action_v2.generic|12.54.0.13.203908,0
time=2026-08-08_02:34:19 op=MOD_CLIENT_LOCK             client=manager                  count=0558 selector=UAF.FM.GenerativeModels|com.apple.fm.language.instruct_3b.machine_translation.generic|14.0.0.13.102983,0
time=2026-08-08_02:34:19 op=MOD_CLIENT_LOCK             client=manager                  count=0559 selector=UAF.FM.GenerativeModels|com.apple.fm.language.instruct_3b.text_person_extraction.generic|14.1.0.13.102983,0
time=2026-08-08_02:34:19 op=MOD_CLIENT_LOCK             client=manager                  count=0560 selector=UAF.FM.GenerativeModels|com.apple.gm.server.instruct_server_v1.photos_memories_query_understanding_v3.generic|12.4.0.13.202298,0
time=2026-08-08_02:34:19 op=MOD_CLIENT_LOCK             client=manager                  count=0561 selector=UAF.FM.GenerativeModels|com.apple.fm.language.instruct_3b.adm_prompt_analyzer.generic|14.0.0.13.102983,0
time=2026-08-08_02:34:19 op=MOD_CLIENT_LOCK             client=manager                  count=0562 selector=UAF.FM.GenerativeModels|com.apple.gm.server.instruct_server_small.model_abuse_guardrail.generic|13.10007.0.13.204344,0
time=2026-08-08_02:34:19 op=MOD_CLIENT_LOCK             client=manager                  count=0563 selector=UAF.FM.GenerativeModels|com.apple.fm.language.instruct_3b.news_topic_summarization.generic|14.4.0.13.102983,0
time=2026-08-08_02:34:19 op=MOD_CLIENT_LOCK             client=manager                  count=0564 selector=UAF.FM.GenerativeModels|com.apple.mm_guard.output.configuration.generic|0.0.3.13.204435,0
time=2026-08-08_02:34:19 op=MOD_CLIENT_LOCK             client=manager                  count=0565 selector=UAF.FM.GenerativeModels|com.apple.fm.language.instruct_3b.siri_user_experience_analysis.adapter_metadata_override.generic|14.3.0.13.204514,0
time=2026-08-08_02:34:19 op=MOD_CLIENT_LOCK             client=manager                  count=0566 selector=UAF.FM.GenerativeModels|com.apple.fm.language.instruct_3b.image_encoder.generic|14.1.81616.13.204237,0
time=2026-08-08_02:34:19 op=MOD_CLIENT_LOCK             client=manager                  count=0567 selector=UAF.FM.GenerativeModels|com.apple.fm.language.instruct_3b.suggest_recipe_items.draft.generic|14.1.81616.13.204506,0
time=2026-08-08_02:34:19 op=MOD_CLIENT_LOCK             client=manager                  count=0568 selector=UAF.FM.GenerativeModels|com.apple.gm.server.instruct_server_v1.open_ended_schema.generic|12.10.0.13.202386,0
time=2026-08-08_02:34:19 op=MOD_CLIENT_LOCK             client=manager                  count=0569 selector=UAF.FM.GenerativeModels|com.apple.gm.server.instruct_server_v1.open_ended_tone_query_response.generic|12.0.0.13.202237,0
time=2026-08-08_02:34:19 op=MOD_CLIENT_LOCK             client=manager                  count=0570 selector=UAF.FM.GenerativeModels|com.apple.gm.server.instruct_server_v1.photos_memories_asset_curation_v2.generic|12.0.0.13.202237,0
time=2026-08-08_02:34:19 op=MOD_CLIENT_LOCK             client=manager                  count=0571 selector=UAF.FM.GenerativeModels|com.apple.fm.language.instruct_3b.homekit_summary_notifications.adapter_metadata_override.generic|14.3.0.13.204514,0
time=2026-08-08_02:34:19 op=MOD_CLIENT_LOCK             client=manager                  count=0572 selector=UAF.FM.GenerativeModels|com.apple.fm.language.instruct_3b.fm_api_generic.draft.generic|14.3.81620.13.204585,0
time=2026-08-08_02:34:19 op=MOD_CLIENT_LOCK             client=manager                  count=0573 selector=UAF.FM.GenerativeModels|com.apple.fm.language.instruct_3b.photos_memories_asset_curation_outlier.draft.generic|14.1.81616.13.204493,0
time=2026-08-08_02:34:19 op=MOD_CLIENT_LOCK             client=manager                  count=0574 selector=UAF.FM.GenerativeModels|com.apple.gm.server.instruct_server_v1.professional_tone.generic|12.0.0.13.202237,0
time=2026-08-08_02:34:19 op=MOD_CLIENT_LOCK             client=manager                  count=0575 selector=UAF.FM.GenerativeModels|com.apple.fm.language.instruct_3b.embeddings.generic|14.0.81620.13.204579,0
time=2026-08-08_02:34:19 op=MOD_CLIENT_LOCK             client=manager                  count=0576 selector=UAF.FM.GenerativeModels|com.apple.gm.server.instruct_server_v1.generative_shortcuts.generic|12.16.0.13.202468,0
time=2026-08-08_02:34:19 op=MOD_CLIENT_LOCK             client=manager                  count=0577 selector=UAF.FM.GenerativeModels|com.apple.gm.server.instruct_server_v1.fitness_workout_voice.generic|12.51.0.13.203500,0
time=2026-08-08_02:34:19 op=MOD_CLIENT_LOCK             client=manager                  count=0578 selector=UAF.FM.GenerativeModels|com.apple.fm.language.instruct_3b.urgency_classification.generic|14.3.0.13.102997,0
time=2026-08-08_02:34:19 op=MOD_CLIENT_LOCK             client=manager                  count=0579 selector=UAF.FM.GenerativeModels|com.apple.gm.server.instruct_server_v1.shortcuts_ask_afm_action.generic|11.19.0.13.202352,0
time=2026-08-08_02:34:19 op=MOD_CLIENT_LOCK             client=manager                  count=0580 selector=UAF.FM.GenerativeModels|com.apple.fm.language.instruct_3b.shortcuts_ask_afm_action_3b_v2.generic|10.34.0.13.101897,0
time=2026-08-08_02:34:19 op=MOD_CLIENT_LOCK             client=manager                  count=0581 selector=UAF.FM.GenerativeModels|com.apple.gm.server.instruct_server_v1.mail_reply_qa.generic|12.0.0.13.202237,0
time=2026-08-08_02:34:19 op=MOD_CLIENT_LOCK             client=manager                  count=0582 selector=UAF.FM.GenerativeModels|com.apple.fm.language.instruct_3b.open_ended_extract.draft.generic|14.5.81620.13.204628,0
time=2026-08-08_02:34:19 op=MOD_CLIENT_LOCK             client=manager                  count=0583 selector=UAF.FM.GenerativeModels|com.apple.fm.language.instruct_300m.image_tokenizer.generic|14.2.81616.13.204479,0
time=2026-08-08_02:34:19 op=MOD_CLIENT_LOCK             client=manager                  count=0584 selector=UAF.FM.GenerativeModels|com.apple.fm.language.instruct_300m.misc_safety.generic|14.0.0.13.102983,0
time=2026-08-08_02:34:19 op=MOD_CLIENT_LOCK             client=manager                  count=0585 selector=UAF.FM.GenerativeModels|com.apple.gm.server.instruct_server_v1.bullets_transform.generic|12.4.0.13.202298,0
time=2026-08-08_02:34:19 op=MOD_CLIENT_LOCK             client=manager                  count=0586 selector=UAF.FM.GenerativeModels|com.apple.fm.language.instruct_3b.suggest_recipe_items.generic|14.1.0.13.102983,0
time=2026-08-08_02:34:19 op=MOD_CLIENT_LOCK             client=manager                  count=0587 selector=UAF.FM.GenerativeModels|com.apple.fm.language.instruct_3b.tokenizer.generic|14.0.0.13.204214,0
time=2026-08-08_02:34:19 op=MOD_CLIENT_LOCK             client=manager                  count=0588 selector=UAF.FM.GenerativeModels|com.apple.fm.language.instruct_3b.base.generic|14.0.81616.13.204490,0
time=2026-08-08_02:34:19 op=MOD_CLIENT_LOCK             client=manager                  count=0589 selector=UAF.FM.GenerativeModels|com.apple.fm.language.instruct_3b.machine_translation.draft.generic|14.0.81616.13.204493,0
time=2026-08-08_02:34:19 op=MOD_CLIENT_LOCK             client=manager                  count=0590 selector=UAF.FM.GenerativeModels|com.apple.fm.language.instruct_3b.image_playground_edit_suggestions.generic|14.4.0.13.103021,0
time=2026-08-08_02:34:19 op=MOD_CLIENT_LOCK             client=manager                  count=0591 selector=UAF.FM.GenerativeModels|com.apple.fm.language.instruct_300m.structural_integrity.generic|14.0.0.13.102983,0
time=2026-08-08_02:34:19 op=MOD_CLIENT_LOCK             client=manager                  count=0592 selector=UAF.FM.GenerativeModels|com.apple.gm.server.instruct_server_v1.friendly_tone.generic|12.0.0.13.202237,0
time=2026-08-08_02:34:19 op=MOD_CLIENT_LOCK             client=manager                  count=0593 selector=UAF.FM.GenerativeModels|com.apple.fm.language.instruct_3b.safari_tab_group_topic.adapter_metadata_override.generic|14.5.0.13.204398,0
time=2026-08-08_02:34:19 op=MOD_CLIENT_LOCK             client=manager                  count=0594 selector=UAF.FM.GenerativeModels|com.apple.fm.language.instruct_3b.lw_planner_v1.generic|14.8.0.13.103045,0
time=2026-08-08_02:34:19 op=MOD_CLIENT_LOCK             client=manager                  count=0595 selector=UAF.FM.GenerativeModels|com.apple.fm.language.instruct_300m.safety.generic|14.2.0.13.103019,0
time=2026-08-08_02:34:19 op=MOD_CLIENT_LOCK             client=manager                  count=0596 selector=UAF.FM.GenerativeModels|com.apple.fm.language.instruct_3b.messages_action.draft.generic|14.4.81620.13.204533,0
time=2026-08-08_02:34:19 op=MOD_CLIENT_LOCK             client=manager                  count=0597 selector=UAF.FM.GenerativeModels|com.apple.fm.language.instruct_3b.photos_memories_asset_curation_outlier.generic|14.1.0.13.102983,0
time=2026-08-08_02:34:19 op=MOD_CLIENT_LOCK             client=manager                  count=0598 selector=UAF.FM.GenerativeModels|com.apple.fm.language.instruct_300m.gvicc.generic|14.1.0.13.102983,0
time=2026-08-08_02:34:19 op=MOD_CLIENT_LOCK             client=manager                  count=0599 selector=UAF.FM.GenerativeModels|com.apple.fm.language.instruct_300m.voice_control_ai.generic|14.1.0.13.102983,0
time=2026-08-08_02:34:19 op=MOD_CLIENT_LOCK             client=manager                  count=0600 selector=UAF.FM.GenerativeModels|com.apple.gm.server.instruct_server_v1.tables_transform.generic|12.0.0.13.202237,0
time=2026-08-08_02:34:19 op=MOD_CLIENT_LOCK             client=manager                  count=0601 selector=UAF.FM.GenerativeModels|com.apple.fm.language.instruct_3b.personalized_smart_reply.draft.generic|14.3.81620.13.204533,0
time=2026-08-08_02:34:19 op=MOD_CLIENT_LOCK             client=manager                  count=0602 selector=setAtomicInstance:6FAC987F-CB8E-424A-9235-3889F6140C4C
time=2026-08-08_02:34:20 op=MOD_CLIENT_LOCK             client=com.apple.UnifiedAssetFr count=0601 selector=UAF.FM.GenerativeModels|com.apple.gm.server.instruct_server_v1.stx_multimodal.generic|12.20.0.13.202548,0
time=2026-08-08_02:34:20 op=MOD_CLIENT_LOCK             client=com.apple.UnifiedAssetFr count=0600 selector=UAF.FM.GenerativeModels|com.apple.fm.language.instruct_3b.auto_tagger.generic|12.0.0.13.101733,0
time=2026-08-08_02:34:20 op=MOD_CLIENT_LOCK             client=com.apple.UnifiedAssetFr count=0599 selector=UAF.FM.GenerativeModels|com.apple.fm.language.instruct_3b.fm_api_generic.generic|14.3.0.13.103052,0
time=2026-08-08_02:34:20 op=MOD_CLIENT_LOCK             client=com.apple.UnifiedAssetFr count=0598 selector=UAF.FM.GenerativeModels|com.apple.fm.language.instruct_3b.image_playground_edit_suggestions.draft.generic|14.4.81620.13.204532,0
time=2026-08-08_02:34:20 op=MOD_CLIENT_LOCK             client=com.apple.UnifiedAssetFr count=0597 selector=UAF.FM.GenerativeModels|com.apple.fm.language.instruct_3b.holdassistwaittime.adapter_metadata_override.generic|14.0.0.13.204214,0
time=2026-08-08_02:34:20 op=MOD_CLIENT_LOCK             client=com.apple.UnifiedAssetFr count=0596 selector=UAF.FM.GenerativeModels|com.apple.fm.language.instruct_300m.open_ended_extract.draft.generic|14.6.81620.13.204618,0
time=2026-08-08_02:34:20 op=MOD_CLIENT_LOCK             client=com.apple.UnifiedAssetFr count=0595 selector=UAF.FM.GenerativeModels|com.apple.fm.language.instruct_3b.proofreading_review.draft.generic|14.3.81620.13.204588,0
time=2026-08-08_02:34:20 op=MOD_CLIENT_LOCK             client=com.apple.UnifiedAssetFr count=0594 selector=UAF.FM.GenerativeModels|com.apple.gm.server.instruct_server_v1.open_ended_tone.generic|12.24.0.13.202614,0
time=2026-08-08_02:34:21 op=MOD_CLIENT_LOCK             client=com.apple.UnifiedAssetFr count=0593 selector=UAF.FM.GenerativeModels|com.apple.fm.language.instruct_3b.safari_magic_extensions_app_store_search_terms.adapter_metadata_override.generic|14.2.0.13.204246,0
time=2026-08-08_02:34:21 op=MOD_CLIENT_LOCK             client=com.apple.UnifiedAssetFr count=0592 selector=UAF.FM.GenerativeModels|com.apple.fm.language.instruct_300m.base.generic|14.2.81616.13.204479,0
time=2026-08-08_02:34:21 op=MOD_CLIENT_LOCK             client=com.apple.UnifiedAssetFr count=0591 selector=UAF.FM.GenerativeModels|com.apple.gm.server.instruct_server_v1.open_ended_tone_query_response_v2.generic|12.0.0.13.202237,0
time=2026-08-08_02:34:21 op=MOD_CLIENT_LOCK             client=com.apple.UnifiedAssetFr count=0590 selector=UAF.FM.GenerativeModels|com.apple.safety.output.configuration.generic|0.1.12.13.204550,0
time=2026-08-08_02:34:21 op=MOD_CLIENT_LOCK             client=com.apple.UnifiedAssetFr count=0589 selector=UAF.FM.GenerativeModels|com.apple.fm.language.instruct_300m.voice_control_ai_v2.generic|14.0.0.13.102983,0
time=2026-08-08_02:34:21 op=MOD_CLIENT_LOCK             client=com.apple.UnifiedAssetFr count=0588 selector=UAF.FM.GenerativeModels|com.apple.fm.language.instruct_300m.open_ended_extract.generic|14.6.0.13.103079,0
time=2026-08-08_02:34:21 op=MOD_CLIENT_LOCK             client=com.apple.UnifiedAssetFr count=0587 selector=UAF.FM.GenerativeModels|com.apple.fm.language.instruct_3b.messages_action.generic|14.4.0.13.103022,0
time=2026-08-08_02:34:21 op=MOD_CLIENT_LOCK             client=com.apple.UnifiedAssetFr count=0586 selector=UAF.FM.GenerativeModels|com.apple.gm.server.instruct_server_v1.concise_tone.generic|11.0.0.13.202352,0
time=2026-08-08_02:34:21 op=MOD_CLIENT_LOCK             client=com.apple.UnifiedAssetFr count=0585 selector=UAF.FM.GenerativeModels|com.apple.fm.language.instruct_3b.photos_library_understanding_mm.generic|14.4.0.13.102983,0
time=2026-08-08_02:34:21 op=MOD_CLIENT_LOCK             client=com.apple.UnifiedAssetFr count=0584 selector=UAF.FM.GenerativeModels|com.apple.fm.language.instruct_3b.summarization.generic|14.5.0.13.102983,0
time=2026-08-08_02:34:21 op=MOD_CLIENT_LOCK             client=com.apple.UnifiedAssetFr count=0583 selector=UAF.FM.GenerativeModels|com.apple.fm.language.instruct_3b.reminders_suggest_action_items.draft.generic|14.1.81616.13.204506,0
time=2026-08-08_02:34:21 op=MOD_CLIENT_LOCK             client=com.apple.UnifiedAssetFr count=0582 selector=UAF.FM.GenerativeModels|com.apple.gm.server.instruct_server_v1.magic_rewrite.generic|11.0.0.13.202352,0
time=2026-08-08_02:34:21 op=MOD_CLIENT_LOCK             client=com.apple.UnifiedAssetFr count=0581 selector=UAF.FM.GenerativeModels|com.apple.fm.language.instruct_3b.fm_api_content_tagger.adapter_metadata_override.generic|14.3.0.13.204529,0
time=2026-08-08_02:34:21 op=MOD_CLIENT_LOCK             client=com.apple.UnifiedAssetFr count=0580 selector=UAF.FM.GenerativeModels|com.apple.fm.language.instruct_300m.action_validator.generic|14.2.0.13.102983,0
time=2026-08-08_02:34:21 op=MOD_CLIENT_LOCK             client=com.apple.UnifiedAssetFr count=0579 selector=UAF.FM.GenerativeModels|com.apple.fm.language.instruct_3b.personalized_smart_reply.generic|14.3.0.13.103022,0
time=2026-08-08_02:34:21 op=MOD_CLIENT_LOCK             client=com.apple.UnifiedAssetFr count=0578 selector=UAF.FM.GenerativeModels|com.apple.fm.language.instruct_300m.ipi_classifier.generic|14.2.0.13.102983,0
time=2026-08-08_02:34:21 op=MOD_CLIENT_LOCK             client=com.apple.UnifiedAssetFr count=0577 selector=UAF.FM.GenerativeModels|com.apple.fm.language.instruct_300m.tokenizer.generic|14.2.0.13.204358,0
time=2026-08-08_02:34:21 op=MOD_CLIENT_LOCK             client=com.apple.UnifiedAssetFr count=0576 selector=UAF.FM.GenerativeModels|com.apple.fm.language.instruct_3b.wallet_receipt_linking.adapter_metadata_override.generic|14.2.0.13.204390,0
time=2026-08-08_02:34:21 op=MOD_CLIENT_LOCK             client=com.apple.UnifiedAssetFr count=0575 selector=UAF.FM.GenerativeModels|com.apple.gm.server.instruct_server_v1.mail_reply_long_form_basic.generic|12.0.0.13.202237,0
time=2026-08-08_02:34:21 op=MOD_CLIENT_LOCK             client=com.apple.UnifiedAssetFr count=0574 selector=UAF.FM.GenerativeModels|com.apple.fm.language.instruct_9m.text_event_extraction_classifier.tokenizer.generic|1.0.0.13.203902,0
time=2026-08-08_02:34:21 op=MOD_CLIENT_LOCK             client=com.apple.UnifiedAssetFr count=0573 selector=UAF.FM.GenerativeModels|com.apple.gm.server.instruct_server_v1.text_summarizer.generic|12.0.0.13.202237,0
time=2026-08-08_02:34:21 op=MOD_CLIENT_LOCK             client=com.apple.UnifiedAssetFr count=0572 selector=UAF.FM.GenerativeModels|com.apple.fm.language.instruct_3b.news_topic_summarization.draft.generic|14.4.81620.13.204493,0
time=2026-08-08_02:34:21 op=MOD_CLIENT_LOCK             client=com.apple.UnifiedAssetFr count=0571 selector=UAF.FM.GenerativeModels|com.apple.gm.server.instruct_server_small.safety_nsfw.generic|13.10008.0.13.204170,0
time=2026-08-08_02:34:21 op=MOD_CLIENT_LOCK             client=com.apple.UnifiedAssetFr count=0570 selector=UAF.FM.GenerativeModels|com.apple.fm.language.instruct_3b.shortcuts_ask_afm_action_3b.adapter_metadata_override.generic|14.2.0.13.204397,0
time=2026-08-08_02:34:21 op=MOD_CLIENT_LOCK             client=com.apple.UnifiedAssetFr count=0569 selector=UAF.FM.GenerativeModels|com.apple.fm.language.instruct_3b.video_caption.generic|13.10000.0.13.102795,0
time=2026-08-08_02:34:21 op=MOD_CLIENT_LOCK             client=com.apple.UnifiedAssetFr count=0568 selector=UAF.FM.GenerativeModels|com.apple.fm.language.instruct_300m.voice_control_ai_v2.image_tokenizer_adapter.generic|14.0.0.13.102983,0
time=2026-08-08_02:34:21 op=MOD_CLIENT_LOCK             client=com.apple.UnifiedAssetFr count=0567 selector=UAF.FM.GenerativeModels|com.apple.fm.language.instruct_3b.text_person_extraction.draft.generic|14.1.81616.13.204506,0
time=2026-08-08_02:34:21 op=MOD_CLIENT_LOCK             client=com.apple.UnifiedAssetFr count=0566 selector=UAF.FM.GenerativeModels|com.apple.fm.language.instruct_3b.shortcuts_ask_afm_action_3b_v2.draft.generic|10.34.81616.13.204506,0
time=2026-08-08_02:34:21 op=MOD_CLIENT_LOCK             client=com.apple.UnifiedAssetFr count=0565 selector=UAF.FM.GenerativeModels|com.apple.gm.server.instruct_server_v1.mail_reply_long_form_rewrite.generic|12.0.0.13.202237,0
time=2026-08-08_02:34:21 op=MOD_CLIENT_LOCK             client=com.apple.UnifiedAssetFr count=0564 selector=UAF.FM.GenerativeModels|com.apple.fm.language.instruct_300m.factual_consistency_classifier.generic|14.0.0.13.102983,0
time=2026-08-08_02:34:21 op=MOD_CLIENT_LOCK             client=com.apple.UnifiedAssetFr count=0563 selector=UAF.FM.GenerativeModels|com.apple.fm.language.instruct_3b.proofreading_review.generic|14.3.0.13.103056,0
time=2026-08-08_02:34:21 op=MOD_CLIENT_LOCK             client=com.apple.UnifiedAssetFr count=0562 selector=UAF.FM.GenerativeModels|com.apple.gm.server.instruct_server_v1.photos_memories_storyteller_v2.generic|12.0.0.13.202237,0
time=2026-08-08_02:34:21 op=MOD_CLIENT_LOCK             client=com.apple.UnifiedAssetFr count=0561 selector=UAF.FM.GenerativeModels|com.apple.gm.server.instruct_server_v1.photos_memories_global_traits_v3.generic|12.0.0.13.202237,0
time=2026-08-08_02:34:21 op=MOD_CLIENT_LOCK             client=com.apple.UnifiedAssetFr count=0560 selector=UAF.FM.GenerativeModels|com.apple.fm.language.instruct_3b.reminders_suggest_action_items.generic|14.1.0.13.102983,0
time=2026-08-08_02:34:22 op=MOD_CLIENT_LOCK             client=com.apple.UnifiedAssetFr count=0559 selector=UAF.FM.GenerativeModels|com.apple.gm.server.instruct_server_v1.photos_memories_global_traits_v2.generic|12.0.0.13.202237,0
time=2026-08-08_02:34:22 op=MOD_CLIENT_LOCK             client=com.apple.UnifiedAssetFr count=0558 selector=UAF.FM.GenerativeModels|com.apple.gm.translate_fm.machine_translation.alignment.generic|14.2.0.13.204473,0
time=2026-08-08_02:34:22 op=MOD_CLIENT_LOCK             client=com.apple.UnifiedAssetFr count=0557 selector=UAF.FM.GenerativeModels|com.apple.gm.server.instruct_server_v1.takeaways_transform.generic|12.0.0.13.202237,0
time=2026-08-08_02:34:22 op=MOD_CLIENT_LOCK             client=com.apple.UnifiedAssetFr count=0556 selector=UAF.FM.GenerativeModels|com.apple.fm.language.instruct_3b.smart_naming.generic|14.1.0.13.102983,0
time=2026-08-08_02:34:22 op=MOD_CLIENT_LOCK             client=com.apple.UnifiedAssetFr count=0555 selector=UAF.FM.GenerativeModels|com.apple.fm.language.instruct_3b.mail_reply.draft.generic|14.1.81616.13.204493,0
time=2026-08-08_02:34:22 op=MOD_CLIENT_LOCK             client=com.apple.UnifiedAssetFr count=0554 selector=UAF.FM.GenerativeModels|com.apple.fm.language.instruct_3b.summarization.draft.generic|14.5.81616.13.204506,0
time=2026-08-08_02:34:22 op=MOD_CLIENT_LOCK             client=com.apple.UnifiedAssetFr count=0553 selector=UAF.FM.GenerativeModels|com.apple.fm.language.instruct_3b.open_ended_extract.generic|14.5.0.13.103087,0
time=2026-08-08_02:34:22 op=MOD_CLIENT_LOCK             client=com.apple.UnifiedAssetFr count=0552 selector=UAF.FM.GenerativeModels|com.apple.fm.language.instruct_300m.mm_guard.generic|14.1.0.13.102996,0
time=2026-08-08_02:34:22 op=MOD_CLIENT_LOCK             client=com.apple.UnifiedAssetFr count=0551 selector=UAF.FM.GenerativeModels|com.apple.fm.language.instruct_3b.safari_notify_me_when_suggestions.adapter_metadata_override.generic|14.2.0.13.204246,0
time=2026-08-08_02:34:22 op=MOD_CLIENT_LOCK             client=com.apple.UnifiedAssetFr count=0550 selector=UAF.FM.GenerativeModels|com.apple.fm.generativemodels.uaf.metadata|4.46.1.13.202222,0
time=2026-08-08_02:34:22 op=MOD_CLIENT_LOCK             client=com.apple.UnifiedAssetFr count=0549 selector=UAF.FM.GenerativeModels|com.apple.fm.language.instruct_3b.mail_reply.generic|14.1.0.13.102983,0
time=2026-08-08_02:34:22 op=MOD_CLIENT_LOCK             client=com.apple.UnifiedAssetFr count=0548 selector=UAF.FM.GenerativeModels|com.apple.fm.language.instruct_9m.text_event_extraction_classifier.base.generic|1.1.81616.13.204119,0
time=2026-08-08_02:34:22 op=MOD_CLIENT_LOCK             client=com.apple.UnifiedAssetFr count=0547 selector=UAF.FM.GenerativeModels|com.apple.gm.translate_fm.machine_translation.phrasebook.generic|15.0.0.13.204594,0
time=2026-08-08_02:34:22 op=MOD_CLIENT_LOCK             client=com.apple.UnifiedAssetFr count=0546 selector=UAF.FM.GenerativeModels|com.apple.fm.language.instruct_3b.embedding_preprocessor.generic|14.3.0.13.102917,0
time=2026-08-08_02:34:22 op=MOD_CLIENT_LOCK             client=com.apple.UnifiedAssetFr count=0545 selector=UAF.FM.GenerativeModels|com.apple.fm.language.instruct_3b.lw_planner_v1.draft.generic|14.7.81620.13.204535,0
time=2026-08-08_02:34:22 op=MOD_CLIENT_LOCK             client=com.apple.UnifiedAssetFr count=0544 selector=UAF.FM.GenerativeModels|com.apple.gm.server.instruct_server_v1.reminders_auto_categorized_list.generic|12.0.0.13.202237,0
time=2026-08-08_02:34:22 op=MOD_CLIENT_LOCK             client=com.apple.UnifiedAssetFr count=0543 selector=UAF.FM.GenerativeModels|com.apple.fm.language.instruct_300m.prepubescent_safety.generic|14.0.0.13.102983,0
time=2026-08-08_02:34:22 op=MOD_CLIENT_LOCK             client=com.apple.UnifiedAssetFr count=0542 selector=UAF.FM.GenerativeModels|com.apple.fm.language.instruct_3b.photos_memories_title.adapter_metadata_override.generic|14.1.0.13.204251,0
time=2026-08-08_02:34:22 op=MOD_CLIENT_LOCK             client=com.apple.UnifiedAssetFr count=0541 selector=UAF.FM.GenerativeModels|com.apple.fm.language.instruct_3b.ui_grounding.generic|14.0.0.13.102983,0
time=2026-08-08_02:34:22 op=MOD_CLIENT_LOCK             client=com.apple.UnifiedAssetFr count=0540 selector=UAF.FM.GenerativeModels|com.apple.gm.server.instruct_server_v1.shortcuts_ask_afm_action_v2.generic|12.54.0.13.203908,0
time=2026-08-08_02:34:22 op=MOD_CLIENT_LOCK             client=com.apple.UnifiedAssetFr count=0539 selector=UAF.FM.GenerativeModels|com.apple.fm.language.instruct_3b.machine_translation.generic|14.0.0.13.102983,0
time=2026-08-08_02:34:22 op=MOD_CLIENT_LOCK             client=com.apple.UnifiedAssetFr count=0538 selector=UAF.FM.GenerativeModels|com.apple.fm.language.instruct_3b.text_person_extraction.generic|14.1.0.13.102983,0
time=2026-08-08_02:34:22 op=MOD_CLIENT_LOCK             client=com.apple.UnifiedAssetFr count=0537 selector=UAF.FM.GenerativeModels|com.apple.gm.server.instruct_server_v1.photos_memories_query_understanding_v3.generic|12.4.0.13.202298,0
time=2026-08-08_02:34:22 op=MOD_CLIENT_LOCK             client=com.apple.UnifiedAssetFr count=0536 selector=UAF.FM.GenerativeModels|com.apple.fm.language.instruct_3b.adm_prompt_analyzer.generic|14.0.0.13.102983,0
time=2026-08-08_02:34:22 op=MOD_CLIENT_LOCK             client=com.apple.UnifiedAssetFr count=0535 selector=UAF.FM.GenerativeModels|com.apple.gm.server.instruct_server_small.model_abuse_guardrail.generic|13.10007.0.13.204344,0
time=2026-08-08_02:34:22 op=MOD_CLIENT_LOCK             client=com.apple.UnifiedAssetFr count=0534 selector=UAF.FM.GenerativeModels|com.apple.fm.language.instruct_3b.news_topic_summarization.generic|14.4.0.13.102983,0
time=2026-08-08_02:34:22 op=MOD_CLIENT_LOCK             client=com.apple.UnifiedAssetFr count=0533 selector=UAF.FM.GenerativeModels|com.apple.mm_guard.output.configuration.generic|0.0.3.13.204435,0
time=2026-08-08_02:34:22 op=MOD_CLIENT_LOCK             client=com.apple.UnifiedAssetFr count=0532 selector=UAF.FM.GenerativeModels|com.apple.fm.language.instruct_3b.siri_user_experience_analysis.adapter_metadata_override.generic|14.3.0.13.204514,0
time=2026-08-08_02:34:22 op=MOD_CLIENT_LOCK             client=com.apple.UnifiedAssetFr count=0531 selector=UAF.FM.GenerativeModels|com.apple.fm.language.instruct_3b.image_encoder.generic|14.1.81616.13.204237,0
time=2026-08-08_02:34:22 op=MOD_CLIENT_LOCK             client=com.apple.UnifiedAssetFr count=0530 selector=UAF.FM.GenerativeModels|com.apple.fm.language.instruct_3b.suggest_recipe_items.draft.generic|14.1.81616.13.204506,0
time=2026-08-08_02:34:22 op=MOD_CLIENT_LOCK             client=com.apple.UnifiedAssetFr count=0529 selector=UAF.FM.GenerativeModels|com.apple.gm.server.instruct_server_v1.open_ended_schema.generic|12.10.0.13.202386,0
time=2026-08-08_02:34:22 op=MOD_CLIENT_LOCK             client=com.apple.UnifiedAssetFr count=0528 selector=UAF.FM.GenerativeModels|com.apple.gm.server.instruct_server_v1.open_ended_tone_query_response.generic|12.0.0.13.202237,0
time=2026-08-08_02:34:22 op=MOD_CLIENT_LOCK             client=com.apple.UnifiedAssetFr count=0527 selector=UAF.FM.GenerativeModels|com.apple.gm.server.instruct_server_v1.photos_memories_asset_curation_v2.generic|12.0.0.13.202237,0
time=2026-08-08_02:34:22 op=MOD_CLIENT_LOCK             client=com.apple.UnifiedAssetFr count=0526 selector=UAF.FM.GenerativeModels|com.apple.fm.language.instruct_3b.homekit_summary_notifications.adapter_metadata_override.generic|14.3.0.13.204514,0
time=2026-08-08_02:34:22 op=MOD_CLIENT_LOCK             client=com.apple.UnifiedAssetFr count=0525 selector=UAF.FM.GenerativeModels|com.apple.fm.language.instruct_3b.fm_api_generic.draft.generic|14.3.81620.13.204585,0
time=2026-08-08_02:34:22 op=MOD_CLIENT_LOCK             client=com.apple.UnifiedAssetFr count=0524 selector=UAF.FM.GenerativeModels|com.apple.fm.language.instruct_3b.photos_memories_asset_curation_outlier.draft.generic|14.1.81616.13.204493,0
time=2026-08-08_02:34:22 op=MOD_CLIENT_LOCK             client=com.apple.UnifiedAssetFr count=0523 selector=UAF.FM.GenerativeModels|com.apple.gm.server.instruct_server_v1.professional_tone.generic|12.0.0.13.202237,0
time=2026-08-08_02:34:22 op=MOD_CLIENT_LOCK             client=com.apple.UnifiedAssetFr count=0522 selector=UAF.FM.GenerativeModels|com.apple.fm.language.instruct_3b.embeddings.generic|14.0.81620.13.204579,0
time=2026-08-08_02:34:22 op=MOD_CLIENT_LOCK             client=com.apple.UnifiedAssetFr count=0521 selector=UAF.FM.GenerativeModels|com.apple.gm.server.instruct_server_v1.generative_shortcuts.generic|12.16.0.13.202468,0
time=2026-08-08_02:34:22 op=MOD_CLIENT_LOCK             client=com.apple.UnifiedAssetFr count=0520 selector=UAF.FM.GenerativeModels|com.apple.gm.server.instruct_server_v1.fitness_workout_voice.generic|12.51.0.13.203500,0
time=2026-08-08_02:34:22 op=MOD_CLIENT_LOCK             client=com.apple.UnifiedAssetFr count=0519 selector=UAF.FM.GenerativeModels|com.apple.fm.language.instruct_3b.urgency_classification.generic|14.3.0.13.102997,0
time=2026-08-08_02:34:22 op=MOD_CLIENT_LOCK             client=com.apple.UnifiedAssetFr count=0518 selector=UAF.FM.GenerativeModels|com.apple.gm.server.instruct_server_v1.shortcuts_ask_afm_action.generic|11.19.0.13.202352,0
time=2026-08-08_02:34:22 op=MOD_CLIENT_LOCK             client=com.apple.UnifiedAssetFr count=0517 selector=UAF.FM.GenerativeModels|com.apple.fm.language.instruct_3b.shortcuts_ask_afm_action_3b_v2.generic|10.34.0.13.101897,0
time=2026-08-08_02:34:22 op=MOD_CLIENT_LOCK             client=com.apple.UnifiedAssetFr count=0516 selector=UAF.FM.GenerativeModels|com.apple.gm.server.instruct_server_v1.mail_reply_qa.generic|12.0.0.13.202237,0
time=2026-08-08_02:34:22 op=MOD_CLIENT_LOCK             client=com.apple.UnifiedAssetFr count=0515 selector=UAF.FM.GenerativeModels|com.apple.fm.language.instruct_3b.open_ended_extract.draft.generic|14.5.81620.13.204628,0
time=2026-08-08_02:34:22 op=MOD_CLIENT_LOCK             client=com.apple.UnifiedAssetFr count=0514 selector=UAF.FM.GenerativeModels|com.apple.fm.language.instruct_300m.image_tokenizer.generic|14.2.81616.13.204479,0
time=2026-08-08_02:34:22 op=MOD_CLIENT_LOCK             client=com.apple.UnifiedAssetFr count=0513 selector=UAF.FM.GenerativeModels|com.apple.fm.language.instruct_300m.misc_safety.generic|14.0.0.13.102983,0
time=2026-08-08_02:34:22 op=MOD_CLIENT_LOCK             client=com.apple.UnifiedAssetFr count=0512 selector=UAF.FM.GenerativeModels|com.apple.gm.server.instruct_server_v1.bullets_transform.generic|12.4.0.13.202298,0
time=2026-08-08_02:34:22 op=MOD_CLIENT_LOCK             client=com.apple.UnifiedAssetFr count=0511 selector=UAF.FM.GenerativeModels|com.apple.fm.language.instruct_3b.suggest_recipe_items.generic|14.1.0.13.102983,0
time=2026-08-08_02:34:22 op=MOD_CLIENT_LOCK             client=com.apple.UnifiedAssetFr count=0510 selector=UAF.FM.GenerativeModels|com.apple.fm.language.instruct_3b.tokenizer.generic|14.0.0.13.204214,0
time=2026-08-08_02:34:22 op=MOD_CLIENT_LOCK             client=com.apple.UnifiedAssetFr count=0509 selector=UAF.FM.GenerativeModels|com.apple.fm.language.instruct_3b.base.generic|14.0.81616.13.204490,0
time=2026-08-08_02:34:22 op=MOD_CLIENT_LOCK             client=com.apple.UnifiedAssetFr count=0508 selector=UAF.FM.GenerativeModels|com.apple.fm.language.instruct_3b.machine_translation.draft.generic|14.0.81616.13.204493,0
time=2026-08-08_02:34:22 op=MOD_CLIENT_LOCK             client=com.apple.UnifiedAssetFr count=0507 selector=UAF.FM.GenerativeModels|com.apple.fm.language.instruct_3b.image_playground_edit_suggestions.generic|14.4.0.13.103021,0
time=2026-08-08_02:34:22 op=MOD_CLIENT_LOCK             client=com.apple.UnifiedAssetFr count=0506 selector=UAF.FM.GenerativeModels|com.apple.fm.language.instruct_300m.structural_integrity.generic|14.0.0.13.102983,0
time=2026-08-08_02:34:22 op=MOD_CLIENT_LOCK             client=com.apple.UnifiedAssetFr count=0505 selector=UAF.FM.GenerativeModels|com.apple.gm.server.instruct_server_v1.friendly_tone.generic|12.0.0.13.202237,0
time=2026-08-08_02:34:22 op=MOD_CLIENT_LOCK             client=com.apple.UnifiedAssetFr count=0504 selector=UAF.FM.GenerativeModels|com.apple.fm.language.instruct_3b.safari_tab_group_topic.adapter_metadata_override.generic|14.5.0.13.204398,0
time=2026-08-08_02:34:22 op=MOD_CLIENT_LOCK             client=com.apple.UnifiedAssetFr count=0503 selector=UAF.FM.GenerativeModels|com.apple.fm.language.instruct_3b.lw_planner_v1.generic|14.8.0.13.103045,0
time=2026-08-08_02:34:22 op=MOD_CLIENT_LOCK             client=com.apple.UnifiedAssetFr count=0502 selector=UAF.FM.GenerativeModels|com.apple.fm.language.instruct_300m.safety.generic|14.2.0.13.103019,0
time=2026-08-08_02:34:22 op=MOD_CLIENT_LOCK             client=com.apple.UnifiedAssetFr count=0501 selector=UAF.FM.GenerativeModels|com.apple.fm.language.instruct_3b.messages_action.draft.generic|14.4.81620.13.204533,0
time=2026-08-08_02:34:22 op=MOD_CLIENT_LOCK             client=com.apple.UnifiedAssetFr count=0500 selector=UAF.FM.GenerativeModels|com.apple.fm.language.instruct_3b.photos_memories_asset_curation_outlier.generic|14.1.0.13.102983,0
time=2026-08-08_02:34:22 op=MOD_CLIENT_LOCK             client=com.apple.UnifiedAssetFr count=0499 selector=UAF.FM.GenerativeModels|com.apple.fm.language.instruct_300m.gvicc.generic|14.1.0.13.102983,0
time=2026-08-08_02:34:22 op=MOD_CLIENT_LOCK             client=com.apple.UnifiedAssetFr count=0498 selector=UAF.FM.GenerativeModels|com.apple.fm.language.instruct_300m.voice_control_ai.generic|14.1.0.13.102983,0
time=2026-08-08_02:34:22 op=MOD_CLIENT_LOCK             client=com.apple.UnifiedAssetFr count=0497 selector=UAF.FM.GenerativeModels|com.apple.gm.server.instruct_server_v1.tables_transform.generic|12.0.0.13.202237,0
time=2026-08-08_02:34:22 op=MOD_CLIENT_LOCK             client=com.apple.UnifiedAssetFr count=0496 selector=UAF.FM.GenerativeModels|com.apple.fm.language.instruct_3b.personalized_smart_reply.draft.generic|14.3.81620.13.204533,0
time=2026-08-08_02:34:22 op=MOD_CLIENT_LOCK             client=com.apple.UnifiedAssetFr count=0495 selector=setAtomicInstance:6FAC987F-CB8E-424A-9235-3889F6140C4C
time=2026-08-08_02:34:23 op=MOD_CLIENT_LOCK             client=manager                  count=0496 selector=UAF.Siri.DialogAssets|com.apple.siri.dialog.findmy.sirifindmy|35.12.101.13.102762,0
time=2026-08-08_02:34:23 op=MOD_CLIENT_LOCK             client=manager                  count=0497 selector=UAF.Siri.DialogAssets|com.apple.siri.dialog.sirisuggestionsbasemodel|25.3.101.13.102762,0
time=2026-08-08_02:34:23 op=MOD_CLIENT_LOCK             client=manager                  count=0498 selector=UAF.Siri.DialogAssets|com.apple.siri.dialog.homecommunicationflowdelegateplugin|35.1.101.13.102762,0
time=2026-08-08_02:34:23 op=MOD_CLIENT_LOCK             client=manager                  count=0499 selector=UAF.Siri.DialogAssets|com.apple.siri.dialog.geoflowdelegateplugin|35.3.101.13.102762,0
time=2026-08-08_02:34:23 op=MOD_CLIENT_LOCK             client=manager                  count=0500 selector=UAF.Siri.DialogAssets|com.apple.siri.dialog.siricontactsintents|35.2.101.13.102762,0
time=2026-08-08_02:34:23 op=MOD_CLIENT_LOCK             client=manager                  count=0501 selector=UAF.Siri.DialogAssets|com.apple.siri.dialog.siriidentityinternal|25.2.101.13.102762,0
time=2026-08-08_02:34:23 op=MOD_CLIENT_LOCK             client=manager                  count=0502 selector=UAF.Siri.DialogAssets|com.apple.siri.dialog.audio.audioflowdelegateplugin|35.4.101.13.102762,0
time=2026-08-08_02:34:23 op=MOD_CLIENT_LOCK             client=manager                  count=0503 selector=UAF.Siri.DialogAssets|com.apple.siri.dialog.siricalendarintents|25.2.101.13.102762,0
time=2026-08-08_02:34:23 op=MOD_CLIENT_LOCK             client=manager                  count=0504 selector=UAF.Siri.DialogAssets|com.apple.siri.dialog.sirisuggestions|25.3.101.13.102762,0
time=2026-08-08_02:34:23 op=MOD_CLIENT_LOCK             client=manager                  count=0505 selector=UAF.Siri.DialogAssets|com.apple.siri.dialog.sirivideointents|35.2.101.13.102762,0
time=2026-08-08_02:34:23 op=MOD_CLIENT_LOCK             client=manager                  count=0506 selector=UAF.Siri.DialogAssets|com.apple.siri.dialog.dialogengine|3401.5.101.13.101921,0
time=2026-08-08_02:34:23 op=MOD_CLIENT_LOCK             client=manager                  count=0507 selector=UAF.Siri.DialogAssets|com.apple.siri.dialog.siripaymentsintents|18.1.101.13.102762,0
time=2026-08-08_02:34:23 op=MOD_CLIENT_LOCK             client=manager                  count=0508 selector=UAF.Siri.DialogAssets|com.apple.siri.dialog.sirikitflow|35.11.101.13.102762,0
time=2026-08-08_02:34:23 op=MOD_CLIENT_LOCK             client=manager                  count=0509 selector=UAF.Siri.DialogAssets|com.apple.siri.dialog.siriexpanseinternal|14.1.101.13.102762,0
time=2026-08-08_02:34:23 op=MOD_CLIENT_LOCK             client=manager                  count=0510 selector=UAF.Siri.DialogAssets|com.apple.siri.dialog.generativeassistanttools.generativeassistantextension|10.10.101.13.102762,0
time=2026-08-08_02:34:23 op=MOD_CLIENT_LOCK             client=manager                  count=0511 selector=UAF.Siri.DialogAssets|com.apple.siri.dialog.audiosuggestionsplugin|35.4.101.13.102762,0
time=2026-08-08_02:34:23 op=MOD_CLIENT_LOCK             client=manager                  count=0512 selector=UAF.Siri.DialogAssets|com.apple.siri.dialog.camrootflowplugin|35.11.101.13.102762,0
time=2026-08-08_02:34:23 op=MOD_CLIENT_LOCK             client=manager                  count=0513 selector=UAF.Siri.DialogAssets|com.apple.siri.dialog.sirisystemcommands|25.1.101.13.102762,0
time=2026-08-08_02:34:23 op=MOD_CLIENT_LOCK             client=manager                  count=0514 selector=UAF.Siri.DialogAssets|com.apple.siri.dialog.siriplaybackcontrolintents|35.2.101.13.102762,0
time=2026-08-08_02:34:23 op=MOD_CLIENT_LOCK             client=manager                  count=0515 selector=UAF.Siri.DialogAssets|com.apple.siri.dialog.siriinferenceflow|25.2.101.13.102762,0
time=2026-08-08_02:34:23 op=MOD_CLIENT_LOCK             client=manager                  count=0516 selector=UAF.Siri.DialogAssets|com.apple.siri.dialog.clockflowplugin|35.10.101.13.102762,0
time=2026-08-08_02:34:23 op=MOD_CLIENT_LOCK             client=manager                  count=0517 selector=UAF.Siri.DialogAssets|com.apple.siri.dialog.siriapplaunchintents|36.2.101.13.102762,0
time=2026-08-08_02:34:23 op=MOD_CLIENT_LOCK             client=manager                  count=0518 selector=UAF.Siri.DialogAssets|com.apple.siri.dialog.sirireader|19.1.101.13.102762,0
time=2026-08-08_02:34:23 op=MOD_CLIENT_LOCK             client=manager                  count=0519 selector=UAF.Siri.DialogAssets|com.apple.siri.dialog.deviceexpert.deviceexpertintents|35.3.101.13.102762,0
time=2026-08-08_02:34:23 op=MOD_CLIENT_LOCK             client=manager                  count=0520 selector=UAF.Siri.DialogAssets|com.apple.siri.dialog.dailybriefingflowplugin|35.1.101.13.102762,0
time=2026-08-08_02:34:23 op=MOD_CLIENT_LOCK             client=manager                  count=0521 selector=UAF.Siri.DialogAssets|com.apple.siri.dialog.responsecatalog|1.14.101.13.102762,0
time=2026-08-08_02:34:23 op=MOD_CLIENT_LOCK             client=manager                  count=0522 selector=UAF.Siri.DialogAssets|com.apple.siri.dialog.homeautomationinternal|35.2.101.13.102762,0
time=2026-08-08_02:34:23 op=MOD_CLIENT_LOCK             client=manager                  count=0523 selector=UAF.Siri.DialogAssets|com.apple.siri.dialog.sirihearablesinteractionsdelegateplugin|3.1.101.13.102762,0
time=2026-08-08_02:34:23 op=MOD_CLIENT_LOCK             client=manager                  count=0524 selector=UAF.Siri.DialogAssets|com.apple.siri.dialog.siritranslationintents|23.1.101.13.102762,0
time=2026-08-08_02:34:23 op=MOD_CLIENT_LOCK             client=manager                  count=0525 selector=UAF.Siri.DialogAssets|com.apple.siri.dialog.sirilinkflowplugin|29.1.101.13.102762,0
time=2026-08-08_02:34:23 op=MOD_CLIENT_LOCK             client=manager                  count=0526 selector=UAF.Siri.DialogAssets|com.apple.siri.dialog.socialconversationflowdelegateplugin|14.7.101.13.102762,0
time=2026-08-08_02:34:23 op=MOD_CLIENT_LOCK             client=manager                  count=0527 selector=UAF.Siri.DialogAssets|com.apple.siri.dialog.messages.sirimessagesflow|36.2.101.13.102762,0
time=2026-08-08_02:34:23 op=MOD_CLIENT_LOCK             client=manager                  count=0528 selector=UAF.Siri.DialogAssets|com.apple.siri.dialog.requestdispatcherbridges|29.1.101.13.102762,0
time=2026-08-08_02:34:23 op=MOD_CLIENT_LOCK             client=manager                  count=0529 selector=UAF.Siri.DialogAssets|com.apple.siri.dialog.notebook.sirinotebook|35.2.101.13.102762,0
time=2026-08-08_02:34:23 op=MOD_CLIENT_LOCK             client=manager                  count=0530 selector=UAF.Siri.DialogAssets|com.apple.siri.dialog.sirikitruntime|35.11.101.13.102762,0
time=2026-08-08_02:34:23 op=MOD_CLIENT_LOCK             client=manager                  count=0531 selector=UAF.Siri.DialogAssets|com.apple.siri.dialog.workoutannouncements|35.14.101.13.102762,0
time=2026-08-08_02:34:23 op=MOD_CLIENT_LOCK             client=manager                  count=0532 selector=UAF.Siri.DialogAssets|com.apple.siri.dialog.sirinaturallanguagegeneration|19.1.101.13.102762,0
time=2026-08-08_02:34:23 op=MOD_CLIENT_LOCK             client=manager                  count=0533 selector=UAF.Siri.DialogAssets|com.apple.siri.dialog.informationflowplugin|25.2.101.13.102762,0
time=2026-08-08_02:34:23 op=MOD_CLIENT_LOCK             client=manager                  count=0534 selector=UAF.Siri.DialogAssets|com.apple.siri.dialog.sirinotificationsintents|29.2.101.13.102762,0
time=2026-08-08_02:34:24 op=MOD_CLIENT_LOCK             client=manager                  count=0535 selector=UAF.Siri.DialogAssets|com.apple.siri.dialog.ifflowplugin|29.1.101.13.102762,0
time=2026-08-08_02:34:24 op=MOD_CLIENT_LOCK             client=manager                  count=0536 selector=UAF.Siri.DialogAssets|com.apple.siri.dialog.omnisearch.omnisearch|10.2.101.13.102762,0
time=2026-08-08_02:34:24 op=MOD_CLIENT_LOCK             client=manager                  count=0537 selector=UAF.Siri.DialogAssets|com.apple.siri.dialog.healthflowdelegateplugin|35.14.101.13.102762,0
time=2026-08-08_02:34:24 op=MOD_CLIENT_LOCK             client=manager                  count=0538 selector=UAF.Siri.DialogAssets|com.apple.siri.dialog.emergencyflowplugin|35.14.101.13.102762,0
time=2026-08-08_02:34:24 op=MOD_CLIENT_LOCK             client=manager                  count=0539 selector=UAF.Siri.DialogAssets|com.apple.siri.dialog.sirisettingsintents|35.3.101.13.102762,0
time=2026-08-08_02:34:24 op=MOD_CLIENT_LOCK             client=manager                  count=0540 selector=UAF.Siri.DialogAssets|com.apple.siri.dialog.timerflowdelegateplugin|35.10.101.13.102762,0
time=2026-08-08_02:34:24 op=MOD_CLIENT_LOCK             client=manager                  count=0541 selector=UAF.Siri.DialogAssets|com.apple.siri.dialog.sirimailinternal|19.2.101.13.102762,0
time=2026-08-08_02:34:24 op=MOD_CLIENT_LOCK             client=manager                  count=0542 selector=UAF.Siri.DialogAssets|com.apple.siri.dialog.alarmflowplugin|35.10.101.13.102762,0
time=2026-08-08_02:34:24 op=MOD_CLIENT_LOCK             client=manager                  count=0543 selector=UAF.Siri.DialogAssets|com.apple.siri.dialog.sirisuggestionsflowplugin|25.3.101.13.102762,0
time=2026-08-08_02:34:24 op=MOD_CLIENT_LOCK             client=manager                  count=0544 selector=UAF.Siri.DialogAssets|com.apple.siri.dialog.phonecallflowdelegateplugin|35.5.101.13.102762,0
time=2026-08-08_02:34:24 op=MOD_CLIENT_LOCK             client=manager                  count=0545 selector=UAF.Siri.DialogAssets|com.apple.siri.dialog.sirikit.messagesflowdelegateplugin|19.7.112.13.101921,0
time=2026-08-08_02:34:24 op=MOD_CLIENT_LOCK             client=manager                  count=0546 selector=UAF.Siri.DialogAssets|com.apple.siri.dialog.siriautocomplete|25.3.101.13.102762,0
time=2026-08-08_02:34:24 op=MOD_CLIENT_LOCK             client=manager                  count=0547 selector=UAF.Siri.DialogAssets|com.apple.siri.dialog.carcommandsflowdelegateplugin|26.1.101.13.102762,0
time=2026-08-08_02:34:24 op=MOD_CLIENT_LOCK             client=manager                  count=0548 selector=UAF.Siri.DialogAssets|com.apple.siri.dialog.wellnessflowplugin|35.14.101.13.102762,0
time=2026-08-08_02:34:24 op=MOD_CLIENT_LOCK             client=manager                  count=0549 selector=setAtomicInstance:A200AF74-9900-4715-8641-01B8994F19B8
time=2026-08-08_02:34:31 op=MOD_CLIENT_LOCK             client=com.apple.UnifiedAssetFr count=0548 selector=UAF.Siri.DialogAssets|com.apple.siri.dialog.findmy.sirifindmy|35.12.101.13.102762,0
time=2026-08-08_02:34:31 op=MOD_CLIENT_LOCK             client=com.apple.UnifiedAssetFr count=0547 selector=UAF.Siri.DialogAssets|com.apple.siri.dialog.sirisuggestionsbasemodel|25.3.101.13.102762,0
time=2026-08-08_02:34:31 op=MOD_CLIENT_LOCK             client=com.apple.UnifiedAssetFr count=0546 selector=UAF.Siri.DialogAssets|com.apple.siri.dialog.homecommunicationflowdelegateplugin|35.1.101.13.102762,0
time=2026-08-08_02:34:31 op=MOD_CLIENT_LOCK             client=com.apple.UnifiedAssetFr count=0545 selector=UAF.Siri.DialogAssets|com.apple.siri.dialog.geoflowdelegateplugin|35.3.101.13.102762,0
time=2026-08-08_02:34:31 op=MOD_CLIENT_LOCK             client=com.apple.UnifiedAssetFr count=0544 selector=UAF.Siri.DialogAssets|com.apple.siri.dialog.siricontactsintents|35.2.101.13.102762,0
time=2026-08-08_02:34:31 op=MOD_CLIENT_LOCK             client=com.apple.UnifiedAssetFr count=0543 selector=UAF.Siri.DialogAssets|com.apple.siri.dialog.siriidentityinternal|25.2.101.13.102762,0
time=2026-08-08_02:34:31 op=MOD_CLIENT_LOCK             client=com.apple.UnifiedAssetFr count=0542 selector=UAF.Siri.DialogAssets|com.apple.siri.dialog.audio.audioflowdelegateplugin|35.4.101.13.102762,0
time=2026-08-08_02:34:31 op=MOD_CLIENT_LOCK             client=com.apple.UnifiedAssetFr count=0541 selector=UAF.Siri.DialogAssets|com.apple.siri.dialog.siricalendarintents|25.2.101.13.102762,0
time=2026-08-08_02:34:31 op=MOD_CLIENT_LOCK             client=com.apple.UnifiedAssetFr count=0540 selector=UAF.Siri.DialogAssets|com.apple.siri.dialog.sirisuggestions|25.3.101.13.102762,0
time=2026-08-08_02:34:32 op=MOD_CLIENT_LOCK             client=com.apple.UnifiedAssetFr count=0539 selector=UAF.Siri.DialogAssets|com.apple.siri.dialog.sirivideointents|35.2.101.13.102762,0
time=2026-08-08_02:34:32 op=MOD_CLIENT_LOCK             client=com.apple.UnifiedAssetFr count=0538 selector=UAF.Siri.DialogAssets|com.apple.siri.dialog.dialogengine|3401.5.101.13.101921,0
time=2026-08-08_02:34:32 op=MOD_CLIENT_LOCK             client=com.apple.UnifiedAssetFr count=0537 selector=UAF.Siri.DialogAssets|com.apple.siri.dialog.siripaymentsintents|18.1.101.13.102762,0
time=2026-08-08_02:34:32 op=MOD_CLIENT_LOCK             client=com.apple.UnifiedAssetFr count=0536 selector=UAF.Siri.DialogAssets|com.apple.siri.dialog.sirikitflow|35.11.101.13.102762,0
time=2026-08-08_02:34:32 op=MOD_CLIENT_LOCK             client=com.apple.UnifiedAssetFr count=0535 selector=UAF.Siri.DialogAssets|com.apple.siri.dialog.siriexpanseinternal|14.1.101.13.102762,0
time=2026-08-08_02:34:32 op=MOD_CLIENT_LOCK             client=com.apple.UnifiedAssetFr count=0534 selector=UAF.Siri.DialogAssets|com.apple.siri.dialog.generativeassistanttools.generativeassistantextension|10.10.101.13.102762,0
time=2026-08-08_02:34:32 op=MOD_CLIENT_LOCK             client=com.apple.UnifiedAssetFr count=0533 selector=UAF.Siri.DialogAssets|com.apple.siri.dialog.audiosuggestionsplugin|35.4.101.13.102762,0
time=2026-08-08_02:34:32 op=MOD_CLIENT_LOCK             client=com.apple.UnifiedAssetFr count=0532 selector=UAF.Siri.DialogAssets|com.apple.siri.dialog.camrootflowplugin|35.11.101.13.102762,0
time=2026-08-08_02:34:32 op=MOD_CLIENT_LOCK             client=com.apple.UnifiedAssetFr count=0531 selector=UAF.Siri.DialogAssets|com.apple.siri.dialog.sirisystemcommands|25.1.101.13.102762,0
time=2026-08-08_02:34:32 op=MOD_CLIENT_LOCK             client=com.apple.UnifiedAssetFr count=0530 selector=UAF.Siri.DialogAssets|com.apple.siri.dialog.siriplaybackcontrolintents|35.2.101.13.102762,0
time=2026-08-08_02:34:32 op=MOD_CLIENT_LOCK             client=com.apple.UnifiedAssetFr count=0529 selector=UAF.Siri.DialogAssets|com.apple.siri.dialog.siriinferenceflow|25.2.101.13.102762,0
time=2026-08-08_02:34:32 op=MOD_CLIENT_LOCK             client=com.apple.UnifiedAssetFr count=0528 selector=UAF.Siri.DialogAssets|com.apple.siri.dialog.clockflowplugin|35.10.101.13.102762,0
time=2026-08-08_02:34:32 op=MOD_CLIENT_LOCK             client=com.apple.UnifiedAssetFr count=0527 selector=UAF.Siri.DialogAssets|com.apple.siri.dialog.siriapplaunchintents|36.2.101.13.102762,0
time=2026-08-08_02:34:32 op=MOD_CLIENT_LOCK             client=com.apple.UnifiedAssetFr count=0526 selector=UAF.Siri.DialogAssets|com.apple.siri.dialog.sirireader|19.1.101.13.102762,0
time=2026-08-08_02:34:32 op=MOD_CLIENT_LOCK             client=com.apple.UnifiedAssetFr count=0525 selector=UAF.Siri.DialogAssets|com.apple.siri.dialog.deviceexpert.deviceexpertintents|35.3.101.13.102762,0
time=2026-08-08_02:34:32 op=MOD_CLIENT_LOCK             client=com.apple.UnifiedAssetFr count=0524 selector=UAF.Siri.DialogAssets|com.apple.siri.dialog.dailybriefingflowplugin|35.1.101.13.102762,0
time=2026-08-08_02:34:32 op=MOD_CLIENT_LOCK             client=com.apple.UnifiedAssetFr count=0523 selector=UAF.Siri.DialogAssets|com.apple.siri.dialog.responsecatalog|1.14.101.13.102762,0
time=2026-08-08_02:34:32 op=MOD_CLIENT_LOCK             client=com.apple.UnifiedAssetFr count=0522 selector=UAF.Siri.DialogAssets|com.apple.siri.dialog.homeautomationinternal|35.2.101.13.102762,0
time=2026-08-08_02:34:33 op=MOD_CLIENT_LOCK             client=com.apple.UnifiedAssetFr count=0521 selector=UAF.Siri.DialogAssets|com.apple.siri.dialog.sirihearablesinteractionsdelegateplugin|3.1.101.13.102762,0
time=2026-08-08_02:34:33 op=MOD_CLIENT_LOCK             client=com.apple.UnifiedAssetFr count=0520 selector=UAF.Siri.DialogAssets|com.apple.siri.dialog.siritranslationintents|23.1.101.13.102762,0
time=2026-08-08_02:34:33 op=MOD_CLIENT_LOCK             client=com.apple.UnifiedAssetFr count=0519 selector=UAF.Siri.DialogAssets|com.apple.siri.dialog.sirilinkflowplugin|29.1.101.13.102762,0
time=2026-08-08_02:34:33 op=MOD_CLIENT_LOCK             client=com.apple.UnifiedAssetFr count=0518 selector=UAF.Siri.DialogAssets|com.apple.siri.dialog.socialconversationflowdelegateplugin|14.7.101.13.102762,0
time=2026-08-08_02:34:33 op=MOD_CLIENT_LOCK             client=com.apple.UnifiedAssetFr count=0517 selector=UAF.Siri.DialogAssets|com.apple.siri.dialog.messages.sirimessagesflow|36.2.101.13.102762,0
time=2026-08-08_02:34:33 op=MOD_CLIENT_LOCK             client=com.apple.UnifiedAssetFr count=0516 selector=UAF.Siri.DialogAssets|com.apple.siri.dialog.requestdispatcherbridges|29.1.101.13.102762,0
time=2026-08-08_02:34:33 op=MOD_CLIENT_LOCK             client=com.apple.UnifiedAssetFr count=0515 selector=UAF.Siri.DialogAssets|com.apple.siri.dialog.notebook.sirinotebook|35.2.101.13.102762,0
time=2026-08-08_02:34:33 op=MOD_CLIENT_LOCK             client=com.apple.UnifiedAssetFr count=0514 selector=UAF.Siri.DialogAssets|com.apple.siri.dialog.sirikitruntime|35.11.101.13.102762,0
time=2026-08-08_02:34:33 op=MOD_CLIENT_LOCK             client=com.apple.UnifiedAssetFr count=0513 selector=UAF.Siri.DialogAssets|com.apple.siri.dialog.workoutannouncements|35.14.101.13.102762,0
time=2026-08-08_02:34:33 op=MOD_CLIENT_LOCK             client=com.apple.UnifiedAssetFr count=0512 selector=UAF.Siri.DialogAssets|com.apple.siri.dialog.sirinaturallanguagegeneration|19.1.101.13.102762,0
time=2026-08-08_02:34:33 op=MOD_CLIENT_LOCK             client=com.apple.UnifiedAssetFr count=0511 selector=UAF.Siri.DialogAssets|com.apple.siri.dialog.informationflowplugin|25.2.101.13.102762,0
time=2026-08-08_02:34:33 op=MOD_CLIENT_LOCK             client=com.apple.UnifiedAssetFr count=0510 selector=UAF.Siri.DialogAssets|com.apple.siri.dialog.sirinotificationsintents|29.2.101.13.102762,0
time=2026-08-08_02:34:33 op=MOD_CLIENT_LOCK             client=com.apple.UnifiedAssetFr count=0509 selector=UAF.Siri.DialogAssets|com.apple.siri.dialog.ifflowplugin|29.1.101.13.102762,0
time=2026-08-08_02:34:33 op=MOD_CLIENT_LOCK             client=com.apple.UnifiedAssetFr count=0508 selector=UAF.Siri.DialogAssets|com.apple.siri.dialog.omnisearch.omnisearch|10.2.101.13.102762,0
time=2026-08-08_02:34:33 op=MOD_CLIENT_LOCK             client=com.apple.UnifiedAssetFr count=0507 selector=UAF.Siri.DialogAssets|com.apple.siri.dialog.healthflowdelegateplugin|35.14.101.13.102762,0
time=2026-08-08_02:34:33 op=MOD_CLIENT_LOCK             client=com.apple.UnifiedAssetFr count=0506 selector=UAF.Siri.DialogAssets|com.apple.siri.dialog.emergencyflowplugin|35.14.101.13.102762,0
time=2026-08-08_02:34:33 op=MOD_CLIENT_LOCK             client=com.apple.UnifiedAssetFr count=0505 selector=UAF.Siri.DialogAssets|com.apple.siri.dialog.sirisettingsintents|35.3.101.13.102762,0
time=2026-08-08_02:34:33 op=MOD_CLIENT_LOCK             client=com.apple.UnifiedAssetFr count=0504 selector=UAF.Siri.DialogAssets|com.apple.siri.dialog.timerflowdelegateplugin|35.10.101.13.102762,0
time=2026-08-08_02:34:33 op=MOD_CLIENT_LOCK             client=com.apple.UnifiedAssetFr count=0503 selector=UAF.Siri.DialogAssets|com.apple.siri.dialog.sirimailinternal|19.2.101.13.102762,0
time=2026-08-08_02:34:33 op=MOD_CLIENT_LOCK             client=com.apple.UnifiedAssetFr count=0502 selector=UAF.Siri.DialogAssets|com.apple.siri.dialog.alarmflowplugin|35.10.101.13.102762,0
time=2026-08-08_02:34:33 op=MOD_CLIENT_LOCK             client=com.apple.UnifiedAssetFr count=0501 selector=UAF.Siri.DialogAssets|com.apple.siri.dialog.sirisuggestionsflowplugin|25.3.101.13.102762,0
time=2026-08-08_02:34:34 op=MOD_CLIENT_LOCK             client=com.apple.UnifiedAssetFr count=0500 selector=UAF.Siri.DialogAssets|com.apple.siri.dialog.phonecallflowdelegateplugin|35.5.101.13.102762,0
time=2026-08-08_02:34:34 op=MOD_CLIENT_LOCK             client=com.apple.UnifiedAssetFr count=0499 selector=UAF.Siri.DialogAssets|com.apple.siri.dialog.sirikit.messagesflowdelegateplugin|19.7.112.13.101921,0
time=2026-08-08_02:34:34 op=MOD_CLIENT_LOCK             client=com.apple.UnifiedAssetFr count=0498 selector=UAF.Siri.DialogAssets|com.apple.siri.dialog.siriautocomplete|25.3.101.13.102762,0
time=2026-08-08_02:34:34 op=MOD_CLIENT_LOCK             client=com.apple.UnifiedAssetFr count=0497 selector=UAF.Siri.DialogAssets|com.apple.siri.dialog.carcommandsflowdelegateplugin|26.1.101.13.102762,0
time=2026-08-08_02:34:34 op=MOD_CLIENT_LOCK             client=com.apple.UnifiedAssetFr count=0496 selector=UAF.Siri.DialogAssets|com.apple.siri.dialog.wellnessflowplugin|35.14.101.13.102762,0
time=2026-08-08_02:34:34 op=MOD_CLIENT_LOCK             client=com.apple.UnifiedAssetFr count=0495 selector=setAtomicInstance:A200AF74-9900-4715-8641-01B8994F19B8
time=2026-08-08_02:34:35 op=MOD_CLIENT_LOCK             client=manager                  count=0496 selector=UAF.IF.Planner|com.apple.if.planner.context_filter|50000016.0.81616.13.204326,0
time=2026-08-08_02:34:35 op=MOD_CLIENT_LOCK             client=manager                  count=0497 selector=UAF.IF.Planner|com.apple.if.planner.tool_retrieval.base.en|5000000.2.0.13.102805,0
time=2026-08-08_02:34:35 op=MOD_CLIENT_LOCK             client=manager                  count=0498 selector=UAF.IF.Planner|com.apple.if.planner.nlrouter.tokenizer.en|4000016.303.0.13.101956,0
time=2026-08-08_02:34:35 op=MOD_CLIENT_LOCK             client=manager                  count=0499 selector=UAF.IF.Planner|com.apple.if.planner.nlrouter.base.en|4000016.303.81616.13.202404,0
time=2026-08-08_02:34:35 op=MOD_CLIENT_LOCK             client=manager                  count=0500 selector=UAF.IF.Planner|com.apple.if.planner.uaf.metadata|4.46.1.13.101725,0
time=2026-08-08_02:34:35 op=MOD_CLIENT_LOCK             client=manager                  count=0501 selector=setAtomicInstance:A731C59B-CEBD-48EC-BF1D-16611AFB3067
time=2026-08-08_02:34:37 op=MOD_CLIENT_LOCK             client=com.apple.UnifiedAssetFr count=0500 selector=UAF.IF.Planner|com.apple.if.planner.context_filter|50000016.0.81616.13.204326,0
time=2026-08-08_02:34:37 op=MOD_CLIENT_LOCK             client=com.apple.UnifiedAssetFr count=0499 selector=UAF.IF.Planner|com.apple.if.planner.tool_retrieval.base.en|5000000.2.0.13.102805,0
time=2026-08-08_02:34:37 op=MOD_CLIENT_LOCK             client=com.apple.UnifiedAssetFr count=0498 selector=UAF.IF.Planner|com.apple.if.planner.nlrouter.tokenizer.en|4000016.303.0.13.101956,0
time=2026-08-08_02:34:37 op=MOD_CLIENT_LOCK             client=com.apple.UnifiedAssetFr count=0497 selector=UAF.IF.Planner|com.apple.if.planner.nlrouter.base.en|4000016.303.81616.13.202404,0
time=2026-08-08_02:34:37 op=MOD_CLIENT_LOCK             client=com.apple.UnifiedAssetFr count=0496 selector=UAF.IF.Planner|com.apple.if.planner.uaf.metadata|4.46.1.13.101725,0
time=2026-08-08_02:34:37 op=MOD_CLIENT_LOCK             client=com.apple.UnifiedAssetFr count=0495 selector=setAtomicInstance:A731C59B-CEBD-48EC-BF1D-16611AFB3067
time=2026-08-08_02:34:38 op=MOD_CLIENT_LOCK             client=manager                  count=0496 selector=UAF.Photos.SpatialPhotosRelive|com.apple.photos.spatialphotosrelive.fov.main.generic|17.0.81616.13.202357,0
time=2026-08-08_02:34:38 op=MOD_CLIENT_LOCK             client=manager                  count=0497 selector=UAF.Photos.SpatialPhotosRelive|com.apple.photos.spatialphotosrelive.uaf.metadata|4.46.1.13.301149,0
time=2026-08-08_02:34:38 op=MOD_CLIENT_LOCK             client=manager                  count=0498 selector=UAF.Photos.SpatialPhotosRelive|com.apple.photos.spatialphotosrelive.main.generic|17.1.81616.13.202357,0
time=2026-08-08_02:34:39 op=MOD_CLIENT_LOCK             client=manager                  count=0499 selector=setAtomicInstance:15F23511-5A4C-400E-8F05-3954470DD474
time=2026-08-08_02:34:39 op=MOD_CLIENT_LOCK             client=com.apple.UnifiedAssetFr count=0498 selector=UAF.Photos.SpatialPhotosRelive|com.apple.photos.spatialphotosrelive.fov.main.generic|17.0.81616.13.202357,0
time=2026-08-08_02:34:39 op=MOD_CLIENT_LOCK             client=com.apple.UnifiedAssetFr count=0497 selector=UAF.Photos.SpatialPhotosRelive|com.apple.photos.spatialphotosrelive.uaf.metadata|4.46.1.13.301149,0
time=2026-08-08_02:34:39 op=MOD_CLIENT_LOCK             client=com.apple.UnifiedAssetFr count=0496 selector=UAF.Photos.SpatialPhotosRelive|com.apple.photos.spatialphotosrelive.main.generic|17.1.81616.13.202357,0
