time=2026-08-06_06:20:41 op=NEW                        
time=2026-08-06_06:20:41 op=MOD_CLIENT_LOCK             client=com.apple.UnifiedAssetFr count=0561 selector=UAF.FM.Overrides|com.apple.gm.safety_deny.output.summarization.cu_summary.proactive.generic|32025010.20260219.91347.100.2271,0
time=2026-08-06_06:20:41 op=MOD_CLIENT_LOCK             client=com.apple.UnifiedAssetFr count=0560 selector=UAF.FM.Overrides|com.apple.gm.safety_deny.input.writing_tools.compose.generic|32025010.20251009.91600.100.1651,0
time=2026-08-06_06:20:41 op=MOD_CLIENT_LOCK             client=com.apple.UnifiedAssetFr count=0559 selector=UAF.FM.Overrides|com.apple.gm.safety_deny.output.summarization.cu_summary.generic|32025010.20260219.91347.100.2271,0
time=2026-08-06_06:20:41 op=MOD_CLIENT_LOCK             client=com.apple.UnifiedAssetFr count=0558 selector=UAF.FM.Overrides|com.apple.gm.safety_deny.input.professional_tone.generic|32025010.20251009.91600.100.1651,0
time=2026-08-06_06:20:41 op=MOD_CLIENT_LOCK             client=com.apple.UnifiedAssetFr count=0557 selector=UAF.FM.Overrides|com.apple.gm.vip_and_blocked_provider.generic|0.0.2.100.2350,0
time=2026-08-06_06:20:41 op=MOD_CLIENT_LOCK             client=com.apple.UnifiedAssetFr count=0556 selector=UAF.FM.Overrides|com.apple.gm.safety_deny.input.photos_memories.story_title.generic|32025010.20251009.91600.100.1651,0
time=2026-08-06_06:20:41 op=MOD_CLIENT_LOCK             client=com.apple.UnifiedAssetFr count=0555 selector=UAF.FM.Overrides|com.apple.gm.safety_deny.input.summarization.visual_intelligence_camera.generic|32025010.20251009.91600.100.1651,0
time=2026-08-06_06:20:41 op=MOD_CLIENT_LOCK             client=com.apple.UnifiedAssetFr count=0554 selector=UAF.FM.Overrides|com.apple.gm.safety_deny.input.mail_reply.long_form_rewrite.generic|32025010.20260219.91347.100.2271,0
time=2026-08-06_06:20:41 op=MOD_CLIENT_LOCK             client=com.apple.UnifiedAssetFr count=0553 selector=UAF.FM.Overrides|com.apple.gm.safety_deny.input.intelligent_pass_creation.generic|32026000.20260402.190731.100.2535,0
time=2026-08-06_06:20:41 op=MOD_CLIENT_LOCK             client=com.apple.UnifiedAssetFr count=0552 selector=UAF.FM.Overrides|com.apple.gm.safety_deny.input.bullets_transform.generic|32025010.20251009.91600.100.1651,0
time=2026-08-06_06:20:41 op=MOD_CLIENT_LOCK             client=com.apple.UnifiedAssetFr count=0551 selector=UAF.FM.Overrides|com.apple.gm.safety_deny.output.ask_generative_model_action.generic|32025010.20251009.91600.100.1651,0
time=2026-08-06_06:20:41 op=MOD_CLIENT_LOCK             client=com.apple.UnifiedAssetFr count=0550 selector=UAF.FM.Overrides|com.apple.gm.safety_deny.input.open_ended_extract.generic|32026000.20260402.190731.100.2535,0
time=2026-08-06_06:20:41 op=MOD_CLIENT_LOCK             client=com.apple.UnifiedAssetFr count=0549 selector=UAF.FM.Overrides|com.apple.gm.safety_deny.input.summarization.cu_urgency.generic|32025010.20251009.91600.100.1651,0
time=2026-08-06_06:20:41 op=MOD_CLIENT_LOCK             client=com.apple.UnifiedAssetFr count=0548 selector=UAF.FM.Overrides|com.apple.gm.safety_deny.output.journal_followup_prompts.generic|32026000.20260507.85515.100.2642,0
time=2026-08-06_06:20:41 op=MOD_CLIENT_LOCK             client=com.apple.UnifiedAssetFr count=0547 selector=UAF.FM.Overrides|com.apple.gm.safety_deny.output.visual_intelligence.structured_extraction.add_to_contacts.generic|32025010.20251009.91600.100.1651,0
time=2026-08-06_06:20:41 op=MOD_CLIENT_LOCK             client=com.apple.UnifiedAssetFr count=0546 selector=UAF.FM.Overrides|com.apple.gm.safety_deny.input.accessibility_magnifier.generic|32025010.20251009.91600.100.1651,0
time=2026-08-06_06:20:41 op=MOD_CLIENT_LOCK             client=com.apple.UnifiedAssetFr count=0545 selector=UAF.FM.Overrides|com.apple.gm.safety_deny.input.personalized_smart_reply.generic|32026000.20260625.173557.100.2946,0
time=2026-08-06_06:20:41 op=MOD_CLIENT_LOCK             client=com.apple.UnifiedAssetFr count=0544 selector=UAF.FM.Overrides|com.apple.gm.safety_deny.output.generative_assistant.composition.generic|32025010.20251009.91600.100.1651,0
time=2026-08-06_06:20:41 op=MOD_CLIENT_LOCK             client=com.apple.UnifiedAssetFr count=0543 selector=UAF.FM.Overrides|com.apple.gm.safety_deny.input.photos_memories.global_trait.generic|32025010.20251009.91600.100.1651,0
time=2026-08-06_06:20:41 op=MOD_CLIENT_LOCK             client=com.apple.UnifiedAssetFr count=0542 selector=UAF.FM.Overrides|com.apple.gm.safety_deny.output.summarization.safari_tab_group_topic.generic|32026000.20260417.162402.100.2587,0
time=2026-08-06_06:20:41 op=MOD_CLIENT_LOCK             client=com.apple.UnifiedAssetFr count=0541 selector=UAF.FM.Overrides|com.apple.gm.safety_deny.input.photos_memories.user_query.generic|32025010.20251009.91600.100.1651,0
time=2026-08-06_06:20:41 op=MOD_CLIENT_LOCK             client=com.apple.UnifiedAssetFr count=0540 selector=UAF.FM.Overrides|com.apple.gm.safety_deny.input.generative_assistant.visual_intelligence_camera.generic|32025010.20251009.91600.100.1651,0
time=2026-08-06_06:20:41 op=MOD_CLIENT_LOCK             client=com.apple.UnifiedAssetFr count=0539 selector=UAF.FM.Overrides|com.apple.gm.safety_deny.output.summarization.base.generic|32025010.20251009.91600.100.1651,0
time=2026-08-06_06:20:41 op=MOD_CLIENT_LOCK             client=com.apple.UnifiedAssetFr count=0538 selector=UAF.FM.Overrides|com.apple.gm.safety_deny.output.accessibility_magnifier.generic|32025010.20251009.91600.100.1651,0
time=2026-08-06_06:20:41 op=MOD_CLIENT_LOCK             client=com.apple.UnifiedAssetFr count=0537 selector=UAF.FM.Overrides|com.apple.gm.safety_deny.output.summarization.visual_intelligence_camera.generic|32025010.20251009.91600.100.1651,0
time=2026-08-06_06:20:41 op=MOD_CLIENT_LOCK             client=com.apple.UnifiedAssetFr count=0536 selector=UAF.FM.Overrides|com.apple.gm.safety_deny.output.photos_memories.global_trait.generic|32025010.20251009.91600.100.1651,0
time=2026-08-06_06:20:41 op=MOD_CLIENT_LOCK             client=com.apple.UnifiedAssetFr count=0535 selector=UAF.FM.Overrides|com.apple.gm.safety_deny.input.mail_reply.long_form_basic.generic|32025010.20260219.91347.100.2271,0
time=2026-08-06_06:20:41 op=MOD_CLIENT_LOCK             client=com.apple.UnifiedAssetFr count=0534 selector=UAF.FM.Overrides|com.apple.gm.safety_deny.input.mail_reply.snippet.generic|32025010.20260219.91347.100.2271,0
time=2026-08-06_06:20:41 op=MOD_CLIENT_LOCK             client=com.apple.UnifiedAssetFr count=0533 selector=UAF.FM.Overrides|com.apple.gm.safety_deny.output.takeaways_transform.generic|32025010.20251009.91600.100.1651,0
time=2026-08-06_06:20:41 op=MOD_CLIENT_LOCK             client=com.apple.UnifiedAssetFr count=0532 selector=UAF.FM.Overrides|com.apple.gm.safety_deny.output.open_ended_tone_query_response.generic|32025010.20251009.91600.100.1651,0
time=2026-08-06_06:20:41 op=MOD_CLIENT_LOCK             client=com.apple.UnifiedAssetFr count=0531 selector=UAF.FM.Overrides|com.apple.gm.safety_deny.output.voice_control_ai.generic|32026000.20260212.221950.100.2211,0
time=2026-08-06_06:20:41 op=MOD_CLIENT_LOCK             client=com.apple.UnifiedAssetFr count=0530 selector=UAF.FM.Overrides|com.apple.gm.safety_deny.output.open_ended_tone.generic|32025010.20251009.91600.100.1651,0
time=2026-08-06_06:20:41 op=MOD_CLIENT_LOCK             client=com.apple.UnifiedAssetFr count=0529 selector=UAF.FM.Overrides|com.apple.gm.safety_deny.output.writing_tools.compose_recents_summaries.generic|32025010.20251009.91600.100.1651,0
time=2026-08-06_06:20:41 op=MOD_CLIENT_LOCK             client=com.apple.UnifiedAssetFr count=0528 selector=UAF.FM.Overrides|com.apple.gm.safety_deny.input.summarization.cu_summary.generic|32025010.20260306.2132.100.2344,0
time=2026-08-06_06:20:41 op=MOD_CLIENT_LOCK             client=com.apple.UnifiedAssetFr count=0527 selector=UAF.FM.Overrides|com.apple.gm.safety_deny.input.journal_followup_prompts.generic|32026000.20260507.85515.100.2642,0
time=2026-08-06_06:20:41 op=MOD_CLIENT_LOCK             client=com.apple.UnifiedAssetFr count=0526 selector=UAF.FM.Overrides|com.apple.gm.safety_deny.input.visual_intelligence.structured_extraction.add_to_contacts.generic|32025010.20251009.91600.100.1651,0
time=2026-08-06_06:20:41 op=MOD_CLIENT_LOCK             client=com.apple.UnifiedAssetFr count=0525 selector=UAF.FM.Overrides|com.apple.gm.safety_deny.output.tables_transform.generic|32025010.20251009.91600.100.1651,0
time=2026-08-06_06:20:41 op=MOD_CLIENT_LOCK             client=com.apple.UnifiedAssetFr count=0524 selector=UAF.FM.Overrides|com.apple.gm.safety_deny.input.personalized_smart_reply.nicknames.generic|32026000.20260402.190731.100.2535,0
time=2026-08-06_06:20:41 op=MOD_CLIENT_LOCK             client=com.apple.UnifiedAssetFr count=0523 selector=UAF.FM.Overrides|com.apple.gm.safety_deny.input.open_ended_tone.generic|32025010.20251009.91600.100.1651,0
time=2026-08-06_06:20:41 op=MOD_CLIENT_LOCK             client=com.apple.UnifiedAssetFr count=0522 selector=UAF.FM.Overrides|com.apple.gm.safety_deny.output.mail_reply.snippet.generic|32025010.20260219.91347.100.2271,0
time=2026-08-06_06:20:41 op=MOD_CLIENT_LOCK             client=com.apple.UnifiedAssetFr count=0521 selector=UAF.FM.Overrides|com.apple.gm.safety_deny.input.photos_memories.base.generic|32025010.20260221.14842.100.2279,0
time=2026-08-06_06:20:41 op=MOD_CLIENT_LOCK             client=com.apple.UnifiedAssetFr count=0520 selector=UAF.FM.Overrides|com.apple.gm.safety_deny.output.mail_reply.long_form_qa.generic|32025010.20260219.91347.100.2271,0
time=2026-08-06_06:20:41 op=MOD_CLIENT_LOCK             client=com.apple.UnifiedAssetFr count=0519 selector=UAF.FM.Overrides|com.apple.gm.safety_deny.input.ask_generative_model_action.generic|32025010.20251009.91600.100.1651,0
time=2026-08-06_06:20:41 op=MOD_CLIENT_LOCK             client=com.apple.UnifiedAssetFr count=0518 selector=UAF.FM.Overrides|com.apple.gm.safety_deny.input.generative_assistant.composition.generic|32025010.20251009.91600.100.1651,0
time=2026-08-06_06:20:41 op=MOD_CLIENT_LOCK             client=com.apple.UnifiedAssetFr count=0517 selector=UAF.FM.Overrides|com.apple.gm.safety_deny.output.visual_intelligence.structured_extraction.add_to_calendar.generic|32025010.20251009.91600.100.1651,0
time=2026-08-06_06:20:41 op=MOD_CLIENT_LOCK             client=com.apple.UnifiedAssetFr count=0516 selector=UAF.FM.Overrides|com.apple.gm.safety_deny.output.summarization.cu_urgency.generic|32025010.20251009.91600.100.1651,0
time=2026-08-06_06:20:41 op=MOD_CLIENT_LOCK             client=com.apple.UnifiedAssetFr count=0515 selector=UAF.FM.Overrides|com.apple.gm.safety_deny.output.visual_intelligence_nutrition.generic|32026000.20260625.173557.100.2946,0
time=2026-08-06_06:20:41 op=MOD_CLIENT_LOCK             client=com.apple.UnifiedAssetFr count=0514 selector=UAF.FM.Overrides|com.apple.gm.safety_deny.input.open_ended_compose.composition.generic|32026000.20260402.190731.100.2535,0
time=2026-08-06_06:20:41 op=MOD_CLIENT_LOCK             client=com.apple.UnifiedAssetFr count=0513 selector=UAF.FM.Overrides|com.apple.gm.safety_deny.input.mail_reply.long_form_qa.generic|32025010.20260219.91347.100.2271,0
time=2026-08-06_06:20:41 op=MOD_CLIENT_LOCK             client=com.apple.UnifiedAssetFr count=0512 selector=UAF.FM.Overrides|com.apple.gm.safety_deny.output.safari_magic_extensions.generic|32026000.20260402.190731.100.2535,0
time=2026-08-06_06:20:41 op=MOD_CLIENT_LOCK             client=com.apple.UnifiedAssetFr count=0511 selector=UAF.FM.Overrides|com.apple.gm.safety_deny.input.stx_multimodal.health_data.generic|32026000.20260402.190731.100.2535,0
time=2026-08-06_06:20:41 op=MOD_CLIENT_LOCK             client=com.apple.UnifiedAssetFr count=0510 selector=UAF.FM.Overrides|com.apple.gm.safety_deny.input.generative_assistant.knowledge.generic|32025010.20251009.91600.100.1651,0
time=2026-08-06_06:20:42 op=MOD_CLIENT_LOCK             client=com.apple.UnifiedAssetFr count=0509 selector=UAF.FM.Overrides|com.apple.gm.safety_deny.output.mail_reply.long_form_rewrite.generic|32025010.20260219.91347.100.2271,0
time=2026-08-06_06:20:42 op=MOD_CLIENT_LOCK             client=com.apple.UnifiedAssetFr count=0508 selector=UAF.FM.Overrides|com.apple.gm.safety_deny.input.voice_control_ai.generic|32026000.20260528.85508.100.2755,0
time=2026-08-06_06:20:42 op=MOD_CLIENT_LOCK             client=com.apple.UnifiedAssetFr count=0507 selector=UAF.FM.Overrides|com.apple.gm.safety_deny.input.stx_multimodal.receipt.generic|32026000.20260402.190731.100.2535,0
time=2026-08-06_06:20:42 op=MOD_CLIENT_LOCK             client=com.apple.UnifiedAssetFr count=0506 selector=UAF.FM.Overrides|com.apple.gm.safety_deny.output.shortcuts_ask_afm_action.generic|32025010.20260306.2132.100.2344,0
time=2026-08-06_06:20:42 op=MOD_CLIENT_LOCK             client=com.apple.UnifiedAssetFr count=0505 selector=UAF.FM.Overrides|com.apple.gm.safety_deny.input.generative_assistant.common.generic|32026000.20260430.85508.100.2627,0
time=2026-08-06_06:20:42 op=MOD_CLIENT_LOCK             client=com.apple.UnifiedAssetFr count=0504 selector=UAF.FM.Overrides|com.apple.gm.safety_deny.input.summarization.base.generic|32025010.20251009.91600.100.1651,0
time=2026-08-06_06:20:42 op=MOD_CLIENT_LOCK             client=com.apple.UnifiedAssetFr count=0503 selector=UAF.FM.Overrides|com.apple.gm.safety_deny.input.concise_tone.generic|32025010.20251009.91600.100.1651,0
time=2026-08-06_06:20:42 op=MOD_CLIENT_LOCK             client=com.apple.UnifiedAssetFr count=0502 selector=UAF.FM.Overrides|com.apple.gm.safety_deny.input.notify_me_when.generic|32026000.20260417.162402.100.2587,0
time=2026-08-06_06:20:42 op=MOD_CLIENT_LOCK             client=com.apple.UnifiedAssetFr count=0501 selector=UAF.FM.Overrides|com.apple.gm.safety_deny.output.photos_memories.song_id.generic|32025010.20251009.91600.100.1651,0
time=2026-08-06_06:20:42 op=MOD_CLIENT_LOCK             client=com.apple.UnifiedAssetFr count=0500 selector=UAF.FM.Overrides|com.apple.gm.safety_deny.input.visual_generation.base.generic|32026000.20260625.173557.100.2946,0
time=2026-08-06_06:20:42 op=MOD_CLIENT_LOCK             client=com.apple.UnifiedAssetFr count=0499 selector=UAF.FM.Overrides|com.apple.gm.safety_deny.output.photos_memories.base.generic|32025010.20260221.14842.100.2279,0
time=2026-08-06_06:20:42 op=MOD_CLIENT_LOCK             client=com.apple.UnifiedAssetFr count=0498 selector=UAF.FM.Overrides|com.apple.gm.safety_deny.output.intelligent_pass_creation.generic|32026000.20260402.190731.100.2535,0
time=2026-08-06_06:20:42 op=MOD_CLIENT_LOCK             client=com.apple.UnifiedAssetFr count=0497 selector=UAF.FM.Overrides|com.apple.gm.safety_deny.output.generative_assistant.media_qa.generic|32025010.20251009.91600.100.1651,0
time=2026-08-06_06:20:42 op=MOD_CLIENT_LOCK             client=com.apple.UnifiedAssetFr count=0496 selector=UAF.FM.Overrides|com.apple.gm.safety_deny.output.bullets_transform.generic|32025010.20251009.91600.100.1651,0
time=2026-08-06_06:20:42 op=MOD_CLIENT_LOCK             client=com.apple.UnifiedAssetFr count=0495 selector=UAF.FM.Overrides|com.apple.gm.safety_deny.input.generative_shortcuts.generic|32025010.20251009.91600.100.1651,0
time=2026-08-06_06:20:42 op=MOD_CLIENT_LOCK             client=com.apple.UnifiedAssetFr count=0494 selector=UAF.FM.Overrides|com.apple.gm.safety_deny.output.stx_multimodal.health_data.generic|32026000.20260402.190731.100.2535,0
time=2026-08-06_06:20:42 op=MOD_CLIENT_LOCK             client=com.apple.UnifiedAssetFr count=0493 selector=UAF.FM.Overrides|com.apple.gm.safety_deny.input.visual_intelligence.structured_extraction.add_to_calendar.generic|32025010.20251009.91600.100.1651,0
time=2026-08-06_06:20:42 op=MOD_CLIENT_LOCK             client=com.apple.UnifiedAssetFr count=0492 selector=UAF.FM.Overrides|com.apple.gm.safety_deny.input.asr_natural_dictation_speech.generic|32026000.20260618.85440.100.2874,0
time=2026-08-06_06:20:42 op=MOD_CLIENT_LOCK             client=com.apple.UnifiedAssetFr count=0491 selector=UAF.FM.Overrides|com.apple.gm.safety_deny.output.writing_question_answer.generic|32026000.20260402.190731.100.2535,0
time=2026-08-06_06:20:42 op=MOD_CLIENT_LOCK             client=com.apple.UnifiedAssetFr count=0490 selector=UAF.FM.Overrides|com.apple.gm.safety_deny.output.messages_action.generic|32025010.20251009.91600.100.1651,0
time=2026-08-06_06:20:42 op=MOD_CLIENT_LOCK             client=com.apple.UnifiedAssetFr count=0489 selector=UAF.FM.Overrides|com.apple.gm.safety_deny.output.generative_assistant.visual_intelligence_camera.generic|32025010.20251009.91600.100.1651,0
time=2026-08-06_06:20:42 op=MOD_CLIENT_LOCK             client=com.apple.UnifiedAssetFr count=0488 selector=UAF.FM.Overrides|com.apple.gm.safety_deny.output.generative_assistant.common.generic|32026000.20260430.85508.100.2627,0
time=2026-08-06_06:20:42 op=MOD_CLIENT_LOCK             client=com.apple.UnifiedAssetFr count=0487 selector=UAF.FM.Overrides|com.apple.gm.safety_deny.output.stx_multimodal.receipt.generic|32026000.20260402.190731.100.2535,0
time=2026-08-06_06:20:42 op=MOD_CLIENT_LOCK             client=com.apple.UnifiedAssetFr count=0486 selector=UAF.FM.Overrides|com.apple.gm.safety_deny.output.shortcuts_ask_afm_action_3b.generic|32025010.20260122.91350.100.2043,0
time=2026-08-06_06:20:42 op=MOD_CLIENT_LOCK             client=com.apple.UnifiedAssetFr count=0485 selector=UAF.FM.Overrides|com.apple.gm.safety_deny.output.mail_reply.long_form_basic.generic|32025010.20260219.91347.100.2271,0
time=2026-08-06_06:20:42 op=MOD_CLIENT_LOCK             client=com.apple.UnifiedAssetFr count=0484 selector=UAF.FM.Overrides|com.apple.gm.safety_deny.input.summarization.cu_summary.on_demand.generic|32025010.20260212.91353.100.2207,0
time=2026-08-06_06:20:42 op=MOD_CLIENT_LOCK             client=com.apple.UnifiedAssetFr count=0483 selector=UAF.FM.Overrides|com.apple.gm.safety_deny.input.open_ended_compose.composition.payload.generic|32026000.20260417.162402.100.2587,0
time=2026-08-06_06:20:42 op=MOD_CLIENT_LOCK             client=com.apple.UnifiedAssetFr count=0482 selector=UAF.FM.Overrides|com.apple.gm.safety_deny.output.notification_coalescing.generic|32026000.20260402.190731.100.2535,0
time=2026-08-06_06:20:42 op=MOD_CLIENT_LOCK             client=com.apple.UnifiedAssetFr count=0481 selector=UAF.FM.Overrides|com.apple.gm.safety_deny.input.summarization.cu_summary.proactive.generic|32025010.20260306.2132.100.2344,0
time=2026-08-06_06:20:42 op=MOD_CLIENT_LOCK             client=com.apple.UnifiedAssetFr count=0480 selector=UAF.FM.Overrides|com.apple.gm.safety_deny.output.clip_captioning.generic|32026000.20260402.190731.100.2535,0
time=2026-08-06_06:20:42 op=MOD_CLIENT_LOCK             client=com.apple.UnifiedAssetFr count=0479 selector=UAF.FM.Overrides|com.apple.gm.safety_deny.output.generative_assistant.knowledge.generic|32025010.20251009.91600.100.1651,0
time=2026-08-06_06:20:42 op=MOD_CLIENT_LOCK             client=com.apple.UnifiedAssetFr count=0478 selector=UAF.FM.Overrides|com.apple.gm.safety_deny.output.open_ended_extract.generic|32026000.20260402.190731.100.2535,0
time=2026-08-06_06:20:42 op=MOD_CLIENT_LOCK             client=com.apple.UnifiedAssetFr count=0477 selector=UAF.FM.Overrides|com.apple.gm.safety_deny.input.smart_naming.generic|32026000.20260709.134058.100.3027,0
time=2026-08-06_06:20:42 op=MOD_CLIENT_LOCK             client=com.apple.UnifiedAssetFr count=0476 selector=UAF.FM.Overrides|com.apple.gm.safety_deny.input.open_ended_tone_query_response.generic|32025010.20251009.91600.100.1651,0
time=2026-08-06_06:20:42 op=MOD_CLIENT_LOCK             client=com.apple.UnifiedAssetFr count=0475 selector=UAF.FM.Overrides|com.apple.gm.safety_deny.output.smart_naming.generic|32026000.20260709.134058.100.3027,0
time=2026-08-06_06:20:42 op=MOD_CLIENT_LOCK             client=com.apple.UnifiedAssetFr count=0474 selector=UAF.FM.Overrides|com.apple.gm.safety_deny.input.shortcuts_ask_afm_action.generic|32025010.20260122.91350.100.2043,0
time=2026-08-06_06:20:42 op=MOD_CLIENT_LOCK             client=com.apple.UnifiedAssetFr count=0473 selector=UAF.FM.Overrides|com.apple.gm.safety_deny.input.messages_action.generic|32025010.20251009.91600.100.1651,0
time=2026-08-06_06:20:42 op=MOD_CLIENT_LOCK             client=com.apple.UnifiedAssetFr count=0472 selector=UAF.FM.Overrides|com.apple.gm.safety_deny.input.writing_question_answer.payload.generic|32026000.20260417.162402.100.2587,0
time=2026-08-06_06:20:42 op=MOD_CLIENT_LOCK             client=com.apple.UnifiedAssetFr count=0471 selector=UAF.FM.Overrides|com.apple.gm.safety_deny.output.professional_tone.generic|32025010.20251009.91600.100.1651,0
time=2026-08-06_06:20:42 op=MOD_CLIENT_LOCK             client=com.apple.UnifiedAssetFr count=0470 selector=UAF.FM.Overrides|com.apple.gm.safety_deny.output.summarize_shortcuts.generic|32026000.20260625.173557.100.2946,0
time=2026-08-06_06:20:42 op=MOD_CLIENT_LOCK             client=com.apple.UnifiedAssetFr count=0469 selector=setAtomicInstance:4DC50B26-B543-4C6E-AF33-054A582E9649
time=2026-08-06_06:20:42 op=MOD_CLIENT_LOCK             client=manager                  count=0470 selector=UAF.Siri.Understanding|com.apple.siri.nl.lvc.en_US|3400.3000.71.13.202405,0
time=2026-08-06_06:20:42 op=MOD_CLIENT_LOCK             client=manager                  count=0471 selector=UAF.Siri.Understanding|com.apple.siri.nl.cati.en_US|3304.2400.2023120401.13.202405,0
time=2026-08-06_06:20:42 op=MOD_CLIENT_LOCK             client=manager                  count=0472 selector=UAF.Siri.Understanding|com.apple.siri.nl.marrs.md.en_US|3404.3400.2025020521.13.202405,0
time=2026-08-06_06:20:42 op=MOD_CLIENT_LOCK             client=manager                  count=0473 selector=UAF.Siri.Understanding|com.apple.siri.nl.data_detectors.en_US|3600.5000.1781105554.13.204383,0
time=2026-08-06_06:20:42 op=MOD_CLIENT_LOCK             client=manager                  count=0474 selector=UAF.Siri.Understanding|com.apple.siri.nl.marrs.rd.en_US|3100.15.2.13.202405,0
time=2026-08-06_06:20:42 op=MOD_CLIENT_LOCK             client=manager                  count=0475 selector=UAF.Siri.Understanding|com.apple.siri.nl.ssu.encoder.en_US|3300.2000.87.13.202405,0
time=2026-08-06_06:20:42 op=MOD_CLIENT_LOCK             client=manager                  count=0476 selector=UAF.Siri.Understanding|com.apple.siri.nl.marrs.mr.en_US|3404.3400.2025020521.13.202405,0
time=2026-08-06_06:20:42 op=MOD_CLIENT_LOCK             client=manager                  count=0477 selector=UAF.Siri.Understanding|com.apple.siri.understanding.uaf.metadata|4.46.1.13.202219,0
time=2026-08-06_06:20:42 op=MOD_CLIENT_LOCK             client=manager                  count=0478 selector=UAF.Siri.Understanding|com.apple.siri.nl.psc.en_US|3600.5000.2443.13.204102,0
time=2026-08-06_06:20:42 op=MOD_CLIENT_LOCK             client=manager                  count=0479 selector=UAF.Siri.Understanding|com.apple.siri.nl.ssu.datasets.en_US|3400.3000.2.13.202405,0
time=2026-08-06_06:20:42 op=MOD_CLIENT_LOCK             client=manager                  count=0480 selector=UAF.Siri.Understanding|com.apple.siri.nl.marrs.ccqr.en_US|3600.5000.2026070617.13.204580,0
time=2026-08-06_06:20:42 op=MOD_CLIENT_LOCK             client=manager                  count=0481 selector=UAF.Siri.Understanding|com.apple.siri.sp.mitigation.en_US|21.1007.1.13.303014,0
time=2026-08-06_06:20:42 op=MOD_CLIENT_LOCK             client=manager                  count=0482 selector=UAF.Siri.Understanding|com.apple.siri.nl.voc.en_US|3600.5000.2026070602.13.204584,0
time=2026-08-06_06:20:42 op=MOD_CLIENT_LOCK             client=manager                  count=0483 selector=UAF.Siri.Understanding|com.apple.siri.nl.snlc.en_US|3600.5000.3332.13.204584,0
time=2026-08-06_06:20:42 op=MOD_CLIENT_LOCK             client=manager                  count=0484 selector=UAF.Siri.Understanding|com.apple.siri.cam.auto_confirm.auto_send.en_US|200.0.2021102920.13.101954,0
time=2026-08-06_06:20:42 op=MOD_CLIENT_LOCK             client=manager                  count=0485 selector=UAF.Siri.Understanding|com.apple.siri.asr.assistant.en_US|3100.50015.81616.13.303026,0
time=2026-08-06_06:20:42 op=MOD_CLIENT_LOCK             client=manager                  count=0486 selector=UAF.Siri.Understanding|com.apple.siri.sp.invocation.en_US|21.1007.1.13.303014,0
time=2026-08-06_06:20:43 op=MOD_CLIENT_LOCK             client=manager                  count=0487 selector=UAF.Siri.Understanding|com.apple.siri.cam.auto_confirm.auto_send_private.en_US|1000.0.2022032313.13.101954,0
time=2026-08-06_06:20:43 op=MOD_CLIENT_LOCK             client=manager                  count=0488 selector=UAF.Siri.Understanding|com.apple.siri.asr.geolm.regionMapping.en_US|3100.5000.69.13.303005,0
time=2026-08-06_06:20:43 op=MOD_CLIENT_LOCK             client=manager                  count=0489 selector=UAF.Siri.Understanding|com.apple.siri.nl.owl.en_US|3300.2011.16.13.202405,0
time=2026-08-06_06:20:43 op=MOD_CLIENT_LOCK             client=manager                  count=0490 selector=UAF.Siri.Understanding|com.apple.siri.nl.nlv4.en_US|3600.5000.3337.13.204584,0
time=2026-08-06_06:20:43 op=MOD_CLIENT_LOCK             client=manager                  count=0491 selector=setAtomicInstance:14ABB092-CA8F-47AF-A26A-CDA5F7495EF5
time=2026-08-06_06:20:43 op=MOD_CLIENT_LOCK             client=com.apple.UnifiedAssetFr count=0490 selector=UAF.Siri.Understanding|com.apple.siri.nl.lvc.en_US|3400.3000.71.13.202405,0
time=2026-08-06_06:20:43 op=MOD_CLIENT_LOCK             client=com.apple.UnifiedAssetFr count=0489 selector=UAF.Siri.Understanding|com.apple.siri.nl.cati.en_US|3304.2400.2023120401.13.202405,0
time=2026-08-06_06:20:43 op=MOD_CLIENT_LOCK             client=com.apple.UnifiedAssetFr count=0488 selector=UAF.Siri.Understanding|com.apple.siri.nl.marrs.md.en_US|3404.3400.2025020521.13.202405,0
time=2026-08-06_06:20:43 op=MOD_CLIENT_LOCK             client=com.apple.UnifiedAssetFr count=0487 selector=UAF.Siri.Understanding|com.apple.siri.nl.data_detectors.en_US|3600.5000.1781105554.13.204383,0
time=2026-08-06_06:20:43 op=MOD_CLIENT_LOCK             client=com.apple.UnifiedAssetFr count=0486 selector=UAF.Siri.Understanding|com.apple.siri.nl.marrs.rd.en_US|3100.15.2.13.202405,0
time=2026-08-06_06:20:43 op=MOD_CLIENT_LOCK             client=com.apple.UnifiedAssetFr count=0485 selector=UAF.Siri.Understanding|com.apple.siri.nl.ssu.encoder.en_US|3300.2000.87.13.202405,0
time=2026-08-06_06:20:43 op=MOD_CLIENT_LOCK             client=com.apple.UnifiedAssetFr count=0484 selector=UAF.Siri.Understanding|com.apple.siri.nl.marrs.mr.en_US|3404.3400.2025020521.13.202405,0
time=2026-08-06_06:20:43 op=MOD_CLIENT_LOCK             client=com.apple.UnifiedAssetFr count=0483 selector=UAF.Siri.Understanding|com.apple.siri.understanding.uaf.metadata|4.46.1.13.202219,0
time=2026-08-06_06:20:43 op=MOD_CLIENT_LOCK             client=com.apple.UnifiedAssetFr count=0482 selector=UAF.Siri.Understanding|com.apple.siri.nl.psc.en_US|3600.5000.2443.13.204102,0
time=2026-08-06_06:20:43 op=MOD_CLIENT_LOCK             client=com.apple.UnifiedAssetFr count=0481 selector=UAF.Siri.Understanding|com.apple.siri.nl.ssu.datasets.en_US|3400.3000.2.13.202405,0
time=2026-08-06_06:20:43 op=MOD_CLIENT_LOCK             client=com.apple.UnifiedAssetFr count=0480 selector=UAF.Siri.Understanding|com.apple.siri.nl.marrs.ccqr.en_US|3600.5000.2026070617.13.204580,0
time=2026-08-06_06:20:43 op=MOD_CLIENT_LOCK             client=com.apple.UnifiedAssetFr count=0479 selector=UAF.Siri.Understanding|com.apple.siri.sp.mitigation.en_US|21.1007.1.13.303014,0
time=2026-08-06_06:20:43 op=MOD_CLIENT_LOCK             client=com.apple.UnifiedAssetFr count=0478 selector=UAF.Siri.Understanding|com.apple.siri.nl.voc.en_US|3600.5000.2026070602.13.204584,0
time=2026-08-06_06:20:43 op=MOD_CLIENT_LOCK             client=com.apple.UnifiedAssetFr count=0477 selector=UAF.Siri.Understanding|com.apple.siri.nl.snlc.en_US|3600.5000.3332.13.204584,0
time=2026-08-06_06:20:43 op=MOD_CLIENT_LOCK             client=com.apple.UnifiedAssetFr count=0476 selector=UAF.Siri.Understanding|com.apple.siri.cam.auto_confirm.auto_send.en_US|200.0.2021102920.13.101954,0
time=2026-08-06_06:20:43 op=MOD_CLIENT_LOCK             client=com.apple.UnifiedAssetFr count=0475 selector=UAF.Siri.Understanding|com.apple.siri.asr.assistant.en_US|3100.50015.81616.13.303026,0
time=2026-08-06_06:20:43 op=MOD_CLIENT_LOCK             client=com.apple.UnifiedAssetFr count=0474 selector=UAF.Siri.Understanding|com.apple.siri.sp.invocation.en_US|21.1007.1.13.303014,0
time=2026-08-06_06:20:43 op=MOD_CLIENT_LOCK             client=com.apple.UnifiedAssetFr count=0473 selector=UAF.Siri.Understanding|com.apple.siri.cam.auto_confirm.auto_send_private.en_US|1000.0.2022032313.13.101954,0
time=2026-08-06_06:20:43 op=MOD_CLIENT_LOCK             client=com.apple.UnifiedAssetFr count=0472 selector=UAF.Siri.Understanding|com.apple.siri.asr.geolm.regionMapping.en_US|3100.5000.69.13.303005,0
time=2026-08-06_06:20:43 op=MOD_CLIENT_LOCK             client=com.apple.UnifiedAssetFr count=0471 selector=UAF.Siri.Understanding|com.apple.siri.nl.owl.en_US|3300.2011.16.13.202405,0
time=2026-08-06_06:20:43 op=MOD_CLIENT_LOCK             client=com.apple.UnifiedAssetFr count=0470 selector=UAF.Siri.Understanding|com.apple.siri.nl.nlv4.en_US|3600.5000.3337.13.204584,0
time=2026-08-06_06:20:43 op=MOD_CLIENT_LOCK             client=com.apple.UnifiedAssetFr count=0469 selector=setAtomicInstance:14ABB092-CA8F-47AF-A26A-CDA5F7495EF5
time=2026-08-06_06:20:43 op=MOD_CLIENT_LOCK             client=manager                  count=0470 selector=UAF.Music.ConcertsRanking|com.apple.music.concertsranking.model.generic|0.22.81616.13.302963,0
time=2026-08-06_06:20:43 op=MOD_CLIENT_LOCK             client=manager                  count=0471 selector=UAF.Music.ConcertsRanking|com.apple.music.concertsranking.uaf.metadata|4.46.1.13.102578,0
time=2026-08-06_06:20:43 op=MOD_CLIENT_LOCK             client=manager                  count=0472 selector=setAtomicInstance:6557E60C-2795-48A8-8876-BF06851E9213
time=2026-08-06_06:20:43 op=MOD_CLIENT_LOCK             client=com.apple.UnifiedAssetFr count=0471 selector=UAF.Music.ConcertsRanking|com.apple.music.concertsranking.model.generic|0.22.81616.13.302963,0
time=2026-08-06_06:20:43 op=MOD_CLIENT_LOCK             client=com.apple.UnifiedAssetFr count=0470 selector=UAF.Music.ConcertsRanking|com.apple.music.concertsranking.uaf.metadata|4.46.1.13.102578,0
time=2026-08-06_06:20:43 op=MOD_CLIENT_LOCK             client=com.apple.UnifiedAssetFr count=0469 selector=setAtomicInstance:6557E60C-2795-48A8-8876-BF06851E9213
time=2026-08-06_06:20:43 op=MOD_CLIENT_LOCK             client=manager                  count=0470 selector=UAF.AONSenseConfiguration|com.apple.aonsense.uaf.metadata|4.46.1.13.101763,0
time=2026-08-06_06:20:43 op=MOD_CLIENT_LOCK             client=manager                  count=0471 selector=UAF.AONSenseConfiguration|com.apple.aonsense.safety.generic|0.5.0.100.2508,0
time=2026-08-06_06:20:43 op=MOD_CLIENT_LOCK             client=manager                  count=0472 selector=setAtomicInstance:7F0BCC64-E3BC-4D1E-8989-DA5A89C53574
time=2026-08-06_06:20:43 op=MOD_CLIENT_LOCK             client=com.apple.UnifiedAssetFr count=0471 selector=UAF.AONSenseConfiguration|com.apple.aonsense.uaf.metadata|4.46.1.13.101763,0
time=2026-08-06_06:20:43 op=MOD_CLIENT_LOCK             client=com.apple.UnifiedAssetFr count=0470 selector=UAF.AONSenseConfiguration|com.apple.aonsense.safety.generic|0.5.0.100.2508,0
time=2026-08-06_06:20:43 op=MOD_CLIENT_LOCK             client=com.apple.UnifiedAssetFr count=0469 selector=setAtomicInstance:7F0BCC64-E3BC-4D1E-8989-DA5A89C53574
time=2026-08-06_06:20:44 op=MOD_CLIENT_LOCK             client=manager                  count=0470 selector=UAF.Translation.MMAssets|com.apple.translation.mmassets.uaf.metadata|4.46.1.13.102689,0
time=2026-08-06_06:20:44 op=MOD_CLIENT_LOCK             client=manager                  count=0471 selector=UAF.Translation.MMAssets|com.apple.sequoia.mm.pb.generic|24.14.1.13.103059,0
time=2026-08-06_06:20:44 op=MOD_CLIENT_LOCK             client=manager                  count=0472 selector=UAF.Translation.MMAssets|com.apple.sequoia.mm.drafter.generic|24.14.81616.13.303199,0
time=2026-08-06_06:20:44 op=MOD_CLIENT_LOCK             client=manager                  count=0473 selector=UAF.Translation.MMAssets|com.apple.sequoia.mm.adapter.generic|24.14.1.13.103059,0
time=2026-08-06_06:20:44 op=MOD_CLIENT_LOCK             client=manager                  count=0474 selector=UAF.Translation.MMAssets|com.apple.sequoia.mm.mt.base.generic|24.14.81616.13.303199,0
time=2026-08-06_06:20:44 op=MOD_CLIENT_LOCK             client=manager                  count=0475 selector=UAF.Translation.MMAssets|com.apple.sequoia.mm.mt.text_tokenizer.generic|24.14.1.13.103059,0
time=2026-08-06_06:20:44 op=MOD_CLIENT_LOCK             client=manager                  count=0476 selector=UAF.Translation.MMAssets|com.apple.sequoia.mm.alignment.generic|24.14.1.13.103059,0
time=2026-08-06_06:20:44 op=MOD_CLIENT_LOCK             client=manager                  count=0477 selector=setAtomicInstance:C79C82E6-6395-4C87-A841-31C6FA6A8217
time=2026-08-06_06:20:44 op=MOD_CLIENT_LOCK             client=com.apple.UnifiedAssetFr count=0476 selector=UAF.Translation.MMAssets|com.apple.translation.mmassets.uaf.metadata|4.46.1.13.102689,0
time=2026-08-06_06:20:44 op=MOD_CLIENT_LOCK             client=com.apple.UnifiedAssetFr count=0475 selector=UAF.Translation.MMAssets|com.apple.sequoia.mm.pb.generic|24.14.1.13.103059,0
time=2026-08-06_06:20:44 op=MOD_CLIENT_LOCK             client=com.apple.UnifiedAssetFr count=0474 selector=UAF.Translation.MMAssets|com.apple.sequoia.mm.drafter.generic|24.14.81616.13.303199,0
time=2026-08-06_06:20:44 op=MOD_CLIENT_LOCK             client=com.apple.UnifiedAssetFr count=0473 selector=UAF.Translation.MMAssets|com.apple.sequoia.mm.adapter.generic|24.14.1.13.103059,0
time=2026-08-06_06:20:44 op=MOD_CLIENT_LOCK             client=com.apple.UnifiedAssetFr count=0472 selector=UAF.Translation.MMAssets|com.apple.sequoia.mm.mt.base.generic|24.14.81616.13.303199,0
time=2026-08-06_06:20:44 op=MOD_CLIENT_LOCK             client=com.apple.UnifiedAssetFr count=0471 selector=UAF.Translation.MMAssets|com.apple.sequoia.mm.mt.text_tokenizer.generic|24.14.1.13.103059,0
time=2026-08-06_06:20:44 op=MOD_CLIENT_LOCK             client=com.apple.UnifiedAssetFr count=0470 selector=UAF.Translation.MMAssets|com.apple.sequoia.mm.alignment.generic|24.14.1.13.103059,0
time=2026-08-06_06:20:44 op=MOD_CLIENT_LOCK             client=com.apple.UnifiedAssetFr count=0469 selector=setAtomicInstance:C79C82E6-6395-4C87-A841-31C6FA6A8217
time=2026-08-06_06:20:44 op=MOD_CLIENT_LOCK             client=manager                  count=0470 selector=UAF.MotionAnomalyFM|com.apple.fm.motionanomalyfm.adapter.generic|0.0.1.13.102818,0
time=2026-08-06_06:20:44 op=MOD_CLIENT_LOCK             client=manager                  count=0471 selector=UAF.MotionAnomalyFM|com.apple.fm.motionanomalyfm.base.generic|0.0.1.13.102818,0
time=2026-08-06_06:20:44 op=MOD_CLIENT_LOCK             client=manager                  count=0472 selector=UAF.MotionAnomalyFM|com.apple.motionanomalyfm.uaf.metadata|4.46.1.13.102700,0
time=2026-08-06_06:20:44 op=MOD_CLIENT_LOCK             client=manager                  count=0473 selector=setAtomicInstance:8A548AE5-E8CB-4CB9-8828-B310ABCAB5A1
time=2026-08-06_06:20:44 op=MOD_CLIENT_LOCK             client=com.apple.UnifiedAssetFr count=0472 selector=UAF.MotionAnomalyFM|com.apple.fm.motionanomalyfm.adapter.generic|0.0.1.13.102818,0
time=2026-08-06_06:20:44 op=MOD_CLIENT_LOCK             client=com.apple.UnifiedAssetFr count=0471 selector=UAF.MotionAnomalyFM|com.apple.fm.motionanomalyfm.base.generic|0.0.1.13.102818,0
time=2026-08-06_06:20:44 op=MOD_CLIENT_LOCK             client=com.apple.UnifiedAssetFr count=0470 selector=UAF.MotionAnomalyFM|com.apple.motionanomalyfm.uaf.metadata|4.46.1.13.102700,0
time=2026-08-06_06:20:44 op=MOD_CLIENT_LOCK             client=com.apple.UnifiedAssetFr count=0469 selector=setAtomicInstance:8A548AE5-E8CB-4CB9-8828-B310ABCAB5A1
time=2026-08-06_06:20:44 op=MOD_CLIENT_LOCK             client=manager                  count=0470 selector=UAF.Shortcuts.Generator|com.apple.shortcuts.generator.uaf.metadata|4.46.1.13.102515,0
time=2026-08-06_06:20:44 op=MOD_CLIENT_LOCK             client=manager                  count=0471 selector=UAF.Shortcuts.Generator|com.apple.fm.language.shortcuts.generator.tool_retrieval.base.generic|1.7.0.13.102956,0
time=2026-08-06_06:20:44 op=MOD_CLIENT_LOCK             client=manager                  count=0472 selector=setAtomicInstance:7E5AF296-4EB6-46A9-AF47-AF83ED136AED
time=2026-08-06_06:20:44 op=MOD_CLIENT_LOCK             client=com.apple.UnifiedAssetFr count=0471 selector=UAF.Shortcuts.Generator|com.apple.shortcuts.generator.uaf.metadata|4.46.1.13.102515,0
time=2026-08-06_06:20:44 op=MOD_CLIENT_LOCK             client=com.apple.UnifiedAssetFr count=0470 selector=UAF.Shortcuts.Generator|com.apple.fm.language.shortcuts.generator.tool_retrieval.base.generic|1.7.0.13.102956,0
time=2026-08-06_06:20:44 op=MOD_CLIENT_LOCK             client=com.apple.UnifiedAssetFr count=0469 selector=setAtomicInstance:7E5AF296-4EB6-46A9-AF47-AF83ED136AED
time=2026-08-06_06:20:44 op=MOD_CLIENT_LOCK             client=manager                  count=0470 selector=UAF.TKModelMessages|com.apple.trustkit.tkorderextraction.all|270.0.5.100.2720,0
time=2026-08-06_06:20:44 op=MOD_CLIENT_LOCK             client=manager                  count=0471 selector=UAF.TKModelMessages|com.apple.TKModelMessages.uaf.metadata|4.46.1.100.2902,0
time=2026-08-06_06:20:44 op=MOD_CLIENT_LOCK             client=manager                  count=0472 selector=UAF.TKModelMessages|com.apple.trustkit.tkmodelmessages.all|265.0.8.100.3049,0
time=2026-08-06_06:20:44 op=MOD_CLIENT_LOCK             client=manager                  count=0473 selector=setAtomicInstance:CE54C6C6-B515-492F-A840-1440BC2F3534
time=2026-08-06_06:20:44 op=MOD_CLIENT_LOCK             client=com.apple.UnifiedAssetFr count=0472 selector=UAF.TKModelMessages|com.apple.trustkit.tkorderextraction.all|270.0.5.100.2720,0
time=2026-08-06_06:20:44 op=MOD_CLIENT_LOCK             client=com.apple.UnifiedAssetFr count=0471 selector=UAF.TKModelMessages|com.apple.TKModelMessages.uaf.metadata|4.46.1.100.2902,0
time=2026-08-06_06:20:44 op=MOD_CLIENT_LOCK             client=com.apple.UnifiedAssetFr count=0470 selector=UAF.TKModelMessages|com.apple.trustkit.tkmodelmessages.all|265.0.8.100.3049,0
time=2026-08-06_06:20:44 op=MOD_CLIENT_LOCK             client=com.apple.UnifiedAssetFr count=0469 selector=setAtomicInstance:CE54C6C6-B515-492F-A840-1440BC2F3534
time=2026-08-06_06:20:44 op=MOD_CLIENT_LOCK             client=manager                  count=0470 selector=UAF.SummarizationKitConfiguration|com.apple.summarizationkit.ota.rules|1.0.6.13.202380,0
time=2026-08-06_06:20:44 op=MOD_CLIENT_LOCK             client=manager                  count=0471 selector=UAF.SummarizationKitConfiguration|com.apple.summarizationkit.ota.configuration|1.1.14.13.202380,0
time=2026-08-06_06:20:44 op=MOD_CLIENT_LOCK             client=manager                  count=0472 selector=setAtomicInstance:727B954C-B06C-4B26-AC3A-1B9AC0F00EC1
time=2026-08-06_06:20:45 op=MOD_CLIENT_LOCK             client=com.apple.UnifiedAssetFr count=0471 selector=UAF.SummarizationKitConfiguration|com.apple.summarizationkit.ota.rules|1.0.6.13.202380,0
time=2026-08-06_06:20:45 op=MOD_CLIENT_LOCK             client=com.apple.UnifiedAssetFr count=0470 selector=UAF.SummarizationKitConfiguration|com.apple.summarizationkit.ota.configuration|1.1.14.13.202380,0
time=2026-08-06_06:20:45 op=MOD_CLIENT_LOCK             client=com.apple.UnifiedAssetFr count=0469 selector=setAtomicInstance:727B954C-B06C-4B26-AC3A-1B9AC0F00EC1
time=2026-08-06_06:20:45 op=MOD_CLIENT_LOCK             client=manager                  count=0470 selector=UAF.Search.ODLA|com.apple.odla.recipe.SAW.Spotlight.SurveyDaily|184.0.0.13.202518,0
time=2026-08-06_06:20:45 op=MOD_CLIENT_LOCK             client=manager                  count=0471 selector=UAF.Search.ODLA|com.apple.odla.recipe.SAW.Spotlight.SurveyWeekly|184.0.0.13.202518,0
time=2026-08-06_06:20:45 op=MOD_CLIENT_LOCK             client=manager                  count=0472 selector=UAF.Search.ODLA|com.apple.odla.recipe.SAW.Spotlight.Extraction|184.0.0.13.202518,0
time=2026-08-06_06:20:45 op=MOD_CLIENT_LOCK             client=manager                  count=0473 selector=UAF.Search.ODLA|com.apple.odla.recipe.SAW.Spotlight.Report|184.0.0.13.202518,0
time=2026-08-06_06:20:45 op=MOD_CLIENT_LOCK             client=manager                  count=0474 selector=setAtomicInstance:2D8BB39E-F445-4247-9F61-6D3EB7AD73AA
time=2026-08-06_06:20:45 op=MOD_CLIENT_LOCK             client=com.apple.UnifiedAssetFr count=0473 selector=UAF.Search.ODLA|com.apple.odla.recipe.SAW.Spotlight.SurveyDaily|184.0.0.13.202518,0
time=2026-08-06_06:20:45 op=MOD_CLIENT_LOCK             client=com.apple.UnifiedAssetFr count=0472 selector=UAF.Search.ODLA|com.apple.odla.recipe.SAW.Spotlight.SurveyWeekly|184.0.0.13.202518,0
time=2026-08-06_06:20:45 op=MOD_CLIENT_LOCK             client=com.apple.UnifiedAssetFr count=0471 selector=UAF.Search.ODLA|com.apple.odla.recipe.SAW.Spotlight.Extraction|184.0.0.13.202518,0
time=2026-08-06_06:20:45 op=MOD_CLIENT_LOCK             client=com.apple.UnifiedAssetFr count=0470 selector=UAF.Search.ODLA|com.apple.odla.recipe.SAW.Spotlight.Report|184.0.0.13.202518,0
time=2026-08-06_06:20:45 op=MOD_CLIENT_LOCK             client=com.apple.UnifiedAssetFr count=0469 selector=setAtomicInstance:2D8BB39E-F445-4247-9F61-6D3EB7AD73AA
time=2026-08-06_06:20:45 op=MOD_CLIENT_LOCK             client=manager                  count=0470 selector=UAF.SearchQueryUnderstanding|com.apple.search.queryparser.uaf.metadata|4.46.1.13.102612,0
time=2026-08-06_06:20:45 op=MOD_CLIENT_LOCK             client=manager                  count=0471 selector=UAF.SearchQueryUnderstanding|com.apple.search.queryunderstanding.embedding|1.16.0.13.103076,0
time=2026-08-06_06:20:45 op=MOD_CLIENT_LOCK             client=manager                  count=0472 selector=UAF.SearchQueryUnderstanding|com.apple.search.queryparser.en|1.16.0.13.103076,0
time=2026-08-06_06:20:45 op=MOD_CLIENT_LOCK             client=manager                  count=0473 selector=UAF.SearchQueryUnderstanding|com.apple.search.safety.en|1.16.0.13.103076,0
time=2026-08-06_06:20:45 op=MOD_CLIENT_LOCK             client=manager                  count=0474 selector=UAF.SearchQueryUnderstanding|com.apple.search.queryunderstanding.en|1.16.0.13.103076,0
time=2026-08-06_06:20:45 op=MOD_CLIENT_LOCK             client=manager                  count=0475 selector=UAF.SearchQueryUnderstanding|com.apple.search.queryunderstanding.geo|1.16.0.13.103076,0
time=2026-08-06_06:20:45 op=MOD_CLIENT_LOCK             client=manager                  count=0476 selector=setAtomicInstance:2A59CBF3-DA68-400B-80AF-68EC7C32DC38
time=2026-08-06_06:20:45 op=MOD_CLIENT_LOCK             client=com.apple.UnifiedAssetFr count=0475 selector=UAF.SearchQueryUnderstanding|com.apple.search.queryparser.uaf.metadata|4.46.1.13.102612,0
time=2026-08-06_06:20:45 op=MOD_CLIENT_LOCK             client=com.apple.UnifiedAssetFr count=0474 selector=UAF.SearchQueryUnderstanding|com.apple.search.queryunderstanding.embedding|1.16.0.13.103076,0
time=2026-08-06_06:20:45 op=MOD_CLIENT_LOCK             client=com.apple.UnifiedAssetFr count=0473 selector=UAF.SearchQueryUnderstanding|com.apple.search.queryparser.en|1.16.0.13.103076,0
time=2026-08-06_06:20:45 op=MOD_CLIENT_LOCK             client=com.apple.UnifiedAssetFr count=0472 selector=UAF.SearchQueryUnderstanding|com.apple.search.safety.en|1.16.0.13.103076,0
time=2026-08-06_06:20:45 op=MOD_CLIENT_LOCK             client=com.apple.UnifiedAssetFr count=0471 selector=UAF.SearchQueryUnderstanding|com.apple.search.queryunderstanding.en|1.16.0.13.103076,0
time=2026-08-06_06:20:45 op=MOD_CLIENT_LOCK             client=com.apple.UnifiedAssetFr count=0470 selector=UAF.SearchQueryUnderstanding|com.apple.search.queryunderstanding.geo|1.16.0.13.103076,0
time=2026-08-06_06:20:45 op=MOD_CLIENT_LOCK             client=com.apple.UnifiedAssetFr count=0469 selector=setAtomicInstance:2A59CBF3-DA68-400B-80AF-68EC7C32DC38
time=2026-08-06_06:20:45 op=MOD_CLIENT_LOCK             client=manager                  count=0470 selector=UAF.Speech.AutomaticSpeechRecognition|com.apple.speech.asr.transcription.en|3100.50007.81616.13.302863,0
time=2026-08-06_06:20:45 op=MOD_CLIENT_LOCK             client=manager                  count=0471 selector=UAF.Speech.AutomaticSpeechRecognition|com.apple.speech.automaticspeechrecognition.uaf.metadata|4.46.1.13.102153,0
time=2026-08-06_06:20:45 op=MOD_CLIENT_LOCK             client=manager                  count=0472 selector=UAF.Speech.AutomaticSpeechRecognition|com.apple.speech.asr.language.identification|0.0.4.13.201972,0
time=2026-08-06_06:20:45 op=MOD_CLIENT_LOCK             client=manager                  count=0473 selector=setAtomicInstance:046F5F9B-4C9C-4B49-93B2-619BC325FE4B
time=2026-08-06_06:20:45 op=MOD_CLIENT_LOCK             client=com.apple.UnifiedAssetFr count=0472 selector=UAF.Speech.AutomaticSpeechRecognition|com.apple.speech.asr.transcription.en|3100.50007.81616.13.302863,0
time=2026-08-06_06:20:45 op=MOD_CLIENT_LOCK             client=com.apple.UnifiedAssetFr count=0471 selector=UAF.Speech.AutomaticSpeechRecognition|com.apple.speech.automaticspeechrecognition.uaf.metadata|4.46.1.13.102153,0
time=2026-08-06_06:20:45 op=MOD_CLIENT_LOCK             client=com.apple.UnifiedAssetFr count=0470 selector=UAF.Speech.AutomaticSpeechRecognition|com.apple.speech.asr.language.identification|0.0.4.13.201972,0
time=2026-08-06_06:20:45 op=MOD_CLIENT_LOCK             client=com.apple.UnifiedAssetFr count=0469 selector=setAtomicInstance:046F5F9B-4C9C-4B49-93B2-619BC325FE4B
time=2026-08-06_06:21:50 op=ADD_CLIENT_LOCK             client=eligibilityd:lockContent count=0470 selector=setAtomicInstance:55941F5D-50AC-48CD-B17C-485C28C18C00
time=2026-08-06_06:21:50 op=DEL_CLIENT_UNLOCK           client=com.apple.eligibilityd_e count=0469 selector=setAtomicInstance:55941F5D-50AC-48CD-B17C-485C28C18C00
time=2026-08-06_15:14:50 op=ADD_CLIENT_LOCK             client=eligibilityd:lockContent count=0470 selector=setAtomicInstance:55941F5D-50AC-48CD-B17C-485C28C18C00
time=2026-08-06_15:14:50 op=DEL_CLIENT_UNLOCK           client=com.apple.eligibilityd_e count=0469 selector=setAtomicInstance:55941F5D-50AC-48CD-B17C-485C28C18C00
time=2026-08-06_15:38:39 op=ADD_CLIENT_LOCK             client=eligibilityd:lockContent count=0470 selector=setAtomicInstance:55941F5D-50AC-48CD-B17C-485C28C18C00
time=2026-08-06_15:38:39 op=DEL_CLIENT_UNLOCK           client=com.apple.eligibilityd_e count=0469 selector=setAtomicInstance:55941F5D-50AC-48CD-B17C-485C28C18C00
time=2026-08-06_16:20:28 op=ADD_CLIENT_LOCK             client=eligibilityd:lockContent count=0470 selector=setAtomicInstance:55941F5D-50AC-48CD-B17C-485C28C18C00
time=2026-08-06_16:20:28 op=DEL_CLIENT_UNLOCK           client=com.apple.eligibilityd_e count=0469 selector=setAtomicInstance:55941F5D-50AC-48CD-B17C-485C28C18C00
time=2026-08-06_16:43:52 op=ADD_CLIENT_LOCK             client=eligibilityd:lockContent count=0470 selector=setAtomicInstance:55941F5D-50AC-48CD-B17C-485C28C18C00
time=2026-08-06_16:43:52 op=DEL_CLIENT_UNLOCK           client=com.apple.eligibilityd_e count=0469 selector=setAtomicInstance:55941F5D-50AC-48CD-B17C-485C28C18C00
time=2026-08-06_16:43:59 op=MOD_CLIENT_LOCK             client=IntelligentRoutingDaemon count=0470 selector=setAtomicInstance:A77D6E07-48D9-476C-BC1B-01EF13FA840C
time=2026-08-06_17:10:36 op=ADD_CLIENT_LOCK             client=eligibilityd:lockContent count=0471 selector=setAtomicInstance:55941F5D-50AC-48CD-B17C-485C28C18C00
time=2026-08-06_17:10:36 op=DEL_CLIENT_UNLOCK           client=com.apple.eligibilityd_e count=0470 selector=setAtomicInstance:55941F5D-50AC-48CD-B17C-485C28C18C00
time=2026-08-06_18:48:10 op=ADD_CLIENT_LOCK             client=eligibilityd:lockContent count=0471 selector=setAtomicInstance:55941F5D-50AC-48CD-B17C-485C28C18C00
time=2026-08-06_18:48:10 op=DEL_CLIENT_UNLOCK           client=com.apple.eligibilityd_e count=0470 selector=setAtomicInstance:55941F5D-50AC-48CD-B17C-485C28C18C00
time=2026-08-06_20:15:47 op=ADD_CLIENT_LOCK             client=eligibilityd:lockContent count=0471 selector=setAtomicInstance:55941F5D-50AC-48CD-B17C-485C28C18C00
time=2026-08-06_20:15:47 op=DEL_CLIENT_UNLOCK           client=com.apple.eligibilityd_e count=0470 selector=setAtomicInstance:55941F5D-50AC-48CD-B17C-485C28C18C00
time=2026-08-06_20:25:58 op=ADD_CLIENT_LOCK             client=eligibilityd:lockContent count=0471 selector=setAtomicInstance:55941F5D-50AC-48CD-B17C-485C28C18C00
time=2026-08-06_20:25:58 op=DEL_CLIENT_UNLOCK           client=com.apple.eligibilityd_e count=0470 selector=setAtomicInstance:55941F5D-50AC-48CD-B17C-485C28C18C00
time=2026-08-06_21:09:15 op=ADD_CLIENT_LOCK             client=eligibilityd:lockContent count=0471 selector=setAtomicInstance:55941F5D-50AC-48CD-B17C-485C28C18C00
time=2026-08-06_21:09:15 op=DEL_CLIENT_UNLOCK           client=com.apple.eligibilityd_e count=0470 selector=setAtomicInstance:55941F5D-50AC-48CD-B17C-485C28C18C00
time=2026-08-06_21:25:30 op=ADD_CLIENT_LOCK             client=eligibilityd:lockContent count=0471 selector=setAtomicInstance:55941F5D-50AC-48CD-B17C-485C28C18C00
time=2026-08-06_21:25:30 op=DEL_CLIENT_UNLOCK           client=com.apple.eligibilityd_e count=0470 selector=setAtomicInstance:55941F5D-50AC-48CD-B17C-485C28C18C00
time=2026-08-06_21:38:42 op=ADD_CLIENT_LOCK             client=eligibilityd:lockContent count=0471 selector=setAtomicInstance:55941F5D-50AC-48CD-B17C-485C28C18C00
time=2026-08-06_21:38:42 op=DEL_CLIENT_UNLOCK           client=com.apple.eligibilityd_e count=0470 selector=setAtomicInstance:55941F5D-50AC-48CD-B17C-485C28C18C00
time=2026-08-06_22:08:08 op=ADD_CLIENT_LOCK             client=eligibilityd:lockContent count=0471 selector=setAtomicInstance:55941F5D-50AC-48CD-B17C-485C28C18C00
time=2026-08-06_22:08:08 op=DEL_CLIENT_UNLOCK           client=com.apple.eligibilityd_e count=0470 selector=setAtomicInstance:55941F5D-50AC-48CD-B17C-485C28C18C00
time=2026-08-06_23:44:34 op=ADD_CLIENT_LOCK             client=eligibilityd:lockContent count=0471 selector=setAtomicInstance:55941F5D-50AC-48CD-B17C-485C28C18C00
time=2026-08-06_23:44:34 op=DEL_CLIENT_UNLOCK           client=com.apple.eligibilityd_e count=0470 selector=setAtomicInstance:55941F5D-50AC-48CD-B17C-485C28C18C00
time=2026-08-07_01:16:54 op=ADD_CLIENT_LOCK             client=eligibilityd:lockContent count=0471 selector=setAtomicInstance:55941F5D-50AC-48CD-B17C-485C28C18C00
time=2026-08-07_01:16:54 op=DEL_CLIENT_UNLOCK           client=com.apple.eligibilityd_e count=0470 selector=setAtomicInstance:55941F5D-50AC-48CD-B17C-485C28C18C00
time=2026-08-07_01:21:41 op=MOD_CLIENT_LOCK             client=manager                  count=0471 selector=UAF.Translation.Assets|com.apple.sequoia.asset.lid|23.4.1.13.203112,0
time=2026-08-07_01:21:41 op=MOD_CLIENT_LOCK             client=manager                  count=0472 selector=UAF.Translation.Assets|com.apple.sequoia.asset.config|23.4.1.13.203112,0
time=2026-08-07_01:21:41 op=MOD_CLIENT_LOCK             client=manager                  count=0473 selector=UAF.Translation.Assets|com.apple.sequoia.asset.endpointer|23.4.1.13.203112,0
time=2026-08-07_01:21:41 op=MOD_CLIENT_LOCK             client=manager                  count=0474 selector=UAF.Translation.Assets|com.apple.sequoia.asset.asr.en_US|23.4.1.13.203112,0
time=2026-08-07_01:21:42 op=MOD_CLIENT_LOCK             client=manager                  count=0475 selector=UAF.Translation.Assets|com.apple.sequoia.asset.pb.en|23.4.1.13.203112,0
time=2026-08-07_01:21:42 op=MOD_CLIENT_LOCK             client=manager                  count=0476 selector=setAtomicInstance:A1C3A1B2-6339-48FE-87CD-BD06C262A91C
time=2026-08-07_01:21:44 op=MOD_CLIENT_LOCK             client=com.apple.UnifiedAssetFr count=0475 selector=UAF.Translation.Assets|com.apple.sequoia.asset.lid|23.4.1.13.203112,0
time=2026-08-07_01:21:44 op=MOD_CLIENT_LOCK             client=com.apple.UnifiedAssetFr count=0474 selector=UAF.Translation.Assets|com.apple.sequoia.asset.config|23.4.1.13.203112,0
time=2026-08-07_01:21:44 op=MOD_CLIENT_LOCK             client=com.apple.UnifiedAssetFr count=0473 selector=UAF.Translation.Assets|com.apple.sequoia.asset.endpointer|23.4.1.13.203112,0
time=2026-08-07_01:21:44 op=MOD_CLIENT_LOCK             client=com.apple.UnifiedAssetFr count=0472 selector=UAF.Translation.Assets|com.apple.sequoia.asset.asr.en_US|23.4.1.13.203112,0
time=2026-08-07_01:21:44 op=MOD_CLIENT_LOCK             client=com.apple.UnifiedAssetFr count=0471 selector=UAF.Translation.Assets|com.apple.sequoia.asset.pb.en|23.4.1.13.203112,0
time=2026-08-07_01:21:44 op=MOD_CLIENT_LOCK             client=com.apple.UnifiedAssetFr count=0470 selector=setAtomicInstance:A1C3A1B2-6339-48FE-87CD-BD06C262A91C
time=2026-08-07_01:21:45 op=MOD_CLIENT_LOCK             client=manager                  count=0471 selector=UAF.FM.Visual|com.apple.fm.visual.image_diffusion_v1.sketch|10.5000.0.13.102206,0
time=2026-08-07_01:21:45 op=MOD_CLIENT_LOCK             client=manager                  count=0472 selector=UAF.FM.Visual|com.apple.fm.visual.image_diffusion_v1.style_scribble|10.5000.0.13.102206,0
time=2026-08-07_01:21:45 op=MOD_CLIENT_LOCK             client=manager                  count=0473 selector=UAF.FM.Visual|com.apple.fm.visual.uaf.metadata|4.46.1.13.101737,0
time=2026-08-07_01:21:45 op=MOD_CLIENT_LOCK             client=manager                  count=0474 selector=UAF.FM.Visual|com.apple.fm.visual.imageplayground.curatedprompts|1.0.4.13.101896,0
time=2026-08-07_01:21:45 op=MOD_CLIENT_LOCK             client=manager                  count=0475 selector=UAF.FM.Visual|com.apple.fm.visual.image_diffusion_v1.personalized_illustration|10.5000.0.13.102206,0
time=2026-08-07_01:21:45 op=MOD_CLIENT_LOCK             client=manager                  count=0476 selector=UAF.FM.Visual|com.apple.fm.visual.image_diffusion_v1.illustration|10.5000.0.13.102206,0
time=2026-08-07_01:21:45 op=MOD_CLIENT_LOCK             client=manager                  count=0477 selector=UAF.FM.Visual|com.apple.fm.visual.image_diffusion_v1.personalized_emoji|10.5000.0.13.102206,0
time=2026-08-07_01:21:45 op=MOD_CLIENT_LOCK             client=manager                  count=0478 selector=UAF.FM.Visual|com.apple.fm.visual.image_diffusion_v1.emoji|10.5000.0.13.102206,0
time=2026-08-07_01:21:45 op=MOD_CLIENT_LOCK             client=manager                  count=0479 selector=UAF.FM.Visual|com.apple.fm.visual.image_diffusion_v1.personalized_sketch|10.5000.0.13.102206,0
time=2026-08-07_01:21:45 op=MOD_CLIENT_LOCK             client=manager                  count=0480 selector=UAF.FM.Visual|com.apple.fm.visual.image_diffusion_v1.base|10.5000.81616.13.204122,0
time=2026-08-07_01:21:45 op=MOD_CLIENT_LOCK             client=manager                  count=0481 selector=UAF.FM.Visual|com.apple.fm.visual.image_diffusion_v1.animation|10.5000.0.13.102206,0
time=2026-08-07_01:21:45 op=MOD_CLIENT_LOCK             client=manager                  count=0482 selector=UAF.FM.Visual|com.apple.gm.safety_deny.input.visual_generation.safety.generic|0.0.18.13.102938,0
time=2026-08-07_01:21:45 op=MOD_CLIENT_LOCK             client=manager                  count=0483 selector=UAF.FM.Visual|com.apple.fm.visual.image_diffusion_v1.personalized_animation|10.5000.0.13.102206,0
time=2026-08-07_01:21:45 op=MOD_CLIENT_LOCK             client=manager                  count=0484 selector=UAF.FM.Visual|com.apple.fm.visual.understanding.conditioning|10.5000.0.13.102206,0
time=2026-08-07_01:21:45 op=MOD_CLIENT_LOCK             client=manager                  count=0485 selector=UAF.FM.Visual|com.apple.fm.visual.imagescaler.upscaler|1.3.1.13.101896,0
time=2026-08-07_01:21:45 op=MOD_CLIENT_LOCK             client=manager                  count=0486 selector=UAF.FM.Visual|com.apple.fm.visual.image_diffusion_v1.messages_backgrounds|10.5000.0.13.102206,0
time=2026-08-07_01:21:45 op=MOD_CLIENT_LOCK             client=manager                  count=0487 selector=UAF.FM.Visual|com.apple.gm.prompt_allow_list.input.delta_lexicon.generic|0.0.1.13.102304,0
time=2026-08-07_01:21:45 op=MOD_CLIENT_LOCK             client=manager                  count=0488 selector=setAtomicInstance:EEDE12F6-E051-42F5-AD34-094CE7BD35CE
time=2026-08-07_01:21:46 op=MOD_CLIENT_LOCK             client=com.apple.UnifiedAssetFr count=0487 selector=UAF.FM.Visual|com.apple.fm.visual.image_diffusion_v1.sketch|10.5000.0.13.102206,0
time=2026-08-07_01:21:46 op=MOD_CLIENT_LOCK             client=com.apple.UnifiedAssetFr count=0486 selector=UAF.FM.Visual|com.apple.fm.visual.image_diffusion_v1.style_scribble|10.5000.0.13.102206,0
time=2026-08-07_01:21:46 op=MOD_CLIENT_LOCK             client=com.apple.UnifiedAssetFr count=0485 selector=UAF.FM.Visual|com.apple.fm.visual.uaf.metadata|4.46.1.13.101737,0
time=2026-08-07_01:21:46 op=MOD_CLIENT_LOCK             client=com.apple.UnifiedAssetFr count=0484 selector=UAF.FM.Visual|com.apple.fm.visual.imageplayground.curatedprompts|1.0.4.13.101896,0
time=2026-08-07_01:21:46 op=MOD_CLIENT_LOCK             client=com.apple.UnifiedAssetFr count=0483 selector=UAF.FM.Visual|com.apple.fm.visual.image_diffusion_v1.personalized_illustration|10.5000.0.13.102206,0
time=2026-08-07_01:21:46 op=MOD_CLIENT_LOCK             client=com.apple.UnifiedAssetFr count=0482 selector=UAF.FM.Visual|com.apple.fm.visual.image_diffusion_v1.illustration|10.5000.0.13.102206,0
time=2026-08-07_01:21:46 op=MOD_CLIENT_LOCK             client=com.apple.UnifiedAssetFr count=0481 selector=UAF.FM.Visual|com.apple.fm.visual.image_diffusion_v1.personalized_emoji|10.5000.0.13.102206,0
time=2026-08-07_01:21:46 op=MOD_CLIENT_LOCK             client=com.apple.UnifiedAssetFr count=0480 selector=UAF.FM.Visual|com.apple.fm.visual.image_diffusion_v1.emoji|10.5000.0.13.102206,0
time=2026-08-07_01:21:46 op=MOD_CLIENT_LOCK             client=com.apple.UnifiedAssetFr count=0479 selector=UAF.FM.Visual|com.apple.fm.visual.image_diffusion_v1.personalized_sketch|10.5000.0.13.102206,0
time=2026-08-07_01:21:46 op=MOD_CLIENT_LOCK             client=com.apple.UnifiedAssetFr count=0478 selector=UAF.FM.Visual|com.apple.fm.visual.image_diffusion_v1.base|10.5000.81616.13.204122,0
time=2026-08-07_01:21:46 op=MOD_CLIENT_LOCK             client=com.apple.UnifiedAssetFr count=0477 selector=UAF.FM.Visual|com.apple.fm.visual.image_diffusion_v1.animation|10.5000.0.13.102206,0
time=2026-08-07_01:21:46 op=MOD_CLIENT_LOCK             client=com.apple.UnifiedAssetFr count=0476 selector=UAF.FM.Visual|com.apple.gm.safety_deny.input.visual_generation.safety.generic|0.0.18.13.102938,0
time=2026-08-07_01:21:46 op=MOD_CLIENT_LOCK             client=com.apple.UnifiedAssetFr count=0475 selector=UAF.FM.Visual|com.apple.fm.visual.image_diffusion_v1.personalized_animation|10.5000.0.13.102206,0
time=2026-08-07_01:21:46 op=MOD_CLIENT_LOCK             client=com.apple.UnifiedAssetFr count=0474 selector=UAF.FM.Visual|com.apple.fm.visual.understanding.conditioning|10.5000.0.13.102206,0
time=2026-08-07_01:21:46 op=MOD_CLIENT_LOCK             client=com.apple.UnifiedAssetFr count=0473 selector=UAF.FM.Visual|com.apple.fm.visual.imagescaler.upscaler|1.3.1.13.101896,0
time=2026-08-07_01:21:46 op=MOD_CLIENT_LOCK             client=com.apple.UnifiedAssetFr count=0472 selector=UAF.FM.Visual|com.apple.fm.visual.image_diffusion_v1.messages_backgrounds|10.5000.0.13.102206,0
time=2026-08-07_01:21:46 op=MOD_CLIENT_LOCK             client=com.apple.UnifiedAssetFr count=0471 selector=UAF.FM.Visual|com.apple.gm.prompt_allow_list.input.delta_lexicon.generic|0.0.1.13.102304,0
time=2026-08-07_01:21:46 op=MOD_CLIENT_LOCK             client=com.apple.UnifiedAssetFr count=0470 selector=setAtomicInstance:EEDE12F6-E051-42F5-AD34-094CE7BD35CE
time=2026-08-07_01:21:46 op=MOD_CLIENT_LOCK             client=manager                  count=0471 selector=UAF.IF.PlannerOverrides|com.apple.if.planner.response_generation.regulatoryOverrides.US|6000000.1.0.100.1748,0
time=2026-08-07_01:21:46 op=MOD_CLIENT_LOCK             client=manager                  count=0472 selector=UAF.IF.PlannerOverrides|com.apple.if.planner.response_generation.catalog.generic|4500000.0.1.100.2165,0
time=2026-08-07_01:21:46 op=MOD_CLIENT_LOCK             client=manager                  count=0473 selector=UAF.IF.PlannerOverrides|com.apple.if.planner.skimmer.flows.en_US|5000000.127.0.100.2549,0
time=2026-08-07_01:21:46 op=MOD_CLIENT_LOCK             client=manager                  count=0474 selector=UAF.IF.PlannerOverrides|com.apple.if.planner.response_generation.overrides.en_GB|6000000.1.0.100.1746,0
time=2026-08-07_01:21:46 op=MOD_CLIENT_LOCK             client=manager                  count=0475 selector=UAF.IF.PlannerOverrides|com.apple.if.planner.response_generation.regulatoryOverrides.GB|6000000.1.0.100.1747,0
time=2026-08-07_01:21:46 op=MOD_CLIENT_LOCK             client=manager                  count=0476 selector=UAF.IF.PlannerOverrides|com.apple.if.planner.response_generation.overrides.en_US|6000000.22.0.100.2800,0
time=2026-08-07_01:21:46 op=MOD_CLIENT_LOCK             client=manager                  count=0477 selector=UAF.IF.PlannerOverrides|com.apple.if.planner.overrides.uaf.metadata|4.46.1.100.1307,0
time=2026-08-07_01:21:46 op=MOD_CLIENT_LOCK             client=manager                  count=0478 selector=UAF.IF.PlannerOverrides|com.apple.if.planner.patches.en_US|36000000.144005.3.100.3021,0
time=2026-08-07_01:21:46 op=MOD_CLIENT_LOCK             client=manager                  count=0479 selector=UAF.IF.PlannerOverrides|com.apple.if.planner.nlrouter.overrides.en_US|5000000.1779241428.0.100.2741,0
time=2026-08-07_01:21:46 op=MOD_CLIENT_LOCK             client=manager                  count=0480 selector=setAtomicInstance:F4530865-E82F-4AC3-BF5A-F9EE0D66607C
time=2026-08-07_01:21:46 op=MOD_CLIENT_LOCK             client=com.apple.UnifiedAssetFr count=0479 selector=UAF.IF.PlannerOverrides|com.apple.if.planner.response_generation.regulatoryOverrides.US|6000000.1.0.100.1748,0
time=2026-08-07_01:21:46 op=MOD_CLIENT_LOCK             client=com.apple.UnifiedAssetFr count=0478 selector=UAF.IF.PlannerOverrides|com.apple.if.planner.response_generation.catalog.generic|4500000.0.1.100.2165,0
time=2026-08-07_01:21:46 op=MOD_CLIENT_LOCK             client=com.apple.UnifiedAssetFr count=0477 selector=UAF.IF.PlannerOverrides|com.apple.if.planner.skimmer.flows.en_US|5000000.127.0.100.2549,0
time=2026-08-07_01:21:46 op=MOD_CLIENT_LOCK             client=com.apple.UnifiedAssetFr count=0476 selector=UAF.IF.PlannerOverrides|com.apple.if.planner.response_generation.overrides.en_GB|6000000.1.0.100.1746,0
time=2026-08-07_01:21:46 op=MOD_CLIENT_LOCK             client=com.apple.UnifiedAssetFr count=0475 selector=UAF.IF.PlannerOverrides|com.apple.if.planner.response_generation.regulatoryOverrides.GB|6000000.1.0.100.1747,0
time=2026-08-07_01:21:46 op=MOD_CLIENT_LOCK             client=com.apple.UnifiedAssetFr count=0474 selector=UAF.IF.PlannerOverrides|com.apple.if.planner.response_generation.overrides.en_US|6000000.22.0.100.2800,0
time=2026-08-07_01:21:46 op=MOD_CLIENT_LOCK             client=com.apple.UnifiedAssetFr count=0473 selector=UAF.IF.PlannerOverrides|com.apple.if.planner.overrides.uaf.metadata|4.46.1.100.1307,0
time=2026-08-07_01:21:46 op=MOD_CLIENT_LOCK             client=com.apple.UnifiedAssetFr count=0472 selector=UAF.IF.PlannerOverrides|com.apple.if.planner.patches.en_US|36000000.144005.3.100.3021,0
time=2026-08-07_01:21:46 op=MOD_CLIENT_LOCK             client=com.apple.UnifiedAssetFr count=0471 selector=UAF.IF.PlannerOverrides|com.apple.if.planner.nlrouter.overrides.en_US|5000000.1779241428.0.100.2741,0
time=2026-08-07_01:21:46 op=MOD_CLIENT_LOCK             client=com.apple.UnifiedAssetFr count=0470 selector=setAtomicInstance:F4530865-E82F-4AC3-BF5A-F9EE0D66607C
time=2026-08-07_01:21:46 op=MOD_CLIENT_LOCK             client=manager                  count=0471 selector=UAF.DeviceCheck|com.apple.devicecheck.uaf.metadata|4.46.1.13.102767,0
time=2026-08-07_01:21:46 op=MOD_CLIENT_LOCK             client=manager                  count=0472 selector=UAF.DeviceCheck|com.apple.devicecheck.two.bit|270.0.1.13.102793,0
time=2026-08-07_01:21:46 op=MOD_CLIENT_LOCK             client=manager                  count=0473 selector=setAtomicInstance:B95C098D-F50F-4AC3-BEC5-2F9CC66B30D4
time=2026-08-07_01:21:47 op=MOD_CLIENT_LOCK             client=com.apple.UnifiedAssetFr count=0472 selector=UAF.DeviceCheck|com.apple.devicecheck.uaf.metadata|4.46.1.13.102767,0
time=2026-08-07_01:21:47 op=MOD_CLIENT_LOCK             client=com.apple.UnifiedAssetFr count=0471 selector=UAF.DeviceCheck|com.apple.devicecheck.two.bit|270.0.1.13.102793,0
time=2026-08-07_01:21:47 op=MOD_CLIENT_LOCK             client=com.apple.UnifiedAssetFr count=0470 selector=setAtomicInstance:B95C098D-F50F-4AC3-BEC5-2F9CC66B30D4
time=2026-08-07_01:21:47 op=MOD_CLIENT_LOCK             client=manager                  count=0471 selector=UAF.CoreMotion.IMUFoundationModel|com.apple.fm.coremotion.imu_v1.base.generic|0.0.2.13.101920,0
time=2026-08-07_01:21:47 op=MOD_CLIENT_LOCK             client=manager                  count=0472 selector=UAF.CoreMotion.IMUFoundationModel|com.apple.fm.coremotion.calorimetry_fm_predicted_wrmets_v1.adaptor.generic|0.0.3.13.101920,0
time=2026-08-07_01:21:47 op=MOD_CLIENT_LOCK             client=manager                  count=0473 selector=UAF.CoreMotion.IMUFoundationModel|com.apple.fm.coremotion.calorimetry_reduced_embeddings.adaptor.generic|0.0.1.13.101920,0
time=2026-08-07_01:21:47 op=MOD_CLIENT_LOCK             client=manager                  count=0474 selector=setAtomicInstance:AD6BEA1A-E71E-48F8-9A61-3F58A20473BB
time=2026-08-07_01:21:47 op=MOD_CLIENT_LOCK             client=com.apple.UnifiedAssetFr count=0473 selector=UAF.CoreMotion.IMUFoundationModel|com.apple.fm.coremotion.imu_v1.base.generic|0.0.2.13.101920,0
time=2026-08-07_01:21:47 op=MOD_CLIENT_LOCK             client=com.apple.UnifiedAssetFr count=0472 selector=UAF.CoreMotion.IMUFoundationModel|com.apple.fm.coremotion.calorimetry_fm_predicted_wrmets_v1.adaptor.generic|0.0.3.13.101920,0
time=2026-08-07_01:21:47 op=MOD_CLIENT_LOCK             client=com.apple.UnifiedAssetFr count=0471 selector=UAF.CoreMotion.IMUFoundationModel|com.apple.fm.coremotion.calorimetry_reduced_embeddings.adaptor.generic|0.0.1.13.101920,0
time=2026-08-07_01:21:47 op=MOD_CLIENT_LOCK             client=com.apple.UnifiedAssetFr count=0470 selector=setAtomicInstance:AD6BEA1A-E71E-48F8-9A61-3F58A20473BB
time=2026-08-07_01:21:47 op=MOD_CLIENT_LOCK             client=manager                  count=0471 selector=UAF.Handwriting.Synthesis|com.apple.handwriting.synthesis.uaf.metadata|4.46.1.13.101736,0
time=2026-08-07_01:21:47 op=MOD_CLIENT_LOCK             client=manager                  count=0472 selector=UAF.Handwriting.Synthesis|com.apple.fm.handwriting.synthesis_multilingual.generic|1.32.81616.13.204054,0
time=2026-08-07_01:21:47 op=MOD_CLIENT_LOCK             client=manager                  count=0473 selector=setAtomicInstance:A129A8E3-FCA0-40BA-905E-F90FB805E498
time=2026-08-07_01:21:47 op=MOD_CLIENT_LOCK             client=com.apple.UnifiedAssetFr count=0472 selector=UAF.Handwriting.Synthesis|com.apple.handwriting.synthesis.uaf.metadata|4.46.1.13.101736,0
time=2026-08-07_01:21:47 op=MOD_CLIENT_LOCK             client=com.apple.UnifiedAssetFr count=0471 selector=UAF.Handwriting.Synthesis|com.apple.fm.handwriting.synthesis_multilingual.generic|1.32.81616.13.204054,0
time=2026-08-07_01:21:47 op=MOD_CLIENT_LOCK             client=com.apple.UnifiedAssetFr count=0470 selector=setAtomicInstance:A129A8E3-FCA0-40BA-905E-F90FB805E498
time=2026-08-07_01:21:47 op=MOD_CLIENT_LOCK             client=manager                  count=0471 selector=UAF.Siri.FindMyConfigurationFiles|com.apple.siri.findmy.primary_device_files|0.2.6.13.102943,0
time=2026-08-07_01:21:47 op=MOD_CLIENT_LOCK             client=manager                  count=0472 selector=setAtomicInstance:B96F49B8-1F7C-468C-90DF-422CF1360BA4
time=2026-08-07_01:21:47 op=MOD_CLIENT_LOCK             client=com.apple.UnifiedAssetFr count=0471 selector=UAF.Siri.FindMyConfigurationFiles|com.apple.siri.findmy.primary_device_files|0.2.6.13.102943,0
time=2026-08-07_01:21:47 op=MOD_CLIENT_LOCK             client=com.apple.UnifiedAssetFr count=0470 selector=setAtomicInstance:B96F49B8-1F7C-468C-90DF-422CF1360BA4
time=2026-08-07_01:21:48 op=MOD_CLIENT_LOCK             client=manager                  count=0471 selector=UAF.Siri.TextToSpeech|com.apple.siri.tts.resource.en_US|1023.0.0.13.204554,0
time=2026-08-07_01:21:48 op=MOD_CLIENT_LOCK             client=manager                  count=0472 selector=UAF.Siri.TextToSpeech|com.apple.siri.tts.customvoice.global|5008.0.0.13.204542,0
time=2026-08-07_01:21:48 op=MOD_CLIENT_LOCK             client=manager                  count=0473 selector=UAF.Siri.TextToSpeech|com.apple.siri.tts.voice.en_US.damon.natural.premium|5031.0.0.13.204317,0
time=2026-08-07_01:21:48 op=MOD_CLIENT_LOCK             client=manager                  count=0474 selector=UAF.Siri.TextToSpeech|com.apple.siri.tts.resource.ru_RU|283.0.0.13.202389,0
time=2026-08-07_01:21:48 op=MOD_CLIENT_LOCK             client=manager                  count=0475 selector=UAF.Siri.TextToSpeech|com.apple.siri.tts.voice.ru_RU.yelena.neural.premium|1125.0.0.13.202392,0
time=2026-08-07_01:21:48 op=MOD_CLIENT_LOCK             client=manager                  count=0476 selector=setAtomicInstance:59B11048-135C-4E30-B785-B852EF4A7C3A
time=2026-08-07_01:21:50 op=MOD_CLIENT_LOCK             client=com.apple.UnifiedAssetFr count=0475 selector=UAF.Siri.TextToSpeech|com.apple.siri.tts.resource.en_US|1023.0.0.13.204554,0
time=2026-08-07_01:21:50 op=MOD_CLIENT_LOCK             client=com.apple.UnifiedAssetFr count=0474 selector=UAF.Siri.TextToSpeech|com.apple.siri.tts.customvoice.global|5008.0.0.13.204542,0
time=2026-08-07_01:21:50 op=MOD_CLIENT_LOCK             client=com.apple.UnifiedAssetFr count=0473 selector=UAF.Siri.TextToSpeech|com.apple.siri.tts.voice.en_US.damon.natural.premium|5031.0.0.13.204317,0
time=2026-08-07_01:21:50 op=MOD_CLIENT_LOCK             client=com.apple.UnifiedAssetFr count=0472 selector=UAF.Siri.TextToSpeech|com.apple.siri.tts.resource.ru_RU|283.0.0.13.202389,0
time=2026-08-07_01:21:50 op=MOD_CLIENT_LOCK             client=com.apple.UnifiedAssetFr count=0471 selector=UAF.Siri.TextToSpeech|com.apple.siri.tts.voice.ru_RU.yelena.neural.premium|1125.0.0.13.202392,0
time=2026-08-07_01:21:50 op=MOD_CLIENT_LOCK             client=com.apple.UnifiedAssetFr count=0470 selector=setAtomicInstance:59B11048-135C-4E30-B785-B852EF4A7C3A
time=2026-08-07_01:21:54 op=MOD_CLIENT_LOCK             client=manager                  count=0471 selector=UAF.FM.GenerativeModels|com.apple.gm.server.instruct_server_v1.stx_multimodal.generic|12.20.0.13.202548,0
time=2026-08-07_01:21:54 op=MOD_CLIENT_LOCK             client=manager                  count=0472 selector=UAF.FM.GenerativeModels|com.apple.fm.language.instruct_3b.auto_tagger.generic|12.0.0.13.101733,0
time=2026-08-07_01:21:54 op=MOD_CLIENT_LOCK             client=manager                  count=0473 selector=UAF.FM.GenerativeModels|com.apple.fm.language.instruct_3b.fm_api_generic.generic|14.3.0.13.103052,0
time=2026-08-07_01:21:54 op=MOD_CLIENT_LOCK             client=manager                  count=0474 selector=UAF.FM.GenerativeModels|com.apple.fm.language.instruct_3b.image_playground_edit_suggestions.draft.generic|14.4.81620.13.204532,0
time=2026-08-07_01:21:54 op=MOD_CLIENT_LOCK             client=manager                  count=0475 selector=UAF.FM.GenerativeModels|com.apple.fm.language.instruct_3b.holdassistwaittime.adapter_metadata_override.generic|14.0.0.13.204214,0
time=2026-08-07_01:21:54 op=MOD_CLIENT_LOCK             client=manager                  count=0476 selector=UAF.FM.GenerativeModels|com.apple.fm.language.instruct_300m.open_ended_extract.draft.generic|14.6.81620.13.204618,0
time=2026-08-07_01:21:54 op=MOD_CLIENT_LOCK             client=manager                  count=0477 selector=UAF.FM.GenerativeModels|com.apple.fm.language.instruct_3b.proofreading_review.draft.generic|14.3.81620.13.204588,0
time=2026-08-07_01:21:54 op=MOD_CLIENT_LOCK             client=manager                  count=0478 selector=UAF.FM.GenerativeModels|com.apple.gm.server.instruct_server_v1.open_ended_tone.generic|12.24.0.13.202614,0
time=2026-08-07_01:21:54 op=MOD_CLIENT_LOCK             client=manager                  count=0479 selector=UAF.FM.GenerativeModels|com.apple.fm.language.instruct_3b.safari_magic_extensions_app_store_search_terms.adapter_metadata_override.generic|14.2.0.13.204246,0
time=2026-08-07_01:21:54 op=MOD_CLIENT_LOCK             client=manager                  count=0480 selector=UAF.FM.GenerativeModels|com.apple.fm.language.instruct_300m.base.generic|14.2.81616.13.204479,0
time=2026-08-07_01:21:54 op=MOD_CLIENT_LOCK             client=manager                  count=0481 selector=UAF.FM.GenerativeModels|com.apple.gm.server.instruct_server_v1.open_ended_tone_query_response_v2.generic|12.0.0.13.202237,0
time=2026-08-07_01:21:54 op=MOD_CLIENT_LOCK             client=manager                  count=0482 selector=UAF.FM.GenerativeModels|com.apple.safety.output.configuration.generic|0.1.12.13.204550,0
time=2026-08-07_01:21:54 op=MOD_CLIENT_LOCK             client=manager                  count=0483 selector=UAF.FM.GenerativeModels|com.apple.fm.language.instruct_300m.voice_control_ai_v2.generic|14.0.0.13.102983,0
time=2026-08-07_01:21:54 op=MOD_CLIENT_LOCK             client=manager                  count=0484 selector=UAF.FM.GenerativeModels|com.apple.fm.language.instruct_300m.open_ended_extract.generic|14.6.0.13.103079,0
time=2026-08-07_01:21:54 op=MOD_CLIENT_LOCK             client=manager                  count=0485 selector=UAF.FM.GenerativeModels|com.apple.fm.language.instruct_3b.messages_action.generic|14.4.0.13.103022,0
time=2026-08-07_01:21:54 op=MOD_CLIENT_LOCK             client=manager                  count=0486 selector=UAF.FM.GenerativeModels|com.apple.gm.server.instruct_server_v1.concise_tone.generic|11.0.0.13.202352,0
time=2026-08-07_01:21:54 op=MOD_CLIENT_LOCK             client=manager                  count=0487 selector=UAF.FM.GenerativeModels|com.apple.fm.language.instruct_3b.photos_library_understanding_mm.generic|14.4.0.13.102983,0
time=2026-08-07_01:21:55 op=MOD_CLIENT_LOCK             client=manager                  count=0488 selector=UAF.FM.GenerativeModels|com.apple.fm.language.instruct_3b.summarization.generic|14.5.0.13.102983,0
time=2026-08-07_01:21:55 op=MOD_CLIENT_LOCK             client=manager                  count=0489 selector=UAF.FM.GenerativeModels|com.apple.fm.language.instruct_3b.reminders_suggest_action_items.draft.generic|14.1.81616.13.204506,0
time=2026-08-07_01:21:55 op=MOD_CLIENT_LOCK             client=manager                  count=0490 selector=UAF.FM.GenerativeModels|com.apple.gm.server.instruct_server_v1.magic_rewrite.generic|11.0.0.13.202352,0
time=2026-08-07_01:21:55 op=MOD_CLIENT_LOCK             client=manager                  count=0491 selector=UAF.FM.GenerativeModels|com.apple.fm.language.instruct_3b.fm_api_content_tagger.adapter_metadata_override.generic|14.3.0.13.204529,0
time=2026-08-07_01:21:55 op=MOD_CLIENT_LOCK             client=manager                  count=0492 selector=UAF.FM.GenerativeModels|com.apple.fm.language.instruct_300m.action_validator.generic|14.2.0.13.102983,0
time=2026-08-07_01:21:55 op=MOD_CLIENT_LOCK             client=manager                  count=0493 selector=UAF.FM.GenerativeModels|com.apple.fm.language.instruct_3b.personalized_smart_reply.generic|14.3.0.13.103022,0
time=2026-08-07_01:21:55 op=MOD_CLIENT_LOCK             client=manager                  count=0494 selector=UAF.FM.GenerativeModels|com.apple.fm.language.instruct_300m.ipi_classifier.generic|14.2.0.13.102983,0
time=2026-08-07_01:21:55 op=MOD_CLIENT_LOCK             client=manager                  count=0495 selector=UAF.FM.GenerativeModels|com.apple.fm.language.instruct_300m.tokenizer.generic|14.2.0.13.204358,0
time=2026-08-07_01:21:55 op=MOD_CLIENT_LOCK             client=manager                  count=0496 selector=UAF.FM.GenerativeModels|com.apple.fm.language.instruct_3b.wallet_receipt_linking.adapter_metadata_override.generic|14.2.0.13.204390,0
time=2026-08-07_01:21:55 op=MOD_CLIENT_LOCK             client=manager                  count=0497 selector=UAF.FM.GenerativeModels|com.apple.gm.server.instruct_server_v1.mail_reply_long_form_basic.generic|12.0.0.13.202237,0
time=2026-08-07_01:21:55 op=MOD_CLIENT_LOCK             client=manager                  count=0498 selector=UAF.FM.GenerativeModels|com.apple.fm.language.instruct_9m.text_event_extraction_classifier.tokenizer.generic|1.0.0.13.203902,0
time=2026-08-07_01:21:55 op=MOD_CLIENT_LOCK             client=manager                  count=0499 selector=UAF.FM.GenerativeModels|com.apple.gm.server.instruct_server_v1.text_summarizer.generic|12.0.0.13.202237,0
time=2026-08-07_01:21:55 op=MOD_CLIENT_LOCK             client=manager                  count=0500 selector=UAF.FM.GenerativeModels|com.apple.fm.language.instruct_3b.news_topic_summarization.draft.generic|14.4.81620.13.204493,0
time=2026-08-07_01:21:55 op=MOD_CLIENT_LOCK             client=manager                  count=0501 selector=UAF.FM.GenerativeModels|com.apple.gm.server.instruct_server_small.safety_nsfw.generic|13.10008.0.13.204170,0
time=2026-08-07_01:21:55 op=MOD_CLIENT_LOCK             client=manager                  count=0502 selector=UAF.FM.GenerativeModels|com.apple.fm.language.instruct_3b.shortcuts_ask_afm_action_3b.adapter_metadata_override.generic|14.2.0.13.204397,0
time=2026-08-07_01:21:55 op=MOD_CLIENT_LOCK             client=manager                  count=0503 selector=UAF.FM.GenerativeModels|com.apple.fm.language.instruct_3b.video_caption.generic|13.10000.0.13.102795,0
