time=2026-08-06_06:19:40 op=NEW                        
time=2026-08-06_06:19:39 op=MOD_CLIENT_LOCK             client=com.apple.UnifiedAssetFr count=0496 selector=UAF.FM.GenerativeModels|com.apple.fm.language.instruct_3b.embeddings.generic|14.0.81620.13.204579,0
time=2026-08-06_06:19:41 op=MOD_CLIENT_LOCK             client=com.apple.UnifiedAssetFr count=0495 selector=UAF.FM.GenerativeModels|com.apple.gm.server.instruct_server_v1.generative_shortcuts.generic|12.16.0.13.202468,0
time=2026-08-06_06:19:53 op=MOD_CLIENT_LOCK             client=com.apple.UnifiedAssetFr count=0494 selector=UAF.FM.GenerativeModels|com.apple.gm.server.instruct_server_v1.fitness_workout_voice.generic|12.51.0.13.203500,0
time=2026-08-06_06:19:54 op=MOD_CLIENT_LOCK             client=com.apple.UnifiedAssetFr count=0493 selector=UAF.FM.GenerativeModels|com.apple.fm.language.instruct_3b.urgency_classification.generic|14.3.0.13.102997,0
time=2026-08-06_06:19:55 op=MOD_CLIENT_LOCK             client=com.apple.UnifiedAssetFr count=0492 selector=UAF.FM.GenerativeModels|com.apple.gm.server.instruct_server_v1.shortcuts_ask_afm_action.generic|11.19.0.13.202352,0
time=2026-08-06_06:19:56 op=MOD_CLIENT_LOCK             client=com.apple.UnifiedAssetFr count=0491 selector=UAF.FM.GenerativeModels|com.apple.fm.language.instruct_3b.shortcuts_ask_afm_action_3b_v2.generic|10.34.0.13.101897,0
time=2026-08-06_06:19:56 op=MOD_CLIENT_LOCK             client=com.apple.UnifiedAssetFr count=0490 selector=UAF.FM.GenerativeModels|com.apple.gm.server.instruct_server_v1.mail_reply_qa.generic|12.0.0.13.202237,0
time=2026-08-06_06:19:56 op=MOD_CLIENT_LOCK             client=com.apple.UnifiedAssetFr count=0489 selector=UAF.FM.GenerativeModels|com.apple.fm.language.instruct_3b.open_ended_extract.draft.generic|14.5.81620.13.204628,0
time=2026-08-06_06:19:57 op=MOD_CLIENT_LOCK             client=com.apple.UnifiedAssetFr count=0488 selector=UAF.FM.GenerativeModels|com.apple.fm.language.instruct_300m.image_tokenizer.generic|14.2.81616.13.204479,0
time=2026-08-06_06:20:00 op=MOD_CLIENT_LOCK             client=com.apple.UnifiedAssetFr count=0487 selector=UAF.FM.GenerativeModels|com.apple.fm.language.instruct_300m.misc_safety.generic|14.0.0.13.102983,0
time=2026-08-06_06:20:03 op=MOD_CLIENT_LOCK             client=com.apple.UnifiedAssetFr count=0486 selector=UAF.FM.GenerativeModels|com.apple.gm.server.instruct_server_v1.bullets_transform.generic|12.4.0.13.202298,0
time=2026-08-06_06:20:03 op=MOD_CLIENT_LOCK             client=com.apple.UnifiedAssetFr count=0485 selector=UAF.FM.GenerativeModels|com.apple.fm.language.instruct_3b.suggest_recipe_items.generic|14.1.0.13.102983,0
time=2026-08-06_06:20:04 op=MOD_CLIENT_LOCK             client=com.apple.UnifiedAssetFr count=0484 selector=UAF.FM.GenerativeModels|com.apple.fm.language.instruct_3b.tokenizer.generic|14.0.0.13.204214,0
time=2026-08-06_06:20:04 op=MOD_CLIENT_LOCK             client=com.apple.UnifiedAssetFr count=0483 selector=UAF.FM.GenerativeModels|com.apple.fm.language.instruct_3b.base.generic|14.0.81616.13.204490,0
time=2026-08-06_06:20:04 op=MOD_CLIENT_LOCK             client=com.apple.UnifiedAssetFr count=0482 selector=UAF.FM.GenerativeModels|com.apple.fm.language.instruct_3b.machine_translation.draft.generic|14.0.81616.13.204493,0
time=2026-08-06_06:20:05 op=MOD_CLIENT_LOCK             client=com.apple.UnifiedAssetFr count=0481 selector=UAF.FM.GenerativeModels|com.apple.fm.language.instruct_3b.image_playground_edit_suggestions.generic|14.4.0.13.103021,0
time=2026-08-06_06:20:05 op=MOD_CLIENT_LOCK             client=com.apple.UnifiedAssetFr count=0480 selector=UAF.FM.GenerativeModels|com.apple.fm.language.instruct_300m.structural_integrity.generic|14.0.0.13.102983,0
time=2026-08-06_06:20:05 op=MOD_CLIENT_LOCK             client=com.apple.UnifiedAssetFr count=0479 selector=UAF.FM.GenerativeModels|com.apple.gm.server.instruct_server_v1.friendly_tone.generic|12.0.0.13.202237,0
time=2026-08-06_06:20:05 op=MOD_CLIENT_LOCK             client=com.apple.UnifiedAssetFr count=0478 selector=UAF.FM.GenerativeModels|com.apple.fm.language.instruct_3b.safari_tab_group_topic.adapter_metadata_override.generic|14.5.0.13.204398,0
time=2026-08-06_06:20:05 op=MOD_CLIENT_LOCK             client=com.apple.UnifiedAssetFr count=0477 selector=UAF.FM.GenerativeModels|com.apple.fm.language.instruct_3b.lw_planner_v1.generic|14.8.0.13.103045,0
time=2026-08-06_06:20:05 op=MOD_CLIENT_LOCK             client=com.apple.UnifiedAssetFr count=0476 selector=UAF.FM.GenerativeModels|com.apple.fm.language.instruct_300m.safety.generic|14.2.0.13.103019,0
time=2026-08-06_06:20:05 op=MOD_CLIENT_LOCK             client=com.apple.UnifiedAssetFr count=0475 selector=UAF.FM.GenerativeModels|com.apple.fm.language.instruct_3b.messages_action.draft.generic|14.4.81620.13.204533,0
time=2026-08-06_06:20:06 op=MOD_CLIENT_LOCK             client=com.apple.UnifiedAssetFr count=0474 selector=UAF.FM.GenerativeModels|com.apple.fm.language.instruct_3b.photos_memories_asset_curation_outlier.generic|14.1.0.13.102983,0
time=2026-08-06_06:20:06 op=MOD_CLIENT_LOCK             client=com.apple.UnifiedAssetFr count=0473 selector=UAF.FM.GenerativeModels|com.apple.fm.language.instruct_300m.gvicc.generic|14.1.0.13.102983,0
time=2026-08-06_06:20:06 op=MOD_CLIENT_LOCK             client=com.apple.UnifiedAssetFr count=0472 selector=UAF.FM.GenerativeModels|com.apple.fm.language.instruct_300m.voice_control_ai.generic|14.1.0.13.102983,0
time=2026-08-06_06:20:06 op=MOD_CLIENT_LOCK             client=com.apple.UnifiedAssetFr count=0471 selector=UAF.FM.GenerativeModels|com.apple.gm.server.instruct_server_v1.tables_transform.generic|12.0.0.13.202237,0
time=2026-08-06_06:20:07 op=MOD_CLIENT_LOCK             client=com.apple.UnifiedAssetFr count=0470 selector=UAF.FM.GenerativeModels|com.apple.fm.language.instruct_3b.personalized_smart_reply.draft.generic|14.3.81620.13.204533,0
time=2026-08-06_06:20:07 op=MOD_CLIENT_LOCK             client=com.apple.UnifiedAssetFr count=0469 selector=setAtomicInstance:6FAC987F-CB8E-424A-9235-3889F6140C4C
time=2026-08-06_06:20:14 op=MOD_CLIENT_LOCK             client=manager                  count=0470 selector=UAF.Siri.DialogAssets|com.apple.siri.dialog.findmy.sirifindmy|35.12.101.13.102762,0
time=2026-08-06_06:20:14 op=MOD_CLIENT_LOCK             client=manager                  count=0471 selector=UAF.Siri.DialogAssets|com.apple.siri.dialog.sirisuggestionsbasemodel|25.3.101.13.102762,0
time=2026-08-06_06:20:14 op=MOD_CLIENT_LOCK             client=manager                  count=0472 selector=UAF.Siri.DialogAssets|com.apple.siri.dialog.homecommunicationflowdelegateplugin|35.1.101.13.102762,0
time=2026-08-06_06:20:14 op=MOD_CLIENT_LOCK             client=manager                  count=0473 selector=UAF.Siri.DialogAssets|com.apple.siri.dialog.geoflowdelegateplugin|35.3.101.13.102762,0
time=2026-08-06_06:20:14 op=MOD_CLIENT_LOCK             client=manager                  count=0474 selector=UAF.Siri.DialogAssets|com.apple.siri.dialog.siricontactsintents|35.2.101.13.102762,0
time=2026-08-06_06:20:14 op=MOD_CLIENT_LOCK             client=manager                  count=0475 selector=UAF.Siri.DialogAssets|com.apple.siri.dialog.siriidentityinternal|25.2.101.13.102762,0
time=2026-08-06_06:20:14 op=MOD_CLIENT_LOCK             client=manager                  count=0476 selector=UAF.Siri.DialogAssets|com.apple.siri.dialog.audio.audioflowdelegateplugin|35.4.101.13.102762,0
time=2026-08-06_06:20:15 op=MOD_CLIENT_LOCK             client=manager                  count=0477 selector=UAF.Siri.DialogAssets|com.apple.siri.dialog.siricalendarintents|25.2.101.13.102762,0
time=2026-08-06_06:20:15 op=MOD_CLIENT_LOCK             client=manager                  count=0478 selector=UAF.Siri.DialogAssets|com.apple.siri.dialog.sirisuggestions|25.3.101.13.102762,0
time=2026-08-06_06:20:15 op=MOD_CLIENT_LOCK             client=manager                  count=0479 selector=UAF.Siri.DialogAssets|com.apple.siri.dialog.sirivideointents|35.2.101.13.102762,0
time=2026-08-06_06:20:15 op=MOD_CLIENT_LOCK             client=manager                  count=0480 selector=UAF.Siri.DialogAssets|com.apple.siri.dialog.dialogengine|3401.5.101.13.101921,0
time=2026-08-06_06:20:15 op=MOD_CLIENT_LOCK             client=manager                  count=0481 selector=UAF.Siri.DialogAssets|com.apple.siri.dialog.siripaymentsintents|18.1.101.13.102762,0
time=2026-08-06_06:20:15 op=MOD_CLIENT_LOCK             client=manager                  count=0482 selector=UAF.Siri.DialogAssets|com.apple.siri.dialog.sirikitflow|35.11.101.13.102762,0
time=2026-08-06_06:20:15 op=MOD_CLIENT_LOCK             client=manager                  count=0483 selector=UAF.Siri.DialogAssets|com.apple.siri.dialog.siriexpanseinternal|14.1.101.13.102762,0
time=2026-08-06_06:20:15 op=MOD_CLIENT_LOCK             client=manager                  count=0484 selector=UAF.Siri.DialogAssets|com.apple.siri.dialog.generativeassistanttools.generativeassistantextension|10.10.101.13.102762,0
time=2026-08-06_06:20:15 op=MOD_CLIENT_LOCK             client=manager                  count=0485 selector=UAF.Siri.DialogAssets|com.apple.siri.dialog.audiosuggestionsplugin|35.4.101.13.102762,0
time=2026-08-06_06:20:15 op=MOD_CLIENT_LOCK             client=manager                  count=0486 selector=UAF.Siri.DialogAssets|com.apple.siri.dialog.camrootflowplugin|35.11.101.13.102762,0
time=2026-08-06_06:20:15 op=MOD_CLIENT_LOCK             client=manager                  count=0487 selector=UAF.Siri.DialogAssets|com.apple.siri.dialog.sirisystemcommands|25.1.101.13.102762,0
time=2026-08-06_06:20:15 op=MOD_CLIENT_LOCK             client=manager                  count=0488 selector=UAF.Siri.DialogAssets|com.apple.siri.dialog.siriplaybackcontrolintents|35.2.101.13.102762,0
time=2026-08-06_06:20:15 op=MOD_CLIENT_LOCK             client=manager                  count=0489 selector=UAF.Siri.DialogAssets|com.apple.siri.dialog.siriinferenceflow|25.2.101.13.102762,0
time=2026-08-06_06:20:15 op=MOD_CLIENT_LOCK             client=manager                  count=0490 selector=UAF.Siri.DialogAssets|com.apple.siri.dialog.clockflowplugin|35.10.101.13.102762,0
time=2026-08-06_06:20:15 op=MOD_CLIENT_LOCK             client=manager                  count=0491 selector=UAF.Siri.DialogAssets|com.apple.siri.dialog.siriapplaunchintents|36.2.101.13.102762,0
time=2026-08-06_06:20:15 op=MOD_CLIENT_LOCK             client=manager                  count=0492 selector=UAF.Siri.DialogAssets|com.apple.siri.dialog.sirireader|19.1.101.13.102762,0
time=2026-08-06_06:20:15 op=MOD_CLIENT_LOCK             client=manager                  count=0493 selector=UAF.Siri.DialogAssets|com.apple.siri.dialog.deviceexpert.deviceexpertintents|35.3.101.13.102762,0
time=2026-08-06_06:20:15 op=MOD_CLIENT_LOCK             client=manager                  count=0494 selector=UAF.Siri.DialogAssets|com.apple.siri.dialog.dailybriefingflowplugin|35.1.101.13.102762,0
time=2026-08-06_06:20:15 op=MOD_CLIENT_LOCK             client=manager                  count=0495 selector=UAF.Siri.DialogAssets|com.apple.siri.dialog.responsecatalog|1.14.101.13.102762,0
time=2026-08-06_06:20:15 op=MOD_CLIENT_LOCK             client=manager                  count=0496 selector=UAF.Siri.DialogAssets|com.apple.siri.dialog.homeautomationinternal|35.2.101.13.102762,0
time=2026-08-06_06:20:15 op=MOD_CLIENT_LOCK             client=manager                  count=0497 selector=UAF.Siri.DialogAssets|com.apple.siri.dialog.sirihearablesinteractionsdelegateplugin|3.1.101.13.102762,0
time=2026-08-06_06:20:15 op=MOD_CLIENT_LOCK             client=manager                  count=0498 selector=UAF.Siri.DialogAssets|com.apple.siri.dialog.siritranslationintents|23.1.101.13.102762,0
time=2026-08-06_06:20:15 op=MOD_CLIENT_LOCK             client=manager                  count=0499 selector=UAF.Siri.DialogAssets|com.apple.siri.dialog.sirilinkflowplugin|29.1.101.13.102762,0
time=2026-08-06_06:20:15 op=MOD_CLIENT_LOCK             client=manager                  count=0500 selector=UAF.Siri.DialogAssets|com.apple.siri.dialog.socialconversationflowdelegateplugin|14.7.101.13.102762,0
time=2026-08-06_06:20:15 op=MOD_CLIENT_LOCK             client=manager                  count=0501 selector=UAF.Siri.DialogAssets|com.apple.siri.dialog.messages.sirimessagesflow|36.2.101.13.102762,0
time=2026-08-06_06:20:15 op=MOD_CLIENT_LOCK             client=manager                  count=0502 selector=UAF.Siri.DialogAssets|com.apple.siri.dialog.requestdispatcherbridges|29.1.101.13.102762,0
time=2026-08-06_06:20:15 op=MOD_CLIENT_LOCK             client=manager                  count=0503 selector=UAF.Siri.DialogAssets|com.apple.siri.dialog.notebook.sirinotebook|35.2.101.13.102762,0
time=2026-08-06_06:20:15 op=MOD_CLIENT_LOCK             client=manager                  count=0504 selector=UAF.Siri.DialogAssets|com.apple.siri.dialog.sirikitruntime|35.11.101.13.102762,0
time=2026-08-06_06:20:15 op=MOD_CLIENT_LOCK             client=manager                  count=0505 selector=UAF.Siri.DialogAssets|com.apple.siri.dialog.workoutannouncements|35.14.101.13.102762,0
time=2026-08-06_06:20:15 op=MOD_CLIENT_LOCK             client=manager                  count=0506 selector=UAF.Siri.DialogAssets|com.apple.siri.dialog.sirinaturallanguagegeneration|19.1.101.13.102762,0
time=2026-08-06_06:20:15 op=MOD_CLIENT_LOCK             client=manager                  count=0507 selector=UAF.Siri.DialogAssets|com.apple.siri.dialog.informationflowplugin|25.2.101.13.102762,0
time=2026-08-06_06:20:15 op=MOD_CLIENT_LOCK             client=manager                  count=0508 selector=UAF.Siri.DialogAssets|com.apple.siri.dialog.sirinotificationsintents|29.2.101.13.102762,0
time=2026-08-06_06:20:15 op=MOD_CLIENT_LOCK             client=manager                  count=0509 selector=UAF.Siri.DialogAssets|com.apple.siri.dialog.ifflowplugin|29.1.101.13.102762,0
time=2026-08-06_06:20:15 op=MOD_CLIENT_LOCK             client=manager                  count=0510 selector=UAF.Siri.DialogAssets|com.apple.siri.dialog.omnisearch.omnisearch|10.2.101.13.102762,0
time=2026-08-06_06:20:15 op=MOD_CLIENT_LOCK             client=manager                  count=0511 selector=UAF.Siri.DialogAssets|com.apple.siri.dialog.healthflowdelegateplugin|35.14.101.13.102762,0
time=2026-08-06_06:20:15 op=MOD_CLIENT_LOCK             client=manager                  count=0512 selector=UAF.Siri.DialogAssets|com.apple.siri.dialog.emergencyflowplugin|35.14.101.13.102762,0
time=2026-08-06_06:20:15 op=MOD_CLIENT_LOCK             client=manager                  count=0513 selector=UAF.Siri.DialogAssets|com.apple.siri.dialog.sirisettingsintents|35.3.101.13.102762,0
time=2026-08-06_06:20:15 op=MOD_CLIENT_LOCK             client=manager                  count=0514 selector=UAF.Siri.DialogAssets|com.apple.siri.dialog.timerflowdelegateplugin|35.10.101.13.102762,0
time=2026-08-06_06:20:15 op=MOD_CLIENT_LOCK             client=manager                  count=0515 selector=UAF.Siri.DialogAssets|com.apple.siri.dialog.sirimailinternal|19.2.101.13.102762,0
time=2026-08-06_06:20:15 op=MOD_CLIENT_LOCK             client=manager                  count=0516 selector=UAF.Siri.DialogAssets|com.apple.siri.dialog.alarmflowplugin|35.10.101.13.102762,0
time=2026-08-06_06:20:15 op=MOD_CLIENT_LOCK             client=manager                  count=0517 selector=UAF.Siri.DialogAssets|com.apple.siri.dialog.sirisuggestionsflowplugin|25.3.101.13.102762,0
time=2026-08-06_06:20:15 op=MOD_CLIENT_LOCK             client=manager                  count=0518 selector=UAF.Siri.DialogAssets|com.apple.siri.dialog.phonecallflowdelegateplugin|35.5.101.13.102762,0
time=2026-08-06_06:20:15 op=MOD_CLIENT_LOCK             client=manager                  count=0519 selector=UAF.Siri.DialogAssets|com.apple.siri.dialog.sirikit.messagesflowdelegateplugin|19.7.112.13.101921,0
time=2026-08-06_06:20:15 op=MOD_CLIENT_LOCK             client=manager                  count=0520 selector=UAF.Siri.DialogAssets|com.apple.siri.dialog.siriautocomplete|25.3.101.13.102762,0
time=2026-08-06_06:20:15 op=MOD_CLIENT_LOCK             client=manager                  count=0521 selector=UAF.Siri.DialogAssets|com.apple.siri.dialog.carcommandsflowdelegateplugin|26.1.101.13.102762,0
time=2026-08-06_06:20:15 op=MOD_CLIENT_LOCK             client=manager                  count=0522 selector=UAF.Siri.DialogAssets|com.apple.siri.dialog.wellnessflowplugin|35.14.101.13.102762,0
time=2026-08-06_06:20:16 op=MOD_CLIENT_LOCK             client=manager                  count=0523 selector=setAtomicInstance:A200AF74-9900-4715-8641-01B8994F19B8
time=2026-08-06_06:20:22 op=MOD_CLIENT_LOCK             client=com.apple.UnifiedAssetFr count=0522 selector=UAF.Siri.DialogAssets|com.apple.siri.dialog.findmy.sirifindmy|35.12.101.13.102762,0
time=2026-08-06_06:20:22 op=MOD_CLIENT_LOCK             client=com.apple.UnifiedAssetFr count=0521 selector=UAF.Siri.DialogAssets|com.apple.siri.dialog.sirisuggestionsbasemodel|25.3.101.13.102762,0
time=2026-08-06_06:20:22 op=MOD_CLIENT_LOCK             client=com.apple.UnifiedAssetFr count=0520 selector=UAF.Siri.DialogAssets|com.apple.siri.dialog.homecommunicationflowdelegateplugin|35.1.101.13.102762,0
time=2026-08-06_06:20:22 op=MOD_CLIENT_LOCK             client=com.apple.UnifiedAssetFr count=0519 selector=UAF.Siri.DialogAssets|com.apple.siri.dialog.geoflowdelegateplugin|35.3.101.13.102762,0
time=2026-08-06_06:20:22 op=MOD_CLIENT_LOCK             client=com.apple.UnifiedAssetFr count=0518 selector=UAF.Siri.DialogAssets|com.apple.siri.dialog.siricontactsintents|35.2.101.13.102762,0
time=2026-08-06_06:20:22 op=MOD_CLIENT_LOCK             client=com.apple.UnifiedAssetFr count=0517 selector=UAF.Siri.DialogAssets|com.apple.siri.dialog.siriidentityinternal|25.2.101.13.102762,0
time=2026-08-06_06:20:22 op=MOD_CLIENT_LOCK             client=com.apple.UnifiedAssetFr count=0516 selector=UAF.Siri.DialogAssets|com.apple.siri.dialog.audio.audioflowdelegateplugin|35.4.101.13.102762,0
time=2026-08-06_06:20:22 op=MOD_CLIENT_LOCK             client=com.apple.UnifiedAssetFr count=0515 selector=UAF.Siri.DialogAssets|com.apple.siri.dialog.siricalendarintents|25.2.101.13.102762,0
time=2026-08-06_06:20:22 op=MOD_CLIENT_LOCK             client=com.apple.UnifiedAssetFr count=0514 selector=UAF.Siri.DialogAssets|com.apple.siri.dialog.sirisuggestions|25.3.101.13.102762,0
time=2026-08-06_06:20:22 op=MOD_CLIENT_LOCK             client=com.apple.UnifiedAssetFr count=0513 selector=UAF.Siri.DialogAssets|com.apple.siri.dialog.sirivideointents|35.2.101.13.102762,0
time=2026-08-06_06:20:22 op=MOD_CLIENT_LOCK             client=com.apple.UnifiedAssetFr count=0512 selector=UAF.Siri.DialogAssets|com.apple.siri.dialog.dialogengine|3401.5.101.13.101921,0
time=2026-08-06_06:20:22 op=MOD_CLIENT_LOCK             client=com.apple.UnifiedAssetFr count=0511 selector=UAF.Siri.DialogAssets|com.apple.siri.dialog.siripaymentsintents|18.1.101.13.102762,0
time=2026-08-06_06:20:22 op=MOD_CLIENT_LOCK             client=com.apple.UnifiedAssetFr count=0510 selector=UAF.Siri.DialogAssets|com.apple.siri.dialog.sirikitflow|35.11.101.13.102762,0
time=2026-08-06_06:20:22 op=MOD_CLIENT_LOCK             client=com.apple.UnifiedAssetFr count=0509 selector=UAF.Siri.DialogAssets|com.apple.siri.dialog.siriexpanseinternal|14.1.101.13.102762,0
time=2026-08-06_06:20:22 op=MOD_CLIENT_LOCK             client=com.apple.UnifiedAssetFr count=0508 selector=UAF.Siri.DialogAssets|com.apple.siri.dialog.generativeassistanttools.generativeassistantextension|10.10.101.13.102762,0
time=2026-08-06_06:20:22 op=MOD_CLIENT_LOCK             client=com.apple.UnifiedAssetFr count=0507 selector=UAF.Siri.DialogAssets|com.apple.siri.dialog.audiosuggestionsplugin|35.4.101.13.102762,0
time=2026-08-06_06:20:22 op=MOD_CLIENT_LOCK             client=com.apple.UnifiedAssetFr count=0506 selector=UAF.Siri.DialogAssets|com.apple.siri.dialog.camrootflowplugin|35.11.101.13.102762,0
time=2026-08-06_06:20:22 op=MOD_CLIENT_LOCK             client=com.apple.UnifiedAssetFr count=0505 selector=UAF.Siri.DialogAssets|com.apple.siri.dialog.sirisystemcommands|25.1.101.13.102762,0
time=2026-08-06_06:20:22 op=MOD_CLIENT_LOCK             client=com.apple.UnifiedAssetFr count=0504 selector=UAF.Siri.DialogAssets|com.apple.siri.dialog.siriplaybackcontrolintents|35.2.101.13.102762,0
time=2026-08-06_06:20:23 op=MOD_CLIENT_LOCK             client=com.apple.UnifiedAssetFr count=0503 selector=UAF.Siri.DialogAssets|com.apple.siri.dialog.siriinferenceflow|25.2.101.13.102762,0
time=2026-08-06_06:20:23 op=MOD_CLIENT_LOCK             client=com.apple.UnifiedAssetFr count=0502 selector=UAF.Siri.DialogAssets|com.apple.siri.dialog.clockflowplugin|35.10.101.13.102762,0
time=2026-08-06_06:20:23 op=MOD_CLIENT_LOCK             client=com.apple.UnifiedAssetFr count=0501 selector=UAF.Siri.DialogAssets|com.apple.siri.dialog.siriapplaunchintents|36.2.101.13.102762,0
time=2026-08-06_06:20:23 op=MOD_CLIENT_LOCK             client=com.apple.UnifiedAssetFr count=0500 selector=UAF.Siri.DialogAssets|com.apple.siri.dialog.sirireader|19.1.101.13.102762,0
time=2026-08-06_06:20:23 op=MOD_CLIENT_LOCK             client=com.apple.UnifiedAssetFr count=0499 selector=UAF.Siri.DialogAssets|com.apple.siri.dialog.deviceexpert.deviceexpertintents|35.3.101.13.102762,0
time=2026-08-06_06:20:23 op=MOD_CLIENT_LOCK             client=com.apple.UnifiedAssetFr count=0498 selector=UAF.Siri.DialogAssets|com.apple.siri.dialog.dailybriefingflowplugin|35.1.101.13.102762,0
time=2026-08-06_06:20:23 op=MOD_CLIENT_LOCK             client=com.apple.UnifiedAssetFr count=0497 selector=UAF.Siri.DialogAssets|com.apple.siri.dialog.responsecatalog|1.14.101.13.102762,0
time=2026-08-06_06:20:23 op=MOD_CLIENT_LOCK             client=com.apple.UnifiedAssetFr count=0496 selector=UAF.Siri.DialogAssets|com.apple.siri.dialog.homeautomationinternal|35.2.101.13.102762,0
time=2026-08-06_06:20:23 op=MOD_CLIENT_LOCK             client=com.apple.UnifiedAssetFr count=0495 selector=UAF.Siri.DialogAssets|com.apple.siri.dialog.sirihearablesinteractionsdelegateplugin|3.1.101.13.102762,0
time=2026-08-06_06:20:23 op=MOD_CLIENT_LOCK             client=com.apple.UnifiedAssetFr count=0494 selector=UAF.Siri.DialogAssets|com.apple.siri.dialog.siritranslationintents|23.1.101.13.102762,0
time=2026-08-06_06:20:23 op=MOD_CLIENT_LOCK             client=com.apple.UnifiedAssetFr count=0493 selector=UAF.Siri.DialogAssets|com.apple.siri.dialog.sirilinkflowplugin|29.1.101.13.102762,0
time=2026-08-06_06:20:23 op=MOD_CLIENT_LOCK             client=com.apple.UnifiedAssetFr count=0492 selector=UAF.Siri.DialogAssets|com.apple.siri.dialog.socialconversationflowdelegateplugin|14.7.101.13.102762,0
time=2026-08-06_06:20:23 op=MOD_CLIENT_LOCK             client=com.apple.UnifiedAssetFr count=0491 selector=UAF.Siri.DialogAssets|com.apple.siri.dialog.messages.sirimessagesflow|36.2.101.13.102762,0
time=2026-08-06_06:20:23 op=MOD_CLIENT_LOCK             client=com.apple.UnifiedAssetFr count=0490 selector=UAF.Siri.DialogAssets|com.apple.siri.dialog.requestdispatcherbridges|29.1.101.13.102762,0
time=2026-08-06_06:20:23 op=MOD_CLIENT_LOCK             client=com.apple.UnifiedAssetFr count=0489 selector=UAF.Siri.DialogAssets|com.apple.siri.dialog.notebook.sirinotebook|35.2.101.13.102762,0
time=2026-08-06_06:20:23 op=MOD_CLIENT_LOCK             client=com.apple.UnifiedAssetFr count=0488 selector=UAF.Siri.DialogAssets|com.apple.siri.dialog.sirikitruntime|35.11.101.13.102762,0
time=2026-08-06_06:20:23 op=MOD_CLIENT_LOCK             client=com.apple.UnifiedAssetFr count=0487 selector=UAF.Siri.DialogAssets|com.apple.siri.dialog.workoutannouncements|35.14.101.13.102762,0
time=2026-08-06_06:20:23 op=MOD_CLIENT_LOCK             client=com.apple.UnifiedAssetFr count=0486 selector=UAF.Siri.DialogAssets|com.apple.siri.dialog.sirinaturallanguagegeneration|19.1.101.13.102762,0
time=2026-08-06_06:20:23 op=MOD_CLIENT_LOCK             client=com.apple.UnifiedAssetFr count=0485 selector=UAF.Siri.DialogAssets|com.apple.siri.dialog.informationflowplugin|25.2.101.13.102762,0
time=2026-08-06_06:20:23 op=MOD_CLIENT_LOCK             client=com.apple.UnifiedAssetFr count=0484 selector=UAF.Siri.DialogAssets|com.apple.siri.dialog.sirinotificationsintents|29.2.101.13.102762,0
time=2026-08-06_06:20:23 op=MOD_CLIENT_LOCK             client=com.apple.UnifiedAssetFr count=0483 selector=UAF.Siri.DialogAssets|com.apple.siri.dialog.ifflowplugin|29.1.101.13.102762,0
time=2026-08-06_06:20:23 op=MOD_CLIENT_LOCK             client=com.apple.UnifiedAssetFr count=0482 selector=UAF.Siri.DialogAssets|com.apple.siri.dialog.omnisearch.omnisearch|10.2.101.13.102762,0
time=2026-08-06_06:20:23 op=MOD_CLIENT_LOCK             client=com.apple.UnifiedAssetFr count=0481 selector=UAF.Siri.DialogAssets|com.apple.siri.dialog.healthflowdelegateplugin|35.14.101.13.102762,0
time=2026-08-06_06:20:23 op=MOD_CLIENT_LOCK             client=com.apple.UnifiedAssetFr count=0480 selector=UAF.Siri.DialogAssets|com.apple.siri.dialog.emergencyflowplugin|35.14.101.13.102762,0
time=2026-08-06_06:20:23 op=MOD_CLIENT_LOCK             client=com.apple.UnifiedAssetFr count=0479 selector=UAF.Siri.DialogAssets|com.apple.siri.dialog.sirisettingsintents|35.3.101.13.102762,0
time=2026-08-06_06:20:23 op=MOD_CLIENT_LOCK             client=com.apple.UnifiedAssetFr count=0478 selector=UAF.Siri.DialogAssets|com.apple.siri.dialog.timerflowdelegateplugin|35.10.101.13.102762,0
time=2026-08-06_06:20:23 op=MOD_CLIENT_LOCK             client=com.apple.UnifiedAssetFr count=0477 selector=UAF.Siri.DialogAssets|com.apple.siri.dialog.sirimailinternal|19.2.101.13.102762,0
time=2026-08-06_06:20:23 op=MOD_CLIENT_LOCK             client=com.apple.UnifiedAssetFr count=0476 selector=UAF.Siri.DialogAssets|com.apple.siri.dialog.alarmflowplugin|35.10.101.13.102762,0
time=2026-08-06_06:20:23 op=MOD_CLIENT_LOCK             client=com.apple.UnifiedAssetFr count=0475 selector=UAF.Siri.DialogAssets|com.apple.siri.dialog.sirisuggestionsflowplugin|25.3.101.13.102762,0
time=2026-08-06_06:20:23 op=MOD_CLIENT_LOCK             client=com.apple.UnifiedAssetFr count=0474 selector=UAF.Siri.DialogAssets|com.apple.siri.dialog.phonecallflowdelegateplugin|35.5.101.13.102762,0
time=2026-08-06_06:20:23 op=MOD_CLIENT_LOCK             client=com.apple.UnifiedAssetFr count=0473 selector=UAF.Siri.DialogAssets|com.apple.siri.dialog.sirikit.messagesflowdelegateplugin|19.7.112.13.101921,0
time=2026-08-06_06:20:23 op=MOD_CLIENT_LOCK             client=com.apple.UnifiedAssetFr count=0472 selector=UAF.Siri.DialogAssets|com.apple.siri.dialog.siriautocomplete|25.3.101.13.102762,0
time=2026-08-06_06:20:23 op=MOD_CLIENT_LOCK             client=com.apple.UnifiedAssetFr count=0471 selector=UAF.Siri.DialogAssets|com.apple.siri.dialog.carcommandsflowdelegateplugin|26.1.101.13.102762,0
time=2026-08-06_06:20:23 op=MOD_CLIENT_LOCK             client=com.apple.UnifiedAssetFr count=0470 selector=UAF.Siri.DialogAssets|com.apple.siri.dialog.wellnessflowplugin|35.14.101.13.102762,0
time=2026-08-06_06:20:23 op=MOD_CLIENT_LOCK             client=com.apple.UnifiedAssetFr count=0469 selector=setAtomicInstance:A200AF74-9900-4715-8641-01B8994F19B8
time=2026-08-06_06:20:32 op=MOD_CLIENT_LOCK             client=manager                  count=0470 selector=UAF.IF.Planner|com.apple.if.planner.context_filter|50000016.0.81616.13.204326,0
time=2026-08-06_06:20:32 op=MOD_CLIENT_LOCK             client=manager                  count=0471 selector=UAF.IF.Planner|com.apple.if.planner.tool_retrieval.base.en|5000000.2.0.13.102805,0
time=2026-08-06_06:20:32 op=MOD_CLIENT_LOCK             client=manager                  count=0472 selector=UAF.IF.Planner|com.apple.if.planner.nlrouter.tokenizer.en|4000016.303.0.13.101956,0
time=2026-08-06_06:20:32 op=MOD_CLIENT_LOCK             client=manager                  count=0473 selector=UAF.IF.Planner|com.apple.if.planner.nlrouter.base.en|4000016.303.81616.13.202404,0
time=2026-08-06_06:20:32 op=MOD_CLIENT_LOCK             client=manager                  count=0474 selector=UAF.IF.Planner|com.apple.if.planner.uaf.metadata|4.46.1.13.101725,0
time=2026-08-06_06:20:32 op=MOD_CLIENT_LOCK             client=manager                  count=0475 selector=setAtomicInstance:A731C59B-CEBD-48EC-BF1D-16611AFB3067
time=2026-08-06_06:20:32 op=MOD_CLIENT_LOCK             client=com.apple.UnifiedAssetFr count=0474 selector=UAF.IF.Planner|com.apple.if.planner.context_filter|50000016.0.81616.13.204326,0
time=2026-08-06_06:20:32 op=MOD_CLIENT_LOCK             client=com.apple.UnifiedAssetFr count=0473 selector=UAF.IF.Planner|com.apple.if.planner.tool_retrieval.base.en|5000000.2.0.13.102805,0
time=2026-08-06_06:20:32 op=MOD_CLIENT_LOCK             client=com.apple.UnifiedAssetFr count=0472 selector=UAF.IF.Planner|com.apple.if.planner.nlrouter.tokenizer.en|4000016.303.0.13.101956,0
time=2026-08-06_06:20:32 op=MOD_CLIENT_LOCK             client=com.apple.UnifiedAssetFr count=0471 selector=UAF.IF.Planner|com.apple.if.planner.nlrouter.base.en|4000016.303.81616.13.202404,0
time=2026-08-06_06:20:32 op=MOD_CLIENT_LOCK             client=com.apple.UnifiedAssetFr count=0470 selector=UAF.IF.Planner|com.apple.if.planner.uaf.metadata|4.46.1.13.101725,0
time=2026-08-06_06:20:32 op=MOD_CLIENT_LOCK             client=com.apple.UnifiedAssetFr count=0469 selector=setAtomicInstance:A731C59B-CEBD-48EC-BF1D-16611AFB3067
time=2026-08-06_06:20:32 op=MOD_CLIENT_LOCK             client=manager                  count=0470 selector=UAF.Photos.SpatialPhotosRelive|com.apple.photos.spatialphotosrelive.fov.main.generic|17.0.81616.13.202357,0
time=2026-08-06_06:20:32 op=MOD_CLIENT_LOCK             client=manager                  count=0471 selector=UAF.Photos.SpatialPhotosRelive|com.apple.photos.spatialphotosrelive.uaf.metadata|4.46.1.13.301149,0
time=2026-08-06_06:20:32 op=MOD_CLIENT_LOCK             client=manager                  count=0472 selector=UAF.Photos.SpatialPhotosRelive|com.apple.photos.spatialphotosrelive.main.generic|17.1.81616.13.202357,0
time=2026-08-06_06:20:32 op=MOD_CLIENT_LOCK             client=manager                  count=0473 selector=setAtomicInstance:15F23511-5A4C-400E-8F05-3954470DD474
time=2026-08-06_06:20:33 op=MOD_CLIENT_LOCK             client=com.apple.UnifiedAssetFr count=0472 selector=UAF.Photos.SpatialPhotosRelive|com.apple.photos.spatialphotosrelive.fov.main.generic|17.0.81616.13.202357,0
time=2026-08-06_06:20:33 op=MOD_CLIENT_LOCK             client=com.apple.UnifiedAssetFr count=0471 selector=UAF.Photos.SpatialPhotosRelive|com.apple.photos.spatialphotosrelive.uaf.metadata|4.46.1.13.301149,0
time=2026-08-06_06:20:33 op=MOD_CLIENT_LOCK             client=com.apple.UnifiedAssetFr count=0470 selector=UAF.Photos.SpatialPhotosRelive|com.apple.photos.spatialphotosrelive.main.generic|17.1.81616.13.202357,0
time=2026-08-06_06:20:33 op=MOD_CLIENT_LOCK             client=com.apple.UnifiedAssetFr count=0469 selector=setAtomicInstance:15F23511-5A4C-400E-8F05-3954470DD474
time=2026-08-06_06:20:33 op=MOD_CLIENT_LOCK             client=manager                  count=0470 selector=UAF.Siri.UnderstandingASRHammer|com.apple.siri.asr.hammer.en_US|3100.5000.298.100.2955,0
time=2026-08-06_06:20:33 op=MOD_CLIENT_LOCK             client=manager                  count=0471 selector=setAtomicInstance:86F84129-14F1-4D78-BB3A-127D90FFEB74
time=2026-08-06_06:20:33 op=MOD_CLIENT_LOCK             client=com.apple.UnifiedAssetFr count=0470 selector=UAF.Siri.UnderstandingASRHammer|com.apple.siri.asr.hammer.en_US|3100.5000.298.100.2955,0
time=2026-08-06_06:20:33 op=MOD_CLIENT_LOCK             client=com.apple.UnifiedAssetFr count=0469 selector=setAtomicInstance:86F84129-14F1-4D78-BB3A-127D90FFEB74
time=2026-08-06_06:20:33 op=MOD_CLIENT_LOCK             client=manager                  count=0470 selector=UAF.SearchQueryUnderstandingOverrides|com.apple.search.queryparser.overrides.uaf.metadata|4.46.1.13.102632,0
time=2026-08-06_06:20:33 op=MOD_CLIENT_LOCK             client=manager                  count=0471 selector=UAF.SearchQueryUnderstandingOverrides|com.apple.search.searchfederationclassifier.en|1.16.0.13.103075,0
time=2026-08-06_06:20:33 op=MOD_CLIENT_LOCK             client=manager                  count=0472 selector=setAtomicInstance:85D1A5FD-4B17-484C-81C3-CF38B92572B0
time=2026-08-06_06:20:33 op=MOD_CLIENT_LOCK             client=com.apple.UnifiedAssetFr count=0471 selector=UAF.SearchQueryUnderstandingOverrides|com.apple.search.queryparser.overrides.uaf.metadata|4.46.1.13.102632,0
time=2026-08-06_06:20:33 op=MOD_CLIENT_LOCK             client=com.apple.UnifiedAssetFr count=0470 selector=UAF.SearchQueryUnderstandingOverrides|com.apple.search.searchfederationclassifier.en|1.16.0.13.103075,0
time=2026-08-06_06:20:33 op=MOD_CLIENT_LOCK             client=com.apple.UnifiedAssetFr count=0469 selector=setAtomicInstance:85D1A5FD-4B17-484C-81C3-CF38B92572B0
time=2026-08-06_06:20:34 op=MOD_CLIENT_LOCK             client=manager                  count=0470 selector=UAF.Siri.UnderstandingNLOverrides|com.apple.siri.understanding.nl.overrides.uaf.metadata|4.46.1.100.1291,0
time=2026-08-06_06:20:34 op=MOD_CLIENT_LOCK             client=manager                  count=0471 selector=UAF.Siri.UnderstandingNLOverrides|com.apple.siri.nl.overrides.en_US|3600.5000.1784075265.100.3061,0
time=2026-08-06_06:20:34 op=MOD_CLIENT_LOCK             client=manager                  count=0472 selector=setAtomicInstance:9E095AE5-55F9-4941-8A04-65FB92BCBDA9
time=2026-08-06_06:20:34 op=MOD_CLIENT_LOCK             client=com.apple.UnifiedAssetFr count=0471 selector=UAF.Siri.UnderstandingNLOverrides|com.apple.siri.understanding.nl.overrides.uaf.metadata|4.46.1.100.1291,0
time=2026-08-06_06:20:34 op=MOD_CLIENT_LOCK             client=com.apple.UnifiedAssetFr count=0470 selector=UAF.Siri.UnderstandingNLOverrides|com.apple.siri.nl.overrides.en_US|3600.5000.1784075265.100.3061,0
time=2026-08-06_06:20:34 op=MOD_CLIENT_LOCK             client=com.apple.UnifiedAssetFr count=0469 selector=setAtomicInstance:9E095AE5-55F9-4941-8A04-65FB92BCBDA9
time=2026-08-06_06:20:34 op=MOD_CLIENT_LOCK             client=manager                  count=0470 selector=UAF.LinguisticData|com.apple.linguisticdata.optional.en-device|1.5.0.13.302885,0
time=2026-08-06_06:20:34 op=MOD_CLIENT_LOCK             client=manager                  count=0471 selector=UAF.LinguisticData|com.apple.linguisticdata.uaf.metadata|4.46.1.13.302408,0
time=2026-08-06_06:20:34 op=MOD_CLIENT_LOCK             client=manager                  count=0472 selector=UAF.LinguisticData|com.apple.linguisticdata.optional.mul_Latn-device|1.3.1.13.303134,0
time=2026-08-06_06:20:34 op=MOD_CLIENT_LOCK             client=manager                  count=0473 selector=UAF.LinguisticData|com.apple.linguisticdata.optional.mul_Hani-device|1.3.1.13.303133,0
time=2026-08-06_06:20:34 op=MOD_CLIENT_LOCK             client=manager                  count=0474 selector=UAF.LinguisticData|com.apple.linguisticdata.optional.ru-device|1.1.19.13.302386,0
time=2026-08-06_06:20:34 op=MOD_CLIENT_LOCK             client=manager                  count=0475 selector=UAF.LinguisticData|com.apple.linguisticdata.optional.mul_Cyrl-device|1.1.19.13.302384,0
time=2026-08-06_06:20:34 op=MOD_CLIENT_LOCK             client=manager                  count=0476 selector=setAtomicInstance:98BCCDF3-CA84-4DE8-8487-EAB9F34E2DD4
time=2026-08-06_06:20:35 op=MOD_CLIENT_LOCK             client=com.apple.UnifiedAssetFr count=0475 selector=UAF.LinguisticData|com.apple.linguisticdata.optional.en-device|1.5.0.13.302885,0
time=2026-08-06_06:20:35 op=MOD_CLIENT_LOCK             client=com.apple.UnifiedAssetFr count=0474 selector=UAF.LinguisticData|com.apple.linguisticdata.uaf.metadata|4.46.1.13.302408,0
time=2026-08-06_06:20:35 op=MOD_CLIENT_LOCK             client=com.apple.UnifiedAssetFr count=0473 selector=UAF.LinguisticData|com.apple.linguisticdata.optional.mul_Latn-device|1.3.1.13.303134,0
time=2026-08-06_06:20:35 op=MOD_CLIENT_LOCK             client=com.apple.UnifiedAssetFr count=0472 selector=UAF.LinguisticData|com.apple.linguisticdata.optional.mul_Hani-device|1.3.1.13.303133,0
time=2026-08-06_06:20:35 op=MOD_CLIENT_LOCK             client=com.apple.UnifiedAssetFr count=0471 selector=UAF.LinguisticData|com.apple.linguisticdata.optional.ru-device|1.1.19.13.302386,0
time=2026-08-06_06:20:35 op=MOD_CLIENT_LOCK             client=com.apple.UnifiedAssetFr count=0470 selector=UAF.LinguisticData|com.apple.linguisticdata.optional.mul_Cyrl-device|1.1.19.13.302384,0
time=2026-08-06_06:20:35 op=MOD_CLIENT_LOCK             client=com.apple.UnifiedAssetFr count=0469 selector=setAtomicInstance:98BCCDF3-CA84-4DE8-8487-EAB9F34E2DD4
time=2026-08-06_06:20:37 op=MOD_CLIENT_LOCK             client=manager                  count=0470 selector=UAF.FM.Overrides|com.apple.gm.overrides.model_config.all.generic|32026000.20260709.134058.100.3027,0
time=2026-08-06_06:20:37 op=MOD_CLIENT_LOCK             client=manager                  count=0471 selector=UAF.FM.Overrides|com.apple.gm.safety.disabledusecases|1.0.7.100.3017,0
time=2026-08-06_06:20:37 op=MOD_CLIENT_LOCK             client=manager                  count=0472 selector=UAF.FM.Overrides|com.apple.gm.safety_deny.output.code_intelligence.base|32025010.20251009.91600.100.1651,0
time=2026-08-06_06:20:37 op=MOD_CLIENT_LOCK             client=manager                  count=0473 selector=UAF.FM.Overrides|com.apple.gm.safety_deny.input.code_intelligence.base|32025010.20251009.91600.100.1651,0
time=2026-08-06_06:20:37 op=MOD_CLIENT_LOCK             client=manager                  count=0474 selector=UAF.FM.Overrides|com.apple.gm.safety_deny.output.foundation_models_framework.api.generic|32025010.20260122.91350.100.2043,0
time=2026-08-06_06:20:37 op=MOD_CLIENT_LOCK             client=manager                  count=0475 selector=UAF.FM.Overrides|com.apple.gm.safety_deny.input.foundation_models_framework.api.generic|32025010.20260122.91350.100.2043,0
time=2026-08-06_06:20:37 op=MOD_CLIENT_LOCK             client=manager                  count=0476 selector=UAF.FM.Overrides|com.apple.fm.overrides.uaf.metadata|4.46.1.100.1297,0
time=2026-08-06_06:20:37 op=MOD_CLIENT_LOCK             client=manager                  count=0477 selector=UAF.FM.Overrides|com.apple.gm.safety_embedding_deny.all.generic|32025010.20251002.91621.100.1632,0
time=2026-08-06_06:20:37 op=MOD_CLIENT_LOCK             client=manager                  count=0478 selector=UAF.FM.Overrides|com.apple.gm.safety_deny.output.photos_memories.user_query.generic|32025010.20251009.91600.100.1651,0
time=2026-08-06_06:20:37 op=MOD_CLIENT_LOCK             client=manager                  count=0479 selector=UAF.FM.Overrides|com.apple.gm.safety_deny.output.summarization.text_assistant.generic|32025010.20251009.91600.100.1651,0
time=2026-08-06_06:20:37 op=MOD_CLIENT_LOCK             client=manager                  count=0480 selector=UAF.FM.Overrides|com.apple.gm.safety_deny.output.summarization.visual_prompt.generic|32025010.20251009.91600.100.1651,0
time=2026-08-06_06:20:37 op=MOD_CLIENT_LOCK             client=manager                  count=0481 selector=UAF.FM.Overrides|com.apple.gm.safety_deny.input.ipi_classifier.generic|32025040.20251113.221333.100.1756,0
time=2026-08-06_06:20:37 op=MOD_CLIENT_LOCK             client=manager                  count=0482 selector=UAF.FM.Overrides|com.apple.gm.safety_deny.output.open_ended_compose.composition.generic|32026000.20260402.190731.100.2535,0
time=2026-08-06_06:20:37 op=MOD_CLIENT_LOCK             client=manager                  count=0483 selector=UAF.FM.Overrides|com.apple.gm.safety_deny.output.personalized_smart_reply.generic|32026000.20260625.173557.100.2946,0
time=2026-08-06_06:20:37 op=MOD_CLIENT_LOCK             client=manager                  count=0484 selector=UAF.FM.Overrides|com.apple.gm.safety_deny.input.summarization.safari_tab_group_topic.generic|32026000.20260417.162402.100.2587,0
time=2026-08-06_06:20:37 op=MOD_CLIENT_LOCK             client=manager                  count=0485 selector=UAF.FM.Overrides|com.apple.gm.safety_deny.output.photos_memories.story_title.generic|32025010.20251009.91600.100.1651,0
time=2026-08-06_06:20:37 op=MOD_CLIENT_LOCK             client=manager                  count=0486 selector=UAF.FM.Overrides|com.apple.gm.safety_deny.input.friendly_tone.generic|32025010.20251009.91600.100.1651,0
time=2026-08-06_06:20:37 op=MOD_CLIENT_LOCK             client=manager                  count=0487 selector=UAF.FM.Overrides|com.apple.gm.safety_deny.input.notification_coalescing.generic|32026000.20260402.190731.100.2535,0
time=2026-08-06_06:20:37 op=MOD_CLIENT_LOCK             client=manager                  count=0488 selector=UAF.FM.Overrides|com.apple.gm.safety_deny.input.writing_question_answer.generic|32026000.20260402.190731.100.2535,0
time=2026-08-06_06:20:37 op=MOD_CLIENT_LOCK             client=manager                  count=0489 selector=UAF.FM.Overrides|com.apple.gm.safety_deny.input.tables_transform.generic|32025010.20251009.91600.100.1651,0
time=2026-08-06_06:20:37 op=MOD_CLIENT_LOCK             client=manager                  count=0490 selector=UAF.FM.Overrides|com.apple.gm.safety_deny.input.generative_assistant.media_qa.generic|32025010.20251009.91600.100.1651,0
time=2026-08-06_06:20:37 op=MOD_CLIENT_LOCK             client=manager                  count=0491 selector=UAF.FM.Overrides|com.apple.gm.safety_deny.input.voice_control_ai_v2.generic|32026000.20260528.201230.100.2756,0
time=2026-08-06_06:20:37 op=MOD_CLIENT_LOCK             client=manager                  count=0492 selector=UAF.FM.Overrides|com.apple.gm.safety_deny.output.magic_rewrite.generic|32025010.20251009.91600.100.1651,0
time=2026-08-06_06:20:37 op=MOD_CLIENT_LOCK             client=manager                  count=0493 selector=UAF.FM.Overrides|com.apple.gm.safety_deny.output.writing_tools.compose.generic|32025010.20251009.91600.100.1651,0
time=2026-08-06_06:20:37 op=MOD_CLIENT_LOCK             client=manager                  count=0494 selector=UAF.FM.Overrides|com.apple.gm.safety_deny.input.safari_magic_extensions.generic|32026000.20260402.190731.100.2535,0
time=2026-08-06_06:20:37 op=MOD_CLIENT_LOCK             client=manager                  count=0495 selector=UAF.FM.Overrides|com.apple.gm.safety_deny.input.proofreading_review.generic|32025010.20251009.91600.100.1651,0
time=2026-08-06_06:20:37 op=MOD_CLIENT_LOCK             client=manager                  count=0496 selector=UAF.FM.Overrides|com.apple.gm.safety_deny.input.clip_captioning.generic|32026000.20260402.190731.100.2535,0
time=2026-08-06_06:20:37 op=MOD_CLIENT_LOCK             client=manager                  count=0497 selector=UAF.FM.Overrides|com.apple.gm.safety_deny.input.summarization.text_assistant.generic|32025010.20251009.91600.100.1651,0
time=2026-08-06_06:20:37 op=MOD_CLIENT_LOCK             client=manager                  count=0498 selector=UAF.FM.Overrides|com.apple.gm.safety_deny.output.concise_tone.generic|32025010.20251009.91600.100.1651,0
time=2026-08-06_06:20:37 op=MOD_CLIENT_LOCK             client=manager                  count=0499 selector=UAF.FM.Overrides|com.apple.gm.safety_deny.output.proofreading_review.generic|32025010.20251009.91600.100.1651,0
time=2026-08-06_06:20:37 op=MOD_CLIENT_LOCK             client=manager                  count=0500 selector=UAF.FM.Overrides|com.apple.gm.safety_deny.input.semantic_search.generic|32026000.20260430.85508.100.2627,0
time=2026-08-06_06:20:37 op=MOD_CLIENT_LOCK             client=manager                  count=0501 selector=UAF.FM.Overrides|com.apple.gm.safety_deny.output.generative_assistant.knowledge_fallback.generic|32025010.20251009.91600.100.1651,0
time=2026-08-06_06:20:37 op=MOD_CLIENT_LOCK             client=manager                  count=0502 selector=UAF.FM.Overrides|com.apple.gm.safety_deny.input.writing_tools.compose_recents_summaries.generic|32025010.20251009.91600.100.1651,0
time=2026-08-06_06:20:37 op=MOD_CLIENT_LOCK             client=manager                  count=0503 selector=UAF.FM.Overrides|com.apple.gm.safety_deny.input.summarization.visual_prompt.generic|32025010.20251009.91600.100.1651,0
time=2026-08-06_06:20:37 op=MOD_CLIENT_LOCK             client=manager                  count=0504 selector=UAF.FM.Overrides|com.apple.gm.safety_deny.input.shortcuts_ask_afm_action_3b.generic|32025010.20260122.91350.100.2043,0
time=2026-08-06_06:20:37 op=MOD_CLIENT_LOCK             client=manager                  count=0505 selector=UAF.FM.Overrides|com.apple.gm.safety_retain.output.structure_extraction_safety_word_list.generic|32025010.20251009.91600.100.1651,0
time=2026-08-06_06:20:37 op=MOD_CLIENT_LOCK             client=manager                  count=0506 selector=UAF.FM.Overrides|com.apple.gm.safety_retain.output.proofreading_output_retain_list.generic|32025010.20251009.91600.100.1651,0
time=2026-08-06_06:20:37 op=MOD_CLIENT_LOCK             client=manager                  count=0507 selector=UAF.FM.Overrides|com.apple.gm.safety_deny.output.friendly_tone.generic|32025010.20251009.91600.100.1651,0
time=2026-08-06_06:20:38 op=MOD_CLIENT_LOCK             client=manager                  count=0508 selector=UAF.FM.Overrides|com.apple.gm.safety_deny.input.magic_rewrite.generic|32025010.20251009.91600.100.1651,0
time=2026-08-06_06:20:38 op=MOD_CLIENT_LOCK             client=manager                  count=0509 selector=UAF.FM.Overrides|com.apple.gm.safety_deny.output.personalized_smart_reply.nicknames.generic|32026000.20260402.190731.100.2535,0
time=2026-08-06_06:20:38 op=MOD_CLIENT_LOCK             client=manager                  count=0510 selector=UAF.FM.Overrides|com.apple.gm.safety_deny.input.visual_intelligence_nutrition.generic|32026000.20260402.190731.100.2535,0
time=2026-08-06_06:20:38 op=MOD_CLIENT_LOCK             client=manager                  count=0511 selector=UAF.FM.Overrides|com.apple.gm.safety_deny.output.generative_shortcuts.generic|32025010.20251009.91600.100.1651,0
time=2026-08-06_06:20:38 op=MOD_CLIENT_LOCK             client=manager                  count=0512 selector=UAF.FM.Overrides|com.apple.gm.safety_deny.output.photos_memories.sensitive.generic|32025010.20251016.135000.100.1681,0
time=2026-08-06_06:20:38 op=MOD_CLIENT_LOCK             client=manager                  count=0513 selector=UAF.FM.Overrides|com.apple.gm.safety_deny.input.summarize_shortcuts.generic|32026000.20260625.173557.100.2946,0
time=2026-08-06_06:20:38 op=MOD_CLIENT_LOCK             client=manager                  count=0514 selector=UAF.FM.Overrides|com.apple.gm.safety_deny.input.takeaways_transform.generic|32025010.20251009.91600.100.1651,0
time=2026-08-06_06:20:38 op=MOD_CLIENT_LOCK             client=manager                  count=0515 selector=UAF.FM.Overrides|com.apple.gm.safety_deny.input.generative_assistant.knowledge_fallback.generic|32025010.20251009.91600.100.1651,0
time=2026-08-06_06:20:38 op=MOD_CLIENT_LOCK             client=manager                  count=0516 selector=UAF.FM.Overrides|com.apple.gm.safety_deny.output.summarization.cu_summary.on_demand.generic|32025010.20260219.91347.100.2271,0
time=2026-08-06_06:20:38 op=MOD_CLIENT_LOCK             client=manager                  count=0517 selector=UAF.FM.Overrides|com.apple.gm.safety_deny.output.summarization.cu_summary.proactive.generic|32025010.20260219.91347.100.2271,0
time=2026-08-06_06:20:38 op=MOD_CLIENT_LOCK             client=manager                  count=0518 selector=UAF.FM.Overrides|com.apple.gm.safety_deny.input.writing_tools.compose.generic|32025010.20251009.91600.100.1651,0
time=2026-08-06_06:20:38 op=MOD_CLIENT_LOCK             client=manager                  count=0519 selector=UAF.FM.Overrides|com.apple.gm.safety_deny.output.summarization.cu_summary.generic|32025010.20260219.91347.100.2271,0
time=2026-08-06_06:20:38 op=MOD_CLIENT_LOCK             client=manager                  count=0520 selector=UAF.FM.Overrides|com.apple.gm.safety_deny.input.professional_tone.generic|32025010.20251009.91600.100.1651,0
time=2026-08-06_06:20:38 op=MOD_CLIENT_LOCK             client=manager                  count=0521 selector=UAF.FM.Overrides|com.apple.gm.vip_and_blocked_provider.generic|0.0.2.100.2350,0
time=2026-08-06_06:20:38 op=MOD_CLIENT_LOCK             client=manager                  count=0522 selector=UAF.FM.Overrides|com.apple.gm.safety_deny.input.photos_memories.story_title.generic|32025010.20251009.91600.100.1651,0
time=2026-08-06_06:20:38 op=MOD_CLIENT_LOCK             client=manager                  count=0523 selector=UAF.FM.Overrides|com.apple.gm.safety_deny.input.summarization.visual_intelligence_camera.generic|32025010.20251009.91600.100.1651,0
time=2026-08-06_06:20:38 op=MOD_CLIENT_LOCK             client=manager                  count=0524 selector=UAF.FM.Overrides|com.apple.gm.safety_deny.input.mail_reply.long_form_rewrite.generic|32025010.20260219.91347.100.2271,0
time=2026-08-06_06:20:38 op=MOD_CLIENT_LOCK             client=manager                  count=0525 selector=UAF.FM.Overrides|com.apple.gm.safety_deny.input.intelligent_pass_creation.generic|32026000.20260402.190731.100.2535,0
time=2026-08-06_06:20:38 op=MOD_CLIENT_LOCK             client=manager                  count=0526 selector=UAF.FM.Overrides|com.apple.gm.safety_deny.input.bullets_transform.generic|32025010.20251009.91600.100.1651,0
time=2026-08-06_06:20:38 op=MOD_CLIENT_LOCK             client=manager                  count=0527 selector=UAF.FM.Overrides|com.apple.gm.safety_deny.output.ask_generative_model_action.generic|32025010.20251009.91600.100.1651,0
time=2026-08-06_06:20:38 op=MOD_CLIENT_LOCK             client=manager                  count=0528 selector=UAF.FM.Overrides|com.apple.gm.safety_deny.input.open_ended_extract.generic|32026000.20260402.190731.100.2535,0
time=2026-08-06_06:20:38 op=MOD_CLIENT_LOCK             client=manager                  count=0529 selector=UAF.FM.Overrides|com.apple.gm.safety_deny.input.summarization.cu_urgency.generic|32025010.20251009.91600.100.1651,0
time=2026-08-06_06:20:38 op=MOD_CLIENT_LOCK             client=manager                  count=0530 selector=UAF.FM.Overrides|com.apple.gm.safety_deny.output.journal_followup_prompts.generic|32026000.20260507.85515.100.2642,0
time=2026-08-06_06:20:38 op=MOD_CLIENT_LOCK             client=manager                  count=0531 selector=UAF.FM.Overrides|com.apple.gm.safety_deny.output.visual_intelligence.structured_extraction.add_to_contacts.generic|32025010.20251009.91600.100.1651,0
time=2026-08-06_06:20:38 op=MOD_CLIENT_LOCK             client=manager                  count=0532 selector=UAF.FM.Overrides|com.apple.gm.safety_deny.input.accessibility_magnifier.generic|32025010.20251009.91600.100.1651,0
time=2026-08-06_06:20:38 op=MOD_CLIENT_LOCK             client=manager                  count=0533 selector=UAF.FM.Overrides|com.apple.gm.safety_deny.input.personalized_smart_reply.generic|32026000.20260625.173557.100.2946,0
time=2026-08-06_06:20:38 op=MOD_CLIENT_LOCK             client=manager                  count=0534 selector=UAF.FM.Overrides|com.apple.gm.safety_deny.output.generative_assistant.composition.generic|32025010.20251009.91600.100.1651,0
time=2026-08-06_06:20:38 op=MOD_CLIENT_LOCK             client=manager                  count=0535 selector=UAF.FM.Overrides|com.apple.gm.safety_deny.input.photos_memories.global_trait.generic|32025010.20251009.91600.100.1651,0
time=2026-08-06_06:20:38 op=MOD_CLIENT_LOCK             client=manager                  count=0536 selector=UAF.FM.Overrides|com.apple.gm.safety_deny.output.summarization.safari_tab_group_topic.generic|32026000.20260417.162402.100.2587,0
time=2026-08-06_06:20:38 op=MOD_CLIENT_LOCK             client=manager                  count=0537 selector=UAF.FM.Overrides|com.apple.gm.safety_deny.input.photos_memories.user_query.generic|32025010.20251009.91600.100.1651,0
time=2026-08-06_06:20:38 op=MOD_CLIENT_LOCK             client=manager                  count=0538 selector=UAF.FM.Overrides|com.apple.gm.safety_deny.input.generative_assistant.visual_intelligence_camera.generic|32025010.20251009.91600.100.1651,0
time=2026-08-06_06:20:38 op=MOD_CLIENT_LOCK             client=manager                  count=0539 selector=UAF.FM.Overrides|com.apple.gm.safety_deny.output.summarization.base.generic|32025010.20251009.91600.100.1651,0
time=2026-08-06_06:20:38 op=MOD_CLIENT_LOCK             client=manager                  count=0540 selector=UAF.FM.Overrides|com.apple.gm.safety_deny.output.accessibility_magnifier.generic|32025010.20251009.91600.100.1651,0
time=2026-08-06_06:20:38 op=MOD_CLIENT_LOCK             client=manager                  count=0541 selector=UAF.FM.Overrides|com.apple.gm.safety_deny.output.summarization.visual_intelligence_camera.generic|32025010.20251009.91600.100.1651,0
time=2026-08-06_06:20:38 op=MOD_CLIENT_LOCK             client=manager                  count=0542 selector=UAF.FM.Overrides|com.apple.gm.safety_deny.output.photos_memories.global_trait.generic|32025010.20251009.91600.100.1651,0
time=2026-08-06_06:20:38 op=MOD_CLIENT_LOCK             client=manager                  count=0543 selector=UAF.FM.Overrides|com.apple.gm.safety_deny.input.mail_reply.long_form_basic.generic|32025010.20260219.91347.100.2271,0
time=2026-08-06_06:20:38 op=MOD_CLIENT_LOCK             client=manager                  count=0544 selector=UAF.FM.Overrides|com.apple.gm.safety_deny.input.mail_reply.snippet.generic|32025010.20260219.91347.100.2271,0
time=2026-08-06_06:20:38 op=MOD_CLIENT_LOCK             client=manager                  count=0545 selector=UAF.FM.Overrides|com.apple.gm.safety_deny.output.takeaways_transform.generic|32025010.20251009.91600.100.1651,0
time=2026-08-06_06:20:38 op=MOD_CLIENT_LOCK             client=manager                  count=0546 selector=UAF.FM.Overrides|com.apple.gm.safety_deny.output.open_ended_tone_query_response.generic|32025010.20251009.91600.100.1651,0
time=2026-08-06_06:20:38 op=MOD_CLIENT_LOCK             client=manager                  count=0547 selector=UAF.FM.Overrides|com.apple.gm.safety_deny.output.voice_control_ai.generic|32026000.20260212.221950.100.2211,0
time=2026-08-06_06:20:38 op=MOD_CLIENT_LOCK             client=manager                  count=0548 selector=UAF.FM.Overrides|com.apple.gm.safety_deny.output.open_ended_tone.generic|32025010.20251009.91600.100.1651,0
time=2026-08-06_06:20:38 op=MOD_CLIENT_LOCK             client=manager                  count=0549 selector=UAF.FM.Overrides|com.apple.gm.safety_deny.output.writing_tools.compose_recents_summaries.generic|32025010.20251009.91600.100.1651,0
time=2026-08-06_06:20:38 op=MOD_CLIENT_LOCK             client=manager                  count=0550 selector=UAF.FM.Overrides|com.apple.gm.safety_deny.input.summarization.cu_summary.generic|32025010.20260306.2132.100.2344,0
time=2026-08-06_06:20:38 op=MOD_CLIENT_LOCK             client=manager                  count=0551 selector=UAF.FM.Overrides|com.apple.gm.safety_deny.input.journal_followup_prompts.generic|32026000.20260507.85515.100.2642,0
time=2026-08-06_06:20:38 op=MOD_CLIENT_LOCK             client=manager                  count=0552 selector=UAF.FM.Overrides|com.apple.gm.safety_deny.input.visual_intelligence.structured_extraction.add_to_contacts.generic|32025010.20251009.91600.100.1651,0
time=2026-08-06_06:20:38 op=MOD_CLIENT_LOCK             client=manager                  count=0553 selector=UAF.FM.Overrides|com.apple.gm.safety_deny.output.tables_transform.generic|32025010.20251009.91600.100.1651,0
time=2026-08-06_06:20:38 op=MOD_CLIENT_LOCK             client=manager                  count=0554 selector=UAF.FM.Overrides|com.apple.gm.safety_deny.input.personalized_smart_reply.nicknames.generic|32026000.20260402.190731.100.2535,0
time=2026-08-06_06:20:38 op=MOD_CLIENT_LOCK             client=manager                  count=0555 selector=UAF.FM.Overrides|com.apple.gm.safety_deny.input.open_ended_tone.generic|32025010.20251009.91600.100.1651,0
time=2026-08-06_06:20:38 op=MOD_CLIENT_LOCK             client=manager                  count=0556 selector=UAF.FM.Overrides|com.apple.gm.safety_deny.output.mail_reply.snippet.generic|32025010.20260219.91347.100.2271,0
time=2026-08-06_06:20:38 op=MOD_CLIENT_LOCK             client=manager                  count=0557 selector=UAF.FM.Overrides|com.apple.gm.safety_deny.input.photos_memories.base.generic|32025010.20260221.14842.100.2279,0
time=2026-08-06_06:20:38 op=MOD_CLIENT_LOCK             client=manager                  count=0558 selector=UAF.FM.Overrides|com.apple.gm.safety_deny.output.mail_reply.long_form_qa.generic|32025010.20260219.91347.100.2271,0
time=2026-08-06_06:20:38 op=MOD_CLIENT_LOCK             client=manager                  count=0559 selector=UAF.FM.Overrides|com.apple.gm.safety_deny.input.ask_generative_model_action.generic|32025010.20251009.91600.100.1651,0
time=2026-08-06_06:20:38 op=MOD_CLIENT_LOCK             client=manager                  count=0560 selector=UAF.FM.Overrides|com.apple.gm.safety_deny.input.generative_assistant.composition.generic|32025010.20251009.91600.100.1651,0
time=2026-08-06_06:20:38 op=MOD_CLIENT_LOCK             client=manager                  count=0561 selector=UAF.FM.Overrides|com.apple.gm.safety_deny.output.visual_intelligence.structured_extraction.add_to_calendar.generic|32025010.20251009.91600.100.1651,0
time=2026-08-06_06:20:38 op=MOD_CLIENT_LOCK             client=manager                  count=0562 selector=UAF.FM.Overrides|com.apple.gm.safety_deny.output.summarization.cu_urgency.generic|32025010.20251009.91600.100.1651,0
time=2026-08-06_06:20:38 op=MOD_CLIENT_LOCK             client=manager                  count=0563 selector=UAF.FM.Overrides|com.apple.gm.safety_deny.output.visual_intelligence_nutrition.generic|32026000.20260625.173557.100.2946,0
time=2026-08-06_06:20:38 op=MOD_CLIENT_LOCK             client=manager                  count=0564 selector=UAF.FM.Overrides|com.apple.gm.safety_deny.input.open_ended_compose.composition.generic|32026000.20260402.190731.100.2535,0
time=2026-08-06_06:20:38 op=MOD_CLIENT_LOCK             client=manager                  count=0565 selector=UAF.FM.Overrides|com.apple.gm.safety_deny.input.mail_reply.long_form_qa.generic|32025010.20260219.91347.100.2271,0
time=2026-08-06_06:20:38 op=MOD_CLIENT_LOCK             client=manager                  count=0566 selector=UAF.FM.Overrides|com.apple.gm.safety_deny.output.safari_magic_extensions.generic|32026000.20260402.190731.100.2535,0
time=2026-08-06_06:20:38 op=MOD_CLIENT_LOCK             client=manager                  count=0567 selector=UAF.FM.Overrides|com.apple.gm.safety_deny.input.stx_multimodal.health_data.generic|32026000.20260402.190731.100.2535,0
time=2026-08-06_06:20:38 op=MOD_CLIENT_LOCK             client=manager                  count=0568 selector=UAF.FM.Overrides|com.apple.gm.safety_deny.input.generative_assistant.knowledge.generic|32025010.20251009.91600.100.1651,0
time=2026-08-06_06:20:38 op=MOD_CLIENT_LOCK             client=manager                  count=0569 selector=UAF.FM.Overrides|com.apple.gm.safety_deny.output.mail_reply.long_form_rewrite.generic|32025010.20260219.91347.100.2271,0
time=2026-08-06_06:20:38 op=MOD_CLIENT_LOCK             client=manager                  count=0570 selector=UAF.FM.Overrides|com.apple.gm.safety_deny.input.voice_control_ai.generic|32026000.20260528.85508.100.2755,0
time=2026-08-06_06:20:38 op=MOD_CLIENT_LOCK             client=manager                  count=0571 selector=UAF.FM.Overrides|com.apple.gm.safety_deny.input.stx_multimodal.receipt.generic|32026000.20260402.190731.100.2535,0
time=2026-08-06_06:20:38 op=MOD_CLIENT_LOCK             client=manager                  count=0572 selector=UAF.FM.Overrides|com.apple.gm.safety_deny.output.shortcuts_ask_afm_action.generic|32025010.20260306.2132.100.2344,0
time=2026-08-06_06:20:38 op=MOD_CLIENT_LOCK             client=manager                  count=0573 selector=UAF.FM.Overrides|com.apple.gm.safety_deny.input.generative_assistant.common.generic|32026000.20260430.85508.100.2627,0
time=2026-08-06_06:20:38 op=MOD_CLIENT_LOCK             client=manager                  count=0574 selector=UAF.FM.Overrides|com.apple.gm.safety_deny.input.summarization.base.generic|32025010.20251009.91600.100.1651,0
time=2026-08-06_06:20:38 op=MOD_CLIENT_LOCK             client=manager                  count=0575 selector=UAF.FM.Overrides|com.apple.gm.safety_deny.input.concise_tone.generic|32025010.20251009.91600.100.1651,0
time=2026-08-06_06:20:39 op=MOD_CLIENT_LOCK             client=manager                  count=0576 selector=UAF.FM.Overrides|com.apple.gm.safety_deny.input.notify_me_when.generic|32026000.20260417.162402.100.2587,0
time=2026-08-06_06:20:39 op=MOD_CLIENT_LOCK             client=manager                  count=0577 selector=UAF.FM.Overrides|com.apple.gm.safety_deny.output.photos_memories.song_id.generic|32025010.20251009.91600.100.1651,0
time=2026-08-06_06:20:39 op=MOD_CLIENT_LOCK             client=manager                  count=0578 selector=UAF.FM.Overrides|com.apple.gm.safety_deny.input.visual_generation.base.generic|32026000.20260625.173557.100.2946,0
time=2026-08-06_06:20:39 op=MOD_CLIENT_LOCK             client=manager                  count=0579 selector=UAF.FM.Overrides|com.apple.gm.safety_deny.output.photos_memories.base.generic|32025010.20260221.14842.100.2279,0
time=2026-08-06_06:20:39 op=MOD_CLIENT_LOCK             client=manager                  count=0580 selector=UAF.FM.Overrides|com.apple.gm.safety_deny.output.intelligent_pass_creation.generic|32026000.20260402.190731.100.2535,0
time=2026-08-06_06:20:39 op=MOD_CLIENT_LOCK             client=manager                  count=0581 selector=UAF.FM.Overrides|com.apple.gm.safety_deny.output.generative_assistant.media_qa.generic|32025010.20251009.91600.100.1651,0
time=2026-08-06_06:20:39 op=MOD_CLIENT_LOCK             client=manager                  count=0582 selector=UAF.FM.Overrides|com.apple.gm.safety_deny.output.bullets_transform.generic|32025010.20251009.91600.100.1651,0
time=2026-08-06_06:20:39 op=MOD_CLIENT_LOCK             client=manager                  count=0583 selector=UAF.FM.Overrides|com.apple.gm.safety_deny.input.generative_shortcuts.generic|32025010.20251009.91600.100.1651,0
time=2026-08-06_06:20:39 op=MOD_CLIENT_LOCK             client=manager                  count=0584 selector=UAF.FM.Overrides|com.apple.gm.safety_deny.output.stx_multimodal.health_data.generic|32026000.20260402.190731.100.2535,0
time=2026-08-06_06:20:39 op=MOD_CLIENT_LOCK             client=manager                  count=0585 selector=UAF.FM.Overrides|com.apple.gm.safety_deny.input.visual_intelligence.structured_extraction.add_to_calendar.generic|32025010.20251009.91600.100.1651,0
time=2026-08-06_06:20:39 op=MOD_CLIENT_LOCK             client=manager                  count=0586 selector=UAF.FM.Overrides|com.apple.gm.safety_deny.input.asr_natural_dictation_speech.generic|32026000.20260618.85440.100.2874,0
time=2026-08-06_06:20:39 op=MOD_CLIENT_LOCK             client=manager                  count=0587 selector=UAF.FM.Overrides|com.apple.gm.safety_deny.output.writing_question_answer.generic|32026000.20260402.190731.100.2535,0
time=2026-08-06_06:20:39 op=MOD_CLIENT_LOCK             client=manager                  count=0588 selector=UAF.FM.Overrides|com.apple.gm.safety_deny.output.messages_action.generic|32025010.20251009.91600.100.1651,0
time=2026-08-06_06:20:39 op=MOD_CLIENT_LOCK             client=manager                  count=0589 selector=UAF.FM.Overrides|com.apple.gm.safety_deny.output.generative_assistant.visual_intelligence_camera.generic|32025010.20251009.91600.100.1651,0
time=2026-08-06_06:20:39 op=MOD_CLIENT_LOCK             client=manager                  count=0590 selector=UAF.FM.Overrides|com.apple.gm.safety_deny.output.generative_assistant.common.generic|32026000.20260430.85508.100.2627,0
time=2026-08-06_06:20:39 op=MOD_CLIENT_LOCK             client=manager                  count=0591 selector=UAF.FM.Overrides|com.apple.gm.safety_deny.output.stx_multimodal.receipt.generic|32026000.20260402.190731.100.2535,0
time=2026-08-06_06:20:39 op=MOD_CLIENT_LOCK             client=manager                  count=0592 selector=UAF.FM.Overrides|com.apple.gm.safety_deny.output.shortcuts_ask_afm_action_3b.generic|32025010.20260122.91350.100.2043,0
time=2026-08-06_06:20:39 op=MOD_CLIENT_LOCK             client=manager                  count=0593 selector=UAF.FM.Overrides|com.apple.gm.safety_deny.output.mail_reply.long_form_basic.generic|32025010.20260219.91347.100.2271,0
time=2026-08-06_06:20:39 op=MOD_CLIENT_LOCK             client=manager                  count=0594 selector=UAF.FM.Overrides|com.apple.gm.safety_deny.input.summarization.cu_summary.on_demand.generic|32025010.20260212.91353.100.2207,0
time=2026-08-06_06:20:39 op=MOD_CLIENT_LOCK             client=manager                  count=0595 selector=UAF.FM.Overrides|com.apple.gm.safety_deny.input.open_ended_compose.composition.payload.generic|32026000.20260417.162402.100.2587,0
time=2026-08-06_06:20:39 op=MOD_CLIENT_LOCK             client=manager                  count=0596 selector=UAF.FM.Overrides|com.apple.gm.safety_deny.output.notification_coalescing.generic|32026000.20260402.190731.100.2535,0
time=2026-08-06_06:20:39 op=MOD_CLIENT_LOCK             client=manager                  count=0597 selector=UAF.FM.Overrides|com.apple.gm.safety_deny.input.summarization.cu_summary.proactive.generic|32025010.20260306.2132.100.2344,0
time=2026-08-06_06:20:39 op=MOD_CLIENT_LOCK             client=manager                  count=0598 selector=UAF.FM.Overrides|com.apple.gm.safety_deny.output.clip_captioning.generic|32026000.20260402.190731.100.2535,0
time=2026-08-06_06:20:39 op=MOD_CLIENT_LOCK             client=manager                  count=0599 selector=UAF.FM.Overrides|com.apple.gm.safety_deny.output.generative_assistant.knowledge.generic|32025010.20251009.91600.100.1651,0
time=2026-08-06_06:20:39 op=MOD_CLIENT_LOCK             client=manager                  count=0600 selector=UAF.FM.Overrides|com.apple.gm.safety_deny.output.open_ended_extract.generic|32026000.20260402.190731.100.2535,0
time=2026-08-06_06:20:39 op=MOD_CLIENT_LOCK             client=manager                  count=0601 selector=UAF.FM.Overrides|com.apple.gm.safety_deny.input.smart_naming.generic|32026000.20260709.134058.100.3027,0
time=2026-08-06_06:20:39 op=MOD_CLIENT_LOCK             client=manager                  count=0602 selector=UAF.FM.Overrides|com.apple.gm.safety_deny.input.open_ended_tone_query_response.generic|32025010.20251009.91600.100.1651,0
time=2026-08-06_06:20:39 op=MOD_CLIENT_LOCK             client=manager                  count=0603 selector=UAF.FM.Overrides|com.apple.gm.safety_deny.output.smart_naming.generic|32026000.20260709.134058.100.3027,0
time=2026-08-06_06:20:39 op=MOD_CLIENT_LOCK             client=manager                  count=0604 selector=UAF.FM.Overrides|com.apple.gm.safety_deny.input.shortcuts_ask_afm_action.generic|32025010.20260122.91350.100.2043,0
time=2026-08-06_06:20:39 op=MOD_CLIENT_LOCK             client=manager                  count=0605 selector=UAF.FM.Overrides|com.apple.gm.safety_deny.input.messages_action.generic|32025010.20251009.91600.100.1651,0
time=2026-08-06_06:20:39 op=MOD_CLIENT_LOCK             client=manager                  count=0606 selector=UAF.FM.Overrides|com.apple.gm.safety_deny.input.writing_question_answer.payload.generic|32026000.20260417.162402.100.2587,0
time=2026-08-06_06:20:39 op=MOD_CLIENT_LOCK             client=manager                  count=0607 selector=UAF.FM.Overrides|com.apple.gm.safety_deny.output.professional_tone.generic|32025010.20251009.91600.100.1651,0
time=2026-08-06_06:20:39 op=MOD_CLIENT_LOCK             client=manager                  count=0608 selector=UAF.FM.Overrides|com.apple.gm.safety_deny.output.summarize_shortcuts.generic|32026000.20260625.173557.100.2946,0
time=2026-08-06_06:20:39 op=MOD_CLIENT_LOCK             client=manager                  count=0609 selector=setAtomicInstance:4DC50B26-B543-4C6E-AF33-054A582E9649
time=2026-08-06_06:20:40 op=MOD_CLIENT_LOCK             client=com.apple.UnifiedAssetFr count=0608 selector=UAF.FM.Overrides|com.apple.gm.overrides.model_config.all.generic|32026000.20260709.134058.100.3027,0
time=2026-08-06_06:20:40 op=MOD_CLIENT_LOCK             client=com.apple.UnifiedAssetFr count=0607 selector=UAF.FM.Overrides|com.apple.gm.safety.disabledusecases|1.0.7.100.3017,0
time=2026-08-06_06:20:40 op=MOD_CLIENT_LOCK             client=com.apple.UnifiedAssetFr count=0606 selector=UAF.FM.Overrides|com.apple.gm.safety_deny.output.code_intelligence.base|32025010.20251009.91600.100.1651,0
time=2026-08-06_06:20:40 op=MOD_CLIENT_LOCK             client=com.apple.UnifiedAssetFr count=0605 selector=UAF.FM.Overrides|com.apple.gm.safety_deny.input.code_intelligence.base|32025010.20251009.91600.100.1651,0
time=2026-08-06_06:20:40 op=MOD_CLIENT_LOCK             client=com.apple.UnifiedAssetFr count=0604 selector=UAF.FM.Overrides|com.apple.gm.safety_deny.output.foundation_models_framework.api.generic|32025010.20260122.91350.100.2043,0
time=2026-08-06_06:20:40 op=MOD_CLIENT_LOCK             client=com.apple.UnifiedAssetFr count=0603 selector=UAF.FM.Overrides|com.apple.gm.safety_deny.input.foundation_models_framework.api.generic|32025010.20260122.91350.100.2043,0
time=2026-08-06_06:20:41 op=MOD_CLIENT_LOCK             client=com.apple.UnifiedAssetFr count=0602 selector=UAF.FM.Overrides|com.apple.fm.overrides.uaf.metadata|4.46.1.100.1297,0
time=2026-08-06_06:20:41 op=MOD_CLIENT_LOCK             client=com.apple.UnifiedAssetFr count=0601 selector=UAF.FM.Overrides|com.apple.gm.safety_embedding_deny.all.generic|32025010.20251002.91621.100.1632,0
time=2026-08-06_06:20:41 op=MOD_CLIENT_LOCK             client=com.apple.UnifiedAssetFr count=0600 selector=UAF.FM.Overrides|com.apple.gm.safety_deny.output.photos_memories.user_query.generic|32025010.20251009.91600.100.1651,0
time=2026-08-06_06:20:41 op=MOD_CLIENT_LOCK             client=com.apple.UnifiedAssetFr count=0599 selector=UAF.FM.Overrides|com.apple.gm.safety_deny.output.summarization.text_assistant.generic|32025010.20251009.91600.100.1651,0
time=2026-08-06_06:20:41 op=MOD_CLIENT_LOCK             client=com.apple.UnifiedAssetFr count=0598 selector=UAF.FM.Overrides|com.apple.gm.safety_deny.output.summarization.visual_prompt.generic|32025010.20251009.91600.100.1651,0
time=2026-08-06_06:20:41 op=MOD_CLIENT_LOCK             client=com.apple.UnifiedAssetFr count=0597 selector=UAF.FM.Overrides|com.apple.gm.safety_deny.input.ipi_classifier.generic|32025040.20251113.221333.100.1756,0
time=2026-08-06_06:20:41 op=MOD_CLIENT_LOCK             client=com.apple.UnifiedAssetFr count=0596 selector=UAF.FM.Overrides|com.apple.gm.safety_deny.output.open_ended_compose.composition.generic|32026000.20260402.190731.100.2535,0
time=2026-08-06_06:20:41 op=MOD_CLIENT_LOCK             client=com.apple.UnifiedAssetFr count=0595 selector=UAF.FM.Overrides|com.apple.gm.safety_deny.output.personalized_smart_reply.generic|32026000.20260625.173557.100.2946,0
time=2026-08-06_06:20:41 op=MOD_CLIENT_LOCK             client=com.apple.UnifiedAssetFr count=0594 selector=UAF.FM.Overrides|com.apple.gm.safety_deny.input.summarization.safari_tab_group_topic.generic|32026000.20260417.162402.100.2587,0
time=2026-08-06_06:20:41 op=MOD_CLIENT_LOCK             client=com.apple.UnifiedAssetFr count=0593 selector=UAF.FM.Overrides|com.apple.gm.safety_deny.output.photos_memories.story_title.generic|32025010.20251009.91600.100.1651,0
time=2026-08-06_06:20:41 op=MOD_CLIENT_LOCK             client=com.apple.UnifiedAssetFr count=0592 selector=UAF.FM.Overrides|com.apple.gm.safety_deny.input.friendly_tone.generic|32025010.20251009.91600.100.1651,0
time=2026-08-06_06:20:41 op=MOD_CLIENT_LOCK             client=com.apple.UnifiedAssetFr count=0591 selector=UAF.FM.Overrides|com.apple.gm.safety_deny.input.notification_coalescing.generic|32026000.20260402.190731.100.2535,0
time=2026-08-06_06:20:41 op=MOD_CLIENT_LOCK             client=com.apple.UnifiedAssetFr count=0590 selector=UAF.FM.Overrides|com.apple.gm.safety_deny.input.writing_question_answer.generic|32026000.20260402.190731.100.2535,0
time=2026-08-06_06:20:41 op=MOD_CLIENT_LOCK             client=com.apple.UnifiedAssetFr count=0589 selector=UAF.FM.Overrides|com.apple.gm.safety_deny.input.tables_transform.generic|32025010.20251009.91600.100.1651,0
time=2026-08-06_06:20:41 op=MOD_CLIENT_LOCK             client=com.apple.UnifiedAssetFr count=0588 selector=UAF.FM.Overrides|com.apple.gm.safety_deny.input.generative_assistant.media_qa.generic|32025010.20251009.91600.100.1651,0
time=2026-08-06_06:20:41 op=MOD_CLIENT_LOCK             client=com.apple.UnifiedAssetFr count=0587 selector=UAF.FM.Overrides|com.apple.gm.safety_deny.input.voice_control_ai_v2.generic|32026000.20260528.201230.100.2756,0
time=2026-08-06_06:20:41 op=MOD_CLIENT_LOCK             client=com.apple.UnifiedAssetFr count=0586 selector=UAF.FM.Overrides|com.apple.gm.safety_deny.output.magic_rewrite.generic|32025010.20251009.91600.100.1651,0
time=2026-08-06_06:20:41 op=MOD_CLIENT_LOCK             client=com.apple.UnifiedAssetFr count=0585 selector=UAF.FM.Overrides|com.apple.gm.safety_deny.output.writing_tools.compose.generic|32025010.20251009.91600.100.1651,0
time=2026-08-06_06:20:41 op=MOD_CLIENT_LOCK             client=com.apple.UnifiedAssetFr count=0584 selector=UAF.FM.Overrides|com.apple.gm.safety_deny.input.safari_magic_extensions.generic|32026000.20260402.190731.100.2535,0
time=2026-08-06_06:20:41 op=MOD_CLIENT_LOCK             client=com.apple.UnifiedAssetFr count=0583 selector=UAF.FM.Overrides|com.apple.gm.safety_deny.input.proofreading_review.generic|32025010.20251009.91600.100.1651,0
time=2026-08-06_06:20:41 op=MOD_CLIENT_LOCK             client=com.apple.UnifiedAssetFr count=0582 selector=UAF.FM.Overrides|com.apple.gm.safety_deny.input.clip_captioning.generic|32026000.20260402.190731.100.2535,0
time=2026-08-06_06:20:41 op=MOD_CLIENT_LOCK             client=com.apple.UnifiedAssetFr count=0581 selector=UAF.FM.Overrides|com.apple.gm.safety_deny.input.summarization.text_assistant.generic|32025010.20251009.91600.100.1651,0
time=2026-08-06_06:20:41 op=MOD_CLIENT_LOCK             client=com.apple.UnifiedAssetFr count=0580 selector=UAF.FM.Overrides|com.apple.gm.safety_deny.output.concise_tone.generic|32025010.20251009.91600.100.1651,0
time=2026-08-06_06:20:41 op=MOD_CLIENT_LOCK             client=com.apple.UnifiedAssetFr count=0579 selector=UAF.FM.Overrides|com.apple.gm.safety_deny.output.proofreading_review.generic|32025010.20251009.91600.100.1651,0
time=2026-08-06_06:20:41 op=MOD_CLIENT_LOCK             client=com.apple.UnifiedAssetFr count=0578 selector=UAF.FM.Overrides|com.apple.gm.safety_deny.input.semantic_search.generic|32026000.20260430.85508.100.2627,0
time=2026-08-06_06:20:41 op=MOD_CLIENT_LOCK             client=com.apple.UnifiedAssetFr count=0577 selector=UAF.FM.Overrides|com.apple.gm.safety_deny.output.generative_assistant.knowledge_fallback.generic|32025010.20251009.91600.100.1651,0
time=2026-08-06_06:20:41 op=MOD_CLIENT_LOCK             client=com.apple.UnifiedAssetFr count=0576 selector=UAF.FM.Overrides|com.apple.gm.safety_deny.input.writing_tools.compose_recents_summaries.generic|32025010.20251009.91600.100.1651,0
time=2026-08-06_06:20:41 op=MOD_CLIENT_LOCK             client=com.apple.UnifiedAssetFr count=0575 selector=UAF.FM.Overrides|com.apple.gm.safety_deny.input.summarization.visual_prompt.generic|32025010.20251009.91600.100.1651,0
time=2026-08-06_06:20:41 op=MOD_CLIENT_LOCK             client=com.apple.UnifiedAssetFr count=0574 selector=UAF.FM.Overrides|com.apple.gm.safety_deny.input.shortcuts_ask_afm_action_3b.generic|32025010.20260122.91350.100.2043,0
time=2026-08-06_06:20:41 op=MOD_CLIENT_LOCK             client=com.apple.UnifiedAssetFr count=0573 selector=UAF.FM.Overrides|com.apple.gm.safety_retain.output.structure_extraction_safety_word_list.generic|32025010.20251009.91600.100.1651,0
time=2026-08-06_06:20:41 op=MOD_CLIENT_LOCK             client=com.apple.UnifiedAssetFr count=0572 selector=UAF.FM.Overrides|com.apple.gm.safety_retain.output.proofreading_output_retain_list.generic|32025010.20251009.91600.100.1651,0
time=2026-08-06_06:20:41 op=MOD_CLIENT_LOCK             client=com.apple.UnifiedAssetFr count=0571 selector=UAF.FM.Overrides|com.apple.gm.safety_deny.output.friendly_tone.generic|32025010.20251009.91600.100.1651,0
time=2026-08-06_06:20:41 op=MOD_CLIENT_LOCK             client=com.apple.UnifiedAssetFr count=0570 selector=UAF.FM.Overrides|com.apple.gm.safety_deny.input.magic_rewrite.generic|32025010.20251009.91600.100.1651,0
time=2026-08-06_06:20:41 op=MOD_CLIENT_LOCK             client=com.apple.UnifiedAssetFr count=0569 selector=UAF.FM.Overrides|com.apple.gm.safety_deny.output.personalized_smart_reply.nicknames.generic|32026000.20260402.190731.100.2535,0
time=2026-08-06_06:20:41 op=MOD_CLIENT_LOCK             client=com.apple.UnifiedAssetFr count=0568 selector=UAF.FM.Overrides|com.apple.gm.safety_deny.input.visual_intelligence_nutrition.generic|32026000.20260402.190731.100.2535,0
time=2026-08-06_06:20:41 op=MOD_CLIENT_LOCK             client=com.apple.UnifiedAssetFr count=0567 selector=UAF.FM.Overrides|com.apple.gm.safety_deny.output.generative_shortcuts.generic|32025010.20251009.91600.100.1651,0
time=2026-08-06_06:20:41 op=MOD_CLIENT_LOCK             client=com.apple.UnifiedAssetFr count=0566 selector=UAF.FM.Overrides|com.apple.gm.safety_deny.output.photos_memories.sensitive.generic|32025010.20251016.135000.100.1681,0
time=2026-08-06_06:20:41 op=MOD_CLIENT_LOCK             client=com.apple.UnifiedAssetFr count=0565 selector=UAF.FM.Overrides|com.apple.gm.safety_deny.input.summarize_shortcuts.generic|32026000.20260625.173557.100.2946,0
time=2026-08-06_06:20:41 op=MOD_CLIENT_LOCK             client=com.apple.UnifiedAssetFr count=0564 selector=UAF.FM.Overrides|com.apple.gm.safety_deny.input.takeaways_transform.generic|32025010.20251009.91600.100.1651,0
time=2026-08-06_06:20:41 op=MOD_CLIENT_LOCK             client=com.apple.UnifiedAssetFr count=0563 selector=UAF.FM.Overrides|com.apple.gm.safety_deny.input.generative_assistant.knowledge_fallback.generic|32025010.20251009.91600.100.1651,0
time=2026-08-06_06:20:41 op=MOD_CLIENT_LOCK             client=com.apple.UnifiedAssetFr count=0562 selector=UAF.FM.Overrides|com.apple.gm.safety_deny.output.summarization.cu_summary.on_demand.generic|32025010.20260219.91347.100.2271,0
