time=2026-08-07_01:22:11 op=NEW                        
time=2026-08-07_01:22:11 op=MOD_CLIENT_LOCK             client=manager                  count=0472 selector=UAF.Speech.AutomaticSpeechRecognition|com.apple.speech.automaticspeechrecognition.uaf.metadata|4.46.1.13.102153,0
time=2026-08-07_01:22:11 op=MOD_CLIENT_LOCK             client=manager                  count=0473 selector=UAF.Speech.AutomaticSpeechRecognition|com.apple.speech.asr.language.identification|0.0.4.13.201972,0
time=2026-08-07_01:22:11 op=MOD_CLIENT_LOCK             client=manager                  count=0474 selector=setAtomicInstance:046F5F9B-4C9C-4B49-93B2-619BC325FE4B
time=2026-08-07_01:22:11 op=MOD_CLIENT_LOCK             client=com.apple.UnifiedAssetFr count=0473 selector=UAF.Speech.AutomaticSpeechRecognition|com.apple.speech.asr.transcription.en|3100.50007.81616.13.302863,0
time=2026-08-07_01:22:11 op=MOD_CLIENT_LOCK             client=com.apple.UnifiedAssetFr count=0472 selector=UAF.Speech.AutomaticSpeechRecognition|com.apple.speech.automaticspeechrecognition.uaf.metadata|4.46.1.13.102153,0
time=2026-08-07_01:22:11 op=MOD_CLIENT_LOCK             client=com.apple.UnifiedAssetFr count=0471 selector=UAF.Speech.AutomaticSpeechRecognition|com.apple.speech.asr.language.identification|0.0.4.13.201972,0
time=2026-08-07_01:22:11 op=MOD_CLIENT_LOCK             client=com.apple.UnifiedAssetFr count=0470 selector=setAtomicInstance:046F5F9B-4C9C-4B49-93B2-619BC325FE4B
time=2026-08-07_01:24:33 op=MOD_CLIENT_LOCK             client=IntelligentRoutingDaemon count=0471 selector=setAtomicInstance:A77D6E07-48D9-476C-BC1B-01EF13FA840C
time=2026-08-07_03:36:03 op=ADD_CLIENT_LOCK             client=eligibilityd:lockContent count=0472 selector=setAtomicInstance:55941F5D-50AC-48CD-B17C-485C28C18C00
time=2026-08-07_03:36:03 op=DEL_CLIENT_UNLOCK           client=com.apple.eligibilityd_e count=0471 selector=setAtomicInstance:55941F5D-50AC-48CD-B17C-485C28C18C00
time=2026-08-07_03:58:38 op=ADD_CLIENT_LOCK             client=eligibilityd:lockContent count=0472 selector=setAtomicInstance:55941F5D-50AC-48CD-B17C-485C28C18C00
time=2026-08-07_03:58:38 op=DEL_CLIENT_UNLOCK           client=com.apple.eligibilityd_e count=0471 selector=setAtomicInstance:55941F5D-50AC-48CD-B17C-485C28C18C00
time=2026-08-07_04:23:13 op=ADD_CLIENT_LOCK             client=eligibilityd:lockContent count=0472 selector=setAtomicInstance:55941F5D-50AC-48CD-B17C-485C28C18C00
time=2026-08-07_04:23:13 op=DEL_CLIENT_UNLOCK           client=com.apple.eligibilityd_e count=0471 selector=setAtomicInstance:55941F5D-50AC-48CD-B17C-485C28C18C00
time=2026-08-07_05:08:02 op=ADD_CLIENT_LOCK             client=eligibilityd:lockContent count=0472 selector=setAtomicInstance:55941F5D-50AC-48CD-B17C-485C28C18C00
time=2026-08-07_05:08:02 op=DEL_CLIENT_UNLOCK           client=com.apple.eligibilityd_e count=0471 selector=setAtomicInstance:55941F5D-50AC-48CD-B17C-485C28C18C00
time=2026-08-07_05:18:45 op=ADD_CLIENT_LOCK             client=eligibilityd:lockContent count=0472 selector=setAtomicInstance:55941F5D-50AC-48CD-B17C-485C28C18C00
time=2026-08-07_05:18:45 op=DEL_CLIENT_UNLOCK           client=com.apple.eligibilityd_e count=0471 selector=setAtomicInstance:55941F5D-50AC-48CD-B17C-485C28C18C00
time=2026-08-07_05:48:23 op=ADD_CLIENT_LOCK             client=eligibilityd:lockContent count=0472 selector=setAtomicInstance:55941F5D-50AC-48CD-B17C-485C28C18C00
time=2026-08-07_05:48:23 op=DEL_CLIENT_UNLOCK           client=com.apple.eligibilityd_e count=0471 selector=setAtomicInstance:55941F5D-50AC-48CD-B17C-485C28C18C00
time=2026-08-07_06:17:22 op=ADD_CLIENT_LOCK             client=eligibilityd:lockContent count=0472 selector=setAtomicInstance:55941F5D-50AC-48CD-B17C-485C28C18C00
time=2026-08-07_06:17:22 op=DEL_CLIENT_UNLOCK           client=com.apple.eligibilityd_e count=0471 selector=setAtomicInstance:55941F5D-50AC-48CD-B17C-485C28C18C00
time=2026-08-07_06:40:02 op=ADD_CLIENT_LOCK             client=eligibilityd:lockContent count=0472 selector=setAtomicInstance:55941F5D-50AC-48CD-B17C-485C28C18C00
time=2026-08-07_06:40:02 op=DEL_CLIENT_UNLOCK           client=com.apple.eligibilityd_e count=0471 selector=setAtomicInstance:55941F5D-50AC-48CD-B17C-485C28C18C00
time=2026-08-07_10:12:21 op=ADD_CLIENT_LOCK             client=eligibilityd:lockContent count=0472 selector=setAtomicInstance:55941F5D-50AC-48CD-B17C-485C28C18C00
time=2026-08-07_10:12:22 op=DEL_CLIENT_UNLOCK           client=com.apple.eligibilityd_e count=0471 selector=setAtomicInstance:55941F5D-50AC-48CD-B17C-485C28C18C00
time=2026-08-07_12:03:36 op=ADD_CLIENT_LOCK             client=eligibilityd:lockContent count=0472 selector=setAtomicInstance:55941F5D-50AC-48CD-B17C-485C28C18C00
time=2026-08-07_12:03:36 op=DEL_CLIENT_UNLOCK           client=com.apple.eligibilityd_e count=0471 selector=setAtomicInstance:55941F5D-50AC-48CD-B17C-485C28C18C00
time=2026-08-07_12:26:45 op=ADD_CLIENT_LOCK             client=eligibilityd:lockContent count=0472 selector=setAtomicInstance:55941F5D-50AC-48CD-B17C-485C28C18C00
time=2026-08-07_12:26:45 op=DEL_CLIENT_UNLOCK           client=com.apple.eligibilityd_e count=0471 selector=setAtomicInstance:55941F5D-50AC-48CD-B17C-485C28C18C00
time=2026-08-07_13:09:03 op=ADD_CLIENT_LOCK             client=eligibilityd:lockContent count=0472 selector=setAtomicInstance:55941F5D-50AC-48CD-B17C-485C28C18C00
time=2026-08-07_13:09:03 op=DEL_CLIENT_UNLOCK           client=com.apple.eligibilityd_e count=0471 selector=setAtomicInstance:55941F5D-50AC-48CD-B17C-485C28C18C00
time=2026-08-07_13:26:48 op=ADD_CLIENT_LOCK             client=eligibilityd:lockContent count=0472 selector=setAtomicInstance:55941F5D-50AC-48CD-B17C-485C28C18C00
time=2026-08-07_13:26:48 op=DEL_CLIENT_UNLOCK           client=com.apple.eligibilityd_e count=0471 selector=setAtomicInstance:55941F5D-50AC-48CD-B17C-485C28C18C00
time=2026-08-07_14:10:25 op=ADD_CLIENT_LOCK             client=eligibilityd:lockContent count=0472 selector=setAtomicInstance:55941F5D-50AC-48CD-B17C-485C28C18C00
time=2026-08-07_14:10:25 op=DEL_CLIENT_UNLOCK           client=com.apple.eligibilityd_e count=0471 selector=setAtomicInstance:55941F5D-50AC-48CD-B17C-485C28C18C00
time=2026-08-07_19:35:42 op=ADD_CLIENT_LOCK             client=eligibilityd:lockContent count=0472 selector=setAtomicInstance:55941F5D-50AC-48CD-B17C-485C28C18C00
time=2026-08-07_19:35:42 op=DEL_CLIENT_UNLOCK           client=com.apple.eligibilityd_e count=0471 selector=setAtomicInstance:55941F5D-50AC-48CD-B17C-485C28C18C00
time=2026-08-07_19:45:59 op=ADD_CLIENT_LOCK             client=eligibilityd:lockContent count=0472 selector=setAtomicInstance:55941F5D-50AC-48CD-B17C-485C28C18C00
time=2026-08-07_19:45:59 op=DEL_CLIENT_UNLOCK           client=com.apple.eligibilityd_e count=0471 selector=setAtomicInstance:55941F5D-50AC-48CD-B17C-485C28C18C00
time=2026-08-07_19:53:16 op=ADD_CLIENT_LOCK             client=eligibilityd:lockContent count=0472 selector=setAtomicInstance:55941F5D-50AC-48CD-B17C-485C28C18C00
time=2026-08-07_19:53:16 op=DEL_CLIENT_UNLOCK           client=com.apple.eligibilityd_e count=0471 selector=setAtomicInstance:55941F5D-50AC-48CD-B17C-485C28C18C00
time=2026-08-07_20:07:53 op=ADD_CLIENT_LOCK             client=eligibilityd:lockContent count=0472 selector=setAtomicInstance:55941F5D-50AC-48CD-B17C-485C28C18C00
time=2026-08-07_20:07:53 op=DEL_CLIENT_UNLOCK           client=com.apple.eligibilityd_e count=0471 selector=setAtomicInstance:55941F5D-50AC-48CD-B17C-485C28C18C00
time=2026-08-07_20:16:54 op=ADD_CLIENT_LOCK             client=eligibilityd:lockContent count=0472 selector=setAtomicInstance:55941F5D-50AC-48CD-B17C-485C28C18C00
time=2026-08-07_20:16:54 op=DEL_CLIENT_UNLOCK           client=com.apple.eligibilityd_e count=0471 selector=setAtomicInstance:55941F5D-50AC-48CD-B17C-485C28C18C00
time=2026-08-07_20:33:57 op=ADD_CLIENT_LOCK             client=eligibilityd:lockContent count=0472 selector=setAtomicInstance:55941F5D-50AC-48CD-B17C-485C28C18C00
time=2026-08-07_20:33:57 op=DEL_CLIENT_UNLOCK           client=com.apple.eligibilityd_e count=0471 selector=setAtomicInstance:55941F5D-50AC-48CD-B17C-485C28C18C00
time=2026-08-07_20:48:07 op=ADD_CLIENT_LOCK             client=eligibilityd:lockContent count=0472 selector=setAtomicInstance:55941F5D-50AC-48CD-B17C-485C28C18C00
time=2026-08-07_20:48:07 op=DEL_CLIENT_UNLOCK           client=com.apple.eligibilityd_e count=0471 selector=setAtomicInstance:55941F5D-50AC-48CD-B17C-485C28C18C00
time=2026-08-07_21:56:22 op=ADD_CLIENT_LOCK             client=eligibilityd:lockContent count=0472 selector=setAtomicInstance:55941F5D-50AC-48CD-B17C-485C28C18C00
time=2026-08-07_21:56:22 op=DEL_CLIENT_UNLOCK           client=com.apple.eligibilityd_e count=0471 selector=setAtomicInstance:55941F5D-50AC-48CD-B17C-485C28C18C00
time=2026-08-07_23:15:23 op=ADD_CLIENT_LOCK             client=eligibilityd:lockContent count=0472 selector=setAtomicInstance:55941F5D-50AC-48CD-B17C-485C28C18C00
time=2026-08-07_23:15:23 op=DEL_CLIENT_UNLOCK           client=com.apple.eligibilityd_e count=0471 selector=setAtomicInstance:55941F5D-50AC-48CD-B17C-485C28C18C00
time=2026-08-07_23:42:34 op=ADD_CLIENT_LOCK             client=eligibilityd:lockContent count=0472 selector=setAtomicInstance:55941F5D-50AC-48CD-B17C-485C28C18C00
time=2026-08-07_23:42:34 op=DEL_CLIENT_UNLOCK           client=com.apple.eligibilityd_e count=0471 selector=setAtomicInstance:55941F5D-50AC-48CD-B17C-485C28C18C00
time=2026-08-08_00:00:12 op=ADD_CLIENT_LOCK             client=eligibilityd:lockContent count=0472 selector=setAtomicInstance:55941F5D-50AC-48CD-B17C-485C28C18C00
time=2026-08-08_00:00:12 op=DEL_CLIENT_UNLOCK           client=com.apple.eligibilityd_e count=0471 selector=setAtomicInstance:55941F5D-50AC-48CD-B17C-485C28C18C00
time=2026-08-08_00:27:06 op=ADD_CLIENT_LOCK             client=eligibilityd:lockContent count=0472 selector=setAtomicInstance:55941F5D-50AC-48CD-B17C-485C28C18C00
time=2026-08-08_00:27:06 op=DEL_CLIENT_UNLOCK           client=com.apple.eligibilityd_e count=0471 selector=setAtomicInstance:55941F5D-50AC-48CD-B17C-485C28C18C00
time=2026-08-08_00:54:13 op=ADD_CLIENT_LOCK             client=eligibilityd:lockContent count=0472 selector=setAtomicInstance:55941F5D-50AC-48CD-B17C-485C28C18C00
time=2026-08-08_00:54:13 op=DEL_CLIENT_UNLOCK           client=com.apple.eligibilityd_e count=0471 selector=setAtomicInstance:55941F5D-50AC-48CD-B17C-485C28C18C00
time=2026-08-08_00:57:14 op=MOD_CLIENT_LOCK             client=trustd                   count=0472 selector=PKITrustStore|PKITrustStore|1.0.1.11.6270,0
time=2026-08-08_00:57:14 op=ADD_CLIENT_LOCK             client=eligibilityd:lockContent count=0473 selector=setAtomicInstance:55941F5D-50AC-48CD-B17C-485C28C18C00
time=2026-08-08_00:57:59 op=MOD_CLIENT_LOCK             client=trustd                   count=0474 selector=PKITrustStore|PKITrustStore|1.0.1.11.6270,0
time=2026-08-08_00:57:59 op=MOD_CLIENT_LOCK             client=eligibilityd:lockContent count=0475 selector=setAtomicInstance:55941F5D-50AC-48CD-B17C-485C28C18C00
time=2026-08-08_00:57:59 op=MOD_CLIENT_LOCK             client=com.apple.eligibilityd_e count=0474 selector=setAtomicInstance:55941F5D-50AC-48CD-B17C-485C28C18C00
time=2026-08-08_01:21:23 op=MOD_CLIENT_LOCK             client=trustd                   count=0475 selector=PKITrustStore|PKITrustStore|1.0.1.11.6270,0
time=2026-08-08_01:21:23 op=MOD_CLIENT_LOCK             client=eligibilityd:lockContent count=0476 selector=setAtomicInstance:55941F5D-50AC-48CD-B17C-485C28C18C00
time=2026-08-08_01:21:23 op=MOD_CLIENT_LOCK             client=com.apple.eligibilityd_e count=0475 selector=setAtomicInstance:55941F5D-50AC-48CD-B17C-485C28C18C00
time=2026-08-08_01:25:00 op=MOD_CLIENT_LOCK             client=trustd                   count=0476 selector=PKITrustStore|PKITrustStore|1.0.1.11.6270,0
time=2026-08-08_01:25:00 op=MOD_CLIENT_LOCK             client=eligibilityd:lockContent count=0477 selector=setAtomicInstance:55941F5D-50AC-48CD-B17C-485C28C18C00
time=2026-08-08_01:25:00 op=MOD_CLIENT_LOCK             client=com.apple.eligibilityd_e count=0476 selector=setAtomicInstance:55941F5D-50AC-48CD-B17C-485C28C18C00
time=2026-08-08_01:25:16 op=MOD_CLIENT_LOCK             client=IntelligentRoutingDaemon count=0477 selector=setAtomicInstance:A77D6E07-48D9-476C-BC1B-01EF13FA840C
time=2026-08-08_01:25:25 op=MOD_CLIENT_LOCK             client=manager                  count=0478 selector=UAF.Siri.TextToSpeech|com.apple.siri.tts.resource.en_US|1023.0.0.13.204554,0
time=2026-08-08_01:25:25 op=MOD_CLIENT_LOCK             client=manager                  count=0479 selector=UAF.Siri.TextToSpeech|com.apple.siri.tts.customvoice.global|5008.0.0.13.204542,0
time=2026-08-08_01:25:25 op=MOD_CLIENT_LOCK             client=manager                  count=0480 selector=UAF.Siri.TextToSpeech|com.apple.siri.tts.voice.ru_RU.yelena.neural.premium|1125.0.0.13.202392,0
time=2026-08-08_01:25:25 op=MOD_CLIENT_LOCK             client=manager                  count=0481 selector=UAF.Siri.TextToSpeech|com.apple.siri.tts.resource.ru_RU|283.0.0.13.202389,0
time=2026-08-08_01:25:25 op=ADD_CLIENT_LOCK             client=manager                  count=0482 asset=b7274506fdeb27b92683ee0371d08979c6b6e32a selector=UAF.Siri.TextToSpeech|com.apple.siri.tts.voice.en_US.damon.neural.premium|1301.0.0.13.202389,0
time=2026-08-08_01:25:25 op=ADD_CLIENT_LOCK             client=manager                  count=0483 asset=f06564b027302d03bf75db2370493909677cee55 selector=UAF.Siri.TextToSpeech|com.apple.siri.tts.voice.en_US.simone.neural.premium|1276.0.0.13.202389,0
time=2026-08-08_01:25:25 op=ADD_CLIENT_LOCK             client=manager                  count=0484 selector=setAtomicInstance:1E6EFD33-034B-4F5D-95BF-B754D2E91E00
time=2026-08-08_01:25:26 op=MOD_CLIENT_LOCK             client=com.apple.UnifiedAssetFr count=0483 selector=UAF.Siri.TextToSpeech|com.apple.siri.tts.resource.en_US|1023.0.0.13.204554,0
time=2026-08-08_01:25:26 op=MOD_CLIENT_LOCK             client=com.apple.UnifiedAssetFr count=0482 selector=UAF.Siri.TextToSpeech|com.apple.siri.tts.customvoice.global|5008.0.0.13.204542,0
time=2026-08-08_01:25:26 op=DEL_CLIENT_UNLOCK           client=com.apple.UnifiedAssetFr count=0481 selector=UAF.Siri.TextToSpeech|com.apple.siri.tts.voice.en_US.damon.natural.premium|5031.0.0.13.204317,0
time=2026-08-08_01:25:26 op=MOD_CLIENT_LOCK             client=com.apple.UnifiedAssetFr count=0480 selector=UAF.Siri.TextToSpeech|com.apple.siri.tts.resource.ru_RU|283.0.0.13.202389,0
time=2026-08-08_01:25:26 op=MOD_CLIENT_LOCK             client=com.apple.UnifiedAssetFr count=0479 selector=UAF.Siri.TextToSpeech|com.apple.siri.tts.voice.ru_RU.yelena.neural.premium|1125.0.0.13.202392,0
time=2026-08-08_01:25:26 op=DEL_CLIENT_UNLOCK           client=com.apple.UnifiedAssetFr count=0478 selector=setAtomicInstance:59B11048-135C-4E30-B785-B852EF4A7C3A
time=2026-08-08_01:25:56 op=MOD_CLIENT_LOCK             client=com.apple.UnifiedAssetFr count=0478 selector=UAF.Siri.TextToSpeech|com.apple.siri.tts.resource.en_US|1023.0.0.13.204554,0
time=2026-08-08_01:25:56 op=MOD_CLIENT_LOCK             client=com.apple.UnifiedAssetFr count=0478 selector=UAF.Siri.TextToSpeech|com.apple.siri.tts.customvoice.global|5008.0.0.13.204542,0
time=2026-08-08_01:25:56 op=MOD_CLIENT_LOCK             client=com.apple.UnifiedAssetFr count=0478 selector=UAF.Siri.TextToSpeech|com.apple.siri.tts.resource.ru_RU|283.0.0.13.202389,0
time=2026-08-08_01:25:56 op=MOD_CLIENT_LOCK             client=com.apple.UnifiedAssetFr count=0478 selector=UAF.Siri.TextToSpeech|com.apple.siri.tts.voice.ru_RU.yelena.neural.premium|1125.0.0.13.202392,0
time=2026-08-08_01:25:56 op=MOD_CLIENT_LOCK             client=com.apple.UnifiedAssetFr count=0478 selector=UAF.Siri.TextToSpeech|com.apple.siri.tts.resource.en_US|1023.0.0.13.204554,0
time=2026-08-08_01:25:56 op=MOD_CLIENT_LOCK             client=com.apple.UnifiedAssetFr count=0478 selector=UAF.Siri.TextToSpeech|com.apple.siri.tts.customvoice.global|5008.0.0.13.204542,0
time=2026-08-08_01:25:56 op=MOD_CLIENT_LOCK             client=com.apple.UnifiedAssetFr count=0478 selector=UAF.Siri.TextToSpeech|com.apple.siri.tts.resource.ru_RU|283.0.0.13.202389,0
time=2026-08-08_01:25:56 op=MOD_CLIENT_LOCK             client=com.apple.UnifiedAssetFr count=0478 selector=UAF.Siri.TextToSpeech|com.apple.siri.tts.voice.ru_RU.yelena.neural.premium|1125.0.0.13.202392,0
time=2026-08-08_01:26:01 op=MOD_CLIENT_LOCK             client=trustd                   count=0479 selector=PKITrustStore|PKITrustStore|1.0.1.11.6270,0
time=2026-08-08_01:26:01 op=MOD_CLIENT_LOCK             client=eligibilityd:lockContent count=0480 selector=setAtomicInstance:55941F5D-50AC-48CD-B17C-485C28C18C00
time=2026-08-08_01:26:02 op=MOD_CLIENT_LOCK             client=com.apple.eligibilityd_e count=0479 selector=setAtomicInstance:55941F5D-50AC-48CD-B17C-485C28C18C00
time=2026-08-08_01:26:09 op=MOD_CLIENT_LOCK             client=manager                  count=0480 selector=UAF.Siri.TextToSpeech|com.apple.siri.tts.resource.en_US|1023.0.0.13.204554,0
time=2026-08-08_01:26:09 op=MOD_CLIENT_LOCK             client=manager                  count=0481 selector=UAF.Siri.TextToSpeech|com.apple.siri.tts.customvoice.global|5008.0.0.13.204542,0
time=2026-08-08_01:26:09 op=ADD_CLIENT_LOCK             client=manager                  count=0482 asset=8a544b21445c279a2d8b31ad95b1fbd873342172 selector=UAF.Siri.TextToSpeech|com.apple.siri.tts.voice.en_US.damon.natural.premium|5031.0.0.13.204317,0
time=2026-08-08_01:26:09 op=MOD_CLIENT_LOCK             client=manager                  count=0483 selector=UAF.Siri.TextToSpeech|com.apple.siri.tts.voice.ru_RU.yelena.neural.premium|1125.0.0.13.202392,0
time=2026-08-08_01:26:09 op=MOD_CLIENT_LOCK             client=manager                  count=0484 selector=UAF.Siri.TextToSpeech|com.apple.siri.tts.resource.ru_RU|283.0.0.13.202389,0
time=2026-08-08_01:26:09 op=MOD_CLIENT_LOCK             client=manager                  count=0485 selector=UAF.Siri.TextToSpeech|com.apple.siri.tts.voice.en_US.simone.neural.premium|1276.0.0.13.202389,0
time=2026-08-08_01:26:09 op=ADD_CLIENT_LOCK             client=manager                  count=0486 selector=setAtomicInstance:64A48BE4-9AEB-4031-AE3B-492B42030520
time=2026-08-08_01:26:09 op=MOD_CLIENT_LOCK             client=com.apple.UnifiedAssetFr count=0485 selector=UAF.Siri.TextToSpeech|com.apple.siri.tts.resource.en_US|1023.0.0.13.204554,0
time=2026-08-08_01:26:09 op=MOD_CLIENT_LOCK             client=com.apple.UnifiedAssetFr count=0484 selector=UAF.Siri.TextToSpeech|com.apple.siri.tts.customvoice.global|5008.0.0.13.204542,0
time=2026-08-08_01:26:09 op=MOD_CLIENT_LOCK             client=com.apple.UnifiedAssetFr count=0483 selector=UAF.Siri.TextToSpeech|com.apple.siri.tts.voice.ru_RU.yelena.neural.premium|1125.0.0.13.202392,0
time=2026-08-08_01:26:09 op=MOD_CLIENT_LOCK             client=com.apple.UnifiedAssetFr count=0482 selector=UAF.Siri.TextToSpeech|com.apple.siri.tts.resource.ru_RU|283.0.0.13.202389,0
time=2026-08-08_01:26:09 op=DEL_CLIENT_UNLOCK           client=com.apple.UnifiedAssetFr count=0481 selector=UAF.Siri.TextToSpeech|com.apple.siri.tts.voice.en_US.damon.neural.premium|1301.0.0.13.202389,0
time=2026-08-08_01:26:09 op=MOD_CLIENT_LOCK             client=com.apple.UnifiedAssetFr count=0480 selector=UAF.Siri.TextToSpeech|com.apple.siri.tts.voice.en_US.simone.neural.premium|1276.0.0.13.202389,0
time=2026-08-08_01:26:09 op=DEL_CLIENT_UNLOCK           client=com.apple.UnifiedAssetFr count=0479 selector=setAtomicInstance:1E6EFD33-034B-4F5D-95BF-B754D2E91E00
time=2026-08-08_01:26:09 op=MOD_CLIENT_LOCK             client=manager                  count=0480 selector=UAF.Siri.TextToSpeech|com.apple.siri.tts.resource.en_US|1023.0.0.13.204554,0
time=2026-08-08_01:26:09 op=MOD_CLIENT_LOCK             client=manager                  count=0481 selector=UAF.Siri.TextToSpeech|com.apple.siri.tts.customvoice.global|5008.0.0.13.204542,0
time=2026-08-08_01:26:09 op=MOD_CLIENT_LOCK             client=manager                  count=0482 selector=UAF.Siri.TextToSpeech|com.apple.siri.tts.voice.en_US.damon.natural.premium|5031.0.0.13.204317,0
time=2026-08-08_01:26:09 op=MOD_CLIENT_LOCK             client=manager                  count=0483 selector=UAF.Siri.TextToSpeech|com.apple.siri.tts.voice.ru_RU.yelena.neural.premium|1125.0.0.13.202392,0
time=2026-08-08_01:26:09 op=MOD_CLIENT_LOCK             client=manager                  count=0484 selector=UAF.Siri.TextToSpeech|com.apple.siri.tts.resource.ru_RU|283.0.0.13.202389,0
time=2026-08-08_01:26:09 op=MOD_CLIENT_LOCK             client=manager                  count=0485 selector=UAF.Siri.TextToSpeech|com.apple.siri.tts.voice.en_US.simone.neural.premium|1276.0.0.13.202389,0
time=2026-08-08_01:26:09 op=MOD_CLIENT_LOCK             client=manager                  count=0486 selector=setAtomicInstance:64A48BE4-9AEB-4031-AE3B-492B42030520
time=2026-08-08_01:26:09 op=MOD_CLIENT_LOCK             client=com.apple.UnifiedAssetFr count=0485 selector=UAF.Siri.TextToSpeech|com.apple.siri.tts.resource.en_US|1023.0.0.13.204554,0
time=2026-08-08_01:26:09 op=MOD_CLIENT_LOCK             client=com.apple.UnifiedAssetFr count=0484 selector=UAF.Siri.TextToSpeech|com.apple.siri.tts.customvoice.global|5008.0.0.13.204542,0
time=2026-08-08_01:26:09 op=MOD_CLIENT_LOCK             client=com.apple.UnifiedAssetFr count=0483 selector=UAF.Siri.TextToSpeech|com.apple.siri.tts.voice.en_US.damon.natural.premium|5031.0.0.13.204317,0
time=2026-08-08_01:26:09 op=MOD_CLIENT_LOCK             client=com.apple.UnifiedAssetFr count=0482 selector=UAF.Siri.TextToSpeech|com.apple.siri.tts.voice.ru_RU.yelena.neural.premium|1125.0.0.13.202392,0
time=2026-08-08_01:26:09 op=MOD_CLIENT_LOCK             client=com.apple.UnifiedAssetFr count=0481 selector=UAF.Siri.TextToSpeech|com.apple.siri.tts.resource.ru_RU|283.0.0.13.202389,0
time=2026-08-08_01:26:09 op=MOD_CLIENT_LOCK             client=com.apple.UnifiedAssetFr count=0480 selector=UAF.Siri.TextToSpeech|com.apple.siri.tts.voice.en_US.simone.neural.premium|1276.0.0.13.202389,0
time=2026-08-08_01:26:09 op=MOD_CLIENT_LOCK             client=com.apple.UnifiedAssetFr count=0479 selector=setAtomicInstance:64A48BE4-9AEB-4031-AE3B-492B42030520
time=2026-08-08_01:26:19 op=MOD_CLIENT_LOCK             client=IntelligentRoutingDaemon count=0480 selector=setAtomicInstance:A77D6E07-48D9-476C-BC1B-01EF13FA840C
time=2026-08-08_01:27:31 op=MOD_CLIENT_LOCK             client=com.apple.UnifiedAssetFr count=0480 selector=UAF.Siri.TextToSpeech|com.apple.siri.tts.resource.en_US|1023.0.0.13.204554,0
time=2026-08-08_01:27:31 op=MOD_CLIENT_LOCK             client=com.apple.UnifiedAssetFr count=0480 selector=UAF.Siri.TextToSpeech|com.apple.siri.tts.customvoice.global|5008.0.0.13.204542,0
time=2026-08-08_01:27:31 op=MOD_CLIENT_LOCK             client=com.apple.UnifiedAssetFr count=0480 selector=UAF.Siri.TextToSpeech|com.apple.siri.tts.voice.ru_RU.yelena.neural.premium|1125.0.0.13.202392,0
time=2026-08-08_01:27:31 op=MOD_CLIENT_LOCK             client=com.apple.UnifiedAssetFr count=0480 selector=UAF.Siri.TextToSpeech|com.apple.siri.tts.resource.ru_RU|283.0.0.13.202389,0
time=2026-08-08_01:27:31 op=MOD_CLIENT_LOCK             client=com.apple.UnifiedAssetFr count=0480 selector=UAF.Siri.TextToSpeech|com.apple.siri.tts.voice.en_US.simone.neural.premium|1276.0.0.13.202389,0
time=2026-08-08_01:27:31 op=MOD_CLIENT_LOCK             client=com.apple.UnifiedAssetFr count=0480 selector=UAF.Siri.TextToSpeech|com.apple.siri.tts.resource.en_US|1023.0.0.13.204554,0
time=2026-08-08_01:27:31 op=MOD_CLIENT_LOCK             client=com.apple.UnifiedAssetFr count=0480 selector=UAF.Siri.TextToSpeech|com.apple.siri.tts.customvoice.global|5008.0.0.13.204542,0
time=2026-08-08_01:27:31 op=MOD_CLIENT_LOCK             client=com.apple.UnifiedAssetFr count=0480 selector=UAF.Siri.TextToSpeech|com.apple.siri.tts.voice.ru_RU.yelena.neural.premium|1125.0.0.13.202392,0
time=2026-08-08_01:27:31 op=MOD_CLIENT_LOCK             client=com.apple.UnifiedAssetFr count=0480 selector=UAF.Siri.TextToSpeech|com.apple.siri.tts.resource.ru_RU|283.0.0.13.202389,0
time=2026-08-08_01:27:31 op=MOD_CLIENT_LOCK             client=com.apple.UnifiedAssetFr count=0480 selector=UAF.Siri.TextToSpeech|com.apple.siri.tts.voice.en_US.simone.neural.premium|1276.0.0.13.202389,0
time=2026-08-08_01:27:33 op=MOD_CLIENT_LOCK             client=manager                  count=0481 selector=UAF.Siri.TextToSpeech|com.apple.siri.tts.resource.en_US|1023.0.0.13.204554,0
time=2026-08-08_01:27:33 op=MOD_CLIENT_LOCK             client=manager                  count=0482 selector=UAF.Siri.TextToSpeech|com.apple.siri.tts.voice.en_US.damon.natural.premium|5031.0.0.13.204317,0
time=2026-08-08_01:27:33 op=MOD_CLIENT_LOCK             client=manager                  count=0483 selector=UAF.Siri.TextToSpeech|com.apple.siri.tts.voice.en_US.simone.neural.premium|1276.0.0.13.202389,0
time=2026-08-08_01:27:33 op=MOD_CLIENT_LOCK             client=manager                  count=0484 selector=UAF.Siri.TextToSpeech|com.apple.siri.tts.voice.ru_RU.yelena.neural.premium|1125.0.0.13.202392,0
time=2026-08-08_01:27:33 op=MOD_CLIENT_LOCK             client=manager                  count=0485 selector=UAF.Siri.TextToSpeech|com.apple.siri.tts.customvoice.global|5008.0.0.13.204542,0
time=2026-08-08_01:27:33 op=MOD_CLIENT_LOCK             client=manager                  count=0486 selector=UAF.Siri.TextToSpeech|com.apple.siri.tts.resource.ru_RU|283.0.0.13.202389,0
time=2026-08-08_01:27:33 op=ADD_CLIENT_LOCK             client=manager                  count=0487 asset=232f2a1cef1a802992f57f19c13550beeafd0893 selector=UAF.Siri.TextToSpeech|com.apple.siri.tts.voice.en_US.simone.natural.premium|5029.0.0.13.202896,0
time=2026-08-08_01:27:33 op=ADD_CLIENT_LOCK             client=manager                  count=0488 selector=setAtomicInstance:3DD96057-49DA-4E4B-A29C-EF78273BC8E1
time=2026-08-08_01:27:33 op=MOD_CLIENT_LOCK             client=com.apple.UnifiedAssetFr count=0487 selector=UAF.Siri.TextToSpeech|com.apple.siri.tts.resource.en_US|1023.0.0.13.204554,0
time=2026-08-08_01:27:33 op=MOD_CLIENT_LOCK             client=com.apple.UnifiedAssetFr count=0486 selector=UAF.Siri.TextToSpeech|com.apple.siri.tts.customvoice.global|5008.0.0.13.204542,0
time=2026-08-08_01:27:33 op=MOD_CLIENT_LOCK             client=com.apple.UnifiedAssetFr count=0485 selector=UAF.Siri.TextToSpeech|com.apple.siri.tts.voice.en_US.damon.natural.premium|5031.0.0.13.204317,0
time=2026-08-08_01:27:33 op=MOD_CLIENT_LOCK             client=com.apple.UnifiedAssetFr count=0484 selector=UAF.Siri.TextToSpeech|com.apple.siri.tts.voice.ru_RU.yelena.neural.premium|1125.0.0.13.202392,0
time=2026-08-08_01:27:33 op=MOD_CLIENT_LOCK             client=com.apple.UnifiedAssetFr count=0483 selector=UAF.Siri.TextToSpeech|com.apple.siri.tts.resource.ru_RU|283.0.0.13.202389,0
time=2026-08-08_01:27:33 op=MOD_CLIENT_LOCK             client=com.apple.UnifiedAssetFr count=0482 selector=UAF.Siri.TextToSpeech|com.apple.siri.tts.voice.en_US.simone.neural.premium|1276.0.0.13.202389,0
time=2026-08-08_01:27:33 op=DEL_CLIENT_UNLOCK           client=com.apple.UnifiedAssetFr count=0481 selector=setAtomicInstance:64A48BE4-9AEB-4031-AE3B-492B42030520
time=2026-08-08_01:38:25 op=MOD_CLIENT_LOCK             client=manager                  count=0482 selector=UAF.Translation.Assets|com.apple.sequoia.asset.lid|23.4.1.13.203112,0
time=2026-08-08_01:38:25 op=MOD_CLIENT_LOCK             client=manager                  count=0483 selector=UAF.Translation.Assets|com.apple.sequoia.asset.config|23.4.1.13.203112,0
time=2026-08-08_01:38:25 op=MOD_CLIENT_LOCK             client=manager                  count=0484 selector=UAF.Translation.Assets|com.apple.sequoia.asset.endpointer|23.4.1.13.203112,0
time=2026-08-08_01:38:25 op=MOD_CLIENT_LOCK             client=manager                  count=0485 selector=UAF.Translation.Assets|com.apple.sequoia.asset.asr.en_US|23.4.1.13.203112,0
time=2026-08-08_01:38:25 op=MOD_CLIENT_LOCK             client=manager                  count=0486 selector=UAF.Translation.Assets|com.apple.sequoia.asset.pb.en|23.4.1.13.203112,0
time=2026-08-08_01:38:26 op=MOD_CLIENT_LOCK             client=manager                  count=0487 selector=setAtomicInstance:A1C3A1B2-6339-48FE-87CD-BD06C262A91C
time=2026-08-08_01:38:26 op=MOD_CLIENT_LOCK             client=com.apple.UnifiedAssetFr count=0486 selector=UAF.Translation.Assets|com.apple.sequoia.asset.lid|23.4.1.13.203112,0
time=2026-08-08_01:38:26 op=MOD_CLIENT_LOCK             client=com.apple.UnifiedAssetFr count=0485 selector=UAF.Translation.Assets|com.apple.sequoia.asset.config|23.4.1.13.203112,0
time=2026-08-08_01:38:26 op=MOD_CLIENT_LOCK             client=com.apple.UnifiedAssetFr count=0484 selector=UAF.Translation.Assets|com.apple.sequoia.asset.endpointer|23.4.1.13.203112,0
time=2026-08-08_01:38:26 op=MOD_CLIENT_LOCK             client=com.apple.UnifiedAssetFr count=0483 selector=UAF.Translation.Assets|com.apple.sequoia.asset.asr.en_US|23.4.1.13.203112,0
time=2026-08-08_01:38:26 op=MOD_CLIENT_LOCK             client=com.apple.UnifiedAssetFr count=0482 selector=UAF.Translation.Assets|com.apple.sequoia.asset.pb.en|23.4.1.13.203112,0
time=2026-08-08_01:38:26 op=MOD_CLIENT_LOCK             client=com.apple.UnifiedAssetFr count=0481 selector=setAtomicInstance:A1C3A1B2-6339-48FE-87CD-BD06C262A91C
time=2026-08-08_01:38:29 op=MOD_CLIENT_LOCK             client=manager                  count=0482 selector=UAF.FM.Visual|com.apple.fm.visual.image_diffusion_v1.sketch|10.5000.0.13.102206,0
time=2026-08-08_01:38:29 op=MOD_CLIENT_LOCK             client=manager                  count=0483 selector=UAF.FM.Visual|com.apple.fm.visual.image_diffusion_v1.style_scribble|10.5000.0.13.102206,0
time=2026-08-08_01:38:29 op=MOD_CLIENT_LOCK             client=manager                  count=0484 selector=UAF.FM.Visual|com.apple.fm.visual.uaf.metadata|4.46.1.13.101737,0
time=2026-08-08_01:38:29 op=MOD_CLIENT_LOCK             client=manager                  count=0485 selector=UAF.FM.Visual|com.apple.fm.visual.imageplayground.curatedprompts|1.0.4.13.101896,0
time=2026-08-08_01:38:29 op=MOD_CLIENT_LOCK             client=manager                  count=0486 selector=UAF.FM.Visual|com.apple.fm.visual.image_diffusion_v1.personalized_illustration|10.5000.0.13.102206,0
time=2026-08-08_01:38:29 op=MOD_CLIENT_LOCK             client=manager                  count=0487 selector=UAF.FM.Visual|com.apple.fm.visual.image_diffusion_v1.illustration|10.5000.0.13.102206,0
time=2026-08-08_01:38:29 op=MOD_CLIENT_LOCK             client=manager                  count=0488 selector=UAF.FM.Visual|com.apple.fm.visual.image_diffusion_v1.personalized_emoji|10.5000.0.13.102206,0
time=2026-08-08_01:38:29 op=MOD_CLIENT_LOCK             client=manager                  count=0489 selector=UAF.FM.Visual|com.apple.fm.visual.image_diffusion_v1.emoji|10.5000.0.13.102206,0
time=2026-08-08_01:38:29 op=MOD_CLIENT_LOCK             client=manager                  count=0490 selector=UAF.FM.Visual|com.apple.fm.visual.image_diffusion_v1.personalized_sketch|10.5000.0.13.102206,0
time=2026-08-08_01:38:29 op=MOD_CLIENT_LOCK             client=manager                  count=0491 selector=UAF.FM.Visual|com.apple.fm.visual.image_diffusion_v1.base|10.5000.81616.13.204122,0
time=2026-08-08_01:38:29 op=MOD_CLIENT_LOCK             client=manager                  count=0492 selector=UAF.FM.Visual|com.apple.fm.visual.image_diffusion_v1.animation|10.5000.0.13.102206,0
time=2026-08-08_01:38:29 op=MOD_CLIENT_LOCK             client=manager                  count=0493 selector=UAF.FM.Visual|com.apple.gm.safety_deny.input.visual_generation.safety.generic|0.0.18.13.102938,0
time=2026-08-08_01:38:29 op=MOD_CLIENT_LOCK             client=manager                  count=0494 selector=UAF.FM.Visual|com.apple.fm.visual.image_diffusion_v1.personalized_animation|10.5000.0.13.102206,0
time=2026-08-08_01:38:29 op=MOD_CLIENT_LOCK             client=manager                  count=0495 selector=UAF.FM.Visual|com.apple.fm.visual.understanding.conditioning|10.5000.0.13.102206,0
time=2026-08-08_01:38:29 op=MOD_CLIENT_LOCK             client=manager                  count=0496 selector=UAF.FM.Visual|com.apple.fm.visual.imagescaler.upscaler|1.3.1.13.101896,0
time=2026-08-08_01:38:29 op=MOD_CLIENT_LOCK             client=manager                  count=0497 selector=UAF.FM.Visual|com.apple.fm.visual.image_diffusion_v1.messages_backgrounds|10.5000.0.13.102206,0
time=2026-08-08_01:38:29 op=MOD_CLIENT_LOCK             client=manager                  count=0498 selector=UAF.FM.Visual|com.apple.gm.prompt_allow_list.input.delta_lexicon.generic|0.0.1.13.102304,0
time=2026-08-08_01:38:29 op=MOD_CLIENT_LOCK             client=manager                  count=0499 selector=setAtomicInstance:EEDE12F6-E051-42F5-AD34-094CE7BD35CE
time=2026-08-08_01:38:30 op=MOD_CLIENT_LOCK             client=com.apple.UnifiedAssetFr count=0498 selector=UAF.FM.Visual|com.apple.fm.visual.image_diffusion_v1.sketch|10.5000.0.13.102206,0
time=2026-08-08_01:38:30 op=MOD_CLIENT_LOCK             client=com.apple.UnifiedAssetFr count=0497 selector=UAF.FM.Visual|com.apple.fm.visual.image_diffusion_v1.style_scribble|10.5000.0.13.102206,0
time=2026-08-08_01:38:30 op=MOD_CLIENT_LOCK             client=com.apple.UnifiedAssetFr count=0496 selector=UAF.FM.Visual|com.apple.fm.visual.uaf.metadata|4.46.1.13.101737,0
time=2026-08-08_01:38:31 op=MOD_CLIENT_LOCK             client=com.apple.UnifiedAssetFr count=0495 selector=UAF.FM.Visual|com.apple.fm.visual.imageplayground.curatedprompts|1.0.4.13.101896,0
time=2026-08-08_01:38:31 op=MOD_CLIENT_LOCK             client=com.apple.UnifiedAssetFr count=0494 selector=UAF.FM.Visual|com.apple.fm.visual.image_diffusion_v1.personalized_illustration|10.5000.0.13.102206,0
time=2026-08-08_01:38:32 op=MOD_CLIENT_LOCK             client=com.apple.UnifiedAssetFr count=0493 selector=UAF.FM.Visual|com.apple.fm.visual.image_diffusion_v1.illustration|10.5000.0.13.102206,0
time=2026-08-08_01:38:32 op=MOD_CLIENT_LOCK             client=com.apple.UnifiedAssetFr count=0492 selector=UAF.FM.Visual|com.apple.fm.visual.image_diffusion_v1.personalized_emoji|10.5000.0.13.102206,0
time=2026-08-08_01:38:32 op=MOD_CLIENT_LOCK             client=com.apple.UnifiedAssetFr count=0491 selector=UAF.FM.Visual|com.apple.fm.visual.image_diffusion_v1.emoji|10.5000.0.13.102206,0
time=2026-08-08_01:38:33 op=MOD_CLIENT_LOCK             client=com.apple.UnifiedAssetFr count=0490 selector=UAF.FM.Visual|com.apple.fm.visual.image_diffusion_v1.personalized_sketch|10.5000.0.13.102206,0
time=2026-08-08_01:38:33 op=MOD_CLIENT_LOCK             client=com.apple.UnifiedAssetFr count=0489 selector=UAF.FM.Visual|com.apple.fm.visual.image_diffusion_v1.base|10.5000.81616.13.204122,0
time=2026-08-08_01:38:33 op=MOD_CLIENT_LOCK             client=com.apple.UnifiedAssetFr count=0488 selector=UAF.FM.Visual|com.apple.fm.visual.image_diffusion_v1.animation|10.5000.0.13.102206,0
time=2026-08-08_01:38:33 op=MOD_CLIENT_LOCK             client=com.apple.UnifiedAssetFr count=0487 selector=UAF.FM.Visual|com.apple.gm.safety_deny.input.visual_generation.safety.generic|0.0.18.13.102938,0
time=2026-08-08_01:38:33 op=MOD_CLIENT_LOCK             client=com.apple.UnifiedAssetFr count=0486 selector=UAF.FM.Visual|com.apple.fm.visual.image_diffusion_v1.personalized_animation|10.5000.0.13.102206,0
time=2026-08-08_01:38:33 op=MOD_CLIENT_LOCK             client=com.apple.UnifiedAssetFr count=0485 selector=UAF.FM.Visual|com.apple.fm.visual.understanding.conditioning|10.5000.0.13.102206,0
time=2026-08-08_01:38:33 op=MOD_CLIENT_LOCK             client=com.apple.UnifiedAssetFr count=0484 selector=UAF.FM.Visual|com.apple.fm.visual.imagescaler.upscaler|1.3.1.13.101896,0
time=2026-08-08_01:38:33 op=MOD_CLIENT_LOCK             client=com.apple.UnifiedAssetFr count=0483 selector=UAF.FM.Visual|com.apple.fm.visual.image_diffusion_v1.messages_backgrounds|10.5000.0.13.102206,0
time=2026-08-08_01:38:33 op=MOD_CLIENT_LOCK             client=com.apple.UnifiedAssetFr count=0482 selector=UAF.FM.Visual|com.apple.gm.prompt_allow_list.input.delta_lexicon.generic|0.0.1.13.102304,0
time=2026-08-08_01:38:33 op=MOD_CLIENT_LOCK             client=com.apple.UnifiedAssetFr count=0481 selector=setAtomicInstance:EEDE12F6-E051-42F5-AD34-094CE7BD35CE
time=2026-08-08_01:38:34 op=MOD_CLIENT_LOCK             client=manager                  count=0482 selector=UAF.IF.PlannerOverrides|com.apple.if.planner.response_generation.regulatoryOverrides.US|6000000.1.0.100.1748,0
time=2026-08-08_01:38:34 op=MOD_CLIENT_LOCK             client=manager                  count=0483 selector=UAF.IF.PlannerOverrides|com.apple.if.planner.response_generation.catalog.generic|4500000.0.1.100.2165,0
time=2026-08-08_01:38:34 op=MOD_CLIENT_LOCK             client=manager                  count=0484 selector=UAF.IF.PlannerOverrides|com.apple.if.planner.skimmer.flows.en_US|5000000.127.0.100.2549,0
time=2026-08-08_01:38:34 op=MOD_CLIENT_LOCK             client=manager                  count=0485 selector=UAF.IF.PlannerOverrides|com.apple.if.planner.response_generation.overrides.en_GB|6000000.1.0.100.1746,0
time=2026-08-08_01:38:34 op=MOD_CLIENT_LOCK             client=manager                  count=0486 selector=UAF.IF.PlannerOverrides|com.apple.if.planner.response_generation.regulatoryOverrides.GB|6000000.1.0.100.1747,0
time=2026-08-08_01:38:34 op=MOD_CLIENT_LOCK             client=manager                  count=0487 selector=UAF.IF.PlannerOverrides|com.apple.if.planner.response_generation.overrides.en_US|6000000.22.0.100.2800,0
time=2026-08-08_01:38:34 op=MOD_CLIENT_LOCK             client=manager                  count=0488 selector=UAF.IF.PlannerOverrides|com.apple.if.planner.overrides.uaf.metadata|4.46.1.100.1307,0
time=2026-08-08_01:38:34 op=MOD_CLIENT_LOCK             client=manager                  count=0489 selector=UAF.IF.PlannerOverrides|com.apple.if.planner.patches.en_US|36000000.144005.3.100.3021,0
time=2026-08-08_01:38:34 op=MOD_CLIENT_LOCK             client=manager                  count=0490 selector=UAF.IF.PlannerOverrides|com.apple.if.planner.nlrouter.overrides.en_US|5000000.1779241428.0.100.2741,0
time=2026-08-08_01:38:34 op=MOD_CLIENT_LOCK             client=manager                  count=0491 selector=setAtomicInstance:F4530865-E82F-4AC3-BF5A-F9EE0D66607C
time=2026-08-08_01:38:34 op=MOD_CLIENT_LOCK             client=com.apple.UnifiedAssetFr count=0490 selector=UAF.IF.PlannerOverrides|com.apple.if.planner.response_generation.regulatoryOverrides.US|6000000.1.0.100.1748,0
time=2026-08-08_01:38:34 op=MOD_CLIENT_LOCK             client=com.apple.UnifiedAssetFr count=0489 selector=UAF.IF.PlannerOverrides|com.apple.if.planner.response_generation.catalog.generic|4500000.0.1.100.2165,0
time=2026-08-08_01:38:35 op=MOD_CLIENT_LOCK             client=com.apple.UnifiedAssetFr count=0488 selector=UAF.IF.PlannerOverrides|com.apple.if.planner.skimmer.flows.en_US|5000000.127.0.100.2549,0
time=2026-08-08_01:38:35 op=MOD_CLIENT_LOCK             client=com.apple.UnifiedAssetFr count=0487 selector=UAF.IF.PlannerOverrides|com.apple.if.planner.response_generation.overrides.en_GB|6000000.1.0.100.1746,0
time=2026-08-08_01:38:35 op=MOD_CLIENT_LOCK             client=com.apple.UnifiedAssetFr count=0486 selector=UAF.IF.PlannerOverrides|com.apple.if.planner.response_generation.regulatoryOverrides.GB|6000000.1.0.100.1747,0
time=2026-08-08_01:38:35 op=MOD_CLIENT_LOCK             client=com.apple.UnifiedAssetFr count=0485 selector=UAF.IF.PlannerOverrides|com.apple.if.planner.response_generation.overrides.en_US|6000000.22.0.100.2800,0
time=2026-08-08_01:38:35 op=MOD_CLIENT_LOCK             client=com.apple.UnifiedAssetFr count=0484 selector=UAF.IF.PlannerOverrides|com.apple.if.planner.overrides.uaf.metadata|4.46.1.100.1307,0
time=2026-08-08_01:38:36 op=MOD_CLIENT_LOCK             client=com.apple.UnifiedAssetFr count=0483 selector=UAF.IF.PlannerOverrides|com.apple.if.planner.patches.en_US|36000000.144005.3.100.3021,0
time=2026-08-08_01:38:36 op=MOD_CLIENT_LOCK             client=com.apple.UnifiedAssetFr count=0482 selector=UAF.IF.PlannerOverrides|com.apple.if.planner.nlrouter.overrides.en_US|5000000.1779241428.0.100.2741,0
time=2026-08-08_01:38:36 op=MOD_CLIENT_LOCK             client=com.apple.UnifiedAssetFr count=0481 selector=setAtomicInstance:F4530865-E82F-4AC3-BF5A-F9EE0D66607C
time=2026-08-08_01:38:37 op=MOD_CLIENT_LOCK             client=manager                  count=0482 selector=UAF.DeviceCheck|com.apple.devicecheck.uaf.metadata|4.46.1.13.102767,0
time=2026-08-08_01:38:37 op=MOD_CLIENT_LOCK             client=manager                  count=0483 selector=UAF.DeviceCheck|com.apple.devicecheck.two.bit|270.0.1.13.102793,0
time=2026-08-08_01:38:37 op=MOD_CLIENT_LOCK             client=manager                  count=0484 selector=setAtomicInstance:B95C098D-F50F-4AC3-BEC5-2F9CC66B30D4
time=2026-08-08_01:38:38 op=MOD_CLIENT_LOCK             client=com.apple.UnifiedAssetFr count=0483 selector=UAF.DeviceCheck|com.apple.devicecheck.uaf.metadata|4.46.1.13.102767,0
time=2026-08-08_01:38:38 op=MOD_CLIENT_LOCK             client=com.apple.UnifiedAssetFr count=0482 selector=UAF.DeviceCheck|com.apple.devicecheck.two.bit|270.0.1.13.102793,0
time=2026-08-08_01:38:38 op=MOD_CLIENT_LOCK             client=com.apple.UnifiedAssetFr count=0481 selector=setAtomicInstance:B95C098D-F50F-4AC3-BEC5-2F9CC66B30D4
time=2026-08-08_01:38:38 op=MOD_CLIENT_LOCK             client=manager                  count=0482 selector=UAF.CoreMotion.IMUFoundationModel|com.apple.fm.coremotion.imu_v1.base.generic|0.0.2.13.101920,0
time=2026-08-08_01:38:38 op=MOD_CLIENT_LOCK             client=manager                  count=0483 selector=UAF.CoreMotion.IMUFoundationModel|com.apple.fm.coremotion.calorimetry_fm_predicted_wrmets_v1.adaptor.generic|0.0.3.13.101920,0
time=2026-08-08_01:38:38 op=MOD_CLIENT_LOCK             client=manager                  count=0484 selector=UAF.CoreMotion.IMUFoundationModel|com.apple.fm.coremotion.calorimetry_reduced_embeddings.adaptor.generic|0.0.1.13.101920,0
time=2026-08-08_01:38:38 op=MOD_CLIENT_LOCK             client=manager                  count=0485 selector=setAtomicInstance:AD6BEA1A-E71E-48F8-9A61-3F58A20473BB
time=2026-08-08_01:38:38 op=MOD_CLIENT_LOCK             client=com.apple.UnifiedAssetFr count=0484 selector=UAF.CoreMotion.IMUFoundationModel|com.apple.fm.coremotion.imu_v1.base.generic|0.0.2.13.101920,0
time=2026-08-08_01:38:38 op=MOD_CLIENT_LOCK             client=com.apple.UnifiedAssetFr count=0483 selector=UAF.CoreMotion.IMUFoundationModel|com.apple.fm.coremotion.calorimetry_fm_predicted_wrmets_v1.adaptor.generic|0.0.3.13.101920,0
time=2026-08-08_01:38:39 op=MOD_CLIENT_LOCK             client=com.apple.UnifiedAssetFr count=0482 selector=UAF.CoreMotion.IMUFoundationModel|com.apple.fm.coremotion.calorimetry_reduced_embeddings.adaptor.generic|0.0.1.13.101920,0
time=2026-08-08_01:38:39 op=MOD_CLIENT_LOCK             client=com.apple.UnifiedAssetFr count=0481 selector=setAtomicInstance:AD6BEA1A-E71E-48F8-9A61-3F58A20473BB
time=2026-08-08_01:38:39 op=MOD_CLIENT_LOCK             client=manager                  count=0482 selector=UAF.Handwriting.Synthesis|com.apple.handwriting.synthesis.uaf.metadata|4.46.1.13.101736,0
time=2026-08-08_01:38:39 op=MOD_CLIENT_LOCK             client=manager                  count=0483 selector=UAF.Handwriting.Synthesis|com.apple.fm.handwriting.synthesis_multilingual.generic|1.32.81616.13.204054,0
time=2026-08-08_01:38:39 op=MOD_CLIENT_LOCK             client=manager                  count=0484 selector=setAtomicInstance:A129A8E3-FCA0-40BA-905E-F90FB805E498
time=2026-08-08_01:39:01 op=MOD_CLIENT_LOCK             client=com.apple.UnifiedAssetFr count=0483 selector=UAF.Handwriting.Synthesis|com.apple.handwriting.synthesis.uaf.metadata|4.46.1.13.101736,0
time=2026-08-08_01:39:04 op=MOD_CLIENT_LOCK             client=com.apple.UnifiedAssetFr count=0482 selector=UAF.Handwriting.Synthesis|com.apple.fm.handwriting.synthesis_multilingual.generic|1.32.81616.13.204054,0
time=2026-08-08_01:39:09 op=MOD_CLIENT_LOCK             client=com.apple.UnifiedAssetFr count=0481 selector=setAtomicInstance:A129A8E3-FCA0-40BA-905E-F90FB805E498
time=2026-08-08_01:39:12 op=MOD_CLIENT_LOCK             client=manager                  count=0482 selector=UAF.Siri.FindMyConfigurationFiles|com.apple.siri.findmy.primary_device_files|0.2.6.13.102943,0
time=2026-08-08_01:39:12 op=MOD_CLIENT_LOCK             client=manager                  count=0483 selector=setAtomicInstance:B96F49B8-1F7C-468C-90DF-422CF1360BA4
time=2026-08-08_01:39:13 op=MOD_CLIENT_LOCK             client=com.apple.UnifiedAssetFr count=0482 selector=UAF.Siri.FindMyConfigurationFiles|com.apple.siri.findmy.primary_device_files|0.2.6.13.102943,0
time=2026-08-08_01:39:13 op=MOD_CLIENT_LOCK             client=com.apple.UnifiedAssetFr count=0481 selector=setAtomicInstance:B96F49B8-1F7C-468C-90DF-422CF1360BA4
time=2026-08-08_01:39:13 op=MOD_CLIENT_LOCK             client=manager                  count=0482 selector=UAF.Siri.TextToSpeech|com.apple.siri.tts.resource.en_US|1023.0.0.13.204554,0
time=2026-08-08_01:39:13 op=MOD_CLIENT_LOCK             client=manager                  count=0483 selector=UAF.Siri.TextToSpeech|com.apple.siri.tts.voice.en_US.damon.natural.premium|5031.0.0.13.204317,0
time=2026-08-08_01:39:13 op=MOD_CLIENT_LOCK             client=manager                  count=0484 selector=UAF.Siri.TextToSpeech|com.apple.siri.tts.voice.en_US.simone.neural.premium|1276.0.0.13.202389,0
time=2026-08-08_01:39:13 op=MOD_CLIENT_LOCK             client=manager                  count=0485 selector=UAF.Siri.TextToSpeech|com.apple.siri.tts.voice.ru_RU.yelena.neural.premium|1125.0.0.13.202392,0
time=2026-08-08_01:39:13 op=MOD_CLIENT_LOCK             client=manager                  count=0486 selector=UAF.Siri.TextToSpeech|com.apple.siri.tts.customvoice.global|5008.0.0.13.204542,0
time=2026-08-08_01:39:13 op=MOD_CLIENT_LOCK             client=manager                  count=0487 selector=UAF.Siri.TextToSpeech|com.apple.siri.tts.resource.ru_RU|283.0.0.13.202389,0
time=2026-08-08_01:39:13 op=MOD_CLIENT_LOCK             client=manager                  count=0488 selector=UAF.Siri.TextToSpeech|com.apple.siri.tts.voice.en_US.simone.natural.premium|5029.0.0.13.202896,0
time=2026-08-08_01:39:13 op=MOD_CLIENT_LOCK             client=manager                  count=0489 selector=setAtomicInstance:3DD96057-49DA-4E4B-A29C-EF78273BC8E1
time=2026-08-08_01:39:13 op=MOD_CLIENT_LOCK             client=com.apple.UnifiedAssetFr count=0488 selector=UAF.Siri.TextToSpeech|com.apple.siri.tts.resource.en_US|1023.0.0.13.204554,0
time=2026-08-08_01:39:13 op=MOD_CLIENT_LOCK             client=com.apple.UnifiedAssetFr count=0487 selector=UAF.Siri.TextToSpeech|com.apple.siri.tts.voice.en_US.damon.natural.premium|5031.0.0.13.204317,0
time=2026-08-08_01:39:13 op=MOD_CLIENT_LOCK             client=com.apple.UnifiedAssetFr count=0486 selector=UAF.Siri.TextToSpeech|com.apple.siri.tts.voice.en_US.simone.neural.premium|1276.0.0.13.202389,0
time=2026-08-08_01:39:13 op=MOD_CLIENT_LOCK             client=com.apple.UnifiedAssetFr count=0485 selector=UAF.Siri.TextToSpeech|com.apple.siri.tts.voice.ru_RU.yelena.neural.premium|1125.0.0.13.202392,0
time=2026-08-08_01:39:13 op=MOD_CLIENT_LOCK             client=com.apple.UnifiedAssetFr count=0484 selector=UAF.Siri.TextToSpeech|com.apple.siri.tts.customvoice.global|5008.0.0.13.204542,0
time=2026-08-08_01:39:13 op=MOD_CLIENT_LOCK             client=com.apple.UnifiedAssetFr count=0483 selector=UAF.Siri.TextToSpeech|com.apple.siri.tts.resource.ru_RU|283.0.0.13.202389,0
time=2026-08-08_01:39:13 op=MOD_CLIENT_LOCK             client=com.apple.UnifiedAssetFr count=0482 selector=UAF.Siri.TextToSpeech|com.apple.siri.tts.voice.en_US.simone.natural.premium|5029.0.0.13.202896,0
time=2026-08-08_01:39:13 op=MOD_CLIENT_LOCK             client=com.apple.UnifiedAssetFr count=0481 selector=setAtomicInstance:3DD96057-49DA-4E4B-A29C-EF78273BC8E1
time=2026-08-08_01:39:16 op=MOD_CLIENT_LOCK             client=manager                  count=0482 selector=UAF.FM.GenerativeModels|com.apple.gm.server.instruct_server_v1.stx_multimodal.generic|12.20.0.13.202548,0
time=2026-08-08_01:39:16 op=MOD_CLIENT_LOCK             client=manager                  count=0483 selector=UAF.FM.GenerativeModels|com.apple.fm.language.instruct_3b.auto_tagger.generic|12.0.0.13.101733,0
time=2026-08-08_01:39:16 op=MOD_CLIENT_LOCK             client=manager                  count=0484 selector=UAF.FM.GenerativeModels|com.apple.fm.language.instruct_3b.fm_api_generic.generic|14.3.0.13.103052,0
time=2026-08-08_01:39:16 op=MOD_CLIENT_LOCK             client=manager                  count=0485 selector=UAF.FM.GenerativeModels|com.apple.fm.language.instruct_3b.image_playground_edit_suggestions.draft.generic|14.4.81620.13.204532,0
time=2026-08-08_01:39:16 op=MOD_CLIENT_LOCK             client=manager                  count=0486 selector=UAF.FM.GenerativeModels|com.apple.fm.language.instruct_3b.holdassistwaittime.adapter_metadata_override.generic|14.0.0.13.204214,0
time=2026-08-08_01:39:16 op=MOD_CLIENT_LOCK             client=manager                  count=0487 selector=UAF.FM.GenerativeModels|com.apple.fm.language.instruct_300m.open_ended_extract.draft.generic|14.6.81620.13.204618,0
time=2026-08-08_01:39:16 op=MOD_CLIENT_LOCK             client=manager                  count=0488 selector=UAF.FM.GenerativeModels|com.apple.fm.language.instruct_3b.proofreading_review.draft.generic|14.3.81620.13.204588,0
time=2026-08-08_01:39:16 op=MOD_CLIENT_LOCK             client=manager                  count=0489 selector=UAF.FM.GenerativeModels|com.apple.gm.server.instruct_server_v1.open_ended_tone.generic|12.24.0.13.202614,0
time=2026-08-08_01:39:16 op=MOD_CLIENT_LOCK             client=manager                  count=0490 selector=UAF.FM.GenerativeModels|com.apple.fm.language.instruct_3b.safari_magic_extensions_app_store_search_terms.adapter_metadata_override.generic|14.2.0.13.204246,0
time=2026-08-08_01:39:16 op=MOD_CLIENT_LOCK             client=manager                  count=0491 selector=UAF.FM.GenerativeModels|com.apple.fm.language.instruct_300m.base.generic|14.2.81616.13.204479,0
time=2026-08-08_01:39:16 op=MOD_CLIENT_LOCK             client=manager                  count=0492 selector=UAF.FM.GenerativeModels|com.apple.gm.server.instruct_server_v1.open_ended_tone_query_response_v2.generic|12.0.0.13.202237,0
time=2026-08-08_01:39:16 op=MOD_CLIENT_LOCK             client=manager                  count=0493 selector=UAF.FM.GenerativeModels|com.apple.safety.output.configuration.generic|0.1.12.13.204550,0
time=2026-08-08_01:39:16 op=MOD_CLIENT_LOCK             client=manager                  count=0494 selector=UAF.FM.GenerativeModels|com.apple.fm.language.instruct_300m.voice_control_ai_v2.generic|14.0.0.13.102983,0
time=2026-08-08_01:39:16 op=MOD_CLIENT_LOCK             client=manager                  count=0495 selector=UAF.FM.GenerativeModels|com.apple.fm.language.instruct_300m.open_ended_extract.generic|14.6.0.13.103079,0
time=2026-08-08_01:39:16 op=MOD_CLIENT_LOCK             client=manager                  count=0496 selector=UAF.FM.GenerativeModels|com.apple.fm.language.instruct_3b.messages_action.generic|14.4.0.13.103022,0
time=2026-08-08_01:39:16 op=MOD_CLIENT_LOCK             client=manager                  count=0497 selector=UAF.FM.GenerativeModels|com.apple.gm.server.instruct_server_v1.concise_tone.generic|11.0.0.13.202352,0
time=2026-08-08_01:39:16 op=MOD_CLIENT_LOCK             client=manager                  count=0498 selector=UAF.FM.GenerativeModels|com.apple.fm.language.instruct_3b.photos_library_understanding_mm.generic|14.4.0.13.102983,0
time=2026-08-08_01:39:16 op=MOD_CLIENT_LOCK             client=manager                  count=0499 selector=UAF.FM.GenerativeModels|com.apple.fm.language.instruct_3b.summarization.generic|14.5.0.13.102983,0
time=2026-08-08_01:39:16 op=MOD_CLIENT_LOCK             client=manager                  count=0500 selector=UAF.FM.GenerativeModels|com.apple.fm.language.instruct_3b.reminders_suggest_action_items.draft.generic|14.1.81616.13.204506,0
time=2026-08-08_01:39:16 op=MOD_CLIENT_LOCK             client=manager                  count=0501 selector=UAF.FM.GenerativeModels|com.apple.gm.server.instruct_server_v1.magic_rewrite.generic|11.0.0.13.202352,0
time=2026-08-08_01:39:16 op=MOD_CLIENT_LOCK             client=manager                  count=0502 selector=UAF.FM.GenerativeModels|com.apple.fm.language.instruct_3b.fm_api_content_tagger.adapter_metadata_override.generic|14.3.0.13.204529,0
time=2026-08-08_01:39:16 op=MOD_CLIENT_LOCK             client=manager                  count=0503 selector=UAF.FM.GenerativeModels|com.apple.fm.language.instruct_300m.action_validator.generic|14.2.0.13.102983,0
time=2026-08-08_01:39:16 op=MOD_CLIENT_LOCK             client=manager                  count=0504 selector=UAF.FM.GenerativeModels|com.apple.fm.language.instruct_3b.personalized_smart_reply.generic|14.3.0.13.103022,0
time=2026-08-08_01:39:16 op=MOD_CLIENT_LOCK             client=manager                  count=0505 selector=UAF.FM.GenerativeModels|com.apple.fm.language.instruct_300m.ipi_classifier.generic|14.2.0.13.102983,0
time=2026-08-08_01:39:16 op=MOD_CLIENT_LOCK             client=manager                  count=0506 selector=UAF.FM.GenerativeModels|com.apple.fm.language.instruct_300m.tokenizer.generic|14.2.0.13.204358,0
time=2026-08-08_01:39:16 op=MOD_CLIENT_LOCK             client=manager                  count=0507 selector=UAF.FM.GenerativeModels|com.apple.fm.language.instruct_3b.wallet_receipt_linking.adapter_metadata_override.generic|14.2.0.13.204390,0
time=2026-08-08_01:39:16 op=MOD_CLIENT_LOCK             client=manager                  count=0508 selector=UAF.FM.GenerativeModels|com.apple.gm.server.instruct_server_v1.mail_reply_long_form_basic.generic|12.0.0.13.202237,0
time=2026-08-08_01:39:16 op=MOD_CLIENT_LOCK             client=manager                  count=0509 selector=UAF.FM.GenerativeModels|com.apple.fm.language.instruct_9m.text_event_extraction_classifier.tokenizer.generic|1.0.0.13.203902,0
time=2026-08-08_01:39:16 op=MOD_CLIENT_LOCK             client=manager                  count=0510 selector=UAF.FM.GenerativeModels|com.apple.gm.server.instruct_server_v1.text_summarizer.generic|12.0.0.13.202237,0
time=2026-08-08_01:39:16 op=MOD_CLIENT_LOCK             client=manager                  count=0511 selector=UAF.FM.GenerativeModels|com.apple.fm.language.instruct_3b.news_topic_summarization.draft.generic|14.4.81620.13.204493,0
time=2026-08-08_01:39:16 op=MOD_CLIENT_LOCK             client=manager                  count=0512 selector=UAF.FM.GenerativeModels|com.apple.gm.server.instruct_server_small.safety_nsfw.generic|13.10008.0.13.204170,0
time=2026-08-08_01:39:16 op=MOD_CLIENT_LOCK             client=manager                  count=0513 selector=UAF.FM.GenerativeModels|com.apple.fm.language.instruct_3b.shortcuts_ask_afm_action_3b.adapter_metadata_override.generic|14.2.0.13.204397,0
time=2026-08-08_01:39:17 op=MOD_CLIENT_LOCK             client=manager                  count=0514 selector=UAF.FM.GenerativeModels|com.apple.fm.language.instruct_3b.video_caption.generic|13.10000.0.13.102795,0
time=2026-08-08_01:39:17 op=MOD_CLIENT_LOCK             client=manager                  count=0515 selector=UAF.FM.GenerativeModels|com.apple.fm.language.instruct_300m.voice_control_ai_v2.image_tokenizer_adapter.generic|14.0.0.13.102983,0
time=2026-08-08_01:39:17 op=MOD_CLIENT_LOCK             client=manager                  count=0516 selector=UAF.FM.GenerativeModels|com.apple.fm.language.instruct_3b.text_person_extraction.draft.generic|14.1.81616.13.204506,0
time=2026-08-08_01:39:17 op=MOD_CLIENT_LOCK             client=manager                  count=0517 selector=UAF.FM.GenerativeModels|com.apple.fm.language.instruct_3b.shortcuts_ask_afm_action_3b_v2.draft.generic|10.34.81616.13.204506,0
time=2026-08-08_01:39:17 op=MOD_CLIENT_LOCK             client=manager                  count=0518 selector=UAF.FM.GenerativeModels|com.apple.gm.server.instruct_server_v1.mail_reply_long_form_rewrite.generic|12.0.0.13.202237,0
time=2026-08-08_01:39:17 op=MOD_CLIENT_LOCK             client=manager                  count=0519 selector=UAF.FM.GenerativeModels|com.apple.fm.language.instruct_300m.factual_consistency_classifier.generic|14.0.0.13.102983,0
time=2026-08-08_01:39:17 op=MOD_CLIENT_LOCK             client=manager                  count=0520 selector=UAF.FM.GenerativeModels|com.apple.fm.language.instruct_3b.proofreading_review.generic|14.3.0.13.103056,0
time=2026-08-08_01:39:17 op=MOD_CLIENT_LOCK             client=manager                  count=0521 selector=UAF.FM.GenerativeModels|com.apple.gm.server.instruct_server_v1.photos_memories_storyteller_v2.generic|12.0.0.13.202237,0
time=2026-08-08_01:39:17 op=MOD_CLIENT_LOCK             client=manager                  count=0522 selector=UAF.FM.GenerativeModels|com.apple.gm.server.instruct_server_v1.photos_memories_global_traits_v3.generic|12.0.0.13.202237,0
time=2026-08-08_01:39:17 op=MOD_CLIENT_LOCK             client=manager                  count=0523 selector=UAF.FM.GenerativeModels|com.apple.fm.language.instruct_3b.reminders_suggest_action_items.generic|14.1.0.13.102983,0
time=2026-08-08_01:39:17 op=MOD_CLIENT_LOCK             client=manager                  count=0524 selector=UAF.FM.GenerativeModels|com.apple.gm.server.instruct_server_v1.photos_memories_global_traits_v2.generic|12.0.0.13.202237,0
time=2026-08-08_01:39:17 op=MOD_CLIENT_LOCK             client=manager                  count=0525 selector=UAF.FM.GenerativeModels|com.apple.gm.translate_fm.machine_translation.alignment.generic|14.2.0.13.204473,0
time=2026-08-08_01:39:17 op=MOD_CLIENT_LOCK             client=manager                  count=0526 selector=UAF.FM.GenerativeModels|com.apple.gm.server.instruct_server_v1.takeaways_transform.generic|12.0.0.13.202237,0
time=2026-08-08_01:39:17 op=MOD_CLIENT_LOCK             client=manager                  count=0527 selector=UAF.FM.GenerativeModels|com.apple.fm.language.instruct_3b.smart_naming.generic|14.1.0.13.102983,0
time=2026-08-08_01:39:17 op=MOD_CLIENT_LOCK             client=manager                  count=0528 selector=UAF.FM.GenerativeModels|com.apple.fm.language.instruct_3b.mail_reply.draft.generic|14.1.81616.13.204493,0
time=2026-08-08_01:39:17 op=MOD_CLIENT_LOCK             client=manager                  count=0529 selector=UAF.FM.GenerativeModels|com.apple.fm.language.instruct_3b.summarization.draft.generic|14.5.81616.13.204506,0
time=2026-08-08_01:39:17 op=MOD_CLIENT_LOCK             client=manager                  count=0530 selector=UAF.FM.GenerativeModels|com.apple.fm.language.instruct_3b.open_ended_extract.generic|14.5.0.13.103087,0
time=2026-08-08_01:39:17 op=MOD_CLIENT_LOCK             client=manager                  count=0531 selector=UAF.FM.GenerativeModels|com.apple.fm.language.instruct_300m.mm_guard.generic|14.1.0.13.102996,0
time=2026-08-08_01:39:17 op=MOD_CLIENT_LOCK             client=manager                  count=0532 selector=UAF.FM.GenerativeModels|com.apple.fm.language.instruct_3b.safari_notify_me_when_suggestions.adapter_metadata_override.generic|14.2.0.13.204246,0
time=2026-08-08_01:39:17 op=MOD_CLIENT_LOCK             client=manager                  count=0533 selector=UAF.FM.GenerativeModels|com.apple.fm.generativemodels.uaf.metadata|4.46.1.13.202222,0
time=2026-08-08_01:39:17 op=MOD_CLIENT_LOCK             client=manager                  count=0534 selector=UAF.FM.GenerativeModels|com.apple.fm.language.instruct_3b.mail_reply.generic|14.1.0.13.102983,0
time=2026-08-08_01:39:17 op=MOD_CLIENT_LOCK             client=manager                  count=0535 selector=UAF.FM.GenerativeModels|com.apple.fm.language.instruct_9m.text_event_extraction_classifier.base.generic|1.1.81616.13.204119,0
time=2026-08-08_01:39:17 op=MOD_CLIENT_LOCK             client=manager                  count=0536 selector=UAF.FM.GenerativeModels|com.apple.gm.translate_fm.machine_translation.phrasebook.generic|15.0.0.13.204594,0
time=2026-08-08_01:39:17 op=MOD_CLIENT_LOCK             client=manager                  count=0537 selector=UAF.FM.GenerativeModels|com.apple.fm.language.instruct_3b.embedding_preprocessor.generic|14.3.0.13.102917,0
time=2026-08-08_01:39:17 op=MOD_CLIENT_LOCK             client=manager                  count=0538 selector=UAF.FM.GenerativeModels|com.apple.fm.language.instruct_3b.lw_planner_v1.draft.generic|14.7.81620.13.204535,0
time=2026-08-08_01:39:17 op=MOD_CLIENT_LOCK             client=manager                  count=0539 selector=UAF.FM.GenerativeModels|com.apple.gm.server.instruct_server_v1.reminders_auto_categorized_list.generic|12.0.0.13.202237,0
time=2026-08-08_01:39:17 op=MOD_CLIENT_LOCK             client=manager                  count=0540 selector=UAF.FM.GenerativeModels|com.apple.fm.language.instruct_300m.prepubescent_safety.generic|14.0.0.13.102983,0
time=2026-08-08_01:39:17 op=MOD_CLIENT_LOCK             client=manager                  count=0541 selector=UAF.FM.GenerativeModels|com.apple.fm.language.instruct_3b.photos_memories_title.adapter_metadata_override.generic|14.1.0.13.204251,0
time=2026-08-08_01:39:17 op=MOD_CLIENT_LOCK             client=manager                  count=0542 selector=UAF.FM.GenerativeModels|com.apple.fm.language.instruct_3b.ui_grounding.generic|14.0.0.13.102983,0
time=2026-08-08_01:39:17 op=MOD_CLIENT_LOCK             client=manager                  count=0543 selector=UAF.FM.GenerativeModels|com.apple.gm.server.instruct_server_v1.shortcuts_ask_afm_action_v2.generic|12.54.0.13.203908,0
time=2026-08-08_01:39:17 op=MOD_CLIENT_LOCK             client=manager                  count=0544 selector=UAF.FM.GenerativeModels|com.apple.fm.language.instruct_3b.machine_translation.generic|14.0.0.13.102983,0
time=2026-08-08_01:39:17 op=MOD_CLIENT_LOCK             client=manager                  count=0545 selector=UAF.FM.GenerativeModels|com.apple.fm.language.instruct_3b.text_person_extraction.generic|14.1.0.13.102983,0
time=2026-08-08_01:39:17 op=MOD_CLIENT_LOCK             client=manager                  count=0546 selector=UAF.FM.GenerativeModels|com.apple.gm.server.instruct_server_v1.photos_memories_query_understanding_v3.generic|12.4.0.13.202298,0
time=2026-08-08_01:39:17 op=MOD_CLIENT_LOCK             client=manager                  count=0547 selector=UAF.FM.GenerativeModels|com.apple.fm.language.instruct_3b.adm_prompt_analyzer.generic|14.0.0.13.102983,0
time=2026-08-08_01:39:17 op=MOD_CLIENT_LOCK             client=manager                  count=0548 selector=UAF.FM.GenerativeModels|com.apple.gm.server.instruct_server_small.model_abuse_guardrail.generic|13.10007.0.13.204344,0
time=2026-08-08_01:39:17 op=MOD_CLIENT_LOCK             client=manager                  count=0549 selector=UAF.FM.GenerativeModels|com.apple.fm.language.instruct_3b.news_topic_summarization.generic|14.4.0.13.102983,0
time=2026-08-08_01:39:17 op=MOD_CLIENT_LOCK             client=manager                  count=0550 selector=UAF.FM.GenerativeModels|com.apple.mm_guard.output.configuration.generic|0.0.3.13.204435,0
time=2026-08-08_01:39:17 op=MOD_CLIENT_LOCK             client=manager                  count=0551 selector=UAF.FM.GenerativeModels|com.apple.fm.language.instruct_3b.siri_user_experience_analysis.adapter_metadata_override.generic|14.3.0.13.204514,0
time=2026-08-08_01:39:17 op=MOD_CLIENT_LOCK             client=manager                  count=0552 selector=UAF.FM.GenerativeModels|com.apple.fm.language.instruct_3b.image_encoder.generic|14.1.81616.13.204237,0
time=2026-08-08_01:39:17 op=MOD_CLIENT_LOCK             client=manager                  count=0553 selector=UAF.FM.GenerativeModels|com.apple.fm.language.instruct_3b.suggest_recipe_items.draft.generic|14.1.81616.13.204506,0
time=2026-08-08_01:39:17 op=MOD_CLIENT_LOCK             client=manager                  count=0554 selector=UAF.FM.GenerativeModels|com.apple.gm.server.instruct_server_v1.open_ended_schema.generic|12.10.0.13.202386,0
time=2026-08-08_01:39:17 op=MOD_CLIENT_LOCK             client=manager                  count=0555 selector=UAF.FM.GenerativeModels|com.apple.gm.server.instruct_server_v1.open_ended_tone_query_response.generic|12.0.0.13.202237,0
time=2026-08-08_01:39:17 op=MOD_CLIENT_LOCK             client=manager                  count=0556 selector=UAF.FM.GenerativeModels|com.apple.gm.server.instruct_server_v1.photos_memories_asset_curation_v2.generic|12.0.0.13.202237,0
time=2026-08-08_01:39:17 op=MOD_CLIENT_LOCK             client=manager                  count=0557 selector=UAF.FM.GenerativeModels|com.apple.fm.language.instruct_3b.homekit_summary_notifications.adapter_metadata_override.generic|14.3.0.13.204514,0
time=2026-08-08_01:39:17 op=MOD_CLIENT_LOCK             client=manager                  count=0558 selector=UAF.FM.GenerativeModels|com.apple.fm.language.instruct_3b.fm_api_generic.draft.generic|14.3.81620.13.204585,0
time=2026-08-08_01:39:17 op=MOD_CLIENT_LOCK             client=manager                  count=0559 selector=UAF.FM.GenerativeModels|com.apple.fm.language.instruct_3b.photos_memories_asset_curation_outlier.draft.generic|14.1.81616.13.204493,0
time=2026-08-08_01:39:17 op=MOD_CLIENT_LOCK             client=manager                  count=0560 selector=UAF.FM.GenerativeModels|com.apple.gm.server.instruct_server_v1.professional_tone.generic|12.0.0.13.202237,0
time=2026-08-08_01:39:17 op=MOD_CLIENT_LOCK             client=manager                  count=0561 selector=UAF.FM.GenerativeModels|com.apple.fm.language.instruct_3b.embeddings.generic|14.0.81620.13.204579,0
time=2026-08-08_01:39:17 op=MOD_CLIENT_LOCK             client=manager                  count=0562 selector=UAF.FM.GenerativeModels|com.apple.gm.server.instruct_server_v1.generative_shortcuts.generic|12.16.0.13.202468,0
time=2026-08-08_01:39:17 op=MOD_CLIENT_LOCK             client=manager                  count=0563 selector=UAF.FM.GenerativeModels|com.apple.gm.server.instruct_server_v1.fitness_workout_voice.generic|12.51.0.13.203500,0
time=2026-08-08_01:39:17 op=MOD_CLIENT_LOCK             client=manager                  count=0564 selector=UAF.FM.GenerativeModels|com.apple.fm.language.instruct_3b.urgency_classification.generic|14.3.0.13.102997,0
time=2026-08-08_01:39:17 op=MOD_CLIENT_LOCK             client=manager                  count=0565 selector=UAF.FM.GenerativeModels|com.apple.gm.server.instruct_server_v1.shortcuts_ask_afm_action.generic|11.19.0.13.202352,0
time=2026-08-08_01:39:17 op=MOD_CLIENT_LOCK             client=manager                  count=0566 selector=UAF.FM.GenerativeModels|com.apple.fm.language.instruct_3b.shortcuts_ask_afm_action_3b_v2.generic|10.34.0.13.101897,0
time=2026-08-08_01:39:17 op=MOD_CLIENT_LOCK             client=manager                  count=0567 selector=UAF.FM.GenerativeModels|com.apple.gm.server.instruct_server_v1.mail_reply_qa.generic|12.0.0.13.202237,0
time=2026-08-08_01:39:17 op=MOD_CLIENT_LOCK             client=manager                  count=0568 selector=UAF.FM.GenerativeModels|com.apple.fm.language.instruct_3b.open_ended_extract.draft.generic|14.5.81620.13.204628,0
time=2026-08-08_01:39:17 op=MOD_CLIENT_LOCK             client=manager                  count=0569 selector=UAF.FM.GenerativeModels|com.apple.fm.language.instruct_300m.image_tokenizer.generic|14.2.81616.13.204479,0
time=2026-08-08_01:39:17 op=MOD_CLIENT_LOCK             client=manager                  count=0570 selector=UAF.FM.GenerativeModels|com.apple.fm.language.instruct_300m.misc_safety.generic|14.0.0.13.102983,0
time=2026-08-08_01:39:17 op=MOD_CLIENT_LOCK             client=manager                  count=0571 selector=UAF.FM.GenerativeModels|com.apple.gm.server.instruct_server_v1.bullets_transform.generic|12.4.0.13.202298,0
time=2026-08-08_01:39:17 op=MOD_CLIENT_LOCK             client=manager                  count=0572 selector=UAF.FM.GenerativeModels|com.apple.fm.language.instruct_3b.suggest_recipe_items.generic|14.1.0.13.102983,0
time=2026-08-08_01:39:17 op=MOD_CLIENT_LOCK             client=manager                  count=0573 selector=UAF.FM.GenerativeModels|com.apple.fm.language.instruct_3b.tokenizer.generic|14.0.0.13.204214,0
time=2026-08-08_01:39:17 op=MOD_CLIENT_LOCK             client=manager                  count=0574 selector=UAF.FM.GenerativeModels|com.apple.fm.language.instruct_3b.base.generic|14.0.81616.13.204490,0
time=2026-08-08_01:39:17 op=MOD_CLIENT_LOCK             client=manager                  count=0575 selector=UAF.FM.GenerativeModels|com.apple.fm.language.instruct_3b.machine_translation.draft.generic|14.0.81616.13.204493,0
time=2026-08-08_01:39:17 op=MOD_CLIENT_LOCK             client=manager                  count=0576 selector=UAF.FM.GenerativeModels|com.apple.fm.language.instruct_3b.image_playground_edit_suggestions.generic|14.4.0.13.103021,0
time=2026-08-08_01:39:17 op=MOD_CLIENT_LOCK             client=manager                  count=0577 selector=UAF.FM.GenerativeModels|com.apple.fm.language.instruct_300m.structural_integrity.generic|14.0.0.13.102983,0
time=2026-08-08_01:39:17 op=MOD_CLIENT_LOCK             client=manager                  count=0578 selector=UAF.FM.GenerativeModels|com.apple.gm.server.instruct_server_v1.friendly_tone.generic|12.0.0.13.202237,0
time=2026-08-08_01:39:17 op=MOD_CLIENT_LOCK             client=manager                  count=0579 selector=UAF.FM.GenerativeModels|com.apple.fm.language.instruct_3b.safari_tab_group_topic.adapter_metadata_override.generic|14.5.0.13.204398,0
time=2026-08-08_01:39:17 op=MOD_CLIENT_LOCK             client=manager                  count=0580 selector=UAF.FM.GenerativeModels|com.apple.fm.language.instruct_3b.lw_planner_v1.generic|14.8.0.13.103045,0
time=2026-08-08_01:39:17 op=MOD_CLIENT_LOCK             client=manager                  count=0581 selector=UAF.FM.GenerativeModels|com.apple.fm.language.instruct_300m.safety.generic|14.2.0.13.103019,0
time=2026-08-08_01:39:17 op=MOD_CLIENT_LOCK             client=manager                  count=0582 selector=UAF.FM.GenerativeModels|com.apple.fm.language.instruct_3b.messages_action.draft.generic|14.4.81620.13.204533,0
time=2026-08-08_01:39:17 op=MOD_CLIENT_LOCK             client=manager                  count=0583 selector=UAF.FM.GenerativeModels|com.apple.fm.language.instruct_3b.photos_memories_asset_curation_outlier.generic|14.1.0.13.102983,0
time=2026-08-08_01:39:17 op=MOD_CLIENT_LOCK             client=manager                  count=0584 selector=UAF.FM.GenerativeModels|com.apple.fm.language.instruct_300m.gvicc.generic|14.1.0.13.102983,0
time=2026-08-08_01:39:17 op=MOD_CLIENT_LOCK             client=manager                  count=0585 selector=UAF.FM.GenerativeModels|com.apple.fm.language.instruct_300m.voice_control_ai.generic|14.1.0.13.102983,0
time=2026-08-08_01:39:17 op=MOD_CLIENT_LOCK             client=manager                  count=0586 selector=UAF.FM.GenerativeModels|com.apple.gm.server.instruct_server_v1.tables_transform.generic|12.0.0.13.202237,0
time=2026-08-08_01:39:18 op=MOD_CLIENT_LOCK             client=manager                  count=0587 selector=UAF.FM.GenerativeModels|com.apple.fm.language.instruct_3b.personalized_smart_reply.draft.generic|14.3.81620.13.204533,0
time=2026-08-08_01:39:18 op=MOD_CLIENT_LOCK             client=manager                  count=0588 selector=setAtomicInstance:6FAC987F-CB8E-424A-9235-3889F6140C4C
time=2026-08-08_01:39:19 op=MOD_CLIENT_LOCK             client=com.apple.UnifiedAssetFr count=0587 selector=UAF.FM.GenerativeModels|com.apple.gm.server.instruct_server_v1.stx_multimodal.generic|12.20.0.13.202548,0
time=2026-08-08_01:39:19 op=MOD_CLIENT_LOCK             client=com.apple.UnifiedAssetFr count=0586 selector=UAF.FM.GenerativeModels|com.apple.fm.language.instruct_3b.auto_tagger.generic|12.0.0.13.101733,0
time=2026-08-08_01:39:19 op=MOD_CLIENT_LOCK             client=com.apple.UnifiedAssetFr count=0585 selector=UAF.FM.GenerativeModels|com.apple.fm.language.instruct_3b.fm_api_generic.generic|14.3.0.13.103052,0
time=2026-08-08_01:39:19 op=MOD_CLIENT_LOCK             client=com.apple.UnifiedAssetFr count=0584 selector=UAF.FM.GenerativeModels|com.apple.fm.language.instruct_3b.image_playground_edit_suggestions.draft.generic|14.4.81620.13.204532,0
time=2026-08-08_01:39:19 op=MOD_CLIENT_LOCK             client=com.apple.UnifiedAssetFr count=0583 selector=UAF.FM.GenerativeModels|com.apple.fm.language.instruct_3b.holdassistwaittime.adapter_metadata_override.generic|14.0.0.13.204214,0
time=2026-08-08_01:39:19 op=MOD_CLIENT_LOCK             client=com.apple.UnifiedAssetFr count=0582 selector=UAF.FM.GenerativeModels|com.apple.fm.language.instruct_300m.open_ended_extract.draft.generic|14.6.81620.13.204618,0
time=2026-08-08_01:39:19 op=MOD_CLIENT_LOCK             client=com.apple.UnifiedAssetFr count=0581 selector=UAF.FM.GenerativeModels|com.apple.fm.language.instruct_3b.proofreading_review.draft.generic|14.3.81620.13.204588,0
time=2026-08-08_01:39:19 op=MOD_CLIENT_LOCK             client=com.apple.UnifiedAssetFr count=0580 selector=UAF.FM.GenerativeModels|com.apple.gm.server.instruct_server_v1.open_ended_tone.generic|12.24.0.13.202614,0
time=2026-08-08_01:39:19 op=MOD_CLIENT_LOCK             client=com.apple.UnifiedAssetFr count=0579 selector=UAF.FM.GenerativeModels|com.apple.fm.language.instruct_3b.safari_magic_extensions_app_store_search_terms.adapter_metadata_override.generic|14.2.0.13.204246,0
time=2026-08-08_01:39:19 op=MOD_CLIENT_LOCK             client=com.apple.UnifiedAssetFr count=0578 selector=UAF.FM.GenerativeModels|com.apple.fm.language.instruct_300m.base.generic|14.2.81616.13.204479,0
time=2026-08-08_01:39:19 op=MOD_CLIENT_LOCK             client=com.apple.UnifiedAssetFr count=0577 selector=UAF.FM.GenerativeModels|com.apple.gm.server.instruct_server_v1.open_ended_tone_query_response_v2.generic|12.0.0.13.202237,0
time=2026-08-08_01:39:19 op=MOD_CLIENT_LOCK             client=com.apple.UnifiedAssetFr count=0576 selector=UAF.FM.GenerativeModels|com.apple.safety.output.configuration.generic|0.1.12.13.204550,0
time=2026-08-08_01:39:19 op=MOD_CLIENT_LOCK             client=com.apple.UnifiedAssetFr count=0575 selector=UAF.FM.GenerativeModels|com.apple.fm.language.instruct_300m.voice_control_ai_v2.generic|14.0.0.13.102983,0
time=2026-08-08_01:39:19 op=MOD_CLIENT_LOCK             client=com.apple.UnifiedAssetFr count=0574 selector=UAF.FM.GenerativeModels|com.apple.fm.language.instruct_300m.open_ended_extract.generic|14.6.0.13.103079,0
time=2026-08-08_01:39:19 op=MOD_CLIENT_LOCK             client=com.apple.UnifiedAssetFr count=0573 selector=UAF.FM.GenerativeModels|com.apple.fm.language.instruct_3b.messages_action.generic|14.4.0.13.103022,0
time=2026-08-08_01:39:19 op=MOD_CLIENT_LOCK             client=com.apple.UnifiedAssetFr count=0572 selector=UAF.FM.GenerativeModels|com.apple.gm.server.instruct_server_v1.concise_tone.generic|11.0.0.13.202352,0
time=2026-08-08_01:39:19 op=MOD_CLIENT_LOCK             client=com.apple.UnifiedAssetFr count=0571 selector=UAF.FM.GenerativeModels|com.apple.fm.language.instruct_3b.photos_library_understanding_mm.generic|14.4.0.13.102983,0
time=2026-08-08_01:39:19 op=MOD_CLIENT_LOCK             client=com.apple.UnifiedAssetFr count=0570 selector=UAF.FM.GenerativeModels|com.apple.fm.language.instruct_3b.summarization.generic|14.5.0.13.102983,0
time=2026-08-08_01:39:19 op=MOD_CLIENT_LOCK             client=com.apple.UnifiedAssetFr count=0569 selector=UAF.FM.GenerativeModels|com.apple.fm.language.instruct_3b.reminders_suggest_action_items.draft.generic|14.1.81616.13.204506,0
time=2026-08-08_01:39:20 op=MOD_CLIENT_LOCK             client=com.apple.UnifiedAssetFr count=0568 selector=UAF.FM.GenerativeModels|com.apple.gm.server.instruct_server_v1.magic_rewrite.generic|11.0.0.13.202352,0
time=2026-08-08_01:39:20 op=MOD_CLIENT_LOCK             client=com.apple.UnifiedAssetFr count=0567 selector=UAF.FM.GenerativeModels|com.apple.fm.language.instruct_3b.fm_api_content_tagger.adapter_metadata_override.generic|14.3.0.13.204529,0
time=2026-08-08_01:39:20 op=MOD_CLIENT_LOCK             client=com.apple.UnifiedAssetFr count=0566 selector=UAF.FM.GenerativeModels|com.apple.fm.language.instruct_300m.action_validator.generic|14.2.0.13.102983,0
time=2026-08-08_01:39:20 op=MOD_CLIENT_LOCK             client=com.apple.UnifiedAssetFr count=0565 selector=UAF.FM.GenerativeModels|com.apple.fm.language.instruct_3b.personalized_smart_reply.generic|14.3.0.13.103022,0
time=2026-08-08_01:39:20 op=MOD_CLIENT_LOCK             client=com.apple.UnifiedAssetFr count=0564 selector=UAF.FM.GenerativeModels|com.apple.fm.language.instruct_300m.ipi_classifier.generic|14.2.0.13.102983,0
time=2026-08-08_01:39:20 op=MOD_CLIENT_LOCK             client=com.apple.UnifiedAssetFr count=0563 selector=UAF.FM.GenerativeModels|com.apple.fm.language.instruct_300m.tokenizer.generic|14.2.0.13.204358,0
time=2026-08-08_01:39:20 op=MOD_CLIENT_LOCK             client=com.apple.UnifiedAssetFr count=0562 selector=UAF.FM.GenerativeModels|com.apple.fm.language.instruct_3b.wallet_receipt_linking.adapter_metadata_override.generic|14.2.0.13.204390,0
time=2026-08-08_01:39:20 op=MOD_CLIENT_LOCK             client=com.apple.UnifiedAssetFr count=0561 selector=UAF.FM.GenerativeModels|com.apple.gm.server.instruct_server_v1.mail_reply_long_form_basic.generic|12.0.0.13.202237,0
time=2026-08-08_01:39:20 op=MOD_CLIENT_LOCK             client=com.apple.UnifiedAssetFr count=0560 selector=UAF.FM.GenerativeModels|com.apple.fm.language.instruct_9m.text_event_extraction_classifier.tokenizer.generic|1.0.0.13.203902,0
time=2026-08-08_01:39:20 op=MOD_CLIENT_LOCK             client=com.apple.UnifiedAssetFr count=0559 selector=UAF.FM.GenerativeModels|com.apple.gm.server.instruct_server_v1.text_summarizer.generic|12.0.0.13.202237,0
time=2026-08-08_01:39:20 op=MOD_CLIENT_LOCK             client=com.apple.UnifiedAssetFr count=0558 selector=UAF.FM.GenerativeModels|com.apple.fm.language.instruct_3b.news_topic_summarization.draft.generic|14.4.81620.13.204493,0
time=2026-08-08_01:39:20 op=MOD_CLIENT_LOCK             client=com.apple.UnifiedAssetFr count=0557 selector=UAF.FM.GenerativeModels|com.apple.gm.server.instruct_server_small.safety_nsfw.generic|13.10008.0.13.204170,0
