[main] fuzz harness up, mode=scaler
[main] sandbox note: VCPDRM open is MACF-denied (iokit-open-user-client VCPDRMUserClient); mach-lookup com.apple.sprr / com.apple.jitbox exist but are sandbox-gated (seen in kernel log)
[open] AppleM2ScalerCSCDriver -> conn 0x6e03
[scaler] conn 0x6e03, s1 21 s2 22
[probe12] SetNotificationPort -> 0x00000000
[csurf] v109: IOCoreSurfaceRoot probe
[csurf] open type 0 -> kr 0x00000000 conn 0x6c03
[csurf] sel13 init -> kr 0x00000000 osz 0x28 out: ff 3f 00 00 7f 00 00 00
[csurf] sel6 create 64x64 BGRA -> kr 0x00000000 osz 0xc68 sid 23
[csurf] sel2 lock sid 23 -> kr 0x00000000 osz 0xc68
[csurf] sel3 unlock -> kr 0x00000000
[csurf] sel1 release -> kr 0xe00002c2
[csurf] sel6 c1 f8=0x00000000 ...
[csurf] sel6 c1 -> kr 0x00000000 sid 24 ACCEPTED
[csurf] sel6 c2 f8=0x00000001 ...
[csurf] sel6 c2 -> kr 0x00000000 sid 25 ACCEPTED
[csurf] sel6 c3 f8=0x7fffffff ...
[csurf] sel6 c4 f8=0x80000000 ...
[csurf] sel6 c5 f8=0xfffffffe ...
[csurf] sel6 c6 f8=0xffffffff ...
[csurf] sel6 c7 f12=0x00000000 ...
[csurf] sel6 c8 f12=0x00000001 ...
[csurf] sel6 c8 -> kr 0x00000000 sid 26 ACCEPTED
[csurf] sel6 c9 f12=0x7fffffff ...
[csurf] sel6 c10 f12=0x80000000 ...
[csurf] sel6 c11 f12=0xfffffffe ...
[csurf] sel6 c12 f12=0xffffffff ...
[csurf] sel6 c13 f20=0x00000000 ...
[csurf] sel6 c13 -> kr 0x00000000 sid 77 ACCEPTED
[csurf] sel6 c14 f20=0x00000001 ...
[csurf] sel6 c14 -> kr 0x00000000 sid 162 ACCEPTED
[csurf] sel6 c15 f20=0x7fffffff ...
[csurf] sel6 c16 f20=0x80000000 ...
[csurf] sel6 c17 f20=0xfffffffe ...
[csurf] sel6 c18 f20=0xffffffff ...
[csurf] sel6 c19 f24=0x00000000 ...
[csurf] sel6 c19 -> kr 0x00000000 sid 163 ACCEPTED
[csurf] sel6 c20 f24=0x00000001 ...
[csurf] sel6 c21 f24=0x7fffffff ...
[csurf] sel6 c22 f24=0x80000000 ...
[csurf] sel6 c23 f24=0xfffffffe ...
[csurf] sel6 c24 f24=0xffffffff ...
[csurf] sel6 c25 f28=0x00000000 ...
[csurf] sel6 c25 -> kr 0x00000000 sid 169 ACCEPTED
[csurf] sel6 c26 f28=0x00000001 ...
[csurf] sel6 c27 f28=0x7fffffff ...
[csurf] sel6 c28 f28=0x80000000 ...
[csurf] sel6 c29 f28=0xfffffffe ...
[csurf] sel6 c30 f28=0xffffffff ...
[csurf] sel7 c31 size 0x0 ...
[csurf] sel7 c31 -> kr 0xe00002c2 sid 0
[csurf] sel7 c32 size 0x1 ...
[csurf] sel7 c32 -> kr 0x00000000 sid 170
[csurf] sel7 c33 size 0x1000 ...
[csurf] sel7 c33 -> kr 0x00000000 sid 171
[csurf] sel7 c34 size 0x7fffffff ...
[csurf] sel7 c34 -> kr 0xe00002c2 sid 0
[csurf] sel7 c35 size 0x80000000 ...
[csurf] sel7 c35 -> kr 0xe00002c2 sid 0
[csurf] sel7 c36 size 0xffffffff ...
[csurf] sel7 c36 -> kr 0xe00002c2 sid 0
[csurf] sel7 c37 size 0x100000000 ...
[csurf] sel7 c37 -> kr 0xe00002c2 sid 0
[csurf] sel7 overflow combo addr+size ...
[csurf] sel7 overflow -> kr 0xe00002c2
[csurf] sel27 zeros 160 -> kr 0xe00002c2
[csurf] sel27 c38 off 0x0 val 0x00000001 ...
[csurf] sel27 c39 off 0x0 val 0x7fffffff ...
[csurf] sel27 c40 off 0x0 val 0x80000000 ...
[csurf] sel27 c41 off 0x0 val 0xffffffff ...
[csurf] sel27 c42 off 0x4 val 0x00000001 ...
[csurf] sel27 c43 off 0x4 val 0x7fffffff ...
[csurf] sel27 c44 off 0x4 val 0x80000000 ...
[csurf] sel27 c45 off 0x4 val 0xffffffff ...
[csurf] sel27 c46 off 0x8 val 0x00000001 ...
[csurf] sel27 c47 off 0x8 val 0x7fffffff ...
[csurf] sel27 c48 off 0x8 val 0x80000000 ...
[csurf] sel27 c49 off 0x8 val 0xffffffff ...
[csurf] sel27 c50 off 0xc val 0x00000001 ...
[csurf] sel27 c51 off 0xc val 0x7fffffff ...
[csurf] sel27 c52 off 0xc val 0x80000000 ...
[csurf] sel27 c53 off 0xc val 0xffffffff ...
[csurf] sel27 c54 off 0x10 val 0x00000001 ...
[csurf] sel27 c55 off 0x10 val 0x7fffffff ...
[csurf] sel27 c56 off 0x10 val 0x80000000 ...
[csurf] sel27 c57 off 0x10 val 0xffffffff ...
[csurf] sel27 c58 off 0x14 val 0x00000001 ...
[csurf] sel27 c59 off 0x14 val 0x7fffffff ...
[csurf] sel27 c60 off 0x14 val 0x80000000 ...
[csurf] sel27 c61 off 0x14 val 0xffffffff ...
[csurf] sel27 c62 off 0x18 val 0x00000001 ...
[csurf] sel27 c63 off 0x18 val 0x7fffffff ...
[csurf] sel27 c64 off 0x18 val 0x80000000 ...
[csurf] sel27 c65 off 0x18 val 0xffffffff ...
[csurf] sel27 c66 off 0x1c val 0x00000001 ...
[csurf] sel27 c67 off 0x1c val 0x7fffffff ...
[csurf] sel27 c68 off 0x1c val 0x80000000 ...
[csurf] sel27 c69 off 0x1c val 0xffffffff ...
[csurf] sel27 c70 off 0x20 val 0x00000001 ...
[csurf] sel27 c71 off 0x20 val 0x7fffffff ...
[csurf] sel27 c72 off 0x20 val 0x80000000 ...
[csurf] sel27 c73 off 0x20 val 0xffffffff ...
[csurf] sel27 c74 off 0x24 val 0x00000001 ...
[csurf] sel27 c75 off 0x24 val 0x7fffffff ...
[csurf] sel27 c76 off 0x24 val 0x80000000 ...
[csurf] sel27 c77 off 0x24 val 0xffffffff ...
[csurf] sel27 c78 off 0x28 val 0x00000001 ...
[csurf] sel27 c79 off 0x28 val 0x7fffffff ...
[csurf] sel27 c80 off 0x28 val 0x80000000 ...
[csurf] sel27 c81 off 0x28 val 0xffffffff ...
[csurf] sel27 c82 off 0x2c val 0x00000001 ...
[csurf] sel27 c83 off 0x2c val 0x7fffffff ...
[csurf] sel27 c84 off 0x2c val 0x80000000 ...
[csurf] sel27 c85 off 0x2c val 0xffffffff ...
[csurf] sel27 c86 off 0x30 val 0x00000001 ...
[csurf] sel27 c87 off 0x30 val 0x7fffffff ...
[csurf] sel27 c88 off 0x30 val 0x80000000 ...
[csurf] sel27 c89 off 0x30 val 0xffffffff ...
[csurf] sel27 c90 off 0x34 val 0x00000001 ...
[csurf] sel27 c91 off 0x34 val 0x7fffffff ...
[csurf] sel27 c92 off 0x34 val 0x80000000 ...
[csurf] sel27 c93 off 0x34 val 0xffffffff ...
[csurf] sel27 c94 off 0x38 val 0x00000001 ...
[csurf] sel27 c95 off 0x38 val 0x7fffffff ...
[csurf] sel27 c96 off 0x38 val 0x80000000 ...
[csurf] sel27 c97 off 0x38 val 0xffffffff ...
[csurf] sel27 c98 off 0x3c val 0x00000001 ...
[csurf] sel27 c99 off 0x3c val 0x7fffffff ...
[csurf] sel27 c100 off 0x3c val 0x80000000 ...
[csurf] sel27 c101 off 0x3c val 0xffffffff ...
[csurf] sel27 c102 off 0x40 val 0x00000001 ...
[csurf] sel27 c103 off 0x40 val 0x7fffffff ...
[csurf] sel27 c104 off 0x40 val 0x80000000 ...
[csurf] sel27 c105 off 0x40 val 0xffffffff ...
[csurf] sel27 c106 off 0x44 val 0x00000001 ...
[csurf] sel27 c107 off 0x44 val 0x7fffffff ...
[csurf] sel27 c108 off 0x44 val 0x80000000 ...
[csurf] sel27 c109 off 0x44 val 0xffffffff ...
[csurf] sel27 c110 off 0x48 val 0x00000001 ...
[csurf] sel27 c111 off 0x48 val 0x7fffffff ...
[csurf] sel27 c112 off 0x48 val 0x80000000 ...
[csurf] sel27 c113 off 0x48 val 0xffffffff ...
[csurf] sel27 c114 off 0x4c val 0x00000001 ...
[csurf] sel27 c115 off 0x4c val 0x7fffffff ...
[csurf] sel27 c116 off 0x4c val 0x80000000 ...
[csurf] sel27 c117 off 0x4c val 0xffffffff ...
[csurf] sel27 c118 off 0x50 val 0x00000001 ...
[csurf] sel27 c119 off 0x50 val 0x7fffffff ...
[csurf] sel27 c120 off 0x50 val 0x80000000 ...
[csurf] sel27 c121 off 0x50 val 0xffffffff ...
[csurf] sel27 c122 off 0x54 val 0x00000001 ...
[csurf] sel27 c123 off 0x54 val 0x7fffffff ...
[csurf] sel27 c124 off 0x54 val 0x80000000 ...
[csurf] sel27 c125 off 0x54 val 0xffffffff ...
[csurf] sel27 c126 off 0x58 val 0x00000001 ...
[csurf] sel27 c127 off 0x58 val 0x7fffffff ...
[csurf] sel27 c128 off 0x58 val 0x80000000 ...
[csurf] sel27 c129 off 0x58 val 0xffffffff ...
[csurf] sel27 c130 off 0x5c val 0x00000001 ...
[csurf] sel27 c131 off 0x5c val 0x7fffffff ...
[csurf] sel27 c132 off 0x5c val 0x80000000 ...
[csurf] sel27 c133 off 0x5c val 0xffffffff ...
[csurf] sel27 c134 off 0x60 val 0x00000001 ...
[csurf] sel27 c135 off 0x60 val 0x7fffffff ...
[csurf] sel27 c136 off 0x60 val 0x80000000 ...
[csurf] sel27 c137 off 0x60 val 0xffffffff ...
[csurf] sel27 c138 off 0x64 val 0x00000001 ...
[csurf] sel27 c139 off 0x64 val 0x7fffffff ...
[csurf] sel27 c140 off 0x64 val 0x80000000 ...
[csurf] sel27 c141 off 0x64 val 0xffffffff ...
[csurf] sel27 c142 off 0x68 val 0x00000001 ...
[csurf] sel27 c143 off 0x68 val 0x7fffffff ...
[csurf] sel27 c144 off 0x68 val 0x80000000 ...
[csurf] sel27 c145 off 0x68 val 0xffffffff ...
[csurf] sel27 c146 off 0x6c val 0x00000001 ...
[csurf] sel27 c147 off 0x6c val 0x7fffffff ...
[csurf] sel27 c148 off 0x6c val 0x80000000 ...
[csurf] sel27 c149 off 0x6c val 0xffffffff ...
[csurf] sel27 c150 off 0x70 val 0x00000001 ...
[csurf] sel27 c151 off 0x70 val 0x7fffffff ...
[csurf] sel27 c152 off 0x70 val 0x80000000 ...
[csurf] sel27 c153 off 0x70 val 0xffffffff ...
[csurf] sel27 c154 off 0x74 val 0x00000001 ...
[csurf] sel27 c155 off 0x74 val 0x7fffffff ...
[csurf] sel27 c156 off 0x74 val 0x80000000 ...
[csurf] sel27 c157 off 0x74 val 0xffffffff ...
[csurf] sel27 c158 off 0x78 val 0x00000001 ...
[csurf] sel27 c159 off 0x78 val 0x7fffffff ...
[csurf] sel27 c160 off 0x78 val 0x80000000 ...
[csurf] sel27 c161 off 0x78 val 0xffffffff ...
[csurf] sel27 c162 off 0x7c val 0x00000001 ...
[csurf] sel27 c163 off 0x7c val 0x7fffffff ...
[csurf] sel27 c164 off 0x7c val 0x80000000 ...
[csurf] sel27 c165 off 0x7c val 0xffffffff ...
[csurf] sel27 c166 off 0x80 val 0x00000001 ...
[csurf] sel27 c167 off 0x80 val 0x7fffffff ...
[csurf] sel27 c168 off 0x80 val 0x80000000 ...
[csurf] sel27 c169 off 0x80 val 0xffffffff ...
[csurf] sel27 c170 off 0x84 val 0x00000001 ...
[csurf] sel27 c171 off 0x84 val 0x7fffffff ...
[csurf] sel27 c172 off 0x84 val 0x80000000 ...
[csurf] sel27 c173 off 0x84 val 0xffffffff ...
[csurf] sel27 c174 off 0x88 val 0x00000001 ...
[csurf] sel27 c175 off 0x88 val 0x7fffffff ...
[csurf] sel27 c176 off 0x88 val 0x80000000 ...
[csurf] sel27 c177 off 0x88 val 0xffffffff ...
[csurf] sel27 c178 off 0x8c val 0x00000001 ...
[csurf] sel27 c179 off 0x8c val 0x7fffffff ...
[csurf] sel27 c180 off 0x8c val 0x80000000 ...
[csurf] sel27 c181 off 0x8c val 0xffffffff ...
[csurf] sel27 c182 off 0x90 val 0x00000001 ...
[csurf] sel27 c183 off 0x90 val 0x7fffffff ...
[csurf] sel27 c184 off 0x90 val 0x80000000 ...
[csurf] sel27 c185 off 0x90 val 0xffffffff ...
[csurf] sel27 c186 off 0x94 val 0x00000001 ...
[csurf] sel27 c187 off 0x94 val 0x7fffffff ...
[csurf] sel27 c188 off 0x94 val 0x80000000 ...
[csurf] sel27 c189 off 0x94 val 0xffffffff ...
[csurf] sel27 c190 off 0x98 val 0x00000001 ...
[csurf] sel27 c191 off 0x98 val 0x7fffffff ...
[csurf] sel27 c192 off 0x98 val 0x80000000 ...
[csurf] sel27 c193 off 0x98 val 0xffffffff ...
[csurf] sel27 c194 off 0x9c val 0x00000001 ...
[csurf] sel27 c195 off 0x9c val 0x7fffffff ...
[csurf] sel27 c196 off 0x9c val 0x80000000 ...
[csurf] sel27 c197 off 0x9c val 0xffffffff ...
[csurf] set_value 1MB data on sid 173 done
[csurf] set_value deep-500 dict done
[csurf] set_value u64max done (alive)
[csurf] done (alive), cases 197
[probe13] coresurf-only mode, stop
