[main] fuzz harness up, mode=all
[main] sandbox note: VCPDRM open is MACF-denied (iokit-open-user-client VCPDRMUserClient); mach-lookup com.apple.sprr / com.apple.jitbox exist but are sandbox-gated (seen in kernel log)
[mig] bootstrap-name phase done; add learned names to cand_names[]
[open] IOServiceOpen VCPDRMService failed: 0xe00002e2
[open] service VCPDRMServiceUserClient not found
[vcpdrm] no connection, target dead
[open] AppleM2ScalerCSCDriver -> conn 0x5623
[scaler] conn 0x5623, s1 77 s2 79
[probe12] SetNotificationPort -> 0x00000000
[uatrec] v111 step 1 delay 0ms
[open] IOGPU -> conn 0x6103
[uatrec] mconn 0x7a07 ourc 0x6103
[mtlr] resource2 sel8 flags 470 sz 0x10000 -> kr 0x00000000 rid 21 GPUVA 0x10000080000 cpu 104a14000
[mtlr]   out: 0000010000080000 0000000104a14000 0000000104980fc0 0000000000000000
[mtlr]   out: 0000001500000000 0000000000010000 000000022c0e496f 000000000035dcb1
[uatrec] S1 victim rid 21 gpuva 0x10000080000 cpu 0x104a14000
[uatrec] S1 destroying victim (PANIC/fault possible)...
[uatrec] S1 destroy kr 0x00000000 — forcing AGXUAT::process (40 junk unmaps)
[mtlr] resource2 sel8 flags 470 sz 0x1000 -> kr 0x00000000 rid 21 GPUVA 0x10000080000 cpu 104a14000
[mtlr]   out: 0000010000080000 0000000104a14000 0000000104980fc0 0000000000000000
[mtlr]   out: 0000001500000000 0000000000004000 000000022c0e4970 000000000035dcb2
[mtlr] resource2 sel8 flags 470 sz 0x1000 -> kr 0x00000000 rid 21 GPUVA 0x10000080000 cpu 104a14000
[mtlr]   out: 0000010000080000 0000000104a14000 0000000104980fc0 0000000000000000
[mtlr]   out: 0000001500000000 0000000000004000 000000022c0e4971 000000000035dcb3
[mtlr] resource2 sel8 flags 470 sz 0x1000 -> kr 0x00000000 rid 21 GPUVA 0x10000080000 cpu 104a14000
[mtlr]   out: 0000010000080000 0000000104a14000 0000000104980fc0 0000000000000000
[mtlr]   out: 0000001500000000 0000000000004000 000000022c0e4972 000000000035dcb4
[mtlr] resource2 sel8 flags 470 sz 0x1000 -> kr 0x00000000 rid 21 GPUVA 0x10000080000 cpu 104a14000
[mtlr]   out: 0000010000080000 0000000104a14000 0000000104980fc0 0000000000000000
[mtlr]   out: 0000001500000000 0000000000004000 000000022c0e4973 000000000035dcb5
[mtlr] resource2 sel8 flags 470 sz 0x1000 -> kr 0x00000000 rid 21 GPUVA 0x10000080000 cpu 104a14000
[mtlr]   out: 0000010000080000 0000000104a14000 0000000104980fc0 0000000000000000
[mtlr]   out: 0000001500000000 0000000000004000 000000022c0e4974 000000000035dcb6
[mtlr] resource2 sel8 flags 470 sz 0x1000 -> kr 0x00000000 rid 21 GPUVA 0x10000080000 cpu 104a14000
[mtlr]   out: 0000010000080000 0000000104a14000 0000000104980fc0 0000000000000000
[mtlr]   out: 0000001500000000 0000000000004000 000000022c0e4975 000000000035dcb7
[mtlr] resource2 sel8 flags 470 sz 0x1000 -> kr 0x00000000 rid 21 GPUVA 0x10000080000 cpu 104a14000
[mtlr]   out: 0000010000080000 0000000104a14000 0000000104980fc0 0000000000000000
[mtlr]   out: 0000001500000000 0000000000004000 000000022c0e4976 000000000035dcb8
[mtlr] resource2 sel8 flags 470 sz 0x1000 -> kr 0x00000000 rid 21 GPUVA 0x10000080000 cpu 104a14000
[mtlr]   out: 0000010000080000 0000000104a14000 0000000104980fc0 0000000000000000
[mtlr]   out: 0000001500000000 0000000000004000 000000022c0e4977 000000000035dcb9
[mtlr] resource2 sel8 flags 470 sz 0x1000 -> kr 0x00000000 rid 21 GPUVA 0x10000080000 cpu 104a14000
[mtlr]   out: 0000010000080000 0000000104a14000 0000000104980fc0 0000000000000000
[mtlr]   out: 0000001500000000 0000000000004000 000000022c0e4978 000000000035dcba
[mtlr] resource2 sel8 flags 470 sz 0x1000 -> kr 0x00000000 rid 21 GPUVA 0x10000080000 cpu 104a14000
[mtlr]   out: 0000010000080000 0000000104a14000 0000000104980fc0 0000000000000000
[mtlr]   out: 0000001500000000 0000000000004000 000000022c0e4979 000000000035dcbb
[mtlr] resource2 sel8 flags 470 sz 0x1000 -> kr 0x00000000 rid 21 GPUVA 0x10000080000 cpu 104a14000
[mtlr]   out: 0000010000080000 0000000104a14000 0000000104980fc0 0000000000000000
[mtlr]   out: 0000001500000000 0000000000004000 000000022c0e497a 000000000035dcbc
[mtlr] resource2 sel8 flags 470 sz 0x1000 -> kr 0x00000000 rid 21 GPUVA 0x10000080000 cpu 104a14000
[mtlr]   out: 0000010000080000 0000000104a14000 0000000104980fc0 0000000000000000
[mtlr]   out: 0000001500000000 0000000000004000 000000022c0e497b 000000000035dcbd
[mtlr] resource2 sel8 flags 470 sz 0x1000 -> kr 0x00000000 rid 21 GPUVA 0x10000080000 cpu 104a14000
[mtlr]   out: 0000010000080000 0000000104a14000 0000000104980fc0 0000000000000000
[mtlr]   out: 0000001500000000 0000000000004000 000000022c0e497c 000000000035dcbe
[mtlr] resource2 sel8 flags 470 sz 0x1000 -> kr 0x00000000 rid 21 GPUVA 0x10000080000 cpu 104a14000
[mtlr]   out: 0000010000080000 0000000104a14000 0000000104980fc0 0000000000000000
[mtlr]   out: 0000001500000000 0000000000004000 000000022c0e497d 000000000035dcbf
[mtlr] resource2 sel8 flags 470 sz 0x1000 -> kr 0x00000000 rid 21 GPUVA 0x10000080000 cpu 104a14000
[mtlr]   out: 0000010000080000 0000000104a14000 0000000104980fc0 0000000000000000
[mtlr]   out: 0000001500000000 0000000000004000 000000022c0e497e 000000000035dcc0
[mtlr] resource2 sel8 flags 470 sz 0x1000 -> kr 0x00000000 rid 21 GPUVA 0x10000080000 cpu 104a14000
[mtlr]   out: 0000010000080000 0000000104a14000 0000000104980fc0 0000000000000000
[mtlr]   out: 0000001500000000 0000000000004000 000000022c0e497f 000000000035dcc1
[mtlr] resource2 sel8 flags 470 sz 0x1000 -> kr 0x00000000 rid 21 GPUVA 0x10000080000 cpu 104a14000
[mtlr]   out: 0000010000080000 0000000104a14000 0000000104980fc0 0000000000000000
[mtlr]   out: 0000001500000000 0000000000004000 000000022c0e4980 000000000035dcc2
[mtlr] resource2 sel8 flags 470 sz 0x1000 -> kr 0x00000000 rid 21 GPUVA 0x10000080000 cpu 104a14000
[mtlr]   out: 0000010000080000 0000000104a14000 0000000104980fc0 0000000000000000
[mtlr]   out: 0000001500000000 0000000000004000 000000022c0e4981 000000000035dcc3
[mtlr] resource2 sel8 flags 470 sz 0x1000 -> kr 0x00000000 rid 21 GPUVA 0x10000080000 cpu 104a14000
[mtlr]   out: 0000010000080000 0000000104a14000 0000000104980fc0 0000000000000000
[mtlr]   out: 0000001500000000 0000000000004000 000000022c0e4982 000000000035dcc4
[mtlr] resource2 sel8 flags 470 sz 0x1000 -> kr 0x00000000 rid 21 GPUVA 0x10000080000 cpu 104a14000
[mtlr]   out: 0000010000080000 0000000104a14000 0000000104980fc0 0000000000000000
[mtlr]   out: 0000001500000000 0000000000004000 000000022c0e4983 000000000035dcc5
[mtlr] resource2 sel8 flags 470 sz 0x1000 -> kr 0x00000000 rid 21 GPUVA 0x10000080000 cpu 104a14000
[mtlr]   out: 0000010000080000 0000000104a14000 0000000104980fc0 0000000000000000
[mtlr]   out: 0000001500000000 0000000000004000 000000022c0e4984 000000000035dcc6
[mtlr] resource2 sel8 flags 470 sz 0x1000 -> kr 0x00000000 rid 21 GPUVA 0x10000080000 cpu 104a14000
[mtlr]   out: 0000010000080000 0000000104a14000 0000000104980fc0 0000000000000000
[mtlr]   out: 0000001500000000 0000000000004000 000000022c0e4985 000000000035dcc7
[mtlr] resource2 sel8 flags 470 sz 0x1000 -> kr 0x00000000 rid 21 GPUVA 0x10000080000 cpu 104a14000
[mtlr]   out: 0000010000080000 0000000104a14000 0000000104980fc0 0000000000000000
[mtlr]   out: 0000001500000000 0000000000004000 000000022c0e4986 000000000035dcc8
[mtlr] resource2 sel8 flags 470 sz 0x1000 -> kr 0x00000000 rid 21 GPUVA 0x10000080000 cpu 104a14000
[mtlr]   out: 0000010000080000 0000000104a14000 0000000104980fc0 0000000000000000
[mtlr]   out: 0000001500000000 0000000000004000 000000022c0e4987 000000000035dcc9
[mtlr] resource2 sel8 flags 470 sz 0x1000 -> kr 0x00000000 rid 21 GPUVA 0x10000080000 cpu 104a14000
[mtlr]   out: 0000010000080000 0000000104a14000 0000000104980fc0 0000000000000000
[mtlr]   out: 0000001500000000 0000000000004000 000000022c0e4988 000000000035dcca
[mtlr] resource2 sel8 flags 470 sz 0x1000 -> kr 0x00000000 rid 21 GPUVA 0x10000080000 cpu 104a14000
[mtlr]   out: 0000010000080000 0000000104a14000 0000000104980fc0 0000000000000000
[mtlr]   out: 0000001500000000 0000000000004000 000000022c0e4989 000000000035dccb
[mtlr] resource2 sel8 flags 470 sz 0x1000 -> kr 0x00000000 rid 21 GPUVA 0x10000080000 cpu 104a14000
[mtlr]   out: 0000010000080000 0000000104a14000 0000000104980fc0 0000000000000000
[mtlr]   out: 0000001500000000 0000000000004000 000000022c0e498a 000000000035dccc
[mtlr] resource2 sel8 flags 470 sz 0x1000 -> kr 0x00000000 rid 21 GPUVA 0x10000080000 cpu 104a14000
[mtlr]   out: 0000010000080000 0000000104a14000 0000000104980fc0 0000000000000000
[mtlr]   out: 0000001500000000 0000000000004000 000000022c0e498b 000000000035dccd
[mtlr] resource2 sel8 flags 470 sz 0x1000 -> kr 0x00000000 rid 21 GPUVA 0x10000080000 cpu 104a14000
[mtlr]   out: 0000010000080000 0000000104a14000 0000000104980fc0 0000000000000000
[mtlr]   out: 0000001500000000 0000000000004000 000000022c0e498c 000000000035dcce
[mtlr] resource2 sel8 flags 470 sz 0x1000 -> kr 0x00000000 rid 21 GPUVA 0x10000080000 cpu 104a14000
[mtlr]   out: 0000010000080000 0000000104a14000 0000000104980fc0 0000000000000000
[mtlr]   out: 0000001500000000 0000000000004000 000000022c0e498d 000000000035dccf
[mtlr] resource2 sel8 flags 470 sz 0x1000 -> kr 0x00000000 rid 21 GPUVA 0x10000080000 cpu 104a14000
[mtlr]   out: 0000010000080000 0000000104a14000 0000000104980fc0 0000000000000000
[mtlr]   out: 0000001500000000 0000000000004000 000000022c0e498e 000000000035dcd0
[mtlr] resource2 sel8 flags 470 sz 0x1000 -> kr 0x00000000 rid 21 GPUVA 0x10000080000 cpu 104a14000
[mtlr]   out: 0000010000080000 0000000104a14000 0000000104980fc0 0000000000000000
[mtlr]   out: 0000001500000000 0000000000004000 000000022c0e498f 000000000035dcd1
[mtlr] resource2 sel8 flags 470 sz 0x1000 -> kr 0x00000000 rid 21 GPUVA 0x10000080000 cpu 104a14000
[mtlr]   out: 0000010000080000 0000000104a14000 0000000104980fc0 0000000000000000
[mtlr]   out: 0000001500000000 0000000000004000 000000022c0e4990 000000000035dcd2
[mtlr] resource2 sel8 flags 470 sz 0x1000 -> kr 0x00000000 rid 21 GPUVA 0x10000080000 cpu 104a14000
[mtlr]   out: 0000010000080000 0000000104a14000 0000000104980fc0 0000000000000000
[mtlr]   out: 0000001500000000 0000000000004000 000000022c0e4991 000000000035dcd3
[mtlr] resource2 sel8 flags 470 sz 0x1000 -> kr 0x00000000 rid 21 GPUVA 0x10000080000 cpu 104a14000
[mtlr]   out: 0000010000080000 0000000104a14000 0000000104980fc0 0000000000000000
[mtlr]   out: 0000001500000000 0000000000004000 000000022c0e4992 000000000035dcd4
[mtlr] resource2 sel8 flags 470 sz 0x1000 -> kr 0x00000000 rid 21 GPUVA 0x10000080000 cpu 104a14000
[mtlr]   out: 0000010000080000 0000000104a14000 0000000104980fc0 0000000000000000
[mtlr]   out: 0000001500000000 0000000000004000 000000022c0e4993 000000000035dcd5
[mtlr] resource2 sel8 flags 470 sz 0x1000 -> kr 0x00000000 rid 21 GPUVA 0x10000080000 cpu 104a14000
[mtlr]   out: 0000010000080000 0000000104a14000 0000000104980fc0 0000000000000000
[mtlr]   out: 0000001500000000 0000000000004000 000000022c0e4994 000000000035dcd6
[mtlr] resource2 sel8 flags 470 sz 0x1000 -> kr 0x00000000 rid 21 GPUVA 0x10000080000 cpu 104a14000
[mtlr]   out: 0000010000080000 0000000104a14000 0000000104980fc0 0000000000000000
[mtlr]   out: 0000001500000000 0000000000004000 000000022c0e4995 000000000035dcd7
[mtlr] resource2 sel8 flags 470 sz 0x1000 -> kr 0x00000000 rid 21 GPUVA 0x10000080000 cpu 104a14000
[mtlr]   out: 0000010000080000 0000000104a14000 0000000104980fc0 0000000000000000
[mtlr]   out: 0000001500000000 0000000000004000 000000022c0e4996 000000000035dcd8
[mtlr] resource2 sel8 flags 470 sz 0x1000 -> kr 0x00000000 rid 21 GPUVA 0x10000080000 cpu 104a14000
[mtlr]   out: 0000010000080000 0000000104a14000 0000000104980fc0 0000000000000000
[mtlr]   out: 0000001500000000 0000000000004000 000000022c0e4997 000000000035dcd9
[uatrec] S1 40 junk destroys done (queue overflow => process)
[mtlr] resource2 sel8 flags 470 sz 0x10000 -> kr 0x00000000 rid 21 GPUVA 0x10000080000 cpu 104a14000
[mtlr]   out: 0000010000080000 0000000104a14000 0000000104980fc0 0000000000000000
[mtlr]   out: 0000001500000000 0000000000010000 000000022c0e4998 000000000035dcda
[uatrec] S1 W0[0] rid 21 gpuva 0x10000080000 (victim 0x10000080000..0x10000090000) [HIT] GPUVA REUSED
[mtlr] resource2 sel8 flags 470 sz 0x10000 -> kr 0x00000000 rid 22 GPUVA 0x10000098000 cpu 104a24000
[mtlr]   out: 0000010000098000 0000000104a24000 0000000104981080 0000000000000000
[mtlr]   out: 0000001600000000 0000000000010000 000000022c0e4999 000000000035dcdb
[uatrec] S1 W0[1] rid 22 gpuva 0x10000098000 (victim 0x10000080000..0x10000090000) (near)
[mtlr] resource2 sel8 flags 470 sz 0x10000 -> kr 0x00000000 rid 23 GPUVA 0x100000b0000 cpu 104a34000
[mtlr]   out: 00000100000b0000 0000000104a34000 0000000104981140 0000000000000000
[mtlr]   out: 0000001700000000 0000000000010000 000000022c0e499a 000000000035dcdc
[uatrec] S1 W0[2] rid 23 gpuva 0x100000b0000 (victim 0x10000080000..0x10000090000) (near)
[mtlr] resource2 sel8 flags 470 sz 0x10000 -> kr 0x00000000 rid 24 GPUVA 0x100000c8000 cpu 104a44000
[mtlr]   out: 00000100000c8000 0000000104a44000 0000000104981200 0000000000000000
[mtlr]   out: 0000001800000000 0000000000010000 000000022c0e499b 000000000035dcdd
[uatrec] S1 W0[3] rid 24 gpuva 0x100000c8000 (victim 0x10000080000..0x10000090000) (near)
[mtlr] resource2 sel8 flags 470 sz 0x10000 -> kr 0x00000000 rid 25 GPUVA 0x100000e0000 cpu 104a54000
[mtlr]   out: 00000100000e0000 0000000104a54000 00000001049812c0 0000000000000000
[mtlr]   out: 0000001900000000 0000000000010000 000000022c0e499c 000000000035dcde
[uatrec] S1 W0[4] rid 25 gpuva 0x100000e0000 (victim 0x10000080000..0x10000090000) (near)
[mtlr] resource2 sel8 flags 470 sz 0x10000 -> kr 0x00000000 rid 26 GPUVA 0x100000f8000 cpu 104a64000
[mtlr]   out: 00000100000f8000 0000000104a64000 0000000104981380 0000000000000000
[mtlr]   out: 0000001a00000000 0000000000010000 000000022c0e499d 000000000035dcdf
[uatrec] S1 W0[5] rid 26 gpuva 0x100000f8000 (victim 0x10000080000..0x10000090000) (near)
[mtlr] resource2 sel8 flags 470 sz 0x10000 -> kr 0x00000000 rid 27 GPUVA 0x10000110000 cpu 104a74000
[mtlr]   out: 0000010000110000 0000000104a74000 0000000104981440 0000000000000000
[mtlr]   out: 0000001b00000000 0000000000010000 000000022c0e499e 000000000035dce0
[uatrec] S1 W0[6] rid 27 gpuva 0x10000110000 (victim 0x10000080000..0x10000090000) (near)
[mtlr] resource2 sel8 flags 470 sz 0x10000 -> kr 0x00000000 rid 28 GPUVA 0x10000128000 cpu 104a84000
[mtlr]   out: 0000010000128000 0000000104a84000 0000000104981500 0000000000000000
[mtlr]   out: 0000001c00000000 0000000000010000 000000022c0e499f 000000000035dce1
[uatrec] S1 W0[7] rid 28 gpuva 0x10000128000 (victim 0x10000080000..0x10000090000) (near)
[mtlr] resource2 sel8 flags 470 sz 0x10000 -> kr 0x00000000 rid 29 GPUVA 0x10000140000 cpu 104a94000
[mtlr]   out: 0000010000140000 0000000104a94000 00000001049815c0 0000000000000000
[mtlr]   out: 0000001d00000000 0000000000010000 000000022c0e49a0 000000000035dce2
[uatrec] S1 W0[8] rid 29 gpuva 0x10000140000 (victim 0x10000080000..0x10000090000) (near)
[mtlr] resource2 sel8 flags 470 sz 0x10000 -> kr 0x00000000 rid 30 GPUVA 0x10000158000 cpu 104aa4000
[mtlr]   out: 0000010000158000 0000000104aa4000 0000000104981680 0000000000000000
[mtlr]   out: 0000001e00000000 0000000000010000 000000022c0e49a1 000000000035dce3
[uatrec] S1 W0[9] rid 30 gpuva 0x10000158000 (victim 0x10000080000..0x10000090000) (near)
[mtlr] resource2 sel8 flags 470 sz 0x10000 -> kr 0x00000000 rid 31 GPUVA 0x10000170000 cpu 104ab4000
[mtlr]   out: 0000010000170000 0000000104ab4000 0000000104981740 0000000000000000
[mtlr]   out: 0000001f00000000 0000000000010000 000000022c0e49a2 000000000035dce4
[uatrec] S1 W0[10] rid 31 gpuva 0x10000170000 (victim 0x10000080000..0x10000090000) (near)
[mtlr] resource2 sel8 flags 470 sz 0x10000 -> kr 0x00000000 rid 32 GPUVA 0x10000188000 cpu 104ac4000
[mtlr]   out: 0000010000188000 0000000104ac4000 0000000104981800 0000000000000000
[mtlr]   out: 0000002000000000 0000000000010000 000000022c0e49a3 000000000035dce5
[uatrec] S1 W0[11] rid 32 gpuva 0x10000188000 (victim 0x10000080000..0x10000090000)
[mtlr] resource2 sel8 flags 470 sz 0x10000 -> kr 0x00000000 rid 33 GPUVA 0x100001a0000 cpu 104ad4000
[mtlr]   out: 00000100001a0000 0000000104ad4000 00000001049818c0 0000000000000000
[mtlr]   out: 0000002100000000 0000000000010000 000000022c0e49a4 000000000035dce6
[uatrec] S1 W0[12] rid 33 gpuva 0x100001a0000 (victim 0x10000080000..0x10000090000)
[mtlr] resource2 sel8 flags 470 sz 0x10000 -> kr 0x00000000 rid 34 GPUVA 0x100001b8000 cpu 104ae4000
[mtlr]   out: 00000100001b8000 0000000104ae4000 0000000104981980 0000000000000000
[mtlr]   out: 0000002200000000 0000000000010000 000000022c0e49a5 000000000035dce7
[uatrec] S1 W0[13] rid 34 gpuva 0x100001b8000 (victim 0x10000080000..0x10000090000)
[mtlr] resource2 sel8 flags 470 sz 0x10000 -> kr 0x00000000 rid 35 GPUVA 0x100001d0000 cpu 104af4000
[mtlr]   out: 00000100001d0000 0000000104af4000 0000000104981a40 0000000000000000
[mtlr]   out: 0000002300000000 0000000000010000 000000022c0e49a6 000000000035dce8
[uatrec] S1 W0[14] rid 35 gpuva 0x100001d0000 (victim 0x10000080000..0x10000090000)
[mtlr] resource2 sel8 flags 470 sz 0x10000 -> kr 0x00000000 rid 36 GPUVA 0x100001e8000 cpu 104b04000
[mtlr]   out: 00000100001e8000 0000000104b04000 0000000104981b00 0000000000000000
[mtlr]   out: 0000002400000000 0000000000010000 000000022c0e49a7 000000000035dce9
[uatrec] S1 W0[15] rid 36 gpuva 0x100001e8000 (victim 0x10000080000..0x10000090000)
[uatrec] S1 W1 at +1005ms (flush-relative)
[mtlr] resource2 sel8 flags 470 sz 0x10000 -> kr 0x00000000 rid 37 GPUVA 0x10000200000 cpu 104bd0000
[mtlr]   out: 0000010000200000 0000000104bd0000 0000000104981bc0 0000000000000000
[mtlr]   out: 0000002500000000 0000000000010000 000000022c0e49e2 000000000035dcee
[uatrec] S1 W1[0] rid 37 gpuva 0x10000200000 (victim 0x10000080000..0x10000090000)
[mtlr] resource2 sel8 flags 470 sz 0x10000 -> kr 0x00000000 rid 38 GPUVA 0x10000218000 cpu 104be0000
[mtlr]   out: 0000010000218000 0000000104be0000 0000000104981c80 0000000000000000
[mtlr]   out: 0000002600000000 0000000000010000 000000022c0e49e3 000000000035dcef
[uatrec] S1 W1[1] rid 38 gpuva 0x10000218000 (victim 0x10000080000..0x10000090000)
[mtlr] resource2 sel8 flags 470 sz 0x10000 -> kr 0x00000000 rid 39 GPUVA 0x10000230000 cpu 104bf0000
[mtlr]   out: 0000010000230000 0000000104bf0000 0000000104981d40 0000000000000000
[mtlr]   out: 0000002700000000 0000000000010000 000000022c0e49e4 000000000035dcf0
[uatrec] S1 W1[2] rid 39 gpuva 0x10000230000 (victim 0x10000080000..0x10000090000)
[mtlr] resource2 sel8 flags 470 sz 0x10000 -> kr 0x00000000 rid 40 GPUVA 0x10000248000 cpu 105004000
[mtlr]   out: 0000010000248000 0000000105004000 0000000104981e00 0000000000000000
[mtlr]   out: 0000002800000000 0000000000010000 000000022c0e49e5 000000000035dcf1
[uatrec] S1 W1[3] rid 40 gpuva 0x10000248000 (victim 0x10000080000..0x10000090000)
[mtlr] resource2 sel8 flags 470 sz 0x10000 -> kr 0x00000000 rid 41 GPUVA 0x10000260000 cpu 105014000
[mtlr]   out: 0000010000260000 0000000105014000 0000000104981ec0 0000000000000000
[mtlr]   out: 0000002900000000 0000000000010000 000000022c0e49e6 000000000035dcf2
[uatrec] S1 W1[4] rid 41 gpuva 0x10000260000 (victim 0x10000080000..0x10000090000)
[mtlr] resource2 sel8 flags 470 sz 0x10000 -> kr 0x00000000 rid 42 GPUVA 0x10000278000 cpu 105024000
[mtlr]   out: 0000010000278000 0000000105024000 0000000104981f80 0000000000000000
[mtlr]   out: 0000002a00000000 0000000000010000 000000022c0e49e7 000000000035dcf3
[uatrec] S1 W1[5] rid 42 gpuva 0x10000278000 (victim 0x10000080000..0x10000090000)
[mtlr] resource2 sel8 flags 470 sz 0x10000 -> kr 0x00000000 rid 43 GPUVA 0x10000290000 cpu 105034000
[mtlr]   out: 0000010000290000 0000000105034000 0000000104982040 0000000000000000
[mtlr]   out: 0000002b00000000 0000000000010000 000000022c0e49e8 000000000035dcf4
[uatrec] S1 W1[6] rid 43 gpuva 0x10000290000 (victim 0x10000080000..0x10000090000)
[mtlr] resource2 sel8 flags 470 sz 0x10000 -> kr 0x00000000 rid 44 GPUVA 0x100002a8000 cpu 1095c8000
[mtlr]   out: 00000100002a8000 00000001095c8000 0000000104982100 0000000000000000
[mtlr]   out: 0000002c00000000 0000000000010000 000000022c0e49e9 000000000035dcf5
[uatrec] S1 W1[7] rid 44 gpuva 0x100002a8000 (victim 0x10000080000..0x10000090000)
[mtlr] resource2 sel8 flags 470 sz 0x10000 -> kr 0x00000000 rid 45 GPUVA 0x100002c0000 cpu 1095d8000
[mtlr]   out: 00000100002c0000 00000001095d8000 00000001049821c0 0000000000000000
[mtlr]   out: 0000002d00000000 0000000000010000 000000022c0e49ea 000000000035dcf6
[uatrec] S1 W1[8] rid 45 gpuva 0x100002c0000 (victim 0x10000080000..0x10000090000)
[mtlr] resource2 sel8 flags 470 sz 0x10000 -> kr 0x00000000 rid 46 GPUVA 0x100002d8000 cpu 1095e8000
[mtlr]   out: 00000100002d8000 00000001095e8000 0000000104982280 0000000000000000
[mtlr]   out: 0000002e00000000 0000000000010000 000000022c0e49eb 000000000035dcf7
[uatrec] S1 W1[9] rid 46 gpuva 0x100002d8000 (victim 0x10000080000..0x10000090000)
[mtlr] resource2 sel8 flags 470 sz 0x10000 -> kr 0x00000000 rid 47 GPUVA 0x100002f0000 cpu 1095f8000
[mtlr]   out: 00000100002f0000 00000001095f8000 0000000104982340 0000000000000000
[mtlr]   out: 0000002f00000000 0000000000010000 000000022c0e49ec 000000000035dcf8
[uatrec] S1 W1[10] rid 47 gpuva 0x100002f0000 (victim 0x10000080000..0x10000090000)
[mtlr] resource2 sel8 flags 470 sz 0x10000 -> kr 0x00000000 rid 48 GPUVA 0x10000308000 cpu 109608000
[mtlr]   out: 0000010000308000 0000000109608000 0000000104982400 0000000000000000
[mtlr]   out: 0000003000000000 0000000000010000 000000022c0e49ed 000000000035dcf9
[uatrec] S1 W1[11] rid 48 gpuva 0x10000308000 (victim 0x10000080000..0x10000090000)
[mtlr] resource2 sel8 flags 470 sz 0x10000 -> kr 0x00000000 rid 49 GPUVA 0x10000320000 cpu 109618000
[mtlr]   out: 0000010000320000 0000000109618000 00000001049824c0 0000000000000000
[mtlr]   out: 0000003100000000 0000000000010000 000000022c0e49ee 000000000035dcfa
[uatrec] S1 W1[12] rid 49 gpuva 0x10000320000 (victim 0x10000080000..0x10000090000)
[mtlr] resource2 sel8 flags 470 sz 0x10000 -> kr 0x00000000 rid 50 GPUVA 0x10000338000 cpu 109628000
[mtlr]   out: 0000010000338000 0000000109628000 0000000104982580 0000000000000000
[mtlr]   out: 0000003200000000 0000000000010000 000000022c0e49ef 000000000035dcfb
[uatrec] S1 W1[13] rid 50 gpuva 0x10000338000 (victim 0x10000080000..0x10000090000)
[mtlr] resource2 sel8 flags 470 sz 0x10000 -> kr 0x00000000 rid 51 GPUVA 0x10000350000 cpu 109638000
[mtlr]   out: 0000010000350000 0000000109638000 0000000104982640 0000000000000000
[mtlr]   out: 0000003300000000 0000000000010000 000000022c0e49f0 000000000035dcfc
[uatrec] S1 W1[14] rid 51 gpuva 0x10000350000 (victim 0x10000080000..0x10000090000)
[mtlr] resource2 sel8 flags 470 sz 0x10000 -> kr 0x00000000 rid 52 GPUVA 0x10000368000 cpu 109648000
[mtlr]   out: 0000010000368000 0000000109648000 0000000104982700 0000000000000000
[mtlr]   out: 0000003400000000 0000000000010000 000000022c0e49f1 000000000035dcfd
[uatrec] S1 W1[15] rid 52 gpuva 0x10000368000 (victim 0x10000080000..0x10000090000)
[uatrec] S1 summary: 1 exact/in-range GPUVA hits, 10 near, W0 16/W1 16 allocs (held alive)
[uatrec] [HIT] S1: GPUVA reuse confirmed via AGXUAT::process flush
[uatrec] done (alive)
[probe13] uatrec-only mode, stop
