[main] fuzz harness up, mode=scaler
[main] sandbox note: VCPDRM open is MACF-denied (iokit-open-user-client VCPDRMUserClient); mach-lookup com.apple.sprr / com.apple.jitbox exist but are sandbox-gated (seen in kernel log)
[open] AppleM2ScalerCSCDriver -> conn 0x7e13
[scaler] conn 0x7e13, s1 12 s2 13
[probe12] SetNotificationPort -> 0x00000000
[uatrec] v111 step 5 delay 0ms
[open] IOGPU -> conn 0x7c13
[uatrec] mconn 0x7527 ourc 0x7c13
[uatrec] S5 OOL-reclaim: 3 rounds, cong 24, 128 msgs x 64KB (0x43), delay 0ms
[mtlr] resource2 sel8 flags 470 sz 0x10000 -> kr 0x00000000 rid 311 GPUVA 0x10002c90000 cpu 10afec000
[mtlr]   out: 0000010002c90000 000000010afec000 000000010adda940 0000000000000000
[mtlr]   out: 0000013700000000 0000000000010000 000000001321fb62 0000000000005140
[uatrec] S5 r0: victim rid 311 gv 0x10002c90000 slots 12 ridpatch 1 — commit, destroy+flush
[mtlr] resource2 sel8 flags 470 sz 0x1000 -> kr 0x00000000 rid 311 GPUVA 0x10002d58000 cpu 10b08c000
[mtlr]   out: 0000010002d58000 000000010b08c000 000000010addb480 0000000000000000
[mtlr]   out: 0000013700000000 0000000000004000 000000001321fd02 0000000000005180
[mtlr] resource2 sel8 flags 470 sz 0x1000 -> kr 0x00000000 rid 311 GPUVA 0x10002d58000 cpu 10b08c000
[mtlr]   out: 0000010002d58000 000000010b08c000 000000010addb480 0000000000000000
[mtlr]   out: 0000013700000000 0000000000004000 000000001321fd03 0000000000005181
[mtlr] resource2 sel8 flags 470 sz 0x1000 -> kr 0x00000000 rid 311 GPUVA 0x10002d58000 cpu 10b08c000
[mtlr]   out: 0000010002d58000 000000010b08c000 000000010addb480 0000000000000000
[mtlr]   out: 0000013700000000 0000000000004000 000000001321fd04 0000000000005182
[mtlr] resource2 sel8 flags 470 sz 0x1000 -> kr 0x00000000 rid 311 GPUVA 0x10002d58000 cpu 10b08c000
[mtlr]   out: 0000010002d58000 000000010b08c000 000000010addb480 0000000000000000
[mtlr]   out: 0000013700000000 0000000000004000 000000001321fd05 0000000000005183
[mtlr] resource2 sel8 flags 470 sz 0x1000 -> kr 0x00000000 rid 311 GPUVA 0x10002d58000 cpu 10b08c000
[mtlr]   out: 0000010002d58000 000000010b08c000 000000010addb480 0000000000000000
[mtlr]   out: 0000013700000000 0000000000004000 000000001321fd06 0000000000005184
[mtlr] resource2 sel8 flags 470 sz 0x1000 -> kr 0x00000000 rid 311 GPUVA 0x10002d58000 cpu 10b08c000
[mtlr]   out: 0000010002d58000 000000010b08c000 000000010addb480 0000000000000000
[mtlr]   out: 0000013700000000 0000000000004000 000000001321fd07 0000000000005185
[mtlr] resource2 sel8 flags 470 sz 0x1000 -> kr 0x00000000 rid 311 GPUVA 0x10002d58000 cpu 10b08c000
[mtlr]   out: 0000010002d58000 000000010b08c000 000000010addb480 0000000000000000
[mtlr]   out: 0000013700000000 0000000000004000 000000001321fd08 0000000000005186
[mtlr] resource2 sel8 flags 470 sz 0x1000 -> kr 0x00000000 rid 311 GPUVA 0x10002d58000 cpu 10b08c000
[mtlr]   out: 0000010002d58000 000000010b08c000 000000010addb480 0000000000000000
[mtlr]   out: 0000013700000000 0000000000004000 000000001321fd09 0000000000005187
[mtlr] resource2 sel8 flags 470 sz 0x1000 -> kr 0x00000000 rid 311 GPUVA 0x10002d58000 cpu 10b08c000
[mtlr]   out: 0000010002d58000 000000010b08c000 000000010addb480 0000000000000000
[mtlr]   out: 0000013700000000 0000000000004000 000000001321fd0a 0000000000005188
[mtlr] resource2 sel8 flags 470 sz 0x1000 -> kr 0x00000000 rid 311 GPUVA 0x10002d58000 cpu 10b08c000
[mtlr]   out: 0000010002d58000 000000010b08c000 000000010addb480 0000000000000000
[mtlr]   out: 0000013700000000 0000000000004000 000000001321fd0b 0000000000005189
[mtlr] resource2 sel8 flags 470 sz 0x1000 -> kr 0x00000000 rid 311 GPUVA 0x10002d58000 cpu 10b08c000
[mtlr]   out: 0000010002d58000 000000010b08c000 000000010addb480 0000000000000000
[mtlr]   out: 0000013700000000 0000000000004000 000000001321fd0c 000000000000518a
[mtlr] resource2 sel8 flags 470 sz 0x1000 -> kr 0x00000000 rid 311 GPUVA 0x10002d58000 cpu 10b08c000
[mtlr]   out: 0000010002d58000 000000010b08c000 000000010addb480 0000000000000000
[mtlr]   out: 0000013700000000 0000000000004000 000000001321fd0d 000000000000518b
[mtlr] resource2 sel8 flags 470 sz 0x1000 -> kr 0x00000000 rid 311 GPUVA 0x10002d58000 cpu 10b08c000
[mtlr]   out: 0000010002d58000 000000010b08c000 000000010addb480 0000000000000000
[mtlr]   out: 0000013700000000 0000000000004000 000000001321fd0e 000000000000518c
[mtlr] resource2 sel8 flags 470 sz 0x1000 -> kr 0x00000000 rid 311 GPUVA 0x10002d58000 cpu 10b08c000
[mtlr]   out: 0000010002d58000 000000010b08c000 000000010addb480 0000000000000000
[mtlr]   out: 0000013700000000 0000000000004000 000000001321fd0f 000000000000518d
[mtlr] resource2 sel8 flags 470 sz 0x1000 -> kr 0x00000000 rid 311 GPUVA 0x10002d58000 cpu 10b08c000
[mtlr]   out: 0000010002d58000 000000010b08c000 000000010addb480 0000000000000000
[mtlr]   out: 0000013700000000 0000000000004000 000000001321fd10 000000000000518e
[mtlr] resource2 sel8 flags 470 sz 0x1000 -> kr 0x00000000 rid 311 GPUVA 0x10002d58000 cpu 10b08c000
[mtlr]   out: 0000010002d58000 000000010b08c000 000000010addb480 0000000000000000
[mtlr]   out: 0000013700000000 0000000000004000 000000001321fd11 000000000000518f
[mtlr] resource2 sel8 flags 470 sz 0x1000 -> kr 0x00000000 rid 311 GPUVA 0x10002d58000 cpu 10b08c000
[mtlr]   out: 0000010002d58000 000000010b08c000 000000010addb480 0000000000000000
[mtlr]   out: 0000013700000000 0000000000004000 000000001321fd12 0000000000005190
[mtlr] resource2 sel8 flags 470 sz 0x1000 -> kr 0x00000000 rid 311 GPUVA 0x10002d58000 cpu 10b08c000
[mtlr]   out: 0000010002d58000 000000010b08c000 000000010addb480 0000000000000000
[mtlr]   out: 0000013700000000 0000000000004000 000000001321fd13 0000000000005191
[mtlr] resource2 sel8 flags 470 sz 0x1000 -> kr 0x00000000 rid 311 GPUVA 0x10002d58000 cpu 10b08c000
[mtlr]   out: 0000010002d58000 000000010b08c000 000000010addb480 0000000000000000
[mtlr]   out: 0000013700000000 0000000000004000 000000001321fd14 0000000000005192
[mtlr] resource2 sel8 flags 470 sz 0x1000 -> kr 0x00000000 rid 311 GPUVA 0x10002d58000 cpu 10b08c000
[mtlr]   out: 0000010002d58000 000000010b08c000 000000010addb480 0000000000000000
[mtlr]   out: 0000013700000000 0000000000004000 000000001321fd15 0000000000005193
[mtlr] resource2 sel8 flags 470 sz 0x1000 -> kr 0x00000000 rid 311 GPUVA 0x10002d58000 cpu 10b08c000
[mtlr]   out: 0000010002d58000 000000010b08c000 000000010addb480 0000000000000000
[mtlr]   out: 0000013700000000 0000000000004000 000000001321fd16 0000000000005194
[mtlr] resource2 sel8 flags 470 sz 0x1000 -> kr 0x00000000 rid 311 GPUVA 0x10002d58000 cpu 10b08c000
[mtlr]   out: 0000010002d58000 000000010b08c000 000000010addb480 0000000000000000
[mtlr]   out: 0000013700000000 0000000000004000 000000001321fd17 0000000000005195
[mtlr] resource2 sel8 flags 470 sz 0x1000 -> kr 0x00000000 rid 311 GPUVA 0x10002d58000 cpu 10b08c000
[mtlr]   out: 0000010002d58000 000000010b08c000 000000010addb480 0000000000000000
[mtlr]   out: 0000013700000000 0000000000004000 000000001321fd18 0000000000005196
[mtlr] resource2 sel8 flags 470 sz 0x1000 -> kr 0x00000000 rid 311 GPUVA 0x10002d58000 cpu 10b08c000
[mtlr]   out: 0000010002d58000 000000010b08c000 000000010addb480 0000000000000000
[mtlr]   out: 0000013700000000 0000000000004000 000000001321fd19 0000000000005197
[mtlr] resource2 sel8 flags 470 sz 0x1000 -> kr 0x00000000 rid 311 GPUVA 0x10002d58000 cpu 10b08c000
[mtlr]   out: 0000010002d58000 000000010b08c000 000000010addb480 0000000000000000
[mtlr]   out: 0000013700000000 0000000000004000 000000001321fd1a 0000000000005198
[mtlr] resource2 sel8 flags 470 sz 0x1000 -> kr 0x00000000 rid 311 GPUVA 0x10002d58000 cpu 10b08c000
[mtlr]   out: 0000010002d58000 000000010b08c000 000000010addb480 0000000000000000
[mtlr]   out: 0000013700000000 0000000000004000 000000001321fd1b 0000000000005199
[mtlr] resource2 sel8 flags 470 sz 0x1000 -> kr 0x00000000 rid 311 GPUVA 0x10002d58000 cpu 10b08c000
[mtlr]   out: 0000010002d58000 000000010b08c000 000000010addb480 0000000000000000
[mtlr]   out: 0000013700000000 0000000000004000 000000001321fd1c 000000000000519a
[mtlr] resource2 sel8 flags 470 sz 0x1000 -> kr 0x00000000 rid 311 GPUVA 0x10002d58000 cpu 10b08c000
[mtlr]   out: 0000010002d58000 000000010b08c000 000000010addb480 0000000000000000
[mtlr]   out: 0000013700000000 0000000000004000 000000001321fd1d 000000000000519b
[mtlr] resource2 sel8 flags 470 sz 0x1000 -> kr 0x00000000 rid 311 GPUVA 0x10002d58000 cpu 10b08c000
[mtlr]   out: 0000010002d58000 000000010b08c000 000000010addb480 0000000000000000
[mtlr]   out: 0000013700000000 0000000000004000 000000001321fd1e 000000000000519c
[mtlr] resource2 sel8 flags 470 sz 0x1000 -> kr 0x00000000 rid 311 GPUVA 0x10002d58000 cpu 10b08c000
[mtlr]   out: 0000010002d58000 000000010b08c000 000000010addb480 0000000000000000
[mtlr]   out: 0000013700000000 0000000000004000 000000001321fd1f 000000000000519d
[mtlr] resource2 sel8 flags 470 sz 0x1000 -> kr 0x00000000 rid 311 GPUVA 0x10002d58000 cpu 10b08c000
[mtlr]   out: 0000010002d58000 000000010b08c000 000000010addb480 0000000000000000
[mtlr]   out: 0000013700000000 0000000000004000 000000001321fd20 000000000000519e
[mtlr] resource2 sel8 flags 470 sz 0x1000 -> kr 0x00000000 rid 311 GPUVA 0x10002d58000 cpu 10b08c000
[mtlr]   out: 0000010002d58000 000000010b08c000 000000010addb480 0000000000000000
[mtlr]   out: 0000013700000000 0000000000004000 000000001321fd21 000000000000519f
[mtlr] resource2 sel8 flags 470 sz 0x1000 -> kr 0x00000000 rid 311 GPUVA 0x10002d58000 cpu 10b08c000
[mtlr]   out: 0000010002d58000 000000010b08c000 000000010addb480 0000000000000000
[mtlr]   out: 0000013700000000 0000000000004000 000000001321fd22 00000000000051a0
[mtlr] resource2 sel8 flags 470 sz 0x1000 -> kr 0x00000000 rid 311 GPUVA 0x10002d58000 cpu 10b08c000
[mtlr]   out: 0000010002d58000 000000010b08c000 000000010addb480 0000000000000000
[mtlr]   out: 0000013700000000 0000000000004000 000000001321fd23 00000000000051a1
[mtlr] resource2 sel8 flags 470 sz 0x1000 -> kr 0x00000000 rid 311 GPUVA 0x10002d58000 cpu 10b08c000
[mtlr]   out: 0000010002d58000 000000010b08c000 000000010addb480 0000000000000000
[mtlr]   out: 0000013700000000 0000000000004000 000000001321fd24 00000000000051a2
[mtlr] resource2 sel8 flags 470 sz 0x1000 -> kr 0x00000000 rid 311 GPUVA 0x10002d58000 cpu 10b08c000
[mtlr]   out: 0000010002d58000 000000010b08c000 000000010addb480 0000000000000000
[mtlr]   out: 0000013700000000 0000000000004000 000000001321fd25 00000000000051a3
[mtlr] resource2 sel8 flags 470 sz 0x1000 -> kr 0x00000000 rid 311 GPUVA 0x10002d58000 cpu 10b08c000
[mtlr]   out: 0000010002d58000 000000010b08c000 000000010addb480 0000000000000000
[mtlr]   out: 0000013700000000 0000000000004000 000000001321fd26 00000000000051a4
[mtlr] resource2 sel8 flags 470 sz 0x1000 -> kr 0x00000000 rid 311 GPUVA 0x10002d58000 cpu 10b08c000
[mtlr]   out: 0000010002d58000 000000010b08c000 000000010addb480 0000000000000000
[mtlr]   out: 0000013700000000 0000000000004000 000000001321fd27 00000000000051a5
[mtlr] resource2 sel8 flags 470 sz 0x1000 -> kr 0x00000000 rid 311 GPUVA 0x10002d58000 cpu 10b08c000
[mtlr]   out: 0000010002d58000 000000010b08c000 000000010addb480 0000000000000000
[mtlr]   out: 0000013700000000 0000000000004000 000000001321fd28 00000000000051a6
[mtlr] resource2 sel8 flags 470 sz 0x1000 -> kr 0x00000000 rid 311 GPUVA 0x10002d58000 cpu 10b08c000
[mtlr]   out: 0000010002d58000 000000010b08c000 000000010addb480 0000000000000000
[mtlr]   out: 0000013700000000 0000000000004000 000000001321fd29 00000000000051a7
[uatrec] S5 r0: destroy kr 0x00000000 + 40 junk — OOL reclaim wave (128 msgs)
[uatrec] S5 r0: 128 OOL msgs queued (8192 KB kernel) — draining blit
[uatrec] S5 r0: drained, cb status 4 — receiving + scanning
[uatrec] S5 r0: old victim map (CPU) 0x41 65536 nz 65536 — WRITE LANDED IN OLD PAGES (stale-TLB confirmed)
[uatrec] S5 r0: receive loop ended kr 0x10004003
[uatrec] S5 r0 summary: 128 received, 0 corrupted, 0x41 total 0 (no reclaim hit)
[uatrec] S5 r0 readback: src slots 10 patched to dead gpuvaV — commit
[uatrec] S5 r0 readback: st 4 | dead-gpuva content: 0x41 0 0x43 0 zero 65536 0x55 0 other 0 — ZEROED CONSUMER / NO WRITE
[mtlr] resource2 sel8 flags 470 sz 0x10000 -> kr 0x00000000 rid 313 GPUVA 0x10002c90000 cpu 10b00c000
[mtlr]   out: 0000010002c90000 000000010b00c000 000000010addaac0 0000000000000000
[mtlr]   out: 0000013900000000 0000000000010000 000000001322013f 00000000000051ac
[uatrec] S5 r1: victim rid 313 gv 0x10002c90000 slots 10 ridpatch 1 — commit, destroy+flush
[mtlr] resource2 sel8 flags 470 sz 0x1000 -> kr 0x00000000 rid 313 GPUVA 0x10003d90000 cpu 109564000
[mtlr]   out: 0000010003d90000 0000000109564000 000000010addb6c0 0000000000000000
[mtlr]   out: 0000013900000000 0000000000004000 0000000013220172 00000000000051af
[mtlr] resource2 sel8 flags 470 sz 0x1000 -> kr 0x00000000 rid 313 GPUVA 0x10003d90000 cpu 109564000
[mtlr]   out: 0000010003d90000 0000000109564000 000000010addb6c0 0000000000000000
[mtlr]   out: 0000013900000000 0000000000004000 0000000013220173 00000000000051b0
[mtlr] resource2 sel8 flags 470 sz 0x1000 -> kr 0x00000000 rid 313 GPUVA 0x10003d90000 cpu 109564000
[mtlr]   out: 0000010003d90000 0000000109564000 000000010addb6c0 0000000000000000
[mtlr]   out: 0000013900000000 0000000000004000 0000000013220174 00000000000051b1
[mtlr] resource2 sel8 flags 470 sz 0x1000 -> kr 0x00000000 rid 313 GPUVA 0x10003d90000 cpu 109564000
[mtlr]   out: 0000010003d90000 0000000109564000 000000010addb6c0 0000000000000000
[mtlr]   out: 0000013900000000 0000000000004000 0000000013220175 00000000000051b2
[mtlr] resource2 sel8 flags 470 sz 0x1000 -> kr 0x00000000 rid 313 GPUVA 0x10003d90000 cpu 109564000
[mtlr]   out: 0000010003d90000 0000000109564000 000000010addb6c0 0000000000000000
[mtlr]   out: 0000013900000000 0000000000004000 0000000013220176 00000000000051b3
[mtlr] resource2 sel8 flags 470 sz 0x1000 -> kr 0x00000000 rid 313 GPUVA 0x10003d90000 cpu 109564000
[mtlr]   out: 0000010003d90000 0000000109564000 000000010addb6c0 0000000000000000
[mtlr]   out: 0000013900000000 0000000000004000 0000000013220177 00000000000051b4
[mtlr] resource2 sel8 flags 470 sz 0x1000 -> kr 0x00000000 rid 313 GPUVA 0x10003d90000 cpu 109564000
[mtlr]   out: 0000010003d90000 0000000109564000 000000010addb6c0 0000000000000000
[mtlr]   out: 0000013900000000 0000000000004000 0000000013220178 00000000000051b5
[mtlr] resource2 sel8 flags 470 sz 0x1000 -> kr 0x00000000 rid 313 GPUVA 0x10003d90000 cpu 109564000
[mtlr]   out: 0000010003d90000 0000000109564000 000000010addb6c0 0000000000000000
[mtlr]   out: 0000013900000000 0000000000004000 0000000013220179 00000000000051b6
[mtlr] resource2 sel8 flags 470 sz 0x1000 -> kr 0x00000000 rid 313 GPUVA 0x10003d90000 cpu 109564000
[mtlr]   out: 0000010003d90000 0000000109564000 000000010addb6c0 0000000000000000
[mtlr]   out: 0000013900000000 0000000000004000 000000001322017a 00000000000051b7
[mtlr] resource2 sel8 flags 470 sz 0x1000 -> kr 0x00000000 rid 313 GPUVA 0x10003d90000 cpu 109564000
[mtlr]   out: 0000010003d90000 0000000109564000 000000010addb6c0 0000000000000000
[mtlr]   out: 0000013900000000 0000000000004000 000000001322017b 00000000000051b8
[mtlr] resource2 sel8 flags 470 sz 0x1000 -> kr 0x00000000 rid 313 GPUVA 0x10003d90000 cpu 109564000
[mtlr]   out: 0000010003d90000 0000000109564000 000000010addb6c0 0000000000000000
[mtlr]   out: 0000013900000000 0000000000004000 000000001322017c 00000000000051b9
[mtlr] resource2 sel8 flags 470 sz 0x1000 -> kr 0x00000000 rid 313 GPUVA 0x10003d90000 cpu 109564000
[mtlr]   out: 0000010003d90000 0000000109564000 000000010addb6c0 0000000000000000
[mtlr]   out: 0000013900000000 0000000000004000 000000001322017d 00000000000051ba
[mtlr] resource2 sel8 flags 470 sz 0x1000 -> kr 0x00000000 rid 313 GPUVA 0x10003d90000 cpu 109564000
[mtlr]   out: 0000010003d90000 0000000109564000 000000010addb6c0 0000000000000000
[mtlr]   out: 0000013900000000 0000000000004000 000000001322017e 00000000000051bb
[mtlr] resource2 sel8 flags 470 sz 0x1000 -> kr 0x00000000 rid 313 GPUVA 0x10003d90000 cpu 109564000
[mtlr]   out: 0000010003d90000 0000000109564000 000000010addb6c0 0000000000000000
[mtlr]   out: 0000013900000000 0000000000004000 000000001322017f 00000000000051bc
[mtlr] resource2 sel8 flags 470 sz 0x1000 -> kr 0x00000000 rid 313 GPUVA 0x10003d90000 cpu 109564000
[mtlr]   out: 0000010003d90000 0000000109564000 000000010addb6c0 0000000000000000
[mtlr]   out: 0000013900000000 0000000000004000 0000000013220180 00000000000051bd
[mtlr] resource2 sel8 flags 470 sz 0x1000 -> kr 0x00000000 rid 313 GPUVA 0x10003d90000 cpu 109564000
[mtlr]   out: 0000010003d90000 0000000109564000 000000010addb6c0 0000000000000000
[mtlr]   out: 0000013900000000 0000000000004000 0000000013220182 00000000000051be
[mtlr] resource2 sel8 flags 470 sz 0x1000 -> kr 0x00000000 rid 313 GPUVA 0x10003d90000 cpu 109564000
[mtlr]   out: 0000010003d90000 0000000109564000 000000010addb6c0 0000000000000000
[mtlr]   out: 0000013900000000 0000000000004000 0000000013220183 00000000000051bf
[mtlr] resource2 sel8 flags 470 sz 0x1000 -> kr 0x00000000 rid 313 GPUVA 0x10003d90000 cpu 109564000
[mtlr]   out: 0000010003d90000 0000000109564000 000000010addb6c0 0000000000000000
[mtlr]   out: 0000013900000000 0000000000004000 0000000013220184 00000000000051c0
[mtlr] resource2 sel8 flags 470 sz 0x1000 -> kr 0x00000000 rid 313 GPUVA 0x10003d90000 cpu 109564000
[mtlr]   out: 0000010003d90000 0000000109564000 000000010addb6c0 0000000000000000
[mtlr]   out: 0000013900000000 0000000000004000 0000000013220185 00000000000051c1
[mtlr] resource2 sel8 flags 470 sz 0x1000 -> kr 0x00000000 rid 313 GPUVA 0x10003d90000 cpu 109564000
[mtlr]   out: 0000010003d90000 0000000109564000 000000010addb6c0 0000000000000000
[mtlr]   out: 0000013900000000 0000000000004000 0000000013220186 00000000000051c2
[mtlr] resource2 sel8 flags 470 sz 0x1000 -> kr 0x00000000 rid 313 GPUVA 0x10003d90000 cpu 109564000
[mtlr]   out: 0000010003d90000 0000000109564000 000000010addb6c0 0000000000000000
[mtlr]   out: 0000013900000000 0000000000004000 0000000013220187 00000000000051c3
[mtlr] resource2 sel8 flags 470 sz 0x1000 -> kr 0x00000000 rid 313 GPUVA 0x10003d90000 cpu 109564000
[mtlr]   out: 0000010003d90000 0000000109564000 000000010addb6c0 0000000000000000
[mtlr]   out: 0000013900000000 0000000000004000 0000000013220188 00000000000051c4
[mtlr] resource2 sel8 flags 470 sz 0x1000 -> kr 0x00000000 rid 313 GPUVA 0x10003d90000 cpu 109564000
[mtlr]   out: 0000010003d90000 0000000109564000 000000010addb6c0 0000000000000000
[mtlr]   out: 0000013900000000 0000000000004000 0000000013220189 00000000000051c5
[mtlr] resource2 sel8 flags 470 sz 0x1000 -> kr 0x00000000 rid 313 GPUVA 0x10003d90000 cpu 109564000
[mtlr]   out: 0000010003d90000 0000000109564000 000000010addb6c0 0000000000000000
[mtlr]   out: 0000013900000000 0000000000004000 000000001322018a 00000000000051c6
[mtlr] resource2 sel8 flags 470 sz 0x1000 -> kr 0x00000000 rid 313 GPUVA 0x10003d90000 cpu 109564000
[mtlr]   out: 0000010003d90000 0000000109564000 000000010addb6c0 0000000000000000
[mtlr]   out: 0000013900000000 0000000000004000 000000001322018b 00000000000051c7
[mtlr] resource2 sel8 flags 470 sz 0x1000 -> kr 0x00000000 rid 313 GPUVA 0x10003d90000 cpu 109564000
[mtlr]   out: 0000010003d90000 0000000109564000 000000010addb6c0 0000000000000000
[mtlr]   out: 0000013900000000 0000000000004000 000000001322018c 00000000000051c8
[mtlr] resource2 sel8 flags 470 sz 0x1000 -> kr 0x00000000 rid 313 GPUVA 0x10003d90000 cpu 109564000
[mtlr]   out: 0000010003d90000 0000000109564000 000000010addb6c0 0000000000000000
[mtlr]   out: 0000013900000000 0000000000004000 000000001322018d 00000000000051c9
[mtlr] resource2 sel8 flags 470 sz 0x1000 -> kr 0x00000000 rid 313 GPUVA 0x10003d90000 cpu 109564000
[mtlr]   out: 0000010003d90000 0000000109564000 000000010addb6c0 0000000000000000
[mtlr]   out: 0000013900000000 0000000000004000 000000001322018e 00000000000051ca
[mtlr] resource2 sel8 flags 470 sz 0x1000 -> kr 0x00000000 rid 313 GPUVA 0x10003d90000 cpu 109564000
[mtlr]   out: 0000010003d90000 0000000109564000 000000010addb6c0 0000000000000000
[mtlr]   out: 0000013900000000 0000000000004000 000000001322018f 00000000000051cb
[mtlr] resource2 sel8 flags 470 sz 0x1000 -> kr 0x00000000 rid 313 GPUVA 0x10003d90000 cpu 109564000
[mtlr]   out: 0000010003d90000 0000000109564000 000000010addb6c0 0000000000000000
[mtlr]   out: 0000013900000000 0000000000004000 0000000013220190 00000000000051cc
[mtlr] resource2 sel8 flags 470 sz 0x1000 -> kr 0x00000000 rid 313 GPUVA 0x10003d90000 cpu 109564000
[mtlr]   out: 0000010003d90000 0000000109564000 000000010addb6c0 0000000000000000
[mtlr]   out: 0000013900000000 0000000000004000 0000000013220191 00000000000051cd
[mtlr] resource2 sel8 flags 470 sz 0x1000 -> kr 0x00000000 rid 313 GPUVA 0x10003d90000 cpu 109564000
[mtlr]   out: 0000010003d90000 0000000109564000 000000010addb6c0 0000000000000000
[mtlr]   out: 0000013900000000 0000000000004000 0000000013220192 00000000000051ce
[mtlr] resource2 sel8 flags 470 sz 0x1000 -> kr 0x00000000 rid 313 GPUVA 0x10003d90000 cpu 109564000
[mtlr]   out: 0000010003d90000 0000000109564000 000000010addb6c0 0000000000000000
[mtlr]   out: 0000013900000000 0000000000004000 0000000013220193 00000000000051cf
[mtlr] resource2 sel8 flags 470 sz 0x1000 -> kr 0x00000000 rid 313 GPUVA 0x10003d90000 cpu 109564000
[mtlr]   out: 0000010003d90000 0000000109564000 000000010addb6c0 0000000000000000
[mtlr]   out: 0000013900000000 0000000000004000 0000000013220194 00000000000051d0
[mtlr] resource2 sel8 flags 470 sz 0x1000 -> kr 0x00000000 rid 313 GPUVA 0x10003d90000 cpu 109564000
[mtlr]   out: 0000010003d90000 0000000109564000 000000010addb6c0 0000000000000000
[mtlr]   out: 0000013900000000 0000000000004000 0000000013220195 00000000000051d1
[mtlr] resource2 sel8 flags 470 sz 0x1000 -> kr 0x00000000 rid 313 GPUVA 0x10003d90000 cpu 109564000
[mtlr]   out: 0000010003d90000 0000000109564000 000000010addb6c0 0000000000000000
[mtlr]   out: 0000013900000000 0000000000004000 0000000013220196 00000000000051d2
[mtlr] resource2 sel8 flags 470 sz 0x1000 -> kr 0x00000000 rid 313 GPUVA 0x10003d90000 cpu 109564000
[mtlr]   out: 0000010003d90000 0000000109564000 000000010addb6c0 0000000000000000
[mtlr]   out: 0000013900000000 0000000000004000 0000000013220197 00000000000051d3
[mtlr] resource2 sel8 flags 470 sz 0x1000 -> kr 0x00000000 rid 313 GPUVA 0x10003d90000 cpu 109564000
[mtlr]   out: 0000010003d90000 0000000109564000 000000010addb6c0 0000000000000000
[mtlr]   out: 0000013900000000 0000000000004000 0000000013220199 00000000000051d4
[mtlr] resource2 sel8 flags 470 sz 0x1000 -> kr 0x00000000 rid 313 GPUVA 0x10003d90000 cpu 109564000
[mtlr]   out: 0000010003d90000 0000000109564000 000000010addb6c0 0000000000000000
[mtlr]   out: 0000013900000000 0000000000004000 000000001322019f 00000000000051d5
[mtlr] resource2 sel8 flags 470 sz 0x1000 -> kr 0x00000000 rid 313 GPUVA 0x10003d90000 cpu 109564000
[mtlr]   out: 0000010003d90000 0000000109564000 000000010addb6c0 0000000000000000
[mtlr]   out: 0000013900000000 0000000000004000 00000000132201b0 00000000000051d6
[uatrec] S5 r1: destroy kr 0x00000000 + 40 junk — OOL reclaim wave (128 msgs)
[uatrec] S5 r1: 128 OOL msgs queued (8192 KB kernel) — draining blit
[uatrec] S5 r1: drained, cb status 4 — receiving + scanning
[uatrec] S5 r1: old victim map (CPU) 0x41 0 nz 0 — NO WRITE INTO OLD PAGES (blit too early?)
[uatrec] S5 r1: receive loop ended kr 0x10004003
[uatrec] S5 r1 summary: 128 received, 0 corrupted, 0x41 total 0 (no reclaim hit)
[uatrec] S5 r1 readback: src slots 9 patched to dead gpuvaV — commit
[uatrec] S5 r1 readback: st 4 | dead-gpuva content: 0x41 0 0x43 0 zero 65536 0x55 0 other 0 — ZEROED CONSUMER / NO WRITE
[mtlr] resource2 sel8 flags 470 sz 0x10000 -> kr 0x00000000 rid 328 GPUVA 0x10002c90000 cpu 109588000
[mtlr]   out: 0000010002c90000 0000000109588000 000000010addb600 0000000000000000
[mtlr]   out: 0000014800000000 0000000000010000 000000001322044f 00000000000051db
[uatrec] S5 r2: victim rid 328 gv 0x10002c90000 slots 11 ridpatch 1 — commit, destroy+flush
[mtlr] resource2 sel8 flags 470 sz 0x1000 -> kr 0x00000000 rid 328 GPUVA 0x10004dc8000 cpu 109568000
[mtlr]   out: 0000010004dc8000 0000000109568000 000000010addb900 0000000000000000
[mtlr]   out: 0000014800000000 0000000000004000 00000000132204c3 00000000000051de
[mtlr] resource2 sel8 flags 470 sz 0x1000 -> kr 0x00000000 rid 328 GPUVA 0x10004dc8000 cpu 109568000
[mtlr]   out: 0000010004dc8000 0000000109568000 000000010addb900 0000000000000000
[mtlr]   out: 0000014800000000 0000000000004000 00000000132204c4 00000000000051df
[mtlr] resource2 sel8 flags 470 sz 0x1000 -> kr 0x00000000 rid 328 GPUVA 0x10004dc8000 cpu 109568000
[mtlr]   out: 0000010004dc8000 0000000109568000 000000010addb900 0000000000000000
[mtlr]   out: 0000014800000000 0000000000004000 00000000132204c5 00000000000051e0
[mtlr] resource2 sel8 flags 470 sz 0x1000 -> kr 0x00000000 rid 328 GPUVA 0x10004dc8000 cpu 109568000
[mtlr]   out: 0000010004dc8000 0000000109568000 000000010addb900 0000000000000000
[mtlr]   out: 0000014800000000 0000000000004000 00000000132204c6 00000000000051e1
[mtlr] resource2 sel8 flags 470 sz 0x1000 -> kr 0x00000000 rid 328 GPUVA 0x10004dc8000 cpu 109568000
[mtlr]   out: 0000010004dc8000 0000000109568000 000000010addb900 0000000000000000
[mtlr]   out: 0000014800000000 0000000000004000 00000000132204c7 00000000000051e2
[mtlr] resource2 sel8 flags 470 sz 0x1000 -> kr 0x00000000 rid 328 GPUVA 0x10004dc8000 cpu 109568000
[mtlr]   out: 0000010004dc8000 0000000109568000 000000010addb900 0000000000000000
[mtlr]   out: 0000014800000000 0000000000004000 00000000132204c8 00000000000051e3
[mtlr] resource2 sel8 flags 470 sz 0x1000 -> kr 0x00000000 rid 328 GPUVA 0x10004dc8000 cpu 109568000
[mtlr]   out: 0000010004dc8000 0000000109568000 000000010addb900 0000000000000000
[mtlr]   out: 0000014800000000 0000000000004000 00000000132204c9 00000000000051e4
[mtlr] resource2 sel8 flags 470 sz 0x1000 -> kr 0x00000000 rid 328 GPUVA 0x10004dc8000 cpu 109568000
[mtlr]   out: 0000010004dc8000 0000000109568000 000000010addb900 0000000000000000
[mtlr]   out: 0000014800000000 0000000000004000 00000000132204ca 00000000000051e5
[mtlr] resource2 sel8 flags 470 sz 0x1000 -> kr 0x00000000 rid 328 GPUVA 0x10004dc8000 cpu 109568000
[mtlr]   out: 0000010004dc8000 0000000109568000 000000010addb900 0000000000000000
[mtlr]   out: 0000014800000000 0000000000004000 00000000132204cb 00000000000051e6
[mtlr] resource2 sel8 flags 470 sz 0x1000 -> kr 0x00000000 rid 328 GPUVA 0x10004dc8000 cpu 109568000
[mtlr]   out: 0000010004dc8000 0000000109568000 000000010addb900 0000000000000000
[mtlr]   out: 0000014800000000 0000000000004000 00000000132204cc 00000000000051e7
[mtlr] resource2 sel8 flags 470 sz 0x1000 -> kr 0x00000000 rid 328 GPUVA 0x10004dc8000 cpu 109568000
[mtlr]   out: 0000010004dc8000 0000000109568000 000000010addb900 0000000000000000
[mtlr]   out: 0000014800000000 0000000000004000 00000000132204cd 00000000000051e8
[mtlr] resource2 sel8 flags 470 sz 0x1000 -> kr 0x00000000 rid 328 GPUVA 0x10004dc8000 cpu 109568000
[mtlr]   out: 0000010004dc8000 0000000109568000 000000010addb900 0000000000000000
[mtlr]   out: 0000014800000000 0000000000004000 00000000132204ce 00000000000051e9
[mtlr] resource2 sel8 flags 470 sz 0x1000 -> kr 0x00000000 rid 328 GPUVA 0x10004dc8000 cpu 109568000
[mtlr]   out: 0000010004dc8000 0000000109568000 000000010addb900 0000000000000000
[mtlr]   out: 0000014800000000 0000000000004000 00000000132204cf 00000000000051ea
[mtlr] resource2 sel8 flags 470 sz 0x1000 -> kr 0x00000000 rid 328 GPUVA 0x10004dc8000 cpu 109568000
[mtlr]   out: 0000010004dc8000 0000000109568000 000000010addb900 0000000000000000
[mtlr]   out: 0000014800000000 0000000000004000 00000000132204d0 00000000000051eb
[mtlr] resource2 sel8 flags 470 sz 0x1000 -> kr 0x00000000 rid 328 GPUVA 0x10004dc8000 cpu 109568000
[mtlr]   out: 0000010004dc8000 0000000109568000 000000010addb900 0000000000000000
[mtlr]   out: 0000014800000000 0000000000004000 00000000132204d1 00000000000051ec
[mtlr] resource2 sel8 flags 470 sz 0x1000 -> kr 0x00000000 rid 328 GPUVA 0x10004dc8000 cpu 109568000
[mtlr]   out: 0000010004dc8000 0000000109568000 000000010addb900 0000000000000000
[mtlr]   out: 0000014800000000 0000000000004000 00000000132204d2 00000000000051ed
[mtlr] resource2 sel8 flags 470 sz 0x1000 -> kr 0x00000000 rid 328 GPUVA 0x10004dc8000 cpu 109568000
[mtlr]   out: 0000010004dc8000 0000000109568000 000000010addb900 0000000000000000
[mtlr]   out: 0000014800000000 0000000000004000 00000000132204d3 00000000000051ee
[mtlr] resource2 sel8 flags 470 sz 0x1000 -> kr 0x00000000 rid 328 GPUVA 0x10004dc8000 cpu 109568000
[mtlr]   out: 0000010004dc8000 0000000109568000 000000010addb900 0000000000000000
[mtlr]   out: 0000014800000000 0000000000004000 00000000132204d4 00000000000051ef
[mtlr] resource2 sel8 flags 470 sz 0x1000 -> kr 0x00000000 rid 328 GPUVA 0x10004dc8000 cpu 109568000
[mtlr]   out: 0000010004dc8000 0000000109568000 000000010addb900 0000000000000000
[mtlr]   out: 0000014800000000 0000000000004000 00000000132204d5 00000000000051f0
[mtlr] resource2 sel8 flags 470 sz 0x1000 -> kr 0x00000000 rid 328 GPUVA 0x10004dc8000 cpu 109568000
[mtlr]   out: 0000010004dc8000 0000000109568000 000000010addb900 0000000000000000
[mtlr]   out: 0000014800000000 0000000000004000 00000000132204d6 00000000000051f1
[mtlr] resource2 sel8 flags 470 sz 0x1000 -> kr 0x00000000 rid 328 GPUVA 0x10004dc8000 cpu 109568000
[mtlr]   out: 0000010004dc8000 0000000109568000 000000010addb900 0000000000000000
[mtlr]   out: 0000014800000000 0000000000004000 00000000132204d7 00000000000051f2
[mtlr] resource2 sel8 flags 470 sz 0x1000 -> kr 0x00000000 rid 328 GPUVA 0x10004dc8000 cpu 109568000
[mtlr]   out: 0000010004dc8000 0000000109568000 000000010addb900 0000000000000000
[mtlr]   out: 0000014800000000 0000000000004000 00000000132204d8 00000000000051f3
[mtlr] resource2 sel8 flags 470 sz 0x1000 -> kr 0x00000000 rid 328 GPUVA 0x10004dc8000 cpu 109568000
[mtlr]   out: 0000010004dc8000 0000000109568000 000000010addb900 0000000000000000
[mtlr]   out: 0000014800000000 0000000000004000 00000000132204d9 00000000000051f4
[mtlr] resource2 sel8 flags 470 sz 0x1000 -> kr 0x00000000 rid 328 GPUVA 0x10004dc8000 cpu 109568000
[mtlr]   out: 0000010004dc8000 0000000109568000 000000010addb900 0000000000000000
[mtlr]   out: 0000014800000000 0000000000004000 00000000132204da 00000000000051f5
[mtlr] resource2 sel8 flags 470 sz 0x1000 -> kr 0x00000000 rid 328 GPUVA 0x10004dc8000 cpu 109568000
[mtlr]   out: 0000010004dc8000 0000000109568000 000000010addb900 0000000000000000
[mtlr]   out: 0000014800000000 0000000000004000 00000000132204db 00000000000051f6
[mtlr] resource2 sel8 flags 470 sz 0x1000 -> kr 0x00000000 rid 328 GPUVA 0x10004dc8000 cpu 109568000
[mtlr]   out: 0000010004dc8000 0000000109568000 000000010addb900 0000000000000000
[mtlr]   out: 0000014800000000 0000000000004000 00000000132204dc 00000000000051f7
[mtlr] resource2 sel8 flags 470 sz 0x1000 -> kr 0x00000000 rid 328 GPUVA 0x10004dc8000 cpu 109568000
[mtlr]   out: 0000010004dc8000 0000000109568000 000000010addb900 0000000000000000
[mtlr]   out: 0000014800000000 0000000000004000 00000000132204dd 00000000000051f8
[mtlr] resource2 sel8 flags 470 sz 0x1000 -> kr 0x00000000 rid 328 GPUVA 0x10004dc8000 cpu 109568000
[mtlr]   out: 0000010004dc8000 0000000109568000 000000010addb900 0000000000000000
[mtlr]   out: 0000014800000000 0000000000004000 00000000132204de 00000000000051f9
[mtlr] resource2 sel8 flags 470 sz 0x1000 -> kr 0x00000000 rid 328 GPUVA 0x10004dc8000 cpu 109568000
[mtlr]   out: 0000010004dc8000 0000000109568000 000000010addb900 0000000000000000
[mtlr]   out: 0000014800000000 0000000000004000 00000000132204df 00000000000051fa
[mtlr] resource2 sel8 flags 470 sz 0x1000 -> kr 0x00000000 rid 328 GPUVA 0x10004dc8000 cpu 109568000
[mtlr]   out: 0000010004dc8000 0000000109568000 000000010addb900 0000000000000000
[mtlr]   out: 0000014800000000 0000000000004000 00000000132204e0 00000000000051fb
[mtlr] resource2 sel8 flags 470 sz 0x1000 -> kr 0x00000000 rid 328 GPUVA 0x10004dc8000 cpu 109568000
[mtlr]   out: 0000010004dc8000 0000000109568000 000000010addb900 0000000000000000
[mtlr]   out: 0000014800000000 0000000000004000 00000000132204e1 00000000000051fc
[mtlr] resource2 sel8 flags 470 sz 0x1000 -> kr 0x00000000 rid 328 GPUVA 0x10004dc8000 cpu 109568000
[mtlr]   out: 0000010004dc8000 0000000109568000 000000010addb900 0000000000000000
[mtlr]   out: 0000014800000000 0000000000004000 00000000132204e2 00000000000051fd
[mtlr] resource2 sel8 flags 470 sz 0x1000 -> kr 0x00000000 rid 328 GPUVA 0x10004dc8000 cpu 109568000
[mtlr]   out: 0000010004dc8000 0000000109568000 000000010addb900 0000000000000000
[mtlr]   out: 0000014800000000 0000000000004000 00000000132204e3 00000000000051fe
[mtlr] resource2 sel8 flags 470 sz 0x1000 -> kr 0x00000000 rid 328 GPUVA 0x10004dc8000 cpu 109568000
[mtlr]   out: 0000010004dc8000 0000000109568000 000000010addb900 0000000000000000
[mtlr]   out: 0000014800000000 0000000000004000 00000000132204e4 00000000000051ff
[mtlr] resource2 sel8 flags 470 sz 0x1000 -> kr 0x00000000 rid 328 GPUVA 0x10004dc8000 cpu 109568000
[mtlr]   out: 0000010004dc8000 0000000109568000 000000010addb900 0000000000000000
[mtlr]   out: 0000014800000000 0000000000004000 00000000132204e5 0000000000005200
[mtlr] resource2 sel8 flags 470 sz 0x1000 -> kr 0x00000000 rid 328 GPUVA 0x10004dc8000 cpu 109568000
[mtlr]   out: 0000010004dc8000 0000000109568000 000000010addb900 0000000000000000
[mtlr]   out: 0000014800000000 0000000000004000 00000000132204e6 0000000000005201
[mtlr] resource2 sel8 flags 470 sz 0x1000 -> kr 0x00000000 rid 328 GPUVA 0x10004dc8000 cpu 109568000
[mtlr]   out: 0000010004dc8000 0000000109568000 000000010addb900 0000000000000000
[mtlr]   out: 0000014800000000 0000000000004000 00000000132204e7 0000000000005202
[mtlr] resource2 sel8 flags 470 sz 0x1000 -> kr 0x00000000 rid 328 GPUVA 0x10004dc8000 cpu 109568000
[mtlr]   out: 0000010004dc8000 0000000109568000 000000010addb900 0000000000000000
[mtlr]   out: 0000014800000000 0000000000004000 00000000132204e8 0000000000005203
[mtlr] resource2 sel8 flags 470 sz 0x1000 -> kr 0x00000000 rid 328 GPUVA 0x10004dc8000 cpu 109568000
[mtlr]   out: 0000010004dc8000 0000000109568000 000000010addb900 0000000000000000
[mtlr]   out: 0000014800000000 0000000000004000 00000000132204e9 0000000000005204
[mtlr] resource2 sel8 flags 470 sz 0x1000 -> kr 0x00000000 rid 328 GPUVA 0x10004dc8000 cpu 109568000
[mtlr]   out: 0000010004dc8000 0000000109568000 000000010addb900 0000000000000000
[mtlr]   out: 0000014800000000 0000000000004000 00000000132204ea 0000000000005205
[uatrec] S5 r2: destroy kr 0x00000000 + 40 junk — OOL reclaim wave (128 msgs)
[uatrec] S5 r2: 128 OOL msgs queued (8192 KB kernel) — draining blit
[uatrec] S5 r2: drained, cb status 4 — receiving + scanning
[uatrec] S5 r2: old victim map (CPU) 0x41 65536 nz 65536 — WRITE LANDED IN OLD PAGES (stale-TLB confirmed)
[uatrec] S5 r2: receive loop ended kr 0x10004003
[uatrec] S5 r2 summary: 128 received, 0 corrupted, 0x41 total 0 (no reclaim hit)
[uatrec] S5 r2 readback: src slots 10 patched to dead gpuvaV — commit
[uatrec] S5 r2 readback: st 4 | dead-gpuva content: 0x41 0 0x43 0 zero 65536 0x55 0 other 0 — ZEROED CONSUMER / NO WRITE
[uatrec] done (alive)
[probe13] uatrec-only mode, stop
