[main] fuzz harness up, mode=scaler
[main] sandbox note: VCPDRM open is MACF-denied (iokit-open-user-client VCPDRMUserClient); mach-lookup com.apple.sprr / com.apple.jitbox exist but are sandbox-gated (seen in kernel log)
[open] AppleM2ScalerCSCDriver -> conn 0x6c03
[scaler] conn 0x6c03, s1 21 s2 22
[probe12] SetNotificationPort -> 0x00000000
[lm] v110 part A
[open] IOGPU -> conn 0x6603
[mtlr] resource2 sel8 flags 470 sz 0x1000 -> kr 0x00000000 rid 21 GPUVA 0x10000080000 cpu 1072ac000
[mtlr]   out: 0000010000080000 00000001072ac000 000000010721cfc0 0000000000000000
[mtlr]   out: 0000001500000000 0000000000004000 0000000018066fb2 000000000000842a
[mtlr] resource2 sel8 flags 470 sz 0x1000 -> kr 0x00000000 rid 22 GPUVA 0x10000088000 cpu 1072b0000
[mtlr]   out: 0000010000088000 00000001072b0000 000000010721d080 0000000000000000
[mtlr]   out: 0000001600000000 0000000000004000 0000000018066fb3 000000000000842b
[mtlr] resource2 sel8 flags 470 sz 0x1000 -> kr 0x00000000 rid 23 GPUVA 0x10000090000 cpu 1072b4000
[mtlr]   out: 0000010000090000 00000001072b4000 000000010721d140 0000000000000000
[mtlr]   out: 0000001700000000 0000000000004000 0000000018066fb4 000000000000842c
[mtlr] resource2 sel8 flags 470 sz 0x1000 -> kr 0x00000000 rid 24 GPUVA 0x10000098000 cpu 1072b8000
[mtlr]   out: 0000010000098000 00000001072b8000 000000010721d200 0000000000000000
[mtlr]   out: 0000001800000000 0000000000004000 0000000018066fb5 000000000000842d
[mtlr] resource2 sel8 flags 470 sz 0x1000 -> kr 0x00000000 rid 25 GPUVA 0x100000a0000 cpu 1072bc000
[mtlr]   out: 00000100000a0000 00000001072bc000 000000010721d2c0 0000000000000000
[mtlr]   out: 0000001900000000 0000000000004000 0000000018066fb6 000000000000842e
[mtlr] resource2 sel8 flags 470 sz 0x1000 -> kr 0x00000000 rid 26 GPUVA 0x100000a8000 cpu 1072c0000
[mtlr]   out: 00000100000a8000 00000001072c0000 000000010721d380 0000000000000000
[mtlr]   out: 0000001a00000000 0000000000004000 0000000018066fb7 000000000000842f
[mtlr] resource2 sel8 flags 470 sz 0x1000 -> kr 0x00000000 rid 27 GPUVA 0x100000b0000 cpu 1072c4000
[mtlr]   out: 00000100000b0000 00000001072c4000 000000010721d440 0000000000000000
[mtlr]   out: 0000001b00000000 0000000000004000 0000000018066fb8 0000000000008430
[mtlr] resource2 sel8 flags 470 sz 0x1000 -> kr 0x00000000 rid 28 GPUVA 0x100000b8000 cpu 1072c8000
[mtlr]   out: 00000100000b8000 00000001072c8000 000000010721d500 0000000000000000
[mtlr]   out: 0000001c00000000 0000000000004000 0000000018066fb9 0000000000008431
[mtlr] resource2 sel8 flags 470 sz 0x1000 -> kr 0x00000000 rid 29 GPUVA 0x100000c0000 cpu 1072cc000
[mtlr]   out: 00000100000c0000 00000001072cc000 000000010721d5c0 0000000000000000
[mtlr]   out: 0000001d00000000 0000000000004000 0000000018066fba 0000000000008432
[mtlr] resource2 sel8 flags 470 sz 0x1000 -> kr 0x00000000 rid 30 GPUVA 0x100000c8000 cpu 1072d0000
[mtlr]   out: 00000100000c8000 00000001072d0000 000000010721d680 0000000000000000
[mtlr]   out: 0000001e00000000 0000000000004000 0000000018066fbb 0000000000008433
[mtlr] resource2 sel8 flags 470 sz 0x1000 -> kr 0x00000000 rid 31 GPUVA 0x100000d0000 cpu 1072d4000
[mtlr]   out: 00000100000d0000 00000001072d4000 000000010721d740 0000000000000000
[mtlr]   out: 0000001f00000000 0000000000004000 0000000018066fbc 0000000000008434
[mtlr] resource2 sel8 flags 470 sz 0x1000 -> kr 0x00000000 rid 32 GPUVA 0x100000d8000 cpu 1072d8000
[mtlr]   out: 00000100000d8000 00000001072d8000 000000010721d800 0000000000000000
[mtlr]   out: 0000002000000000 0000000000004000 0000000018066fbd 0000000000008435
[mtlr] resource2 sel8 flags 470 sz 0x1000 -> kr 0x00000000 rid 33 GPUVA 0x100000e0000 cpu 1072dc000
[mtlr]   out: 00000100000e0000 00000001072dc000 000000010721d8c0 0000000000000000
[mtlr]   out: 0000002100000000 0000000000004000 0000000018066fbe 0000000000008436
[mtlr] resource2 sel8 flags 470 sz 0x1000 -> kr 0x00000000 rid 34 GPUVA 0x100000e8000 cpu 1072e0000
[mtlr]   out: 00000100000e8000 00000001072e0000 000000010721d980 0000000000000000
[mtlr]   out: 0000002200000000 0000000000004000 0000000018066fbf 0000000000008437
[mtlr] resource2 sel8 flags 470 sz 0x1000 -> kr 0x00000000 rid 35 GPUVA 0x100000f0000 cpu 1072e4000
[mtlr]   out: 00000100000f0000 00000001072e4000 000000010721da40 0000000000000000
[mtlr]   out: 0000002300000000 0000000000004000 0000000018066fc0 0000000000008438
[mtlr] resource2 sel8 flags 470 sz 0x1000 -> kr 0x00000000 rid 36 GPUVA 0x100000f8000 cpu 1072e8000
[mtlr]   out: 00000100000f8000 00000001072e8000 000000010721db00 0000000000000000
[mtlr]   out: 0000002400000000 0000000000004000 0000000018066fc1 0000000000008439
[mtlr] resource2 sel8 flags 470 sz 0x1000 -> kr 0x00000000 rid 37 GPUVA 0x10000100000 cpu 1072ec000
[mtlr]   out: 0000010000100000 00000001072ec000 000000010721dbc0 0000000000000000
[mtlr]   out: 0000002500000000 0000000000004000 0000000018066fc2 000000000000843a
[mtlr] resource2 sel8 flags 470 sz 0x1000 -> kr 0x00000000 rid 38 GPUVA 0x10000108000 cpu 1072f0000
[mtlr]   out: 0000010000108000 00000001072f0000 000000010721dc80 0000000000000000
[mtlr]   out: 0000002600000000 0000000000004000 0000000018066fc3 000000000000843b
[mtlr] resource2 sel8 flags 470 sz 0x1000 -> kr 0x00000000 rid 39 GPUVA 0x10000110000 cpu 1072f4000
[mtlr]   out: 0000010000110000 00000001072f4000 000000010721dd40 0000000000000000
[mtlr]   out: 0000002700000000 0000000000004000 0000000018066fc4 000000000000843c
[mtlr] resource2 sel8 flags 470 sz 0x1000 -> kr 0x00000000 rid 40 GPUVA 0x10000118000 cpu 1072f8000
[mtlr]   out: 0000010000118000 00000001072f8000 000000010721de00 0000000000000000
[mtlr]   out: 0000002800000000 0000000000004000 0000000018066fc5 000000000000843d
[mtlr] resource2 sel8 flags 470 sz 0x1000 -> kr 0x00000000 rid 41 GPUVA 0x10000120000 cpu 1072fc000
[mtlr]   out: 0000010000120000 00000001072fc000 000000010721dec0 0000000000000000
[mtlr]   out: 0000002900000000 0000000000004000 0000000018066fc6 000000000000843e
[mtlr] resource2 sel8 flags 470 sz 0x1000 -> kr 0x00000000 rid 42 GPUVA 0x10000128000 cpu 107300000
[mtlr]   out: 0000010000128000 0000000107300000 000000010721df80 0000000000000000
[mtlr]   out: 0000002a00000000 0000000000004000 0000000018066fc7 000000000000843f
[mtlr] resource2 sel8 flags 470 sz 0x1000 -> kr 0x00000000 rid 43 GPUVA 0x10000130000 cpu 107304000
[mtlr]   out: 0000010000130000 0000000107304000 000000010721e040 0000000000000000
[mtlr]   out: 0000002b00000000 0000000000004000 0000000018066fc8 0000000000008440
[mtlr] resource2 sel8 flags 470 sz 0x1000 -> kr 0x00000000 rid 44 GPUVA 0x10000138000 cpu 107308000
[mtlr]   out: 0000010000138000 0000000107308000 000000010721e100 0000000000000000
[mtlr]   out: 0000002c00000000 0000000000004000 0000000018066fc9 0000000000008441
[mtlr] resource2 sel8 flags 470 sz 0x1000 -> kr 0x00000000 rid 45 GPUVA 0x10000140000 cpu 10730c000
[mtlr]   out: 0000010000140000 000000010730c000 000000010721e1c0 0000000000000000
[mtlr]   out: 0000002d00000000 0000000000004000 0000000018066fca 0000000000008442
[mtlr] resource2 sel8 flags 470 sz 0x1000 -> kr 0x00000000 rid 46 GPUVA 0x10000148000 cpu 107310000
[mtlr]   out: 0000010000148000 0000000107310000 000000010721e280 0000000000000000
[mtlr]   out: 0000002e00000000 0000000000004000 0000000018066fcb 0000000000008443
[mtlr] resource2 sel8 flags 470 sz 0x1000 -> kr 0x00000000 rid 47 GPUVA 0x10000150000 cpu 107314000
[mtlr]   out: 0000010000150000 0000000107314000 000000010721e340 0000000000000000
[mtlr]   out: 0000002f00000000 0000000000004000 0000000018066fcc 0000000000008444
[mtlr] resource2 sel8 flags 470 sz 0x1000 -> kr 0x00000000 rid 48 GPUVA 0x10000158000 cpu 107318000
[mtlr]   out: 0000010000158000 0000000107318000 000000010721e400 0000000000000000
[mtlr]   out: 0000003000000000 0000000000004000 0000000018066fcd 0000000000008445
[mtlr] resource2 sel8 flags 470 sz 0x1000 -> kr 0x00000000 rid 49 GPUVA 0x10000160000 cpu 10731c000
[mtlr]   out: 0000010000160000 000000010731c000 000000010721e4c0 0000000000000000
[mtlr]   out: 0000003100000000 0000000000004000 0000000018066fce 0000000000008446
[mtlr] resource2 sel8 flags 470 sz 0x1000 -> kr 0x00000000 rid 50 GPUVA 0x10000168000 cpu 107320000
[mtlr]   out: 0000010000168000 0000000107320000 000000010721e580 0000000000000000
[mtlr]   out: 0000003200000000 0000000000004000 0000000018066fcf 0000000000008447
[mtlr] resource2 sel8 flags 470 sz 0x1000 -> kr 0x00000000 rid 51 GPUVA 0x10000170000 cpu 107324000
[mtlr]   out: 0000010000170000 0000000107324000 000000010721e640 0000000000000000
[mtlr]   out: 0000003300000000 0000000000004000 0000000018066fd0 0000000000008448
[mtlr] resource2 sel8 flags 470 sz 0x1000 -> kr 0x00000000 rid 52 GPUVA 0x10000178000 cpu 107328000
[mtlr]   out: 0000010000178000 0000000107328000 000000010721e700 0000000000000000
[mtlr]   out: 0000003400000000 0000000000004000 0000000018066fd1 0000000000008449
[mtlr] resource2 sel8 flags 470 sz 0x1000 -> kr 0x00000000 rid 53 GPUVA 0x10000180000 cpu 10732c000
[mtlr]   out: 0000010000180000 000000010732c000 000000010721e7c0 0000000000000000
[mtlr]   out: 0000003500000000 0000000000004000 0000000018066fd2 000000000000844a
[mtlr] resource2 sel8 flags 470 sz 0x1000 -> kr 0x00000000 rid 54 GPUVA 0x10000188000 cpu 107330000
[mtlr]   out: 0000010000188000 0000000107330000 000000010721e880 0000000000000000
[mtlr]   out: 0000003600000000 0000000000004000 0000000018066fd3 000000000000844b
[mtlr] resource2 sel8 flags 470 sz 0x1000 -> kr 0x00000000 rid 55 GPUVA 0x10000190000 cpu 107334000
[mtlr]   out: 0000010000190000 0000000107334000 000000010721e940 0000000000000000
[mtlr]   out: 0000003700000000 0000000000004000 0000000018066fd4 000000000000844c
[mtlr] resource2 sel8 flags 470 sz 0x1000 -> kr 0x00000000 rid 56 GPUVA 0x10000198000 cpu 107338000
[mtlr]   out: 0000010000198000 0000000107338000 000000010721ea00 0000000000000000
[mtlr]   out: 0000003800000000 0000000000004000 0000000018066fd5 000000000000844d
[mtlr] resource2 sel8 flags 470 sz 0x1000 -> kr 0x00000000 rid 57 GPUVA 0x100001a0000 cpu 10733c000
[mtlr]   out: 00000100001a0000 000000010733c000 000000010721eac0 0000000000000000
[mtlr]   out: 0000003900000000 0000000000004000 0000000018066fd6 000000000000844e
[mtlr] resource2 sel8 flags 470 sz 0x1000 -> kr 0x00000000 rid 58 GPUVA 0x100001a8000 cpu 107340000
[mtlr]   out: 00000100001a8000 0000000107340000 000000010721eb80 0000000000000000
[mtlr]   out: 0000003a00000000 0000000000004000 0000000018066fd7 000000000000844f
[mtlr] resource2 sel8 flags 470 sz 0x1000 -> kr 0x00000000 rid 59 GPUVA 0x100001b0000 cpu 107344000
[mtlr]   out: 00000100001b0000 0000000107344000 000000010721ec40 0000000000000000
[mtlr]   out: 0000003b00000000 0000000000004000 0000000018066fd8 0000000000008450
[mtlr] resource2 sel8 flags 470 sz 0x1000 -> kr 0x00000000 rid 60 GPUVA 0x100001b8000 cpu 107348000
[mtlr]   out: 00000100001b8000 0000000107348000 000000010721ed00 0000000000000000
[mtlr]   out: 0000003c00000000 0000000000004000 0000000018066fd9 0000000000008451
[mtlr] resource2 sel8 flags 470 sz 0x10000 -> kr 0x00000000 rid 159 GPUVA 0x100025d0000 cpu 10bf98000
[mtlr]   out: 00000100025d0000 000000010bf98000 0000000107223740 0000000000000000
[mtlr]   out: 0000009f00000000 0000000000010000 000000001906707d 00000000000084d4
[lm] A/BGRA 64x64 (0x4000): 96 surfaces sprayed, 0 hits (cb status 4)
[mtlr] resource2 sel8 flags 470 sz 0x1000 -> kr 0x00000000 rid 21 GPUVA 0x10000080000 cpu 1072b4000
[mtlr]   out: 0000010000080000 00000001072b4000 000000010721cfc0 0000000000000000
[mtlr]   out: 0000001500000000 0000000000004000 000000001906722a 0000000000008515
[mtlr] resource2 sel8 flags 470 sz 0x1000 -> kr 0x00000000 rid 22 GPUVA 0x10000088000 cpu 1072b8000
[mtlr]   out: 0000010000088000 00000001072b8000 000000010721d080 0000000000000000
[mtlr]   out: 0000001600000000 0000000000004000 000000001906722b 0000000000008516
[mtlr] resource2 sel8 flags 470 sz 0x1000 -> kr 0x00000000 rid 23 GPUVA 0x10000090000 cpu 1072c4000
[mtlr]   out: 0000010000090000 00000001072c4000 000000010721d140 0000000000000000
[mtlr]   out: 0000001700000000 0000000000004000 000000001906722c 0000000000008517
[mtlr] resource2 sel8 flags 470 sz 0x1000 -> kr 0x00000000 rid 24 GPUVA 0x10000098000 cpu 1072c8000
[mtlr]   out: 0000010000098000 00000001072c8000 000000010721d200 0000000000000000
[mtlr]   out: 0000001800000000 0000000000004000 000000001906722d 0000000000008518
[mtlr] resource2 sel8 flags 470 sz 0x1000 -> kr 0x00000000 rid 25 GPUVA 0x100000a0000 cpu 1072cc000
[mtlr]   out: 00000100000a0000 00000001072cc000 000000010721d2c0 0000000000000000
[mtlr]   out: 0000001900000000 0000000000004000 000000001906722e 0000000000008519
[mtlr] resource2 sel8 flags 470 sz 0x1000 -> kr 0x00000000 rid 26 GPUVA 0x100000a8000 cpu 1072d0000
[mtlr]   out: 00000100000a8000 00000001072d0000 000000010721d380 0000000000000000
[mtlr]   out: 0000001a00000000 0000000000004000 000000001906722f 000000000000851a
[mtlr] resource2 sel8 flags 470 sz 0x1000 -> kr 0x00000000 rid 27 GPUVA 0x100000b0000 cpu 1072d4000
[mtlr]   out: 00000100000b0000 00000001072d4000 000000010721d440 0000000000000000
[mtlr]   out: 0000001b00000000 0000000000004000 0000000019067230 000000000000851b
[mtlr] resource2 sel8 flags 470 sz 0x1000 -> kr 0x00000000 rid 28 GPUVA 0x100000b8000 cpu 1072d8000
[mtlr]   out: 00000100000b8000 00000001072d8000 000000010721d500 0000000000000000
[mtlr]   out: 0000001c00000000 0000000000004000 0000000019067231 000000000000851c
[mtlr] resource2 sel8 flags 470 sz 0x1000 -> kr 0x00000000 rid 29 GPUVA 0x100000c0000 cpu 1072dc000
[mtlr]   out: 00000100000c0000 00000001072dc000 000000010721d5c0 0000000000000000
[mtlr]   out: 0000001d00000000 0000000000004000 0000000019067232 000000000000851d
[mtlr] resource2 sel8 flags 470 sz 0x1000 -> kr 0x00000000 rid 30 GPUVA 0x100000c8000 cpu 1072e0000
[mtlr]   out: 00000100000c8000 00000001072e0000 000000010721d680 0000000000000000
[mtlr]   out: 0000001e00000000 0000000000004000 0000000019067233 000000000000851e
[mtlr] resource2 sel8 flags 470 sz 0x1000 -> kr 0x00000000 rid 31 GPUVA 0x100000d0000 cpu 1072e4000
[mtlr]   out: 00000100000d0000 00000001072e4000 000000010721d740 0000000000000000
[mtlr]   out: 0000001f00000000 0000000000004000 0000000019067234 000000000000851f
[mtlr] resource2 sel8 flags 470 sz 0x1000 -> kr 0x00000000 rid 32 GPUVA 0x100000d8000 cpu 1072e8000
[mtlr]   out: 00000100000d8000 00000001072e8000 000000010721d800 0000000000000000
[mtlr]   out: 0000002000000000 0000000000004000 0000000019067235 0000000000008520
[mtlr] resource2 sel8 flags 470 sz 0x1000 -> kr 0x00000000 rid 33 GPUVA 0x100000e0000 cpu 1072ec000
[mtlr]   out: 00000100000e0000 00000001072ec000 000000010721d8c0 0000000000000000
[mtlr]   out: 0000002100000000 0000000000004000 0000000019067238 0000000000008521
[mtlr] resource2 sel8 flags 470 sz 0x1000 -> kr 0x00000000 rid 34 GPUVA 0x100000e8000 cpu 1072f0000
[mtlr]   out: 00000100000e8000 00000001072f0000 000000010721d980 0000000000000000
[mtlr]   out: 0000002200000000 0000000000004000 0000000019067239 0000000000008522
[mtlr] resource2 sel8 flags 470 sz 0x1000 -> kr 0x00000000 rid 35 GPUVA 0x100000f0000 cpu 1072f4000
[mtlr]   out: 00000100000f0000 00000001072f4000 000000010721da40 0000000000000000
[mtlr]   out: 0000002300000000 0000000000004000 000000001906723a 0000000000008523
[mtlr] resource2 sel8 flags 470 sz 0x1000 -> kr 0x00000000 rid 36 GPUVA 0x100000f8000 cpu 1072f8000
[mtlr]   out: 00000100000f8000 00000001072f8000 000000010721db00 0000000000000000
[mtlr]   out: 0000002400000000 0000000000004000 000000001906723e 0000000000008524
[mtlr] resource2 sel8 flags 470 sz 0x1000 -> kr 0x00000000 rid 37 GPUVA 0x10000100000 cpu 1072fc000
[mtlr]   out: 0000010000100000 00000001072fc000 000000010721dbc0 0000000000000000
[mtlr]   out: 0000002500000000 0000000000004000 0000000019067241 0000000000008525
[mtlr] resource2 sel8 flags 470 sz 0x1000 -> kr 0x00000000 rid 38 GPUVA 0x10000108000 cpu 107300000
[mtlr]   out: 0000010000108000 0000000107300000 000000010721dc80 0000000000000000
[mtlr]   out: 0000002600000000 0000000000004000 0000000019067246 0000000000008526
[mtlr] resource2 sel8 flags 470 sz 0x1000 -> kr 0x00000000 rid 39 GPUVA 0x10000110000 cpu 107304000
[mtlr]   out: 0000010000110000 0000000107304000 000000010721dd40 0000000000000000
[mtlr]   out: 0000002700000000 0000000000004000 0000000019067248 0000000000008527
[mtlr] resource2 sel8 flags 470 sz 0x1000 -> kr 0x00000000 rid 40 GPUVA 0x10000118000 cpu 107308000
[mtlr]   out: 0000010000118000 0000000107308000 000000010721de00 0000000000000000
[mtlr]   out: 0000002800000000 0000000000004000 000000001906724e 0000000000008528
[mtlr] resource2 sel8 flags 470 sz 0x1000 -> kr 0x00000000 rid 41 GPUVA 0x10000120000 cpu 10730c000
[mtlr]   out: 0000010000120000 000000010730c000 000000010721dec0 0000000000000000
[mtlr]   out: 0000002900000000 0000000000004000 0000000019067251 0000000000008529
[mtlr] resource2 sel8 flags 470 sz 0x1000 -> kr 0x00000000 rid 42 GPUVA 0x10000128000 cpu 107310000
[mtlr]   out: 0000010000128000 0000000107310000 000000010721df80 0000000000000000
[mtlr]   out: 0000002a00000000 0000000000004000 0000000019067256 000000000000852a
[mtlr] resource2 sel8 flags 470 sz 0x1000 -> kr 0x00000000 rid 43 GPUVA 0x10000130000 cpu 107314000
[mtlr]   out: 0000010000130000 0000000107314000 000000010721e040 0000000000000000
[mtlr]   out: 0000002b00000000 0000000000004000 000000001906725a 000000000000852b
[mtlr] resource2 sel8 flags 470 sz 0x1000 -> kr 0x00000000 rid 44 GPUVA 0x10000138000 cpu 107318000
[mtlr]   out: 0000010000138000 0000000107318000 000000010721e100 0000000000000000
[mtlr]   out: 0000002c00000000 0000000000004000 000000001906725e 000000000000852c
[mtlr] resource2 sel8 flags 470 sz 0x1000 -> kr 0x00000000 rid 45 GPUVA 0x10000140000 cpu 107324000
[mtlr]   out: 0000010000140000 0000000107324000 000000010721e1c0 0000000000000000
[mtlr]   out: 0000002d00000000 0000000000004000 000000001906725f 000000000000852d
[mtlr] resource2 sel8 flags 470 sz 0x1000 -> kr 0x00000000 rid 46 GPUVA 0x10000148000 cpu 107328000
[mtlr]   out: 0000010000148000 0000000107328000 000000010721e280 0000000000000000
[mtlr]   out: 0000002e00000000 0000000000004000 0000000019067260 000000000000852e
[mtlr] resource2 sel8 flags 470 sz 0x1000 -> kr 0x00000000 rid 47 GPUVA 0x10000150000 cpu 10732c000
[mtlr]   out: 0000010000150000 000000010732c000 000000010721e340 0000000000000000
[mtlr]   out: 0000002f00000000 0000000000004000 0000000019067261 000000000000852f
[mtlr] resource2 sel8 flags 470 sz 0x1000 -> kr 0x00000000 rid 48 GPUVA 0x10000158000 cpu 107330000
[mtlr]   out: 0000010000158000 0000000107330000 000000010721e400 0000000000000000
[mtlr]   out: 0000003000000000 0000000000004000 0000000019067262 0000000000008530
[mtlr] resource2 sel8 flags 470 sz 0x1000 -> kr 0x00000000 rid 49 GPUVA 0x10000160000 cpu 107334000
[mtlr]   out: 0000010000160000 0000000107334000 000000010721e4c0 0000000000000000
[mtlr]   out: 0000003100000000 0000000000004000 0000000019067263 0000000000008531
[mtlr] resource2 sel8 flags 470 sz 0x1000 -> kr 0x00000000 rid 50 GPUVA 0x10000168000 cpu 107338000
[mtlr]   out: 0000010000168000 0000000107338000 000000010721e580 0000000000000000
[mtlr]   out: 0000003200000000 0000000000004000 0000000019067264 0000000000008532
[mtlr] resource2 sel8 flags 470 sz 0x1000 -> kr 0x00000000 rid 51 GPUVA 0x10000170000 cpu 10733c000
[mtlr]   out: 0000010000170000 000000010733c000 000000010721e640 0000000000000000
[mtlr]   out: 0000003300000000 0000000000004000 0000000019067265 0000000000008533
[mtlr] resource2 sel8 flags 470 sz 0x1000 -> kr 0x00000000 rid 52 GPUVA 0x10000178000 cpu 107340000
[mtlr]   out: 0000010000178000 0000000107340000 000000010721e700 0000000000000000
[mtlr]   out: 0000003400000000 0000000000004000 0000000019067266 0000000000008534
[mtlr] resource2 sel8 flags 470 sz 0x1000 -> kr 0x00000000 rid 53 GPUVA 0x10000180000 cpu 107344000
[mtlr]   out: 0000010000180000 0000000107344000 000000010721e7c0 0000000000000000
[mtlr]   out: 0000003500000000 0000000000004000 0000000019067267 0000000000008535
[mtlr] resource2 sel8 flags 470 sz 0x1000 -> kr 0x00000000 rid 54 GPUVA 0x10000188000 cpu 107348000
[mtlr]   out: 0000010000188000 0000000107348000 000000010721e880 0000000000000000
[mtlr]   out: 0000003600000000 0000000000004000 0000000019067268 0000000000008536
[mtlr] resource2 sel8 flags 470 sz 0x1000 -> kr 0x00000000 rid 55 GPUVA 0x10000190000 cpu 10bfb8000
[mtlr]   out: 0000010000190000 000000010bfb8000 000000010721e940 0000000000000000
[mtlr]   out: 0000003700000000 0000000000004000 0000000019067269 0000000000008537
[mtlr] resource2 sel8 flags 470 sz 0x1000 -> kr 0x00000000 rid 56 GPUVA 0x10000198000 cpu 10bfbc000
[mtlr]   out: 0000010000198000 000000010bfbc000 000000010721ea00 0000000000000000
[mtlr]   out: 0000003800000000 0000000000004000 000000001906726a 0000000000008538
[mtlr] resource2 sel8 flags 470 sz 0x1000 -> kr 0x00000000 rid 57 GPUVA 0x100001a0000 cpu 10bfc0000
[mtlr]   out: 00000100001a0000 000000010bfc0000 000000010721eac0 0000000000000000
[mtlr]   out: 0000003900000000 0000000000004000 000000001906726b 0000000000008539
[mtlr] resource2 sel8 flags 470 sz 0x1000 -> kr 0x00000000 rid 58 GPUVA 0x100001a8000 cpu 10bfc4000
[mtlr]   out: 00000100001a8000 000000010bfc4000 000000010721eb80 0000000000000000
[mtlr]   out: 0000003a00000000 0000000000004000 000000001906726c 000000000000853a
[mtlr] resource2 sel8 flags 470 sz 0x1000 -> kr 0x00000000 rid 59 GPUVA 0x100001b0000 cpu 10d400000
[mtlr]   out: 00000100001b0000 000000010d400000 000000010721ec40 0000000000000000
[mtlr]   out: 0000003b00000000 0000000000004000 000000001906726d 000000000000853b
[mtlr] resource2 sel8 flags 470 sz 0x1000 -> kr 0x00000000 rid 60 GPUVA 0x100001b8000 cpu 10d404000
[mtlr]   out: 00000100001b8000 000000010d404000 000000010721ed00 0000000000000000
[mtlr]   out: 0000003c00000000 0000000000004000 000000001906726e 000000000000853c
[mtlr] resource2 sel8 flags 470 sz 0x10000 -> kr 0x00000000 rid 161 GPUVA 0x100025d0000 cpu 10d408000
[mtlr]   out: 00000100025d0000 000000010d408000 00000001072238c0 0000000000000000
[mtlr]   out: 000000a100000000 0000000000010000 0000000019067272 000000000000853f
[lm] A/BGRA 32x32 (0x1000): 96 surfaces sprayed, 0 hits (cb status 4)
[mtlr] resource2 sel8 flags 470 sz 0x1000 -> kr 0x00000000 rid 21 GPUVA 0x10000080000 cpu 1072b4000
[mtlr]   out: 0000010000080000 00000001072b4000 000000010721cfc0 0000000000000000
[mtlr]   out: 0000001500000000 0000000000004000 00000000190672d9 0000000000008544
[mtlr] resource2 sel8 flags 470 sz 0x1000 -> kr 0x00000000 rid 22 GPUVA 0x10000088000 cpu 1072b8000
[mtlr]   out: 0000010000088000 00000001072b8000 000000010721d080 0000000000000000
[mtlr]   out: 0000001600000000 0000000000004000 00000000190672da 0000000000008545
[mtlr] resource2 sel8 flags 470 sz 0x1000 -> kr 0x00000000 rid 23 GPUVA 0x10000090000 cpu 1072c4000
[mtlr]   out: 0000010000090000 00000001072c4000 000000010721d140 0000000000000000
[mtlr]   out: 0000001700000000 0000000000004000 00000000190672db 0000000000008546
[mtlr] resource2 sel8 flags 470 sz 0x1000 -> kr 0x00000000 rid 24 GPUVA 0x10000098000 cpu 1072c8000
[mtlr]   out: 0000010000098000 00000001072c8000 000000010721d200 0000000000000000
[mtlr]   out: 0000001800000000 0000000000004000 00000000190672dc 0000000000008547
[mtlr] resource2 sel8 flags 470 sz 0x1000 -> kr 0x00000000 rid 25 GPUVA 0x100000a0000 cpu 1072cc000
[mtlr]   out: 00000100000a0000 00000001072cc000 000000010721d2c0 0000000000000000
[mtlr]   out: 0000001900000000 0000000000004000 00000000190672dd 0000000000008548
[mtlr] resource2 sel8 flags 470 sz 0x1000 -> kr 0x00000000 rid 26 GPUVA 0x100000a8000 cpu 1072d0000
[mtlr]   out: 00000100000a8000 00000001072d0000 000000010721d380 0000000000000000
[mtlr]   out: 0000001a00000000 0000000000004000 00000000190672de 0000000000008549
[mtlr] resource2 sel8 flags 470 sz 0x1000 -> kr 0x00000000 rid 27 GPUVA 0x100000b0000 cpu 1072d4000
[mtlr]   out: 00000100000b0000 00000001072d4000 000000010721d440 0000000000000000
[mtlr]   out: 0000001b00000000 0000000000004000 00000000190672df 000000000000854a
[mtlr] resource2 sel8 flags 470 sz 0x1000 -> kr 0x00000000 rid 28 GPUVA 0x100000b8000 cpu 1072d8000
[mtlr]   out: 00000100000b8000 00000001072d8000 000000010721d500 0000000000000000
[mtlr]   out: 0000001c00000000 0000000000004000 00000000190672e0 000000000000854b
[mtlr] resource2 sel8 flags 470 sz 0x1000 -> kr 0x00000000 rid 29 GPUVA 0x100000c0000 cpu 1072dc000
[mtlr]   out: 00000100000c0000 00000001072dc000 000000010721d5c0 0000000000000000
[mtlr]   out: 0000001d00000000 0000000000004000 00000000190672e1 000000000000854c
[mtlr] resource2 sel8 flags 470 sz 0x1000 -> kr 0x00000000 rid 30 GPUVA 0x100000c8000 cpu 1072e0000
[mtlr]   out: 00000100000c8000 00000001072e0000 000000010721d680 0000000000000000
[mtlr]   out: 0000001e00000000 0000000000004000 00000000190672e2 000000000000854d
[mtlr] resource2 sel8 flags 470 sz 0x1000 -> kr 0x00000000 rid 31 GPUVA 0x100000d0000 cpu 1072e4000
[mtlr]   out: 00000100000d0000 00000001072e4000 000000010721d740 0000000000000000
[mtlr]   out: 0000001f00000000 0000000000004000 00000000190672e3 000000000000854e
[mtlr] resource2 sel8 flags 470 sz 0x1000 -> kr 0x00000000 rid 32 GPUVA 0x100000d8000 cpu 1072e8000
[mtlr]   out: 00000100000d8000 00000001072e8000 000000010721d800 0000000000000000
[mtlr]   out: 0000002000000000 0000000000004000 00000000190672e4 000000000000854f
[mtlr] resource2 sel8 flags 470 sz 0x1000 -> kr 0x00000000 rid 33 GPUVA 0x100000e0000 cpu 1072ec000
[mtlr]   out: 00000100000e0000 00000001072ec000 000000010721d8c0 0000000000000000
[mtlr]   out: 0000002100000000 0000000000004000 00000000190672e5 0000000000008550
[mtlr] resource2 sel8 flags 470 sz 0x1000 -> kr 0x00000000 rid 34 GPUVA 0x100000e8000 cpu 1072f0000
[mtlr]   out: 00000100000e8000 00000001072f0000 000000010721d980 0000000000000000
[mtlr]   out: 0000002200000000 0000000000004000 00000000190672e6 0000000000008551
[mtlr] resource2 sel8 flags 470 sz 0x1000 -> kr 0x00000000 rid 35 GPUVA 0x100000f0000 cpu 1072f4000
[mtlr]   out: 00000100000f0000 00000001072f4000 000000010721da40 0000000000000000
[mtlr]   out: 0000002300000000 0000000000004000 00000000190672e7 0000000000008552
[mtlr] resource2 sel8 flags 470 sz 0x1000 -> kr 0x00000000 rid 36 GPUVA 0x100000f8000 cpu 1072f8000
[mtlr]   out: 00000100000f8000 00000001072f8000 000000010721db00 0000000000000000
[mtlr]   out: 0000002400000000 0000000000004000 00000000190672e8 0000000000008553
[mtlr] resource2 sel8 flags 470 sz 0x1000 -> kr 0x00000000 rid 37 GPUVA 0x10000100000 cpu 1072fc000
[mtlr]   out: 0000010000100000 00000001072fc000 000000010721dbc0 0000000000000000
[mtlr]   out: 0000002500000000 0000000000004000 00000000190672e9 0000000000008554
[mtlr] resource2 sel8 flags 470 sz 0x1000 -> kr 0x00000000 rid 38 GPUVA 0x10000108000 cpu 107300000
[mtlr]   out: 0000010000108000 0000000107300000 000000010721dc80 0000000000000000
[mtlr]   out: 0000002600000000 0000000000004000 00000000190672ea 0000000000008555
[mtlr] resource2 sel8 flags 470 sz 0x1000 -> kr 0x00000000 rid 39 GPUVA 0x10000110000 cpu 107304000
[mtlr]   out: 0000010000110000 0000000107304000 000000010721dd40 0000000000000000
[mtlr]   out: 0000002700000000 0000000000004000 00000000190672eb 0000000000008556
[mtlr] resource2 sel8 flags 470 sz 0x1000 -> kr 0x00000000 rid 40 GPUVA 0x10000118000 cpu 107308000
[mtlr]   out: 0000010000118000 0000000107308000 000000010721de00 0000000000000000
[mtlr]   out: 0000002800000000 0000000000004000 00000000190672ec 0000000000008557
[mtlr] resource2 sel8 flags 470 sz 0x1000 -> kr 0x00000000 rid 41 GPUVA 0x10000120000 cpu 10730c000
[mtlr]   out: 0000010000120000 000000010730c000 000000010721dec0 0000000000000000
[mtlr]   out: 0000002900000000 0000000000004000 00000000190672ed 0000000000008558
[mtlr] resource2 sel8 flags 470 sz 0x1000 -> kr 0x00000000 rid 42 GPUVA 0x10000128000 cpu 107310000
[mtlr]   out: 0000010000128000 0000000107310000 000000010721df80 0000000000000000
[mtlr]   out: 0000002a00000000 0000000000004000 00000000190672ee 0000000000008559
[mtlr] resource2 sel8 flags 470 sz 0x1000 -> kr 0x00000000 rid 43 GPUVA 0x10000130000 cpu 107314000
[mtlr]   out: 0000010000130000 0000000107314000 000000010721e040 0000000000000000
[mtlr]   out: 0000002b00000000 0000000000004000 00000000190672ef 000000000000855a
[mtlr] resource2 sel8 flags 470 sz 0x1000 -> kr 0x00000000 rid 44 GPUVA 0x10000138000 cpu 107318000
[mtlr]   out: 0000010000138000 0000000107318000 000000010721e100 0000000000000000
[mtlr]   out: 0000002c00000000 0000000000004000 00000000190672f0 000000000000855b
[mtlr] resource2 sel8 flags 470 sz 0x1000 -> kr 0x00000000 rid 45 GPUVA 0x10000140000 cpu 107324000
[mtlr]   out: 0000010000140000 0000000107324000 000000010721e1c0 0000000000000000
[mtlr]   out: 0000002d00000000 0000000000004000 00000000190672f1 000000000000855c
[mtlr] resource2 sel8 flags 470 sz 0x1000 -> kr 0x00000000 rid 46 GPUVA 0x10000148000 cpu 107328000
[mtlr]   out: 0000010000148000 0000000107328000 000000010721e280 0000000000000000
[mtlr]   out: 0000002e00000000 0000000000004000 00000000190672f2 000000000000855d
[mtlr] resource2 sel8 flags 470 sz 0x1000 -> kr 0x00000000 rid 47 GPUVA 0x10000150000 cpu 10732c000
[mtlr]   out: 0000010000150000 000000010732c000 000000010721e340 0000000000000000
[mtlr]   out: 0000002f00000000 0000000000004000 00000000190672f3 000000000000855e
[mtlr] resource2 sel8 flags 470 sz 0x1000 -> kr 0x00000000 rid 48 GPUVA 0x10000158000 cpu 107330000
[mtlr]   out: 0000010000158000 0000000107330000 000000010721e400 0000000000000000
[mtlr]   out: 0000003000000000 0000000000004000 00000000190672f4 000000000000855f
[mtlr] resource2 sel8 flags 470 sz 0x1000 -> kr 0x00000000 rid 49 GPUVA 0x10000160000 cpu 107334000
[mtlr]   out: 0000010000160000 0000000107334000 000000010721e4c0 0000000000000000
[mtlr]   out: 0000003100000000 0000000000004000 00000000190672f5 0000000000008560
[mtlr] resource2 sel8 flags 470 sz 0x1000 -> kr 0x00000000 rid 50 GPUVA 0x10000168000 cpu 107338000
[mtlr]   out: 0000010000168000 0000000107338000 000000010721e580 0000000000000000
[mtlr]   out: 0000003200000000 0000000000004000 00000000190672f6 0000000000008561
[mtlr] resource2 sel8 flags 470 sz 0x1000 -> kr 0x00000000 rid 51 GPUVA 0x10000170000 cpu 10733c000
[mtlr]   out: 0000010000170000 000000010733c000 000000010721e640 0000000000000000
[mtlr]   out: 0000003300000000 0000000000004000 00000000190672f7 0000000000008562
[mtlr] resource2 sel8 flags 470 sz 0x1000 -> kr 0x00000000 rid 52 GPUVA 0x10000178000 cpu 107340000
[mtlr]   out: 0000010000178000 0000000107340000 000000010721e700 0000000000000000
[mtlr]   out: 0000003400000000 0000000000004000 00000000190672f8 0000000000008563
[mtlr] resource2 sel8 flags 470 sz 0x1000 -> kr 0x00000000 rid 53 GPUVA 0x10000180000 cpu 107344000
[mtlr]   out: 0000010000180000 0000000107344000 000000010721e7c0 0000000000000000
[mtlr]   out: 0000003500000000 0000000000004000 00000000190672f9 0000000000008564
[mtlr] resource2 sel8 flags 470 sz 0x1000 -> kr 0x00000000 rid 54 GPUVA 0x10000188000 cpu 107348000
[mtlr]   out: 0000010000188000 0000000107348000 000000010721e880 0000000000000000
[mtlr]   out: 0000003600000000 0000000000004000 00000000190672fa 0000000000008565
[mtlr] resource2 sel8 flags 470 sz 0x1000 -> kr 0x00000000 rid 55 GPUVA 0x10000190000 cpu 10bfb8000
[mtlr]   out: 0000010000190000 000000010bfb8000 000000010721e940 0000000000000000
[mtlr]   out: 0000003700000000 0000000000004000 00000000190672fb 0000000000008566
[mtlr] resource2 sel8 flags 470 sz 0x1000 -> kr 0x00000000 rid 56 GPUVA 0x10000198000 cpu 10bfbc000
[mtlr]   out: 0000010000198000 000000010bfbc000 000000010721ea00 0000000000000000
[mtlr]   out: 0000003800000000 0000000000004000 00000000190672fc 0000000000008567
[mtlr] resource2 sel8 flags 470 sz 0x1000 -> kr 0x00000000 rid 57 GPUVA 0x100001a0000 cpu 10bfc0000
[mtlr]   out: 00000100001a0000 000000010bfc0000 000000010721eac0 0000000000000000
[mtlr]   out: 0000003900000000 0000000000004000 00000000190672fd 0000000000008568
[mtlr] resource2 sel8 flags 470 sz 0x1000 -> kr 0x00000000 rid 58 GPUVA 0x100001a8000 cpu 10bfc4000
[mtlr]   out: 00000100001a8000 000000010bfc4000 000000010721eb80 0000000000000000
[mtlr]   out: 0000003a00000000 0000000000004000 00000000190672fe 0000000000008569
[mtlr] resource2 sel8 flags 470 sz 0x1000 -> kr 0x00000000 rid 59 GPUVA 0x100001b0000 cpu 10d400000
[mtlr]   out: 00000100001b0000 000000010d400000 000000010721ec40 0000000000000000
[mtlr]   out: 0000003b00000000 0000000000004000 00000000190672ff 000000000000856a
[mtlr] resource2 sel8 flags 470 sz 0x1000 -> kr 0x00000000 rid 60 GPUVA 0x100001b8000 cpu 10d404000
[mtlr]   out: 00000100001b8000 000000010d404000 000000010721ed00 0000000000000000
[mtlr]   out: 0000003c00000000 0000000000004000 0000000019067300 000000000000856b
[mtlr] resource2 sel8 flags 470 sz 0x10000 -> kr 0x00000000 rid 175 GPUVA 0x100025d0000 cpu 10d418000
[mtlr]   out: 00000100025d0000 000000010d418000 0000000107224340 0000000000000000
[mtlr]   out: 000000af00000000 0000000000010000 0000000019067304 000000000000856e
[lm] A/BGRA 128x128 (0x10000): 96 surfaces sprayed, 0 hits (cb status 4)
[mtlr] resource2 sel8 flags 470 sz 0x1000 -> kr 0x00000000 rid 21 GPUVA 0x10000080000 cpu 1072b4000
[mtlr]   out: 0000010000080000 00000001072b4000 000000010721cfc0 0000000000000000
[mtlr]   out: 0000001500000000 0000000000004000 000000001906738a 0000000000008573
[mtlr] resource2 sel8 flags 470 sz 0x1000 -> kr 0x00000000 rid 22 GPUVA 0x10000088000 cpu 1072b8000
[mtlr]   out: 0000010000088000 00000001072b8000 000000010721d080 0000000000000000
[mtlr]   out: 0000001600000000 0000000000004000 000000001906738b 0000000000008574
[mtlr] resource2 sel8 flags 470 sz 0x1000 -> kr 0x00000000 rid 23 GPUVA 0x10000090000 cpu 1072c4000
[mtlr]   out: 0000010000090000 00000001072c4000 000000010721d140 0000000000000000
[mtlr]   out: 0000001700000000 0000000000004000 000000001906738c 0000000000008575
[mtlr] resource2 sel8 flags 470 sz 0x1000 -> kr 0x00000000 rid 24 GPUVA 0x10000098000 cpu 1072c8000
[mtlr]   out: 0000010000098000 00000001072c8000 000000010721d200 0000000000000000
[mtlr]   out: 0000001800000000 0000000000004000 000000001906738d 0000000000008576
[mtlr] resource2 sel8 flags 470 sz 0x1000 -> kr 0x00000000 rid 25 GPUVA 0x100000a0000 cpu 1072cc000
[mtlr]   out: 00000100000a0000 00000001072cc000 000000010721d2c0 0000000000000000
[mtlr]   out: 0000001900000000 0000000000004000 000000001906738e 0000000000008577
[mtlr] resource2 sel8 flags 470 sz 0x1000 -> kr 0x00000000 rid 26 GPUVA 0x100000a8000 cpu 1072d0000
[mtlr]   out: 00000100000a8000 00000001072d0000 000000010721d380 0000000000000000
[mtlr]   out: 0000001a00000000 0000000000004000 000000001906738f 0000000000008578
[mtlr] resource2 sel8 flags 470 sz 0x1000 -> kr 0x00000000 rid 27 GPUVA 0x100000b0000 cpu 1072d4000
[mtlr]   out: 00000100000b0000 00000001072d4000 000000010721d440 0000000000000000
[mtlr]   out: 0000001b00000000 0000000000004000 0000000019067390 0000000000008579
[mtlr] resource2 sel8 flags 470 sz 0x1000 -> kr 0x00000000 rid 28 GPUVA 0x100000b8000 cpu 1072d8000
[mtlr]   out: 00000100000b8000 00000001072d8000 000000010721d500 0000000000000000
[mtlr]   out: 0000001c00000000 0000000000004000 0000000019067391 000000000000857a
[mtlr] resource2 sel8 flags 470 sz 0x1000 -> kr 0x00000000 rid 29 GPUVA 0x100000c0000 cpu 1072dc000
[mtlr]   out: 00000100000c0000 00000001072dc000 000000010721d5c0 0000000000000000
[mtlr]   out: 0000001d00000000 0000000000004000 0000000019067392 000000000000857b
[mtlr] resource2 sel8 flags 470 sz 0x1000 -> kr 0x00000000 rid 30 GPUVA 0x100000c8000 cpu 1072e0000
[mtlr]   out: 00000100000c8000 00000001072e0000 000000010721d680 0000000000000000
[mtlr]   out: 0000001e00000000 0000000000004000 0000000019067393 000000000000857c
[mtlr] resource2 sel8 flags 470 sz 0x1000 -> kr 0x00000000 rid 31 GPUVA 0x100000d0000 cpu 1072e4000
[mtlr]   out: 00000100000d0000 00000001072e4000 000000010721d740 0000000000000000
[mtlr]   out: 0000001f00000000 0000000000004000 0000000019067394 000000000000857d
[mtlr] resource2 sel8 flags 470 sz 0x1000 -> kr 0x00000000 rid 32 GPUVA 0x100000d8000 cpu 1072e8000
[mtlr]   out: 00000100000d8000 00000001072e8000 000000010721d800 0000000000000000
[mtlr]   out: 0000002000000000 0000000000004000 0000000019067395 000000000000857e
[mtlr] resource2 sel8 flags 470 sz 0x1000 -> kr 0x00000000 rid 33 GPUVA 0x100000e0000 cpu 1072ec000
[mtlr]   out: 00000100000e0000 00000001072ec000 000000010721d8c0 0000000000000000
[mtlr]   out: 0000002100000000 0000000000004000 0000000019067396 000000000000857f
[mtlr] resource2 sel8 flags 470 sz 0x1000 -> kr 0x00000000 rid 34 GPUVA 0x100000e8000 cpu 1072f0000
[mtlr]   out: 00000100000e8000 00000001072f0000 000000010721d980 0000000000000000
[mtlr]   out: 0000002200000000 0000000000004000 0000000019067397 0000000000008580
[mtlr] resource2 sel8 flags 470 sz 0x1000 -> kr 0x00000000 rid 35 GPUVA 0x100000f0000 cpu 1072f4000
[mtlr]   out: 00000100000f0000 00000001072f4000 000000010721da40 0000000000000000
[mtlr]   out: 0000002300000000 0000000000004000 0000000019067398 0000000000008581
[mtlr] resource2 sel8 flags 470 sz 0x1000 -> kr 0x00000000 rid 36 GPUVA 0x100000f8000 cpu 1072f8000
[mtlr]   out: 00000100000f8000 00000001072f8000 000000010721db00 0000000000000000
[mtlr]   out: 0000002400000000 0000000000004000 0000000019067399 0000000000008582
[mtlr] resource2 sel8 flags 470 sz 0x1000 -> kr 0x00000000 rid 37 GPUVA 0x10000100000 cpu 1072fc000
[mtlr]   out: 0000010000100000 00000001072fc000 000000010721dbc0 0000000000000000
[mtlr]   out: 0000002500000000 0000000000004000 000000001906739a 0000000000008583
[mtlr] resource2 sel8 flags 470 sz 0x1000 -> kr 0x00000000 rid 38 GPUVA 0x10000108000 cpu 107300000
[mtlr]   out: 0000010000108000 0000000107300000 000000010721dc80 0000000000000000
[mtlr]   out: 0000002600000000 0000000000004000 000000001906739b 0000000000008584
[mtlr] resource2 sel8 flags 470 sz 0x1000 -> kr 0x00000000 rid 39 GPUVA 0x10000110000 cpu 107304000
[mtlr]   out: 0000010000110000 0000000107304000 000000010721dd40 0000000000000000
[mtlr]   out: 0000002700000000 0000000000004000 000000001906739c 0000000000008585
[mtlr] resource2 sel8 flags 470 sz 0x1000 -> kr 0x00000000 rid 40 GPUVA 0x10000118000 cpu 107308000
[mtlr]   out: 0000010000118000 0000000107308000 000000010721de00 0000000000000000
[mtlr]   out: 0000002800000000 0000000000004000 000000001906739d 0000000000008586
[mtlr] resource2 sel8 flags 470 sz 0x1000 -> kr 0x00000000 rid 41 GPUVA 0x10000120000 cpu 10730c000
[mtlr]   out: 0000010000120000 000000010730c000 000000010721dec0 0000000000000000
[mtlr]   out: 0000002900000000 0000000000004000 000000001906739e 0000000000008587
[mtlr] resource2 sel8 flags 470 sz 0x1000 -> kr 0x00000000 rid 42 GPUVA 0x10000128000 cpu 107310000
[mtlr]   out: 0000010000128000 0000000107310000 000000010721df80 0000000000000000
[mtlr]   out: 0000002a00000000 0000000000004000 000000001906739f 0000000000008588
[mtlr] resource2 sel8 flags 470 sz 0x1000 -> kr 0x00000000 rid 43 GPUVA 0x10000130000 cpu 107314000
[mtlr]   out: 0000010000130000 0000000107314000 000000010721e040 0000000000000000
[mtlr]   out: 0000002b00000000 0000000000004000 00000000190673a0 0000000000008589
[mtlr] resource2 sel8 flags 470 sz 0x1000 -> kr 0x00000000 rid 44 GPUVA 0x10000138000 cpu 107318000
[mtlr]   out: 0000010000138000 0000000107318000 000000010721e100 0000000000000000
[mtlr]   out: 0000002c00000000 0000000000004000 00000000190673a1 000000000000858a
[mtlr] resource2 sel8 flags 470 sz 0x1000 -> kr 0x00000000 rid 45 GPUVA 0x10000140000 cpu 107324000
[mtlr]   out: 0000010000140000 0000000107324000 000000010721e1c0 0000000000000000
[mtlr]   out: 0000002d00000000 0000000000004000 00000000190673a2 000000000000858b
[mtlr] resource2 sel8 flags 470 sz 0x1000 -> kr 0x00000000 rid 46 GPUVA 0x10000148000 cpu 107328000
[mtlr]   out: 0000010000148000 0000000107328000 000000010721e280 0000000000000000
[mtlr]   out: 0000002e00000000 0000000000004000 00000000190673a3 000000000000858c
[mtlr] resource2 sel8 flags 470 sz 0x1000 -> kr 0x00000000 rid 47 GPUVA 0x10000150000 cpu 10732c000
[mtlr]   out: 0000010000150000 000000010732c000 000000010721e340 0000000000000000
[mtlr]   out: 0000002f00000000 0000000000004000 00000000190673a4 000000000000858d
[mtlr] resource2 sel8 flags 470 sz 0x1000 -> kr 0x00000000 rid 48 GPUVA 0x10000158000 cpu 107330000
[mtlr]   out: 0000010000158000 0000000107330000 000000010721e400 0000000000000000
[mtlr]   out: 0000003000000000 0000000000004000 00000000190673a5 000000000000858e
[mtlr] resource2 sel8 flags 470 sz 0x1000 -> kr 0x00000000 rid 49 GPUVA 0x10000160000 cpu 107334000
[mtlr]   out: 0000010000160000 0000000107334000 000000010721e4c0 0000000000000000
[mtlr]   out: 0000003100000000 0000000000004000 00000000190673a6 000000000000858f
[mtlr] resource2 sel8 flags 470 sz 0x1000 -> kr 0x00000000 rid 50 GPUVA 0x10000168000 cpu 107338000
[mtlr]   out: 0000010000168000 0000000107338000 000000010721e580 0000000000000000
[mtlr]   out: 0000003200000000 0000000000004000 00000000190673a7 0000000000008590
[mtlr] resource2 sel8 flags 470 sz 0x1000 -> kr 0x00000000 rid 51 GPUVA 0x10000170000 cpu 10733c000
[mtlr]   out: 0000010000170000 000000010733c000 000000010721e640 0000000000000000
[mtlr]   out: 0000003300000000 0000000000004000 00000000190673a8 0000000000008591
[mtlr] resource2 sel8 flags 470 sz 0x1000 -> kr 0x00000000 rid 52 GPUVA 0x10000178000 cpu 107340000
[mtlr]   out: 0000010000178000 0000000107340000 000000010721e700 0000000000000000
[mtlr]   out: 0000003400000000 0000000000004000 00000000190673a9 0000000000008592
[mtlr] resource2 sel8 flags 470 sz 0x1000 -> kr 0x00000000 rid 53 GPUVA 0x10000180000 cpu 107344000
[mtlr]   out: 0000010000180000 0000000107344000 000000010721e7c0 0000000000000000
[mtlr]   out: 0000003500000000 0000000000004000 00000000190673aa 0000000000008593
[mtlr] resource2 sel8 flags 470 sz 0x1000 -> kr 0x00000000 rid 54 GPUVA 0x10000188000 cpu 107348000
[mtlr]   out: 0000010000188000 0000000107348000 000000010721e880 0000000000000000
[mtlr]   out: 0000003600000000 0000000000004000 00000000190673ab 0000000000008594
[mtlr] resource2 sel8 flags 470 sz 0x1000 -> kr 0x00000000 rid 55 GPUVA 0x10000190000 cpu 10bfb8000
[mtlr]   out: 0000010000190000 000000010bfb8000 000000010721e940 0000000000000000
[mtlr]   out: 0000003700000000 0000000000004000 00000000190673ac 0000000000008595
[mtlr] resource2 sel8 flags 470 sz 0x1000 -> kr 0x00000000 rid 56 GPUVA 0x10000198000 cpu 10bfbc000
[mtlr]   out: 0000010000198000 000000010bfbc000 000000010721ea00 0000000000000000
[mtlr]   out: 0000003800000000 0000000000004000 00000000190673ad 0000000000008596
[mtlr] resource2 sel8 flags 470 sz 0x1000 -> kr 0x00000000 rid 57 GPUVA 0x100001a0000 cpu 10bfc0000
[mtlr]   out: 00000100001a0000 000000010bfc0000 000000010721eac0 0000000000000000
[mtlr]   out: 0000003900000000 0000000000004000 00000000190673ae 0000000000008597
[mtlr] resource2 sel8 flags 470 sz 0x1000 -> kr 0x00000000 rid 58 GPUVA 0x100001a8000 cpu 10bfc4000
[mtlr]   out: 00000100001a8000 000000010bfc4000 000000010721eb80 0000000000000000
[mtlr]   out: 0000003a00000000 0000000000004000 00000000190673af 0000000000008598
[mtlr] resource2 sel8 flags 470 sz 0x1000 -> kr 0x00000000 rid 59 GPUVA 0x100001b0000 cpu 10d400000
[mtlr]   out: 00000100001b0000 000000010d400000 000000010721ec40 0000000000000000
[mtlr]   out: 0000003b00000000 0000000000004000 00000000190673b0 0000000000008599
[mtlr] resource2 sel8 flags 470 sz 0x1000 -> kr 0x00000000 rid 60 GPUVA 0x100001b8000 cpu 10d404000
[mtlr]   out: 00000100001b8000 000000010d404000 000000010721ed00 0000000000000000
[mtlr]   out: 0000003c00000000 0000000000004000 00000000190673b1 000000000000859a
[mtlr] resource2 sel8 flags 470 sz 0x10000 -> kr 0x00000000 rid 177 GPUVA 0x100025d0000 cpu 10d418000
[mtlr]   out: 00000100025d0000 000000010d418000 00000001072244c0 0000000000000000
[mtlr]   out: 000000b100000000 0000000000010000 00000000190673b5 000000000000859d
[lm] A/BGRA 256x256 (0x40000): 96 surfaces sprayed, 0 hits (cb status 4)
[mtlr] resource2 sel8 flags 470 sz 0x1000 -> kr 0x00000000 rid 21 GPUVA 0x10000080000 cpu 1072b4000
[mtlr]   out: 0000010000080000 00000001072b4000 000000010721cfc0 0000000000000000
[mtlr]   out: 0000001500000000 0000000000004000 0000000019067424 00000000000085a0
[mtlr] resource2 sel8 flags 470 sz 0x1000 -> kr 0x00000000 rid 22 GPUVA 0x10000088000 cpu 1072b8000
[mtlr]   out: 0000010000088000 00000001072b8000 000000010721d080 0000000000000000
[mtlr]   out: 0000001600000000 0000000000004000 0000000019067425 00000000000085a1
[mtlr] resource2 sel8 flags 470 sz 0x1000 -> kr 0x00000000 rid 23 GPUVA 0x10000090000 cpu 1072c4000
[mtlr]   out: 0000010000090000 00000001072c4000 000000010721d140 0000000000000000
[mtlr]   out: 0000001700000000 0000000000004000 0000000019067426 00000000000085a2
[mtlr] resource2 sel8 flags 470 sz 0x1000 -> kr 0x00000000 rid 24 GPUVA 0x10000098000 cpu 1072c8000
[mtlr]   out: 0000010000098000 00000001072c8000 000000010721d200 0000000000000000
[mtlr]   out: 0000001800000000 0000000000004000 0000000019067427 00000000000085a3
[mtlr] resource2 sel8 flags 470 sz 0x1000 -> kr 0x00000000 rid 25 GPUVA 0x100000a0000 cpu 1072cc000
[mtlr]   out: 00000100000a0000 00000001072cc000 000000010721d2c0 0000000000000000
[mtlr]   out: 0000001900000000 0000000000004000 0000000019067428 00000000000085a4
[mtlr] resource2 sel8 flags 470 sz 0x1000 -> kr 0x00000000 rid 26 GPUVA 0x100000a8000 cpu 1072d0000
[mtlr]   out: 00000100000a8000 00000001072d0000 000000010721d380 0000000000000000
[mtlr]   out: 0000001a00000000 0000000000004000 0000000019067429 00000000000085a5
[mtlr] resource2 sel8 flags 470 sz 0x1000 -> kr 0x00000000 rid 27 GPUVA 0x100000b0000 cpu 1072d4000
[mtlr]   out: 00000100000b0000 00000001072d4000 000000010721d440 0000000000000000
[mtlr]   out: 0000001b00000000 0000000000004000 000000001906742a 00000000000085a6
[mtlr] resource2 sel8 flags 470 sz 0x1000 -> kr 0x00000000 rid 28 GPUVA 0x100000b8000 cpu 1072d8000
[mtlr]   out: 00000100000b8000 00000001072d8000 000000010721d500 0000000000000000
[mtlr]   out: 0000001c00000000 0000000000004000 000000001906742b 00000000000085a7
[mtlr] resource2 sel8 flags 470 sz 0x1000 -> kr 0x00000000 rid 29 GPUVA 0x100000c0000 cpu 1072dc000
[mtlr]   out: 00000100000c0000 00000001072dc000 000000010721d5c0 0000000000000000
[mtlr]   out: 0000001d00000000 0000000000004000 000000001906742c 00000000000085a8
[mtlr] resource2 sel8 flags 470 sz 0x1000 -> kr 0x00000000 rid 30 GPUVA 0x100000c8000 cpu 1072e0000
[mtlr]   out: 00000100000c8000 00000001072e0000 000000010721d680 0000000000000000
[mtlr]   out: 0000001e00000000 0000000000004000 000000001906742d 00000000000085a9
[mtlr] resource2 sel8 flags 470 sz 0x1000 -> kr 0x00000000 rid 31 GPUVA 0x100000d0000 cpu 1072e4000
[mtlr]   out: 00000100000d0000 00000001072e4000 000000010721d740 0000000000000000
[mtlr]   out: 0000001f00000000 0000000000004000 000000001906742e 00000000000085aa
[mtlr] resource2 sel8 flags 470 sz 0x1000 -> kr 0x00000000 rid 32 GPUVA 0x100000d8000 cpu 1072e8000
[mtlr]   out: 00000100000d8000 00000001072e8000 000000010721d800 0000000000000000
[mtlr]   out: 0000002000000000 0000000000004000 000000001906742f 00000000000085ab
[mtlr] resource2 sel8 flags 470 sz 0x1000 -> kr 0x00000000 rid 33 GPUVA 0x100000e0000 cpu 1072ec000
[mtlr]   out: 00000100000e0000 00000001072ec000 000000010721d8c0 0000000000000000
[mtlr]   out: 0000002100000000 0000000000004000 0000000019067430 00000000000085ac
[mtlr] resource2 sel8 flags 470 sz 0x1000 -> kr 0x00000000 rid 34 GPUVA 0x100000e8000 cpu 1072f0000
[mtlr]   out: 00000100000e8000 00000001072f0000 000000010721d980 0000000000000000
[mtlr]   out: 0000002200000000 0000000000004000 0000000019067431 00000000000085ad
[mtlr] resource2 sel8 flags 470 sz 0x1000 -> kr 0x00000000 rid 35 GPUVA 0x100000f0000 cpu 1072f4000
[mtlr]   out: 00000100000f0000 00000001072f4000 000000010721da40 0000000000000000
[mtlr]   out: 0000002300000000 0000000000004000 0000000019067432 00000000000085ae
[mtlr] resource2 sel8 flags 470 sz 0x1000 -> kr 0x00000000 rid 36 GPUVA 0x100000f8000 cpu 1072f8000
[mtlr]   out: 00000100000f8000 00000001072f8000 000000010721db00 0000000000000000
[mtlr]   out: 0000002400000000 0000000000004000 0000000019067433 00000000000085af
[mtlr] resource2 sel8 flags 470 sz 0x1000 -> kr 0x00000000 rid 37 GPUVA 0x10000100000 cpu 1072fc000
[mtlr]   out: 0000010000100000 00000001072fc000 000000010721dbc0 0000000000000000
[mtlr]   out: 0000002500000000 0000000000004000 0000000019067434 00000000000085b0
[mtlr] resource2 sel8 flags 470 sz 0x1000 -> kr 0x00000000 rid 38 GPUVA 0x10000108000 cpu 107300000
[mtlr]   out: 0000010000108000 0000000107300000 000000010721dc80 0000000000000000
[mtlr]   out: 0000002600000000 0000000000004000 0000000019067435 00000000000085b1
[mtlr] resource2 sel8 flags 470 sz 0x1000 -> kr 0x00000000 rid 39 GPUVA 0x10000110000 cpu 107304000
[mtlr]   out: 0000010000110000 0000000107304000 000000010721dd40 0000000000000000
[mtlr]   out: 0000002700000000 0000000000004000 0000000019067436 00000000000085b2
[mtlr] resource2 sel8 flags 470 sz 0x1000 -> kr 0x00000000 rid 40 GPUVA 0x10000118000 cpu 107308000
[mtlr]   out: 0000010000118000 0000000107308000 000000010721de00 0000000000000000
[mtlr]   out: 0000002800000000 0000000000004000 0000000019067437 00000000000085b3
[mtlr] resource2 sel8 flags 470 sz 0x1000 -> kr 0x00000000 rid 41 GPUVA 0x10000120000 cpu 10730c000
[mtlr]   out: 0000010000120000 000000010730c000 000000010721dec0 0000000000000000
[mtlr]   out: 0000002900000000 0000000000004000 0000000019067438 00000000000085b4
[mtlr] resource2 sel8 flags 470 sz 0x1000 -> kr 0x00000000 rid 42 GPUVA 0x10000128000 cpu 107310000
[mtlr]   out: 0000010000128000 0000000107310000 000000010721df80 0000000000000000
[mtlr]   out: 0000002a00000000 0000000000004000 0000000019067439 00000000000085b5
[mtlr] resource2 sel8 flags 470 sz 0x1000 -> kr 0x00000000 rid 43 GPUVA 0x10000130000 cpu 107314000
[mtlr]   out: 0000010000130000 0000000107314000 000000010721e040 0000000000000000
[mtlr]   out: 0000002b00000000 0000000000004000 000000001906743a 00000000000085b6
[mtlr] resource2 sel8 flags 470 sz 0x1000 -> kr 0x00000000 rid 44 GPUVA 0x10000138000 cpu 107318000
[mtlr]   out: 0000010000138000 0000000107318000 000000010721e100 0000000000000000
[mtlr]   out: 0000002c00000000 0000000000004000 000000001906743b 00000000000085b7
[mtlr] resource2 sel8 flags 470 sz 0x1000 -> kr 0x00000000 rid 45 GPUVA 0x10000140000 cpu 107324000
[mtlr]   out: 0000010000140000 0000000107324000 000000010721e1c0 0000000000000000
[mtlr]   out: 0000002d00000000 0000000000004000 000000001906743c 00000000000085b8
[mtlr] resource2 sel8 flags 470 sz 0x1000 -> kr 0x00000000 rid 46 GPUVA 0x10000148000 cpu 107328000
[mtlr]   out: 0000010000148000 0000000107328000 000000010721e280 0000000000000000
[mtlr]   out: 0000002e00000000 0000000000004000 000000001906743d 00000000000085b9
[mtlr] resource2 sel8 flags 470 sz 0x1000 -> kr 0x00000000 rid 47 GPUVA 0x10000150000 cpu 10732c000
[mtlr]   out: 0000010000150000 000000010732c000 000000010721e340 0000000000000000
[mtlr]   out: 0000002f00000000 0000000000004000 000000001906743e 00000000000085ba
[mtlr] resource2 sel8 flags 470 sz 0x1000 -> kr 0x00000000 rid 48 GPUVA 0x10000158000 cpu 107330000
[mtlr]   out: 0000010000158000 0000000107330000 000000010721e400 0000000000000000
[mtlr]   out: 0000003000000000 0000000000004000 000000001906743f 00000000000085bb
[mtlr] resource2 sel8 flags 470 sz 0x1000 -> kr 0x00000000 rid 49 GPUVA 0x10000160000 cpu 107334000
[mtlr]   out: 0000010000160000 0000000107334000 000000010721e4c0 0000000000000000
[mtlr]   out: 0000003100000000 0000000000004000 0000000019067440 00000000000085bc
[mtlr] resource2 sel8 flags 470 sz 0x1000 -> kr 0x00000000 rid 50 GPUVA 0x10000168000 cpu 107338000
[mtlr]   out: 0000010000168000 0000000107338000 000000010721e580 0000000000000000
[mtlr]   out: 0000003200000000 0000000000004000 0000000019067441 00000000000085bd
[mtlr] resource2 sel8 flags 470 sz 0x1000 -> kr 0x00000000 rid 51 GPUVA 0x10000170000 cpu 10733c000
[mtlr]   out: 0000010000170000 000000010733c000 000000010721e640 0000000000000000
[mtlr]   out: 0000003300000000 0000000000004000 0000000019067442 00000000000085be
[mtlr] resource2 sel8 flags 470 sz 0x1000 -> kr 0x00000000 rid 52 GPUVA 0x10000178000 cpu 107340000
[mtlr]   out: 0000010000178000 0000000107340000 000000010721e700 0000000000000000
[mtlr]   out: 0000003400000000 0000000000004000 0000000019067443 00000000000085bf
[mtlr] resource2 sel8 flags 470 sz 0x1000 -> kr 0x00000000 rid 53 GPUVA 0x10000180000 cpu 107344000
[mtlr]   out: 0000010000180000 0000000107344000 000000010721e7c0 0000000000000000
[mtlr]   out: 0000003500000000 0000000000004000 0000000019067444 00000000000085c0
[mtlr] resource2 sel8 flags 470 sz 0x1000 -> kr 0x00000000 rid 54 GPUVA 0x10000188000 cpu 107348000
[mtlr]   out: 0000010000188000 0000000107348000 000000010721e880 0000000000000000
[mtlr]   out: 0000003600000000 0000000000004000 0000000019067445 00000000000085c1
[mtlr] resource2 sel8 flags 470 sz 0x1000 -> kr 0x00000000 rid 55 GPUVA 0x10000190000 cpu 10bfb8000
[mtlr]   out: 0000010000190000 000000010bfb8000 000000010721e940 0000000000000000
[mtlr]   out: 0000003700000000 0000000000004000 0000000019067446 00000000000085c2
[mtlr] resource2 sel8 flags 470 sz 0x1000 -> kr 0x00000000 rid 56 GPUVA 0x10000198000 cpu 10bfbc000
[mtlr]   out: 0000010000198000 000000010bfbc000 000000010721ea00 0000000000000000
[mtlr]   out: 0000003800000000 0000000000004000 0000000019067447 00000000000085c3
[mtlr] resource2 sel8 flags 470 sz 0x1000 -> kr 0x00000000 rid 57 GPUVA 0x100001a0000 cpu 10bfc0000
[mtlr]   out: 00000100001a0000 000000010bfc0000 000000010721eac0 0000000000000000
[mtlr]   out: 0000003900000000 0000000000004000 0000000019067448 00000000000085c4
[mtlr] resource2 sel8 flags 470 sz 0x1000 -> kr 0x00000000 rid 58 GPUVA 0x100001a8000 cpu 10bfc4000
[mtlr]   out: 00000100001a8000 000000010bfc4000 000000010721eb80 0000000000000000
[mtlr]   out: 0000003a00000000 0000000000004000 0000000019067449 00000000000085c5
[mtlr] resource2 sel8 flags 470 sz 0x1000 -> kr 0x00000000 rid 59 GPUVA 0x100001b0000 cpu 10d400000
[mtlr]   out: 00000100001b0000 000000010d400000 000000010721ec40 0000000000000000
[mtlr]   out: 0000003b00000000 0000000000004000 000000001906744a 00000000000085c6
[mtlr] resource2 sel8 flags 470 sz 0x1000 -> kr 0x00000000 rid 60 GPUVA 0x100001b8000 cpu 10d404000
[mtlr]   out: 00000100001b8000 000000010d404000 000000010721ed00 0000000000000000
[mtlr]   out: 0000003c00000000 0000000000004000 000000001906744b 00000000000085c7
[mtlr] resource2 sel8 flags 470 sz 0x10000 -> kr 0x00000000 rid 179 GPUVA 0x100025d0000 cpu 10d438000
[mtlr]   out: 00000100025d0000 000000010d438000 0000000107224640 0000000000000000
[mtlr]   out: 000000b300000000 0000000000010000 000000001906744f 00000000000085ca
[lm] A/420v 64x64: 96 surfaces sprayed, 0 hits (cb status 4)
[mtlr] resource2 sel8 flags 470 sz 0x1000 -> kr 0x00000000 rid 21 GPUVA 0x10000080000 cpu 1072b4000
[mtlr]   out: 0000010000080000 00000001072b4000 000000010721cfc0 0000000000000000
[mtlr]   out: 0000001500000000 0000000000004000 00000000190674a6 00000000000085cd
[mtlr] resource2 sel8 flags 470 sz 0x1000 -> kr 0x00000000 rid 22 GPUVA 0x10000088000 cpu 1072b8000
[mtlr]   out: 0000010000088000 00000001072b8000 000000010721d080 0000000000000000
[mtlr]   out: 0000001600000000 0000000000004000 00000000190674a7 00000000000085ce
[mtlr] resource2 sel8 flags 470 sz 0x1000 -> kr 0x00000000 rid 23 GPUVA 0x10000090000 cpu 1072c4000
[mtlr]   out: 0000010000090000 00000001072c4000 000000010721d140 0000000000000000
[mtlr]   out: 0000001700000000 0000000000004000 00000000190674a8 00000000000085cf
[mtlr] resource2 sel8 flags 470 sz 0x1000 -> kr 0x00000000 rid 24 GPUVA 0x10000098000 cpu 1072c8000
[mtlr]   out: 0000010000098000 00000001072c8000 000000010721d200 0000000000000000
[mtlr]   out: 0000001800000000 0000000000004000 00000000190674a9 00000000000085d0
[mtlr] resource2 sel8 flags 470 sz 0x1000 -> kr 0x00000000 rid 25 GPUVA 0x100000a0000 cpu 1072cc000
[mtlr]   out: 00000100000a0000 00000001072cc000 000000010721d2c0 0000000000000000
[mtlr]   out: 0000001900000000 0000000000004000 00000000190674aa 00000000000085d1
[mtlr] resource2 sel8 flags 470 sz 0x1000 -> kr 0x00000000 rid 26 GPUVA 0x100000a8000 cpu 1072d0000
[mtlr]   out: 00000100000a8000 00000001072d0000 000000010721d380 0000000000000000
[mtlr]   out: 0000001a00000000 0000000000004000 00000000190674ab 00000000000085d2
[mtlr] resource2 sel8 flags 470 sz 0x1000 -> kr 0x00000000 rid 27 GPUVA 0x100000b0000 cpu 1072d4000
[mtlr]   out: 00000100000b0000 00000001072d4000 000000010721d440 0000000000000000
[mtlr]   out: 0000001b00000000 0000000000004000 00000000190674ac 00000000000085d3
[mtlr] resource2 sel8 flags 470 sz 0x1000 -> kr 0x00000000 rid 28 GPUVA 0x100000b8000 cpu 1072d8000
[mtlr]   out: 00000100000b8000 00000001072d8000 000000010721d500 0000000000000000
[mtlr]   out: 0000001c00000000 0000000000004000 00000000190674ad 00000000000085d4
[mtlr] resource2 sel8 flags 470 sz 0x1000 -> kr 0x00000000 rid 29 GPUVA 0x100000c0000 cpu 1072dc000
[mtlr]   out: 00000100000c0000 00000001072dc000 000000010721d5c0 0000000000000000
[mtlr]   out: 0000001d00000000 0000000000004000 00000000190674ae 00000000000085d5
[mtlr] resource2 sel8 flags 470 sz 0x1000 -> kr 0x00000000 rid 30 GPUVA 0x100000c8000 cpu 1072e0000
[mtlr]   out: 00000100000c8000 00000001072e0000 000000010721d680 0000000000000000
[mtlr]   out: 0000001e00000000 0000000000004000 00000000190674af 00000000000085d6
[mtlr] resource2 sel8 flags 470 sz 0x1000 -> kr 0x00000000 rid 31 GPUVA 0x100000d0000 cpu 1072e4000
[mtlr]   out: 00000100000d0000 00000001072e4000 000000010721d740 0000000000000000
[mtlr]   out: 0000001f00000000 0000000000004000 00000000190674b0 00000000000085d7
[mtlr] resource2 sel8 flags 470 sz 0x1000 -> kr 0x00000000 rid 32 GPUVA 0x100000d8000 cpu 1072e8000
[mtlr]   out: 00000100000d8000 00000001072e8000 000000010721d800 0000000000000000
[mtlr]   out: 0000002000000000 0000000000004000 00000000190674b1 00000000000085d8
[mtlr] resource2 sel8 flags 470 sz 0x1000 -> kr 0x00000000 rid 33 GPUVA 0x100000e0000 cpu 1072ec000
[mtlr]   out: 00000100000e0000 00000001072ec000 000000010721d8c0 0000000000000000
[mtlr]   out: 0000002100000000 0000000000004000 00000000190674b2 00000000000085d9
[mtlr] resource2 sel8 flags 470 sz 0x1000 -> kr 0x00000000 rid 34 GPUVA 0x100000e8000 cpu 1072f0000
[mtlr]   out: 00000100000e8000 00000001072f0000 000000010721d980 0000000000000000
[mtlr]   out: 0000002200000000 0000000000004000 00000000190674b3 00000000000085da
[mtlr] resource2 sel8 flags 470 sz 0x1000 -> kr 0x00000000 rid 35 GPUVA 0x100000f0000 cpu 1072f4000
[mtlr]   out: 00000100000f0000 00000001072f4000 000000010721da40 0000000000000000
[mtlr]   out: 0000002300000000 0000000000004000 00000000190674b4 00000000000085db
[mtlr] resource2 sel8 flags 470 sz 0x1000 -> kr 0x00000000 rid 36 GPUVA 0x100000f8000 cpu 1072f8000
[mtlr]   out: 00000100000f8000 00000001072f8000 000000010721db00 0000000000000000
[mtlr]   out: 0000002400000000 0000000000004000 00000000190674b5 00000000000085dc
[mtlr] resource2 sel8 flags 470 sz 0x1000 -> kr 0x00000000 rid 37 GPUVA 0x10000100000 cpu 1072fc000
[mtlr]   out: 0000010000100000 00000001072fc000 000000010721dbc0 0000000000000000
[mtlr]   out: 0000002500000000 0000000000004000 00000000190674b6 00000000000085dd
[mtlr] resource2 sel8 flags 470 sz 0x1000 -> kr 0x00000000 rid 38 GPUVA 0x10000108000 cpu 107300000
[mtlr]   out: 0000010000108000 0000000107300000 000000010721dc80 0000000000000000
[mtlr]   out: 0000002600000000 0000000000004000 00000000190674b7 00000000000085de
[mtlr] resource2 sel8 flags 470 sz 0x1000 -> kr 0x00000000 rid 39 GPUVA 0x10000110000 cpu 107304000
[mtlr]   out: 0000010000110000 0000000107304000 000000010721dd40 0000000000000000
[mtlr]   out: 0000002700000000 0000000000004000 00000000190674b8 00000000000085df
[mtlr] resource2 sel8 flags 470 sz 0x1000 -> kr 0x00000000 rid 40 GPUVA 0x10000118000 cpu 107308000
[mtlr]   out: 0000010000118000 0000000107308000 000000010721de00 0000000000000000
[mtlr]   out: 0000002800000000 0000000000004000 00000000190674b9 00000000000085e0
[mtlr] resource2 sel8 flags 470 sz 0x1000 -> kr 0x00000000 rid 41 GPUVA 0x10000120000 cpu 10730c000
[mtlr]   out: 0000010000120000 000000010730c000 000000010721dec0 0000000000000000
[mtlr]   out: 0000002900000000 0000000000004000 00000000190674ba 00000000000085e1
[mtlr] resource2 sel8 flags 470 sz 0x1000 -> kr 0x00000000 rid 42 GPUVA 0x10000128000 cpu 107310000
[mtlr]   out: 0000010000128000 0000000107310000 000000010721df80 0000000000000000
[mtlr]   out: 0000002a00000000 0000000000004000 00000000190674bb 00000000000085e2
[mtlr] resource2 sel8 flags 470 sz 0x1000 -> kr 0x00000000 rid 43 GPUVA 0x10000130000 cpu 107314000
[mtlr]   out: 0000010000130000 0000000107314000 000000010721e040 0000000000000000
[mtlr]   out: 0000002b00000000 0000000000004000 00000000190674bc 00000000000085e3
[mtlr] resource2 sel8 flags 470 sz 0x1000 -> kr 0x00000000 rid 44 GPUVA 0x10000138000 cpu 107318000
[mtlr]   out: 0000010000138000 0000000107318000 000000010721e100 0000000000000000
[mtlr]   out: 0000002c00000000 0000000000004000 00000000190674bd 00000000000085e4
[mtlr] resource2 sel8 flags 470 sz 0x1000 -> kr 0x00000000 rid 45 GPUVA 0x10000140000 cpu 107324000
[mtlr]   out: 0000010000140000 0000000107324000 000000010721e1c0 0000000000000000
[mtlr]   out: 0000002d00000000 0000000000004000 00000000190674be 00000000000085e5
[mtlr] resource2 sel8 flags 470 sz 0x1000 -> kr 0x00000000 rid 46 GPUVA 0x10000148000 cpu 107328000
[mtlr]   out: 0000010000148000 0000000107328000 000000010721e280 0000000000000000
[mtlr]   out: 0000002e00000000 0000000000004000 00000000190674bf 00000000000085e6
[mtlr] resource2 sel8 flags 470 sz 0x1000 -> kr 0x00000000 rid 47 GPUVA 0x10000150000 cpu 10732c000
[mtlr]   out: 0000010000150000 000000010732c000 000000010721e340 0000000000000000
[mtlr]   out: 0000002f00000000 0000000000004000 00000000190674c0 00000000000085e7
[mtlr] resource2 sel8 flags 470 sz 0x1000 -> kr 0x00000000 rid 48 GPUVA 0x10000158000 cpu 107330000
[mtlr]   out: 0000010000158000 0000000107330000 000000010721e400 0000000000000000
[mtlr]   out: 0000003000000000 0000000000004000 00000000190674c1 00000000000085e8
[mtlr] resource2 sel8 flags 470 sz 0x1000 -> kr 0x00000000 rid 49 GPUVA 0x10000160000 cpu 107334000
[mtlr]   out: 0000010000160000 0000000107334000 000000010721e4c0 0000000000000000
[mtlr]   out: 0000003100000000 0000000000004000 00000000190674c2 00000000000085e9
[mtlr] resource2 sel8 flags 470 sz 0x1000 -> kr 0x00000000 rid 50 GPUVA 0x10000168000 cpu 107338000
[mtlr]   out: 0000010000168000 0000000107338000 000000010721e580 0000000000000000
[mtlr]   out: 0000003200000000 0000000000004000 00000000190674c3 00000000000085ea
[mtlr] resource2 sel8 flags 470 sz 0x1000 -> kr 0x00000000 rid 51 GPUVA 0x10000170000 cpu 10733c000
[mtlr]   out: 0000010000170000 000000010733c000 000000010721e640 0000000000000000
[mtlr]   out: 0000003300000000 0000000000004000 00000000190674c4 00000000000085eb
[mtlr] resource2 sel8 flags 470 sz 0x1000 -> kr 0x00000000 rid 52 GPUVA 0x10000178000 cpu 107340000
[mtlr]   out: 0000010000178000 0000000107340000 000000010721e700 0000000000000000
[mtlr]   out: 0000003400000000 0000000000004000 00000000190674c5 00000000000085ec
[mtlr] resource2 sel8 flags 470 sz 0x1000 -> kr 0x00000000 rid 53 GPUVA 0x10000180000 cpu 107344000
[mtlr]   out: 0000010000180000 0000000107344000 000000010721e7c0 0000000000000000
[mtlr]   out: 0000003500000000 0000000000004000 00000000190674c6 00000000000085ed
[mtlr] resource2 sel8 flags 470 sz 0x1000 -> kr 0x00000000 rid 54 GPUVA 0x10000188000 cpu 107348000
[mtlr]   out: 0000010000188000 0000000107348000 000000010721e880 0000000000000000
[mtlr]   out: 0000003600000000 0000000000004000 00000000190674c7 00000000000085ee
[mtlr] resource2 sel8 flags 470 sz 0x1000 -> kr 0x00000000 rid 55 GPUVA 0x10000190000 cpu 10bfb8000
[mtlr]   out: 0000010000190000 000000010bfb8000 000000010721e940 0000000000000000
[mtlr]   out: 0000003700000000 0000000000004000 00000000190674c8 00000000000085ef
[mtlr] resource2 sel8 flags 470 sz 0x1000 -> kr 0x00000000 rid 56 GPUVA 0x10000198000 cpu 10bfbc000
[mtlr]   out: 0000010000198000 000000010bfbc000 000000010721ea00 0000000000000000
[mtlr]   out: 0000003800000000 0000000000004000 00000000190674c9 00000000000085f0
[mtlr] resource2 sel8 flags 470 sz 0x1000 -> kr 0x00000000 rid 57 GPUVA 0x100001a0000 cpu 10bfc0000
[mtlr]   out: 00000100001a0000 000000010bfc0000 000000010721eac0 0000000000000000
[mtlr]   out: 0000003900000000 0000000000004000 00000000190674ca 00000000000085f1
[mtlr] resource2 sel8 flags 470 sz 0x1000 -> kr 0x00000000 rid 58 GPUVA 0x100001a8000 cpu 10bfc4000
[mtlr]   out: 00000100001a8000 000000010bfc4000 000000010721eb80 0000000000000000
[mtlr]   out: 0000003a00000000 0000000000004000 00000000190674cb 00000000000085f2
[mtlr] resource2 sel8 flags 470 sz 0x1000 -> kr 0x00000000 rid 59 GPUVA 0x100001b0000 cpu 10d400000
[mtlr]   out: 00000100001b0000 000000010d400000 000000010721ec40 0000000000000000
[mtlr]   out: 0000003b00000000 0000000000004000 00000000190674cc 00000000000085f3
[mtlr] resource2 sel8 flags 470 sz 0x1000 -> kr 0x00000000 rid 60 GPUVA 0x100001b8000 cpu 10d404000
[mtlr]   out: 00000100001b8000 000000010d404000 000000010721ed00 0000000000000000
[mtlr]   out: 0000003c00000000 0000000000004000 00000000190674cd 00000000000085f4
[lm] A done (alive)
[probe13] lastmile-only mode, stop
