[main] fuzz harness up, mode=xpleak
[main] sandbox note: VCPDRM open is MACF-denied (iokit-open-user-client VCPDRMUserClient); mach-lookup com.apple.sprr / com.apple.jitbox exist but are sandbox-gated (seen in kernel log)
[xpleak] mode=obs kind=both pid 19653
[xp-obs] scan start tag=obs, cap 60s, skip 0 waves, kind mtl=1 iosurf=1, pid 19653
[xp-obs] wave 0: mtl 0x4000 x16, surf 64x64/4/ARGB x8 (t+0s)
[xp-obs] wave 0 done: total bufs 24 nonzero 0 sig 0 ptr 0 (0.4 MB read)
[xp-obs] wave 1: mtl 0x8000 x16, surf 256x256/4/ARGB x8 (t+0s)
[xp-obs] wave 1 done: total bufs 48 nonzero 0 sig 0 ptr 0 (2.9 MB read)
[xp-obs] wave 2: mtl 0x10000 x16, surf 512x512/4/ARGB x8 (t+0s)
[xp-obs] wave 2 done: total bufs 72 nonzero 0 sig 0 ptr 0 (11.9 MB read)
[xp-obs] wave 3: mtl 0x20000 x16, surf 1024x1024/4/ARGB x8 (t+0s)
[xp-obs] wave 3 done: total bufs 96 nonzero 0 sig 0 ptr 0 (45.9 MB read)
[xp-obs] wave 4: mtl 0x40000 x16, surf 128x128/1/v024 x8 (t+0s)
[xp-obs] wave 4 done: total bufs 120 nonzero 0 sig 0 ptr 0 (50.0 MB read)
[xp-obs] wave 5: mtl 0x80000 x16, surf 640x480/1/v024 x8 (t+1s)
[xp-obs] wave 5 done: total bufs 144 nonzero 0 sig 0 ptr 0 (60.3 MB read)
[xp-obs] wave 6: mtl 0x100000 x16, surf 1280x720/1/v024 x8 (t+1s)
[xp-obs] wave 6 done: total bufs 168 nonzero 0 sig 0 ptr 0 (83.4 MB read)
[xp-obs] wave 7: mtl 0x4000 x16, surf 1920x1080/1/v024 x8 (t+1s)
[xp-obs] wave 7 done: total bufs 192 nonzero 0 sig 0 ptr 0 (99.4 MB read)
[xp-obs] wave 8: mtl 0x8000 x16, surf 64x64/4/ARGB x8 (t+1s)
[xp-obs] wave 8 done: total bufs 216 nonzero 0 sig 0 ptr 0 (100.1 MB read)
[xp-obs] wave 9: mtl 0x10000 x16, surf 256x256/4/ARGB x8 (t+1s)
[xp-obs] wave 9 done: total bufs 240 nonzero 0 sig 0 ptr 0 (103.1 MB read)
[xp-obs] wave 10: mtl 0x20000 x16, surf 512x512/4/ARGB x8 (t+1s)
[xp-obs] wave 10 done: total bufs 264 nonzero 0 sig 0 ptr 0 (113.1 MB read)
[xp-obs] wave 11: mtl 0x40000 x16, surf 1024x1024/4/ARGB x8 (t+1s)
[xp-obs] wave 11 done: total bufs 288 nonzero 0 sig 0 ptr 0 (149.1 MB read)
[xp-obs] wave 12: mtl 0x80000 x16, surf 128x128/1/v024 x8 (t+1s)
[xp-obs] wave 12 done: total bufs 312 nonzero 0 sig 0 ptr 0 (157.2 MB read)
[xp-obs] wave 13: mtl 0x100000 x16, surf 640x480/1/v024 x8 (t+1s)
[xp-obs] wave 13 done: total bufs 336 nonzero 0 sig 0 ptr 0 (175.5 MB read)
[xp-obs] wave 14: mtl 0x4000 x16, surf 1280x720/1/v024 x8 (t+2s)
[xp-obs] wave 14 done: total bufs 360 nonzero 0 sig 0 ptr 0 (182.8 MB read)
[xp-obs] wave 15: mtl 0x8000 x16, surf 1920x1080/1/v024 x8 (t+2s)
[xp-obs] wave 15 done: total bufs 384 nonzero 0 sig 0 ptr 0 (199.1 MB read)
[xp-obs] wave 16: mtl 0x10000 x16, surf 64x64/4/ARGB x8 (t+2s)
[xp-obs] wave 16 done: total bufs 408 nonzero 0 sig 0 ptr 0 (200.3 MB read)
[xp-obs] wave 17: mtl 0x20000 x16, surf 256x256/4/ARGB x8 (t+2s)
[xp-obs] wave 17 done: total bufs 432 nonzero 0 sig 0 ptr 0 (204.3 MB read)
[xp-obs] wave 18: mtl 0x40000 x16, surf 512x512/4/ARGB x8 (t+2s)
[xp-obs] wave 18 done: total bufs 456 nonzero 0 sig 0 ptr 0 (216.3 MB read)
[xp-obs] wave 19: mtl 0x80000 x16, surf 1024x1024/4/ARGB x8 (t+2s)
[xp-obs] wave 19 done: total bufs 480 nonzero 0 sig 0 ptr 0 (256.3 MB read)
[xp-obs] wave 20: mtl 0x100000 x16, surf 128x128/1/v024 x8 (t+2s)
[xp-obs] wave 20 done: total bufs 504 nonzero 0 sig 0 ptr 0 (272.4 MB read)
[xp-obs] wave 21: mtl 0x4000 x16, surf 640x480/1/v024 x8 (t+2s)
[xp-obs] wave 21 done: total bufs 528 nonzero 0 sig 0 ptr 0 (275.0 MB read)
[xp-obs] wave 22: mtl 0x8000 x16, surf 1280x720/1/v024 x8 (t+3s)
[xp-obs] wave 22 done: total bufs 552 nonzero 0 sig 0 ptr 0 (282.5 MB read)
[xp-obs] wave 23: mtl 0x10000 x16, surf 1920x1080/1/v024 x8 (t+3s)
[xp-obs] wave 23 done: total bufs 576 nonzero 0 sig 0 ptr 0 (299.3 MB read)
[xp-obs] wave 24: mtl 0x20000 x16, surf 64x64/4/ARGB x8 (t+3s)
[xp-obs] wave 24 done: total bufs 600 nonzero 0 sig 0 ptr 0 (301.5 MB read)
[xp-obs] wave 25: mtl 0x40000 x16, surf 256x256/4/ARGB x8 (t+3s)
[xp-obs] wave 25 done: total bufs 624 nonzero 0 sig 0 ptr 0 (307.5 MB read)
[xp-obs] wave 26: mtl 0x80000 x16, surf 512x512/4/ARGB x8 (t+3s)
[xp-obs] wave 26 done: total bufs 648 nonzero 0 sig 0 ptr 0 (323.5 MB read)
[xp-obs] wave 27: mtl 0x100000 x16, surf 1024x1024/4/ARGB x8 (t+3s)
[xp-obs] wave 27 done: total bufs 672 nonzero 0 sig 0 ptr 0 (371.5 MB read)
[xp-obs] wave 28: mtl 0x4000 x16, surf 128x128/1/v024 x8 (t+3s)
[xp-obs] wave 28 done: total bufs 696 nonzero 0 sig 0 ptr 0 (371.8 MB read)
[xp-obs] wave 29: mtl 0x8000 x16, surf 640x480/1/v024 x8 (t+3s)
[xp-obs] wave 29 done: total bufs 720 nonzero 0 sig 0 ptr 0 (374.7 MB read)
[xp-obs] wave 30: mtl 0x10000 x16, surf 1280x720/1/v024 x8 (t+3s)
[xp-obs] wave 30 done: total bufs 744 nonzero 0 sig 0 ptr 0 (382.7 MB read)
[xp-obs] wave 31: mtl 0x20000 x16, surf 1920x1080/1/v024 x8 (t+4s)
[xp-obs] wave 31 done: total bufs 768 nonzero 0 sig 0 ptr 0 (400.5 MB read)
[xp-obs] wave 32: mtl 0x40000 x16, surf 64x64/4/ARGB x8 (t+4s)
[xp-obs] wave 32 done: total bufs 792 nonzero 0 sig 0 ptr 0 (404.7 MB read)
[xp-obs] wave 33: mtl 0x80000 x16, surf 256x256/4/ARGB x8 (t+4s)
[xp-obs] wave 33 done: total bufs 816 nonzero 0 sig 0 ptr 0 (414.7 MB read)
[xp-obs] wave 34: mtl 0x100000 x16, surf 512x512/4/ARGB x8 (t+4s)
[xp-obs] wave 34 done: total bufs 840 nonzero 0 sig 0 ptr 0 (438.7 MB read)
[xp-obs] wave 35: mtl 0x4000 x16, surf 1024x1024/4/ARGB x8 (t+4s)
[xp-obs] wave 35 done: total bufs 864 nonzero 0 sig 0 ptr 0 (470.9 MB read)
[xp-obs] wave 36: mtl 0x8000 x16, surf 128x128/1/v024 x8 (t+4s)
[xp-obs] wave 36 done: total bufs 888 nonzero 0 sig 0 ptr 0 (471.5 MB read)
[xp-obs] wave 37: mtl 0x10000 x16, surf 640x480/1/v024 x8 (t+4s)
[xp-obs] wave 37 done: total bufs 912 nonzero 0 sig 0 ptr 0 (474.9 MB read)
[xp-obs] wave 38: mtl 0x20000 x16, surf 1280x720/1/v024 x8 (t+4s)
[xp-obs] wave 38 done: total bufs 936 nonzero 0 sig 0 ptr 0 (483.9 MB read)
[xp-obs] wave 39: mtl 0x40000 x16, surf 1920x1080/1/v024 x8 (t+4s)
[xp-obs] wave 39 done: total bufs 960 nonzero 0 sig 0 ptr 0 (503.7 MB read)
[xp-obs] wave 40: mtl 0x80000 x16, surf 64x64/4/ARGB x8 (t+5s)
[xp-obs] wave 40 done: total bufs 984 nonzero 0 sig 0 ptr 0 (511.9 MB read)
[xp-obs] wave 41: mtl 0x100000 x16, surf 256x256/4/ARGB x8 (t+5s)
[xp-obs] wave 41 done: total bufs 1008 nonzero 0 sig 0 ptr 0 (529.9 MB read)
[xp-obs] wave 42: mtl 0x4000 x16, surf 512x512/4/ARGB x8 (t+5s)
[xp-obs] wave 42 done: total bufs 1032 nonzero 0 sig 0 ptr 0 (538.1 MB read)
[xp-obs] wave 43: mtl 0x8000 x16, surf 1024x1024/4/ARGB x8 (t+5s)
[xp-obs] wave 43 done: total bufs 1056 nonzero 0 sig 0 ptr 0 (570.6 MB read)
[xp-obs] wave 44: mtl 0x10000 x16, surf 128x128/1/v024 x8 (t+5s)
[xp-obs] wave 44 done: total bufs 1080 nonzero 0 sig 0 ptr 0 (571.7 MB read)
[xp-obs] wave 45: mtl 0x20000 x16, surf 640x480/1/v024 x8 (t+5s)
[xp-obs] wave 45 done: total bufs 1104 nonzero 0 sig 0 ptr 0 (576.1 MB read)
[xp-obs] wave 46: mtl 0x40000 x16, surf 1280x720/1/v024 x8 (t+5s)
[xp-obs] wave 46 done: total bufs 1128 nonzero 0 sig 0 ptr 0 (587.1 MB read)
[xp-obs] wave 47: mtl 0x80000 x16, surf 1920x1080/1/v024 x8 (t+5s)
[xp-obs] wave 47 done: total bufs 1152 nonzero 0 sig 0 ptr 0 (610.9 MB read)
[xp-obs] wave 48: mtl 0x100000 x16, surf 64x64/4/ARGB x8 (t+5s)
[xp-obs] wave 48 done: total bufs 1176 nonzero 0 sig 0 ptr 0 (627.0 MB read)
[xp-obs] wave 49: mtl 0x4000 x16, surf 256x256/4/ARGB x8 (t+6s)
[xp-obs] wave 49 done: total bufs 1200 nonzero 0 sig 0 ptr 0 (629.3 MB read)
[xp-obs] wave 50: mtl 0x8000 x16, surf 512x512/4/ARGB x8 (t+6s)
[xp-obs] wave 50 done: total bufs 1224 nonzero 0 sig 0 ptr 0 (637.8 MB read)
[xp-obs] wave 51: mtl 0x10000 x16, surf 1024x1024/4/ARGB x8 (t+6s)
[xp-obs] wave 51 done: total bufs 1248 nonzero 0 sig 0 ptr 0 (670.8 MB read)
[xp-obs] wave 52: mtl 0x20000 x16, surf 128x128/1/v024 x8 (t+6s)
[xp-obs] wave 52 done: total bufs 1272 nonzero 0 sig 0 ptr 0 (672.9 MB read)
[xp-obs] wave 53: mtl 0x40000 x16, surf 640x480/1/v024 x8 (t+6s)
[xp-obs] wave 53 done: total bufs 1296 nonzero 0 sig 0 ptr 0 (679.3 MB read)
[xp-obs] wave 54: mtl 0x80000 x16, surf 1280x720/1/v024 x8 (t+6s)
[xp-obs] wave 54 done: total bufs 1320 nonzero 0 sig 0 ptr 0 (694.3 MB read)
[xp-obs] wave 55: mtl 0x100000 x16, surf 1920x1080/1/v024 x8 (t+6s)
[xp-obs] wave 55 done: total bufs 1344 nonzero 0 sig 0 ptr 0 (726.1 MB read)
[xp-obs] wave 56: mtl 0x4000 x16, surf 64x64/4/ARGB x8 (t+6s)
[xp-obs] wave 56 done: total bufs 1368 nonzero 0 sig 0 ptr 0 (726.5 MB read)
[xp-obs] wave 57: mtl 0x8000 x16, surf 256x256/4/ARGB x8 (t+7s)
[xp-obs] wave 57 done: total bufs 1392 nonzero 0 sig 0 ptr 0 (729.0 MB read)
[xp-obs] wave 58: mtl 0x10000 x16, surf 512x512/4/ARGB x8 (t+7s)
[xp-obs] wave 58 done: total bufs 1416 nonzero 0 sig 0 ptr 0 (738.0 MB read)
[xp-obs] wave 59: mtl 0x20000 x16, surf 1024x1024/4/ARGB x8 (t+7s)
[xp-obs] wave 59 done: total bufs 1440 nonzero 0 sig 0 ptr 0 (772.0 MB read)
[xp-obs] wave 60: mtl 0x40000 x16, surf 128x128/1/v024 x8 (t+7s)
[xp-obs] wave 60 done: total bufs 1464 nonzero 0 sig 0 ptr 0 (776.1 MB read)
[xp-obs] wave 61: mtl 0x80000 x16, surf 640x480/1/v024 x8 (t+7s)
[xp-obs] wave 61 done: total bufs 1488 nonzero 0 sig 0 ptr 0 (786.5 MB read)
[xp-obs] wave 62: mtl 0x100000 x16, surf 1280x720/1/v024 x8 (t+7s)
[xp-obs] wave 62 done: total bufs 1512 nonzero 0 sig 0 ptr 0 (809.5 MB read)
[xp-obs] wave 63: mtl 0x4000 x16, surf 1920x1080/1/v024 x8 (t+7s)
[xp-obs] wave 63 done: total bufs 1536 nonzero 0 sig 0 ptr 0 (825.6 MB read)
[xp-obs] wave 64: mtl 0x8000 x16, surf 64x64/4/ARGB x8 (t+7s)
[xp-obs] wave 64 done: total bufs 1560 nonzero 0 sig 0 ptr 0 (826.2 MB read)
[xp-obs] wave 65: mtl 0x10000 x16, surf 256x256/4/ARGB x8 (t+7s)
[xp-obs] wave 65 done: total bufs 1584 nonzero 0 sig 0 ptr 0 (829.2 MB read)
[xp-obs] wave 66: mtl 0x20000 x16, surf 512x512/4/ARGB x8 (t+8s)
[xp-obs] wave 66 done: total bufs 1608 nonzero 0 sig 0 ptr 0 (839.2 MB read)
[xp-obs] wave 67: mtl 0x40000 x16, surf 1024x1024/4/ARGB x8 (t+8s)
[xp-obs] wave 67 done: total bufs 1632 nonzero 0 sig 0 ptr 0 (875.2 MB read)
[xp-obs] wave 68: mtl 0x80000 x16, surf 128x128/1/v024 x8 (t+8s)
[xp-obs] wave 68 done: total bufs 1656 nonzero 0 sig 0 ptr 0 (883.3 MB read)
[xp-obs] wave 69: mtl 0x100000 x16, surf 640x480/1/v024 x8 (t+8s)
[xp-obs] wave 69 done: total bufs 1680 nonzero 0 sig 0 ptr 0 (901.7 MB read)
[xp-obs] wave 70: mtl 0x4000 x16, surf 1280x720/1/v024 x8 (t+8s)
[xp-obs] wave 70 done: total bufs 1704 nonzero 0 sig 0 ptr 0 (908.9 MB read)
[xp-obs] wave 71: mtl 0x8000 x16, surf 1920x1080/1/v024 x8 (t+8s)
[xp-obs] wave 71 done: total bufs 1728 nonzero 0 sig 0 ptr 0 (925.3 MB read)
[xp-obs] wave 72: mtl 0x10000 x16, surf 64x64/4/ARGB x8 (t+8s)
[xp-obs] wave 72 done: total bufs 1752 nonzero 0 sig 0 ptr 0 (926.4 MB read)
[xp-obs] wave 73: mtl 0x20000 x16, surf 256x256/4/ARGB x8 (t+8s)
[xp-obs] wave 73 done: total bufs 1776 nonzero 0 sig 0 ptr 0 (930.4 MB read)
[xp-obs] wave 74: mtl 0x40000 x16, surf 512x512/4/ARGB x8 (t+8s)
[xp-obs] wave 74 done: total bufs 1800 nonzero 0 sig 0 ptr 0 (942.4 MB read)
[xp-obs] wave 75: mtl 0x80000 x16, surf 1024x1024/4/ARGB x8 (t+9s)
[xp-obs] wave 75 done: total bufs 1824 nonzero 0 sig 0 ptr 0 (982.4 MB read)
[xp-obs] wave 76: mtl 0x100000 x16, surf 128x128/1/v024 x8 (t+9s)
[xp-obs] wave 76 done: total bufs 1848 nonzero 0 sig 0 ptr 0 (998.5 MB read)
[xp-obs] wave 77: mtl 0x4000 x16, surf 640x480/1/v024 x8 (t+9s)
[xp-obs] wave 77 done: total bufs 1872 nonzero 0 sig 0 ptr 0 (1001.1 MB read)
[xp-obs] wave 78: mtl 0x8000 x16, surf 1280x720/1/v024 x8 (t+9s)
[xp-obs] wave 78 done: total bufs 1896 nonzero 0 sig 0 ptr 0 (1008.6 MB read)
[xp-obs] wave 79: mtl 0x10000 x16, surf 1920x1080/1/v024 x8 (t+9s)
[xp-obs] wave 79 done: total bufs 1920 nonzero 0 sig 0 ptr 0 (1025.5 MB read)
[xp-obs] wave 80: mtl 0x20000 x16, surf 64x64/4/ARGB x8 (t+9s)
[xp-obs] wave 80 done: total bufs 1944 nonzero 0 sig 0 ptr 0 (1027.6 MB read)
[xp-obs] wave 81: mtl 0x40000 x16, surf 256x256/4/ARGB x8 (t+9s)
[xp-obs] wave 81 done: total bufs 1968 nonzero 0 sig 0 ptr 0 (1033.6 MB read)
[xp-obs] wave 82: mtl 0x80000 x16, surf 512x512/4/ARGB x8 (t+9s)
[xp-obs] wave 82 done: total bufs 1992 nonzero 0 sig 0 ptr 0 (1049.6 MB read)
[xp-obs] wave 83: mtl 0x100000 x16, surf 1024x1024/4/ARGB x8 (t+10s)
[xp-obs] wave 83 done: total bufs 2016 nonzero 0 sig 0 ptr 0 (1097.6 MB read)
[xp-obs] wave 84: mtl 0x4000 x16, surf 128x128/1/v024 x8 (t+10s)
[xp-obs] wave 84 done: total bufs 2040 nonzero 0 sig 0 ptr 0 (1098.0 MB read)
[xp-obs] wave 85: mtl 0x8000 x16, surf 640x480/1/v024 x8 (t+10s)
[xp-obs] wave 85 done: total bufs 2064 nonzero 0 sig 0 ptr 0 (1100.8 MB read)
[xp-obs] wave 86: mtl 0x10000 x16, surf 1280x720/1/v024 x8 (t+10s)
[xp-obs] wave 86 done: total bufs 2088 nonzero 0 sig 0 ptr 0 (1108.8 MB read)
[xp-obs] wave 87: mtl 0x20000 x16, surf 1920x1080/1/v024 x8 (t+10s)
[xp-obs] wave 87 done: total bufs 2112 nonzero 0 sig 0 ptr 0 (1126.6 MB read)
[xp-obs] wave 88: mtl 0x40000 x16, surf 64x64/4/ARGB x8 (t+10s)
[xp-obs] wave 88 done: total bufs 2136 nonzero 0 sig 0 ptr 0 (1130.8 MB read)
[xp-obs] wave 89: mtl 0x80000 x16, surf 256x256/4/ARGB x8 (t+10s)
[xp-obs] wave 89 done: total bufs 2160 nonzero 0 sig 0 ptr 0 (1140.8 MB read)
[xp-obs] wave 90: mtl 0x100000 x16, surf 512x512/4/ARGB x8 (t+10s)
[xp-obs] wave 90 done: total bufs 2184 nonzero 0 sig 0 ptr 0 (1164.8 MB read)
[xp-obs] wave 91: mtl 0x4000 x16, surf 1024x1024/4/ARGB x8 (t+10s)
[xp-obs] wave 91 done: total bufs 2208 nonzero 0 sig 0 ptr 0 (1197.0 MB read)
[xp-obs] wave 92: mtl 0x8000 x16, surf 128x128/1/v024 x8 (t+11s)
[xp-obs] wave 92 done: total bufs 2232 nonzero 0 sig 0 ptr 0 (1197.6 MB read)
[xp-obs] wave 93: mtl 0x10000 x16, surf 640x480/1/v024 x8 (t+11s)
[xp-obs] wave 93 done: total bufs 2256 nonzero 0 sig 0 ptr 0 (1201.0 MB read)
[xp-obs] wave 94: mtl 0x20000 x16, surf 1280x720/1/v024 x8 (t+11s)
[xp-obs] wave 94 done: total bufs 2280 nonzero 0 sig 0 ptr 0 (1210.0 MB read)
[xp-obs] wave 95: mtl 0x40000 x16, surf 1920x1080/1/v024 x8 (t+11s)
[xp-obs] wave 95 done: total bufs 2304 nonzero 0 sig 0 ptr 0 (1229.8 MB read)
[xp-obs] wave 96: mtl 0x80000 x16, surf 64x64/4/ARGB x8 (t+11s)
[xp-obs] wave 96 done: total bufs 2328 nonzero 0 sig 0 ptr 0 (1238.0 MB read)
[xp-obs] wave 97: mtl 0x100000 x16, surf 256x256/4/ARGB x8 (t+11s)
[xp-obs] wave 97 done: total bufs 2352 nonzero 0 sig 0 ptr 0 (1256.0 MB read)
[xp-obs] wave 98: mtl 0x4000 x16, surf 512x512/4/ARGB x8 (t+11s)
[xp-obs] wave 98 done: total bufs 2376 nonzero 0 sig 0 ptr 0 (1264.2 MB read)
[xp-obs] wave 99: mtl 0x8000 x16, surf 1024x1024/4/ARGB x8 (t+11s)
[xp-obs] wave 99 done: total bufs 2400 nonzero 0 sig 0 ptr 0 (1296.7 MB read)
[xp-obs] wave 100: mtl 0x10000 x16, surf 128x128/1/v024 x8 (t+12s)
[xp-obs] wave 100 done: total bufs 2424 nonzero 0 sig 0 ptr 0 (1297.8 MB read)
[xp-obs] wave 101: mtl 0x20000 x16, surf 640x480/1/v024 x8 (t+12s)
[xp-obs] wave 101 done: total bufs 2448 nonzero 0 sig 0 ptr 0 (1302.2 MB read)
[xp-obs] wave 102: mtl 0x40000 x16, surf 1280x720/1/v024 x8 (t+12s)
[xp-obs] wave 102 done: total bufs 2472 nonzero 0 sig 0 ptr 0 (1313.2 MB read)
[xp-obs] wave 103: mtl 0x80000 x16, surf 1920x1080/1/v024 x8 (t+12s)
[xp-obs] wave 103 done: total bufs 2496 nonzero 0 sig 0 ptr 0 (1337.0 MB read)
[xp-obs] wave 104: mtl 0x100000 x16, surf 64x64/4/ARGB x8 (t+12s)
[xp-obs] wave 104 done: total bufs 2520 nonzero 0 sig 0 ptr 0 (1353.2 MB read)
[xp-obs] wave 105: mtl 0x4000 x16, surf 256x256/4/ARGB x8 (t+12s)
[xp-obs] wave 105 done: total bufs 2544 nonzero 0 sig 0 ptr 0 (1355.4 MB read)
[xp-obs] wave 106: mtl 0x8000 x16, surf 512x512/4/ARGB x8 (t+12s)
[xp-obs] wave 106 done: total bufs 2568 nonzero 0 sig 0 ptr 0 (1363.9 MB read)
[xp-obs] wave 107: mtl 0x10000 x16, surf 1024x1024/4/ARGB x8 (t+12s)
[xp-obs] wave 107 done: total bufs 2592 nonzero 0 sig 0 ptr 0 (1396.9 MB read)
[xp-obs] wave 108: mtl 0x20000 x16, surf 128x128/1/v024 x8 (t+13s)
[xp-obs] wave 108 done: total bufs 2616 nonzero 0 sig 0 ptr 0 (1399.0 MB read)
[xp-obs] wave 109: mtl 0x40000 x16, surf 640x480/1/v024 x8 (t+13s)
[xp-obs] wave 109 done: total bufs 2640 nonzero 0 sig 0 ptr 0 (1405.4 MB read)
[xp-obs] wave 110: mtl 0x80000 x16, surf 1280x720/1/v024 x8 (t+13s)
[xp-obs] wave 110 done: total bufs 2664 nonzero 0 sig 0 ptr 0 (1420.4 MB read)
[xp-obs] wave 111: mtl 0x100000 x16, surf 1920x1080/1/v024 x8 (t+13s)
[xp-obs] wave 111 done: total bufs 2688 nonzero 0 sig 0 ptr 0 (1452.2 MB read)
[xp-obs] wave 112: mtl 0x4000 x16, surf 64x64/4/ARGB x8 (t+13s)
[xp-obs] wave 112 done: total bufs 2712 nonzero 0 sig 0 ptr 0 (1452.6 MB read)
[xp-obs] wave 113: mtl 0x8000 x16, surf 256x256/4/ARGB x8 (t+13s)
[xp-obs] wave 113 done: total bufs 2736 nonzero 0 sig 0 ptr 0 (1455.1 MB read)
[xp-obs] wave 114: mtl 0x10000 x16, surf 512x512/4/ARGB x8 (t+13s)
[xp-obs] wave 114 done: total bufs 2760 nonzero 0 sig 0 ptr 0 (1464.1 MB read)
[xp-obs] wave 115: mtl 0x20000 x16, surf 1024x1024/4/ARGB x8 (t+13s)
[xp-obs] wave 115 done: total bufs 2784 nonzero 0 sig 0 ptr 0 (1498.1 MB read)
[xp-obs] wave 116: mtl 0x40000 x16, surf 128x128/1/v024 x8 (t+13s)
[xp-obs] wave 116 done: total bufs 2808 nonzero 0 sig 0 ptr 0 (1502.2 MB read)
[xp-obs] wave 117: mtl 0x80000 x16, surf 640x480/1/v024 x8 (t+14s)
[xp-obs] wave 117 done: total bufs 2832 nonzero 0 sig 0 ptr 0 (1512.6 MB read)
[xp-obs] wave 118: mtl 0x100000 x16, surf 1280x720/1/v024 x8 (t+14s)
[xp-obs] wave 118 done: total bufs 2856 nonzero 0 sig 0 ptr 0 (1535.6 MB read)
[xp-obs] wave 119: mtl 0x4000 x16, surf 1920x1080/1/v024 x8 (t+14s)
[xp-obs] wave 119 done: total bufs 2880 nonzero 0 sig 0 ptr 0 (1551.7 MB read)
[xp-obs] wave 120: mtl 0x8000 x16, surf 64x64/4/ARGB x8 (t+14s)
[xp-obs] wave 120 done: total bufs 2904 nonzero 0 sig 0 ptr 0 (1552.3 MB read)
[xp-obs] wave 121: mtl 0x10000 x16, surf 256x256/4/ARGB x8 (t+14s)
[xp-obs] wave 121 done: total bufs 2928 nonzero 0 sig 0 ptr 0 (1555.3 MB read)
[xp-obs] wave 122: mtl 0x20000 x16, surf 512x512/4/ARGB x8 (t+14s)
[xp-obs] wave 122 done: total bufs 2952 nonzero 0 sig 0 ptr 0 (1565.3 MB read)
[xp-obs] wave 123: mtl 0x40000 x16, surf 1024x1024/4/ARGB x8 (t+14s)
[xp-obs] wave 123 done: total bufs 2976 nonzero 0 sig 0 ptr 0 (1601.3 MB read)
[xp-obs] wave 124: mtl 0x80000 x16, surf 128x128/1/v024 x8 (t+14s)
[xp-obs] wave 124 done: total bufs 3000 nonzero 0 sig 0 ptr 0 (1609.4 MB read)
[xp-obs] wave 125: mtl 0x100000 x16, surf 640x480/1/v024 x8 (t+14s)
[xp-obs] wave 125 done: total bufs 3024 nonzero 0 sig 0 ptr 0 (1627.8 MB read)
[xp-obs] wave 126: mtl 0x4000 x16, surf 1280x720/1/v024 x8 (t+15s)
[xp-obs] wave 126 done: total bufs 3048 nonzero 0 sig 0 ptr 0 (1635.1 MB read)
[xp-obs] wave 127: mtl 0x8000 x16, surf 1920x1080/1/v024 x8 (t+15s)
[xp-obs] wave 127 done: total bufs 3072 nonzero 0 sig 0 ptr 0 (1651.4 MB read)
[xp-obs] wave 128: mtl 0x10000 x16, surf 64x64/4/ARGB x8 (t+15s)
[xp-obs] wave 128 done: total bufs 3096 nonzero 0 sig 0 ptr 0 (1652.5 MB read)
[xp-obs] wave 129: mtl 0x20000 x16, surf 256x256/4/ARGB x8 (t+15s)
[xp-obs] wave 129 done: total bufs 3120 nonzero 0 sig 0 ptr 0 (1656.5 MB read)
[xp-obs] wave 130: mtl 0x40000 x16, surf 512x512/4/ARGB x8 (t+15s)
[xp-obs] wave 130 done: total bufs 3144 nonzero 0 sig 0 ptr 0 (1668.5 MB read)
[xp-obs] wave 131: mtl 0x80000 x16, surf 1024x1024/4/ARGB x8 (t+15s)
[xp-obs] wave 131 done: total bufs 3168 nonzero 0 sig 0 ptr 0 (1708.5 MB read)
[xp-obs] wave 132: mtl 0x100000 x16, surf 128x128/1/v024 x8 (t+15s)
[xp-obs] wave 132 done: total bufs 3192 nonzero 0 sig 0 ptr 0 (1724.6 MB read)
[xp-obs] wave 133: mtl 0x4000 x16, surf 640x480/1/v024 x8 (t+15s)
[xp-obs] wave 133 done: total bufs 3216 nonzero 0 sig 0 ptr 0 (1727.2 MB read)
[xp-obs] wave 134: mtl 0x8000 x16, surf 1280x720/1/v024 x8 (t+16s)
[xp-obs] wave 134 done: total bufs 3240 nonzero 0 sig 0 ptr 0 (1734.8 MB read)
[xp-obs] wave 135: mtl 0x10000 x16, surf 1920x1080/1/v024 x8 (t+16s)
[xp-obs] wave 135 done: total bufs 3264 nonzero 0 sig 0 ptr 0 (1751.6 MB read)
[xp-obs] wave 136: mtl 0x20000 x16, surf 64x64/4/ARGB x8 (t+16s)
[xp-obs] wave 136 done: total bufs 3288 nonzero 0 sig 0 ptr 0 (1753.7 MB read)
[xp-obs] wave 137: mtl 0x40000 x16, surf 256x256/4/ARGB x8 (t+16s)
[xp-obs] wave 137 done: total bufs 3312 nonzero 0 sig 0 ptr 0 (1759.7 MB read)
[xp-obs] wave 138: mtl 0x80000 x16, surf 512x512/4/ARGB x8 (t+16s)
[xp-obs] wave 138 done: total bufs 3336 nonzero 0 sig 0 ptr 0 (1775.7 MB read)
[xp-obs] wave 139: mtl 0x100000 x16, surf 1024x1024/4/ARGB x8 (t+16s)
[xp-obs] wave 139 done: total bufs 3360 nonzero 0 sig 0 ptr 0 (1823.7 MB read)
[xp-obs] wave 140: mtl 0x4000 x16, surf 128x128/1/v024 x8 (t+16s)
[xp-obs] wave 140 done: total bufs 3384 nonzero 0 sig 0 ptr 0 (1824.1 MB read)
[xp-obs] wave 141: mtl 0x8000 x16, surf 640x480/1/v024 x8 (t+16s)
[xp-obs] wave 141 done: total bufs 3408 nonzero 0 sig 0 ptr 0 (1826.9 MB read)
[xp-obs] wave 142: mtl 0x10000 x16, surf 1280x720/1/v024 x8 (t+16s)
[xp-obs] wave 142 done: total bufs 3432 nonzero 0 sig 0 ptr 0 (1834.9 MB read)
[xp-obs] wave 143: mtl 0x20000 x16, surf 1920x1080/1/v024 x8 (t+17s)
[xp-obs] wave 143 done: total bufs 3456 nonzero 0 sig 0 ptr 0 (1852.8 MB read)
[xp-obs] wave 144: mtl 0x40000 x16, surf 64x64/4/ARGB x8 (t+17s)
[xp-obs] wave 144 done: total bufs 3480 nonzero 0 sig 0 ptr 0 (1856.9 MB read)
[xp-obs] wave 145: mtl 0x80000 x16, surf 256x256/4/ARGB x8 (t+17s)
[xp-obs] wave 145 done: total bufs 3504 nonzero 0 sig 0 ptr 0 (1866.9 MB read)
[xp-obs] wave 146: mtl 0x100000 x16, surf 512x512/4/ARGB x8 (t+17s)
[xp-obs] wave 146 done: total bufs 3528 nonzero 0 sig 0 ptr 0 (1890.9 MB read)
[xp-obs] wave 147: mtl 0x4000 x16, surf 1024x1024/4/ARGB x8 (t+17s)
[xp-obs] wave 147 done: total bufs 3552 nonzero 0 sig 0 ptr 0 (1923.1 MB read)
[xp-obs] wave 148: mtl 0x8000 x16, surf 128x128/1/v024 x8 (t+17s)
[xp-obs] wave 148 done: total bufs 3576 nonzero 0 sig 0 ptr 0 (1923.8 MB read)
[xp-obs] wave 149: mtl 0x10000 x16, surf 640x480/1/v024 x8 (t+17s)
[xp-obs] wave 149 done: total bufs 3600 nonzero 0 sig 0 ptr 0 (1927.1 MB read)
[xp-obs] wave 150: mtl 0x20000 x16, surf 1280x720/1/v024 x8 (t+17s)
[xp-obs] wave 150 done: total bufs 3624 nonzero 0 sig 0 ptr 0 (1936.1 MB read)
[xp-obs] wave 151: mtl 0x40000 x16, surf 1920x1080/1/v024 x8 (t+18s)
[xp-obs] wave 151 done: total bufs 3648 nonzero 0 sig 0 ptr 0 (1956.0 MB read)
[xp-obs] wave 152: mtl 0x80000 x16, surf 64x64/4/ARGB x8 (t+18s)
[xp-obs] wave 152 done: total bufs 3672 nonzero 0 sig 0 ptr 0 (1964.1 MB read)
[xp-obs] wave 153: mtl 0x100000 x16, surf 256x256/4/ARGB x8 (t+18s)
[xp-obs] wave 153 done: total bufs 3696 nonzero 0 sig 0 ptr 0 (1982.1 MB read)
[xp-obs] wave 154: mtl 0x4000 x16, surf 512x512/4/ARGB x8 (t+18s)
[xp-obs] wave 154 done: total bufs 3720 nonzero 0 sig 0 ptr 0 (1990.3 MB read)
[xp-obs] wave 155: mtl 0x8000 x16, surf 1024x1024/4/ARGB x8 (t+18s)
[xp-obs] wave 155 done: total bufs 3744 nonzero 0 sig 0 ptr 0 (2022.8 MB read)
[xp-obs] wave 156: mtl 0x10000 x16, surf 128x128/1/v024 x8 (t+18s)
[xp-obs] wave 156 done: total bufs 3768 nonzero 0 sig 0 ptr 0 (2024.0 MB read)
[xp-obs] wave 157: mtl 0x20000 x16, surf 640x480/1/v024 x8 (t+18s)
[xp-obs] wave 157 done: total bufs 3792 nonzero 0 sig 0 ptr 0 (2028.3 MB read)
[xp-obs] wave 158: mtl 0x40000 x16, surf 1280x720/1/v024 x8 (t+18s)
[xp-obs] wave 158 done: total bufs 3816 nonzero 0 sig 0 ptr 0 (2039.3 MB read)
[xp-obs] wave 159: mtl 0x80000 x16, surf 1920x1080/1/v024 x8 (t+18s)
[xp-obs] wave 159 done: total bufs 3840 nonzero 0 sig 0 ptr 0 (2063.2 MB read)
[xp-obs] wave 160: mtl 0x100000 x16, surf 64x64/4/ARGB x8 (t+19s)
[xp-obs] wave 160 done: total bufs 3864 nonzero 0 sig 0 ptr 0 (2079.3 MB read)
[xp-obs] wave 161: mtl 0x4000 x16, surf 256x256/4/ARGB x8 (t+19s)
[xp-obs] wave 161 done: total bufs 3888 nonzero 0 sig 0 ptr 0 (2081.5 MB read)
[xp-obs] wave 162: mtl 0x8000 x16, surf 512x512/4/ARGB x8 (t+19s)
[xp-obs] wave 162 done: total bufs 3912 nonzero 0 sig 0 ptr 0 (2090.0 MB read)
[xp-obs] wave 163: mtl 0x10000 x16, surf 1024x1024/4/ARGB x8 (t+19s)
[xp-obs] wave 163 done: total bufs 3936 nonzero 0 sig 0 ptr 0 (2123.0 MB read)
[xp-obs] wave 164: mtl 0x20000 x16, surf 128x128/1/v024 x8 (t+19s)
[xp-obs] wave 164 done: total bufs 3960 nonzero 0 sig 0 ptr 0 (2125.2 MB read)
[xp-obs] wave 165: mtl 0x40000 x16, surf 640x480/1/v024 x8 (t+19s)
[xp-obs] wave 165 done: total bufs 3984 nonzero 0 sig 0 ptr 0 (2131.5 MB read)
[xp-obs] wave 166: mtl 0x80000 x16, surf 1280x720/1/v024 x8 (t+19s)
[xp-obs] wave 166 done: total bufs 4008 nonzero 0 sig 0 ptr 0 (2146.5 MB read)
[xp-obs] wave 167: mtl 0x100000 x16, surf 1920x1080/1/v024 x8 (t+19s)
[xp-obs] wave 167 done: total bufs 4032 nonzero 0 sig 0 ptr 0 (2178.4 MB read)
[xp-obs] wave 168: mtl 0x4000 x16, surf 64x64/4/ARGB x8 (t+20s)
[xp-obs] wave 168 done: total bufs 4056 nonzero 0 sig 0 ptr 0 (2178.7 MB read)
[xp-obs] wave 169: mtl 0x8000 x16, surf 256x256/4/ARGB x8 (t+20s)
[xp-obs] wave 169 done: total bufs 4080 nonzero 0 sig 0 ptr 0 (2181.2 MB read)
[xp-obs] wave 170: mtl 0x10000 x16, surf 512x512/4/ARGB x8 (t+20s)
[xp-obs] wave 170 done: total bufs 4104 nonzero 0 sig 0 ptr 0 (2190.2 MB read)
[xp-obs] wave 171: mtl 0x20000 x16, surf 1024x1024/4/ARGB x8 (t+20s)
[xp-obs] wave 171 done: total bufs 4128 nonzero 0 sig 0 ptr 0 (2224.2 MB read)
[xp-obs] wave 172: mtl 0x40000 x16, surf 128x128/1/v024 x8 (t+20s)
[xp-obs] wave 172 done: total bufs 4152 nonzero 0 sig 0 ptr 0 (2228.4 MB read)
[xp-obs] wave 173: mtl 0x80000 x16, surf 640x480/1/v024 x8 (t+20s)
[xp-obs] wave 173 done: total bufs 4176 nonzero 0 sig 0 ptr 0 (2238.7 MB read)
[xp-obs] wave 174: mtl 0x100000 x16, surf 1280x720/1/v024 x8 (t+20s)
[xp-obs] wave 174 done: total bufs 4200 nonzero 0 sig 0 ptr 0 (2261.7 MB read)
[xp-obs] wave 175: mtl 0x4000 x16, surf 1920x1080/1/v024 x8 (t+20s)
[xp-obs] wave 175 done: total bufs 4224 nonzero 0 sig 0 ptr 0 (2277.8 MB read)
[xp-obs] wave 176: mtl 0x8000 x16, surf 64x64/4/ARGB x8 (t+20s)
[xp-obs] wave 176 done: total bufs 4248 nonzero 0 sig 0 ptr 0 (2278.4 MB read)
[xp-obs] wave 177: mtl 0x10000 x16, surf 256x256/4/ARGB x8 (t+21s)
[xp-obs] wave 177 done: total bufs 4272 nonzero 0 sig 0 ptr 0 (2281.4 MB read)
[xp-obs] wave 178: mtl 0x20000 x16, surf 512x512/4/ARGB x8 (t+21s)
[xp-obs] wave 178 done: total bufs 4296 nonzero 0 sig 0 ptr 0 (2291.4 MB read)
[xp-obs] wave 179: mtl 0x40000 x16, surf 1024x1024/4/ARGB x8 (t+21s)
[xp-obs] wave 179 done: total bufs 4320 nonzero 0 sig 0 ptr 0 (2327.4 MB read)
[xp-obs] wave 180: mtl 0x80000 x16, surf 128x128/1/v024 x8 (t+21s)
[xp-obs] wave 180 done: total bufs 4344 nonzero 0 sig 0 ptr 0 (2335.5 MB read)
[xp-obs] wave 181: mtl 0x100000 x16, surf 640x480/1/v024 x8 (t+21s)
[xp-obs] wave 181 done: total bufs 4368 nonzero 0 sig 0 ptr 0 (2353.9 MB read)
[xp-obs] wave 182: mtl 0x4000 x16, surf 1280x720/1/v024 x8 (t+21s)
[xp-obs] wave 182 done: total bufs 4392 nonzero 0 sig 0 ptr 0 (2361.2 MB read)
[xp-obs] wave 183: mtl 0x8000 x16, surf 1920x1080/1/v024 x8 (t+21s)
[xp-obs] wave 183 done: total bufs 4416 nonzero 0 sig 0 ptr 0 (2377.5 MB read)
[xp-obs] wave 184: mtl 0x10000 x16, surf 64x64/4/ARGB x8 (t+21s)
[xp-obs] wave 184 done: total bufs 4440 nonzero 0 sig 0 ptr 0 (2378.6 MB read)
[xp-obs] wave 185: mtl 0x20000 x16, surf 256x256/4/ARGB x8 (t+22s)
[xp-obs] wave 185 done: total bufs 4464 nonzero 0 sig 0 ptr 0 (2382.6 MB read)
[xp-obs] wave 186: mtl 0x40000 x16, surf 512x512/4/ARGB x8 (t+22s)
[xp-obs] wave 186 done: total bufs 4488 nonzero 0 sig 0 ptr 0 (2394.6 MB read)
[xp-obs] wave 187: mtl 0x80000 x16, surf 1024x1024/4/ARGB x8 (t+22s)
[xp-obs] wave 187 done: total bufs 4512 nonzero 0 sig 0 ptr 0 (2434.6 MB read)
[xp-obs] wave 188: mtl 0x100000 x16, surf 128x128/1/v024 x8 (t+22s)
[xp-obs] wave 188 done: total bufs 4536 nonzero 0 sig 0 ptr 0 (2450.7 MB read)
[xp-obs] wave 189: mtl 0x4000 x16, surf 640x480/1/v024 x8 (t+22s)
[xp-obs] wave 189 done: total bufs 4560 nonzero 0 sig 0 ptr 0 (2453.3 MB read)
[xp-obs] wave 190: mtl 0x8000 x16, surf 1280x720/1/v024 x8 (t+22s)
[xp-obs] wave 190 done: total bufs 4584 nonzero 0 sig 0 ptr 0 (2460.9 MB read)
[xp-obs] wave 191: mtl 0x10000 x16, surf 1920x1080/1/v024 x8 (t+22s)
[xp-obs] wave 191 done: total bufs 4608 nonzero 0 sig 0 ptr 0 (2477.7 MB read)
[xp-obs] wave 192: mtl 0x20000 x16, surf 64x64/4/ARGB x8 (t+22s)
[xp-obs] wave 192 done: total bufs 4632 nonzero 0 sig 0 ptr 0 (2479.8 MB read)
[xp-obs] wave 193: mtl 0x40000 x16, surf 256x256/4/ARGB x8 (t+23s)
[xp-obs] wave 193 done: total bufs 4656 nonzero 0 sig 0 ptr 0 (2485.8 MB read)
[xp-obs] wave 194: mtl 0x80000 x16, surf 512x512/4/ARGB x8 (t+23s)
[xp-obs] wave 194 done: total bufs 4680 nonzero 0 sig 0 ptr 0 (2501.8 MB read)
[xp-obs] wave 195: mtl 0x100000 x16, surf 1024x1024/4/ARGB x8 (t+23s)
[xp-obs] wave 195 done: total bufs 4704 nonzero 0 sig 0 ptr 0 (2549.8 MB read)
[xp-obs] wave 196: mtl 0x4000 x16, surf 128x128/1/v024 x8 (t+23s)
[xp-obs] wave 196 done: total bufs 4728 nonzero 0 sig 0 ptr 0 (2550.2 MB read)
[xp-obs] wave 197: mtl 0x8000 x16, surf 640x480/1/v024 x8 (t+23s)
[xp-obs] wave 197 done: total bufs 4752 nonzero 0 sig 0 ptr 0 (2553.0 MB read)
[xp-obs] wave 198: mtl 0x10000 x16, surf 1280x720/1/v024 x8 (t+23s)
[xp-obs] wave 198 done: total bufs 4776 nonzero 0 sig 0 ptr 0 (2561.1 MB read)
[xp-obs] wave 199: mtl 0x20000 x16, surf 1920x1080/1/v024 x8 (t+23s)
[xp-obs] wave 199 done: total bufs 4800 nonzero 0 sig 0 ptr 0 (2578.9 MB read)
[xp-obs] wave 200: mtl 0x40000 x16, surf 64x64/4/ARGB x8 (t+23s)
[xp-obs] wave 200 done: total bufs 4824 nonzero 0 sig 0 ptr 0 (2583.0 MB read)
[xp-obs] wave 201: mtl 0x80000 x16, surf 256x256/4/ARGB x8 (t+23s)
[xp-obs] wave 201 done: total bufs 4848 nonzero 0 sig 0 ptr 0 (2593.0 MB read)
[xp-obs] wave 202: mtl 0x100000 x16, surf 512x512/4/ARGB x8 (t+24s)
[xp-obs] wave 202 done: total bufs 4872 nonzero 0 sig 0 ptr 0 (2617.0 MB read)
[xp-obs] wave 203: mtl 0x4000 x16, surf 1024x1024/4/ARGB x8 (t+24s)
[xp-obs] wave 203 done: total bufs 4896 nonzero 0 sig 0 ptr 0 (2649.3 MB read)
[xp-obs] wave 204: mtl 0x8000 x16, surf 128x128/1/v024 x8 (t+24s)
[xp-obs] wave 204 done: total bufs 4920 nonzero 0 sig 0 ptr 0 (2649.9 MB read)
[xp-obs] wave 205: mtl 0x10000 x16, surf 640x480/1/v024 x8 (t+24s)
[xp-obs] wave 205 done: total bufs 4944 nonzero 0 sig 0 ptr 0 (2653.2 MB read)
[xp-obs] wave 206: mtl 0x20000 x16, surf 1280x720/1/v024 x8 (t+24s)
[xp-obs] wave 206 done: total bufs 4968 nonzero 0 sig 0 ptr 0 (2662.3 MB read)
[xp-obs] wave 207: mtl 0x40000 x16, surf 1920x1080/1/v024 x8 (t+24s)
[xp-obs] wave 207 done: total bufs 4992 nonzero 0 sig 0 ptr 0 (2682.1 MB read)
[xp-obs] wave 208: mtl 0x80000 x16, surf 64x64/4/ARGB x8 (t+24s)
[xp-obs] wave 208 done: total bufs 5016 nonzero 0 sig 0 ptr 0 (2690.2 MB read)
[xp-obs] wave 209: mtl 0x100000 x16, surf 256x256/4/ARGB x8 (t+24s)
[xp-obs] wave 209 done: total bufs 5040 nonzero 0 sig 0 ptr 0 (2708.2 MB read)
[xp-obs] wave 210: mtl 0x4000 x16, surf 512x512/4/ARGB x8 (t+25s)
[xp-obs] wave 210 done: total bufs 5064 nonzero 0 sig 0 ptr 0 (2716.5 MB read)
[xp-obs] wave 211: mtl 0x8000 x16, surf 1024x1024/4/ARGB x8 (t+25s)
[xp-obs] wave 211 done: total bufs 5088 nonzero 0 sig 0 ptr 0 (2749.0 MB read)
[xp-obs] wave 212: mtl 0x10000 x16, surf 128x128/1/v024 x8 (t+25s)
[xp-obs] wave 212 done: total bufs 5112 nonzero 0 sig 0 ptr 0 (2750.1 MB read)
[xp-obs] wave 213: mtl 0x20000 x16, surf 640x480/1/v024 x8 (t+25s)
[xp-obs] wave 213 done: total bufs 5136 nonzero 0 sig 0 ptr 0 (2754.4 MB read)
[xp-obs] wave 214: mtl 0x40000 x16, surf 1280x720/1/v024 x8 (t+25s)
[xp-obs] wave 214 done: total bufs 5160 nonzero 0 sig 0 ptr 0 (2765.5 MB read)
[xp-obs] wave 215: mtl 0x80000 x16, surf 1920x1080/1/v024 x8 (t+25s)
[xp-obs] wave 215 done: total bufs 5184 nonzero 0 sig 0 ptr 0 (2789.3 MB read)
[xp-obs] wave 216: mtl 0x100000 x16, surf 64x64/4/ARGB x8 (t+25s)
[xp-obs] wave 216 done: total bufs 5208 nonzero 0 sig 0 ptr 0 (2805.4 MB read)
[xp-obs] wave 217: mtl 0x4000 x16, surf 256x256/4/ARGB x8 (t+25s)
[xp-obs] wave 217 done: total bufs 5232 nonzero 0 sig 0 ptr 0 (2807.6 MB read)
[xp-obs] wave 218: mtl 0x8000 x16, surf 512x512/4/ARGB x8 (t+25s)
[xp-obs] wave 218 done: total bufs 5256 nonzero 0 sig 0 ptr 0 (2816.1 MB read)
[xp-obs] wave 219: mtl 0x10000 x16, surf 1024x1024/4/ARGB x8 (t+26s)
[xp-obs] wave 219 done: total bufs 5280 nonzero 0 sig 0 ptr 0 (2849.1 MB read)
[xp-obs] wave 220: mtl 0x20000 x16, surf 128x128/1/v024 x8 (t+26s)
[xp-obs] wave 220 done: total bufs 5304 nonzero 0 sig 0 ptr 0 (2851.3 MB read)
[xp-obs] wave 221: mtl 0x40000 x16, surf 640x480/1/v024 x8 (t+26s)
[xp-obs] wave 221 done: total bufs 5328 nonzero 0 sig 0 ptr 0 (2857.6 MB read)
[xp-obs] wave 222: mtl 0x80000 x16, surf 1280x720/1/v024 x8 (t+26s)
[xp-obs] wave 222 done: total bufs 5352 nonzero 0 sig 0 ptr 0 (2872.6 MB read)
[xp-obs] wave 223: mtl 0x100000 x16, surf 1920x1080/1/v024 x8 (t+26s)
[xp-obs] wave 223 done: total bufs 5376 nonzero 0 sig 0 ptr 0 (2904.5 MB read)
[xp-obs] wave 224: mtl 0x4000 x16, surf 64x64/4/ARGB x8 (t+26s)
[xp-obs] wave 224 done: total bufs 5400 nonzero 0 sig 0 ptr 0 (2904.8 MB read)
[xp-obs] wave 225: mtl 0x8000 x16, surf 256x256/4/ARGB x8 (t+26s)
[xp-obs] wave 225 done: total bufs 5424 nonzero 0 sig 0 ptr 0 (2907.3 MB read)
[xp-obs] wave 226: mtl 0x10000 x16, surf 512x512/4/ARGB x8 (t+26s)
[xp-obs] wave 226 done: total bufs 5448 nonzero 0 sig 0 ptr 0 (2916.3 MB read)
[xp-obs] wave 227: mtl 0x20000 x16, surf 1024x1024/4/ARGB x8 (t+27s)
[xp-obs] wave 227 done: total bufs 5472 nonzero 0 sig 0 ptr 0 (2950.3 MB read)
[xp-obs] wave 228: mtl 0x40000 x16, surf 128x128/1/v024 x8 (t+27s)
[xp-obs] wave 228 done: total bufs 5496 nonzero 0 sig 0 ptr 0 (2954.5 MB read)
[xp-obs] wave 229: mtl 0x80000 x16, surf 640x480/1/v024 x8 (t+27s)
[xp-obs] wave 229 done: total bufs 5520 nonzero 0 sig 0 ptr 0 (2964.8 MB read)
[xp-obs] wave 230: mtl 0x100000 x16, surf 1280x720/1/v024 x8 (t+27s)
[xp-obs] wave 230 done: total bufs 5544 nonzero 0 sig 0 ptr 0 (2987.8 MB read)
[xp-obs] wave 231: mtl 0x4000 x16, surf 1920x1080/1/v024 x8 (t+27s)
[xp-obs] wave 231 done: total bufs 5568 nonzero 0 sig 0 ptr 0 (3003.9 MB read)
[xp-obs] wave 232: mtl 0x8000 x16, surf 64x64/4/ARGB x8 (t+27s)
[xp-obs] wave 232 done: total bufs 5592 nonzero 0 sig 0 ptr 0 (3004.5 MB read)
[xp-obs] wave 233: mtl 0x10000 x16, surf 256x256/4/ARGB x8 (t+27s)
[xp-obs] wave 233 done: total bufs 5616 nonzero 0 sig 0 ptr 0 (3007.5 MB read)
[xp-obs] wave 234: mtl 0x20000 x16, surf 512x512/4/ARGB x8 (t+27s)
[xp-obs] wave 234 done: total bufs 5640 nonzero 0 sig 0 ptr 0 (3017.5 MB read)
[xp-obs] wave 235: mtl 0x40000 x16, surf 1024x1024/4/ARGB x8 (t+27s)
[xp-obs] wave 235 done: total bufs 5664 nonzero 0 sig 0 ptr 0 (3053.5 MB read)
[xp-obs] wave 236: mtl 0x80000 x16, surf 128x128/1/v024 x8 (t+28s)
[xp-obs] wave 236 done: total bufs 5688 nonzero 0 sig 0 ptr 0 (3061.7 MB read)
[xp-obs] wave 237: mtl 0x100000 x16, surf 640x480/1/v024 x8 (t+28s)
[xp-obs] wave 237 done: total bufs 5712 nonzero 0 sig 0 ptr 0 (3080.0 MB read)
[xp-obs] wave 238: mtl 0x4000 x16, surf 1280x720/1/v024 x8 (t+28s)
[xp-obs] wave 238 done: total bufs 5736 nonzero 0 sig 0 ptr 0 (3087.3 MB read)
[xp-obs] wave 239: mtl 0x8000 x16, surf 1920x1080/1/v024 x8 (t+28s)
[xp-obs] wave 239 done: total bufs 5760 nonzero 0 sig 0 ptr 0 (3103.6 MB read)
[xp-obs] wave 240: mtl 0x10000 x16, surf 64x64/4/ARGB x8 (t+28s)
[xp-obs] wave 240 done: total bufs 5784 nonzero 0 sig 0 ptr 0 (3104.7 MB read)
[xp-obs] wave 241: mtl 0x20000 x16, surf 256x256/4/ARGB x8 (t+28s)
[xp-obs] wave 241 done: total bufs 5808 nonzero 0 sig 0 ptr 0 (3108.7 MB read)
[xp-obs] wave 242: mtl 0x40000 x16, surf 512x512/4/ARGB x8 (t+28s)
[xp-obs] wave 242 done: total bufs 5832 nonzero 0 sig 0 ptr 0 (3120.7 MB read)
[xp-obs] wave 243: mtl 0x80000 x16, surf 1024x1024/4/ARGB x8 (t+28s)
[xp-obs] wave 243 done: total bufs 5856 nonzero 0 sig 0 ptr 0 (3160.7 MB read)
[xp-obs] wave 244: mtl 0x100000 x16, surf 128x128/1/v024 x8 (t+29s)
[xp-obs] wave 244 done: total bufs 5880 nonzero 0 sig 0 ptr 0 (3176.9 MB read)
[xp-obs] wave 245: mtl 0x4000 x16, surf 640x480/1/v024 x8 (t+29s)
[xp-obs] wave 245 done: total bufs 5904 nonzero 0 sig 0 ptr 0 (3179.5 MB read)
[xp-obs] wave 246: mtl 0x8000 x16, surf 1280x720/1/v024 x8 (t+29s)
[xp-obs] wave 246 done: total bufs 5928 nonzero 0 sig 0 ptr 0 (3187.0 MB read)
[xp-obs] wave 247: mtl 0x10000 x16, surf 1920x1080/1/v024 x8 (t+29s)
[xp-obs] wave 247 done: total bufs 5952 nonzero 0 sig 0 ptr 0 (3203.8 MB read)
[xp-obs] wave 248: mtl 0x20000 x16, surf 64x64/4/ARGB x8 (t+29s)
[xp-obs] wave 248 done: total bufs 5976 nonzero 0 sig 0 ptr 0 (3205.9 MB read)
[xp-obs] wave 249: mtl 0x40000 x16, surf 256x256/4/ARGB x8 (t+29s)
[xp-obs] wave 249 done: total bufs 6000 nonzero 0 sig 0 ptr 0 (3211.9 MB read)
[xp-obs] wave 250: mtl 0x80000 x16, surf 512x512/4/ARGB x8 (t+29s)
[xp-obs] wave 250 done: total bufs 6024 nonzero 0 sig 0 ptr 0 (3227.9 MB read)
[xp-obs] wave 251: mtl 0x100000 x16, surf 1024x1024/4/ARGB x8 (t+29s)
[xp-obs] wave 251 done: total bufs 6048 nonzero 0 sig 0 ptr 0 (3275.9 MB read)
[xp-obs] wave 252: mtl 0x4000 x16, surf 128x128/1/v024 x8 (t+29s)
[xp-obs] wave 252 done: total bufs 6072 nonzero 0 sig 0 ptr 0 (3276.3 MB read)
[xp-obs] wave 253: mtl 0x8000 x16, surf 640x480/1/v024 x8 (t+30s)
[xp-obs] wave 253 done: total bufs 6096 nonzero 0 sig 0 ptr 0 (3279.1 MB read)
[xp-obs] wave 254: mtl 0x10000 x16, surf 1280x720/1/v024 x8 (t+30s)
[xp-obs] wave 254 done: total bufs 6120 nonzero 0 sig 0 ptr 0 (3287.2 MB read)
[xp-obs] wave 255: mtl 0x20000 x16, surf 1920x1080/1/v024 x8 (t+30s)
[xp-obs] wave 255 done: total bufs 6144 nonzero 0 sig 0 ptr 0 (3305.0 MB read)
[xp-obs] wave 256: mtl 0x40000 x16, surf 64x64/4/ARGB x8 (t+30s)
[xp-obs] wave 256 done: total bufs 6168 nonzero 0 sig 0 ptr 0 (3309.1 MB read)
[xp-obs] wave 257: mtl 0x80000 x16, surf 256x256/4/ARGB x8 (t+30s)
[xp-obs] wave 257 done: total bufs 6192 nonzero 0 sig 0 ptr 0 (3319.1 MB read)
[xp-obs] wave 258: mtl 0x100000 x16, surf 512x512/4/ARGB x8 (t+30s)
[xp-obs] wave 258 done: total bufs 6216 nonzero 0 sig 0 ptr 0 (3343.1 MB read)
[xp-obs] wave 259: mtl 0x4000 x16, surf 1024x1024/4/ARGB x8 (t+30s)
[xp-obs] wave 259 done: total bufs 6240 nonzero 0 sig 0 ptr 0 (3375.4 MB read)
[xp-obs] wave 260: mtl 0x8000 x16, surf 128x128/1/v024 x8 (t+30s)
[xp-obs] wave 260 done: total bufs 6264 nonzero 0 sig 0 ptr 0 (3376.0 MB read)
[xp-obs] wave 261: mtl 0x10000 x16, surf 640x480/1/v024 x8 (t+30s)
[xp-obs] wave 261 done: total bufs 6288 nonzero 0 sig 0 ptr 0 (3379.3 MB read)
[xp-obs] wave 262: mtl 0x20000 x16, surf 1280x720/1/v024 x8 (t+31s)
[xp-obs] wave 262 done: total bufs 6312 nonzero 0 sig 0 ptr 0 (3388.4 MB read)
[xp-obs] wave 263: mtl 0x40000 x16, surf 1920x1080/1/v024 x8 (t+31s)
[xp-obs] wave 263 done: total bufs 6336 nonzero 0 sig 0 ptr 0 (3408.2 MB read)
[xp-obs] wave 264: mtl 0x80000 x16, surf 64x64/4/ARGB x8 (t+31s)
[xp-obs] wave 264 done: total bufs 6360 nonzero 0 sig 0 ptr 0 (3416.3 MB read)
[xp-obs] wave 265: mtl 0x100000 x16, surf 256x256/4/ARGB x8 (t+31s)
[xp-obs] wave 265 done: total bufs 6384 nonzero 0 sig 0 ptr 0 (3434.3 MB read)
[xp-obs] wave 266: mtl 0x4000 x16, surf 512x512/4/ARGB x8 (t+31s)
[xp-obs] wave 266 done: total bufs 6408 nonzero 0 sig 0 ptr 0 (3442.6 MB read)
[xp-obs] wave 267: mtl 0x8000 x16, surf 1024x1024/4/ARGB x8 (t+31s)
[xp-obs] wave 267 done: total bufs 6432 nonzero 0 sig 0 ptr 0 (3475.1 MB read)
[xp-obs] wave 268: mtl 0x10000 x16, surf 128x128/1/v024 x8 (t+31s)
[xp-obs] wave 268 done: total bufs 6456 nonzero 0 sig 0 ptr 0 (3476.2 MB read)
[xp-obs] wave 269: mtl 0x20000 x16, surf 640x480/1/v024 x8 (t+31s)
[xp-obs] wave 269 done: total bufs 6480 nonzero 0 sig 0 ptr 0 (3480.5 MB read)
[xp-obs] wave 270: mtl 0x40000 x16, surf 1280x720/1/v024 x8 (t+32s)
[xp-obs] wave 270 done: total bufs 6504 nonzero 0 sig 0 ptr 0 (3491.6 MB read)
[xp-obs] wave 271: mtl 0x80000 x16, surf 1920x1080/1/v024 x8 (t+32s)
[xp-obs] wave 271 done: total bufs 6528 nonzero 0 sig 0 ptr 0 (3515.4 MB read)
[xp-obs] wave 272: mtl 0x100000 x16, surf 64x64/4/ARGB x8 (t+32s)
[xp-obs] wave 272 done: total bufs 6552 nonzero 0 sig 0 ptr 0 (3531.5 MB read)
[xp-obs] wave 273: mtl 0x4000 x16, surf 256x256/4/ARGB x8 (t+32s)
[xp-obs] wave 273 done: total bufs 6576 nonzero 0 sig 0 ptr 0 (3533.8 MB read)
[xp-obs] wave 274: mtl 0x8000 x16, surf 512x512/4/ARGB x8 (t+32s)
[xp-obs] wave 274 done: total bufs 6600 nonzero 0 sig 0 ptr 0 (3542.3 MB read)
[xp-obs] wave 275: mtl 0x10000 x16, surf 1024x1024/4/ARGB x8 (t+32s)
[xp-obs] wave 275 done: total bufs 6624 nonzero 0 sig 0 ptr 0 (3575.3 MB read)
[xp-obs] wave 276: mtl 0x20000 x16, surf 128x128/1/v024 x8 (t+32s)
[xp-obs] wave 276 done: total bufs 6648 nonzero 0 sig 0 ptr 0 (3577.4 MB read)
[xp-obs] wave 277: mtl 0x40000 x16, surf 640x480/1/v024 x8 (t+32s)
[xp-obs] wave 277 done: total bufs 6672 nonzero 0 sig 0 ptr 0 (3583.7 MB read)
[xp-obs] wave 278: mtl 0x80000 x16, surf 1280x720/1/v024 x8 (t+32s)
[xp-obs] wave 278 done: total bufs 6696 nonzero 0 sig 0 ptr 0 (3598.8 MB read)
[xp-obs] wave 279: mtl 0x100000 x16, surf 1920x1080/1/v024 x8 (t+33s)
[xp-obs] wave 279 done: total bufs 6720 nonzero 0 sig 0 ptr 0 (3630.6 MB read)
[xp-obs] wave 280: mtl 0x4000 x16, surf 64x64/4/ARGB x8 (t+33s)
[xp-obs] wave 280 done: total bufs 6744 nonzero 0 sig 0 ptr 0 (3631.0 MB read)
[xp-obs] wave 281: mtl 0x8000 x16, surf 256x256/4/ARGB x8 (t+33s)
[xp-obs] wave 281 done: total bufs 6768 nonzero 0 sig 0 ptr 0 (3633.5 MB read)
[xp-obs] wave 282: mtl 0x10000 x16, surf 512x512/4/ARGB x8 (t+33s)
[xp-obs] wave 282 done: total bufs 6792 nonzero 0 sig 0 ptr 0 (3642.5 MB read)
[xp-obs] wave 283: mtl 0x20000 x16, surf 1024x1024/4/ARGB x8 (t+33s)
[xp-obs] wave 283 done: total bufs 6816 nonzero 0 sig 0 ptr 0 (3676.5 MB read)
[xp-obs] wave 284: mtl 0x40000 x16, surf 128x128/1/v024 x8 (t+33s)
[xp-obs] wave 284 done: total bufs 6840 nonzero 0 sig 0 ptr 0 (3680.6 MB read)
[xp-obs] wave 285: mtl 0x80000 x16, surf 640x480/1/v024 x8 (t+33s)
[xp-obs] wave 285 done: total bufs 6864 nonzero 0 sig 0 ptr 0 (3690.9 MB read)
[xp-obs] wave 286: mtl 0x100000 x16, surf 1280x720/1/v024 x8 (t+33s)
[xp-obs] wave 286 done: total bufs 6888 nonzero 0 sig 0 ptr 0 (3714.0 MB read)
[xp-obs] wave 287: mtl 0x4000 x16, surf 1920x1080/1/v024 x8 (t+34s)
[xp-obs] wave 287 done: total bufs 6912 nonzero 0 sig 0 ptr 0 (3730.0 MB read)
[xp-obs] wave 288: mtl 0x8000 x16, surf 64x64/4/ARGB x8 (t+34s)
[xp-obs] wave 288 done: total bufs 6936 nonzero 0 sig 0 ptr 0 (3730.7 MB read)
[xp-obs] wave 289: mtl 0x10000 x16, surf 256x256/4/ARGB x8 (t+34s)
[xp-obs] wave 289 done: total bufs 6960 nonzero 0 sig 0 ptr 0 (3733.7 MB read)
[xp-obs] wave 290: mtl 0x20000 x16, surf 512x512/4/ARGB x8 (t+34s)
[xp-obs] wave 290 done: total bufs 6984 nonzero 0 sig 0 ptr 0 (3743.7 MB read)
[xp-obs] wave 291: mtl 0x40000 x16, surf 1024x1024/4/ARGB x8 (t+34s)
[xp-obs] wave 291 done: total bufs 7008 nonzero 0 sig 0 ptr 0 (3779.7 MB read)
[xp-obs] wave 292: mtl 0x80000 x16, surf 128x128/1/v024 x8 (t+34s)
[xp-obs] wave 292 done: total bufs 7032 nonzero 0 sig 0 ptr 0 (3787.8 MB read)
[xp-obs] wave 293: mtl 0x100000 x16, surf 640x480/1/v024 x8 (t+34s)
[xp-obs] wave 293 done: total bufs 7056 nonzero 0 sig 0 ptr 0 (3806.1 MB read)
[xp-obs] wave 294: mtl 0x4000 x16, surf 1280x720/1/v024 x8 (t+34s)
[xp-obs] wave 294 done: total bufs 7080 nonzero 0 sig 0 ptr 0 (3813.4 MB read)
[xp-obs] wave 295: mtl 0x8000 x16, surf 1920x1080/1/v024 x8 (t+35s)
[xp-obs] wave 295 done: total bufs 7104 nonzero 0 sig 0 ptr 0 (3829.7 MB read)
[xp-obs] wave 296: mtl 0x10000 x16, surf 64x64/4/ARGB x8 (t+35s)
[xp-obs] wave 296 done: total bufs 7128 nonzero 0 sig 0 ptr 0 (3830.9 MB read)
[xp-obs] wave 297: mtl 0x20000 x16, surf 256x256/4/ARGB x8 (t+35s)
[xp-obs] wave 297 done: total bufs 7152 nonzero 0 sig 0 ptr 0 (3834.9 MB read)
[xp-obs] wave 298: mtl 0x40000 x16, surf 512x512/4/ARGB x8 (t+35s)
[xp-obs] wave 298 done: total bufs 7176 nonzero 0 sig 0 ptr 0 (3846.9 MB read)
[xp-obs] wave 299: mtl 0x80000 x16, surf 1024x1024/4/ARGB x8 (t+35s)
[xp-obs] wave 299 done: total bufs 7200 nonzero 0 sig 0 ptr 0 (3886.9 MB read)
[xp-obs] wave 300: mtl 0x100000 x16, surf 128x128/1/v024 x8 (t+35s)
[xp-obs] wave 300 done: total bufs 7224 nonzero 0 sig 0 ptr 0 (3903.0 MB read)
[xp-obs] wave 301: mtl 0x4000 x16, surf 640x480/1/v024 x8 (t+35s)
[xp-obs] wave 301 done: total bufs 7248 nonzero 0 sig 0 ptr 0 (3905.6 MB read)
[xp-obs] wave 302: mtl 0x8000 x16, surf 1280x720/1/v024 x8 (t+35s)
[xp-obs] wave 302 done: total bufs 7272 nonzero 0 sig 0 ptr 0 (3913.1 MB read)
[xp-obs] wave 303: mtl 0x10000 x16, surf 1920x1080/1/v024 x8 (t+35s)
[xp-obs] wave 303 done: total bufs 7296 nonzero 0 sig 0 ptr 0 (3929.9 MB read)
[xp-obs] wave 304: mtl 0x20000 x16, surf 64x64/4/ARGB x8 (t+36s)
[xp-obs] wave 304 done: total bufs 7320 nonzero 0 sig 0 ptr 0 (3932.0 MB read)
[xp-obs] wave 305: mtl 0x40000 x16, surf 256x256/4/ARGB x8 (t+36s)
[xp-obs] wave 305 done: total bufs 7344 nonzero 0 sig 0 ptr 0 (3938.0 MB read)
[xp-obs] wave 306: mtl 0x80000 x16, surf 512x512/4/ARGB x8 (t+36s)
[xp-obs] wave 306 done: total bufs 7368 nonzero 0 sig 0 ptr 0 (3954.0 MB read)
[xp-obs] wave 307: mtl 0x100000 x16, surf 1024x1024/4/ARGB x8 (t+36s)
[xp-obs] wave 307 done: total bufs 7392 nonzero 0 sig 0 ptr 0 (4002.0 MB read)
[xp-obs] wave 308: mtl 0x4000 x16, surf 128x128/1/v024 x8 (t+36s)
[xp-obs] wave 308 done: total bufs 7416 nonzero 0 sig 0 ptr 0 (4002.4 MB read)
[xp-obs] wave 309: mtl 0x8000 x16, surf 640x480/1/v024 x8 (t+36s)
[xp-obs] wave 309 done: total bufs 7440 nonzero 0 sig 0 ptr 0 (4005.3 MB read)
[xp-obs] wave 310: mtl 0x10000 x16, surf 1280x720/1/v024 x8 (t+36s)
[xp-obs] wave 310 done: total bufs 7464 nonzero 0 sig 0 ptr 0 (4013.3 MB read)
[xp-obs] wave 311: mtl 0x20000 x16, surf 1920x1080/1/v024 x8 (t+36s)
[xp-obs] wave 311 done: total bufs 7488 nonzero 0 sig 0 ptr 0 (4031.1 MB read)
[xp-obs] wave 312: mtl 0x40000 x16, surf 64x64/4/ARGB x8 (t+36s)
[xp-obs] wave 312 done: total bufs 7512 nonzero 0 sig 0 ptr 0 (4035.2 MB read)
[xp-obs] wave 313: mtl 0x80000 x16, surf 256x256/4/ARGB x8 (t+37s)
[xp-obs] wave 313 done: total bufs 7536 nonzero 0 sig 0 ptr 0 (4045.2 MB read)
[xp-obs] wave 314: mtl 0x100000 x16, surf 512x512/4/ARGB x8 (t+37s)
[xp-obs] wave 314 done: total bufs 7560 nonzero 0 sig 0 ptr 0 (4069.2 MB read)
[xp-obs] wave 315: mtl 0x4000 x16, surf 1024x1024/4/ARGB x8 (t+37s)
[xp-obs] wave 315 done: total bufs 7584 nonzero 0 sig 0 ptr 0 (4101.5 MB read)
[xp-obs] wave 316: mtl 0x8000 x16, surf 128x128/1/v024 x8 (t+37s)
[xp-obs] wave 316 done: total bufs 7608 nonzero 0 sig 0 ptr 0 (4102.1 MB read)
[xp-obs] wave 317: mtl 0x10000 x16, surf 640x480/1/v024 x8 (t+37s)
[xp-obs] wave 317 done: total bufs 7632 nonzero 0 sig 0 ptr 0 (4105.5 MB read)
[xp-obs] wave 318: mtl 0x20000 x16, surf 1280x720/1/v024 x8 (t+37s)
[xp-obs] wave 318 done: total bufs 7656 nonzero 0 sig 0 ptr 0 (4114.5 MB read)
[xp-obs] wave 319: mtl 0x40000 x16, surf 1920x1080/1/v024 x8 (t+37s)
[xp-obs] wave 319 done: total bufs 7680 nonzero 0 sig 0 ptr 0 (4134.3 MB read)
[xp-obs] wave 320: mtl 0x80000 x16, surf 64x64/4/ARGB x8 (t+37s)
[xp-obs] wave 320 done: total bufs 7704 nonzero 0 sig 0 ptr 0 (4142.4 MB read)
[xp-obs] wave 321: mtl 0x100000 x16, surf 256x256/4/ARGB x8 (t+37s)
[xp-obs] wave 321 done: total bufs 7728 nonzero 0 sig 0 ptr 0 (4160.4 MB read)
[xp-obs] wave 322: mtl 0x4000 x16, surf 512x512/4/ARGB x8 (t+38s)
[xp-obs] wave 322 done: total bufs 7752 nonzero 0 sig 0 ptr 0 (4168.7 MB read)
[xp-obs] wave 323: mtl 0x8000 x16, surf 1024x1024/4/ARGB x8 (t+38s)
[xp-obs] wave 323 done: total bufs 7776 nonzero 0 sig 0 ptr 0 (4201.2 MB read)
[xp-obs] wave 324: mtl 0x10000 x16, surf 128x128/1/v024 x8 (t+38s)
[xp-obs] wave 324 done: total bufs 7800 nonzero 0 sig 0 ptr 0 (4202.3 MB read)
[xp-obs] wave 325: mtl 0x20000 x16, surf 640x480/1/v024 x8 (t+38s)
[xp-obs] wave 325 done: total bufs 7824 nonzero 0 sig 0 ptr 0 (4206.7 MB read)
[xp-obs] wave 326: mtl 0x40000 x16, surf 1280x720/1/v024 x8 (t+38s)
[xp-obs] wave 326 done: total bufs 7848 nonzero 0 sig 0 ptr 0 (4217.7 MB read)
[xp-obs] wave 327: mtl 0x80000 x16, surf 1920x1080/1/v024 x8 (t+38s)
[xp-obs] wave 327 done: total bufs 7872 nonzero 0 sig 0 ptr 0 (4241.5 MB read)
[xp-obs] wave 328: mtl 0x100000 x16, surf 64x64/4/ARGB x8 (t+38s)
[xp-obs] wave 328 done: total bufs 7896 nonzero 0 sig 0 ptr 0 (4257.6 MB read)
[xp-obs] wave 329: mtl 0x4000 x16, surf 256x256/4/ARGB x8 (t+38s)
[xp-obs] wave 329 done: total bufs 7920 nonzero 0 sig 0 ptr 0 (4259.9 MB read)
[xp-obs] wave 330: mtl 0x8000 x16, surf 512x512/4/ARGB x8 (t+38s)
[xp-obs] wave 330 done: total bufs 7944 nonzero 0 sig 0 ptr 0 (4268.4 MB read)
[xp-obs] wave 331: mtl 0x10000 x16, surf 1024x1024/4/ARGB x8 (t+39s)
[xp-obs] wave 331 done: total bufs 7968 nonzero 0 sig 0 ptr 0 (4301.4 MB read)
[xp-obs] wave 332: mtl 0x20000 x16, surf 128x128/1/v024 x8 (t+39s)
[xp-obs] wave 332 done: total bufs 7992 nonzero 0 sig 0 ptr 0 (4303.5 MB read)
[xp-obs] wave 333: mtl 0x40000 x16, surf 640x480/1/v024 x8 (t+39s)
[xp-obs] wave 333 done: total bufs 8016 nonzero 0 sig 0 ptr 0 (4309.9 MB read)
[xp-obs] wave 334: mtl 0x80000 x16, surf 1280x720/1/v024 x8 (t+39s)
[xp-obs] wave 334 done: total bufs 8040 nonzero 0 sig 0 ptr 0 (4324.9 MB read)
[xp-obs] wave 335: mtl 0x100000 x16, surf 1920x1080/1/v024 x8 (t+39s)
[xp-obs] wave 335 done: total bufs 8064 nonzero 0 sig 0 ptr 0 (4356.7 MB read)
[xp-obs] wave 336: mtl 0x4000 x16, surf 64x64/4/ARGB x8 (t+39s)
[xp-obs] wave 336 done: total bufs 8088 nonzero 0 sig 0 ptr 0 (4357.1 MB read)
[xp-obs] wave 337: mtl 0x8000 x16, surf 256x256/4/ARGB x8 (t+39s)
[xp-obs] wave 337 done: total bufs 8112 nonzero 0 sig 0 ptr 0 (4359.6 MB read)
[xp-obs] wave 338: mtl 0x10000 x16, surf 512x512/4/ARGB x8 (t+39s)
[xp-obs] wave 338 done: total bufs 8136 nonzero 0 sig 0 ptr 0 (4368.6 MB read)
[xp-obs] wave 339: mtl 0x20000 x16, surf 1024x1024/4/ARGB x8 (t+40s)
[xp-obs] wave 339 done: total bufs 8160 nonzero 0 sig 0 ptr 0 (4402.6 MB read)
[xp-obs] wave 340: mtl 0x40000 x16, surf 128x128/1/v024 x8 (t+40s)
[xp-obs] wave 340 done: total bufs 8184 nonzero 0 sig 0 ptr 0 (4406.7 MB read)
[xp-obs] wave 341: mtl 0x80000 x16, surf 640x480/1/v024 x8 (t+40s)
[xp-obs] wave 341 done: total bufs 8208 nonzero 0 sig 0 ptr 0 (4417.0 MB read)
[xp-obs] wave 342: mtl 0x100000 x16, surf 1280x720/1/v024 x8 (t+40s)
[xp-obs] wave 342 done: total bufs 8232 nonzero 0 sig 0 ptr 0 (4440.1 MB read)
[xp-obs] wave 343: mtl 0x4000 x16, surf 1920x1080/1/v024 x8 (t+40s)
[xp-obs] wave 343 done: total bufs 8256 nonzero 0 sig 0 ptr 0 (4456.1 MB read)
[xp-obs] wave 344: mtl 0x8000 x16, surf 64x64/4/ARGB x8 (t+40s)
[xp-obs] wave 344 done: total bufs 8280 nonzero 0 sig 0 ptr 0 (4456.8 MB read)
[xp-obs] wave 345: mtl 0x10000 x16, surf 256x256/4/ARGB x8 (t+40s)
[xp-obs] wave 345 done: total bufs 8304 nonzero 0 sig 0 ptr 0 (4459.8 MB read)
[xp-obs] wave 346: mtl 0x20000 x16, surf 512x512/4/ARGB x8 (t+40s)
[xp-obs] wave 346 done: total bufs 8328 nonzero 0 sig 0 ptr 0 (4469.8 MB read)
[xp-obs] wave 347: mtl 0x40000 x16, surf 1024x1024/4/ARGB x8 (t+40s)
[xp-obs] wave 347 done: total bufs 8352 nonzero 0 sig 0 ptr 0 (4505.8 MB read)
[xp-obs] wave 348: mtl 0x80000 x16, surf 128x128/1/v024 x8 (t+41s)
[xp-obs] wave 348 done: total bufs 8376 nonzero 0 sig 0 ptr 0 (4513.9 MB read)
[xp-obs] wave 349: mtl 0x100000 x16, surf 640x480/1/v024 x8 (t+41s)
[xp-obs] wave 349 done: total bufs 8400 nonzero 0 sig 0 ptr 0 (4532.2 MB read)
[xp-obs] wave 350: mtl 0x4000 x16, surf 1280x720/1/v024 x8 (t+41s)
[xp-obs] wave 350 done: total bufs 8424 nonzero 0 sig 0 ptr 0 (4539.5 MB read)
[xp-obs] wave 351: mtl 0x8000 x16, surf 1920x1080/1/v024 x8 (t+41s)
[xp-obs] wave 351 done: total bufs 8448 nonzero 0 sig 0 ptr 0 (4555.8 MB read)
[xp-obs] wave 352: mtl 0x10000 x16, surf 64x64/4/ARGB x8 (t+41s)
[xp-obs] wave 352 done: total bufs 8472 nonzero 0 sig 0 ptr 0 (4557.0 MB read)
[xp-obs] wave 353: mtl 0x20000 x16, surf 256x256/4/ARGB x8 (t+41s)
[xp-obs] wave 353 done: total bufs 8496 nonzero 0 sig 0 ptr 0 (4561.0 MB read)
[xp-obs] wave 354: mtl 0x40000 x16, surf 512x512/4/ARGB x8 (t+41s)
[xp-obs] wave 354 done: total bufs 8520 nonzero 0 sig 0 ptr 0 (4573.0 MB read)
[xp-obs] wave 355: mtl 0x80000 x16, surf 1024x1024/4/ARGB x8 (t+41s)
[xp-obs] wave 355 done: total bufs 8544 nonzero 0 sig 0 ptr 0 (4613.0 MB read)
[xp-obs] wave 356: mtl 0x100000 x16, surf 128x128/1/v024 x8 (t+42s)
[xp-obs] wave 356 done: total bufs 8568 nonzero 0 sig 0 ptr 0 (4629.1 MB read)
[xp-obs] wave 357: mtl 0x4000 x16, surf 640x480/1/v024 x8 (t+42s)
[xp-obs] wave 357 done: total bufs 8592 nonzero 0 sig 0 ptr 0 (4631.7 MB read)
[xp-obs] wave 358: mtl 0x8000 x16, surf 1280x720/1/v024 x8 (t+42s)
[xp-obs] wave 358 done: total bufs 8616 nonzero 0 sig 0 ptr 0 (4639.2 MB read)
[xp-obs] wave 359: mtl 0x10000 x16, surf 1920x1080/1/v024 x8 (t+42s)
[xp-obs] wave 359 done: total bufs 8640 nonzero 0 sig 0 ptr 0 (4656.0 MB read)
[xp-obs] wave 360: mtl 0x20000 x16, surf 64x64/4/ARGB x8 (t+42s)
[xp-obs] wave 360 done: total bufs 8664 nonzero 0 sig 0 ptr 0 (4658.2 MB read)
[xp-obs] wave 361: mtl 0x40000 x16, surf 256x256/4/ARGB x8 (t+42s)
[xp-obs] wave 361 done: total bufs 8688 nonzero 0 sig 0 ptr 0 (4664.2 MB read)
[xp-obs] wave 362: mtl 0x80000 x16, surf 512x512/4/ARGB x8 (t+42s)
[xp-obs] wave 362 done: total bufs 8712 nonzero 0 sig 0 ptr 0 (4680.2 MB read)
[xp-obs] wave 363: mtl 0x100000 x16, surf 1024x1024/4/ARGB x8 (t+42s)
[xp-obs] wave 363 done: total bufs 8736 nonzero 0 sig 0 ptr 0 (4728.2 MB read)
[xp-obs] wave 364: mtl 0x4000 x16, surf 128x128/1/v024 x8 (t+42s)
[xp-obs] wave 364 done: total bufs 8760 nonzero 0 sig 0 ptr 0 (4728.5 MB read)
[xp-obs] wave 365: mtl 0x8000 x16, surf 640x480/1/v024 x8 (t+43s)
[xp-obs] wave 365 done: total bufs 8784 nonzero 0 sig 0 ptr 0 (4731.4 MB read)
[xp-obs] wave 366: mtl 0x10000 x16, surf 1280x720/1/v024 x8 (t+43s)
[xp-obs] wave 366 done: total bufs 8808 nonzero 0 sig 0 ptr 0 (4739.4 MB read)
[xp-obs] wave 367: mtl 0x20000 x16, surf 1920x1080/1/v024 x8 (t+43s)
[xp-obs] wave 367 done: total bufs 8832 nonzero 0 sig 0 ptr 0 (4757.2 MB read)
[xp-obs] wave 368: mtl 0x40000 x16, surf 64x64/4/ARGB x8 (t+43s)
[xp-obs] wave 368 done: total bufs 8856 nonzero 0 sig 0 ptr 0 (4761.4 MB read)
[xp-obs] wave 369: mtl 0x80000 x16, surf 256x256/4/ARGB x8 (t+43s)
[xp-obs] wave 369 done: total bufs 8880 nonzero 0 sig 0 ptr 0 (4771.4 MB read)
[xp-obs] wave 370: mtl 0x100000 x16, surf 512x512/4/ARGB x8 (t+43s)
[xp-obs] wave 370 done: total bufs 8904 nonzero 0 sig 0 ptr 0 (4795.4 MB read)
[xp-obs] wave 371: mtl 0x4000 x16, surf 1024x1024/4/ARGB x8 (t+43s)
[xp-obs] wave 371 done: total bufs 8928 nonzero 0 sig 0 ptr 0 (4827.6 MB read)
[xp-obs] wave 372: mtl 0x8000 x16, surf 128x128/1/v024 x8 (t+43s)
[xp-obs] wave 372 done: total bufs 8952 nonzero 0 sig 0 ptr 0 (4828.2 MB read)
[xp-obs] wave 373: mtl 0x10000 x16, surf 640x480/1/v024 x8 (t+44s)
[xp-obs] wave 373 done: total bufs 8976 nonzero 0 sig 0 ptr 0 (4831.6 MB read)
[xp-obs] wave 374: mtl 0x20000 x16, surf 1280x720/1/v024 x8 (t+44s)
[xp-obs] wave 374 done: total bufs 9000 nonzero 0 sig 0 ptr 0 (4840.6 MB read)
[xp-obs] wave 375: mtl 0x40000 x16, surf 1920x1080/1/v024 x8 (t+44s)
[xp-obs] wave 375 done: total bufs 9024 nonzero 0 sig 0 ptr 0 (4860.4 MB read)
[xp-obs] wave 376: mtl 0x80000 x16, surf 64x64/4/ARGB x8 (t+44s)
[xp-obs] wave 376 done: total bufs 9048 nonzero 0 sig 0 ptr 0 (4868.6 MB read)
[xp-obs] wave 377: mtl 0x100000 x16, surf 256x256/4/ARGB x8 (t+44s)
[xp-obs] wave 377 done: total bufs 9072 nonzero 0 sig 0 ptr 0 (4886.6 MB read)
[xp-obs] wave 378: mtl 0x4000 x16, surf 512x512/4/ARGB x8 (t+44s)
[xp-obs] wave 378 done: total bufs 9096 nonzero 0 sig 0 ptr 0 (4894.8 MB read)
[xp-obs] wave 379: mtl 0x8000 x16, surf 1024x1024/4/ARGB x8 (t+44s)
[xp-obs] wave 379 done: total bufs 9120 nonzero 0 sig 0 ptr 0 (4927.3 MB read)
[xp-obs] wave 380: mtl 0x10000 x16, surf 128x128/1/v024 x8 (t+44s)
[xp-obs] wave 380 done: total bufs 9144 nonzero 0 sig 0 ptr 0 (4928.4 MB read)
[xp-obs] wave 381: mtl 0x20000 x16, surf 640x480/1/v024 x8 (t+44s)
[xp-obs] wave 381 done: total bufs 9168 nonzero 0 sig 0 ptr 0 (4932.8 MB read)
[xp-obs] wave 382: mtl 0x40000 x16, surf 1280x720/1/v024 x8 (t+45s)
[xp-obs] wave 382 done: total bufs 9192 nonzero 0 sig 0 ptr 0 (4943.8 MB read)
[xp-obs] wave 383: mtl 0x80000 x16, surf 1920x1080/1/v024 x8 (t+45s)
[xp-obs] wave 383 done: total bufs 9216 nonzero 0 sig 0 ptr 0 (4967.6 MB read)
[xp-obs] wave 384: mtl 0x100000 x16, surf 64x64/4/ARGB x8 (t+45s)
[xp-obs] wave 384 done: total bufs 9240 nonzero 0 sig 0 ptr 0 (4983.8 MB read)
[xp-obs] wave 385: mtl 0x4000 x16, surf 256x256/4/ARGB x8 (t+45s)
[xp-obs] wave 385 done: total bufs 9264 nonzero 0 sig 0 ptr 0 (4986.0 MB read)
[xp-obs] wave 386: mtl 0x8000 x16, surf 512x512/4/ARGB x8 (t+45s)
[xp-obs] wave 386 done: total bufs 9288 nonzero 0 sig 0 ptr 0 (4994.5 MB read)
[xp-obs] wave 387: mtl 0x10000 x16, surf 1024x1024/4/ARGB x8 (t+45s)
[xp-obs] wave 387 done: total bufs 9312 nonzero 0 sig 0 ptr 0 (5027.5 MB read)
[xp-obs] wave 388: mtl 0x20000 x16, surf 128x128/1/v024 x8 (t+45s)
[xp-obs] wave 388 done: total bufs 9336 nonzero 0 sig 0 ptr 0 (5029.6 MB read)
[xp-obs] wave 389: mtl 0x40000 x16, surf 640x480/1/v024 x8 (t+45s)
[xp-obs] wave 389 done: total bufs 9360 nonzero 0 sig 0 ptr 0 (5036.0 MB read)
[xp-obs] wave 390: mtl 0x80000 x16, surf 1280x720/1/v024 x8 (t+46s)
[xp-obs] wave 390 done: total bufs 9384 nonzero 0 sig 0 ptr 0 (5051.0 MB read)
[xp-obs] wave 391: mtl 0x100000 x16, surf 1920x1080/1/v024 x8 (t+46s)
[xp-obs] wave 391 done: total bufs 9408 nonzero 0 sig 0 ptr 0 (5082.8 MB read)
[xp-obs] wave 392: mtl 0x4000 x16, surf 64x64/4/ARGB x8 (t+46s)
[xp-obs] wave 392 done: total bufs 9432 nonzero 0 sig 0 ptr 0 (5083.2 MB read)
[xp-obs] wave 393: mtl 0x8000 x16, surf 256x256/4/ARGB x8 (t+46s)
[xp-obs] wave 393 done: total bufs 9456 nonzero 0 sig 0 ptr 0 (5085.7 MB read)
[xp-obs] wave 394: mtl 0x10000 x16, surf 512x512/4/ARGB x8 (t+46s)
[xp-obs] wave 394 done: total bufs 9480 nonzero 0 sig 0 ptr 0 (5094.7 MB read)
[xp-obs] wave 395: mtl 0x20000 x16, surf 1024x1024/4/ARGB x8 (t+46s)
[xp-obs] wave 395 done: total bufs 9504 nonzero 0 sig 0 ptr 0 (5128.7 MB read)
[xp-obs] wave 396: mtl 0x40000 x16, surf 128x128/1/v024 x8 (t+46s)
[xp-obs] wave 396 done: total bufs 9528 nonzero 0 sig 0 ptr 0 (5132.8 MB read)
[xp-obs] wave 397: mtl 0x80000 x16, surf 640x480/1/v024 x8 (t+46s)
[xp-obs] wave 397 done: total bufs 9552 nonzero 0 sig 0 ptr 0 (5143.2 MB read)
[xp-obs] wave 398: mtl 0x100000 x16, surf 1280x720/1/v024 x8 (t+46s)
[xp-obs] wave 398 done: total bufs 9576 nonzero 0 sig 0 ptr 0 (5166.2 MB read)
[xp-obs] wave 399: mtl 0x4000 x16, surf 1920x1080/1/v024 x8 (t+47s)
[xp-obs] wave 399 done: total bufs 9600 nonzero 0 sig 0 ptr 0 (5182.3 MB read)
[xp-obs] wave 400: mtl 0x8000 x16, surf 64x64/4/ARGB x8 (t+47s)
[xp-obs] wave 400 done: total bufs 9624 nonzero 0 sig 0 ptr 0 (5182.9 MB read)
[xp-obs] wave 401: mtl 0x10000 x16, surf 256x256/4/ARGB x8 (t+47s)
[xp-obs] wave 401 done: total bufs 9648 nonzero 0 sig 0 ptr 0 (5185.9 MB read)
[xp-obs] wave 402: mtl 0x20000 x16, surf 512x512/4/ARGB x8 (t+47s)
[xp-obs] wave 402 done: total bufs 9672 nonzero 0 sig 0 ptr 0 (5195.9 MB read)
[xp-obs] wave 403: mtl 0x40000 x16, surf 1024x1024/4/ARGB x8 (t+47s)
[xp-obs] wave 403 done: total bufs 9696 nonzero 0 sig 0 ptr 0 (5231.9 MB read)
[xp-obs] wave 404: mtl 0x80000 x16, surf 128x128/1/v024 x8 (t+47s)
[xp-obs] wave 404 done: total bufs 9720 nonzero 0 sig 0 ptr 0 (5240.0 MB read)
[xp-obs] wave 405: mtl 0x100000 x16, surf 640x480/1/v024 x8 (t+47s)
[xp-obs] wave 405 done: total bufs 9744 nonzero 0 sig 0 ptr 0 (5258.4 MB read)
[xp-obs] wave 406: mtl 0x4000 x16, surf 1280x720/1/v024 x8 (t+47s)
[xp-obs] wave 406 done: total bufs 9768 nonzero 0 sig 0 ptr 0 (5265.6 MB read)
[xp-obs] wave 407: mtl 0x8000 x16, surf 1920x1080/1/v024 x8 (t+48s)
[xp-obs] wave 407 done: total bufs 9792 nonzero 0 sig 0 ptr 0 (5282.0 MB read)
[xp-obs] wave 408: mtl 0x10000 x16, surf 64x64/4/ARGB x8 (t+48s)
[xp-obs] wave 408 done: total bufs 9816 nonzero 0 sig 0 ptr 0 (5283.1 MB read)
[xp-obs] wave 409: mtl 0x20000 x16, surf 256x256/4/ARGB x8 (t+48s)
[xp-obs] wave 409 done: total bufs 9840 nonzero 0 sig 0 ptr 0 (5287.1 MB read)
[xp-obs] wave 410: mtl 0x40000 x16, surf 512x512/4/ARGB x8 (t+48s)
[xp-obs] wave 410 done: total bufs 9864 nonzero 0 sig 0 ptr 0 (5299.1 MB read)
[xp-obs] wave 411: mtl 0x80000 x16, surf 1024x1024/4/ARGB x8 (t+48s)
[xp-obs] wave 411 done: total bufs 9888 nonzero 0 sig 0 ptr 0 (5339.1 MB read)
[xp-obs] wave 412: mtl 0x100000 x16, surf 128x128/1/v024 x8 (t+48s)
[xp-obs] wave 412 done: total bufs 9912 nonzero 0 sig 0 ptr 0 (5355.2 MB read)
[xp-obs] wave 413: mtl 0x4000 x16, surf 640x480/1/v024 x8 (t+48s)
[xp-obs] wave 413 done: total bufs 9936 nonzero 0 sig 0 ptr 0 (5357.8 MB read)
[xp-obs] wave 414: mtl 0x8000 x16, surf 1280x720/1/v024 x8 (t+48s)
[xp-obs] wave 414 done: total bufs 9960 nonzero 0 sig 0 ptr 0 (5365.3 MB read)
[xp-obs] wave 415: mtl 0x10000 x16, surf 1920x1080/1/v024 x8 (t+48s)
[xp-obs] wave 415 done: total bufs 9984 nonzero 0 sig 0 ptr 0 (5382.2 MB read)
[xp-obs] wave 416: mtl 0x20000 x16, surf 64x64/4/ARGB x8 (t+49s)
[xp-obs] wave 416 done: total bufs 10008 nonzero 0 sig 0 ptr 0 (5384.3 MB read)
[xp-obs] wave 417: mtl 0x40000 x16, surf 256x256/4/ARGB x8 (t+49s)
[xp-obs] wave 417 done: total bufs 10032 nonzero 0 sig 0 ptr 0 (5390.3 MB read)
[xp-obs] wave 418: mtl 0x80000 x16, surf 512x512/4/ARGB x8 (t+49s)
[xp-obs] wave 418 done: total bufs 10056 nonzero 0 sig 0 ptr 0 (5406.3 MB read)
[xp-obs] wave 419: mtl 0x100000 x16, surf 1024x1024/4/ARGB x8 (t+49s)
[xp-obs] wave 419 done: total bufs 10080 nonzero 0 sig 0 ptr 0 (5454.3 MB read)
[xp-obs] wave 420: mtl 0x4000 x16, surf 128x128/1/v024 x8 (t+49s)
[xp-obs] wave 420 done: total bufs 10104 nonzero 0 sig 0 ptr 0 (5454.7 MB read)
[xp-obs] wave 421: mtl 0x8000 x16, surf 640x480/1/v024 x8 (t+49s)
[xp-obs] wave 421 done: total bufs 10128 nonzero 0 sig 0 ptr 0 (5457.5 MB read)
[xp-obs] wave 422: mtl 0x10000 x16, surf 1280x720/1/v024 x8 (t+49s)
[xp-obs] wave 422 done: total bufs 10152 nonzero 0 sig 0 ptr 0 (5465.5 MB read)
[xp-obs] wave 423: mtl 0x20000 x16, surf 1920x1080/1/v024 x8 (t+49s)
[xp-obs] wave 423 done: total bufs 10176 nonzero 0 sig 0 ptr 0 (5483.4 MB read)
[xp-obs] wave 424: mtl 0x40000 x16, surf 64x64/4/ARGB x8 (t+49s)
[xp-obs] wave 424 done: total bufs 10200 nonzero 0 sig 0 ptr 0 (5487.5 MB read)
[xp-obs] wave 425: mtl 0x80000 x16, surf 256x256/4/ARGB x8 (t+50s)
[xp-obs] wave 425 done: total bufs 10224 nonzero 0 sig 0 ptr 0 (5497.5 MB read)
[xp-obs] wave 426: mtl 0x100000 x16, surf 512x512/4/ARGB x8 (t+50s)
[xp-obs] wave 426 done: total bufs 10248 nonzero 0 sig 0 ptr 0 (5521.5 MB read)
[xp-obs] wave 427: mtl 0x4000 x16, surf 1024x1024/4/ARGB x8 (t+50s)
[xp-obs] wave 427 done: total bufs 10272 nonzero 0 sig 0 ptr 0 (5553.7 MB read)
[xp-obs] wave 428: mtl 0x8000 x16, surf 128x128/1/v024 x8 (t+50s)
[xp-obs] wave 428 done: total bufs 10296 nonzero 0 sig 0 ptr 0 (5554.4 MB read)
[xp-obs] wave 429: mtl 0x10000 x16, surf 640x480/1/v024 x8 (t+50s)
[xp-obs] wave 429 done: total bufs 10320 nonzero 0 sig 0 ptr 0 (5557.7 MB read)
[xp-obs] wave 430: mtl 0x20000 x16, surf 1280x720/1/v024 x8 (t+50s)
[xp-obs] wave 430 done: total bufs 10344 nonzero 0 sig 0 ptr 0 (5566.7 MB read)
[xp-obs] wave 431: mtl 0x40000 x16, surf 1920x1080/1/v024 x8 (t+50s)
[xp-obs] wave 431 done: total bufs 10368 nonzero 0 sig 0 ptr 0 (5586.5 MB read)
[xp-obs] wave 432: mtl 0x80000 x16, surf 64x64/4/ARGB x8 (t+50s)
[xp-obs] wave 432 done: total bufs 10392 nonzero 0 sig 0 ptr 0 (5594.7 MB read)
[xp-obs] wave 433: mtl 0x100000 x16, surf 256x256/4/ARGB x8 (t+51s)
[xp-obs] wave 433 done: total bufs 10416 nonzero 0 sig 0 ptr 0 (5612.7 MB read)
[xp-obs] wave 434: mtl 0x4000 x16, surf 512x512/4/ARGB x8 (t+51s)
[xp-obs] wave 434 done: total bufs 10440 nonzero 0 sig 0 ptr 0 (5620.9 MB read)
[xp-obs] wave 435: mtl 0x8000 x16, surf 1024x1024/4/ARGB x8 (t+51s)
[xp-obs] wave 435 done: total bufs 10464 nonzero 0 sig 0 ptr 0 (5653.4 MB read)
[xp-obs] wave 436: mtl 0x10000 x16, surf 128x128/1/v024 x8 (t+51s)
[xp-obs] wave 436 done: total bufs 10488 nonzero 0 sig 0 ptr 0 (5654.5 MB read)
[xp-obs] wave 437: mtl 0x20000 x16, surf 640x480/1/v024 x8 (t+51s)
[xp-obs] wave 437 done: total bufs 10512 nonzero 0 sig 0 ptr 0 (5658.9 MB read)
[xp-obs] wave 438: mtl 0x40000 x16, surf 1280x720/1/v024 x8 (t+51s)
[xp-obs] wave 438 done: total bufs 10536 nonzero 0 sig 0 ptr 0 (5669.9 MB read)
[xp-obs] wave 439: mtl 0x80000 x16, surf 1920x1080/1/v024 x8 (t+51s)
[xp-obs] wave 439 done: total bufs 10560 nonzero 0 sig 0 ptr 0 (5693.7 MB read)
[xp-obs] wave 440: mtl 0x100000 x16, surf 64x64/4/ARGB x8 (t+51s)
[xp-obs] wave 440 done: total bufs 10584 nonzero 0 sig 0 ptr 0 (5709.9 MB read)
[xp-obs] wave 441: mtl 0x4000 x16, surf 256x256/4/ARGB x8 (t+51s)
[xp-obs] wave 441 done: total bufs 10608 nonzero 0 sig 0 ptr 0 (5712.1 MB read)
[xp-obs] wave 442: mtl 0x8000 x16, surf 512x512/4/ARGB x8 (t+52s)
[xp-obs] wave 442 done: total bufs 10632 nonzero 0 sig 0 ptr 0 (5720.6 MB read)
[xp-obs] wave 443: mtl 0x10000 x16, surf 1024x1024/4/ARGB x8 (t+52s)
[xp-obs] wave 443 done: total bufs 10656 nonzero 0 sig 0 ptr 0 (5753.6 MB read)
[xp-obs] wave 444: mtl 0x20000 x16, surf 128x128/1/v024 x8 (t+52s)
[xp-obs] wave 444 done: total bufs 10680 nonzero 0 sig 0 ptr 0 (5755.7 MB read)
[xp-obs] wave 445: mtl 0x40000 x16, surf 640x480/1/v024 x8 (t+52s)
[xp-obs] wave 445 done: total bufs 10704 nonzero 0 sig 0 ptr 0 (5762.1 MB read)
[xp-obs] wave 446: mtl 0x80000 x16, surf 1280x720/1/v024 x8 (t+52s)
[xp-obs] wave 446 done: total bufs 10728 nonzero 0 sig 0 ptr 0 (5777.1 MB read)
[xp-obs] wave 447: mtl 0x100000 x16, surf 1920x1080/1/v024 x8 (t+52s)
[xp-obs] wave 447 done: total bufs 10752 nonzero 0 sig 0 ptr 0 (5808.9 MB read)
[xp-obs] wave 448: mtl 0x4000 x16, surf 64x64/4/ARGB x8 (t+52s)
[xp-obs] wave 448 done: total bufs 10776 nonzero 0 sig 0 ptr 0 (5809.3 MB read)
[xp-obs] wave 449: mtl 0x8000 x16, surf 256x256/4/ARGB x8 (t+52s)
[xp-obs] wave 449 done: total bufs 10800 nonzero 0 sig 0 ptr 0 (5811.8 MB read)
[xp-obs] wave 450: mtl 0x10000 x16, surf 512x512/4/ARGB x8 (t+53s)
[xp-obs] wave 450 done: total bufs 10824 nonzero 0 sig 0 ptr 0 (5820.8 MB read)
[xp-obs] wave 451: mtl 0x20000 x16, surf 1024x1024/4/ARGB x8 (t+53s)
[xp-obs] wave 451 done: total bufs 10848 nonzero 0 sig 0 ptr 0 (5854.8 MB read)
[xp-obs] wave 452: mtl 0x40000 x16, surf 128x128/1/v024 x8 (t+53s)
[xp-obs] wave 452 done: total bufs 10872 nonzero 0 sig 0 ptr 0 (5858.9 MB read)
[xp-obs] wave 453: mtl 0x80000 x16, surf 640x480/1/v024 x8 (t+53s)
[xp-obs] wave 453 done: total bufs 10896 nonzero 0 sig 0 ptr 0 (5869.3 MB read)
[xp-obs] wave 454: mtl 0x100000 x16, surf 1280x720/1/v024 x8 (t+53s)
[xp-obs] wave 454 done: total bufs 10920 nonzero 0 sig 0 ptr 0 (5892.3 MB read)
[xp-obs] wave 455: mtl 0x4000 x16, surf 1920x1080/1/v024 x8 (t+53s)
[xp-obs] wave 455 done: total bufs 10944 nonzero 0 sig 0 ptr 0 (5908.4 MB read)
[xp-obs] wave 456: mtl 0x8000 x16, surf 64x64/4/ARGB x8 (t+53s)
[xp-obs] wave 456 done: total bufs 10968 nonzero 0 sig 0 ptr 0 (5909.0 MB read)
[xp-obs] wave 457: mtl 0x10000 x16, surf 256x256/4/ARGB x8 (t+53s)
[xp-obs] wave 457 done: total bufs 10992 nonzero 0 sig 0 ptr 0 (5912.0 MB read)
[xp-obs] wave 458: mtl 0x20000 x16, surf 512x512/4/ARGB x8 (t+53s)
[xp-obs] wave 458 done: total bufs 11016 nonzero 0 sig 0 ptr 0 (5922.0 MB read)
[xp-obs] wave 459: mtl 0x40000 x16, surf 1024x1024/4/ARGB x8 (t+54s)
[xp-obs] wave 459 done: total bufs 11040 nonzero 0 sig 0 ptr 0 (5958.0 MB read)
[xp-obs] wave 460: mtl 0x80000 x16, surf 128x128/1/v024 x8 (t+54s)
[xp-obs] wave 460 done: total bufs 11064 nonzero 0 sig 0 ptr 0 (5966.1 MB read)
[xp-obs] wave 461: mtl 0x100000 x16, surf 640x480/1/v024 x8 (t+54s)
[xp-obs] wave 461 done: total bufs 11088 nonzero 0 sig 0 ptr 0 (5984.5 MB read)
[xp-obs] wave 462: mtl 0x4000 x16, surf 1280x720/1/v024 x8 (t+54s)
[xp-obs] wave 462 done: total bufs 11112 nonzero 0 sig 0 ptr 0 (5991.8 MB read)
[xp-obs] wave 463: mtl 0x8000 x16, surf 1920x1080/1/v024 x8 (t+54s)
[xp-obs] wave 463 done: total bufs 11136 nonzero 0 sig 0 ptr 0 (6008.1 MB read)
[xp-obs] wave 464: mtl 0x10000 x16, surf 64x64/4/ARGB x8 (t+54s)
[xp-obs] wave 464 done: total bufs 11160 nonzero 0 sig 0 ptr 0 (6009.2 MB read)
[xp-obs] wave 465: mtl 0x20000 x16, surf 256x256/4/ARGB x8 (t+54s)
[xp-obs] wave 465 done: total bufs 11184 nonzero 0 sig 0 ptr 0 (6013.2 MB read)
[xp-obs] wave 466: mtl 0x40000 x16, surf 512x512/4/ARGB x8 (t+54s)
[xp-obs] wave 466 done: total bufs 11208 nonzero 0 sig 0 ptr 0 (6025.2 MB read)
[xp-obs] wave 467: mtl 0x80000 x16, surf 1024x1024/4/ARGB x8 (t+55s)
[xp-obs] wave 467 done: total bufs 11232 nonzero 0 sig 0 ptr 0 (6065.2 MB read)
[xp-obs] wave 468: mtl 0x100000 x16, surf 128x128/1/v024 x8 (t+55s)
[xp-obs] wave 468 done: total bufs 11256 nonzero 0 sig 0 ptr 0 (6081.3 MB read)
[xp-obs] wave 469: mtl 0x4000 x16, surf 640x480/1/v024 x8 (t+55s)
[xp-obs] wave 469 done: total bufs 11280 nonzero 0 sig 0 ptr 0 (6083.9 MB read)
[xp-obs] wave 470: mtl 0x8000 x16, surf 1280x720/1/v024 x8 (t+55s)
[xp-obs] wave 470 done: total bufs 11304 nonzero 0 sig 0 ptr 0 (6091.5 MB read)
[xp-obs] wave 471: mtl 0x10000 x16, surf 1920x1080/1/v024 x8 (t+55s)
[xp-obs] wave 471 done: total bufs 11328 nonzero 0 sig 0 ptr 0 (6108.3 MB read)
[xp-obs] wave 472: mtl 0x20000 x16, surf 64x64/4/ARGB x8 (t+55s)
[xp-obs] wave 472 done: total bufs 11352 nonzero 0 sig 0 ptr 0 (6110.4 MB read)
[xp-obs] wave 473: mtl 0x40000 x16, surf 256x256/4/ARGB x8 (t+55s)
[xp-obs] wave 473 done: total bufs 11376 nonzero 0 sig 0 ptr 0 (6116.4 MB read)
[xp-obs] wave 474: mtl 0x80000 x16, surf 512x512/4/ARGB x8 (t+55s)
[xp-obs] wave 474 done: total bufs 11400 nonzero 0 sig 0 ptr 0 (6132.4 MB read)
[xp-obs] wave 475: mtl 0x100000 x16, surf 1024x1024/4/ARGB x8 (t+55s)
[xp-obs] wave 475 done: total bufs 11424 nonzero 0 sig 0 ptr 0 (6180.4 MB read)
[xp-obs] wave 476: mtl 0x4000 x16, surf 128x128/1/v024 x8 (t+56s)
[xp-obs] wave 476 done: total bufs 11448 nonzero 0 sig 0 ptr 0 (6180.8 MB read)
[xp-obs] wave 477: mtl 0x8000 x16, surf 640x480/1/v024 x8 (t+56s)
[xp-obs] wave 477 done: total bufs 11472 nonzero 0 sig 0 ptr 0 (6183.6 MB read)
[xp-obs] wave 478: mtl 0x10000 x16, surf 1280x720/1/v024 x8 (t+56s)
[xp-obs] wave 478 done: total bufs 11496 nonzero 0 sig 0 ptr 0 (6191.6 MB read)
[xp-obs] wave 479: mtl 0x20000 x16, surf 1920x1080/1/v024 x8 (t+56s)
[xp-obs] wave 479 done: total bufs 11520 nonzero 0 sig 0 ptr 0 (6209.5 MB read)
[xp-obs] wave 480: mtl 0x40000 x16, surf 64x64/4/ARGB x8 (t+56s)
[xp-obs] wave 480 done: total bufs 11544 nonzero 0 sig 0 ptr 0 (6213.6 MB read)
[xp-obs] wave 481: mtl 0x80000 x16, surf 256x256/4/ARGB x8 (t+56s)
[xp-obs] wave 481 done: total bufs 11568 nonzero 0 sig 0 ptr 0 (6223.6 MB read)
[xp-obs] wave 482: mtl 0x100000 x16, surf 512x512/4/ARGB x8 (t+56s)
[xp-obs] wave 482 done: total bufs 11592 nonzero 0 sig 0 ptr 0 (6247.6 MB read)
[xp-obs] wave 483: mtl 0x4000 x16, surf 1024x1024/4/ARGB x8 (t+56s)
[xp-obs] wave 483 done: total bufs 11616 nonzero 0 sig 0 ptr 0 (6279.8 MB read)
[xp-obs] wave 484: mtl 0x8000 x16, surf 128x128/1/v024 x8 (t+57s)
[xp-obs] wave 484 done: total bufs 11640 nonzero 0 sig 0 ptr 0 (6280.5 MB read)
[xp-obs] wave 485: mtl 0x10000 x16, surf 640x480/1/v024 x8 (t+57s)
[xp-obs] wave 485 done: total bufs 11664 nonzero 0 sig 0 ptr 0 (6283.8 MB read)
[xp-obs] wave 486: mtl 0x20000 x16, surf 1280x720/1/v024 x8 (t+57s)
[xp-obs] wave 486 done: total bufs 11688 nonzero 0 sig 0 ptr 0 (6292.8 MB read)
[xp-obs] wave 487: mtl 0x40000 x16, surf 1920x1080/1/v024 x8 (t+57s)
[xp-obs] wave 487 done: total bufs 11712 nonzero 0 sig 0 ptr 0 (6312.7 MB read)
[xp-obs] wave 488: mtl 0x80000 x16, surf 64x64/4/ARGB x8 (t+57s)
[xp-obs] wave 488 done: total bufs 11736 nonzero 0 sig 0 ptr 0 (6320.8 MB read)
[xp-obs] wave 489: mtl 0x100000 x16, surf 256x256/4/ARGB x8 (t+57s)
[xp-obs] wave 489 done: total bufs 11760 nonzero 0 sig 0 ptr 0 (6338.8 MB read)
[xp-obs] wave 490: mtl 0x4000 x16, surf 512x512/4/ARGB x8 (t+57s)
[xp-obs] wave 490 done: total bufs 11784 nonzero 0 sig 0 ptr 0 (6347.0 MB read)
[xp-obs] wave 491: mtl 0x8000 x16, surf 1024x1024/4/ARGB x8 (t+57s)
[xp-obs] wave 491 done: total bufs 11808 nonzero 0 sig 0 ptr 0 (6379.5 MB read)
[xp-obs] wave 492: mtl 0x10000 x16, surf 128x128/1/v024 x8 (t+57s)
[xp-obs] wave 492 done: total bufs 11832 nonzero 0 sig 0 ptr 0 (6380.7 MB read)
[xp-obs] wave 493: mtl 0x20000 x16, surf 640x480/1/v024 x8 (t+58s)
[xp-obs] wave 493 done: total bufs 11856 nonzero 0 sig 0 ptr 0 (6385.0 MB read)
[xp-obs] wave 494: mtl 0x40000 x16, surf 1280x720/1/v024 x8 (t+58s)
[xp-obs] wave 494 done: total bufs 11880 nonzero 0 sig 0 ptr 0 (6396.0 MB read)
[xp-obs] wave 495: mtl 0x80000 x16, surf 1920x1080/1/v024 x8 (t+58s)
[xp-obs] wave 495 done: total bufs 11904 nonzero 0 sig 0 ptr 0 (6419.9 MB read)
[xp-obs] wave 496: mtl 0x100000 x16, surf 64x64/4/ARGB x8 (t+58s)
[xp-obs] wave 496 done: total bufs 11928 nonzero 0 sig 0 ptr 0 (6436.0 MB read)
[xp-obs] wave 497: mtl 0x4000 x16, surf 256x256/4/ARGB x8 (t+58s)
[xp-obs] wave 497 done: total bufs 11952 nonzero 0 sig 0 ptr 0 (6438.2 MB read)
[xp-obs] wave 498: mtl 0x8000 x16, surf 512x512/4/ARGB x8 (t+58s)
[xp-obs] wave 498 done: total bufs 11976 nonzero 0 sig 0 ptr 0 (6446.7 MB read)
[xp-obs] wave 499: mtl 0x10000 x16, surf 1024x1024/4/ARGB x8 (t+58s)
[xp-obs] wave 499 done: total bufs 12000 nonzero 0 sig 0 ptr 0 (6479.7 MB read)
[xp-obs] wave 500: mtl 0x20000 x16, surf 128x128/1/v024 x8 (t+58s)
[xp-obs] wave 500 done: total bufs 12024 nonzero 0 sig 0 ptr 0 (6481.9 MB read)
[xp-obs] wave 501: mtl 0x40000 x16, surf 640x480/1/v024 x8 (t+59s)
[xp-obs] wave 501 done: total bufs 12048 nonzero 0 sig 0 ptr 0 (6488.2 MB read)
[xp-obs] wave 502: mtl 0x80000 x16, surf 1280x720/1/v024 x8 (t+59s)
[xp-obs] wave 502 done: total bufs 12072 nonzero 0 sig 0 ptr 0 (6503.2 MB read)
[xp-obs] wave 503: mtl 0x100000 x16, surf 1920x1080/1/v024 x8 (t+59s)
[xp-obs] wave 503 done: total bufs 12096 nonzero 0 sig 0 ptr 0 (6535.1 MB read)
[xp-obs] wave 504: mtl 0x4000 x16, surf 64x64/4/ARGB x8 (t+59s)
[xp-obs] wave 504 done: total bufs 12120 nonzero 0 sig 0 ptr 0 (6535.4 MB read)
[xp-obs] wave 505: mtl 0x8000 x16, surf 256x256/4/ARGB x8 (t+59s)
[xp-obs] wave 505 done: total bufs 12144 nonzero 0 sig 0 ptr 0 (6537.9 MB read)
[xp-obs] wave 506: mtl 0x10000 x16, surf 512x512/4/ARGB x8 (t+59s)
[xp-obs] wave 506 done: total bufs 12168 nonzero 0 sig 0 ptr 0 (6546.9 MB read)
[xp-obs] wave 507: mtl 0x20000 x16, surf 1024x1024/4/ARGB x8 (t+59s)
[xp-obs] wave 507 done: total bufs 12192 nonzero 0 sig 0 ptr 0 (6580.9 MB read)
[xp-obs] wave 508: mtl 0x40000 x16, surf 128x128/1/v024 x8 (t+59s)
[xp-obs] wave 508 done: total bufs 12216 nonzero 0 sig 0 ptr 0 (6585.1 MB read)
[xp-obs] wave 509: mtl 0x80000 x16, surf 640x480/1/v024 x8 (t+60s)
[xp-obs] wave 509 done: total bufs 12240 nonzero 0 sig 0 ptr 0 (6595.4 MB read)
[xp-obs] wave 510: mtl 0x100000 x16, surf 1280x720/1/v024 x8 (t+60s)
[xp-obs] wave 510 done: total bufs 12264 nonzero 0 sig 0 ptr 0 (6618.4 MB read)
[xp-obs] wave 511: mtl 0x4000 x16, surf 1920x1080/1/v024 x8 (t+60s)
[xp-obs] wave 511 done: total bufs 12288 nonzero 0 sig 0 ptr 0 (6634.5 MB read)
[xp-obs] wave 512: mtl 0x8000 x16, surf 64x64/4/ARGB x8 (t+60s)
[xp-obs] wave 512 done: total bufs 12312 nonzero 0 sig 0 ptr 0 (6635.1 MB read)
[xp-obs] wave 513: mtl 0x10000 x16, surf 256x256/4/ARGB x8 (t+60s)
[xp-obs] wave 513 done: total bufs 12336 nonzero 0 sig 0 ptr 0 (6638.1 MB read)
[xp-obs] scan end tag=obs: bufs 12336, nonzero 0, sig-hit bufs 0, ptr-hit bufs 0, 6638.1 MB read in 60s
[xpleak] mode=obs finished, stop
