[main] fuzz harness up, mode=scaler
[main] sandbox note: VCPDRM open is MACF-denied (iokit-open-user-client VCPDRMUserClient); mach-lookup com.apple.sprr / com.apple.jitbox exist but are sandbox-gated (seen in kernel log)
[open] AppleM2ScalerCSCDriver -> conn 0x7b0b
[scaler] conn 0x7b0b, s1 12 s2 13
[probe12] SetNotificationPort -> 0x00000000
[duf] v140 destroy-UAF exploitation check (probes fixed: sel11/sel26 sout): skip 52
[open] IOGPU -> conn 0x580b
[mtlr] resource2 sel8 flags 470 sz 0x10000 -> kr 0x00000000 rid 1 GPUVA 0x10000000000 cpu 105510000
[mtlr]   out: 0000010000000000 0000000105510000 00000001054f80c0 0000000000000000
[mtlr]   out: 0000000100000000 0000000000010000 00000000090f2e21 000000000000306e
[mtlr] sel12 size 0x4000 type 1 -> kr 0x00000000 va 10550c000 id 1
[mtlr] resource2 sel8 flags 470 sz 0x10000 -> kr 0x00000000 rid 2 GPUVA 0x10000018000 cpu 105528000
[mtlr]   out: 0000010000018000 0000000105528000 00000001054f8180 0000000000000000
[mtlr]   out: 0000000200000000 0000000000010000 00000000090f2e25 0000000000003071
[mtlr] sel12 size 0x4000 type 1 -> kr 0x00000000 va 105524000 id 2
[duf] setup: qM 1 nqM 1 ridM 1 shM 1 | qW 2 nqW 2 ridW 2 shW 2 bind 0x00000000
[duf] === class resource: destroy sel9 (main 0x1 witness 0x2) ===
[duf] after a-bogus: markers bad resM 0/1024 resW 0/1024 shM 0/256 shW 0/256
[duf]   probe rid 1 (sel11): kr 0xe00002c2 out 0x0 DEAD?
[duf]   probe rid 2 (sel11): kr 0xe00002c2 out 0x0 DEAD?
[duf]   probe qid 1 (sel26): kr 0xe00002c2 out 0x0 DEAD?
[duf]   probe qid 2 (sel26): kr 0xe00002c2 out 0x0 DEAD?
[duf]   probe nqid 1 (sel24 bind): kr 0xe00002c9 DEAD?
[duf]   probe nqid 2 (sel24 bind): kr 0xe00002c9 DEAD?
[duf] after a-bogus: markers bad resM 0/1024 resW 0/1024 shM 0/256 shW 0/256
[duf]   probe rid 1 (sel11): kr 0xe00002c2 out 0x0 DEAD?
[duf]   probe rid 2 (sel11): kr 0xe00002c2 out 0x0 DEAD?
[duf]   probe qid 1 (sel26): kr 0xe00002c2 out 0x0 DEAD?
[duf]   probe qid 2 (sel26): kr 0xe00002c2 out 0x0 DEAD?
[duf]   probe nqid 1 (sel24 bind): kr 0xe00002c9 DEAD?
[duf]   probe nqid 2 (sel24 bind): kr 0xe00002c9 DEAD?
[duf] after a-bogus: markers bad resM 0/1024 resW 0/1024 shM 0/256 shW 0/256
[duf]   probe rid 1 (sel11): kr 0xe00002c2 out 0x0 DEAD?
[duf]   probe rid 2 (sel11): kr 0xe00002c2 out 0x0 DEAD?
[duf]   probe qid 1 (sel26): kr 0xe00002c2 out 0x0 DEAD?
[duf]   probe qid 2 (sel26): kr 0xe00002c2 out 0x0 DEAD?
[duf]   probe nqid 1 (sel24 bind): kr 0xe00002c9 DEAD?
[duf]   probe nqid 2 (sel24 bind): kr 0xe00002c9 DEAD?
[duf] after a-bogus: markers bad resM 0/1024 resW 0/1024 shM 0/256 shW 0/256
[duf]   probe rid 1 (sel11): kr 0xe00002c2 out 0x0 DEAD?
[duf]   probe rid 2 (sel11): kr 0xe00002c2 out 0x0 DEAD?
[duf]   probe qid 1 (sel26): kr 0xe00002c2 out 0x0 DEAD?
[duf]   probe qid 2 (sel26): kr 0xe00002c2 out 0x0 DEAD?
[duf]   probe nqid 1 (sel24 bind): kr 0xe00002c9 DEAD?
[duf]   probe nqid 2 (sel24 bind): kr 0xe00002c9 DEAD?
[duf] after b-typeconf: markers bad resM 0/1024 resW 0/1024 shM 0/256 shW 0/256
[duf]   probe rid 1 (sel11): kr 0xe00002c2 out 0x0 DEAD?
[duf]   probe rid 2 (sel11): kr 0xe00002c2 out 0x0 DEAD?
[duf]   probe qid 1 (sel26): kr 0xe00002c2 out 0x0 DEAD?
[duf]   probe qid 2 (sel26): kr 0xe00002c2 out 0x0 DEAD?
[duf]   probe nqid 1 (sel24 bind): kr 0xe00002c9 DEAD?
[duf]   probe nqid 2 (sel24 bind): kr 0xe00002c9 DEAD?
[duf] after b-typeconf: markers bad resM 0/1024 resW 0/1024 shM 0/256 shW 0/256
[duf]   probe rid 1 (sel11): kr 0xe00002c2 out 0x0 DEAD?
[duf]   probe rid 2 (sel11): kr 0xe00002c2 out 0x0 DEAD?
[duf]   probe qid 1 (sel26): kr 0xe00002c2 out 0x0 DEAD?
[duf]   probe qid 2 (sel26): kr 0xe00002c2 out 0x0 DEAD?
[duf]   probe nqid 1 (sel24 bind): kr 0xe00002c9 DEAD?
[duf]   probe nqid 2 (sel24 bind): kr 0xe00002c9 DEAD?
[duf] after b-typeconf: markers bad resM 0/1024 resW 0/1024 shM 0/256 shW 0/256
[duf]   probe rid 1 (sel11): kr 0xe00002c2 out 0x0 DEAD?
[duf]   probe rid 2 (sel11): kr 0xe00002c2 out 0x0 DEAD?
[duf]   probe qid 1 (sel26): kr 0xe00002c2 out 0x0 DEAD?
[duf]   probe qid 2 (sel26): kr 0xe00002c2 out 0x0 DEAD?
[duf]   probe nqid 1 (sel24 bind): kr 0xe00002c9 DEAD?
[duf]   probe nqid 2 (sel24 bind): kr 0xe00002c9 DEAD?
[duf] after c-double: markers bad resM 0/1024 resW 0/1024 shM 0/256 shW 0/256
[duf]   probe rid 1 (sel11): kr 0xe00002c2 out 0x0 DEAD?
[duf]   probe rid 2 (sel11): kr 0xe00002c2 out 0x0 DEAD?
[duf]   probe qid 1 (sel26): kr 0xe00002c2 out 0x0 DEAD?
[duf]   probe qid 2 (sel26): kr 0xe00002c2 out 0x0 DEAD?
[duf]   probe nqid 1 (sel24 bind): kr 0xe00002c9 DEAD?
[duf]   probe nqid 2 (sel24 bind): kr 0xe00002c9 DEAD?
[duf] after d-use: markers bad resM 0/1024 resW 0/1024 shM 0/256 shW 0/256
[duf]   probe rid 1 (sel11): kr 0xe00002c2 out 0x0 DEAD?
[duf]   probe rid 2 (sel11): kr 0xe00002c2 out 0x0 DEAD?
[duf]   probe qid 1 (sel26): kr 0xe00002c2 out 0x0 DEAD?
[duf]   probe qid 2 (sel26): kr 0xe00002c2 out 0x0 DEAD?
[duf]   probe nqid 1 (sel24 bind): kr 0xe00002c9 DEAD?
[duf]   probe nqid 2 (sel24 bind): kr 0xe00002c9 DEAD?
[mtlr] resource2 sel8 flags 470 sz 0x10000 -> kr 0x00000000 rid 3 GPUVA 0x10000030000 cpu 10553c000
[mtlr]   out: 0000010000030000 000000010553c000 00000001054f8240 0000000000000000
[mtlr]   out: 0000000300000000 0000000000010000 00000000090f2e26 0000000000003072
[duf]   recreated rid 3 GPUVA 0x10000030000 (cpu 0x10553c000) — victim GPUVA 0x10000000000: fresh GPUVA
[duf]   e-recreate: new id 0x3 — fresh id
[duf] after e-recreate: markers bad resM 0/1024 resW 0/1024 shM 0/256 shW 0/256
[duf]   probe rid 1 (sel11): kr 0xe00002c2 out 0x0 DEAD?
[duf]   probe rid 2 (sel11): kr 0xe00002c2 out 0x0 DEAD?
[duf]   probe qid 1 (sel26): kr 0xe00002c2 out 0x0 DEAD?
[duf]   probe qid 2 (sel26): kr 0xe00002c2 out 0x0 DEAD?
[duf]   probe nqid 1 (sel24 bind): kr 0xe00002c9 DEAD?
[duf]   probe nqid 2 (sel24 bind): kr 0xe00002c9 DEAD?
[duf] class resource finished; closing connect
[open] IOGPU -> conn 0x7523
[mtlr] resource2 sel8 flags 470 sz 0x10000 -> kr 0x00000000 rid 1 GPUVA 0x10000000000 cpu 105564000
[mtlr]   out: 0000010000000000 0000000105564000 000000010554c0c0 0000000000000000
[mtlr]   out: 0000000100000000 0000000000010000 00000000090f2e2c 0000000000003075
[mtlr] sel12 size 0x4000 type 1 -> kr 0x00000000 va 105560000 id 1
[mtlr] resource2 sel8 flags 470 sz 0x10000 -> kr 0x00000000 rid 2 GPUVA 0x10000018000 cpu 105528000
[mtlr]   out: 0000010000018000 0000000105528000 000000010554c180 0000000000000000
[mtlr]   out: 0000000200000000 0000000000010000 00000000090f2e30 0000000000003078
[mtlr] sel12 size 0x4000 type 1 -> kr 0x00000000 va 1054f8000 id 2
[duf] setup: qM 1 nqM 1 ridM 1 shM 1 | qW 2 nqW 2 ridW 2 shW 2 bind 0x00000000
[duf] === class command_queue: destroy sel7 (main 0x1 witness 0x2) ===
[duf] after a-bogus: markers bad resM 0/1024 resW 0/1024 shM 0/256 shW 0/256
[duf]   probe rid 1 (sel11): kr 0xe00002c2 out 0x0 DEAD?
[duf]   probe rid 2 (sel11): kr 0xe00002c2 out 0x0 DEAD?
[duf]   probe qid 1 (sel26): kr 0xe00002c2 out 0x0 DEAD?
[duf]   probe qid 2 (sel26): kr 0xe00002c2 out 0x0 DEAD?
[duf]   probe nqid 1 (sel24 bind): kr 0xe00002c9 DEAD?
[duf]   probe nqid 2 (sel24 bind): kr 0xe00002c9 DEAD?
[duf] after a-bogus: markers bad resM 0/1024 resW 0/1024 shM 0/256 shW 0/256
[duf]   probe rid 1 (sel11): kr 0xe00002c2 out 0x0 DEAD?
[duf]   probe rid 2 (sel11): kr 0xe00002c2 out 0x0 DEAD?
[duf]   probe qid 1 (sel26): kr 0xe00002c2 out 0x0 DEAD?
[duf]   probe qid 2 (sel26): kr 0xe00002c2 out 0x0 DEAD?
[duf]   probe nqid 1 (sel24 bind): kr 0xe00002c9 DEAD?
[duf]   probe nqid 2 (sel24 bind): kr 0xe00002c9 DEAD?
[duf] after a-bogus: markers bad resM 0/1024 resW 0/1024 shM 0/256 shW 0/256
[duf]   probe rid 1 (sel11): kr 0xe00002c2 out 0x0 DEAD?
[duf]   probe rid 2 (sel11): kr 0xe00002c2 out 0x0 DEAD?
[duf]   probe qid 1 (sel26): kr 0xe00002c2 out 0x0 DEAD?
[duf]   probe qid 2 (sel26): kr 0xe00002c2 out 0x0 DEAD?
[duf]   probe nqid 1 (sel24 bind): kr 0xe00002c9 DEAD?
[duf]   probe nqid 2 (sel24 bind): kr 0xe00002c9 DEAD?
[duf] after a-bogus: markers bad resM 0/1024 resW 0/1024 shM 0/256 shW 0/256
[duf]   probe rid 1 (sel11): kr 0xe00002c2 out 0x0 DEAD?
[duf]   probe rid 2 (sel11): kr 0xe00002c2 out 0x0 DEAD?
[duf]   probe qid 1 (sel26): kr 0xe00002c2 out 0x0 DEAD?
[duf]   probe qid 2 (sel26): kr 0xe00002c2 out 0x0 DEAD?
[duf]   probe nqid 1 (sel24 bind): kr 0xe00002c9 DEAD?
[duf]   probe nqid 2 (sel24 bind): kr 0xe00002c9 DEAD?
[duf] after b-typeconf: markers bad resM 0/1024 resW 0/1024 shM 0/256 shW 0/256
[duf]   probe rid 1 (sel11): kr 0xe00002c2 out 0x0 DEAD?
[duf]   probe rid 2 (sel11): kr 0xe00002c2 out 0x0 DEAD?
[duf]   probe qid 1 (sel26): kr 0xe00002c2 out 0x0 DEAD?
[duf]   probe qid 2 (sel26): kr 0xe00002c2 out 0x0 DEAD?
[duf]   probe nqid 1 (sel24 bind): kr 0xe00002c9 DEAD?
[duf]   probe nqid 2 (sel24 bind): kr 0xe00002c9 DEAD?
[duf] after b-typeconf: markers bad resM 0/1024 resW 0/1024 shM 0/256 shW 0/256
[duf]   probe rid 1 (sel11): kr 0xe00002c2 out 0x0 DEAD?
[duf]   probe rid 2 (sel11): kr 0xe00002c2 out 0x0 DEAD?
[duf]   probe qid 1 (sel26): kr 0xe00002c2 out 0x0 DEAD?
[duf]   probe qid 2 (sel26): kr 0xe00002c2 out 0x0 DEAD?
[duf]   probe nqid 1 (sel24 bind): kr 0xe00002c9 DEAD?
[duf]   probe nqid 2 (sel24 bind): kr 0xe00002c9 DEAD?
[duf] after b-typeconf: markers bad resM 0/1024 resW 0/1024 shM 0/256 shW 0/256
[duf]   probe rid 1 (sel11): kr 0xe00002c2 out 0x0 DEAD?
[duf]   probe rid 2 (sel11): kr 0xe00002c2 out 0x0 DEAD?
[duf]   probe qid 1 (sel26): kr 0xe00002c2 out 0x0 DEAD?
[duf]   probe qid 2 (sel26): kr 0xe00002c2 out 0x0 DEAD?
[duf]   probe nqid 1 (sel24 bind): kr 0xe00002c9 DEAD?
[duf]   probe nqid 2 (sel24 bind): kr 0xe00002c9 DEAD?
[duf] after c-double: markers bad resM 0/1024 resW 0/1024 shM 0/256 shW 0/256
[duf]   probe rid 1 (sel11): kr 0xe00002c2 out 0x0 DEAD?
[duf]   probe rid 2 (sel11): kr 0xe00002c2 out 0x0 DEAD?
[duf]   probe qid 1 (sel26): kr 0xe00002c2 out 0x0 DEAD?
[duf]   probe qid 2 (sel26): kr 0xe00002c2 out 0x0 DEAD?
[duf]   probe nqid 1 (sel24 bind): kr 0xe00002c9 DEAD?
[duf]   probe nqid 2 (sel24 bind): kr 0xe00002c9 DEAD?
[duf] after d-use: markers bad resM 0/1024 resW 0/1024 shM 0/256 shW 0/256
[duf]   probe rid 1 (sel11): kr 0xe00002c2 out 0x0 DEAD?
[duf]   probe rid 2 (sel11): kr 0xe00002c2 out 0x0 DEAD?
[duf]   probe qid 1 (sel26): kr 0xe00002c2 out 0x0 DEAD?
[duf]   probe qid 2 (sel26): kr 0xe00002c2 out 0x0 DEAD?
[duf]   probe nqid 1 (sel24 bind): kr 0xe00002c9 DEAD?
[duf]   probe nqid 2 (sel24 bind): kr 0xe00002c9 DEAD?
[duf]   recreated qid 3
[duf]   e-recreate: new id 0x3 — fresh id
[duf] after e-recreate: markers bad resM 0/1024 resW 0/1024 shM 0/256 shW 0/256
[duf]   probe rid 1 (sel11): kr 0xe00002c2 out 0x0 DEAD?
[duf]   probe rid 2 (sel11): kr 0xe00002c2 out 0x0 DEAD?
[duf]   probe qid 1 (sel26): kr 0xe00002c2 out 0x0 DEAD?
[duf]   probe qid 2 (sel26): kr 0xe00002c2 out 0x0 DEAD?
[duf]   probe nqid 1 (sel24 bind): kr 0xe00002c9 DEAD?
[duf]   probe nqid 2 (sel24 bind): kr 0xe00002c9 DEAD?
[duf] class command_queue finished; closing connect
[open] IOGPU -> conn 0x5223
[mtlr] resource2 sel8 flags 470 sz 0x10000 -> kr 0x00000000 rid 1 GPUVA 0x10000000000 cpu 105504000
[mtlr]   out: 0000010000000000 0000000105504000 00000001055140c0 0000000000000000
[mtlr]   out: 0000000100000000 0000000000010000 00000000090f2e39 000000000000307d
[mtlr] sel12 size 0x4000 type 1 -> kr 0x00000000 va 1054fc000 id 1
[mtlr] resource2 sel8 flags 470 sz 0x10000 -> kr 0x00000000 rid 2 GPUVA 0x10000018000 cpu 105528000
[mtlr]   out: 0000010000018000 0000000105528000 0000000105514180 0000000000000000
[mtlr]   out: 0000000200000000 0000000000010000 00000000090f2e3d 0000000000003080
[mtlr] sel12 size 0x4000 type 1 -> kr 0x00000000 va 105524000 id 2
[duf] setup: qM 1 nqM 1 ridM 1 shM 1 | qW 2 nqW 2 ridW 2 shW 2 bind 0x00000000
[duf] === class shmem: destroy sel13 (main 0x1 witness 0x2) ===
[duf] after a-bogus: markers bad resM 0/1024 resW 0/1024 shM 0/256 shW 0/256
[duf]   probe rid 1 (sel11): kr 0xe00002c2 out 0x0 DEAD?
[duf]   probe rid 2 (sel11): kr 0xe00002c2 out 0x0 DEAD?
[duf]   probe qid 1 (sel26): kr 0xe00002c2 out 0x0 DEAD?
[duf]   probe qid 2 (sel26): kr 0xe00002c2 out 0x0 DEAD?
[duf]   probe nqid 1 (sel24 bind): kr 0xe00002c9 DEAD?
[duf]   probe nqid 2 (sel24 bind): kr 0xe00002c9 DEAD?
[duf] after a-bogus: markers bad resM 0/1024 resW 0/1024 shM 0/256 shW 0/256
[duf]   probe rid 1 (sel11): kr 0xe00002c2 out 0x0 DEAD?
[duf]   probe rid 2 (sel11): kr 0xe00002c2 out 0x0 DEAD?
[duf]   probe qid 1 (sel26): kr 0xe00002c2 out 0x0 DEAD?
[duf]   probe qid 2 (sel26): kr 0xe00002c2 out 0x0 DEAD?
[duf]   probe nqid 1 (sel24 bind): kr 0xe00002c9 DEAD?
[duf]   probe nqid 2 (sel24 bind): kr 0xe00002c9 DEAD?
[duf] after a-bogus: markers bad resM 0/1024 resW 0/1024 shM 0/256 shW 0/256
[duf]   probe rid 1 (sel11): kr 0xe00002c2 out 0x0 DEAD?
[duf]   probe rid 2 (sel11): kr 0xe00002c2 out 0x0 DEAD?
[duf]   probe qid 1 (sel26): kr 0xe00002c2 out 0x0 DEAD?
[duf]   probe qid 2 (sel26): kr 0xe00002c2 out 0x0 DEAD?
[duf]   probe nqid 1 (sel24 bind): kr 0xe00002c9 DEAD?
[duf]   probe nqid 2 (sel24 bind): kr 0xe00002c9 DEAD?
[duf] after a-bogus: markers bad resM 0/1024 resW 0/1024 shM 0/256 shW 0/256
[duf]   probe rid 1 (sel11): kr 0xe00002c2 out 0x0 DEAD?
[duf]   probe rid 2 (sel11): kr 0xe00002c2 out 0x0 DEAD?
[duf]   probe qid 1 (sel26): kr 0xe00002c2 out 0x0 DEAD?
[duf]   probe qid 2 (sel26): kr 0xe00002c2 out 0x0 DEAD?
[duf]   probe nqid 1 (sel24 bind): kr 0xe00002c9 DEAD?
[duf]   probe nqid 2 (sel24 bind): kr 0xe00002c9 DEAD?
[duf] after b-typeconf: markers bad resM 0/1024 resW 0/1024 shM 0/256 shW 0/256
[duf]   probe rid 1 (sel11): kr 0xe00002c2 out 0x0 DEAD?
[duf]   probe rid 2 (sel11): kr 0xe00002c2 out 0x0 DEAD?
[duf]   probe qid 1 (sel26): kr 0xe00002c2 out 0x0 DEAD?
[duf]   probe qid 2 (sel26): kr 0xe00002c2 out 0x0 DEAD?
[duf]   probe nqid 1 (sel24 bind): kr 0xe00002c9 DEAD?
[duf]   probe nqid 2 (sel24 bind): kr 0xe00002c9 DEAD?
[duf] after b-typeconf: markers bad resM 0/1024 resW 0/1024 shM 0/256 shW 0/256
[duf]   probe rid 1 (sel11): kr 0xe00002c2 out 0x0 DEAD?
[duf]   probe rid 2 (sel11): kr 0xe00002c2 out 0x0 DEAD?
[duf]   probe qid 1 (sel26): kr 0xe00002c2 out 0x0 DEAD?
[duf]   probe qid 2 (sel26): kr 0xe00002c2 out 0x0 DEAD?
[duf]   probe nqid 1 (sel24 bind): kr 0xe00002c9 DEAD?
[duf]   probe nqid 2 (sel24 bind): kr 0xe00002c9 DEAD?
[duf] after b-typeconf: markers bad resM 0/1024 resW 0/1024 shM 0/256 shW 0/256
[duf]   probe rid 1 (sel11): kr 0xe00002c2 out 0x0 DEAD?
[duf]   probe rid 2 (sel11): kr 0xe00002c2 out 0x0 DEAD?
[duf]   probe qid 1 (sel26): kr 0xe00002c2 out 0x0 DEAD?
[duf]   probe qid 2 (sel26): kr 0xe00002c2 out 0x0 DEAD?
[duf]   probe nqid 1 (sel24 bind): kr 0xe00002c9 DEAD?
[duf]   probe nqid 2 (sel24 bind): kr 0xe00002c9 DEAD?
[duf] after c-double: markers bad resM 0/1024 resW 0/1024 shM 0/256 shW 0/256
[duf]   probe rid 1 (sel11): kr 0xe00002c2 out 0x0 DEAD?
[duf]   probe rid 2 (sel11): kr 0xe00002c2 out 0x0 DEAD?
[duf]   probe qid 1 (sel26): kr 0xe00002c2 out 0x0 DEAD?
[duf]   probe qid 2 (sel26): kr 0xe00002c2 out 0x0 DEAD?
[duf]   probe nqid 1 (sel24 bind): kr 0xe00002c9 DEAD?
[duf]   probe nqid 2 (sel24 bind): kr 0xe00002c9 DEAD?
[duf] after d-use: markers bad resM 0/1024 resW 0/1024 shM 0/256 shW 0/256
[duf]   probe rid 1 (sel11): kr 0xe00002c2 out 0x0 DEAD?
[duf]   probe rid 2 (sel11): kr 0xe00002c2 out 0x0 DEAD?
[duf]   probe qid 1 (sel26): kr 0xe00002c2 out 0x0 DEAD?
[duf]   probe qid 2 (sel26): kr 0xe00002c2 out 0x0 DEAD?
[duf]   probe nqid 1 (sel24 bind): kr 0xe00002c9 DEAD?
[duf]   probe nqid 2 (sel24 bind): kr 0xe00002c9 DEAD?
[mtlr] sel12 size 0x4000 type 1 -> kr 0x00000000 va 105538000 id 3
[duf]   recreated shmem 3
[duf]   e-recreate: new id 0x3 — fresh id
[duf] after e-recreate: markers bad resM 0/1024 resW 0/1024 shM 0/256 shW 0/256
[duf]   probe rid 1 (sel11): kr 0xe00002c2 out 0x0 DEAD?
[duf]   probe rid 2 (sel11): kr 0xe00002c2 out 0x0 DEAD?
[duf]   probe qid 1 (sel26): kr 0xe00002c2 out 0x0 DEAD?
[duf]   probe qid 2 (sel26): kr 0xe00002c2 out 0x0 DEAD?
[duf]   probe nqid 1 (sel24 bind): kr 0xe00002c9 DEAD?
[duf]   probe nqid 2 (sel24 bind): kr 0xe00002c9 DEAD?
[duf] class shmem finished; closing connect
[open] IOGPU -> conn 0x6e03
[mtlr] resource2 sel8 flags 470 sz 0x10000 -> kr 0x00000000 rid 1 GPUVA 0x10000000000 cpu 105558000
[mtlr]   out: 0000010000000000 0000000105558000 00000001055400c0 0000000000000000
[mtlr]   out: 0000000100000000 0000000000010000 00000000090f2e7e 0000000000003083
[mtlr] sel12 size 0x4000 type 1 -> kr 0x00000000 va 105554000 id 1
[mtlr] resource2 sel8 flags 470 sz 0x10000 -> kr 0x00000000 rid 2 GPUVA 0x10000018000 cpu 105528000
[mtlr]   out: 0000010000018000 0000000105528000 0000000105540180 0000000000000000
[mtlr]   out: 0000000200000000 0000000000010000 00000000090f2e82 0000000000003086
[mtlr] sel12 size 0x4000 type 1 -> kr 0x00000000 va 105504000 id 2
[duf] setup: qM 1 nqM 1 ridM 1 shM 1 | qW 2 nqW 2 ridW 2 shW 2 bind 0x00000000
[duf] === class notification_queue: destroy sel15 (main 0x1 witness 0x2) ===
[duf] after a-bogus: markers bad resM 0/1024 resW 0/1024 shM 0/256 shW 0/256
[duf]   probe rid 1 (sel11): kr 0xe00002c2 out 0x0 DEAD?
[duf]   probe rid 2 (sel11): kr 0xe00002c2 out 0x0 DEAD?
[duf]   probe qid 1 (sel26): kr 0xe00002c2 out 0x0 DEAD?
[duf]   probe qid 2 (sel26): kr 0xe00002c2 out 0x0 DEAD?
[duf]   probe nqid 1 (sel24 bind): kr 0xe00002c9 DEAD?
[duf]   probe nqid 2 (sel24 bind): kr 0xe00002c9 DEAD?
[duf] after a-bogus: markers bad resM 0/1024 resW 0/1024 shM 0/256 shW 0/256
[duf]   probe rid 1 (sel11): kr 0xe00002c2 out 0x0 DEAD?
[duf]   probe rid 2 (sel11): kr 0xe00002c2 out 0x0 DEAD?
[duf]   probe qid 1 (sel26): kr 0xe00002c2 out 0x0 DEAD?
[duf]   probe qid 2 (sel26): kr 0xe00002c2 out 0x0 DEAD?
[duf]   probe nqid 1 (sel24 bind): kr 0xe00002c9 DEAD?
[duf]   probe nqid 2 (sel24 bind): kr 0xe00002c9 DEAD?
[duf] after a-bogus: markers bad resM 0/1024 resW 0/1024 shM 0/256 shW 0/256
[duf]   probe rid 1 (sel11): kr 0xe00002c2 out 0x0 DEAD?
[duf]   probe rid 2 (sel11): kr 0xe00002c2 out 0x0 DEAD?
[duf]   probe qid 1 (sel26): kr 0xe00002c2 out 0x0 DEAD?
[duf]   probe qid 2 (sel26): kr 0xe00002c2 out 0x0 DEAD?
[duf]   probe nqid 1 (sel24 bind): kr 0xe00002c9 DEAD?
[duf]   probe nqid 2 (sel24 bind): kr 0xe00002c9 DEAD?
[duf] after a-bogus: markers bad resM 0/1024 resW 0/1024 shM 0/256 shW 0/256
[duf]   probe rid 1 (sel11): kr 0xe00002c2 out 0x0 DEAD?
[duf]   probe rid 2 (sel11): kr 0xe00002c2 out 0x0 DEAD?
[duf]   probe qid 1 (sel26): kr 0xe00002c2 out 0x0 DEAD?
[duf]   probe qid 2 (sel26): kr 0xe00002c2 out 0x0 DEAD?
[duf]   probe nqid 1 (sel24 bind): kr 0xe00002c9 DEAD?
[duf]   probe nqid 2 (sel24 bind): kr 0xe00002c9 DEAD?
[duf] after b-typeconf: markers bad resM 0/1024 resW 0/1024 shM 0/256 shW 0/256
[duf]   probe rid 1 (sel11): kr 0xe00002c2 out 0x0 DEAD?
[duf]   probe rid 2 (sel11): kr 0xe00002c2 out 0x0 DEAD?
[duf]   probe qid 1 (sel26): kr 0xe00002c2 out 0x0 DEAD?
[duf]   probe qid 2 (sel26): kr 0xe00002c2 out 0x0 DEAD?
[duf]   probe nqid 1 (sel24 bind): kr 0xe00002c9 DEAD?
[duf]   probe nqid 2 (sel24 bind): kr 0xe00002c9 DEAD?
[duf] after b-typeconf: markers bad resM 0/1024 resW 0/1024 shM 0/256 shW 0/256
[duf]   probe rid 1 (sel11): kr 0xe00002c2 out 0x0 DEAD?
[duf]   probe rid 2 (sel11): kr 0xe00002c2 out 0x0 DEAD?
[duf]   probe qid 1 (sel26): kr 0xe00002c2 out 0x0 DEAD?
[duf]   probe qid 2 (sel26): kr 0xe00002c2 out 0x0 DEAD?
[duf]   probe nqid 1 (sel24 bind): kr 0xe00002c9 DEAD?
[duf]   probe nqid 2 (sel24 bind): kr 0xe00002c9 DEAD?
[duf] after b-typeconf: markers bad resM 0/1024 resW 0/1024 shM 0/256 shW 0/256
[duf]   probe rid 1 (sel11): kr 0xe00002c2 out 0x0 DEAD?
[duf]   probe rid 2 (sel11): kr 0xe00002c2 out 0x0 DEAD?
[duf]   probe qid 1 (sel26): kr 0xe00002c2 out 0x0 DEAD?
[duf]   probe qid 2 (sel26): kr 0xe00002c2 out 0x0 DEAD?
[duf]   probe nqid 1 (sel24 bind): kr 0xe00002c9 DEAD?
[duf]   probe nqid 2 (sel24 bind): kr 0xe00002c9 DEAD?
[duf] after c-double: markers bad resM 0/1024 resW 0/1024 shM 0/256 shW 0/256
[duf]   probe rid 1 (sel11): kr 0xe00002c2 out 0x0 DEAD?
[duf]   probe rid 2 (sel11): kr 0xe00002c2 out 0x0 DEAD?
[duf]   probe qid 1 (sel26): kr 0xe00002c2 out 0x0 DEAD?
[duf]   probe qid 2 (sel26): kr 0xe00002c2 out 0x0 DEAD?
[duf]   probe nqid 1 (sel24 bind): kr 0xe00002c9 DEAD?
[duf]   probe nqid 2 (sel24 bind): kr 0xe00002c9 DEAD?
[duf] after d-use: markers bad resM 0/1024 resW 0/1024 shM 0/256 shW 0/256
[duf]   probe rid 1 (sel11): kr 0xe00002c2 out 0x0 DEAD?
[duf]   probe rid 2 (sel11): kr 0xe00002c2 out 0x0 DEAD?
[duf]   probe qid 1 (sel26): kr 0xe00002c2 out 0x0 DEAD?
[duf]   probe qid 2 (sel26): kr 0xe00002c2 out 0x0 DEAD?
[duf]   probe nqid 1 (sel24 bind): kr 0xe00002c9 DEAD?
[duf]   probe nqid 2 (sel24 bind): kr 0xe00002c9 DEAD?
[duf]   recreated nqid 3
[duf]   e-recreate: new id 0x3 — fresh id
[duf] after e-recreate: markers bad resM 0/1024 resW 0/1024 shM 0/256 shW 0/256
[duf]   probe rid 1 (sel11): kr 0xe00002c2 out 0x0 DEAD?
[duf]   probe rid 2 (sel11): kr 0xe00002c2 out 0x0 DEAD?
[duf]   probe qid 1 (sel26): kr 0xe00002c2 out 0x0 DEAD?
[duf]   probe qid 2 (sel26): kr 0xe00002c2 out 0x0 DEAD?
[duf]   probe nqid 1 (sel24 bind): kr 0xe00002c9 DEAD?
[duf]   probe nqid 2 (sel24 bind): kr 0xe00002c9 DEAD?
[duf] case #52 e-cleanup-new: sel15 {0x3}
[duf]   -> kr 0x00000000 (we survived)
[duf] class notification_queue finished; closing connect
[duf] done: 53 cases (skip 52) (alive)
[probe13] destroyuaf-only mode, stop
