[main] fuzz harness up, mode=scaler
[main] sandbox note: VCPDRM open is MACF-denied (iokit-open-user-client VCPDRMUserClient); mach-lookup com.apple.sprr / com.apple.jitbox exist but are sandbox-gated (seen in kernel log)
[open] AppleM2ScalerCSCDriver -> conn 0x7007
[scaler] conn 0x7007, s1 298 s2 311
[probe12] SetNotificationPort -> 0x00000000
[mtlr2] v84 matrix: {nq entrySize} x {trap entrySize}, capture-faithful
[open] IOGPU -> conn 0x660f
[mtlr2] sel14 {0x100, 0x10} -> kr 0x00000000 nqVA 102e34000 nqid 1 osz 0x10
[mtlr2] queue: kr 0x00000000 qid 1 bind 0x00000000 notifport 0x00000000 proc 'fuzz27'
[mtlr] resource2 sel8 flags 470 sz 0x10000 -> kr 0x00000000 rid 1 GPUVA 0x10000000000 cpu 102e40000
[mtlr]   out: 0000010000000000 0000000102e40000 0000000102e200c0 0000000000000000
[mtlr]   out: 0000000100000000 0000000000010000 000000001819a41b 0000000000015f3e
[mtlr] resource2 sel8 flags 470 sz 0x10000 -> kr 0x00000000 rid 2 GPUVA 0x10000018000 cpu 1030f8000
[mtlr]   out: 0000010000018000 00000001030f8000 0000000102e20180 0000000000000000
[mtlr]   out: 0000000200000000 0000000000010000 000000001819a41c 0000000000015f3f
[mtlr] resource2 sel8 flags 470 sz 0x20000 -> kr 0x00000000 rid 3 GPUVA 0x10000030000 cpu 103108000
[mtlr]   out: 0000010000030000 0000000103108000 0000000102e20240 0000000000000000
[mtlr]   out: 0000000300000000 0000000000020000 000000001819a41d 0000000000015f40
[mtlr2] GPUVA A 10000000000 B 10000018000 C 10000030000 (capture match 1/1/1)
[mtlr] sel12 size 0x4000 type 0 -> kr 0x00000000 va 102e3c000 id 1
[mtlr] sel12 size 0x4000 type 1 -> kr 0x00000000 va 102e50000 id 2
[mtlr2] seg hdr: 0000000000000000 0000000000000000 0000000000000000 0000000000000000
[mtlr2]          0000000000000000 0000000000000000 0000000000000000 0000000000000000
[mtlr2] cmd hdr: 0000000000000000 0000000000000000 0000000000000000 0000000000000000
[mtlr2]          0000000000000000 0000000000000000 0000000000000000 0000000000000000
[mtlr2] nq base: 0000000000001414 0000000000000000 0000000000000000 0000000000000000
[mtlr2] nq10/trap30 -> kr 0x00000000 outU32 00000000 | rec off 0 status 0x2ac1b643 | B(sampled) nz 0 5A 0 
[mtlr2]   rec@0: 0000000000001414 000000280000002c 000000010312c000 000011312ac1b643
[mtlr2]   nq base post: 0000000000001414 0000002800000058 000000010312c000 000011312ac1b643
[mtlr2]   comp: 0000000000000000 0000000000000000 | comp+30: 0000000000000000 0000000000000000 | outw[1] 00000000
[mtlr2] nq10/trap40 -> kr 0x00000000 outU32 00000000 | rec off 0 status 0x2ac1b643 | B(sampled) nz 0 5A 0 
[mtlr2]   rec@0: 0000000000001414 0000002800000084 000000010312c000 000011312ac1b643
[mtlr2]   nq base post: 0000000000001414 00000028000000b0 000000010312c000 000011312ac1b643
[mtlr2]   comp: 0000000000000000 0000000000000000 | comp+30: 0000000000000000 0000000000000000 | outw[1] 00000000
[open] IOGPU -> conn 0x8007
[mtlr2] sel14 {0x100, 0x28} -> kr 0x00000000 nqVA 1077a4000 nqid 1 osz 0x10
[mtlr2] queue: kr 0x00000000 qid 1 bind 0x00000000 notifport 0x00000000 proc 'fuzz27'
[mtlr] resource2 sel8 flags 470 sz 0x10000 -> kr 0x00000000 rid 1 GPUVA 0x10000000000 cpu 1077b0000
[mtlr]   out: 0000010000000000 00000001077b0000 00000001077900c0 0000000000000000
[mtlr]   out: 0000000100000000 0000000000010000 000000001819a46f 0000000000015f6e
[mtlr] resource2 sel8 flags 470 sz 0x10000 -> kr 0x00000000 rid 2 GPUVA 0x10000018000 cpu 1077c0000
[mtlr]   out: 0000010000018000 00000001077c0000 0000000107790180 0000000000000000
[mtlr]   out: 0000000200000000 0000000000010000 000000001819a470 0000000000015f6f
[mtlr] resource2 sel8 flags 470 sz 0x20000 -> kr 0x00000000 rid 3 GPUVA 0x10000030000 cpu 1077d0000
[mtlr]   out: 0000010000030000 00000001077d0000 0000000107790240 0000000000000000
[mtlr]   out: 0000000300000000 0000000000020000 000000001819a471 0000000000015f70
[mtlr2] GPUVA A 10000000000 B 10000018000 C 10000030000 (capture match 1/1/1)
[mtlr] sel12 size 0x4000 type 0 -> kr 0x00000000 va 1077ac000 id 1
[mtlr] sel12 size 0x4000 type 1 -> kr 0x00000000 va 1077f0000 id 2
[mtlr2] seg hdr: 0000000000000000 0000000000000000 0000000000000000 0000000000000000
[mtlr2]          0000000000000000 0000000000000000 0000000000000000 0000000000000000
[mtlr2] cmd hdr: 0000000000000000 0000000000000000 0000000000000000 0000000000000000
[mtlr2]          0000000000000000 0000000000000000 0000000000000000 0000000000000000
[mtlr2] nq base: 0000000000002c2c 0000000000000000 0000000000000000 0000000000000000
[mtlr2] nq28/trap30 -> kr 0x00000000 outU32 00000000 | rec off 0 status 0x2bb098b8 | B(sampled) nz 0 5A 0 
[mtlr2]   rec@0: 0000000000002c2c 000000280000002c 00000001077f8000 000011312bb098b8
[mtlr2]   nq base post: 0000000000002c2c 0000002800000058 00000001077f8000 000011312bb098b8
[mtlr2]   comp: 0000000000000000 0000000000000000 | comp+30: 0000000000000000 0000000000000000 | outw[1] 00000000
[mtlr2] nq28/trap40 -> kr 0x00000000 outU32 00000000 | rec off 0 status 0x2bb098b8 | B(sampled) nz 0 5A 0 
[mtlr2]   rec@0: 0000000000002c2c 0000002800000084 00000001077f8000 000011312bb098b8
[mtlr2]   nq base post: 0000000000002c2c 00000028000000b0 00000001077f8000 000011312bb098b8
[mtlr2]   comp: 0000000000000000 0000000000000000 | comp+30: 0000000000000000 0000000000000000 | outw[1] 00000000
[mtlr2] done (alive)
[probe13] mtlr-only mode, stop
