00:27:38  Acquired tunnel connection to device.
00:27:38  Enabling developer disk image services.
00:27:38  Acquired usage assertion.
Launched application with cancer9725.turquoise1323 bundle identifier.
Waiting for the application to terminate…
[main] fuzz harness up, mode=all
[main] sandbox note: VCPDRM open is MACF-denied (iokit-open-user-client VCPDRMUserClient); mach-lookup com.apple.sprr / com.apple.jitbox exist but are sandbox-gated (seen in kernel log)
[open] IOServiceOpen VCPDRMService failed: 0xe00002e2
[open] service VCPDRMServiceUserClient not found
[vcpdrm] no connection, target dead
[mig] bootstrap-name phase done; add learned names to cand_names[]
[open] AppleM2ScalerCSCDriver -> conn 0x6803
[scaler] conn 0x6803, s1 22 s2 24
[probe12] SetNotificationPort -> 0x00000000
[v68] full AGFI submit
[open] IOGPU -> conn 0x670b
[s4] sel12 size 0x4000 -> kr 0x00000000 va 102b00000 id 1
[s4] sel12 size 0x4000 -> kr 0x00000000 va 102b08000 id 2
[fu] full submit -> kr 0x00000000 outw 00000000 (pre-5A 1)
[fu] 5A region 1029ec000 size c000 count 158
[fu] 5A regions pre 1 post 1
[v68] done (alive)
[v67] faithful AGFI replay
[open] IOGPU -> conn 0x5e1f
[s4] sel12 size 0x4000 -> kr 0x00000000 va 102b4c000 id 1
[s4] sel12 size 0x4000 -> kr 0x00000000 va 102b54000 id 2
[fr] observer nq va 0x102b6c000
[fr] faithful submit -> kr 0x00000000 outw 00000000
[fr] nq dump after submit:
[fr]   +00: 14 14 00 00 00 00 00 00 00 00 00 00 00 00 00 00
[fr]   +10: 00 00 00 00 00 00 00 00 00 00 00 00 00 00 00 00
[fr]   +20: 00 00 00 00 00 00 00 00 00 00 00 00 00 00 00 00
[fr]   +30: 00 00 00 00 00 00 00 00 00 00 00 00 00 00 00 00
[v67] done (alive)
[v66] AGFI reconstruction submit
[open] IOGPU -> conn 0xa857
[s4] sel12 size 0x4000 -> kr 0x00000000 va 102b94000 id 1
[s4] sel12 size 0x4000 -> kr 0x00000000 va 102b9c000 id 2
[rc] recon submit -> kr 0x00000000 outw 0000000a
[v66] done (alive)
[v65] AGX command replay
[open] IOGPU -> conn 0xa70f
[s4] sel12 size 0x4000 -> kr 0x00000000 va 102bcc000 id 1
[s4] sel12 size 0x4000 -> kr 0x00000000 va 102bd4000 id 2
[rp] replay submit -> kr 0x00000000 outw 0000000a
[v65] done (alive)
[v64] AGX tail crafting
[open] IOGPU -> conn 0x6db3
[s4] sel12 size 0x8000 -> kr 0x00000000 va 102c04000 id 1
[s4] sel12 size 0x4000 -> kr 0x00000000 va 102c10000 id 2
[tl] r0 subtype 1 -> kr 0x00000000 outw 0000000a
[tl] r1 subtype 2 -> kr 0x00000000 outw 0000000a
[tl] r2 subtype 1 -> kr 0x00000000 outw 0000000a
[tl] r3 subtype 2 -> kr 0x00000000 outw 0000000a
[tl] r200000 alive
[tl] r400000 alive
[tl] r600000 alive
[tl] r800000 alive
[tl] r1000000 alive
[tl] r1200000 alive
[tl] r1400000 alive
[tl] r1600000 alive
[tl] r1800000 alive
[tl] r2000000 alive
[tl] r2200000 alive
[tl] r2400000 alive
[tl] r2600000 alive
[tl] r2800000 alive
[tl] r3000000 alive
[tl] r3200000 alive
[tl] r3400000 alive
[tl] r3600000 alive
[tl] r3800000 alive
[tl] r4000000 alive
[tl] r4200000 alive
[tl] r4400000 alive
[tl] r4600000 alive
[tl] r4800000 alive
[tl] r5000000 alive
[tl] r5200000 alive
[tl] r5400000 alive
[tl] r5600000 alive
[tl] r5800000 alive
[tl] r6000000 alive
[tl] r6200000 alive
[tl] r6400000 alive
[tl] r6600000 alive
[tl] r6800000 alive
[tl] r7000000 alive
[tl] r7200000 alive
[tl] r7400000 alive
[tl] r7600000 alive
[tl] r7800000 alive
[tl] r8000000 alive
[tl] r8200000 alive
[tl] r8400000 alive
[tl] r8600000 alive
[tl] r8800000 alive
[tl] r9000000 alive
[tl] r9200000 alive
[tl] r9400000 alive
[tl] r9600000 alive
[tl] r9800000 alive
[tl] r10000000 alive
[tl] r10200000 alive
[tl] r10400000 alive
[tl] r10600000 alive
[tl] r10800000 alive
[tl] r11000000 alive
[tl] r11200000 alive
[tl] r11400000 alive
[tl] r11600000 alive
[tl] r11800000 alive
[tl] r12000000 alive
[tl] r12200000 alive
[tl] r12400000 alive
[tl] r12600000 alive
[tl] r12800000 alive
[tl] r13000000 alive
[tl] r13200000 alive
[tl] r13400000 alive
[tl] r13600000 alive
[tl] r13800000 alive
[tl] r14000000 alive
[tl] r14200000 alive
[tl] r14400000 alive
[tl] r14600000 alive
[tl] r14800000 alive
[tl] r15000000 alive
[tl] r15200000 alive
[tl] r15400000 alive
[tl] r15600000 alive
[tl] r15800000 alive
[tl] r16000000 alive
[tl] r16200000 alive
[tl] r16400000 alive
[tl] r16600000 alive
[tl] r16800000 alive
[tl] r17000000 alive
[tl] r17200000 alive
[tl] r17400000 alive
[tl] r17600000 alive
[tl] r17800000 alive
[tl] r18000000 alive
[tl] r18200000 alive
[tl] r18400000 alive
[tl] r18600000 alive
[tl] r18800000 alive
[tl] r19000000 alive
[tl] r19200000 alive
[tl] r19400000 alive
[tl] r19600000 alive
[tl] r19800000 alive
[tl] r20000000 alive
[tl] r20200000 alive
[tl] r20400000 alive
[tl] r20600000 alive
[tl] r20800000 alive
[tl] r21000000 alive
[tl] r21200000 alive
[tl] r21400000 alive
[tl] r21600000 alive
[tl] r21800000 alive
[tl] r22000000 alive
[tl] r22200000 alive
[tl] r22400000 alive
[tl] r22600000 alive
[tl] r22800000 alive
[tl] r23000000 alive
[tl] r23200000 alive
[tl] r23400000 alive
[tl] r23600000 alive
[tl] r23800000 alive
[tl] r24000000 alive
[tl] r24200000 alive
[tl] r24400000 alive
[tl] r24600000 alive
[tl] r24800000 alive
[tl] r25000000 alive
[tl] r25200000 alive
[tl] r25400000 alive
[tl] r25600000 alive
[tl] r25800000 alive
[tl] r26000000 alive
[tl] r26200000 alive
[tl] r26400000 alive
[tl] r26600000 alive
[tl] r26800000 alive
[tl] r27000000 alive
[tl] r27200000 alive
[tl] r27400000 alive
[tl] r27600000 alive
[tl] r27800000 alive
[tl] r28000000 alive
[tl] r28200000 alive
[tl] r28400000 alive
[tl] r28600000 alive
[tl] r28800000 alive
[tl] r29000000 alive
[tl] r29200000 alive
[tl] r29400000 alive
[tl] r29600000 alive
[tl] r29800000 alive
[tl] r30000000 alive
[tl] r30200000 alive
[tl] r30400000 alive
[tl] r30600000 alive
[tl] r30800000 alive
[tl] r31000000 alive
[tl] r31200000 alive
[tl] r31400000 alive
[tl] r31600000 alive
[tl] r31800000 alive
[tl] r32000000 alive
[tl] r32200000 alive
[tl] r32400000 alive
[tl] r32600000 alive
[tl] r32800000 alive
[tl] r33000000 alive
[tl] r33200000 alive
[tl] r33400000 alive
[tl] r33600000 alive
[tl] r33800000 alive
[tl] r34000000 alive
[tl] r34200000 alive
[tl] r34400000 alive
[tl] r34600000 alive
[tl] r34800000 alive
[tl] r35000000 alive
[tl] r35200000 alive
[tl] r35400000 alive
[tl] r35600000 alive
[tl] r35800000 alive
[tl] r36000000 alive
[tl] r36200000 alive
[tl] r36400000 alive
[tl] r36600000 alive
[tl] r36800000 alive
[tl] r37000000 alive
[tl] r37200000 alive
[tl] r37400000 alive
[tl] r37600000 alive
[tl] r37800000 alive
[tl] r38000000 alive
[tl] r38200000 alive
[tl] r38400000 alive
[tl] r38600000 alive
[tl] r38800000 alive
[tl] r39000000 alive
[tl] r39200000 alive
[tl] r39400000 alive
[tl] r39600000 alive
[tl] r39800000 alive
[tl] r40000000 alive
[tl] r40200000 alive
[tl] r40400000 alive
[tl] r40600000 alive
[tl] r40800000 alive
[tl] r41000000 alive
[tl] r41200000 alive
[tl] r41400000 alive
[tl] r41600000 alive
[tl] r41800000 alive
[tl] r42000000 alive
[tl] r42200000 alive
[tl] r42400000 alive
[tl] r42600000 alive
[tl] r42800000 alive
[tl] r43000000 alive
[tl] r43200000 alive
[tl] r43400000 alive
[tl] r43600000 alive
[tl] r43800000 alive
[tl] r44000000 alive
[tl] r44200000 alive
[tl] r44400000 alive
[tl] r44600000 alive
[tl] r44800000 alive
[tl] r45000000 alive
[tl] r45200000 alive
[tl] r45400000 alive
[tl] r45600000 alive
[tl] r45800000 alive
[tl] r46000000 alive
[tl] r46200000 alive
[tl] r46400000 alive
[tl] r46600000 alive
[tl] r46800000 alive
[tl] r47000000 alive
[tl] r47200000 alive
[tl] r47400000 alive
[tl] r47600000 alive
[tl] r47800000 alive
[tl] r48000000 alive
[tl] r48200000 alive
[tl] r48400000 alive
[tl] r48600000 alive
[tl] r48800000 alive
[tl] r49000000 alive
[tl] r49200000 alive
[tl] r49400000 alive
[tl] r49600000 alive
[tl] r49800000 alive
[tl] r50000000 alive
[tl] r50200000 alive
[tl] r50400000 alive
[tl] r50600000 alive
[tl] r50800000 alive
[tl] r51000000 alive
[tl] r51200000 alive
[tl] r51400000 alive
[tl] r51600000 alive
[tl] r51800000 alive
[tl] r52000000 alive
[tl] r52200000 alive
[tl] r52400000 alive
[tl] r52600000 alive
[tl] r52800000 alive
[tl] r53000000 alive
[tl] r53200000 alive
[tl] r53400000 alive
[tl] r53600000 alive
[tl] r53800000 alive
[tl] r54000000 alive
[tl] r54200000 alive
[tl] r54400000 alive
[tl] r54600000 alive
[tl] r54800000 alive
[tl] r55000000 alive
[tl] r55200000 alive
[tl] r55400000 alive
[tl] r55600000 alive
[tl] r55800000 alive
[tl] r56000000 alive
[tl] r56200000 alive
[tl] r56400000 alive
[tl] r56600000 alive
[tl] r56800000 alive
[tl] r57000000 alive
[tl] r57200000 alive
[tl] r57400000 alive
[tl] r57600000 alive
[tl] r57800000 alive
[tl] r58000000 alive
[tl] r58200000 alive
[tl] r58400000 alive
[tl] r58600000 alive
[tl] r58800000 alive
[tl] r59000000 alive
[tl] r59200000 alive
[tl] r59400000 alive
[tl] r59600000 alive
[tl] r59800000 alive
[tl] r60000000 alive
[tl] r60200000 alive
[tl] r60400000 alive
[tl] r60600000 alive
[tl] r60800000 alive
[tl] r61000000 alive
[tl] r61200000 alive
[tl] r61400000 alive
[tl] r61600000 alive
[tl] r61800000 alive
[tl] r62000000 alive
[tl] r62200000 alive
[tl] r62400000 alive
[tl] r62600000 alive
[tl] r62800000 alive
[tl] r63000000 alive
[tl] r63200000 alive
[tl] r63400000 alive
[tl] r63600000 alive
[tl] r63800000 alive
[tl] r64000000 alive
[tl] r64200000 alive
[tl] r64400000 alive
[tl] r64600000 alive
[tl] r64800000 alive
[tl] r65000000 alive
[tl] r65200000 alive
[tl] r65400000 alive
[tl] r65600000 alive
[tl] r65800000 alive
[tl] r66000000 alive
[tl] r66200000 alive
[tl] r66400000 alive
[tl] r66600000 alive
[tl] r66800000 alive
[tl] r67000000 alive
[tl] r67200000 alive
[tl] r67400000 alive
[tl] r67600000 alive
[tl] r67800000 alive
[tl] r68000000 alive
[tl] r68200000 alive
[tl] r68400000 alive
[tl] r68600000 alive
[tl] r68800000 alive
[tl] r69000000 alive
[tl] r69200000 alive
[tl] r69400000 alive
[tl] r69600000 alive
[tl] r69800000 alive
[tl] r70000000 alive
[tl] r70200000 alive
[tl] r70400000 alive
[tl] r70600000 alive
[tl] r70800000 alive
[tl] r71000000 alive
[tl] r71200000 alive
[tl] r71400000 alive
[tl] r71600000 alive
[tl] r71800000 alive
[tl] r72000000 alive
[tl] r72200000 alive
[tl] r72400000 alive
[tl] r72600000 alive
[tl] r72800000 alive
[tl] r73000000 alive
[tl] r73200000 alive
[tl] r73400000 alive
[tl] r73600000 alive
[tl] r73800000 alive
[tl] r74000000 alive
[tl] r74200000 alive
[tl] r74400000 alive
[tl] r74600000 alive
[tl] r74800000 alive
[tl] r75000000 alive
[tl] r75200000 alive
[tl] r75400000 alive
[tl] r75600000 alive
[tl] r75800000 alive
[tl] r76000000 alive
[tl] r76200000 alive
[tl] r76400000 alive
[tl] r76600000 alive
[tl] r76800000 alive
[tl] r77000000 alive
[tl] r77200000 alive
[tl] r77400000 alive
[tl] r77600000 alive
[tl] r77800000 alive
[tl] r78000000 alive
[tl] r78200000 alive
[tl] r78400000 alive
[tl] r78600000 alive
[tl] r78800000 alive
[tl] r79000000 alive
[tl] r79200000 alive
[tl] r79400000 alive
[tl] r79600000 alive
[tl] r79800000 alive
[tl] r80000000 alive
[tl] r80200000 alive
[tl] r80400000 alive
[tl] r80600000 alive
[tl] r80800000 alive
[tl] r81000000 alive
[tl] r81200000 alive
[tl] r81400000 alive
[tl] r81600000 alive
[tl] r81800000 alive
[tl] r82000000 alive
[tl] r82200000 alive
[tl] r82400000 alive
[tl] r82600000 alive
[tl] r82800000 alive
[tl] r83000000 alive
[tl] r83200000 alive
[tl] r83400000 alive
[tl] r83600000 alive
[tl] r83800000 alive
[tl] r84000000 alive
[tl] r84200000 alive
[tl] r84400000 alive
[tl] r84600000 alive
[tl] r84800000 alive
[tl] r85000000 alive
[tl] r85200000 alive
[tl] r85400000 alive
[tl] r85600000 alive
[tl] r85800000 alive
[tl] r86000000 alive
[tl] r86200000 alive
[tl] r86400000 alive
[tl] r86600000 alive
[tl] r86800000 alive
[tl] r87000000 alive
[tl] r87200000 alive
[tl] r87400000 alive
[tl] r87600000 alive
[tl] r87800000 alive
[tl] r88000000 alive
[tl] r88200000 alive
[tl] r88400000 alive
[tl] r88600000 alive
[tl] r88800000 alive
[tl] r89000000 alive
[tl] r89200000 alive
[tl] r89400000 alive
[tl] r89600000 alive
[tl] r89800000 alive
[tl] r90000000 alive
[tl] r90200000 alive
[tl] r90400000 alive
[tl] r90600000 alive
[tl] r90800000 alive
[tl] r91000000 alive
[tl] r91200000 alive
[tl] r91400000 alive
[tl] r91600000 alive
[tl] r91800000 alive
[tl] r92000000 alive
[tl] r92200000 alive
[tl] r92400000 alive
[tl] r92600000 alive
[tl] r92800000 alive
[tl] r93000000 alive
[tl] r93200000 alive
[tl] r93400000 alive
[tl] r93600000 alive
[tl] r93800000 alive
[tl] r94000000 alive
[tl] r94200000 alive
[tl] r94400000 alive
[tl] r94600000 alive
[tl] r94800000 alive
[tl] r95000000 alive
[tl] r95200000 alive
[tl] r95400000 alive
[tl] r95600000 alive
[tl] r95800000 alive
[tl] r96000000 alive
[tl] r96200000 alive
[tl] r96400000 alive
[tl] r96600000 alive
[tl] r96800000 alive
[tl] r97000000 alive
[tl] r97200000 alive
[tl] r97400000 alive
[tl] r97600000 alive
[tl] r97800000 alive
[tl] r98000000 alive
[tl] r98200000 alive
[tl] r98400000 alive
[tl] r98600000 alive
[tl] r98800000 alive
[tl] r99000000 alive
[tl] r99200000 alive
[tl] r99400000 alive
[tl] r99600000 alive
[tl] r99800000 alive
[tl] r100000000 alive
[tl] r100200000 alive
[tl] r100400000 alive
[tl] r100600000 alive
[tl] r100800000 alive
[tl] r101000000 alive
[tl] r101200000 alive
[tl] r101400000 alive
[tl] r101600000 alive
[tl] r101800000 alive
[tl] r102000000 alive
[tl] r102200000 alive
[tl] r102400000 alive
[tl] r102600000 alive
[tl] r102800000 alive
[tl] r103000000 alive
[tl] r103200000 alive
[tl] r103400000 alive
[tl] r103600000 alive
[tl] r103800000 alive
[tl] r104000000 alive
[tl] r104200000 alive
[tl] r104400000 alive
[tl] r104600000 alive
[tl] r104800000 alive
[tl] r105000000 alive
[tl] r105200000 alive
[tl] r105400000 alive
[tl] r105600000 alive
[tl] r105800000 alive
[tl] r106000000 alive
[tl] r106200000 alive
[tl] r106400000 alive
[tl] r106600000 alive
[tl] r106800000 alive
[tl] r107000000 alive
[tl] r107200000 alive
[tl] r107400000 alive
[tl] r107600000 alive
[tl] r107800000 alive
[tl] r108000000 alive
[tl] r108200000 alive
[tl] r108400000 alive
[tl] r108600000 alive
[tl] r108800000 alive
[tl] r109000000 alive
[tl] r109200000 alive
[tl] r109400000 alive
[tl] r109600000 alive
[tl] r109800000 alive
[tl] r110000000 alive
[tl] r110200000 alive
[tl] r110400000 alive
[tl] r110600000 alive
[tl] r110800000 alive
[tl] r111000000 alive
[tl] r111200000 alive
[tl] r111400000 alive
[tl] r111600000 alive
[tl] r111800000 alive
[tl] r112000000 alive
[tl] r112200000 alive
[tl] r112400000 alive
[tl] r112600000 alive
[tl] r112800000 alive
[tl] r113000000 alive
[tl] r113200000 alive
[tl] r113400000 alive
[tl] r113600000 alive
[tl] r113800000 alive
[tl] r114000000 alive
[tl] r114200000 alive
[tl] r114400000 alive
[tl] r114600000 alive
[tl] r114800000 alive
[tl] r115000000 alive
[tl] r115200000 alive
[tl] r115400000 alive
[tl] r115600000 alive
[tl] r115800000 alive
[tl] r116000000 alive
[tl] r116200000 alive
[tl] r116400000 alive
[tl] r116600000 alive
[tl] r116800000 alive
[tl] r117000000 alive
[tl] r117200000 alive
[tl] r117400000 alive
[tl] r117600000 alive
[tl] r117800000 alive
[tl] r118000000 alive
[tl] r118200000 alive
[tl] r118400000 alive
[tl] r118600000 alive
[tl] r118800000 alive
[tl] r119000000 alive
[tl] r119200000 alive
[tl] r119400000 alive
[tl] r119600000 alive
[tl] r119800000 alive
[tl] r120000000 alive
[tl] r120200000 alive
[tl] r120400000 alive
[tl] r120600000 alive
[tl] r120800000 alive
[tl] r121000000 alive
[tl] r121200000 alive
[tl] r121400000 alive
[tl] r121600000 alive
[tl] r121800000 alive
[tl] r122000000 alive
[tl] r122200000 alive
[tl] r122400000 alive
[tl] r122600000 alive
[tl] r122800000 alive
[tl] r123000000 alive
[tl] r123200000 alive
[tl] r123400000 alive
[tl] r123600000 alive
[tl] r123800000 alive
[tl] r124000000 alive
[tl] r124200000 alive
[tl] r124400000 alive
[tl] r124600000 alive
[tl] r124800000 alive
[tl] r125000000 alive
[tl] r125200000 alive
[tl] r125400000 alive
[tl] r125600000 alive
[tl] r125800000 alive
[tl] r126000000 alive
[tl] r126200000 alive
[tl] r126400000 alive
[tl] r126600000 alive
[tl] r126800000 alive
[tl] r127000000 alive
[tl] r127200000 alive
[tl] r127400000 alive
[tl] r127600000 alive
[tl] r127800000 alive
[tl] r128000000 alive
[tl] r128200000 alive
[tl] r128400000 alive
[tl] r128600000 alive
[tl] r128800000 alive
[tl] r129000000 alive
[tl] r129200000 alive
[tl] r129400000 alive
[tl] r129600000 alive
[tl] r129800000 alive
[tl] r130000000 alive
[tl] r130200000 alive
[tl] r130400000 alive
[tl] r130600000 alive
[tl] r130800000 alive
[tl] r131000000 alive
[tl] r131200000 alive
[tl] r131400000 alive
[tl] r131600000 alive
[tl] r131800000 alive
[tl] r132000000 alive
[tl] r132200000 alive
[tl] r132400000 alive
[tl] r132600000 alive
[tl] r132800000 alive
[tl] r133000000 alive
[tl] r133200000 alive
[tl] r133400000 alive
[tl] r133600000 alive
[tl] r133800000 alive
[tl] r134000000 alive
[tl] r134200000 alive
[tl] r134400000 alive
[tl] r134600000 alive
[tl] r134800000 alive
[tl] r135000000 alive
[tl] r135200000 alive
[tl] r135400000 alive
[tl] r135600000 alive
[tl] r135800000 alive
[tl] r136000000 alive
[tl] r136200000 alive
[tl] r136400000 alive
[tl] r136600000 alive
[tl] r136800000 alive
[tl] r137000000 alive
[tl] r137200000 alive
[tl] r137400000 alive
[tl] r137600000 alive
[tl] r137800000 alive
[tl] r138000000 alive
[tl] r138200000 alive
[tl] r138400000 alive
[tl] r138600000 alive
[tl] r138800000 alive
[tl] r139000000 alive
[tl] r139200000 alive
[tl] r139400000 alive
[tl] r139600000 alive
[tl] r139800000 alive
[tl] r140000000 alive
[tl] r140200000 alive
[tl] r140400000 alive
[tl] r140600000 alive
[tl] r140800000 alive
[tl] r141000000 alive
[tl] r141200000 alive
[tl] r141400000 alive
[tl] r141600000 alive
[tl] r141800000 alive
[tl] r142000000 alive
[tl] r142200000 alive
[tl] r142400000 alive
[tl] r142600000 alive
[tl] r142800000 alive
[tl] r143000000 alive
[tl] r143200000 alive
[tl] r143400000 alive
[tl] r143600000 alive
[tl] r143800000 alive
[tl] r144000000 alive
[tl] r144200000 alive
[tl] r144400000 alive
[tl] r144600000 alive
[tl] r144800000 alive
[tl] r145000000 alive
[tl] r145200000 alive
[tl] r145400000 alive
[tl] r145600000 alive
[tl] r145800000 alive
[tl] r146000000 alive
[tl] r146200000 alive
[tl] r146400000 alive
[tl] r146600000 alive
[tl] r146800000 alive
[tl] r147000000 alive
[tl] r147200000 alive
[tl] r147400000 alive
[tl] r147600000 alive
[tl] r147800000 alive
[tl] r148000000 alive
[tl] r148200000 alive
[tl] r148400000 alive
[tl] r148600000 alive
[tl] r148800000 alive
[tl] r149000000 alive
[tl] r149200000 alive
[tl] r149400000 alive
[tl] r149600000 alive
[tl] r149800000 alive
[tl] r150000000 alive
[tl] r150200000 alive
[tl] r150400000 alive
[tl] r150600000 alive
[tl] r150800000 alive
[tl] r151000000 alive
[tl] r151200000 alive
[tl] r151400000 alive
[tl] r151600000 alive
[tl] r151800000 alive
[tl] r152000000 alive
[tl] r152200000 alive
[tl] r152400000 alive
[tl] r152600000 alive
[tl] r152800000 alive
[tl] r153000000 alive
[tl] r153200000 alive
[tl] r153400000 alive
[tl] r153600000 alive
[tl] r153800000 alive
[tl] r154000000 alive
[tl] r154200000 alive
[tl] r154400000 alive
[tl] r154600000 alive
[tl] r154800000 alive
[tl] r155000000 alive
[tl] r155200000 alive
[tl] r155400000 alive
[tl] r155600000 alive
[tl] r155800000 alive
[tl] r156000000 alive
[tl] r156200000 alive
[tl] r156400000 alive
[tl] r156600000 alive
[tl] r156800000 alive
[tl] r157000000 alive
[tl] r157200000 alive
[tl] r157400000 alive
[tl] r157600000 alive
[tl] r157800000 alive
[tl] r158000000 alive
[tl] r158200000 alive
[tl] r158400000 alive
[tl] r158600000 alive
[tl] r158800000 alive
[tl] r159000000 alive
[tl] r159200000 alive
[tl] r159400000 alive
[tl] r159600000 alive
[tl] r159800000 alive
[tl] r160000000 alive
[tl] r160200000 alive
[tl] r160400000 alive
[tl] r160600000 alive
[tl] r160800000 alive
[tl] r161000000 alive
[tl] r161200000 alive
[tl] r161400000 alive
[tl] r161600000 alive
[tl] r161800000 alive
[tl] r162000000 alive
[tl] r162200000 alive
[tl] r162400000 alive
[tl] r162600000 alive
[tl] r162800000 alive
[tl] r163000000 alive
[tl] r163200000 alive
[tl] r163400000 alive
[tl] r163600000 alive
[tl] r163800000 alive
[tl] r164000000 alive
[tl] r164200000 alive
[tl] r164400000 alive
[tl] r164600000 alive
[tl] r164800000 alive
[tl] r165000000 alive
[tl] r165200000 alive
[tl] r165400000 alive
[tl] r165600000 alive
[tl] r165800000 alive
[tl] r166000000 alive
[tl] r166200000 alive
[tl] r166400000 alive
[tl] r166600000 alive
[tl] r166800000 alive
[tl] r167000000 alive
[tl] r167200000 alive
[tl] r167400000 alive
[tl] r167600000 alive
[tl] r167800000 alive
[tl] r168000000 alive
[tl] r168200000 alive
[tl] r168400000 alive
[tl] r168600000 alive
[tl] r168800000 alive
[tl] r169000000 alive
[tl] r169200000 alive
[tl] r169400000 alive
[tl] r169600000 alive
[tl] r169800000 alive
[tl] r170000000 alive
[tl] r170200000 alive
[tl] r170400000 alive
[tl] r170600000 alive
[tl] r170800000 alive
[tl] r171000000 alive
[tl] r171200000 alive
[tl] r171400000 alive
[tl] r171600000 alive
[tl] r171800000 alive
[tl] r172000000 alive
[tl] r172200000 alive
[tl] r172400000 alive
[tl] r172600000 alive
[tl] r172800000 alive
[tl] r173000000 alive
[tl] r173200000 alive
[tl] r173400000 alive
[tl] r173600000 alive
[tl] r173800000 alive
[tl] r174000000 alive
[tl] r174200000 alive
[tl] r174400000 alive
[tl] r174600000 alive
[tl] r174800000 alive
[tl] r175000000 alive
[tl] r175200000 alive
[tl] r175400000 alive
[tl] r175600000 alive
[tl] r175800000 alive
[tl] r176000000 alive
[tl] r176200000 alive
[tl] r176400000 alive
[tl] r176600000 alive
[tl] r176800000 alive
[tl] r177000000 alive
[tl] r177200000 alive
[tl] r177400000 alive
[tl] r177600000 alive
[tl] r177800000 alive
[tl] r178000000 alive
[tl] r178200000 alive
[tl] r178400000 alive
[tl] r178600000 alive
[tl] r178800000 alive
[tl] r179000000 alive
[tl] r179200000 alive
[tl] r179400000 alive
[tl] r179600000 alive
[tl] r179800000 alive
[tl] r180000000 alive
[tl] r180200000 alive
[tl] r180400000 alive
[tl] r180600000 alive
[tl] r180800000 alive
[tl] r181000000 alive
[tl] r181200000 alive
[tl] r181400000 alive
[tl] r181600000 alive
[tl] r181800000 alive
[tl] r182000000 alive
[tl] r182200000 alive
[tl] r182400000 alive
[tl] r182600000 alive
[tl] r182800000 alive
[tl] r183000000 alive
[tl] r183200000 alive
[tl] r183400000 alive
[tl] r183600000 alive
[tl] r183800000 alive
[tl] r184000000 alive
[tl] r184200000 alive
[tl] r184400000 alive
[tl] r184600000 alive
[tl] r184800000 alive
[tl] r185000000 alive
[tl] r185200000 alive
[tl] r185400000 alive
[tl] r185600000 alive
[tl] r185800000 alive
[tl] r186000000 alive
[tl] r186200000 alive
[tl] r186400000 alive
[tl] r186600000 alive
[tl] r186800000 alive
[tl] r187000000 alive
[tl] r187200000 alive
[tl] r187400000 alive
[tl] r187600000 alive
[tl] r187800000 alive
[tl] r188000000 alive
[tl] r188200000 alive
[tl] r188400000 alive
[tl] r188600000 alive
[tl] r188800000 alive
[tl] r189000000 alive
[tl] r189200000 alive
[tl] r189400000 alive
[tl] r189600000 alive
[tl] r189800000 alive
[tl] r190000000 alive
[tl] r190200000 alive
[tl] r190400000 alive
[tl] r190600000 alive
[tl] r190800000 alive
[tl] r191000000 alive
[tl] r191200000 alive
[tl] r191400000 alive
[tl] r191600000 alive
[tl] r191800000 alive
[tl] r192000000 alive
[tl] r192200000 alive
[tl] r192400000 alive
[tl] r192600000 alive
[tl] r192800000 alive
[tl] r193000000 alive
[tl] r193200000 alive
[tl] r193400000 alive
[tl] r193600000 alive
[tl] r193800000 alive
[tl] r194000000 alive
[tl] r194200000 alive
[tl] r194400000 alive
[tl] r194600000 alive
[tl] r194800000 alive
[tl] r195000000 alive
[tl] r195200000 alive
[tl] r195400000 alive
[tl] r195600000 alive
[tl] r195800000 alive
[tl] r196000000 alive
[tl] r196200000 alive
[tl] r196400000 alive
[tl] r196600000 alive
[tl] r196800000 alive
[tl] r197000000 alive
[tl] r197200000 alive
[tl] r197400000 alive
[tl] r197600000 alive
[tl] r197800000 alive
[tl] r198000000 alive
[tl] r198200000 alive
[tl] r198400000 alive
[tl] r198600000 alive
[tl] r198800000 alive
[tl] r199000000 alive
[tl] r199200000 alive
[tl] r199400000 alive
[tl] r199600000 alive
[tl] r199800000 alive
[tl] r200000000 alive
[tl] r200200000 alive
[tl] r200400000 alive
[tl] r200600000 alive
[tl] r200800000 alive
[tl] r201000000 alive
[tl] r201200000 alive
[tl] r201400000 alive
[tl] r201600000 alive
[tl] r201800000 alive
[tl] r202000000 alive
[tl] r202200000 alive
[tl] r202400000 alive
[tl] r202600000 alive
[tl] r202800000 alive
[tl] r203000000 alive
[tl] r203200000 alive
[tl] r203400000 alive
[tl] r203600000 alive
[tl] r203800000 alive
[tl] r204000000 alive
[tl] r204200000 alive
[tl] r204400000 alive
[tl] r204600000 alive
[tl] r204800000 alive
[tl] r205000000 alive
[tl] r205200000 alive
[tl] r205400000 alive
[tl] r205600000 alive
[tl] r205800000 alive
[tl] r206000000 alive
[tl] r206200000 alive
[tl] r206400000 alive
[tl] r206600000 alive
[tl] r206800000 alive
[tl] r207000000 alive
[tl] r207200000 alive
[tl] r207400000 alive
[tl] r207600000 alive
[tl] r207800000 alive
[tl] r208000000 alive
[tl] r208200000 alive
[tl] r208400000 alive
[tl] r208600000 alive
[tl] r208800000 alive
[tl] r209000000 alive
[tl] r209200000 alive
[tl] r209400000 alive
[tl] r209600000 alive
[tl] r209800000 alive
[tl] r210000000 alive
[tl] r210200000 alive
[tl] r210400000 alive
[tl] r210600000 alive
[tl] r210800000 alive
[tl] r211000000 alive
[tl] r211200000 alive
[tl] r211400000 alive
[tl] r211600000 alive
[tl] r211800000 alive
[tl] r212000000 alive
[tl] r212200000 alive
[tl] r212400000 alive
[tl] r212600000 alive
[tl] r212800000 alive
[tl] r213000000 alive
[tl] r213200000 alive
[tl] r213400000 alive
[tl] r213600000 alive
[tl] r213800000 alive
[tl] r214000000 alive
[tl] r214200000 alive
[tl] r214400000 alive
[tl] r214600000 alive
[tl] r214800000 alive
[tl] r215000000 alive
[tl] r215200000 alive
[tl] r215400000 alive
[tl] r215600000 alive
[tl] r215800000 alive
[tl] r216000000 alive
[tl] r216200000 alive
[tl] r216400000 alive
[tl] r216600000 alive
[tl] r216800000 alive
[tl] r217000000 alive
[tl] r217200000 alive
[tl] r217400000 alive
[tl] r217600000 alive
[tl] r217800000 alive
[tl] r218000000 alive
[tl] r218200000 alive
[tl] r218400000 alive
[tl] r218600000 alive
[tl] r218800000 alive
[tl] r219000000 alive
[tl] r219200000 alive
[tl] r219400000 alive
[tl] r219600000 alive
[tl] r219800000 alive
[tl] r220000000 alive
[tl] r220200000 alive
[tl] r220400000 alive
[tl] r220600000 alive
[tl] r220800000 alive
[tl] r221000000 alive
[tl] r221200000 alive
[tl] r221400000 alive
[tl] r221600000 alive
[tl] r221800000 alive
[tl] r222000000 alive
[tl] r222200000 alive
[tl] r222400000 alive
[tl] r222600000 alive
[tl] r222800000 alive
[tl] r223000000 alive
[tl] r223200000 alive
[tl] r223400000 alive
[tl] r223600000 alive
[tl] r223800000 alive
[tl] r224000000 alive
[tl] r224200000 alive
[tl] r224400000 alive
[tl] r224600000 alive
[tl] r224800000 alive
[tl] r225000000 alive
[tl] r225200000 alive
[tl] r225400000 alive
[tl] r225600000 alive
[tl] r225800000 alive
[tl] r226000000 alive
[tl] r226200000 alive
[tl] r226400000 alive
[tl] r226600000 alive
[tl] r226800000 alive
[tl] r227000000 alive
[tl] r227200000 alive
[tl] r227400000 alive
[tl] r227600000 alive
[tl] r227800000 alive
[tl] r228000000 alive
[tl] r228200000 alive
[tl] r228400000 alive
[tl] r228600000 alive
[tl] r228800000 alive
[tl] r229000000 alive
[tl] r229200000 alive
[tl] r229400000 alive
[tl] r229600000 alive
[tl] r229800000 alive
[tl] r230000000 alive
[tl] r230200000 alive
[tl] r230400000 alive
[tl] r230600000 alive
[tl] r230800000 alive
[tl] r231000000 alive
[tl] r231200000 alive
[tl] r231400000 alive
[tl] r231600000 alive
[tl] r231800000 alive
[tl] r232000000 alive
[tl] r232200000 alive
[tl] r232400000 alive
[tl] r232600000 alive
[tl] r232800000 alive
[tl] r233000000 alive
[tl] r233200000 alive
[tl] r233400000 alive
[tl] r233600000 alive
[tl] r233800000 alive
[tl] r234000000 alive
[tl] r234200000 alive
[tl] r234400000 alive
[tl] r234600000 alive
[tl] r234800000 alive
[tl] r235000000 alive
[tl] r235200000 alive
[tl] r235400000 alive
[tl] r235600000 alive
[tl] r235800000 alive
[tl] r236000000 alive
[tl] r236200000 alive
[tl] r236400000 alive
[tl] r236600000 alive
[tl] r236800000 alive
[tl] r237000000 alive
[tl] r237200000 alive
[tl] r237400000 alive
[tl] r237600000 alive
[tl] r237800000 alive
[tl] r238000000 alive
[tl] r238200000 alive
[tl] r238400000 alive
[tl] r238600000 alive
[tl] r238800000 alive
[tl] r239000000 alive
[tl] r239200000 alive
[tl] r239400000 alive
[tl] r239600000 alive
[tl] r239800000 alive
[tl] r240000000 alive
[tl] r240200000 alive
[tl] r240400000 alive
[tl] r240600000 alive
[tl] r240800000 alive
[tl] r241000000 alive
[tl] r241200000 alive
[tl] r241400000 alive
[tl] r241600000 alive
[tl] r241800000 alive
[tl] r242000000 alive
[tl] r242200000 alive
[tl] r242400000 alive
[tl] r242600000 alive
[tl] r242800000 alive
[tl] r243000000 alive
[tl] r243200000 alive
[tl] r243400000 alive
[tl] r243600000 alive
[tl] r243800000 alive
[tl] r244000000 alive
[tl] r244200000 alive
[tl] r244400000 alive
[tl] r244600000 alive
[tl] r244800000 alive
[tl] r245000000 alive
[tl] r245200000 alive
[tl] r245400000 alive
[tl] r245600000 alive
[tl] r245800000 alive
[tl] r246000000 alive
[tl] r246200000 alive
[tl] r246400000 alive
[tl] r246600000 alive
[tl] r246800000 alive
[tl] r247000000 alive
[tl] r247200000 alive
[tl] r247400000 alive
[tl] r247600000 alive
[tl] r247800000 alive
[tl] r248000000 alive
[tl] r248200000 alive
[tl] r248400000 alive
[tl] r248600000 alive
[tl] r248800000 alive
[tl] r249000000 alive
[tl] r249200000 alive
[tl] r249400000 alive
[tl] r249600000 alive
[tl] r249800000 alive
[tl] r250000000 alive
[tl] r250200000 alive
[tl] r250400000 alive
[tl] r250600000 alive
[tl] r250800000 alive
[tl] r251000000 alive
[tl] r251200000 alive
[tl] r251400000 alive
[tl] r251600000 alive
[tl] r251800000 alive
[tl] r252000000 alive
[tl] r252200000 alive
[tl] r252400000 alive
[tl] r252600000 alive
[tl] r252800000 alive
[tl] r253000000 alive
[tl] r253200000 alive
[tl] r253400000 alive
[tl] r253600000 alive
[tl] r253800000 alive
[tl] r254000000 alive
[tl] r254200000 alive
[tl] r254400000 alive
[tl] r254600000 alive
[tl] r254800000 alive
[tl] r255000000 alive
[tl] r255200000 alive
[tl] r255400000 alive
[tl] r255600000 alive
[tl] r255800000 alive
[tl] r256000000 alive
[tl] r256200000 alive
[tl] r256400000 alive
[tl] r256600000 alive
[tl] r256800000 alive
[tl] r257000000 alive
[tl] r257200000 alive
[tl] r257400000 alive
[tl] r257600000 alive
[tl] r257800000 alive
[tl] r258000000 alive
[tl] r258200000 alive
[tl] r258400000 alive
[tl] r258600000 alive
[tl] r258800000 alive
[tl] r259000000 alive
[tl] r259200000 alive
[tl] r259400000 alive
[tl] r259600000 alive
[tl] r259800000 alive
[tl] r260000000 alive
[tl] r260200000 alive
[tl] r260400000 alive
[tl] r260600000 alive
[tl] r260800000 alive
[tl] r261000000 alive
[tl] r261200000 alive
[tl] r261400000 alive
[tl] r261600000 alive
[tl] r261800000 alive
[tl] r262000000 alive
[tl] r262200000 alive
[tl] r262400000 alive
[tl] r262600000 alive
[tl] r262800000 alive
[tl] r263000000 alive
[tl] r263200000 alive
[tl] r263400000 alive
[tl] r263600000 alive
[tl] r263800000 alive
[tl] r264000000 alive
[tl] r264200000 alive
[tl] r264400000 alive
[tl] r264600000 alive
[tl] r264800000 alive
[tl] r265000000 alive
[tl] r265200000 alive
[tl] r265400000 alive
[tl] r265600000 alive
[tl] r265800000 alive
[tl] r266000000 alive
[tl] r266200000 alive
[tl] r266400000 alive
[tl] r266600000 alive
[tl] r266800000 alive
[tl] r267000000 alive
[tl] r267200000 alive
[tl] r267400000 alive
[tl] r267600000 alive
[tl] r267800000 alive
[tl] r268000000 alive
[tl] r268200000 alive
[tl] r268400000 alive
[tl] r268600000 alive
[tl] r268800000 alive
[tl] r269000000 alive
[tl] r269200000 alive
[tl] r269400000 alive
[tl] r269600000 alive
[tl] r269800000 alive
[tl] r270000000 alive
[tl] r270200000 alive
[tl] r270400000 alive
[tl] r270600000 alive
[tl] r270800000 alive
[tl] r271000000 alive
[tl] r271200000 alive
[tl] r271400000 alive
[tl] r271600000 alive
[tl] r271800000 alive
[tl] r272000000 alive
[tl] r272200000 alive
[tl] r272400000 alive
[tl] r272600000 alive
[tl] r272800000 alive
[tl] r273000000 alive
[tl] r273200000 alive
[tl] r273400000 alive
[tl] r273600000 alive
[tl] r273800000 alive
[tl] r274000000 alive
[tl] r274200000 alive
[tl] r274400000 alive
[tl] r274600000 alive
[tl] r274800000 alive
[tl] r275000000 alive
[tl] r275200000 alive
[tl] r275400000 alive
[tl] r275600000 alive
[tl] r275800000 alive
[tl] r276000000 alive
[tl] r276200000 alive
[tl] r276400000 alive
[tl] r276600000 alive
[tl] r276800000 alive
[tl] r277000000 alive
[tl] r277200000 alive
[tl] r277400000 alive
[tl] r277600000 alive
[tl] r277800000 alive
[tl] r278000000 alive
[tl] r278200000 alive
[tl] r278400000 alive
[tl] r278600000 alive
[tl] r278800000 alive
[tl] r279000000 alive
[tl] r279200000 alive
[tl] r279400000 alive
[tl] r279600000 alive
[tl] r279800000 alive
[tl] r280000000 alive
[tl] r280200000 alive
[tl] r280400000 alive
[tl] r280600000 alive
[tl] r280800000 alive
[tl] r281000000 alive
[tl] r281200000 alive
[tl] r281400000 alive
[tl] r281600000 alive
[tl] r281800000 alive
[tl] r282000000 alive
[tl] r282200000 alive
[tl] r282400000 alive
[tl] r282600000 alive
[tl] r282800000 alive
[tl] r283000000 alive
[tl] r283200000 alive
[tl] r283400000 alive
[tl] r283600000 alive
[tl] r283800000 alive
[tl] r284000000 alive
[tl] r284200000 alive
[tl] r284400000 alive
[tl] r284600000 alive
[tl] r284800000 alive
[tl] r285000000 alive
[tl] r285200000 alive
[tl] r285400000 alive
[tl] r285600000 alive
[tl] r285800000 alive
[tl] r286000000 alive
[tl] r286200000 alive
[tl] r286400000 alive
[tl] r286600000 alive
[tl] r286800000 alive
[tl] r287000000 alive
[tl] r287200000 alive
[tl] r287400000 alive
[tl] r287600000 alive
[tl] r287800000 alive
[tl] r288000000 alive
[tl] r288200000 alive
[tl] r288400000 alive
[tl] r288600000 alive
[tl] r288800000 alive
[tl] r289000000 alive
[tl] r289200000 alive
[tl] r289400000 alive
[tl] r289600000 alive
[tl] r289800000 alive
[tl] r290000000 alive
[tl] r290200000 alive
[tl] r290400000 alive
[tl] r290600000 alive
[tl] r290800000 alive
[tl] r291000000 alive
[tl] r291200000 alive
[tl] r291400000 alive
[tl] r291600000 alive
[tl] r291800000 alive
[tl] r292000000 alive
[tl] r292200000 alive
[tl] r292400000 alive
[tl] r292600000 alive
[tl] r292800000 alive
[tl] r293000000 alive
[tl] r293200000 alive
[tl] r293400000 alive
[tl] r293600000 alive
[tl] r293800000 alive
[tl] r294000000 alive
[tl] r294200000 alive
[tl] r294400000 alive
[tl] r294600000 alive
[tl] r294800000 alive
[tl] r295000000 alive
[tl] r295200000 alive
[tl] r295400000 alive
[tl] r295600000 alive
[tl] r295800000 alive
[tl] r296000000 alive
[tl] r296200000 alive
[tl] r296400000 alive
[tl] r296600000 alive
[tl] r296800000 alive
[tl] r297000000 alive
[tl] r297200000 alive
[tl] r297400000 alive
[tl] r297600000 alive
[tl] r297800000 alive
[tl] r298000000 alive
[tl] r298200000 alive
[tl] r298400000 alive
[tl] r298600000 alive
[tl] r298800000 alive
[tl] r299000000 alive
[tl] r299200000 alive
[tl] r299400000 alive
[tl] r299600000 alive
[tl] r299800000 alive
[tl] r300000000 alive
[tl] r300200000 alive
[tl] r300400000 alive
[tl] r300600000 alive
[tl] r300800000 alive
[tl] r301000000 alive
[tl] r301200000 alive
[tl] r301400000 alive
[tl] r301600000 alive
[tl] r301800000 alive
[tl] r302000000 alive
[tl] r302200000 alive
[tl] r302400000 alive
[tl] r302600000 alive
[tl] r302800000 alive
[tl] r303000000 alive
[tl] r303200000 alive
[tl] r303400000 alive
[tl] r303600000 alive
[tl] r303800000 alive
[tl] r304000000 alive
[tl] r304200000 alive
[tl] r304400000 alive
[tl] r304600000 alive
[tl] r304800000 alive
[tl] r305000000 alive
[tl] r305200000 alive
[tl] r305400000 alive
[tl] r305600000 alive
[tl] r305800000 alive
[tl] r306000000 alive
[tl] r306200000 alive
[tl] r306400000 alive
[tl] r306600000 alive
[tl] r306800000 alive
[tl] r307000000 alive
[tl] r307200000 alive
[tl] r307400000 alive
[tl] r307600000 alive
[tl] r307800000 alive
[tl] r308000000 alive
[tl] r308200000 alive
[tl] r308400000 alive
[tl] r308600000 alive
[tl] r308800000 alive
[tl] r309000000 alive
[tl] r309200000 alive
[tl] r309400000 alive
[tl] r309600000 alive
[tl] r309800000 alive
[tl] r310000000 alive
[tl] r310200000 alive
[tl] r310400000 alive
[tl] r310600000 alive
[tl] r310800000 alive
[tl] r311000000 alive
[tl] r311200000 alive
[tl] r311400000 alive
[tl] r311600000 alive
[tl] r311800000 alive
[tl] r312000000 alive
[tl] r312200000 alive
[tl] r312400000 alive
[tl] r312600000 alive
[tl] r312800000 alive
[tl] r313000000 alive
[tl] r313200000 alive
[tl] r313400000 alive
[tl] r313600000 alive
[tl] r313800000 alive
[tl] r314000000 alive
[tl] r314200000 alive
[tl] r314400000 alive
[tl] r314600000 alive
[tl] r314800000 alive
[tl] r315000000 alive
[tl] r315200000 alive
[tl] r315400000 alive
[tl] r315600000 alive
[tl] r315800000 alive
[tl] r316000000 alive
[tl] r316200000 alive
[tl] r316400000 alive
[tl] r316600000 alive
[tl] r316800000 alive
[tl] r317000000 alive
[tl] r317200000 alive
[tl] r317400000 alive
[tl] r317600000 alive
[tl] r317800000 alive
[tl] r318000000 alive
[tl] r318200000 alive
[tl] r318400000 alive
[tl] r318600000 alive
[tl] r318800000 alive
[tl] r319000000 alive
[tl] r319200000 alive
[tl] r319400000 alive
[tl] r319600000 alive
[tl] r319800000 alive
[tl] r320000000 alive
[tl] r320200000 alive
[tl] r320400000 alive
[tl] r320600000 alive
[tl] r320800000 alive
[tl] r321000000 alive
[tl] r321200000 alive
[tl] r321400000 alive
[tl] r321600000 alive
[tl] r321800000 alive
[tl] r322000000 alive
[tl] r322200000 alive
[tl] r322400000 alive
[tl] r322600000 alive
[tl] r322800000 alive
[tl] r323000000 alive
[tl] r323200000 alive
[tl] r323400000 alive
[tl] r323600000 alive
[tl] r323800000 alive
[tl] r324000000 alive
[tl] r324200000 alive
[tl] r324400000 alive
[tl] r324600000 alive
[tl] r324800000 alive
[tl] r325000000 alive
[tl] r325200000 alive
[tl] r325400000 alive
[tl] r325600000 alive
[tl] r325800000 alive
[tl] r326000000 alive
[tl] r326200000 alive
[tl] r326400000 alive
[tl] r326600000 alive
[tl] r326800000 alive
[tl] r327000000 alive
[tl] r327200000 alive
[tl] r327400000 alive
[tl] r327600000 alive
[tl] r327800000 alive
[tl] r328000000 alive
[tl] r328200000 alive
[tl] r328400000 alive
[tl] r328600000 alive
[tl] r328800000 alive
[tl] r329000000 alive
[tl] r329200000 alive
[tl] r329400000 alive
[tl] r329600000 alive
[tl] r329800000 alive
[tl] r330000000 alive
[tl] r330200000 alive
[tl] r330400000 alive
[tl] r330600000 alive
[tl] r330800000 alive
[tl] r331000000 alive
[tl] r331200000 alive
[tl] r331400000 alive
[tl] r331600000 alive
[tl] r331800000 alive
[tl] r332000000 alive
[tl] r332200000 alive
[tl] r332400000 alive
[tl] r332600000 alive
[tl] r332800000 alive
[tl] r333000000 alive
[tl] r333200000 alive
[tl] r333400000 alive
[tl] r333600000 alive
[tl] r333800000 alive
[tl] r334000000 alive
[tl] r334200000 alive
[tl] r334400000 alive
[tl] r334600000 alive
[tl] r334800000 alive
[tl] r335000000 alive
[tl] r335200000 alive
[tl] r335400000 alive
[tl] r335600000 alive
[tl] r335800000 alive
[tl] r336000000 alive
[tl] r336200000 alive
[tl] r336400000 alive
[tl] r336600000 alive
[tl] r336800000 alive
[tl] r337000000 alive
[tl] r337200000 alive
[tl] r337400000 alive
[tl] r337600000 alive
[tl] r337800000 alive
[tl] r338000000 alive
[tl] r338200000 alive
[tl] r338400000 alive
[tl] r338600000 alive
[tl] r338800000 alive
[tl] r339000000 alive
[tl] r339200000 alive
[tl] r339400000 alive
[tl] r339600000 alive
[tl] r339800000 alive
[tl] r340000000 alive
[tl] r340200000 alive
[tl] r340400000 alive
[tl] r340600000 alive
[tl] r340800000 alive
[tl] r341000000 alive
[tl] r341200000 alive
[tl] r341400000 alive
[tl] r341600000 alive
[tl] r341800000 alive
[tl] r342000000 alive
[tl] r342200000 alive
[tl] r342400000 alive
[tl] r342600000 alive
[tl] r342800000 alive
[tl] r343000000 alive
[tl] r343200000 alive
[tl] r343400000 alive
[tl] r343600000 alive
[tl] r343800000 alive
[tl] r344000000 alive
[tl] r344200000 alive
[tl] r344400000 alive
[tl] r344600000 alive
[tl] r344800000 alive
[tl] r345000000 alive
[tl] r345200000 alive
[tl] r345400000 alive
[tl] r345600000 alive
[tl] r345800000 alive
[tl] r346000000 alive
[tl] r346200000 alive
[tl] r346400000 alive
[tl] r346600000 alive
[tl] r346800000 alive
[tl] r347000000 alive
[tl] r347200000 alive
[tl] r347400000 alive
[tl] r347600000 alive
[tl] r347800000 alive
[tl] r348000000 alive
[tl] r348200000 alive
[tl] r348400000 alive
[tl] r348600000 alive
[tl] r348800000 alive
[tl] r349000000 alive
[tl] r349200000 alive
[tl] r349400000 alive
[tl] r349600000 alive
[tl] r349800000 alive
[tl] r350000000 alive
[tl] r350200000 alive
[tl] r350400000 alive
[tl] r350600000 alive
[tl] r350800000 alive
[tl] r351000000 alive
[tl] r351200000 alive
[tl] r351400000 alive
[tl] r351600000 alive
[tl] r351800000 alive
[tl] r352000000 alive
[tl] r352200000 alive
[tl] r352400000 alive
[tl] r352600000 alive
[tl] r352800000 alive
[tl] r353000000 alive
[tl] r353200000 alive
[tl] r353400000 alive
[tl] r353600000 alive
[tl] r353800000 alive
[tl] r354000000 alive
[tl] r354200000 alive
[tl] r354400000 alive
[tl] r354600000 alive
[tl] r354800000 alive
[tl] r355000000 alive
[tl] r355200000 alive
[tl] r355400000 alive
[tl] r355600000 alive
[tl] r355800000 alive
[tl] r356000000 alive
[tl] r356200000 alive
[tl] r356400000 alive
[tl] r356600000 alive
[tl] r356800000 alive
[tl] r357000000 alive
[tl] r357200000 alive
[tl] r357400000 alive
[tl] r357600000 alive
[tl] r357800000 alive
[tl] r358000000 alive
[tl] r358200000 alive
[tl] r358400000 alive
[tl] r358600000 alive
[tl] r358800000 alive
[tl] r359000000 alive
[tl] r359200000 alive
[tl] r359400000 alive
[tl] r359600000 alive
[tl] r359800000 alive
[tl] r360000000 alive
[tl] r360200000 alive
[tl] r360400000 alive
[tl] r360600000 alive
[tl] r360800000 alive
[tl] r361000000 alive
[tl] r361200000 alive
[tl] r361400000 alive
[tl] r361600000 alive
[tl] r361800000 alive
[tl] r362000000 alive
[tl] r362200000 alive
[tl] r362400000 alive
[tl] r362600000 alive
[tl] r362800000 alive
[tl] r363000000 alive
[tl] r363200000 alive
[tl] r363400000 alive
[tl] r363600000 alive
[tl] r363800000 alive
[tl] r364000000 alive
[tl] r364200000 alive
[tl] r364400000 alive
[tl] r364600000 alive
[tl] r364800000 alive
[tl] r365000000 alive
[tl] r365200000 alive
[tl] r365400000 alive
[tl] r365600000 alive
[tl] r365800000 alive
[tl] r366000000 alive
[tl] r366200000 alive
[tl] r366400000 alive
[tl] r366600000 alive
[tl] r366800000 alive
[tl] r367000000 alive
[tl] r367200000 alive
[tl] r367400000 alive
[tl] r367600000 alive
[tl] r367800000 alive
[tl] r368000000 alive
[tl] r368200000 alive
[tl] r368400000 alive
[tl] r368600000 alive
[tl] r368800000 alive
[tl] r369000000 alive
[tl] r369200000 alive
[tl] r369400000 alive
[tl] r369600000 alive
[tl] r369800000 alive
[tl] r370000000 alive
[tl] r370200000 alive
[tl] r370400000 alive
[tl] r370600000 alive
[tl] r370800000 alive
[tl] r371000000 alive
[tl] r371200000 alive
[tl] r371400000 alive
[tl] r371600000 alive
[tl] r371800000 alive
[tl] r372000000 alive
[tl] r372200000 alive
[tl] r372400000 alive
[tl] r372600000 alive
[tl] r372800000 alive
[tl] r373000000 alive
[tl] r373200000 alive
[tl] r373400000 alive
[tl] r373600000 alive
[tl] r373800000 alive
[tl] r374000000 alive
[tl] r374200000 alive
[tl] r374400000 alive
[tl] r374600000 alive
[tl] r374800000 alive
[tl] r375000000 alive
[tl] r375200000 alive
[tl] r375400000 alive
[tl] r375600000 alive
[tl] r375800000 alive
[tl] r376000000 alive
[tl] r376200000 alive
[tl] r376400000 alive
[tl] r376600000 alive
[tl] r376800000 alive
[tl] r377000000 alive
[tl] r377200000 alive
[tl] r377400000 alive
[tl] r377600000 alive
[tl] r377800000 alive
[tl] r378000000 alive
[tl] r378200000 alive
[tl] r378400000 alive
[tl] r378600000 alive
[tl] r378800000 alive
[tl] r379000000 alive
[tl] r379200000 alive
[tl] r379400000 alive
[tl] r379600000 alive
[tl] r379800000 alive
[tl] r380000000 alive
[tl] r380200000 alive
[tl] r380400000 alive
[tl] r380600000 alive
[tl] r380800000 alive
[tl] r381000000 alive
[tl] r381200000 alive
[tl] r381400000 alive
[tl] r381600000 alive
[tl] r381800000 alive
[tl] r382000000 alive
[tl] r382200000 alive
[tl] r382400000 alive
[tl] r382600000 alive
[tl] r382800000 alive
[tl] r383000000 alive
[tl] r383200000 alive
[tl] r383400000 alive
[tl] r383600000 alive
[tl] r383800000 alive
[tl] r384000000 alive
[tl] r384200000 alive
[tl] r384400000 alive
[tl] r384600000 alive
[tl] r384800000 alive
[tl] r385000000 alive
[tl] r385200000 alive
[tl] r385400000 alive
[tl] r385600000 alive
[tl] r385800000 alive
[tl] r386000000 alive
[tl] r386200000 alive
[tl] r386400000 alive
[tl] r386600000 alive
[tl] r386800000 alive
[tl] r387000000 alive
[tl] r387200000 alive
[tl] r387400000 alive
[tl] r387600000 alive
[tl] r387800000 alive
[tl] r388000000 alive
[tl] r388200000 alive
[tl] r388400000 alive
[tl] r388600000 alive
[tl] r388800000 alive
[tl] r389000000 alive
[tl] r389200000 alive
[tl] r389400000 alive
[tl] r389600000 alive
[tl] r389800000 alive
[tl] r390000000 alive
[tl] r390200000 alive
[tl] r390400000 alive
[tl] r390600000 alive
[tl] r390800000 alive
[tl] r391000000 alive
[tl] r391200000 alive
[tl] r391400000 alive
[tl] r391600000 alive
[tl] r391800000 alive
[tl] r392000000 alive
[tl] r392200000 alive
[tl] r392400000 alive
[tl] r392600000 alive
[tl] r392800000 alive
[tl] r393000000 alive
[tl] r393200000 alive
[tl] r393400000 alive
[tl] r393600000 alive
[tl] r393800000 alive
[tl] r394000000 alive
[tl] r394200000 alive
[tl] r394400000 alive
[tl] r394600000 alive
[tl] r394800000 alive
[tl] r395000000 alive
[tl] r395200000 alive
[tl] r395400000 alive
[tl] r395600000 alive
[tl] r395800000 alive
[tl] r396000000 alive
[tl] r396200000 alive
[tl] r396400000 alive
[tl] r396600000 alive
[tl] r396800000 alive
[tl] r397000000 alive
[tl] r397200000 alive
[tl] r397400000 alive
[tl] r397600000 alive
[tl] r397800000 alive
[tl] r398000000 alive
[tl] r398200000 alive
[tl] r398400000 alive
[tl] r398600000 alive
[tl] r398800000 alive
[tl] r399000000 alive
[tl] r399200000 alive
[tl] r399400000 alive
[tl] r399600000 alive
[tl] r399800000 alive
[tl] r400000000 alive
[tl] r400200000 alive
[tl] r400400000 alive
[tl] r400600000 alive
[tl] r400800000 alive
[tl] r401000000 alive
[tl] r401200000 alive
[tl] r401400000 alive
[tl] r401600000 alive
[tl] r401800000 alive
[tl] r402000000 alive
[tl] r402200000 alive
[tl] r402400000 alive
[tl] r402600000 alive
[tl] r402800000 alive
[tl] r403000000 alive
[tl] r403200000 alive
[tl] r403400000 alive
[tl] r403600000 alive
[tl] r403800000 alive
[tl] r404000000 alive
[tl] r404200000 alive
[tl] r404400000 alive
[tl] r404600000 alive
[tl] r404800000 alive
[tl] r405000000 alive
[tl] r405200000 alive
[tl] r405400000 alive
[tl] r405600000 alive
[tl] r405800000 alive
[tl] r406000000 alive
[tl] r406200000 alive
[tl] r406400000 alive
[tl] r406600000 alive
[tl] r406800000 alive
[tl] r407000000 alive
[tl] r407200000 alive
[tl] r407400000 alive
[tl] r407600000 alive
[tl] r407800000 alive
[tl] r408000000 alive
[tl] r408200000 alive
[tl] r408400000 alive
[tl] r408600000 alive
[tl] r408800000 alive
[tl] r409000000 alive
[tl] r409200000 alive
[tl] r409400000 alive
[tl] r409600000 alive
[tl] r409800000 alive
[tl] r410000000 alive
[tl] r410200000 alive
[tl] r410400000 alive
[tl] r410600000 alive
[tl] r410800000 alive
[tl] r411000000 alive
[tl] r411200000 alive
[tl] r411400000 alive
[tl] r411600000 alive
[tl] r411800000 alive
[tl] r412000000 alive
[tl] r412200000 alive
[tl] r412400000 alive
[tl] r412600000 alive
[tl] r412800000 alive
[tl] r413000000 alive
[tl] r413200000 alive
[tl] r413400000 alive
[tl] r413600000 alive
[tl] r413800000 alive
[tl] r414000000 alive
[tl] r414200000 alive
[tl] r414400000 alive
[tl] r414600000 alive
[tl] r414800000 alive
[tl] r415000000 alive
[tl] r415200000 alive
[tl] r415400000 alive
[tl] r415600000 alive
[tl] r415800000 alive
[tl] r416000000 alive
[tl] r416200000 alive
[tl] r416400000 alive
[tl] r416600000 alive
[tl] r416800000 alive
[tl] r417000000 alive
[tl] r417200000 alive
[tl] r417400000 alive
[tl] r417600000 alive
[tl] r417800000 alive
[tl] r418000000 alive
[tl] r418200000 alive
[tl] r418400000 alive
[tl] r418600000 alive
[tl] r418800000 alive
[tl] r419000000 alive
[tl] r419200000 alive
[tl] r419400000 alive
[tl] r419600000 alive
[tl] r419800000 alive
[tl] r420000000 alive
[tl] r420200000 alive
[tl] r420400000 alive
[tl] r420600000 alive
[tl] r420800000 alive
[tl] r421000000 alive
[tl] r421200000 alive
[tl] r421400000 alive
[tl] r421600000 alive
[tl] r421800000 alive
[tl] r422000000 alive
[tl] r422200000 alive
[tl] r422400000 alive
[tl] r422600000 alive
[tl] r422800000 alive
[tl] r423000000 alive
[tl] r423200000 alive
[tl] r423400000 alive
[tl] r423600000 alive
[tl] r423800000 alive
[tl] r424000000 alive
[tl] r424200000 alive
[tl] r424400000 alive
[tl] r424600000 alive
[tl] r424800000 alive
[tl] r425000000 alive
[tl] r425200000 alive
[tl] r425400000 alive
[tl] r425600000 alive
[tl] r425800000 alive
[tl] r426000000 alive
[tl] r426200000 alive
[tl] r426400000 alive
[tl] r426600000 alive
[tl] r426800000 alive
[tl] r427000000 alive
[tl] r427200000 alive
[tl] r427400000 alive
[tl] r427600000 alive
[tl] r427800000 alive
[tl] r428000000 alive
[tl] r428200000 alive
[tl] r428400000 alive
[tl] r428600000 alive
[tl] r428800000 alive
[tl] r429000000 alive
[tl] r429200000 alive
[tl] r429400000 alive
[tl] r429600000 alive
[tl] r429800000 alive
[tl] r430000000 alive
[tl] r430200000 alive
[tl] r430400000 alive
[tl] r430600000 alive
[tl] r430800000 alive
[tl] r431000000 alive
[tl] r431200000 alive
[tl] r431400000 alive
[tl] r431600000 alive
[tl] r431800000 alive
[tl] r432000000 alive
[tl] r432200000 alive
[tl] r432400000 alive
[tl] r432600000 alive
[tl] r432800000 alive
[tl] r433000000 alive
[tl] r433200000 alive
[tl] r433400000 alive
[tl] r433600000 alive
[tl] r433800000 alive
[tl] r434000000 alive
[tl] r434200000 alive
[tl] r434400000 alive
[tl] r434600000 alive
[tl] r434800000 alive
[tl] r435000000 alive
[tl] r435200000 alive
[tl] r435400000 alive
[tl] r435600000 alive
[tl] r435800000 alive
[tl] r436000000 alive
[tl] r436200000 alive
[tl] r436400000 alive
[tl] r436600000 alive
[tl] r436800000 alive
[tl] r437000000 alive
[tl] r437200000 alive
[tl] r437400000 alive
[tl] r437600000 alive
[tl] r437800000 alive
[tl] r438000000 alive
[tl] r438200000 alive
[tl] r438400000 alive
[tl] r438600000 alive
[tl] r438800000 alive
[tl] r439000000 alive
[tl] r439200000 alive
[tl] r439400000 alive
[tl] r439600000 alive
[tl] r439800000 alive
[tl] r440000000 alive
[tl] r440200000 alive
[tl] r440400000 alive
[tl] r440600000 alive
[tl] r440800000 alive
[tl] r441000000 alive
[tl] r441200000 alive
[tl] r441400000 alive
[tl] r441600000 alive
[tl] r441800000 alive
[tl] r442000000 alive
[tl] r442200000 alive
[tl] r442400000 alive
[tl] r442600000 alive
[tl] r442800000 alive
[tl] r443000000 alive
[tl] r443200000 alive
[tl] r443400000 alive
[tl] r443600000 alive
[tl] r443800000 alive
[tl] r444000000 alive
[tl] r444200000 alive
[tl] r444400000 alive
[tl] r444600000 alive
[tl] r444800000 alive
[tl] r445000000 alive
[tl] r445200000 alive
[tl] r445400000 alive
[tl] r445600000 alive
[tl] r445800000 alive
[tl] r446000000 alive
[tl] r446200000 alive
[tl] r446400000 alive
[tl] r446600000 alive
[tl] r446800000 alive
[tl] r447000000 alive
[tl] r447200000 alive
[tl] r447400000 alive
[tl] r447600000 alive
[tl] r447800000 alive
[tl] r448000000 alive
[tl] r448200000 alive
[tl] r448400000 alive
[tl] r448600000 alive
[tl] r448800000 alive
[tl] r449000000 alive
[tl] r449200000 alive
[tl] r449400000 alive
[tl] r449600000 alive
[tl] r449800000 alive
[tl] r450000000 alive
[tl] r450200000 alive
[tl] r450400000 alive
[tl] r450600000 alive
[tl] r450800000 alive
[tl] r451000000 alive
[tl] r451200000 alive
[tl] r451400000 alive
[tl] r451600000 alive
[tl] r451800000 alive
[tl] r452000000 alive
[tl] r452200000 alive
[tl] r452400000 alive
[tl] r452600000 alive
[tl] r452800000 alive
[tl] r453000000 alive
[tl] r453200000 alive
[tl] r453400000 alive
[tl] r453600000 alive
[tl] r453800000 alive
[tl] r454000000 alive
[tl] r454200000 alive
[tl] r454400000 alive
[tl] r454600000 alive
[tl] r454800000 alive
[tl] r455000000 alive
[tl] r455200000 alive
[tl] r455400000 alive
[tl] r455600000 alive
[tl] r455800000 alive
[tl] r456000000 alive
[tl] r456200000 alive
[tl] r456400000 alive
[tl] r456600000 alive
[tl] r456800000 alive
[tl] r457000000 alive
[tl] r457200000 alive
[tl] r457400000 alive
[tl] r457600000 alive
[tl] r457800000 alive
[tl] r458000000 alive
[tl] r458200000 alive
[tl] r458400000 alive
[tl] r458600000 alive
[tl] r458800000 alive
[tl] r459000000 alive
[tl] r459200000 alive
[tl] r459400000 alive
[tl] r459600000 alive
[tl] r459800000 alive
[tl] r460000000 alive
[tl] r460200000 alive
[tl] r460400000 alive
[tl] r460600000 alive
[tl] r460800000 alive
[tl] r461000000 alive
[tl] r461200000 alive
[tl] r461400000 alive
[tl] r461600000 alive
[tl] r461800000 alive
[tl] r462000000 alive
[tl] r462200000 alive
[tl] r462400000 alive
[tl] r462600000 alive
[tl] r462800000 alive
[tl] r463000000 alive
[tl] r463200000 alive
[tl] r463400000 alive
[tl] r463600000 alive
[tl] r463800000 alive
[tl] r464000000 alive
[tl] r464200000 alive
[tl] r464400000 alive
[tl] r464600000 alive
[tl] r464800000 alive
[tl] r465000000 alive
[tl] r465200000 alive
[tl] r465400000 alive
[tl] r465600000 alive
[tl] r465800000 alive
[tl] r466000000 alive
[tl] r466200000 alive
[tl] r466400000 alive
[tl] r466600000 alive
[tl] r466800000 alive
[tl] r467000000 alive
[tl] r467200000 alive
[tl] r467400000 alive
[tl] r467600000 alive
[tl] r467800000 alive
[tl] r468000000 alive
[tl] r468200000 alive
[tl] r468400000 alive
[tl] r468600000 alive
[tl] r468800000 alive
[tl] r469000000 alive
[tl] r469200000 alive
[tl] r469400000 alive
[tl] r469600000 alive
[tl] r469800000 alive
[tl] r470000000 alive
[tl] r470200000 alive
[tl] r470400000 alive
[tl] r470600000 alive
[tl] r470800000 alive
[tl] r471000000 alive
[tl] r471200000 alive
[tl] r471400000 alive
[tl] r471600000 alive
[tl] r471800000 alive
[tl] r472000000 alive
[tl] r472200000 alive
[tl] r472400000 alive
[tl] r472600000 alive
[tl] r472800000 alive
[tl] r473000000 alive
[tl] r473200000 alive
[tl] r473400000 alive
[tl] r473600000 alive
[tl] r473800000 alive
[tl] r474000000 alive
[tl] r474200000 alive
[tl] r474400000 alive
[tl] r474600000 alive
[tl] r474800000 alive
[tl] r475000000 alive
[tl] r475200000 alive
[tl] r475400000 alive
[tl] r475600000 alive
[tl] r475800000 alive
[tl] r476000000 alive
[tl] r476200000 alive
[tl] r476400000 alive
[tl] r476600000 alive
[tl] r476800000 alive
[tl] r477000000 alive
[tl] r477200000 alive
[tl] r477400000 alive
[tl] r477600000 alive
[tl] r477800000 alive
[tl] r478000000 alive
[tl] r478200000 alive
[tl] r478400000 alive
[tl] r478600000 alive
[tl] r478800000 alive
[tl] r479000000 alive
[tl] r479200000 alive
[tl] r479400000 alive
[tl] r479600000 alive
[tl] r479800000 alive
[tl] r480000000 alive
[tl] r480200000 alive
[tl] r480400000 alive
[tl] r480600000 alive
[tl] r480800000 alive
[tl] r481000000 alive
[tl] r481200000 alive
[tl] r481400000 alive
[tl] r481600000 alive
[tl] r481800000 alive
[tl] r482000000 alive
[tl] r482200000 alive
[tl] r482400000 alive
[tl] r482600000 alive
[tl] r482800000 alive
[tl] r483000000 alive
[tl] r483200000 alive
[tl] r483400000 alive
[tl] r483600000 alive
[tl] r483800000 alive
[tl] r484000000 alive
[tl] r484200000 alive
[tl] r484400000 alive
[tl] r484600000 alive
[tl] r484800000 alive
[tl] r485000000 alive
[tl] r485200000 alive
[tl] r485400000 alive
[tl] r485600000 alive
[tl] r485800000 alive
[tl] r486000000 alive
[tl] r486200000 alive
[tl] r486400000 alive
[tl] r486600000 alive
[tl] r486800000 alive
[tl] r487000000 alive
[tl] r487200000 alive
[tl] r487400000 alive
[tl] r487600000 alive
[tl] r487800000 alive
[tl] r488000000 alive
[tl] r488200000 alive
[tl] r488400000 alive
[tl] r488600000 alive
[tl] r488800000 alive
[tl] r489000000 alive
[tl] r489200000 alive
[tl] r489400000 alive
[tl] r489600000 alive
[tl] r489800000 alive
[tl] r490000000 alive
[tl] r490200000 alive
[tl] r490400000 alive
[tl] r490600000 alive
[tl] r490800000 alive
[tl] r491000000 alive
[tl] r491200000 alive
[tl] r491400000 alive
[tl] r491600000 alive
[tl] r491800000 alive
[tl] r492000000 alive
[tl] r492200000 alive
[tl] r492400000 alive
[tl] r492600000 alive
[tl] r492800000 alive
[tl] r493000000 alive
[tl] r493200000 alive
[tl] r493400000 alive
[tl] r493600000 alive
[tl] r493800000 alive
[tl] r494000000 alive
[tl] r494200000 alive
[tl] r494400000 alive
[tl] r494600000 alive
[tl] r494800000 alive
[tl] r495000000 alive
[tl] r495200000 alive
[tl] r495400000 alive
[tl] r495600000 alive
[tl] r495800000 alive
[tl] r496000000 alive
[tl] r496200000 alive
[tl] r496400000 alive
[tl] r496600000 alive
[tl] r496800000 alive
[tl] r497000000 alive
[tl] r497200000 alive
[tl] r497400000 alive
[tl] r497600000 alive
[tl] r497800000 alive
[tl] r498000000 alive
[tl] r498200000 alive
[tl] r498400000 alive
[tl] r498600000 alive
[tl] r498800000 alive
[tl] r499000000 alive
[tl] r499200000 alive
[tl] r499400000 alive
[tl] r499600000 alive
[tl] r499800000 alive
[tl] r500000000 alive
[tl] r500200000 alive
[tl] r500400000 alive
[tl] r500600000 alive
[tl] r500800000 alive
[tl] r501000000 alive
[tl] r501200000 alive
[tl] r501400000 alive
[tl] r501600000 alive
[tl] r501800000 alive
[tl] r502000000 alive
[tl] r502200000 alive
[tl] r502400000 alive
[tl] r502600000 alive
[tl] r502800000 alive
[tl] r503000000 alive
[tl] r503200000 alive
[tl] r503400000 alive
[tl] r503600000 alive
[tl] r503800000 alive
[tl] r504000000 alive
[tl] r504200000 alive
[tl] r504400000 alive
[tl] r504600000 alive
[tl] r504800000 alive
[tl] r505000000 alive
[tl] r505200000 alive
[tl] r505400000 alive
[tl] r505600000 alive
[tl] r505800000 alive
[tl] r506000000 alive
[tl] r506200000 alive
[tl] r506400000 alive
[tl] r506600000 alive
[tl] r506800000 alive
[tl] r507000000 alive
[tl] r507200000 alive
[tl] r507400000 alive
[tl] r507600000 alive
[tl] r507800000 alive
[tl] r508000000 alive
[tl] r508200000 alive
[tl] r508400000 alive
[tl] r508600000 alive
[tl] r508800000 alive
[tl] r509000000 alive
[tl] r509200000 alive
[tl] r509400000 alive
[tl] r509600000 alive
[tl] r509800000 alive
[tl] r510000000 alive
[tl] r510200000 alive
[tl] r510400000 alive
[tl] r510600000 alive
[tl] r510800000 alive
[tl] r511000000 alive
[tl] r511200000 alive
[tl] r511400000 alive
[tl] r511600000 alive
[tl] r511800000 alive
[tl] r512000000 alive
[tl] r512200000 alive
[tl] r512400000 alive
[tl] r512600000 alive
[tl] r512800000 alive
[tl] r513000000 alive
[tl] r513200000 alive
[tl] r513400000 alive
[tl] r513600000 alive
[tl] r513800000 alive
[tl] r514000000 alive
[tl] r514200000 alive
[tl] r514400000 alive
[tl] r514600000 alive
[tl] r514800000 alive
[tl] r515000000 alive
[tl] r515200000 alive
[tl] r515400000 alive
[tl] r515600000 alive
[tl] r515800000 alive
[tl] r516000000 alive
[tl] r516200000 alive
[tl] r516400000 alive
[tl] r516600000 alive
[tl] r516800000 alive
[tl] r517000000 alive
[tl] r517200000 alive
[tl] r517400000 alive
[tl] r517600000 alive
[tl] r517800000 alive
[tl] r518000000 alive
[tl] r518200000 alive
[tl] r518400000 alive
[tl] r518600000 alive
[tl] r518800000 alive
[tl] r519000000 alive
[tl] r519200000 alive
[tl] r519400000 alive
[tl] r519600000 alive
[tl] r519800000 alive
[tl] r520000000 alive
[tl] r520200000 alive
[tl] r520400000 alive
[tl] r520600000 alive
[tl] r520800000 alive
[tl] r521000000 alive
[tl] r521200000 alive
[tl] r521400000 alive
[tl] r521600000 alive
[tl] r521800000 alive
[tl] r522000000 alive
[tl] r522200000 alive
[tl] r522400000 alive
[tl] r522600000 alive
[tl] r522800000 alive
[tl] r523000000 alive
[tl] r523200000 alive
[tl] r523400000 alive
[tl] r523600000 alive
[tl] r523800000 alive
[tl] r524000000 alive
[tl] r524200000 alive
[tl] r524400000 alive
[tl] r524600000 alive
[tl] r524800000 alive
[tl] r525000000 alive
[tl] r525200000 alive
[tl] r525400000 alive
[tl] r525600000 alive
[tl] r525800000 alive
[tl] r526000000 alive
[tl] r526200000 alive
[tl] r526400000 alive
[tl] r526600000 alive
[tl] r526800000 alive
[tl] r527000000 alive
[tl] r527200000 alive
[tl] r527400000 alive
[tl] r527600000 alive
[tl] r527800000 alive
[tl] r528000000 alive
[tl] r528200000 alive
[tl] r528400000 alive
[tl] r528600000 alive
[tl] r528800000 alive
[tl] r529000000 alive
[tl] r529200000 alive
[tl] r529400000 alive
[tl] r529600000 alive
[tl] r529800000 alive
[tl] r530000000 alive
[tl] r530200000 alive
[tl] r530400000 alive
[tl] r530600000 alive
[tl] r530800000 alive
[tl] r531000000 alive
[tl] r531200000 alive
[tl] r531400000 alive
[tl] r531600000 alive
[tl] r531800000 alive
[tl] r532000000 alive
[tl] r532200000 alive
[tl] r532400000 alive
[tl] r532600000 alive
[tl] r532800000 alive
[tl] r533000000 alive
[tl] r533200000 alive
[tl] r533400000 alive
[tl] r533600000 alive
[tl] r533800000 alive
[tl] r534000000 alive
[tl] r534200000 alive
[tl] r534400000 alive
[tl] r534600000 alive
[tl] r534800000 alive
[tl] r535000000 alive
[tl] r535200000 alive
[tl] r535400000 alive
[tl] r535600000 alive
[tl] r535800000 alive
[tl] r536000000 alive
[tl] r536200000 alive
[tl] r536400000 alive
[tl] r536600000 alive
[tl] r536800000 alive
[tl] r537000000 alive
[tl] r537200000 alive
[tl] r537400000 alive
[tl] r537600000 alive
[tl] r537800000 alive
[tl] r538000000 alive
[tl] r538200000 alive
[tl] r538400000 alive
[tl] r538600000 alive
[tl] r538800000 alive
[tl] r539000000 alive
[tl] r539200000 alive
[tl] r539400000 alive
[tl] r539600000 alive
[tl] r539800000 alive
[tl] r540000000 alive
[tl] r540200000 alive
[tl] r540400000 alive
[tl] r540600000 alive
[tl] r540800000 alive
[tl] r541000000 alive
[tl] r541200000 alive
[tl] r541400000 alive
[tl] r541600000 alive
[tl] r541800000 alive
[tl] r542000000 alive
[tl] r542200000 alive
[tl] r542400000 alive
[tl] r542600000 alive
[tl] r542800000 alive
[tl] r543000000 alive
[tl] r543200000 alive
[tl] r543400000 alive
[tl] r543600000 alive
[tl] r543800000 alive
[tl] r544000000 alive
[tl] r544200000 alive
[tl] r544400000 alive
[tl] r544600000 alive
[tl] r544800000 alive
[tl] r545000000 alive
[tl] r545200000 alive
[tl] r545400000 alive
[tl] r545600000 alive
[tl] r545800000 alive
[tl] r546000000 alive
[tl] r546200000 alive
[tl] r546400000 alive
[tl] r546600000 alive
[tl] r546800000 alive
[tl] r547000000 alive
[tl] r547200000 alive
[tl] r547400000 alive
[tl] r547600000 alive
[tl] r547800000 alive
[tl] r548000000 alive
[tl] r548200000 alive
[tl] r548400000 alive
[tl] r548600000 alive
[tl] r548800000 alive
[tl] r549000000 alive
[tl] r549200000 alive
[tl] r549400000 alive
[tl] r549600000 alive
[tl] r549800000 alive
[tl] r550000000 alive
[tl] r550200000 alive
[tl] r550400000 alive
[tl] r550600000 alive
[tl] r550800000 alive
[tl] r551000000 alive
[tl] r551200000 alive
[tl] r551400000 alive
[tl] r551600000 alive
[tl] r551800000 alive
[tl] r552000000 alive
[tl] r552200000 alive
[tl] r552400000 alive
[tl] r552600000 alive
[tl] r552800000 alive
[tl] r553000000 alive
[tl] r553200000 alive
[tl] r553400000 alive
[tl] r553600000 alive
[tl] r553800000 alive
[tl] r554000000 alive
[tl] r554200000 alive
[tl] r554400000 alive
[tl] r554600000 alive
[tl] r554800000 alive
[tl] r555000000 alive
[tl] r555200000 alive
[tl] r555400000 alive
[tl] r555600000 alive
[tl] r555800000 alive
[tl] r556000000 alive
[tl] r556200000 alive
[tl] r556400000 alive
[tl] r556600000 alive
[tl] r556800000 alive
[tl] r557000000 alive
[tl] r557200000 alive
[tl] r557400000 alive
[tl] r557600000 alive
[tl] r557800000 alive
[tl] r558000000 alive
[tl] r558200000 alive
[tl] r558400000 alive
[tl] r558600000 alive
[tl] r558800000 alive
[tl] r559000000 alive
[tl] r559200000 alive
[tl] r559400000 alive
[tl] r559600000 alive
[tl] r559800000 alive
[tl] r560000000 alive
[tl] r560200000 alive
[tl] r560400000 alive
[tl] r560600000 alive
[tl] r560800000 alive
[tl] r561000000 alive
[tl] r561200000 alive
[tl] r561400000 alive
[tl] r561600000 alive
[tl] r561800000 alive
[tl] r562000000 alive
[tl] r562200000 alive
[tl] r562400000 alive
[tl] r562600000 alive
[tl] r562800000 alive
[tl] r563000000 alive
[tl] r563200000 alive
[tl] r563400000 alive
[tl] r563600000 alive
[tl] r563800000 alive
[tl] r564000000 alive
[tl] r564200000 alive
[tl] r564400000 alive
[tl] r564600000 alive
[tl] r564800000 alive
[tl] r565000000 alive
[tl] r565200000 alive
[tl] r565400000 alive
[tl] r565600000 alive
[tl] r565800000 alive
[tl] r566000000 alive
[tl] r566200000 alive
[tl] r566400000 alive
[tl] r566600000 alive
[tl] r566800000 alive
[tl] r567000000 alive
[tl] r567200000 alive
[tl] r567400000 alive
[tl] r567600000 alive
[tl] r567800000 alive
[tl] r568000000 alive
[tl] r568200000 alive
[tl] r568400000 alive
[tl] r568600000 alive
[tl] r568800000 alive
[tl] r569000000 alive
[tl] r569200000 alive
[tl] r569400000 alive
[tl] r569600000 alive
[tl] r569800000 alive
[tl] r570000000 alive
[tl] r570200000 alive
[tl] r570400000 alive
[tl] r570600000 alive
[tl] r570800000 alive
[tl] r571000000 alive
[tl] r571200000 alive
[tl] r571400000 alive
[tl] r571600000 alive
[tl] r571800000 alive
[tl] r572000000 alive
[tl] r572200000 alive
[tl] r572400000 alive
[tl] r572600000 alive
[tl] r572800000 alive
[tl] r573000000 alive
[tl] r573200000 alive
[tl] r573400000 alive
[tl] r573600000 alive
[tl] r573800000 alive
[tl] r574000000 alive
[tl] r574200000 alive
[tl] r574400000 alive
[tl] r574600000 alive
[tl] r574800000 alive
[tl] r575000000 alive
[tl] r575200000 alive
[tl] r575400000 alive
[tl] r575600000 alive
[tl] r575800000 alive
[tl] r576000000 alive
[tl] r576200000 alive
[tl] r576400000 alive
[tl] r576600000 alive
[tl] r576800000 alive
[tl] r577000000 alive
[tl] r577200000 alive
[tl] r577400000 alive
[tl] r577600000 alive
[tl] r577800000 alive
[tl] r578000000 alive
[tl] r578200000 alive
[tl] r578400000 alive
[tl] r578600000 alive
[tl] r578800000 alive
[tl] r579000000 alive
[tl] r579200000 alive
[tl] r579400000 alive
[tl] r579600000 alive
[tl] r579800000 alive
[tl] r580000000 alive
[tl] r580200000 alive
[tl] r580400000 alive
[tl] r580600000 alive
[tl] r580800000 alive
[tl] r581000000 alive
[tl] r581200000 alive
[tl] r581400000 alive
[tl] r581600000 alive
[tl] r581800000 alive
[tl] r582000000 alive
[tl] r582200000 alive
[tl] r582400000 alive
[tl] r582600000 alive
[tl] r582800000 alive
[tl] r583000000 alive
[tl] r583200000 alive
[tl] r583400000 alive
[tl] r583600000 alive
[tl] r583800000 alive
[tl] r584000000 alive
[tl] r584200000 alive
[tl] r584400000 alive
[tl] r584600000 alive
[tl] r584800000 alive
[tl] r585000000 alive
[tl] r585200000 alive
[tl] r585400000 alive
[tl] r585600000 alive
[tl] r585800000 alive
[tl] r586000000 alive
[tl] r586200000 alive
[tl] r586400000 alive
[tl] r586600000 alive
[tl] r586800000 alive
[tl] r587000000 alive
[tl] r587200000 alive
[tl] r587400000 alive
[tl] r587600000 alive
[tl] r587800000 alive
[tl] r588000000 alive
[tl] r588200000 alive
[tl] r588400000 alive
[tl] r588600000 alive
[tl] r588800000 alive
[tl] r589000000 alive
[tl] r589200000 alive
[tl] r589400000 alive
[tl] r589600000 alive
[tl] r589800000 alive
[tl] r590000000 alive
[tl] r590200000 alive
[tl] r590400000 alive
[tl] r590600000 alive
[tl] r590800000 alive
[tl] r591000000 alive
[tl] r591200000 alive
[tl] r591400000 alive
[tl] r591600000 alive
[tl] r591800000 alive
[tl] r592000000 alive
[tl] r592200000 alive
[tl] r592400000 alive
[tl] r592600000 alive
[tl] r592800000 alive
[tl] r593000000 alive
[tl] r593200000 alive
[tl] r593400000 alive
[tl] r593600000 alive
[tl] r593800000 alive
[tl] r594000000 alive
[tl] r594200000 alive
[tl] r594400000 alive
[tl] r594600000 alive
[tl] r594800000 alive
[tl] r595000000 alive
[tl] r595200000 alive
[tl] r595400000 alive
[tl] r595600000 alive
[tl] r595800000 alive
[tl] r596000000 alive
[tl] r596200000 alive
[tl] r596400000 alive
[tl] r596600000 alive
[tl] r596800000 alive
[tl] r597000000 alive
[tl] r597200000 alive
[tl] r597400000 alive
[tl] r597600000 alive
[tl] r597800000 alive
[tl] r598000000 alive
[tl] r598200000 alive
[tl] r598400000 alive
[tl] r598600000 alive
[tl] r598800000 alive
[tl] r599000000 alive
[tl] r599200000 alive
[tl] r599400000 alive
[tl] r599600000 alive
[tl] r599800000 alive
[tl] r600000000 alive
[tl] r600200000 alive
[tl] r600400000 alive
[tl] r600600000 alive
[tl] r600800000 alive
[tl] r601000000 alive
[tl] r601200000 alive
[tl] r601400000 alive
[tl] r601600000 alive
[tl] r601800000 alive
[tl] r602000000 alive
[tl] r602200000 alive
[tl] r602400000 alive
[tl] r602600000 alive
[tl] r602800000 alive
[tl] r603000000 alive
[tl] r603200000 alive
[tl] r603400000 alive
[tl] r603600000 alive
[tl] r603800000 alive
[tl] r604000000 alive
[tl] r604200000 alive
[tl] r604400000 alive
[tl] r604600000 alive
[tl] r604800000 alive
[tl] r605000000 alive
[tl] r605200000 alive
[tl] r605400000 alive
[tl] r605600000 alive
[tl] r605800000 alive
[tl] r606000000 alive
[tl] r606200000 alive
[tl] r606400000 alive
[tl] r606600000 alive
[tl] r606800000 alive
[tl] r607000000 alive
[tl] r607200000 alive
[tl] r607400000 alive
[tl] r607600000 alive
[tl] r607800000 alive
[tl] r608000000 alive
[tl] r608200000 alive
[tl] r608400000 alive
[tl] r608600000 alive
[tl] r608800000 alive
[tl] r609000000 alive
[tl] r609200000 alive
[tl] r609400000 alive
[tl] r609600000 alive
[tl] r609800000 alive
[tl] r610000000 alive
[tl] r610200000 alive
[tl] r610400000 alive
[tl] r610600000 alive
[tl] r610800000 alive
App terminated due to signal 9.
