[main] fuzz harness up, mode=scaler
[main] sandbox note: VCPDRM open is MACF-denied (iokit-open-user-client VCPDRMUserClient); mach-lookup com.apple.sprr / com.apple.jitbox exist but are sandbox-gated (seen in kernel log)
[open] AppleM2ScalerCSCDriver -> conn 0xa903
[scaler] conn 0xa903, s1 278 s2 282
[probe12] SetNotificationPort -> 0x00000000
[valh] v101 step 1
[open] AppleM2ScalerCSCDriver -> conn 0x8403
[valh] wire -> kr 0x00000000
[valh] csc progress off 0x0 alive
[valh] csc progress off 0x40 alive
[valh] csc progress off 0x80 alive
[valh] csc #136 off 0x084 val 0xffffffff ...
[valh] csc #137 off 0x088 val 0x3f800000 ...
[valh] csc #138 off 0x088 val 0x40000000 ...
[valh] csc #139 off 0x088 val 0x00010000 ...
[valh] csc #140 off 0x088 val 0xffffffff ...
[valh] csc #141 off 0x08c val 0x3f800000 ...
[valh] csc #142 off 0x08c val 0x40000000 ...
[valh] csc #143 off 0x08c val 0x00010000 ...
[valh] csc #144 off 0x08c val 0xffffffff ...
[valh] csc #145 off 0x090 val 0x3f800000 ...
[valh] csc #146 off 0x090 val 0x40000000 ...
[valh] csc #147 off 0x090 val 0x00010000 ...
[valh] csc #148 off 0x090 val 0xffffffff ...
[valh] csc #149 off 0x094 val 0x3f800000 ...
[valh] csc #150 off 0x094 val 0x40000000 ...
[valh] csc #151 off 0x094 val 0x00010000 ...
[valh] csc #152 off 0x094 val 0xffffffff ...
[valh] csc #153 off 0x098 val 0x3f800000 ...
[valh] csc #154 off 0x098 val 0x40000000 ...
[valh] csc #155 off 0x098 val 0x00010000 ...
[valh] csc #156 off 0x098 val 0xffffffff ...
[valh] csc #157 off 0x09c val 0x3f800000 ...
[valh] csc #158 off 0x09c val 0x40000000 ...
[valh] csc #159 off 0x09c val 0x00010000 ...
[valh] csc #160 off 0x09c val 0xffffffff ...
[valh] csc #161 off 0x0a0 val 0x3f800000 ...
[valh] csc #162 off 0x0a0 val 0x40000000 ...
[valh] csc #163 off 0x0a0 val 0x00010000 ...
[valh] csc #164 off 0x0a0 val 0xffffffff ...
[valh] csc #165 off 0x0a4 val 0x3f800000 ...
[valh] csc #166 off 0x0a4 val 0x40000000 ...
[valh] csc #167 off 0x0a4 val 0x00010000 ...
[valh] csc #168 off 0x0a4 val 0xffffffff ...
[valh] csc #169 off 0x0a8 val 0x3f800000 ...
[valh] csc #170 off 0x0a8 val 0x40000000 ...
[valh] csc #171 off 0x0a8 val 0x00010000 ...
[valh] csc #172 off 0x0a8 val 0xffffffff ...
[valh] csc #173 off 0x0ac val 0x3f800000 ...
[valh] csc #174 off 0x0ac val 0x40000000 ...
[valh] csc #175 off 0x0ac val 0x00010000 ...
[valh] csc #176 off 0x0ac val 0xffffffff ...
[valh] csc #177 off 0x0b0 val 0x3f800000 ...
[valh] csc #178 off 0x0b0 val 0x40000000 ...
[valh] csc #179 off 0x0b0 val 0x00010000 ...
[valh] csc #180 off 0x0b0 val 0xffffffff ...
[valh] csc #181 off 0x0b4 val 0x3f800000 ...
[valh] csc #182 off 0x0b4 val 0x40000000 ...
[valh] csc #183 off 0x0b4 val 0x00010000 ...
[valh] csc #184 off 0x0b4 val 0xffffffff ...
[valh] csc #185 off 0x0b8 val 0x3f800000 ...
[valh] csc #186 off 0x0b8 val 0x40000000 ...
[valh] csc #187 off 0x0b8 val 0x00010000 ...
[valh] csc #188 off 0x0b8 val 0xffffffff ...
[valh] csc #189 off 0x0bc val 0x3f800000 ...
[valh] csc #190 off 0x0bc val 0x40000000 ...
[valh] csc #191 off 0x0bc val 0x00010000 ...
[valh] csc #192 off 0x0bc val 0xffffffff ...
[valh] csc #193 off 0x0c0 val 0x3f800000 ...
[valh] csc #194 off 0x0c0 val 0x40000000 ...
[valh] csc #195 off 0x0c0 val 0x00010000 ...
[valh] csc #196 off 0x0c0 val 0xffffffff ...
[valh] csc progress off 0xc0 alive
[valh] csc #197 off 0x0c4 val 0x3f800000 ...
[valh] csc #198 off 0x0c4 val 0x40000000 ...
[valh] csc #199 off 0x0c4 val 0x00010000 ...
[valh] csc #200 off 0x0c4 val 0xffffffff ...
[valh] csc #201 off 0x0c8 val 0x3f800000 ...
[valh] csc #202 off 0x0c8 val 0x40000000 ...
[valh] csc #203 off 0x0c8 val 0x00010000 ...
[valh] csc #204 off 0x0c8 val 0xffffffff ...
[valh] csc #205 off 0x0cc val 0x3f800000 ...
[valh] csc #206 off 0x0cc val 0x40000000 ...
[valh] csc #207 off 0x0cc val 0x00010000 ...
[valh] csc #208 off 0x0cc val 0xffffffff ...
[valh] csc #209 off 0x0d0 val 0x3f800000 ...
[valh] csc #210 off 0x0d0 val 0x40000000 ...
[valh] csc #211 off 0x0d0 val 0x00010000 ...
[valh] csc #212 off 0x0d0 val 0xffffffff ...
[valh] csc #213 off 0x0d4 val 0x3f800000 ...
[valh] csc #214 off 0x0d4 val 0x40000000 ...
[valh] csc #215 off 0x0d4 val 0x00010000 ...
[valh] csc #216 off 0x0d4 val 0xffffffff ...
[valh] csc #217 off 0x0d8 val 0x3f800000 ...
[valh] csc #218 off 0x0d8 val 0x40000000 ...
[valh] csc #219 off 0x0d8 val 0x00010000 ...
[valh] csc #220 off 0x0d8 val 0xffffffff ...
[valh] csc #221 off 0x0dc val 0x3f800000 ...
[valh] csc #222 off 0x0dc val 0x40000000 ...
[valh] csc #223 off 0x0dc val 0x00010000 ...
[valh] csc #224 off 0x0dc val 0xffffffff ...
[valh] csc #225 off 0x0e0 val 0x3f800000 ...
[valh] csc #226 off 0x0e0 val 0x40000000 ...
[valh] csc #227 off 0x0e0 val 0x00010000 ...
[valh] csc #228 off 0x0e0 val 0xffffffff ...
[valh] csc #229 off 0x0e4 val 0x3f800000 ...
[valh] csc #230 off 0x0e4 val 0x40000000 ...
[valh] csc #231 off 0x0e4 val 0x00010000 ...
[valh] csc #232 off 0x0e4 val 0xffffffff ...
[valh] csc #233 off 0x0e8 val 0x3f800000 ...
[valh] csc #234 off 0x0e8 val 0x40000000 ...
[valh] csc #235 off 0x0e8 val 0x00010000 ...
[valh] csc #236 off 0x0e8 val 0xffffffff ...
[valh] csc #237 off 0x0ec val 0x3f800000 ...
[valh] csc #238 off 0x0ec val 0x40000000 ...
[valh] csc #239 off 0x0ec val 0x00010000 ...
[valh] csc #240 off 0x0ec val 0xffffffff ...
[valh] csc #241 off 0x0f0 val 0x3f800000 ...
[valh] csc #242 off 0x0f0 val 0x40000000 ...
[valh] csc #243 off 0x0f0 val 0x00010000 ...
[valh] csc #244 off 0x0f0 val 0xffffffff ...
[valh] csc #245 off 0x0f4 val 0x3f800000 ...
[valh] csc #246 off 0x0f4 val 0x40000000 ...
[valh] csc #247 off 0x0f4 val 0x00010000 ...
[valh] csc #248 off 0x0f4 val 0xffffffff ...
[valh] csc #249 off 0x0f8 val 0x3f800000 ...
[valh] csc #250 off 0x0f8 val 0x40000000 ...
[valh] csc #251 off 0x0f8 val 0x00010000 ...
[valh] csc #252 off 0x0f8 val 0xffffffff ...
[valh] csc #253 off 0x0fc val 0x3f800000 ...
[valh] csc #254 off 0x0fc val 0x40000000 ...
[valh] csc #255 off 0x0fc val 0x00010000 ...
[valh] csc #256 off 0x0fc val 0xffffffff ...
[valh] csc #257 off 0x100 val 0x3f800000 ...
[valh] csc #258 off 0x100 val 0x40000000 ...
[valh] csc #259 off 0x100 val 0x00010000 ...
[valh] csc #260 off 0x100 val 0xffffffff ...
[valh] csc progress off 0x100 alive
[valh] csc #261 off 0x104 val 0x3f800000 ...
[valh] csc #262 off 0x104 val 0x40000000 ...
[valh] csc #263 off 0x104 val 0x00010000 ...
[valh] csc #264 off 0x104 val 0xffffffff ...
[valh] csc #265 off 0x108 val 0x3f800000 ...
[valh] csc #266 off 0x108 val 0x40000000 ...
[valh] csc #267 off 0x108 val 0x00010000 ...
[valh] csc #268 off 0x108 val 0xffffffff ...
[valh] csc #269 off 0x10c val 0x3f800000 ...
[valh] csc #270 off 0x10c val 0x40000000 ...
[valh] csc #271 off 0x10c val 0x00010000 ...
[valh] csc #272 off 0x10c val 0xffffffff ...
[valh] csc #273 off 0x110 val 0x3f800000 ...
[valh] csc #274 off 0x110 val 0x40000000 ...
[valh] csc #275 off 0x110 val 0x00010000 ...
[valh] csc #276 off 0x110 val 0xffffffff ...
[valh] csc #277 off 0x114 val 0x3f800000 ...
