[main] fuzz harness up, mode=all
[main] sandbox note: VCPDRM open is MACF-denied (iokit-open-user-client VCPDRMUserClient); mach-lookup com.apple.sprr / com.apple.jitbox exist but are sandbox-gated (seen in kernel log)
[open] IOServiceOpen VCPDRMService failed: 0xe00002e2
[open] AppleM2ScalerCSCDriver -> conn 0x7a03
[scaler] conn 0x7a03, s1 13 s2 14
[open] service VCPDRMServiceUserClient not found
[vcpdrm] no connection, target dead
[probe12] SetNotificationPort -> 0x00000000
[ptspray] v149 PT/GART-page reclaim: 3 rounds, 48 reclaimers x 0x10000
[mig] bootstrap-name phase done; add learned names to cand_names[]
[mtlr] resource2 sel8 flags 470 sz 0x10000 -> kr 0x00000000 rid 21 GPUVA 0x10000080000 cpu 102db0000
[mtlr]   out: 0000010000080000 0000000102db0000 0000000102d20fc0 0000000000000000
[mtlr]   out: 0000001500000000 0000000000010000 000000023712bc6a 0000000000365a3f
[mtlr] resource2 sel8 flags 470 sz 0x1000 -> kr 0x00000000 rid 22 GPUVA 0x10000098000 cpu 102dc0000
[mtlr]   out: 0000010000098000 0000000102dc0000 0000000102d21080 0000000000000000
[mtlr]   out: 0000001600000000 0000000000004000 000000023712bc6b 0000000000365a40
[mtlr] resource2 sel8 flags 470 sz 0x1000 -> kr 0x00000000 rid 23 GPUVA 0x100000a0000 cpu 102dc4000
[mtlr]   out: 00000100000a0000 0000000102dc4000 0000000102d21140 0000000000000000
[mtlr]   out: 0000001700000000 0000000000004000 000000023712bc6c 0000000000365a41
[mtlr] resource2 sel8 flags 470 sz 0x1000 -> kr 0x00000000 rid 24 GPUVA 0x100000a8000 cpu 102dc8000
[mtlr]   out: 00000100000a8000 0000000102dc8000 0000000102d21200 0000000000000000
[mtlr]   out: 0000001800000000 0000000000004000 000000023712bc6d 0000000000365a42
[mtlr] resource2 sel8 flags 470 sz 0x1000 -> kr 0x00000000 rid 25 GPUVA 0x100000b0000 cpu 102dcc000
[mtlr]   out: 00000100000b0000 0000000102dcc000 0000000102d212c0 0000000000000000
[mtlr]   out: 0000001900000000 0000000000004000 000000023712bc6e 0000000000365a43
[mtlr] resource2 sel8 flags 470 sz 0x1000 -> kr 0x00000000 rid 26 GPUVA 0x100000b8000 cpu 102dd0000
[mtlr]   out: 00000100000b8000 0000000102dd0000 0000000102d21380 0000000000000000
[mtlr]   out: 0000001a00000000 0000000000004000 000000023712bc6f 0000000000365a44
[mtlr] resource2 sel8 flags 470 sz 0x1000 -> kr 0x00000000 rid 27 GPUVA 0x100000c0000 cpu 102dd4000
[mtlr]   out: 00000100000c0000 0000000102dd4000 0000000102d21440 0000000000000000
[mtlr]   out: 0000001b00000000 0000000000004000 000000023712bc70 0000000000365a45
[mtlr] resource2 sel8 flags 470 sz 0x1000 -> kr 0x00000000 rid 28 GPUVA 0x100000c8000 cpu 102dd8000
[mtlr]   out: 00000100000c8000 0000000102dd8000 0000000102d21500 0000000000000000
[mtlr]   out: 0000001c00000000 0000000000004000 000000023712bc71 0000000000365a46
[mtlr] resource2 sel8 flags 470 sz 0x1000 -> kr 0x00000000 rid 29 GPUVA 0x100000d0000 cpu 102ddc000
[mtlr]   out: 00000100000d0000 0000000102ddc000 0000000102d215c0 0000000000000000
[mtlr]   out: 0000001d00000000 0000000000004000 000000023712bc72 0000000000365a47
[mtlr] resource2 sel8 flags 470 sz 0x1000 -> kr 0x00000000 rid 30 GPUVA 0x100000d8000 cpu 102de0000
[mtlr]   out: 00000100000d8000 0000000102de0000 0000000102d21680 0000000000000000
[mtlr]   out: 0000001e00000000 0000000000004000 000000023712bc73 0000000000365a48
[mtlr] resource2 sel8 flags 470 sz 0x1000 -> kr 0x00000000 rid 31 GPUVA 0x100000e0000 cpu 102de4000
[mtlr]   out: 00000100000e0000 0000000102de4000 0000000102d21740 0000000000000000
[mtlr]   out: 0000001f00000000 0000000000004000 000000023712bc74 0000000000365a49
[mtlr] resource2 sel8 flags 470 sz 0x1000 -> kr 0x00000000 rid 32 GPUVA 0x100000e8000 cpu 102de8000
[mtlr]   out: 00000100000e8000 0000000102de8000 0000000102d21800 0000000000000000
[mtlr]   out: 0000002000000000 0000000000004000 000000023712bc75 0000000000365a4a
[mtlr] resource2 sel8 flags 470 sz 0x1000 -> kr 0x00000000 rid 33 GPUVA 0x100000f0000 cpu 102dec000
[mtlr]   out: 00000100000f0000 0000000102dec000 0000000102d218c0 0000000000000000
[mtlr]   out: 0000002100000000 0000000000004000 000000023712bc76 0000000000365a4b
[mtlr] resource2 sel8 flags 470 sz 0x1000 -> kr 0x00000000 rid 34 GPUVA 0x100000f8000 cpu 102df0000
[mtlr]   out: 00000100000f8000 0000000102df0000 0000000102d21980 0000000000000000
[mtlr]   out: 0000002200000000 0000000000004000 000000023712bc77 0000000000365a4c
[mtlr] resource2 sel8 flags 470 sz 0x1000 -> kr 0x00000000 rid 35 GPUVA 0x10000100000 cpu 102df4000
[mtlr]   out: 0000010000100000 0000000102df4000 0000000102d21a40 0000000000000000
[mtlr]   out: 0000002300000000 0000000000004000 000000023712bc78 0000000000365a4d
[mtlr] resource2 sel8 flags 470 sz 0x1000 -> kr 0x00000000 rid 36 GPUVA 0x10000108000 cpu 102df8000
[mtlr]   out: 0000010000108000 0000000102df8000 0000000102d21b00 0000000000000000
[mtlr]   out: 0000002400000000 0000000000004000 000000023712bc79 0000000000365a4e
[mtlr] resource2 sel8 flags 470 sz 0x1000 -> kr 0x00000000 rid 37 GPUVA 0x10000110000 cpu 102dfc000
[mtlr]   out: 0000010000110000 0000000102dfc000 0000000102d21bc0 0000000000000000
[mtlr]   out: 0000002500000000 0000000000004000 000000023712bc7a 0000000000365a4f
[mtlr] resource2 sel8 flags 470 sz 0x1000 -> kr 0x00000000 rid 38 GPUVA 0x10000118000 cpu 102e00000
[mtlr]   out: 0000010000118000 0000000102e00000 0000000102d21c80 0000000000000000
[mtlr]   out: 0000002600000000 0000000000004000 000000023712bc7b 0000000000365a50
[mtlr] resource2 sel8 flags 470 sz 0x1000 -> kr 0x00000000 rid 39 GPUVA 0x10000120000 cpu 102e04000
[mtlr]   out: 0000010000120000 0000000102e04000 0000000102d21d40 0000000000000000
[mtlr]   out: 0000002700000000 0000000000004000 000000023712bc7c 0000000000365a51
[mtlr] resource2 sel8 flags 470 sz 0x1000 -> kr 0x00000000 rid 40 GPUVA 0x10000128000 cpu 102e08000
[mtlr]   out: 0000010000128000 0000000102e08000 0000000102d21e00 0000000000000000
[mtlr]   out: 0000002800000000 0000000000004000 000000023712bc7d 0000000000365a52
[mtlr] resource2 sel8 flags 470 sz 0x1000 -> kr 0x00000000 rid 41 GPUVA 0x10000130000 cpu 102e0c000
[mtlr]   out: 0000010000130000 0000000102e0c000 0000000102d21ec0 0000000000000000
[mtlr]   out: 0000002900000000 0000000000004000 000000023712bc7e 0000000000365a53
[mtlr] resource2 sel8 flags 470 sz 0x1000 -> kr 0x00000000 rid 42 GPUVA 0x10000138000 cpu 102e10000
[mtlr]   out: 0000010000138000 0000000102e10000 0000000102d21f80 0000000000000000
[mtlr]   out: 0000002a00000000 0000000000004000 000000023712bc7f 0000000000365a54
[mtlr] resource2 sel8 flags 470 sz 0x1000 -> kr 0x00000000 rid 43 GPUVA 0x10000140000 cpu 102e14000
[mtlr]   out: 0000010000140000 0000000102e14000 0000000102d22040 0000000000000000
[mtlr]   out: 0000002b00000000 0000000000004000 000000023712bc80 0000000000365a55
[mtlr] resource2 sel8 flags 470 sz 0x1000 -> kr 0x00000000 rid 44 GPUVA 0x10000148000 cpu 102e18000
[mtlr]   out: 0000010000148000 0000000102e18000 0000000102d22100 0000000000000000
[mtlr]   out: 0000002c00000000 0000000000004000 000000023712bc81 0000000000365a56
[mtlr] resource2 sel8 flags 470 sz 0x1000 -> kr 0x00000000 rid 45 GPUVA 0x10000150000 cpu 102e1c000
[mtlr]   out: 0000010000150000 0000000102e1c000 0000000102d221c0 0000000000000000
[mtlr]   out: 0000002d00000000 0000000000004000 000000023712bc82 0000000000365a57
[mtlr] resource2 sel8 flags 470 sz 0x1000 -> kr 0x00000000 rid 46 GPUVA 0x10000158000 cpu 102e20000
[mtlr]   out: 0000010000158000 0000000102e20000 0000000102d22280 0000000000000000
[mtlr]   out: 0000002e00000000 0000000000004000 000000023712bc83 0000000000365a58
[mtlr] resource2 sel8 flags 470 sz 0x1000 -> kr 0x00000000 rid 47 GPUVA 0x10000160000 cpu 102e24000
[mtlr]   out: 0000010000160000 0000000102e24000 0000000102d22340 0000000000000000
[mtlr]   out: 0000002f00000000 0000000000004000 000000023712bc84 0000000000365a59
[mtlr] resource2 sel8 flags 470 sz 0x1000 -> kr 0x00000000 rid 48 GPUVA 0x10000168000 cpu 102e28000
[mtlr]   out: 0000010000168000 0000000102e28000 0000000102d22400 0000000000000000
[mtlr]   out: 0000003000000000 0000000000004000 000000023712bc85 0000000000365a5a
[mtlr] resource2 sel8 flags 470 sz 0x1000 -> kr 0x00000000 rid 49 GPUVA 0x10000170000 cpu 102e2c000
[mtlr]   out: 0000010000170000 0000000102e2c000 0000000102d224c0 0000000000000000
[mtlr]   out: 0000003100000000 0000000000004000 000000023712bc86 0000000000365a5b
[mtlr] resource2 sel8 flags 470 sz 0x1000 -> kr 0x00000000 rid 50 GPUVA 0x10000178000 cpu 102e30000
[mtlr]   out: 0000010000178000 0000000102e30000 0000000102d22580 0000000000000000
[mtlr]   out: 0000003200000000 0000000000004000 000000023712bc87 0000000000365a5c
[mtlr] resource2 sel8 flags 470 sz 0x1000 -> kr 0x00000000 rid 51 GPUVA 0x10000180000 cpu 102e34000
[mtlr]   out: 0000010000180000 0000000102e34000 0000000102d22640 0000000000000000
[mtlr]   out: 0000003300000000 0000000000004000 000000023712bc88 0000000000365a5d
[mtlr] resource2 sel8 flags 470 sz 0x1000 -> kr 0x00000000 rid 52 GPUVA 0x10000188000 cpu 102e38000
[mtlr]   out: 0000010000188000 0000000102e38000 0000000102d22700 0000000000000000
[mtlr]   out: 0000003400000000 0000000000004000 000000023712bc89 0000000000365a5e
[mtlr] resource2 sel8 flags 470 sz 0x1000 -> kr 0x00000000 rid 53 GPUVA 0x10000190000 cpu 102e3c000
[mtlr]   out: 0000010000190000 0000000102e3c000 0000000102d227c0 0000000000000000
[mtlr]   out: 0000003500000000 0000000000004000 000000023712bc8a 0000000000365a5f
[mtlr] resource2 sel8 flags 470 sz 0x1000 -> kr 0x00000000 rid 54 GPUVA 0x10000198000 cpu 102e40000
[mtlr]   out: 0000010000198000 0000000102e40000 0000000102d22880 0000000000000000
[mtlr]   out: 0000003600000000 0000000000004000 000000023712bc8b 0000000000365a60
[mtlr] resource2 sel8 flags 470 sz 0x1000 -> kr 0x00000000 rid 55 GPUVA 0x100001a0000 cpu 102e44000
[mtlr]   out: 00000100001a0000 0000000102e44000 0000000102d22940 0000000000000000
[mtlr]   out: 0000003700000000 0000000000004000 000000023712bc8c 0000000000365a61
[mtlr] resource2 sel8 flags 470 sz 0x1000 -> kr 0x00000000 rid 56 GPUVA 0x100001a8000 cpu 102e48000
[mtlr]   out: 00000100001a8000 0000000102e48000 0000000102d22a00 0000000000000000
[mtlr]   out: 0000003800000000 0000000000004000 000000023712bc8d 0000000000365a62
[mtlr] resource2 sel8 flags 470 sz 0x1000 -> kr 0x00000000 rid 57 GPUVA 0x100001b0000 cpu 102e4c000
[mtlr]   out: 00000100001b0000 0000000102e4c000 0000000102d22ac0 0000000000000000
[mtlr]   out: 0000003900000000 0000000000004000 000000023712bc8e 0000000000365a63
[mtlr] resource2 sel8 flags 470 sz 0x1000 -> kr 0x00000000 rid 58 GPUVA 0x100001b8000 cpu 102e50000
[mtlr]   out: 00000100001b8000 0000000102e50000 0000000102d22b80 0000000000000000
[mtlr]   out: 0000003a00000000 0000000000004000 000000023712bc8f 0000000000365a64
[mtlr] resource2 sel8 flags 470 sz 0x1000 -> kr 0x00000000 rid 59 GPUVA 0x100001c0000 cpu 102e54000
[mtlr]   out: 00000100001c0000 0000000102e54000 0000000102d22c40 0000000000000000
[mtlr]   out: 0000003b00000000 0000000000004000 000000023712bc90 0000000000365a65
[mtlr] resource2 sel8 flags 470 sz 0x1000 -> kr 0x00000000 rid 60 GPUVA 0x100001c8000 cpu 102e58000
[mtlr]   out: 00000100001c8000 0000000102e58000 0000000102d22d00 0000000000000000
[mtlr]   out: 0000003c00000000 0000000000004000 000000023712bc91 0000000000365a66
[mtlr] resource2 sel8 flags 470 sz 0x1000 -> kr 0x00000000 rid 61 GPUVA 0x100001d0000 cpu 102e5c000
[mtlr]   out: 00000100001d0000 0000000102e5c000 0000000102d22dc0 0000000000000000
[mtlr]   out: 0000003d00000000 0000000000004000 000000023712bc92 0000000000365a67
[ptspray] r0: victim rid 21 gpuva 0x10000080000 cpu 0x102db0000 (40 junk ready)
[ptspray] r0: destroy kr 0x00000000 + 40 junk => AGXUAT::process (PT pages -> pool0/pool1, unsrubbed)
[mtlr] resource2 sel8 flags 470 sz 0x10000 -> kr 0x00000000 rid 21 GPUVA 0x10000080000 cpu 102db0000
[mtlr]   out: 0000010000080000 0000000102db0000 0000000102d20fc0 0000000000000000
[mtlr]   out: 0000001500000000 0000000000010000 000000023712bc93 0000000000365a68
[mtlr] resource2 sel8 flags 470 sz 0x10000 -> kr 0x00000000 rid 22 GPUVA 0x10000098000 cpu 102dc0000
[mtlr]   out: 0000010000098000 0000000102dc0000 0000000102d21080 0000000000000000
[mtlr]   out: 0000001600000000 0000000000010000 000000023712bc94 0000000000365a69
[mtlr] resource2 sel8 flags 470 sz 0x10000 -> kr 0x00000000 rid 23 GPUVA 0x100000b0000 cpu 102dd0000
[mtlr]   out: 00000100000b0000 0000000102dd0000 0000000102d21140 0000000000000000
[mtlr]   out: 0000001700000000 0000000000010000 000000023712bc95 0000000000365a6a
[mtlr] resource2 sel8 flags 470 sz 0x10000 -> kr 0x00000000 rid 24 GPUVA 0x100000c8000 cpu 102de0000
[mtlr]   out: 00000100000c8000 0000000102de0000 0000000102d21200 0000000000000000
[mtlr]   out: 0000001800000000 0000000000010000 000000023712bc96 0000000000365a6b
[mtlr] resource2 sel8 flags 470 sz 0x10000 -> kr 0x00000000 rid 25 GPUVA 0x100000e0000 cpu 102df0000
[mtlr]   out: 00000100000e0000 0000000102df0000 0000000102d212c0 0000000000000000
[mtlr]   out: 0000001900000000 0000000000010000 000000023712bc97 0000000000365a6c
[mtlr] resource2 sel8 flags 470 sz 0x10000 -> kr 0x00000000 rid 26 GPUVA 0x100000f8000 cpu 102e00000
[mtlr]   out: 00000100000f8000 0000000102e00000 0000000102d21380 0000000000000000
[mtlr]   out: 0000001a00000000 0000000000010000 000000023712bc98 0000000000365a6d
[mtlr] resource2 sel8 flags 470 sz 0x10000 -> kr 0x00000000 rid 27 GPUVA 0x10000110000 cpu 102e10000
[mtlr]   out: 0000010000110000 0000000102e10000 0000000102d21440 0000000000000000
[mtlr]   out: 0000001b00000000 0000000000010000 000000023712bc99 0000000000365a6e
[mtlr] resource2 sel8 flags 470 sz 0x10000 -> kr 0x00000000 rid 28 GPUVA 0x10000128000 cpu 102e20000
[mtlr]   out: 0000010000128000 0000000102e20000 0000000102d21500 0000000000000000
[mtlr]   out: 0000001c00000000 0000000000010000 000000023712bc9a 0000000000365a6f
[mtlr] resource2 sel8 flags 470 sz 0x10000 -> kr 0x00000000 rid 29 GPUVA 0x10000140000 cpu 102e30000
[mtlr]   out: 0000010000140000 0000000102e30000 0000000102d215c0 0000000000000000
[mtlr]   out: 0000001d00000000 0000000000010000 000000023712bc9b 0000000000365a70
[mtlr] resource2 sel8 flags 470 sz 0x10000 -> kr 0x00000000 rid 30 GPUVA 0x10000158000 cpu 102e40000
[mtlr]   out: 0000010000158000 0000000102e40000 0000000102d21680 0000000000000000
[mtlr]   out: 0000001e00000000 0000000000010000 000000023712bc9c 0000000000365a71
[mtlr] resource2 sel8 flags 470 sz 0x10000 -> kr 0x00000000 rid 31 GPUVA 0x10000170000 cpu 102e50000
[mtlr]   out: 0000010000170000 0000000102e50000 0000000102d21740 0000000000000000
[mtlr]   out: 0000001f00000000 0000000000010000 000000023712bc9d 0000000000365a72
[mtlr] resource2 sel8 flags 470 sz 0x10000 -> kr 0x00000000 rid 32 GPUVA 0x10000188000 cpu 102f18000
[mtlr]   out: 0000010000188000 0000000102f18000 0000000102d21800 0000000000000000
[mtlr]   out: 0000002000000000 0000000000010000 000000023712bc9e 0000000000365a73
[mtlr] resource2 sel8 flags 470 sz 0x10000 -> kr 0x00000000 rid 33 GPUVA 0x100001a0000 cpu 102f28000
[mtlr]   out: 00000100001a0000 0000000102f28000 0000000102d218c0 0000000000000000
[mtlr]   out: 0000002100000000 0000000000010000 000000023712bc9f 0000000000365a74
[mtlr] resource2 sel8 flags 470 sz 0x10000 -> kr 0x00000000 rid 34 GPUVA 0x100001b8000 cpu 102f38000
[mtlr]   out: 00000100001b8000 0000000102f38000 0000000102d21980 0000000000000000
[mtlr]   out: 0000002200000000 0000000000010000 000000023712bca0 0000000000365a75
[mtlr] resource2 sel8 flags 470 sz 0x10000 -> kr 0x00000000 rid 35 GPUVA 0x100001d0000 cpu 1033a4000
[mtlr]   out: 00000100001d0000 00000001033a4000 0000000102d21a40 0000000000000000
[mtlr]   out: 0000002300000000 0000000000010000 000000023712bca1 0000000000365a76
[mtlr] resource2 sel8 flags 470 sz 0x10000 -> kr 0x00000000 rid 36 GPUVA 0x100001e8000 cpu 1033b4000
[mtlr]   out: 00000100001e8000 00000001033b4000 0000000102d21b00 0000000000000000
[mtlr]   out: 0000002400000000 0000000000010000 000000023712bca2 0000000000365a77
[mtlr] resource2 sel8 flags 470 sz 0x10000 -> kr 0x00000000 rid 37 GPUVA 0x10000200000 cpu 1033c4000
[mtlr]   out: 0000010000200000 00000001033c4000 0000000102d21bc0 0000000000000000
[mtlr]   out: 0000002500000000 0000000000010000 000000023712bca3 0000000000365a78
[mtlr] resource2 sel8 flags 470 sz 0x10000 -> kr 0x00000000 rid 38 GPUVA 0x10000218000 cpu 1033d4000
[mtlr]   out: 0000010000218000 00000001033d4000 0000000102d21c80 0000000000000000
[mtlr]   out: 0000002600000000 0000000000010000 000000023712bca4 0000000000365a79
[mtlr] resource2 sel8 flags 470 sz 0x10000 -> kr 0x00000000 rid 39 GPUVA 0x10000230000 cpu 1078ec000
[mtlr]   out: 0000010000230000 00000001078ec000 0000000102d21d40 0000000000000000
[mtlr]   out: 0000002700000000 0000000000010000 000000023712bca5 0000000000365a7a
[mtlr] resource2 sel8 flags 470 sz 0x10000 -> kr 0x00000000 rid 40 GPUVA 0x10000248000 cpu 1078fc000
[mtlr]   out: 0000010000248000 00000001078fc000 0000000102d21e00 0000000000000000
[mtlr]   out: 0000002800000000 0000000000010000 000000023712bca6 0000000000365a7b
[mtlr] resource2 sel8 flags 470 sz 0x10000 -> kr 0x00000000 rid 41 GPUVA 0x10000260000 cpu 10790c000
[mtlr]   out: 0000010000260000 000000010790c000 0000000102d21ec0 0000000000000000
[mtlr]   out: 0000002900000000 0000000000010000 000000023712bca7 0000000000365a7c
[mtlr] resource2 sel8 flags 470 sz 0x10000 -> kr 0x00000000 rid 42 GPUVA 0x10000278000 cpu 10791c000
[mtlr]   out: 0000010000278000 000000010791c000 0000000102d21f80 0000000000000000
[mtlr]   out: 0000002a00000000 0000000000010000 000000023712bca8 0000000000365a7d
[mtlr] resource2 sel8 flags 470 sz 0x10000 -> kr 0x00000000 rid 43 GPUVA 0x10000290000 cpu 10792c000
[mtlr]   out: 0000010000290000 000000010792c000 0000000102d22040 0000000000000000
[mtlr]   out: 0000002b00000000 0000000000010000 000000023712bca9 0000000000365a7e
[mtlr] resource2 sel8 flags 470 sz 0x10000 -> kr 0x00000000 rid 44 GPUVA 0x100002a8000 cpu 10793c000
[mtlr]   out: 00000100002a8000 000000010793c000 0000000102d22100 0000000000000000
[mtlr]   out: 0000002c00000000 0000000000010000 000000023712bcaa 0000000000365a7f
[mtlr] resource2 sel8 flags 470 sz 0x10000 -> kr 0x00000000 rid 45 GPUVA 0x100002c0000 cpu 10794c000
[mtlr]   out: 00000100002c0000 000000010794c000 0000000102d221c0 0000000000000000
[mtlr]   out: 0000002d00000000 0000000000010000 000000023712bcab 0000000000365a80
[mtlr] resource2 sel8 flags 470 sz 0x10000 -> kr 0x00000000 rid 46 GPUVA 0x100002d8000 cpu 10795c000
[mtlr]   out: 00000100002d8000 000000010795c000 0000000102d22280 0000000000000000
[mtlr]   out: 0000002e00000000 0000000000010000 000000023712bcac 0000000000365a81
[mtlr] resource2 sel8 flags 470 sz 0x10000 -> kr 0x00000000 rid 47 GPUVA 0x100002f0000 cpu 10796c000
[mtlr]   out: 00000100002f0000 000000010796c000 0000000102d22340 0000000000000000
[mtlr]   out: 0000002f00000000 0000000000010000 000000023712bcad 0000000000365a82
[mtlr] resource2 sel8 flags 470 sz 0x10000 -> kr 0x00000000 rid 48 GPUVA 0x10000308000 cpu 10797c000
[mtlr]   out: 0000010000308000 000000010797c000 0000000102d22400 0000000000000000
[mtlr]   out: 0000003000000000 0000000000010000 000000023712bcae 0000000000365a83
[mtlr] resource2 sel8 flags 470 sz 0x10000 -> kr 0x00000000 rid 49 GPUVA 0x10000320000 cpu 10798c000
[mtlr]   out: 0000010000320000 000000010798c000 0000000102d224c0 0000000000000000
[mtlr]   out: 0000003100000000 0000000000010000 000000023712bcaf 0000000000365a84
[mtlr] resource2 sel8 flags 470 sz 0x10000 -> kr 0x00000000 rid 50 GPUVA 0x10000338000 cpu 10799c000
[mtlr]   out: 0000010000338000 000000010799c000 0000000102d22580 0000000000000000
[mtlr]   out: 0000003200000000 0000000000010000 000000023712bcb0 0000000000365a85
[mtlr] resource2 sel8 flags 470 sz 0x10000 -> kr 0x00000000 rid 51 GPUVA 0x10000350000 cpu 1079ac000
[mtlr]   out: 0000010000350000 00000001079ac000 0000000102d22640 0000000000000000
[mtlr]   out: 0000003300000000 0000000000010000 000000023712bcb1 0000000000365a86
[mtlr] resource2 sel8 flags 470 sz 0x10000 -> kr 0x00000000 rid 52 GPUVA 0x10000368000 cpu 1079bc000
[mtlr]   out: 0000010000368000 00000001079bc000 0000000102d22700 0000000000000000
[mtlr]   out: 0000003400000000 0000000000010000 000000023712bcb2 0000000000365a87
[mtlr] resource2 sel8 flags 470 sz 0x10000 -> kr 0x00000000 rid 53 GPUVA 0x10000380000 cpu 1079cc000
[mtlr]   out: 0000010000380000 00000001079cc000 0000000102d227c0 0000000000000000
[mtlr]   out: 0000003500000000 0000000000010000 000000023712bcb3 0000000000365a88
[mtlr] resource2 sel8 flags 470 sz 0x10000 -> kr 0x00000000 rid 54 GPUVA 0x10000398000 cpu 1079dc000
[mtlr]   out: 0000010000398000 00000001079dc000 0000000102d22880 0000000000000000
[mtlr]   out: 0000003600000000 0000000000010000 000000023712bcb4 0000000000365a89
[mtlr] resource2 sel8 flags 470 sz 0x10000 -> kr 0x00000000 rid 55 GPUVA 0x100003b0000 cpu 1079ec000
[mtlr]   out: 00000100003b0000 00000001079ec000 0000000102d22940 0000000000000000
[mtlr]   out: 0000003700000000 0000000000010000 000000023712bcb5 0000000000365a8a
[mtlr] resource2 sel8 flags 470 sz 0x10000 -> kr 0x00000000 rid 56 GPUVA 0x100003c8000 cpu 1079fc000
[mtlr]   out: 00000100003c8000 00000001079fc000 0000000102d22a00 0000000000000000
[mtlr]   out: 0000003800000000 0000000000010000 000000023712bcb6 0000000000365a8b
[mtlr] resource2 sel8 flags 470 sz 0x10000 -> kr 0x00000000 rid 57 GPUVA 0x100003e0000 cpu 107a0c000
[mtlr]   out: 00000100003e0000 0000000107a0c000 0000000102d22ac0 0000000000000000
[mtlr]   out: 0000003900000000 0000000000010000 000000023712bcb7 0000000000365a8c
[mtlr] resource2 sel8 flags 470 sz 0x10000 -> kr 0x00000000 rid 58 GPUVA 0x100003f8000 cpu 107a1c000
[mtlr]   out: 00000100003f8000 0000000107a1c000 0000000102d22b80 0000000000000000
[mtlr]   out: 0000003a00000000 0000000000010000 000000023712bcb8 0000000000365a8d
[mtlr] resource2 sel8 flags 470 sz 0x10000 -> kr 0x00000000 rid 59 GPUVA 0x10000410000 cpu 107a2c000
[mtlr]   out: 0000010000410000 0000000107a2c000 0000000102d22c40 0000000000000000
[mtlr]   out: 0000003b00000000 0000000000010000 000000023712bcb9 0000000000365a8e
[mtlr] resource2 sel8 flags 470 sz 0x10000 -> kr 0x00000000 rid 60 GPUVA 0x10000428000 cpu 107a3c000
[mtlr]   out: 0000010000428000 0000000107a3c000 0000000102d22d00 0000000000000000
[mtlr]   out: 0000003c00000000 0000000000010000 000000023712bcba 0000000000365a8f
[mtlr] resource2 sel8 flags 470 sz 0x10000 -> kr 0x00000000 rid 61 GPUVA 0x10000440000 cpu 107a4c000
[mtlr]   out: 0000010000440000 0000000107a4c000 0000000102d22dc0 0000000000000000
[mtlr]   out: 0000003d00000000 0000000000010000 000000023712bcbb 0000000000365a90
[mtlr] resource2 sel8 flags 470 sz 0x10000 -> kr 0x00000000 rid 62 GPUVA 0x10000458000 cpu 107a5c000
[mtlr]   out: 0000010000458000 0000000107a5c000 0000000102d22e80 0000000000000000
[mtlr]   out: 0000003e00000000 0000000000010000 000000023712bcbc 0000000000365a91
[mtlr] resource2 sel8 flags 470 sz 0x10000 -> kr 0x00000000 rid 63 GPUVA 0x10000470000 cpu 107a6c000
[mtlr]   out: 0000010000470000 0000000107a6c000 0000000102d22f40 0000000000000000
[mtlr]   out: 0000003f00000000 0000000000010000 000000023712bcbd 0000000000365a92
[mtlr] resource2 sel8 flags 470 sz 0x10000 -> kr 0x00000000 rid 64 GPUVA 0x10000488000 cpu 107a7c000
[mtlr]   out: 0000010000488000 0000000107a7c000 0000000102d23000 0000000000000000
[mtlr]   out: 0000004000000000 0000000000010000 000000023712bcbe 0000000000365a93
[mtlr] resource2 sel8 flags 470 sz 0x10000 -> kr 0x00000000 rid 65 GPUVA 0x100004a0000 cpu 107a8c000
[mtlr]   out: 00000100004a0000 0000000107a8c000 0000000102d230c0 0000000000000000
[mtlr]   out: 0000004100000000 0000000000010000 000000023712bcbf 0000000000365a94
[mtlr] resource2 sel8 flags 470 sz 0x10000 -> kr 0x00000000 rid 66 GPUVA 0x100004b8000 cpu 107a9c000
[mtlr]   out: 00000100004b8000 0000000107a9c000 0000000102d23180 0000000000000000
[mtlr]   out: 0000004200000000 0000000000010000 000000023712bcc0 0000000000365a95
[mtlr] resource2 sel8 flags 470 sz 0x10000 -> kr 0x00000000 rid 67 GPUVA 0x100004d0000 cpu 107aac000
[mtlr]   out: 00000100004d0000 0000000107aac000 0000000102d23240 0000000000000000
[mtlr]   out: 0000004300000000 0000000000010000 000000023712bcc1 0000000000365a96
[mtlr] resource2 sel8 flags 470 sz 0x10000 -> kr 0x00000000 rid 68 GPUVA 0x100004e8000 cpu 107abc000
[mtlr]   out: 00000100004e8000 0000000107abc000 0000000102d23300 0000000000000000
[mtlr]   out: 0000004400000000 0000000000010000 000000023712bcc2 0000000000365a97
[ptspray] r0 control: victim gpuva 0x10000080000 — 1/48 reclaimers landed on it (0 = reclaim path not exercised, result inconclusive)
[ptspray] r0 wave[0] rid 21 gpuva 0x10000080000 (victim 0x10000080000, REUSED)
[ptspray] r0 wave[1] rid 22 gpuva 0x10000098000 (victim 0x10000080000, near)
[ptspray] r0 wave[2] rid 23 gpuva 0x100000b0000 (victim 0x10000080000, near)
[ptspray] r0 wave[3] rid 24 gpuva 0x100000c8000 (victim 0x10000080000, near)
[ptspray] r0 wave[4] rid 25 gpuva 0x100000e0000 (victim 0x10000080000, near)
[ptspray] r0 wave[5] rid 26 gpuva 0x100000f8000 (victim 0x10000080000, near)
[ptspray] r0 wave[6] rid 27 gpuva 0x10000110000 (victim 0x10000080000, near)
[ptspray] r0 wave[7] rid 28 gpuva 0x10000128000 (victim 0x10000080000, near)
[ptspray] r0 summary: 48 reclaimers | zero 48 | PTE-shaped 0 | data/unknown 0 | (no PT content reachable)
[mtlr] resource2 sel8 flags 470 sz 0x10000 -> kr 0x00000000 rid 69 GPUVA 0x10000500000 cpu 107acc000
[mtlr]   out: 0000010000500000 0000000107acc000 0000000102d233c0 0000000000000000
[mtlr]   out: 0000004500000000 0000000000010000 000000023712bcc3 0000000000365a98
[mtlr] resource2 sel8 flags 470 sz 0x1000 -> kr 0x00000000 rid 70 GPUVA 0x10000518000 cpu 102f48000
[mtlr]   out: 0000010000518000 0000000102f48000 0000000102d23480 0000000000000000
[mtlr]   out: 0000004600000000 0000000000004000 000000023712bcc4 0000000000365a99
[mtlr] resource2 sel8 flags 470 sz 0x1000 -> kr 0x00000000 rid 71 GPUVA 0x10000520000 cpu 102f4c000
[mtlr]   out: 0000010000520000 0000000102f4c000 0000000102d23540 0000000000000000
[mtlr]   out: 0000004700000000 0000000000004000 000000023712bcc5 0000000000365a9a
[mtlr] resource2 sel8 flags 470 sz 0x1000 -> kr 0x00000000 rid 72 GPUVA 0x10000528000 cpu 107adc000
[mtlr]   out: 0000010000528000 0000000107adc000 0000000102d23600 0000000000000000
[mtlr]   out: 0000004800000000 0000000000004000 000000023712bcc6 0000000000365a9b
[mtlr] resource2 sel8 flags 470 sz 0x1000 -> kr 0x00000000 rid 73 GPUVA 0x10000530000 cpu 107ae0000
[mtlr]   out: 0000010000530000 0000000107ae0000 0000000102d236c0 0000000000000000
[mtlr]   out: 0000004900000000 0000000000004000 000000023712bcc7 0000000000365a9c
[mtlr] resource2 sel8 flags 470 sz 0x1000 -> kr 0x00000000 rid 74 GPUVA 0x10000538000 cpu 107ae4000
[mtlr]   out: 0000010000538000 0000000107ae4000 0000000102d23780 0000000000000000
[mtlr]   out: 0000004a00000000 0000000000004000 000000023712bcc8 0000000000365a9d
[mtlr] resource2 sel8 flags 470 sz 0x1000 -> kr 0x00000000 rid 75 GPUVA 0x10000540000 cpu 107ae8000
[mtlr]   out: 0000010000540000 0000000107ae8000 0000000102d23840 0000000000000000
[mtlr]   out: 0000004b00000000 0000000000004000 000000023712bcc9 0000000000365a9e
[mtlr] resource2 sel8 flags 470 sz 0x1000 -> kr 0x00000000 rid 76 GPUVA 0x10000548000 cpu 107aec000
[mtlr]   out: 0000010000548000 0000000107aec000 0000000102d23900 0000000000000000
[mtlr]   out: 0000004c00000000 0000000000004000 000000023712bcca 0000000000365a9f
[mtlr] resource2 sel8 flags 470 sz 0x1000 -> kr 0x00000000 rid 77 GPUVA 0x10000550000 cpu 107af0000
[mtlr]   out: 0000010000550000 0000000107af0000 0000000102d239c0 0000000000000000
[mtlr]   out: 0000004d00000000 0000000000004000 000000023712bccb 0000000000365aa0
[mtlr] resource2 sel8 flags 470 sz 0x1000 -> kr 0x00000000 rid 78 GPUVA 0x10000558000 cpu 107af4000
[mtlr]   out: 0000010000558000 0000000107af4000 0000000102d23a80 0000000000000000
[mtlr]   out: 0000004e00000000 0000000000004000 000000023712bccc 0000000000365aa1
[mtlr] resource2 sel8 flags 470 sz 0x1000 -> kr 0x00000000 rid 79 GPUVA 0x10000560000 cpu 107af8000
[mtlr]   out: 0000010000560000 0000000107af8000 0000000102d23b40 0000000000000000
[mtlr]   out: 0000004f00000000 0000000000004000 000000023712bccd 0000000000365aa2
[mtlr] resource2 sel8 flags 470 sz 0x1000 -> kr 0x00000000 rid 80 GPUVA 0x10000568000 cpu 107afc000
[mtlr]   out: 0000010000568000 0000000107afc000 0000000102d23c00 0000000000000000
[mtlr]   out: 0000005000000000 0000000000004000 000000023712bcce 0000000000365aa3
[mtlr] resource2 sel8 flags 470 sz 0x1000 -> kr 0x00000000 rid 81 GPUVA 0x10000570000 cpu 107b00000
[mtlr]   out: 0000010000570000 0000000107b00000 0000000102d23cc0 0000000000000000
[mtlr]   out: 0000005100000000 0000000000004000 000000023712bccf 0000000000365aa4
[mtlr] resource2 sel8 flags 470 sz 0x1000 -> kr 0x00000000 rid 82 GPUVA 0x10000578000 cpu 107b04000
[mtlr]   out: 0000010000578000 0000000107b04000 0000000102d23d80 0000000000000000
[mtlr]   out: 0000005200000000 0000000000004000 000000023712bcd0 0000000000365aa5
[mtlr] resource2 sel8 flags 470 sz 0x1000 -> kr 0x00000000 rid 83 GPUVA 0x10000580000 cpu 107b08000
[mtlr]   out: 0000010000580000 0000000107b08000 0000000102d23e40 0000000000000000
[mtlr]   out: 0000005300000000 0000000000004000 000000023712bcd1 0000000000365aa6
[mtlr] resource2 sel8 flags 470 sz 0x1000 -> kr 0x00000000 rid 84 GPUVA 0x10000588000 cpu 107b0c000
[mtlr]   out: 0000010000588000 0000000107b0c000 0000000102d23f00 0000000000000000
[mtlr]   out: 0000005400000000 0000000000004000 000000023712bcd2 0000000000365aa7
[mtlr] resource2 sel8 flags 470 sz 0x1000 -> kr 0x00000000 rid 85 GPUVA 0x10000590000 cpu 107b10000
[mtlr]   out: 0000010000590000 0000000107b10000 0000000102d23fc0 0000000000000000
[mtlr]   out: 0000005500000000 0000000000004000 000000023712bcd3 0000000000365aa8
[mtlr] resource2 sel8 flags 470 sz 0x1000 -> kr 0x00000000 rid 86 GPUVA 0x10000598000 cpu 107b14000
[mtlr]   out: 0000010000598000 0000000107b14000 0000000102d24080 0000000000000000
[mtlr]   out: 0000005600000000 0000000000004000 000000023712bcd4 0000000000365aa9
[mtlr] resource2 sel8 flags 470 sz 0x1000 -> kr 0x00000000 rid 87 GPUVA 0x100005a0000 cpu 107b18000
[mtlr]   out: 00000100005a0000 0000000107b18000 0000000102d24140 0000000000000000
[mtlr]   out: 0000005700000000 0000000000004000 000000023712bcd5 0000000000365aaa
[mtlr] resource2 sel8 flags 470 sz 0x1000 -> kr 0x00000000 rid 88 GPUVA 0x100005a8000 cpu 107b1c000
[mtlr]   out: 00000100005a8000 0000000107b1c000 0000000102d24200 0000000000000000
[mtlr]   out: 0000005800000000 0000000000004000 000000023712bcd6 0000000000365aab
[mtlr] resource2 sel8 flags 470 sz 0x1000 -> kr 0x00000000 rid 89 GPUVA 0x100005b0000 cpu 107b20000
[mtlr]   out: 00000100005b0000 0000000107b20000 0000000102d242c0 0000000000000000
[mtlr]   out: 0000005900000000 0000000000004000 000000023712bcd7 0000000000365aac
[mtlr] resource2 sel8 flags 470 sz 0x1000 -> kr 0x00000000 rid 90 GPUVA 0x100005b8000 cpu 107b24000
[mtlr]   out: 00000100005b8000 0000000107b24000 0000000102d24380 0000000000000000
[mtlr]   out: 0000005a00000000 0000000000004000 000000023712bcd8 0000000000365aad
[mtlr] resource2 sel8 flags 470 sz 0x1000 -> kr 0x00000000 rid 91 GPUVA 0x100005c0000 cpu 107b28000
[mtlr]   out: 00000100005c0000 0000000107b28000 0000000102d24440 0000000000000000
[mtlr]   out: 0000005b00000000 0000000000004000 000000023712bcd9 0000000000365aae
[mtlr] resource2 sel8 flags 470 sz 0x1000 -> kr 0x00000000 rid 92 GPUVA 0x100005c8000 cpu 107b2c000
[mtlr]   out: 00000100005c8000 0000000107b2c000 0000000102d24500 0000000000000000
[mtlr]   out: 0000005c00000000 0000000000004000 000000023712bcda 0000000000365aaf
[mtlr] resource2 sel8 flags 470 sz 0x1000 -> kr 0x00000000 rid 93 GPUVA 0x100005d0000 cpu 107b30000
[mtlr]   out: 00000100005d0000 0000000107b30000 0000000102d245c0 0000000000000000
[mtlr]   out: 0000005d00000000 0000000000004000 000000023712bcdb 0000000000365ab0
[mtlr] resource2 sel8 flags 470 sz 0x1000 -> kr 0x00000000 rid 94 GPUVA 0x100005d8000 cpu 107b34000
[mtlr]   out: 00000100005d8000 0000000107b34000 0000000102d24680 0000000000000000
[mtlr]   out: 0000005e00000000 0000000000004000 000000023712bcdc 0000000000365ab1
[mtlr] resource2 sel8 flags 470 sz 0x1000 -> kr 0x00000000 rid 95 GPUVA 0x100005e0000 cpu 107b38000
[mtlr]   out: 00000100005e0000 0000000107b38000 0000000102d24740 0000000000000000
[mtlr]   out: 0000005f00000000 0000000000004000 000000023712bcdd 0000000000365ab2
[mtlr] resource2 sel8 flags 470 sz 0x1000 -> kr 0x00000000 rid 96 GPUVA 0x100005e8000 cpu 107b3c000
[mtlr]   out: 00000100005e8000 0000000107b3c000 0000000102d24800 0000000000000000
[mtlr]   out: 0000006000000000 0000000000004000 000000023712bcde 0000000000365ab3
[mtlr] resource2 sel8 flags 470 sz 0x1000 -> kr 0x00000000 rid 97 GPUVA 0x100005f0000 cpu 107b40000
[mtlr]   out: 00000100005f0000 0000000107b40000 0000000102d248c0 0000000000000000
[mtlr]   out: 0000006100000000 0000000000004000 000000023712bcdf 0000000000365ab4
[mtlr] resource2 sel8 flags 470 sz 0x1000 -> kr 0x00000000 rid 98 GPUVA 0x100005f8000 cpu 107b44000
[mtlr]   out: 00000100005f8000 0000000107b44000 0000000102d24980 0000000000000000
[mtlr]   out: 0000006200000000 0000000000004000 000000023712bce0 0000000000365ab5
[mtlr] resource2 sel8 flags 470 sz 0x1000 -> kr 0x00000000 rid 99 GPUVA 0x10000600000 cpu 107b48000
[mtlr]   out: 0000010000600000 0000000107b48000 0000000102d24a40 0000000000000000
[mtlr]   out: 0000006300000000 0000000000004000 000000023712bce1 0000000000365ab6
[mtlr] resource2 sel8 flags 470 sz 0x1000 -> kr 0x00000000 rid 100 GPUVA 0x10000608000 cpu 107b4c000
[mtlr]   out: 0000010000608000 0000000107b4c000 0000000102d24b00 0000000000000000
[mtlr]   out: 0000006400000000 0000000000004000 000000023712bce2 0000000000365ab7
[mtlr] resource2 sel8 flags 470 sz 0x1000 -> kr 0x00000000 rid 101 GPUVA 0x10000610000 cpu 107b50000
[mtlr]   out: 0000010000610000 0000000107b50000 0000000102d24bc0 0000000000000000
[mtlr]   out: 0000006500000000 0000000000004000 000000023712bce3 0000000000365ab8
[mtlr] resource2 sel8 flags 470 sz 0x1000 -> kr 0x00000000 rid 102 GPUVA 0x10000618000 cpu 107b54000
[mtlr]   out: 0000010000618000 0000000107b54000 0000000102d24c80 0000000000000000
[mtlr]   out: 0000006600000000 0000000000004000 000000023712bce4 0000000000365ab9
[mtlr] resource2 sel8 flags 470 sz 0x1000 -> kr 0x00000000 rid 103 GPUVA 0x10000620000 cpu 107b58000
[mtlr]   out: 0000010000620000 0000000107b58000 0000000102d24d40 0000000000000000
[mtlr]   out: 0000006700000000 0000000000004000 000000023712bce5 0000000000365aba
[mtlr] resource2 sel8 flags 470 sz 0x1000 -> kr 0x00000000 rid 104 GPUVA 0x10000628000 cpu 107b5c000
[mtlr]   out: 0000010000628000 0000000107b5c000 0000000102d24e00 0000000000000000
[mtlr]   out: 0000006800000000 0000000000004000 000000023712bce6 0000000000365abb
[mtlr] resource2 sel8 flags 470 sz 0x1000 -> kr 0x00000000 rid 105 GPUVA 0x10000630000 cpu 107b60000
[mtlr]   out: 0000010000630000 0000000107b60000 0000000102d24ec0 0000000000000000
[mtlr]   out: 0000006900000000 0000000000004000 000000023712bce7 0000000000365abc
[mtlr] resource2 sel8 flags 470 sz 0x1000 -> kr 0x00000000 rid 106 GPUVA 0x10000638000 cpu 107b64000
[mtlr]   out: 0000010000638000 0000000107b64000 0000000102d24f80 0000000000000000
[mtlr]   out: 0000006a00000000 0000000000004000 000000023712bce8 0000000000365abd
[mtlr] resource2 sel8 flags 470 sz 0x1000 -> kr 0x00000000 rid 107 GPUVA 0x10000640000 cpu 107b68000
[mtlr]   out: 0000010000640000 0000000107b68000 0000000102d25040 0000000000000000
[mtlr]   out: 0000006b00000000 0000000000004000 000000023712bce9 0000000000365abe
[mtlr] resource2 sel8 flags 470 sz 0x1000 -> kr 0x00000000 rid 108 GPUVA 0x10000648000 cpu 107b6c000
[mtlr]   out: 0000010000648000 0000000107b6c000 0000000102d25100 0000000000000000
[mtlr]   out: 0000006c00000000 0000000000004000 000000023712bcea 0000000000365abf
[mtlr] resource2 sel8 flags 470 sz 0x1000 -> kr 0x00000000 rid 109 GPUVA 0x10000650000 cpu 107b70000
[mtlr]   out: 0000010000650000 0000000107b70000 0000000102d251c0 0000000000000000
[mtlr]   out: 0000006d00000000 0000000000004000 000000023712bceb 0000000000365ac0
[ptspray] r1: victim rid 69 gpuva 0x10000500000 cpu 0x107acc000 (40 junk ready)
[ptspray] r1: destroy kr 0x00000000 + 40 junk => AGXUAT::process (PT pages -> pool0/pool1, unsrubbed)
[mtlr] resource2 sel8 flags 470 sz 0x10000 -> kr 0x00000000 rid 69 GPUVA 0x10000500000 cpu 107acc000
[mtlr]   out: 0000010000500000 0000000107acc000 0000000102d233c0 0000000000000000
[mtlr]   out: 0000004500000000 0000000000010000 000000023712bcec 0000000000365ac1
[mtlr] resource2 sel8 flags 470 sz 0x10000 -> kr 0x00000000 rid 70 GPUVA 0x10000518000 cpu 107adc000
[mtlr]   out: 0000010000518000 0000000107adc000 0000000102d23480 0000000000000000
[mtlr]   out: 0000004600000000 0000000000010000 000000023712bced 0000000000365ac2
[mtlr] resource2 sel8 flags 470 sz 0x10000 -> kr 0x00000000 rid 71 GPUVA 0x10000530000 cpu 107aec000
[mtlr]   out: 0000010000530000 0000000107aec000 0000000102d23540 0000000000000000
[mtlr]   out: 0000004700000000 0000000000010000 000000023712bcee 0000000000365ac3
[mtlr] resource2 sel8 flags 470 sz 0x10000 -> kr 0x00000000 rid 72 GPUVA 0x10000548000 cpu 107afc000
[mtlr]   out: 0000010000548000 0000000107afc000 0000000102d23600 0000000000000000
[mtlr]   out: 0000004800000000 0000000000010000 000000023712bcef 0000000000365ac4
[mtlr] resource2 sel8 flags 470 sz 0x10000 -> kr 0x00000000 rid 73 GPUVA 0x10000560000 cpu 107b0c000
[mtlr]   out: 0000010000560000 0000000107b0c000 0000000102d236c0 0000000000000000
[mtlr]   out: 0000004900000000 0000000000010000 000000023712bcf0 0000000000365ac5
[mtlr] resource2 sel8 flags 470 sz 0x10000 -> kr 0x00000000 rid 74 GPUVA 0x10000578000 cpu 107b1c000
[mtlr]   out: 0000010000578000 0000000107b1c000 0000000102d23780 0000000000000000
[mtlr]   out: 0000004a00000000 0000000000010000 000000023712bcf1 0000000000365ac6
[mtlr] resource2 sel8 flags 470 sz 0x10000 -> kr 0x00000000 rid 75 GPUVA 0x10000590000 cpu 107b2c000
[mtlr]   out: 0000010000590000 0000000107b2c000 0000000102d23840 0000000000000000
[mtlr]   out: 0000004b00000000 0000000000010000 000000023712bcf2 0000000000365ac7
[mtlr] resource2 sel8 flags 470 sz 0x10000 -> kr 0x00000000 rid 76 GPUVA 0x100005a8000 cpu 107b3c000
[mtlr]   out: 00000100005a8000 0000000107b3c000 0000000102d23900 0000000000000000
[mtlr]   out: 0000004c00000000 0000000000010000 000000023712bcf3 0000000000365ac8
[mtlr] resource2 sel8 flags 470 sz 0x10000 -> kr 0x00000000 rid 77 GPUVA 0x100005c0000 cpu 107b4c000
[mtlr]   out: 00000100005c0000 0000000107b4c000 0000000102d239c0 0000000000000000
[mtlr]   out: 0000004d00000000 0000000000010000 000000023712bcf4 0000000000365ac9
[mtlr] resource2 sel8 flags 470 sz 0x10000 -> kr 0x00000000 rid 78 GPUVA 0x100005d8000 cpu 107b5c000
[mtlr]   out: 00000100005d8000 0000000107b5c000 0000000102d23a80 0000000000000000
[mtlr]   out: 0000004e00000000 0000000000010000 000000023712bcf5 0000000000365aca
[mtlr] resource2 sel8 flags 470 sz 0x10000 -> kr 0x00000000 rid 79 GPUVA 0x100005f0000 cpu 107b6c000
[mtlr]   out: 00000100005f0000 0000000107b6c000 0000000102d23b40 0000000000000000
[mtlr]   out: 0000004f00000000 0000000000010000 000000023712bcf6 0000000000365acb
[mtlr] resource2 sel8 flags 470 sz 0x10000 -> kr 0x00000000 rid 80 GPUVA 0x10000608000 cpu 107b7c000
[mtlr]   out: 0000010000608000 0000000107b7c000 0000000102d23c00 0000000000000000
[mtlr]   out: 0000005000000000 0000000000010000 000000023712bcf7 0000000000365acc
[mtlr] resource2 sel8 flags 470 sz 0x10000 -> kr 0x00000000 rid 81 GPUVA 0x10000620000 cpu 107b8c000
[mtlr]   out: 0000010000620000 0000000107b8c000 0000000102d23cc0 0000000000000000
[mtlr]   out: 0000005100000000 0000000000010000 000000023712bcf9 0000000000365ace
[mtlr] resource2 sel8 flags 470 sz 0x10000 -> kr 0x00000000 rid 82 GPUVA 0x10000638000 cpu 107b9c000
[mtlr]   out: 0000010000638000 0000000107b9c000 0000000102d23d80 0000000000000000
[mtlr]   out: 0000005200000000 0000000000010000 000000023712bcfa 0000000000365acf
[mtlr] resource2 sel8 flags 470 sz 0x10000 -> kr 0x00000000 rid 83 GPUVA 0x10000650000 cpu 107bac000
[mtlr]   out: 0000010000650000 0000000107bac000 0000000102d23e40 0000000000000000
[mtlr]   out: 0000005300000000 0000000000010000 000000023712bcfb 0000000000365ad0
[mtlr] resource2 sel8 flags 470 sz 0x10000 -> kr 0x00000000 rid 84 GPUVA 0x10000668000 cpu 107bbc000
[mtlr]   out: 0000010000668000 0000000107bbc000 0000000102d23f00 0000000000000000
[mtlr]   out: 0000005400000000 0000000000010000 000000023712bcfc 0000000000365ad1
[mtlr] resource2 sel8 flags 470 sz 0x10000 -> kr 0x00000000 rid 85 GPUVA 0x10000680000 cpu 107bcc000
[mtlr]   out: 0000010000680000 0000000107bcc000 0000000102d23fc0 0000000000000000
[mtlr]   out: 0000005500000000 0000000000010000 000000023712bcfd 0000000000365ad2
[mtlr] resource2 sel8 flags 470 sz 0x10000 -> kr 0x00000000 rid 86 GPUVA 0x10000698000 cpu 107bdc000
[mtlr]   out: 0000010000698000 0000000107bdc000 0000000102d24080 0000000000000000
[mtlr]   out: 0000005600000000 0000000000010000 000000023712bcfe 0000000000365ad3
[mtlr] resource2 sel8 flags 470 sz 0x10000 -> kr 0x00000000 rid 87 GPUVA 0x100006b0000 cpu 107bec000
[mtlr]   out: 00000100006b0000 0000000107bec000 0000000102d24140 0000000000000000
[mtlr]   out: 0000005700000000 0000000000010000 000000023712bcff 0000000000365ad4
[mtlr] resource2 sel8 flags 470 sz 0x10000 -> kr 0x00000000 rid 88 GPUVA 0x100006c8000 cpu 10b950000
[mtlr]   out: 00000100006c8000 000000010b950000 0000000102d24200 0000000000000000
[mtlr]   out: 0000005800000000 0000000000010000 000000023712bd00 0000000000365ad5
[mtlr] resource2 sel8 flags 470 sz 0x10000 -> kr 0x00000000 rid 89 GPUVA 0x100006e0000 cpu 10b960000
[mtlr]   out: 00000100006e0000 000000010b960000 0000000102d242c0 0000000000000000
[mtlr]   out: 0000005900000000 0000000000010000 000000023712bd01 0000000000365ad6
[mtlr] resource2 sel8 flags 470 sz 0x10000 -> kr 0x00000000 rid 90 GPUVA 0x100006f8000 cpu 10b970000
[mtlr]   out: 00000100006f8000 000000010b970000 0000000102d24380 0000000000000000
[mtlr]   out: 0000005a00000000 0000000000010000 000000023712bd02 0000000000365ad7
[mtlr] resource2 sel8 flags 470 sz 0x10000 -> kr 0x00000000 rid 91 GPUVA 0x10000710000 cpu 10b980000
[mtlr]   out: 0000010000710000 000000010b980000 0000000102d24440 0000000000000000
[mtlr]   out: 0000005b00000000 0000000000010000 000000023712bd03 0000000000365ad8
[mtlr] resource2 sel8 flags 470 sz 0x10000 -> kr 0x00000000 rid 92 GPUVA 0x10000728000 cpu 10b990000
[mtlr]   out: 0000010000728000 000000010b990000 0000000102d24500 0000000000000000
[mtlr]   out: 0000005c00000000 0000000000010000 000000023712bd04 0000000000365ad9
[mtlr] resource2 sel8 flags 470 sz 0x10000 -> kr 0x00000000 rid 93 GPUVA 0x10000740000 cpu 10b9a0000
[mtlr]   out: 0000010000740000 000000010b9a0000 0000000102d245c0 0000000000000000
[mtlr]   out: 0000005d00000000 0000000000010000 000000023712bd05 0000000000365ada
[mtlr] resource2 sel8 flags 470 sz 0x10000 -> kr 0x00000000 rid 94 GPUVA 0x10000758000 cpu 10b9b0000
[mtlr]   out: 0000010000758000 000000010b9b0000 0000000102d24680 0000000000000000
[mtlr]   out: 0000005e00000000 0000000000010000 000000023712bd06 0000000000365adb
[mtlr] resource2 sel8 flags 470 sz 0x10000 -> kr 0x00000000 rid 95 GPUVA 0x10000770000 cpu 10b9c0000
[mtlr]   out: 0000010000770000 000000010b9c0000 0000000102d24740 0000000000000000
[mtlr]   out: 0000005f00000000 0000000000010000 000000023712bd07 0000000000365adc
[mtlr] resource2 sel8 flags 470 sz 0x10000 -> kr 0x00000000 rid 96 GPUVA 0x10000788000 cpu 10b9d0000
[mtlr]   out: 0000010000788000 000000010b9d0000 0000000102d24800 0000000000000000
[mtlr]   out: 0000006000000000 0000000000010000 000000023712bd08 0000000000365add
[mtlr] resource2 sel8 flags 470 sz 0x10000 -> kr 0x00000000 rid 97 GPUVA 0x100007a0000 cpu 10b9e0000
[mtlr]   out: 00000100007a0000 000000010b9e0000 0000000102d248c0 0000000000000000
[mtlr]   out: 0000006100000000 0000000000010000 000000023712bd09 0000000000365ade
[mtlr] resource2 sel8 flags 470 sz 0x10000 -> kr 0x00000000 rid 98 GPUVA 0x100007b8000 cpu 10b9f0000
[mtlr]   out: 00000100007b8000 000000010b9f0000 0000000102d24980 0000000000000000
[mtlr]   out: 0000006200000000 0000000000010000 000000023712bd0c 0000000000365ae0
[mtlr] resource2 sel8 flags 470 sz 0x10000 -> kr 0x00000000 rid 99 GPUVA 0x100007d0000 cpu 10ba00000
[mtlr]   out: 00000100007d0000 000000010ba00000 0000000102d24a40 0000000000000000
[mtlr]   out: 0000006300000000 0000000000010000 000000023712bd0e 0000000000365ae2
[mtlr] resource2 sel8 flags 470 sz 0x10000 -> kr 0x00000000 rid 100 GPUVA 0x100007e8000 cpu 10ba10000
[mtlr]   out: 00000100007e8000 000000010ba10000 0000000102d24b00 0000000000000000
[mtlr]   out: 0000006400000000 0000000000010000 000000023712bd11 0000000000365ae5
[mtlr] resource2 sel8 flags 470 sz 0x10000 -> kr 0x00000000 rid 101 GPUVA 0x10000800000 cpu 10ba20000
[mtlr]   out: 0000010000800000 000000010ba20000 0000000102d24bc0 0000000000000000
[mtlr]   out: 0000006500000000 0000000000010000 000000023712bd12 0000000000365ae6
[mtlr] resource2 sel8 flags 470 sz 0x10000 -> kr 0x00000000 rid 102 GPUVA 0x10000818000 cpu 10ba30000
[mtlr]   out: 0000010000818000 000000010ba30000 0000000102d24c80 0000000000000000
[mtlr]   out: 0000006600000000 0000000000010000 000000023712bd13 0000000000365ae7
[mtlr] resource2 sel8 flags 470 sz 0x10000 -> kr 0x00000000 rid 103 GPUVA 0x10000830000 cpu 10ba40000
[mtlr]   out: 0000010000830000 000000010ba40000 0000000102d24d40 0000000000000000
[mtlr]   out: 0000006700000000 0000000000010000 000000023712bd14 0000000000365ae8
[mtlr] resource2 sel8 flags 470 sz 0x10000 -> kr 0x00000000 rid 104 GPUVA 0x10000848000 cpu 10ba50000
[mtlr]   out: 0000010000848000 000000010ba50000 0000000102d24e00 0000000000000000
[mtlr]   out: 0000006800000000 0000000000010000 000000023712bd15 0000000000365ae9
[mtlr] resource2 sel8 flags 470 sz 0x10000 -> kr 0x00000000 rid 105 GPUVA 0x10000860000 cpu 10ba60000
[mtlr]   out: 0000010000860000 000000010ba60000 0000000102d24ec0 0000000000000000
[mtlr]   out: 0000006900000000 0000000000010000 000000023712bd18 0000000000365aea
[mtlr] resource2 sel8 flags 470 sz 0x10000 -> kr 0x00000000 rid 106 GPUVA 0x10000878000 cpu 10ba70000
[mtlr]   out: 0000010000878000 000000010ba70000 0000000102d24f80 0000000000000000
[mtlr]   out: 0000006a00000000 0000000000010000 000000023712bd19 0000000000365aeb
[mtlr] resource2 sel8 flags 470 sz 0x10000 -> kr 0x00000000 rid 107 GPUVA 0x10000890000 cpu 10ba80000
[mtlr]   out: 0000010000890000 000000010ba80000 0000000102d25040 0000000000000000
[mtlr]   out: 0000006b00000000 0000000000010000 000000023712bd1c 0000000000365aec
[mtlr] resource2 sel8 flags 470 sz 0x10000 -> kr 0x00000000 rid 108 GPUVA 0x100008a8000 cpu 10ba90000
[mtlr]   out: 00000100008a8000 000000010ba90000 0000000102d25100 0000000000000000
[mtlr]   out: 0000006c00000000 0000000000010000 000000023712bd1d 0000000000365aed
[mtlr] resource2 sel8 flags 470 sz 0x10000 -> kr 0x00000000 rid 109 GPUVA 0x100008c0000 cpu 10baa0000
[mtlr]   out: 00000100008c0000 000000010baa0000 0000000102d251c0 0000000000000000
[mtlr]   out: 0000006d00000000 0000000000010000 000000023712bd1e 0000000000365aee
[mtlr] resource2 sel8 flags 470 sz 0x10000 -> kr 0x00000000 rid 110 GPUVA 0x100008d8000 cpu 10bab0000
[mtlr]   out: 00000100008d8000 000000010bab0000 0000000102d25280 0000000000000000
[mtlr]   out: 0000006e00000000 0000000000010000 000000023712bd1f 0000000000365aef
[mtlr] resource2 sel8 flags 470 sz 0x10000 -> kr 0x00000000 rid 111 GPUVA 0x100008f0000 cpu 10bac0000
[mtlr]   out: 00000100008f0000 000000010bac0000 0000000102d25340 0000000000000000
[mtlr]   out: 0000006f00000000 0000000000010000 000000023712bd20 0000000000365af0
[mtlr] resource2 sel8 flags 470 sz 0x10000 -> kr 0x00000000 rid 112 GPUVA 0x10000908000 cpu 10bad0000
[mtlr]   out: 0000010000908000 000000010bad0000 0000000102d25400 0000000000000000
[mtlr]   out: 0000007000000000 0000000000010000 000000023712bd21 0000000000365af1
[mtlr] resource2 sel8 flags 470 sz 0x10000 -> kr 0x00000000 rid 113 GPUVA 0x10000920000 cpu 10bae0000
[mtlr]   out: 0000010000920000 000000010bae0000 0000000102d254c0 0000000000000000
[mtlr]   out: 0000007100000000 0000000000010000 000000023712bd22 0000000000365af2
[mtlr] resource2 sel8 flags 470 sz 0x10000 -> kr 0x00000000 rid 114 GPUVA 0x10000938000 cpu 10baf0000
[mtlr]   out: 0000010000938000 000000010baf0000 0000000102d25580 0000000000000000
[mtlr]   out: 0000007200000000 0000000000010000 000000023712bd23 0000000000365af3
[mtlr] resource2 sel8 flags 470 sz 0x10000 -> kr 0x00000000 rid 115 GPUVA 0x10000950000 cpu 10bb00000
[mtlr]   out: 0000010000950000 000000010bb00000 0000000102d25640 0000000000000000
[mtlr]   out: 0000007300000000 0000000000010000 000000023712bd24 0000000000365af4
[mtlr] resource2 sel8 flags 470 sz 0x10000 -> kr 0x00000000 rid 116 GPUVA 0x10000968000 cpu 10bb10000
[mtlr]   out: 0000010000968000 000000010bb10000 0000000102d25700 0000000000000000
[mtlr]   out: 0000007400000000 0000000000010000 000000023712bd25 0000000000365af5
[ptspray] r1 control: victim gpuva 0x10000500000 — 1/48 reclaimers landed on it (0 = reclaim path not exercised, result inconclusive)
[ptspray] r1 wave[0] rid 69 gpuva 0x10000500000 (victim 0x10000500000, REUSED)
[ptspray] r1 wave[1] rid 70 gpuva 0x10000518000 (victim 0x10000500000, near)
[ptspray] r1 wave[2] rid 71 gpuva 0x10000530000 (victim 0x10000500000, near)
[ptspray] r1 wave[3] rid 72 gpuva 0x10000548000 (victim 0x10000500000, near)
[ptspray] r1 wave[4] rid 73 gpuva 0x10000560000 (victim 0x10000500000, near)
[ptspray] r1 wave[5] rid 74 gpuva 0x10000578000 (victim 0x10000500000, near)
[ptspray] r1 wave[6] rid 75 gpuva 0x10000590000 (victim 0x10000500000, near)
[ptspray] r1 wave[7] rid 76 gpuva 0x100005a8000 (victim 0x10000500000, near)
[ptspray] r1 summary: 48 reclaimers | zero 48 | PTE-shaped 0 | data/unknown 0 | (no PT content reachable)
[mtlr] resource2 sel8 flags 470 sz 0x10000 -> kr 0x00000000 rid 117 GPUVA 0x10000980000 cpu 10bb20000
[mtlr]   out: 0000010000980000 000000010bb20000 0000000102d257c0 0000000000000000
[mtlr]   out: 0000007500000000 0000000000010000 000000023712bd48 0000000000365af6
[mtlr] resource2 sel8 flags 470 sz 0x1000 -> kr 0x00000000 rid 118 GPUVA 0x10000998000 cpu 102f48000
[mtlr]   out: 0000010000998000 0000000102f48000 0000000102d25880 0000000000000000
[mtlr]   out: 0000007600000000 0000000000004000 000000023712bd49 0000000000365af7
[mtlr] resource2 sel8 flags 470 sz 0x1000 -> kr 0x00000000 rid 119 GPUVA 0x100009a0000 cpu 102f4c000
[mtlr]   out: 00000100009a0000 0000000102f4c000 0000000102d25940 0000000000000000
[mtlr]   out: 0000007700000000 0000000000004000 000000023712bd4a 0000000000365af8
[mtlr] resource2 sel8 flags 470 sz 0x1000 -> kr 0x00000000 rid 120 GPUVA 0x100009a8000 cpu 107bfc000
[mtlr]   out: 00000100009a8000 0000000107bfc000 0000000102d25a00 0000000000000000
[mtlr]   out: 0000007800000000 0000000000004000 000000023712bd4b 0000000000365af9
[mtlr] resource2 sel8 flags 470 sz 0x1000 -> kr 0x00000000 rid 121 GPUVA 0x100009b0000 cpu 10bb30000
[mtlr]   out: 00000100009b0000 000000010bb30000 0000000102d25ac0 0000000000000000
[mtlr]   out: 0000007900000000 0000000000004000 000000023712bd4c 0000000000365afa
[mtlr] resource2 sel8 flags 470 sz 0x1000 -> kr 0x00000000 rid 122 GPUVA 0x100009b8000 cpu 10bb34000
[mtlr]   out: 00000100009b8000 000000010bb34000 0000000102d25b80 0000000000000000
[mtlr]   out: 0000007a00000000 0000000000004000 000000023712bd4d 0000000000365afb
[mtlr] resource2 sel8 flags 470 sz 0x1000 -> kr 0x00000000 rid 123 GPUVA 0x100009c0000 cpu 10bb38000
[mtlr]   out: 00000100009c0000 000000010bb38000 0000000102d25c40 0000000000000000
[mtlr]   out: 0000007b00000000 0000000000004000 000000023712bd4e 0000000000365afc
[mtlr] resource2 sel8 flags 470 sz 0x1000 -> kr 0x00000000 rid 124 GPUVA 0x100009c8000 cpu 10bb3c000
[mtlr]   out: 00000100009c8000 000000010bb3c000 0000000102d25d00 0000000000000000
[mtlr]   out: 0000007c00000000 0000000000004000 000000023712bd4f 0000000000365afd
[mtlr] resource2 sel8 flags 470 sz 0x1000 -> kr 0x00000000 rid 125 GPUVA 0x100009d0000 cpu 10bb40000
[mtlr]   out: 00000100009d0000 000000010bb40000 0000000102d25dc0 0000000000000000
[mtlr]   out: 0000007d00000000 0000000000004000 000000023712bd50 0000000000365afe
[mtlr] resource2 sel8 flags 470 sz 0x1000 -> kr 0x00000000 rid 126 GPUVA 0x100009d8000 cpu 10bb44000
[mtlr]   out: 00000100009d8000 000000010bb44000 0000000102d25e80 0000000000000000
[mtlr]   out: 0000007e00000000 0000000000004000 000000023712bd51 0000000000365aff
[mtlr] resource2 sel8 flags 470 sz 0x1000 -> kr 0x00000000 rid 127 GPUVA 0x100009e0000 cpu 10bb48000
[mtlr]   out: 00000100009e0000 000000010bb48000 0000000102d25f40 0000000000000000
[mtlr]   out: 0000007f00000000 0000000000004000 000000023712bd52 0000000000365b00
[mtlr] resource2 sel8 flags 470 sz 0x1000 -> kr 0x00000000 rid 128 GPUVA 0x100009e8000 cpu 10bb4c000
[mtlr]   out: 00000100009e8000 000000010bb4c000 0000000102d26000 0000000000000000
[mtlr]   out: 0000008000000000 0000000000004000 000000023712bd53 0000000000365b01
[mtlr] resource2 sel8 flags 470 sz 0x1000 -> kr 0x00000000 rid 129 GPUVA 0x100009f0000 cpu 10bb50000
[mtlr]   out: 00000100009f0000 000000010bb50000 0000000102d260c0 0000000000000000
[mtlr]   out: 0000008100000000 0000000000004000 000000023712bd54 0000000000365b02
[mtlr] resource2 sel8 flags 470 sz 0x1000 -> kr 0x00000000 rid 130 GPUVA 0x100009f8000 cpu 10bb54000
[mtlr]   out: 00000100009f8000 000000010bb54000 0000000102d26180 0000000000000000
[mtlr]   out: 0000008200000000 0000000000004000 000000023712bd55 0000000000365b03
[mtlr] resource2 sel8 flags 470 sz 0x1000 -> kr 0x00000000 rid 131 GPUVA 0x10000a00000 cpu 10bb58000
[mtlr]   out: 0000010000a00000 000000010bb58000 0000000102d26240 0000000000000000
[mtlr]   out: 0000008300000000 0000000000004000 000000023712bd56 0000000000365b04
[mtlr] resource2 sel8 flags 470 sz 0x1000 -> kr 0x00000000 rid 132 GPUVA 0x10000a08000 cpu 10bb5c000
[mtlr]   out: 0000010000a08000 000000010bb5c000 0000000102d26300 0000000000000000
[mtlr]   out: 0000008400000000 0000000000004000 000000023712bd57 0000000000365b05
[mtlr] resource2 sel8 flags 470 sz 0x1000 -> kr 0x00000000 rid 133 GPUVA 0x10000a10000 cpu 10bb60000
[mtlr]   out: 0000010000a10000 000000010bb60000 0000000102d263c0 0000000000000000
[mtlr]   out: 0000008500000000 0000000000004000 000000023712bd58 0000000000365b06
[mtlr] resource2 sel8 flags 470 sz 0x1000 -> kr 0x00000000 rid 134 GPUVA 0x10000a18000 cpu 10bb64000
[mtlr]   out: 0000010000a18000 000000010bb64000 0000000102d26480 0000000000000000
[mtlr]   out: 0000008600000000 0000000000004000 000000023712bd59 0000000000365b07
[mtlr] resource2 sel8 flags 470 sz 0x1000 -> kr 0x00000000 rid 135 GPUVA 0x10000a20000 cpu 10bb68000
[mtlr]   out: 0000010000a20000 000000010bb68000 0000000102d26540 0000000000000000
[mtlr]   out: 0000008700000000 0000000000004000 000000023712bd5a 0000000000365b08
[mtlr] resource2 sel8 flags 470 sz 0x1000 -> kr 0x00000000 rid 136 GPUVA 0x10000a28000 cpu 10bb6c000
[mtlr]   out: 0000010000a28000 000000010bb6c000 0000000102d26600 0000000000000000
[mtlr]   out: 0000008800000000 0000000000004000 000000023712bd5b 0000000000365b09
[mtlr] resource2 sel8 flags 470 sz 0x1000 -> kr 0x00000000 rid 137 GPUVA 0x10000a30000 cpu 10bb70000
[mtlr]   out: 0000010000a30000 000000010bb70000 0000000102d266c0 0000000000000000
[mtlr]   out: 0000008900000000 0000000000004000 000000023712bd5c 0000000000365b0a
[mtlr] resource2 sel8 flags 470 sz 0x1000 -> kr 0x00000000 rid 138 GPUVA 0x10000a38000 cpu 10bb74000
[mtlr]   out: 0000010000a38000 000000010bb74000 0000000102d26780 0000000000000000
[mtlr]   out: 0000008a00000000 0000000000004000 000000023712bd5d 0000000000365b0b
[mtlr] resource2 sel8 flags 470 sz 0x1000 -> kr 0x00000000 rid 139 GPUVA 0x10000a40000 cpu 10bb78000
[mtlr]   out: 0000010000a40000 000000010bb78000 0000000102d26840 0000000000000000
[mtlr]   out: 0000008b00000000 0000000000004000 000000023712bd5e 0000000000365b0c
[mtlr] resource2 sel8 flags 470 sz 0x1000 -> kr 0x00000000 rid 140 GPUVA 0x10000a48000 cpu 10bb7c000
[mtlr]   out: 0000010000a48000 000000010bb7c000 0000000102d26900 0000000000000000
[mtlr]   out: 0000008c00000000 0000000000004000 000000023712bd5f 0000000000365b0d
[mtlr] resource2 sel8 flags 470 sz 0x1000 -> kr 0x00000000 rid 141 GPUVA 0x10000a50000 cpu 10bb80000
[mtlr]   out: 0000010000a50000 000000010bb80000 0000000102d269c0 0000000000000000
[mtlr]   out: 0000008d00000000 0000000000004000 000000023712bd60 0000000000365b0e
[mtlr] resource2 sel8 flags 470 sz 0x1000 -> kr 0x00000000 rid 142 GPUVA 0x10000a58000 cpu 10bb84000
[mtlr]   out: 0000010000a58000 000000010bb84000 0000000102d26a80 0000000000000000
[mtlr]   out: 0000008e00000000 0000000000004000 000000023712bd61 0000000000365b0f
[mtlr] resource2 sel8 flags 470 sz 0x1000 -> kr 0x00000000 rid 143 GPUVA 0x10000a60000 cpu 10bb88000
[mtlr]   out: 0000010000a60000 000000010bb88000 0000000102d26b40 0000000000000000
[mtlr]   out: 0000008f00000000 0000000000004000 000000023712bd62 0000000000365b10
[mtlr] resource2 sel8 flags 470 sz 0x1000 -> kr 0x00000000 rid 144 GPUVA 0x10000a68000 cpu 10bb8c000
[mtlr]   out: 0000010000a68000 000000010bb8c000 0000000102d26c00 0000000000000000
[mtlr]   out: 0000009000000000 0000000000004000 000000023712bd63 0000000000365b11
[mtlr] resource2 sel8 flags 470 sz 0x1000 -> kr 0x00000000 rid 145 GPUVA 0x10000a70000 cpu 10bb90000
[mtlr]   out: 0000010000a70000 000000010bb90000 0000000102d26cc0 0000000000000000
[mtlr]   out: 0000009100000000 0000000000004000 000000023712bd64 0000000000365b12
[mtlr] resource2 sel8 flags 470 sz 0x1000 -> kr 0x00000000 rid 146 GPUVA 0x10000a78000 cpu 10bb94000
[mtlr]   out: 0000010000a78000 000000010bb94000 0000000102d26d80 0000000000000000
[mtlr]   out: 0000009200000000 0000000000004000 000000023712bd65 0000000000365b13
[mtlr] resource2 sel8 flags 470 sz 0x1000 -> kr 0x00000000 rid 147 GPUVA 0x10000a80000 cpu 10bb98000
[mtlr]   out: 0000010000a80000 000000010bb98000 0000000102d26e40 0000000000000000
[mtlr]   out: 0000009300000000 0000000000004000 000000023712bd66 0000000000365b14
[mtlr] resource2 sel8 flags 470 sz 0x1000 -> kr 0x00000000 rid 148 GPUVA 0x10000a88000 cpu 10bb9c000
[mtlr]   out: 0000010000a88000 000000010bb9c000 0000000102d26f00 0000000000000000
[mtlr]   out: 0000009400000000 0000000000004000 000000023712bd67 0000000000365b15
[mtlr] resource2 sel8 flags 470 sz 0x1000 -> kr 0x00000000 rid 149 GPUVA 0x10000a90000 cpu 10bba0000
[mtlr]   out: 0000010000a90000 000000010bba0000 0000000102d26fc0 0000000000000000
[mtlr]   out: 0000009500000000 0000000000004000 000000023712bd68 0000000000365b16
[mtlr] resource2 sel8 flags 470 sz 0x1000 -> kr 0x00000000 rid 150 GPUVA 0x10000a98000 cpu 10bba4000
[mtlr]   out: 0000010000a98000 000000010bba4000 0000000102d27080 0000000000000000
[mtlr]   out: 0000009600000000 0000000000004000 000000023712bd69 0000000000365b17
[mtlr] resource2 sel8 flags 470 sz 0x1000 -> kr 0x00000000 rid 151 GPUVA 0x10000aa0000 cpu 10bba8000
[mtlr]   out: 0000010000aa0000 000000010bba8000 0000000102d27140 0000000000000000
[mtlr]   out: 0000009700000000 0000000000004000 000000023712bd6a 0000000000365b18
[mtlr] resource2 sel8 flags 470 sz 0x1000 -> kr 0x00000000 rid 152 GPUVA 0x10000aa8000 cpu 10bbac000
[mtlr]   out: 0000010000aa8000 000000010bbac000 0000000102d27200 0000000000000000
[mtlr]   out: 0000009800000000 0000000000004000 000000023712bd6b 0000000000365b19
[mtlr] resource2 sel8 flags 470 sz 0x1000 -> kr 0x00000000 rid 153 GPUVA 0x10000ab0000 cpu 10bbb0000
[mtlr]   out: 0000010000ab0000 000000010bbb0000 0000000102d272c0 0000000000000000
[mtlr]   out: 0000009900000000 0000000000004000 000000023712bd6c 0000000000365b1a
[mtlr] resource2 sel8 flags 470 sz 0x1000 -> kr 0x00000000 rid 154 GPUVA 0x10000ab8000 cpu 10bbb4000
[mtlr]   out: 0000010000ab8000 000000010bbb4000 0000000102d27380 0000000000000000
[mtlr]   out: 0000009a00000000 0000000000004000 000000023712bd6d 0000000000365b1b
[mtlr] resource2 sel8 flags 470 sz 0x1000 -> kr 0x00000000 rid 155 GPUVA 0x10000ac0000 cpu 10bbb8000
[mtlr]   out: 0000010000ac0000 000000010bbb8000 0000000102d27440 0000000000000000
[mtlr]   out: 0000009b00000000 0000000000004000 000000023712bd6e 0000000000365b1c
[mtlr] resource2 sel8 flags 470 sz 0x1000 -> kr 0x00000000 rid 156 GPUVA 0x10000ac8000 cpu 10bbbc000
[mtlr]   out: 0000010000ac8000 000000010bbbc000 0000000102d27500 0000000000000000
[mtlr]   out: 0000009c00000000 0000000000004000 000000023712bd6f 0000000000365b1d
[mtlr] resource2 sel8 flags 470 sz 0x1000 -> kr 0x00000000 rid 157 GPUVA 0x10000ad0000 cpu 10bbc0000
[mtlr]   out: 0000010000ad0000 000000010bbc0000 0000000102d275c0 0000000000000000
[mtlr]   out: 0000009d00000000 0000000000004000 000000023712bd70 0000000000365b1e
[ptspray] r2: victim rid 117 gpuva 0x10000980000 cpu 0x10bb20000 (40 junk ready)
[ptspray] r2: destroy kr 0x00000000 + 40 junk => AGXUAT::process (PT pages -> pool0/pool1, unsrubbed)
[mtlr] resource2 sel8 flags 470 sz 0x10000 -> kr 0x00000000 rid 117 GPUVA 0x10000980000 cpu 10bb20000
[mtlr]   out: 0000010000980000 000000010bb20000 0000000102d257c0 0000000000000000
[mtlr]   out: 0000007500000000 0000000000010000 000000023712bd71 0000000000365b1f
[mtlr] resource2 sel8 flags 470 sz 0x10000 -> kr 0x00000000 rid 118 GPUVA 0x10000998000 cpu 10bb30000
[mtlr]   out: 0000010000998000 000000010bb30000 0000000102d25880 0000000000000000
[mtlr]   out: 0000007600000000 0000000000010000 000000023712bd72 0000000000365b20
[mtlr] resource2 sel8 flags 470 sz 0x10000 -> kr 0x00000000 rid 119 GPUVA 0x100009b0000 cpu 10bb40000
[mtlr]   out: 00000100009b0000 000000010bb40000 0000000102d25940 0000000000000000
[mtlr]   out: 0000007700000000 0000000000010000 000000023712bd73 0000000000365b21
[mtlr] resource2 sel8 flags 470 sz 0x10000 -> kr 0x00000000 rid 120 GPUVA 0x100009c8000 cpu 10bb50000
[mtlr]   out: 00000100009c8000 000000010bb50000 0000000102d25a00 0000000000000000
[mtlr]   out: 0000007800000000 0000000000010000 000000023712bd74 0000000000365b22
[mtlr] resource2 sel8 flags 470 sz 0x10000 -> kr 0x00000000 rid 121 GPUVA 0x100009e0000 cpu 10bb60000
[mtlr]   out: 00000100009e0000 000000010bb60000 0000000102d25ac0 0000000000000000
[mtlr]   out: 0000007900000000 0000000000010000 000000023712bd75 0000000000365b23
[mtlr] resource2 sel8 flags 470 sz 0x10000 -> kr 0x00000000 rid 122 GPUVA 0x100009f8000 cpu 10bb70000
[mtlr]   out: 00000100009f8000 000000010bb70000 0000000102d25b80 0000000000000000
[mtlr]   out: 0000007a00000000 0000000000010000 000000023712bd76 0000000000365b24
[mtlr] resource2 sel8 flags 470 sz 0x10000 -> kr 0x00000000 rid 123 GPUVA 0x10000a10000 cpu 10bb80000
[mtlr]   out: 0000010000a10000 000000010bb80000 0000000102d25c40 0000000000000000
[mtlr]   out: 0000007b00000000 0000000000010000 000000023712bd77 0000000000365b25
[mtlr] resource2 sel8 flags 470 sz 0x10000 -> kr 0x00000000 rid 124 GPUVA 0x10000a28000 cpu 10bb90000
[mtlr]   out: 0000010000a28000 000000010bb90000 0000000102d25d00 0000000000000000
[mtlr]   out: 0000007c00000000 0000000000010000 000000023712bd78 0000000000365b26
[mtlr] resource2 sel8 flags 470 sz 0x10000 -> kr 0x00000000 rid 125 GPUVA 0x10000a40000 cpu 10bba0000
[mtlr]   out: 0000010000a40000 000000010bba0000 0000000102d25dc0 0000000000000000
[mtlr]   out: 0000007d00000000 0000000000010000 000000023712bd79 0000000000365b27
[mtlr] resource2 sel8 flags 470 sz 0x10000 -> kr 0x00000000 rid 126 GPUVA 0x10000a58000 cpu 10bbb0000
[mtlr]   out: 0000010000a58000 000000010bbb0000 0000000102d25e80 0000000000000000
[mtlr]   out: 0000007e00000000 0000000000010000 000000023712bd7a 0000000000365b28
[mtlr] resource2 sel8 flags 470 sz 0x10000 -> kr 0x00000000 rid 127 GPUVA 0x10000a70000 cpu 10bbc0000
[mtlr]   out: 0000010000a70000 000000010bbc0000 0000000102d25f40 0000000000000000
[mtlr]   out: 0000007f00000000 0000000000010000 000000023712bd7b 0000000000365b29
[mtlr] resource2 sel8 flags 470 sz 0x10000 -> kr 0x00000000 rid 128 GPUVA 0x10000a88000 cpu 10bbd0000
[mtlr]   out: 0000010000a88000 000000010bbd0000 0000000102d26000 0000000000000000
[mtlr]   out: 0000008000000000 0000000000010000 000000023712bd7c 0000000000365b2a
[mtlr] resource2 sel8 flags 470 sz 0x10000 -> kr 0x00000000 rid 129 GPUVA 0x10000aa0000 cpu 10bbe0000
[mtlr]   out: 0000010000aa0000 000000010bbe0000 0000000102d260c0 0000000000000000
[mtlr]   out: 0000008100000000 0000000000010000 000000023712bd7d 0000000000365b2b
[mtlr] resource2 sel8 flags 470 sz 0x10000 -> kr 0x00000000 rid 130 GPUVA 0x10000ab8000 cpu 10bbf0000
[mtlr]   out: 0000010000ab8000 000000010bbf0000 0000000102d26180 0000000000000000
[mtlr]   out: 0000008200000000 0000000000010000 000000023712bd7e 0000000000365b2c
[mtlr] resource2 sel8 flags 470 sz 0x10000 -> kr 0x00000000 rid 131 GPUVA 0x10000ad0000 cpu 10bc00000
[mtlr]   out: 0000010000ad0000 000000010bc00000 0000000102d26240 0000000000000000
[mtlr]   out: 0000008300000000 0000000000010000 000000023712bd7f 0000000000365b2d
[mtlr] resource2 sel8 flags 470 sz 0x10000 -> kr 0x00000000 rid 132 GPUVA 0x10000ae8000 cpu 10bc10000
[mtlr]   out: 0000010000ae8000 000000010bc10000 0000000102d26300 0000000000000000
[mtlr]   out: 0000008400000000 0000000000010000 000000023712bd80 0000000000365b2e
[mtlr] resource2 sel8 flags 470 sz 0x10000 -> kr 0x00000000 rid 133 GPUVA 0x10000b00000 cpu 10bc20000
[mtlr]   out: 0000010000b00000 000000010bc20000 0000000102d263c0 0000000000000000
[mtlr]   out: 0000008500000000 0000000000010000 000000023712bd81 0000000000365b2f
[mtlr] resource2 sel8 flags 470 sz 0x10000 -> kr 0x00000000 rid 134 GPUVA 0x10000b18000 cpu 10bc30000
[mtlr]   out: 0000010000b18000 000000010bc30000 0000000102d26480 0000000000000000
[mtlr]   out: 0000008600000000 0000000000010000 000000023712bd82 0000000000365b30
[mtlr] resource2 sel8 flags 470 sz 0x10000 -> kr 0x00000000 rid 135 GPUVA 0x10000b30000 cpu 10bc40000
[mtlr]   out: 0000010000b30000 000000010bc40000 0000000102d26540 0000000000000000
[mtlr]   out: 0000008700000000 0000000000010000 000000023712bd83 0000000000365b31
[mtlr] resource2 sel8 flags 470 sz 0x10000 -> kr 0x00000000 rid 136 GPUVA 0x10000b48000 cpu 10bc50000
[mtlr]   out: 0000010000b48000 000000010bc50000 0000000102d26600 0000000000000000
[mtlr]   out: 0000008800000000 0000000000010000 000000023712bd84 0000000000365b32
[mtlr] resource2 sel8 flags 470 sz 0x10000 -> kr 0x00000000 rid 137 GPUVA 0x10000b60000 cpu 10bc60000
[mtlr]   out: 0000010000b60000 000000010bc60000 0000000102d266c0 0000000000000000
[mtlr]   out: 0000008900000000 0000000000010000 000000023712bd85 0000000000365b33
[mtlr] resource2 sel8 flags 470 sz 0x10000 -> kr 0x00000000 rid 138 GPUVA 0x10000b78000 cpu 10bc70000
[mtlr]   out: 0000010000b78000 000000010bc70000 0000000102d26780 0000000000000000
[mtlr]   out: 0000008a00000000 0000000000010000 000000023712bd86 0000000000365b34
[mtlr] resource2 sel8 flags 470 sz 0x10000 -> kr 0x00000000 rid 139 GPUVA 0x10000b90000 cpu 10bc80000
[mtlr]   out: 0000010000b90000 000000010bc80000 0000000102d26840 0000000000000000
[mtlr]   out: 0000008b00000000 0000000000010000 000000023712bd87 0000000000365b35
[mtlr] resource2 sel8 flags 470 sz 0x10000 -> kr 0x00000000 rid 140 GPUVA 0x10000ba8000 cpu 10bc90000
[mtlr]   out: 0000010000ba8000 000000010bc90000 0000000102d26900 0000000000000000
[mtlr]   out: 0000008c00000000 0000000000010000 000000023712bd88 0000000000365b36
[mtlr] resource2 sel8 flags 470 sz 0x10000 -> kr 0x00000000 rid 141 GPUVA 0x10000bc0000 cpu 10bca0000
[mtlr]   out: 0000010000bc0000 000000010bca0000 0000000102d269c0 0000000000000000
[mtlr]   out: 0000008d00000000 0000000000010000 000000023712bd89 0000000000365b37
[mtlr] resource2 sel8 flags 470 sz 0x10000 -> kr 0x00000000 rid 142 GPUVA 0x10000bd8000 cpu 10bcb0000
[mtlr]   out: 0000010000bd8000 000000010bcb0000 0000000102d26a80 0000000000000000
[mtlr]   out: 0000008e00000000 0000000000010000 000000023712bd8a 0000000000365b38
[mtlr] resource2 sel8 flags 470 sz 0x10000 -> kr 0x00000000 rid 143 GPUVA 0x10000bf0000 cpu 10bcc0000
[mtlr]   out: 0000010000bf0000 000000010bcc0000 0000000102d26b40 0000000000000000
[mtlr]   out: 0000008f00000000 0000000000010000 000000023712bd8b 0000000000365b39
[mtlr] resource2 sel8 flags 470 sz 0x10000 -> kr 0x00000000 rid 144 GPUVA 0x10000c08000 cpu 10bcd0000
[mtlr]   out: 0000010000c08000 000000010bcd0000 0000000102d26c00 0000000000000000
[mtlr]   out: 0000009000000000 0000000000010000 000000023712bd8c 0000000000365b3a
[mtlr] resource2 sel8 flags 470 sz 0x10000 -> kr 0x00000000 rid 145 GPUVA 0x10000c20000 cpu 10bce0000
[mtlr]   out: 0000010000c20000 000000010bce0000 0000000102d26cc0 0000000000000000
[mtlr]   out: 0000009100000000 0000000000010000 000000023712bd8d 0000000000365b3b
[mtlr] resource2 sel8 flags 470 sz 0x10000 -> kr 0x00000000 rid 146 GPUVA 0x10000c38000 cpu 10bcf0000
[mtlr]   out: 0000010000c38000 000000010bcf0000 0000000102d26d80 0000000000000000
[mtlr]   out: 0000009200000000 0000000000010000 000000023712bd8e 0000000000365b3c
[mtlr] resource2 sel8 flags 470 sz 0x10000 -> kr 0x00000000 rid 147 GPUVA 0x10000c50000 cpu 10bd00000
[mtlr]   out: 0000010000c50000 000000010bd00000 0000000102d26e40 0000000000000000
[mtlr]   out: 0000009300000000 0000000000010000 000000023712bd8f 0000000000365b3d
[mtlr] resource2 sel8 flags 470 sz 0x10000 -> kr 0x00000000 rid 148 GPUVA 0x10000c68000 cpu 10bd10000
[mtlr]   out: 0000010000c68000 000000010bd10000 0000000102d26f00 0000000000000000
[mtlr]   out: 0000009400000000 0000000000010000 000000023712bd90 0000000000365b3e
[mtlr] resource2 sel8 flags 470 sz 0x10000 -> kr 0x00000000 rid 149 GPUVA 0x10000c80000 cpu 10bd20000
[mtlr]   out: 0000010000c80000 000000010bd20000 0000000102d26fc0 0000000000000000
[mtlr]   out: 0000009500000000 0000000000010000 000000023712bd91 0000000000365b3f
[mtlr] resource2 sel8 flags 470 sz 0x10000 -> kr 0x00000000 rid 150 GPUVA 0x10000c98000 cpu 10bd30000
[mtlr]   out: 0000010000c98000 000000010bd30000 0000000102d27080 0000000000000000
[mtlr]   out: 0000009600000000 0000000000010000 000000023712bd92 0000000000365b40
[mtlr] resource2 sel8 flags 470 sz 0x10000 -> kr 0x00000000 rid 151 GPUVA 0x10000cb0000 cpu 10bd40000
[mtlr]   out: 0000010000cb0000 000000010bd40000 0000000102d27140 0000000000000000
[mtlr]   out: 0000009700000000 0000000000010000 000000023712bd93 0000000000365b41
[mtlr] resource2 sel8 flags 470 sz 0x10000 -> kr 0x00000000 rid 152 GPUVA 0x10000cc8000 cpu 10bd50000
[mtlr]   out: 0000010000cc8000 000000010bd50000 0000000102d27200 0000000000000000
[mtlr]   out: 0000009800000000 0000000000010000 000000023712bd94 0000000000365b42
[mtlr] resource2 sel8 flags 470 sz 0x10000 -> kr 0x00000000 rid 153 GPUVA 0x10000ce0000 cpu 10bd60000
[mtlr]   out: 0000010000ce0000 000000010bd60000 0000000102d272c0 0000000000000000
[mtlr]   out: 0000009900000000 0000000000010000 000000023712bd95 0000000000365b43
[mtlr] resource2 sel8 flags 470 sz 0x10000 -> kr 0x00000000 rid 154 GPUVA 0x10000cf8000 cpu 10bd70000
[mtlr]   out: 0000010000cf8000 000000010bd70000 0000000102d27380 0000000000000000
[mtlr]   out: 0000009a00000000 0000000000010000 000000023712bd96 0000000000365b44
[mtlr] resource2 sel8 flags 470 sz 0x10000 -> kr 0x00000000 rid 155 GPUVA 0x10000d10000 cpu 10bd80000
[mtlr]   out: 0000010000d10000 000000010bd80000 0000000102d27440 0000000000000000
[mtlr]   out: 0000009b00000000 0000000000010000 000000023712bd97 0000000000365b45
[mtlr] resource2 sel8 flags 470 sz 0x10000 -> kr 0x00000000 rid 156 GPUVA 0x10000d28000 cpu 10bd90000
[mtlr]   out: 0000010000d28000 000000010bd90000 0000000102d27500 0000000000000000
[mtlr]   out: 0000009c00000000 0000000000010000 000000023712bd98 0000000000365b46
[mtlr] resource2 sel8 flags 470 sz 0x10000 -> kr 0x00000000 rid 157 GPUVA 0x10000d40000 cpu 10bda0000
[mtlr]   out: 0000010000d40000 000000010bda0000 0000000102d275c0 0000000000000000
[mtlr]   out: 0000009d00000000 0000000000010000 000000023712bd99 0000000000365b47
[mtlr] resource2 sel8 flags 470 sz 0x10000 -> kr 0x00000000 rid 158 GPUVA 0x10000d58000 cpu 10bdb0000
[mtlr]   out: 0000010000d58000 000000010bdb0000 0000000102d27680 0000000000000000
[mtlr]   out: 0000009e00000000 0000000000010000 000000023712bd9a 0000000000365b48
[mtlr] resource2 sel8 flags 470 sz 0x10000 -> kr 0x00000000 rid 159 GPUVA 0x10000d70000 cpu 10bdc0000
[mtlr]   out: 0000010000d70000 000000010bdc0000 0000000102d27740 0000000000000000
[mtlr]   out: 0000009f00000000 0000000000010000 000000023712bd9b 0000000000365b49
[mtlr] resource2 sel8 flags 470 sz 0x10000 -> kr 0x00000000 rid 160 GPUVA 0x10000d88000 cpu 10bdd0000
[mtlr]   out: 0000010000d88000 000000010bdd0000 0000000102d27800 0000000000000000
[mtlr]   out: 000000a000000000 0000000000010000 000000023712bd9c 0000000000365b4a
[mtlr] resource2 sel8 flags 470 sz 0x10000 -> kr 0x00000000 rid 161 GPUVA 0x10000da0000 cpu 10bde0000
[mtlr]   out: 0000010000da0000 000000010bde0000 0000000102d278c0 0000000000000000
[mtlr]   out: 000000a100000000 0000000000010000 000000023712bd9d 0000000000365b4b
[mtlr] resource2 sel8 flags 470 sz 0x10000 -> kr 0x00000000 rid 162 GPUVA 0x10000db8000 cpu 10bdf0000
[mtlr]   out: 0000010000db8000 000000010bdf0000 0000000102d27980 0000000000000000
[mtlr]   out: 000000a200000000 0000000000010000 000000023712bd9e 0000000000365b4c
[mtlr] resource2 sel8 flags 470 sz 0x10000 -> kr 0x00000000 rid 163 GPUVA 0x10000dd0000 cpu 10be00000
[mtlr]   out: 0000010000dd0000 000000010be00000 0000000102d27a40 0000000000000000
[mtlr]   out: 000000a300000000 0000000000010000 000000023712bd9f 0000000000365b4d
[mtlr] resource2 sel8 flags 470 sz 0x10000 -> kr 0x00000000 rid 164 GPUVA 0x10000de8000 cpu 10be10000
[mtlr]   out: 0000010000de8000 000000010be10000 0000000102d27b00 0000000000000000
[mtlr]   out: 000000a400000000 0000000000010000 000000023712bda0 0000000000365b4e
[ptspray] r2 control: victim gpuva 0x10000980000 — 1/48 reclaimers landed on it (0 = reclaim path not exercised, result inconclusive)
[ptspray] r2 wave[0] rid 117 gpuva 0x10000980000 (victim 0x10000980000, REUSED)
[ptspray] r2 wave[1] rid 118 gpuva 0x10000998000 (victim 0x10000980000, near)
[ptspray] r2 wave[2] rid 119 gpuva 0x100009b0000 (victim 0x10000980000, near)
[ptspray] r2 wave[3] rid 120 gpuva 0x100009c8000 (victim 0x10000980000, near)
[ptspray] r2 wave[4] rid 121 gpuva 0x100009e0000 (victim 0x10000980000, near)
[ptspray] r2 wave[5] rid 122 gpuva 0x100009f8000 (victim 0x10000980000, near)
[ptspray] r2 wave[6] rid 123 gpuva 0x10000a10000 (victim 0x10000980000, near)
[ptspray] r2 wave[7] rid 124 gpuva 0x10000a28000 (victim 0x10000980000, near)
[ptspray] r2 summary: 48 reclaimers | zero 48 | PTE-shaped 0 | data/unknown 0 | (no PT content reachable)
[ptspray] done (alive)
[probe13] ptspray-only mode, stop
