[main] fuzz harness up, mode=scaler
[main] sandbox note: VCPDRM open is MACF-denied (iokit-open-user-client VCPDRMUserClient); mach-lookup com.apple.sprr / com.apple.jitbox exist but are sandbox-gated (seen in kernel log)
[open] AppleM2ScalerCSCDriver -> conn 0x580f
[scaler] conn 0x580f, s1 188 s2 189
[probe12] SetNotificationPort -> 0x00000000
[rp2] v127: reference-dump hybrid replay on our type-1 queue
[rp2] asset dsrecon-cfg1-kcmd: /private/var/containers/Bundle/Application/F7087617-0BBE-43A9-9FBC-B5E554E18F3E/fuzz27.app/dsrecon-cfg1-kcmd.bin (16384 bytes)
[rp2] asset dsrecon-cfg1-seg: /private/var/containers/Bundle/Application/F7087617-0BBE-43A9-9FBC-B5E554E18F3E/fuzz27.app/dsrecon-cfg1-seg.bin (16384 bytes)
[rp2] asset dsrecon-cfg1-pool0: /private/var/containers/Bundle/Application/F7087617-0BBE-43A9-9FBC-B5E554E18F3E/fuzz27.app/dsrecon-cfg1-pool0.bin (16384 bytes)
[open] IOGPU -> conn 0x5d03
[rp2] sel14 nq -> kr 0x00000000 nqVA 1004f0000 nqid 1
[rp2] qid 1 sel24 bind 0x00000000
[mtlr] resource2 sel8 flags 470 sz 0x10000 -> kr 0x00000000 rid 1 GPUVA 0x10000000000 cpu 1005b4000
[mtlr]   out: 0000010000000000 00000001005b4000 00000001004dc0c0 0000000000000000
[mtlr]   out: 0000000100000000 0000000000010000 00000000198e4f91 0000000000010f4f
[mtlr] resource2 sel8 flags 470 sz 0x10000 -> kr 0x00000000 rid 2 GPUVA 0x10000018000 cpu 1005c4000
[mtlr]   out: 0000010000018000 00000001005c4000 00000001004dc180 0000000000000000
[mtlr]   out: 0000000200000000 0000000000010000 00000000198e4f92 0000000000010f50
[mtlr] resource2 sel8 flags 470 sz 0x20000 -> kr 0x00000000 rid 3 GPUVA 0x10000030000 cpu 1008dc000
[mtlr]   out: 0000010000030000 00000001008dc000 00000001004dc240 0000000000000000
[mtlr]   out: 0000000300000000 0000000000020000 00000000198e4f93 0000000000010f51
[rp2] rids A 1 (0x10000000000) B 2 (0x10000018000) C 3 (0x10000030000)
[mtlr] sel12 size 0x4000 type 0 -> kr 0x00000000 va 1005b0000 id 1
[mtlr] sel12 size 0x4000 type 1 -> kr 0x00000000 va 1005d4000 id 2
[rp2] shmems: seg id 1 (type 0) cmd id 2 (type 1)
[rp2] reference GPUVAs pool0+0x14a0/+0x14a8: refA 0x0 refB 0x0
[rp2] refA override 0x100001d0000
[rp2] refB override 0x100001e8000
[rp2] seg +0x108 rids {39,40} +0x120 sizeKB {64,64} -> {1,2} {0x40,0x40}
[rp2f] FULL residency: numResources 20 numGroups 4
[rp2f] group 0 @+0x48 count 6
[mtlr] resource2 sel8 flags 470 sz 0x8000 -> kr 0x00000000 rid 4 GPUVA 0x10000058000 cpu 1005dc000
[mtlr]   out: 0000010000058000 00000001005dc000 00000001004dc300 0000000000000000
[mtlr]   out: 0000000400000000 0000000000008000 00000000198e4f94 0000000000010f52
[rp2f] ref rid 23 (grp 0 slot 0, 32 KB) -> our rid 4 gpuva 0x10000058000
[mtlr] resource2 sel8 flags 470 sz 0x8000 -> kr 0x00000000 rid 5 GPUVA 0x10000068000 cpu 1008fc000
[mtlr]   out: 0000010000068000 00000001008fc000 00000001004dc3c0 0000000000000000
[mtlr]   out: 0000000500000000 0000000000008000 00000000198e4f95 0000000000010f53
[rp2f] ref rid 24 (grp 0 slot 1, 32 KB) -> our rid 5 gpuva 0x10000068000
[mtlr] resource2 sel8 flags 470 sz 0x8000 -> kr 0x00000000 rid 6 GPUVA 0x10000078000 cpu 100904000
[mtlr]   out: 0000010000078000 0000000100904000 00000001004dc480 0000000000000000
[mtlr]   out: 0000000600000000 0000000000008000 00000000198e4f96 0000000000010f54
[rp2f] ref rid 25 (grp 0 slot 2, 32 KB) -> our rid 6 gpuva 0x10000078000
[mtlr] resource2 sel8 flags 470 sz 0x8000 -> kr 0x00000000 rid 7 GPUVA 0x10000088000 cpu 10090c000
[mtlr]   out: 0000010000088000 000000010090c000 00000001004dc540 0000000000000000
[mtlr]   out: 0000000700000000 0000000000008000 00000000198e4f97 0000000000010f55
[rp2f] ref rid 26 (grp 0 slot 3, 32 KB) -> our rid 7 gpuva 0x10000088000
[mtlr] resource2 sel8 flags 470 sz 0x8000 -> kr 0x00000000 rid 8 GPUVA 0x10000098000 cpu 100914000
[mtlr]   out: 0000010000098000 0000000100914000 00000001004dc600 0000000000000000
[mtlr]   out: 0000000800000000 0000000000008000 00000000198e4f98 0000000000010f56
[rp2f] ref rid 27 (grp 0 slot 4, 32 KB) -> our rid 8 gpuva 0x10000098000
[mtlr] resource2 sel8 flags 470 sz 0x8000 -> kr 0x00000000 rid 9 GPUVA 0x100000a8000 cpu 104f4c000
[mtlr]   out: 00000100000a8000 0000000104f4c000 00000001004dc6c0 0000000000000000
[mtlr]   out: 0000000900000000 0000000000008000 00000000198e4f99 0000000000010f57
[rp2f] ref rid 28 (grp 0 slot 5, 32 KB) -> our rid 9 gpuva 0x100000a8000
[rp2f] group 1 @+0x88 count 6
[mtlr] resource2 sel8 flags 470 sz 0x8000 -> kr 0x00000000 rid 10 GPUVA 0x100000b8000 cpu 104f54000
[mtlr]   out: 00000100000b8000 0000000104f54000 00000001004dc780 0000000000000000
[mtlr]   out: 0000000a00000000 0000000000008000 00000000198e4f9a 0000000000010f58
[rp2f] ref rid 29 (grp 1 slot 0, 32 KB) -> our rid 10 gpuva 0x100000b8000
[mtlr] resource2 sel8 flags 470 sz 0x8000 -> kr 0x00000000 rid 11 GPUVA 0x100000c8000 cpu 104f5c000
[mtlr]   out: 00000100000c8000 0000000104f5c000 00000001004dc840 0000000000000000
[mtlr]   out: 0000000b00000000 0000000000008000 00000000198e4f9b 0000000000010f59
[rp2f] ref rid 30 (grp 1 slot 1, 32 KB) -> our rid 11 gpuva 0x100000c8000
[mtlr] resource2 sel8 flags 470 sz 0x8000 -> kr 0x00000000 rid 12 GPUVA 0x100000d8000 cpu 104f64000
[mtlr]   out: 00000100000d8000 0000000104f64000 00000001004dc900 0000000000000000
[mtlr]   out: 0000000c00000000 0000000000008000 00000000198e4f9c 0000000000010f5a
[rp2f] ref rid 31 (grp 1 slot 2, 32 KB) -> our rid 12 gpuva 0x100000d8000
[mtlr] resource2 sel8 flags 470 sz 0x8000 -> kr 0x00000000 rid 13 GPUVA 0x100000e8000 cpu 104f6c000
[mtlr]   out: 00000100000e8000 0000000104f6c000 00000001004dc9c0 0000000000000000
[mtlr]   out: 0000000d00000000 0000000000008000 00000000198e4f9d 0000000000010f5b
[rp2f] ref rid 32 (grp 1 slot 3, 32 KB) -> our rid 13 gpuva 0x100000e8000
[mtlr] resource2 sel8 flags 470 sz 0xc000 -> kr 0x00000000 rid 14 GPUVA 0x100000f8000 cpu 104f74000
[mtlr]   out: 00000100000f8000 0000000104f74000 00000001004dca80 0000000000000000
[mtlr]   out: 0000000e00000000 000000000000c000 00000000198e4f9e 0000000000010f5c
[rp2f] ref rid 33 (grp 1 slot 4, 48 KB) -> our rid 14 gpuva 0x100000f8000
[mtlr] resource2 sel8 flags 470 sz 0x10000 -> kr 0x00000000 rid 15 GPUVA 0x10000108000 cpu 104f80000
[mtlr]   out: 0000010000108000 0000000104f80000 00000001004dcb40 0000000000000000
[mtlr]   out: 0000000f00000000 0000000000010000 00000000198e4f9f 0000000000010f5d
[rp2f] ref rid 1 (grp 1 slot 5, 64 KB) -> our rid 15 gpuva 0x10000108000
[rp2f] group 2 @+0xc8 count 6
[mtlr] resource2 sel8 flags 470 sz 0xc000 -> kr 0x00000000 rid 16 GPUVA 0x10000120000 cpu 104f90000
[mtlr]   out: 0000010000120000 0000000104f90000 00000001004dcc00 0000000000000000
[mtlr]   out: 0000001000000000 000000000000c000 00000000198e4fa0 0000000000010f5e
[rp2f] ref rid 34 (grp 2 slot 0, 48 KB) -> our rid 16 gpuva 0x10000120000
[mtlr] resource2 sel8 flags 470 sz 0x10000 -> kr 0x00000000 rid 17 GPUVA 0x10000130000 cpu 104f9c000
[mtlr]   out: 0000010000130000 0000000104f9c000 00000001004dccc0 0000000000000000
[mtlr]   out: 0000001100000000 0000000000010000 00000000198e4fa1 0000000000010f5f
[rp2f] ref rid 17 (grp 2 slot 1, 64 KB) -> our rid 17 gpuva 0x10000130000
[mtlr] resource2 sel8 flags 470 sz 0x20000 -> kr 0x00000000 rid 18 GPUVA 0x10000148000 cpu 104fac000
[mtlr]   out: 0000010000148000 0000000104fac000 00000001004dcd80 0000000000000000
[mtlr]   out: 0000001200000000 0000000000020000 00000000198e4fa2 0000000000010f60
[rp2f] ref rid 20 (grp 2 slot 2, 128 KB) -> our rid 18 gpuva 0x10000148000
[mtlr] resource2 sel8 flags 470 sz 0x20000 -> kr 0x00000000 rid 19 GPUVA 0x10000170000 cpu 104fcc000
[mtlr]   out: 0000010000170000 0000000104fcc000 00000001004dce40 0000000000000000
[mtlr]   out: 0000001300000000 0000000000020000 00000000198e4fa3 0000000000010f61
[rp2f] ref rid 12 (grp 2 slot 3, 128 KB) -> our rid 19 gpuva 0x10000170000
[mtlr] resource2 sel8 flags 470 sz 0x20000 -> kr 0x00000000 rid 20 GPUVA 0x10000198000 cpu 107a70000
[mtlr]   out: 0000010000198000 0000000107a70000 00000001004dcf00 0000000000000000
[mtlr]   out: 0000001400000000 0000000000020000 00000000198e4fa4 0000000000010f62
[rp2f] ref rid 11 (grp 2 slot 4, 128 KB) -> our rid 20 gpuva 0x10000198000
[mtlr] resource2 sel8 flags 470 sz 0x10000 -> kr 0x00000000 rid 21 GPUVA 0x100001c0000 cpu 104fec000
[mtlr]   out: 00000100001c0000 0000000104fec000 00000001004dcfc0 0000000000000000
[mtlr]   out: 0000001500000000 0000000000010000 00000000198e4fa5 0000000000010f63
[rp2f] ref rid 16 (grp 2 slot 5, 64 KB) -> our rid 21 gpuva 0x100001c0000
[rp2f] group 3 @+0x108 count 2
[rp2f] ref rid 39 (grp 3 slot 0, 64 KB) -> our rid 1 gpuva 0x0
[rp2f] ref rid 40 (grp 3 slot 1, 64 KB) -> our rid 2 gpuva 0x0
[rp2f] mapping: 20 unique reference rids (target numResources 20)
[rp2f] pool base: 0x100100000
[rp2] entry form: HISTORICAL v80 {aux1,aux2,+0x20 ridB} (A/B: FUZZ_REPLAY2_OLDENTRY=1)
[rp2] kcmd header {type 0x0000000f, len 0x000000ac}
[rp2] stream walk: 2 records, end @0x404
[rp2] strategy: pool window was Metal-context owned — re-creating pool0 in resource C (gpuva 0x10000030000)
[rp2] resource C: 1 GPUVA slots patched (refA/refB -> ours)
[rp2f] var1: group-slot subs 19, global subs (rid>=0x10) 16
[rp2f] var1 kcmd+0x0174: UNMAPPED space-0x1 ref 0x1000f0000 (set FUZZ_REPLAY2_REFA/REFB/FUZZ_REPLAY2_POOL)
[rp2f] var1 kcmd+0x01cc: 0x100100000 -> 0x10000030000 (POOL->C)
[rp2f] var1 kcmd+0x01d0: UNMAPPED space-0x1 ref 0x1000f0028 (set FUZZ_REPLAY2_REFA/REFB/FUZZ_REPLAY2_POOL)
[rp2f] var1 kcmd+0x01d4: UNMAPPED space-0x1 ref 0x1000f0028 (set FUZZ_REPLAY2_REFA/REFB/FUZZ_REPLAY2_POOL)
[rp2f] var1 kcmd+0x01e4: 0x100101480 -> 0x10000031480 (POOLSLOT->C+d)
[rp2f] var1 kcmd+0x01e8: 0x100101488 -> 0x10000031488 (POOLSLOT->C+d)
[rp2f] var1 kcmd+0x01ec: UNMAPPED space-0x1 ref 0x100031488 (set FUZZ_REPLAY2_REFA/REFB/FUZZ_REPLAY2_POOL)
[rp2f] var1 kcmd+0x01f0: 0x100101490 -> 0x10000031490 (POOLSLOT->C+d)
[rp2f] var1 kcmd+0x01f4: UNMAPPED space-0x1 ref 0x100031490 (set FUZZ_REPLAY2_REFA/REFB/FUZZ_REPLAY2_POOL)
[rp2f] var1 kcmd+0x01f8: 0x100101498 -> 0x10000031498 (POOLSLOT->C+d)
[rp2f] var1 kcmd+0x01fc: UNMAPPED space-0x1 ref 0x100031498 (set FUZZ_REPLAY2_REFA/REFB/FUZZ_REPLAY2_POOL)
[rp2f] var1 kcmd+0x03ec: UNMAPPED space-0x1 ref 0x100018000 (set FUZZ_REPLAY2_REFA/REFB/FUZZ_REPLAY2_POOL)
[rp2f] var1: space-0x1 refs rebased 5, unmapped 7 — capture VM still referenced!
[rp2] var1: kcmd gpuVA-sub 1 abs-rebase 0 rid-sub 1 | seg extra rid-sub 19
[rp2] var1: submit qid 1 entry {cmd 2 seg 1} HIST (PANIC possible)
[rp2] var1 nq+000: value 0000000000001414 status 88
[rp2] var1 nq+010: value 0000000104ffc000 status 3903668605
[rp2] var1 nq+020: value 00000d0de8adb824 status 256
[rp2] var1 nq+040: value e8adba1800000001 status 3341
[rp2f] var1: firmware status (2nd record) 3903668605 — NOT 5 — parse path CHANGED
[rp2] var1 -> kr 0x00000000 outw 00000100 comp st@+18 0 st@+48 0 post{17:e00002c2 15:e00002c2/00000000} | B: 41 0 nz 0 (no write)
[rp2] var1 comp: 0000000000000000 0000000000000000 0000000000000000 0000000000000000 | aux1: 0000000000000000 0000000000000000 aux2: 0000010000018000 00000001005c4000
[rp2] done (alive)
[probe13] replay2-only mode, stop
