[main] fuzz harness up, mode=scaler
[main] sandbox note: VCPDRM open is MACF-denied (iokit-open-user-client VCPDRMUserClient); mach-lookup com.apple.sprr / com.apple.jitbox exist but are sandbox-gated (seen in kernel log)
[open] AppleM2ScalerCSCDriver -> conn 0x5613
[scaler] conn 0x5613, s1 11 s2 15
[probe12] SetNotificationPort -> 0x00000000
[uatrec] v111 step 3 delay 0ms
[open] IOGPU -> conn 0x7b03
[uatrec] mconn 0x5d13 ourc 0x7b03
[uatrec] S3 repoint-write: 3 rounds, cong 24, delay 0ms
[mtlr] resource2 sel8 flags 470 sz 0x10000 -> kr 0x00000000 rid 263 GPUVA 0x10002a90000 cpu 1100d4000
[mtlr]   out: 0000010002a90000 00000001100d4000 0000000110080540 0000000000000000
[mtlr]   out: 0000010700000000 0000000000010000 000000028472f0a6 00000000003332f3
[uatrec] S3 r0: victim rid 263 gpuva 0x10002a90000 cpu 0x1100d4000 (top-of-stack)
[uatrec] S3 r0: ridV 263 gv 0x10002a90000 slots 11 ridpatch 1 — commit, then destroy+flush
[uatrec] S3 r0: destroying victim (PANIC possible)...
[mtlr] resource2 sel8 flags 470 sz 0x1000 -> kr 0x00000000 rid 263 GPUVA 0x10002ad8000 cpu 110108000
[mtlr]   out: 0000010002ad8000 0000000110108000 0000000110080780 0000000000000000
[mtlr]   out: 0000010700000000 0000000000004000 000000028472f410 000000000033330d
[mtlr] resource2 sel8 flags 470 sz 0x1000 -> kr 0x00000000 rid 263 GPUVA 0x10002ad8000 cpu 110108000
[mtlr]   out: 0000010002ad8000 0000000110108000 0000000110080780 0000000000000000
[mtlr]   out: 0000010700000000 0000000000004000 000000028472f411 000000000033330e
[mtlr] resource2 sel8 flags 470 sz 0x1000 -> kr 0x00000000 rid 263 GPUVA 0x10002ad8000 cpu 110108000
[mtlr]   out: 0000010002ad8000 0000000110108000 0000000110080780 0000000000000000
[mtlr]   out: 0000010700000000 0000000000004000 000000028472f412 000000000033330f
[mtlr] resource2 sel8 flags 470 sz 0x1000 -> kr 0x00000000 rid 263 GPUVA 0x10002a90000 cpu 110108000
[mtlr]   out: 0000010002a90000 0000000110108000 0000000110080540 0000000000000000
[mtlr]   out: 0000010700000000 0000000000004000 000000028472f413 0000000000333310
[mtlr] resource2 sel8 flags 470 sz 0x1000 -> kr 0x00000000 rid 263 GPUVA 0x10002a90000 cpu 110108000
[mtlr]   out: 0000010002a90000 0000000110108000 0000000110080540 0000000000000000
[mtlr]   out: 0000010700000000 0000000000004000 000000028472f414 0000000000333311
[mtlr] resource2 sel8 flags 470 sz 0x1000 -> kr 0x00000000 rid 263 GPUVA 0x10002a90000 cpu 110108000
[mtlr]   out: 0000010002a90000 0000000110108000 0000000110080540 0000000000000000
[mtlr]   out: 0000010700000000 0000000000004000 000000028472f415 0000000000333312
[mtlr] resource2 sel8 flags 470 sz 0x1000 -> kr 0x00000000 rid 263 GPUVA 0x10002a90000 cpu 110108000
[mtlr]   out: 0000010002a90000 0000000110108000 0000000110080540 0000000000000000
[mtlr]   out: 0000010700000000 0000000000004000 000000028472f416 0000000000333313
[mtlr] resource2 sel8 flags 470 sz 0x1000 -> kr 0x00000000 rid 263 GPUVA 0x10002a90000 cpu 110108000
[mtlr]   out: 0000010002a90000 0000000110108000 0000000110080540 0000000000000000
[mtlr]   out: 0000010700000000 0000000000004000 000000028472f417 0000000000333314
[mtlr] resource2 sel8 flags 470 sz 0x1000 -> kr 0x00000000 rid 263 GPUVA 0x10002a90000 cpu 110108000
[mtlr]   out: 0000010002a90000 0000000110108000 0000000110080540 0000000000000000
[mtlr]   out: 0000010700000000 0000000000004000 000000028472f418 0000000000333315
[mtlr] resource2 sel8 flags 470 sz 0x1000 -> kr 0x00000000 rid 263 GPUVA 0x10002a90000 cpu 110108000
[mtlr]   out: 0000010002a90000 0000000110108000 0000000110080540 0000000000000000
[mtlr]   out: 0000010700000000 0000000000004000 000000028472f419 0000000000333316
[mtlr] resource2 sel8 flags 470 sz 0x1000 -> kr 0x00000000 rid 263 GPUVA 0x10002a90000 cpu 110108000
[mtlr]   out: 0000010002a90000 0000000110108000 0000000110080540 0000000000000000
[mtlr]   out: 0000010700000000 0000000000004000 000000028472f41a 0000000000333317
[mtlr] resource2 sel8 flags 470 sz 0x1000 -> kr 0x00000000 rid 263 GPUVA 0x10002a90000 cpu 110108000
[mtlr]   out: 0000010002a90000 0000000110108000 0000000110080540 0000000000000000
[mtlr]   out: 0000010700000000 0000000000004000 000000028472f41b 0000000000333318
[mtlr] resource2 sel8 flags 470 sz 0x1000 -> kr 0x00000000 rid 263 GPUVA 0x10002a90000 cpu 110108000
[mtlr]   out: 0000010002a90000 0000000110108000 0000000110080540 0000000000000000
[mtlr]   out: 0000010700000000 0000000000004000 000000028472f41c 0000000000333319
[mtlr] resource2 sel8 flags 470 sz 0x1000 -> kr 0x00000000 rid 263 GPUVA 0x10002a90000 cpu 110108000
[mtlr]   out: 0000010002a90000 0000000110108000 0000000110080540 0000000000000000
[mtlr]   out: 0000010700000000 0000000000004000 000000028472f41d 000000000033331a
[mtlr] resource2 sel8 flags 470 sz 0x1000 -> kr 0x00000000 rid 263 GPUVA 0x10002a90000 cpu 110108000
[mtlr]   out: 0000010002a90000 0000000110108000 0000000110080540 0000000000000000
[mtlr]   out: 0000010700000000 0000000000004000 000000028472f41e 000000000033331b
[mtlr] resource2 sel8 flags 470 sz 0x1000 -> kr 0x00000000 rid 263 GPUVA 0x10002a90000 cpu 110108000
[mtlr]   out: 0000010002a90000 0000000110108000 0000000110080540 0000000000000000
[mtlr]   out: 0000010700000000 0000000000004000 000000028472f41f 000000000033331c
[mtlr] resource2 sel8 flags 470 sz 0x1000 -> kr 0x00000000 rid 263 GPUVA 0x10002a90000 cpu 110108000
[mtlr]   out: 0000010002a90000 0000000110108000 0000000110080540 0000000000000000
[mtlr]   out: 0000010700000000 0000000000004000 000000028472f420 000000000033331d
[mtlr] resource2 sel8 flags 470 sz 0x1000 -> kr 0x00000000 rid 263 GPUVA 0x10002a90000 cpu 110108000
[mtlr]   out: 0000010002a90000 0000000110108000 0000000110080540 0000000000000000
[mtlr]   out: 0000010700000000 0000000000004000 000000028472f421 000000000033331e
[mtlr] resource2 sel8 flags 470 sz 0x1000 -> kr 0x00000000 rid 263 GPUVA 0x10002a90000 cpu 110108000
[mtlr]   out: 0000010002a90000 0000000110108000 0000000110080540 0000000000000000
[mtlr]   out: 0000010700000000 0000000000004000 000000028472f422 000000000033331f
[mtlr] resource2 sel8 flags 470 sz 0x1000 -> kr 0x00000000 rid 263 GPUVA 0x10002a90000 cpu 110108000
[mtlr]   out: 0000010002a90000 0000000110108000 0000000110080540 0000000000000000
[mtlr]   out: 0000010700000000 0000000000004000 000000028472f423 0000000000333320
[mtlr] resource2 sel8 flags 470 sz 0x1000 -> kr 0x00000000 rid 263 GPUVA 0x10002a90000 cpu 110108000
[mtlr]   out: 0000010002a90000 0000000110108000 0000000110080540 0000000000000000
[mtlr]   out: 0000010700000000 0000000000004000 000000028472f424 0000000000333321
[mtlr] resource2 sel8 flags 470 sz 0x1000 -> kr 0x00000000 rid 263 GPUVA 0x10002a90000 cpu 110108000
[mtlr]   out: 0000010002a90000 0000000110108000 0000000110080540 0000000000000000
[mtlr]   out: 0000010700000000 0000000000004000 000000028472f425 0000000000333322
[mtlr] resource2 sel8 flags 470 sz 0x1000 -> kr 0x00000000 rid 263 GPUVA 0x10002a90000 cpu 110108000
[mtlr]   out: 0000010002a90000 0000000110108000 0000000110080540 0000000000000000
[mtlr]   out: 0000010700000000 0000000000004000 000000028472f426 0000000000333323
[mtlr] resource2 sel8 flags 470 sz 0x1000 -> kr 0x00000000 rid 263 GPUVA 0x10002a90000 cpu 110108000
[mtlr]   out: 0000010002a90000 0000000110108000 0000000110080540 0000000000000000
[mtlr]   out: 0000010700000000 0000000000004000 000000028472f427 0000000000333324
[mtlr] resource2 sel8 flags 470 sz 0x1000 -> kr 0x00000000 rid 263 GPUVA 0x10002a90000 cpu 110108000
[mtlr]   out: 0000010002a90000 0000000110108000 0000000110080540 0000000000000000
[mtlr]   out: 0000010700000000 0000000000004000 000000028472f428 0000000000333325
[mtlr] resource2 sel8 flags 470 sz 0x1000 -> kr 0x00000000 rid 263 GPUVA 0x10002a90000 cpu 110108000
[mtlr]   out: 0000010002a90000 0000000110108000 0000000110080540 0000000000000000
[mtlr]   out: 0000010700000000 0000000000004000 000000028472f429 0000000000333326
[mtlr] resource2 sel8 flags 470 sz 0x1000 -> kr 0x00000000 rid 263 GPUVA 0x10002a90000 cpu 110108000
[mtlr]   out: 0000010002a90000 0000000110108000 0000000110080540 0000000000000000
[mtlr]   out: 0000010700000000 0000000000004000 000000028472f42a 0000000000333327
[mtlr] resource2 sel8 flags 470 sz 0x1000 -> kr 0x00000000 rid 263 GPUVA 0x10002a90000 cpu 110108000
[mtlr]   out: 0000010002a90000 0000000110108000 0000000110080540 0000000000000000
[mtlr]   out: 0000010700000000 0000000000004000 000000028472f42b 0000000000333328
[mtlr] resource2 sel8 flags 470 sz 0x1000 -> kr 0x00000000 rid 263 GPUVA 0x10002a90000 cpu 110108000
[mtlr]   out: 0000010002a90000 0000000110108000 0000000110080540 0000000000000000
[mtlr]   out: 0000010700000000 0000000000004000 000000028472f42c 0000000000333329
[mtlr] resource2 sel8 flags 470 sz 0x1000 -> kr 0x00000000 rid 263 GPUVA 0x10002a90000 cpu 110108000
[mtlr]   out: 0000010002a90000 0000000110108000 0000000110080540 0000000000000000
[mtlr]   out: 0000010700000000 0000000000004000 000000028472f42d 000000000033332a
[mtlr] resource2 sel8 flags 470 sz 0x1000 -> kr 0x00000000 rid 263 GPUVA 0x10002a90000 cpu 110108000
[mtlr]   out: 0000010002a90000 0000000110108000 0000000110080540 0000000000000000
[mtlr]   out: 0000010700000000 0000000000004000 000000028472f42e 000000000033332b
[mtlr] resource2 sel8 flags 470 sz 0x1000 -> kr 0x00000000 rid 263 GPUVA 0x10002a90000 cpu 110108000
[mtlr]   out: 0000010002a90000 0000000110108000 0000000110080540 0000000000000000
[mtlr]   out: 0000010700000000 0000000000004000 000000028472f42f 000000000033332c
[mtlr] resource2 sel8 flags 470 sz 0x1000 -> kr 0x00000000 rid 263 GPUVA 0x10002a90000 cpu 110108000
[mtlr]   out: 0000010002a90000 0000000110108000 0000000110080540 0000000000000000
[mtlr]   out: 0000010700000000 0000000000004000 000000028472f430 000000000033332d
[mtlr] resource2 sel8 flags 470 sz 0x1000 -> kr 0x00000000 rid 263 GPUVA 0x10002a90000 cpu 110108000
[mtlr]   out: 0000010002a90000 0000000110108000 0000000110080540 0000000000000000
[mtlr]   out: 0000010700000000 0000000000004000 000000028472f431 000000000033332e
[mtlr] resource2 sel8 flags 470 sz 0x1000 -> kr 0x00000000 rid 263 GPUVA 0x10002a90000 cpu 110108000
[mtlr]   out: 0000010002a90000 0000000110108000 0000000110080540 0000000000000000
[mtlr]   out: 0000010700000000 0000000000004000 000000028472f432 000000000033332f
[mtlr] resource2 sel8 flags 470 sz 0x1000 -> kr 0x00000000 rid 263 GPUVA 0x10002a90000 cpu 110108000
[mtlr]   out: 0000010002a90000 0000000110108000 0000000110080540 0000000000000000
[mtlr]   out: 0000010700000000 0000000000004000 000000028472f433 0000000000333330
[mtlr] resource2 sel8 flags 470 sz 0x1000 -> kr 0x00000000 rid 263 GPUVA 0x10002a90000 cpu 110108000
[mtlr]   out: 0000010002a90000 0000000110108000 0000000110080540 0000000000000000
[mtlr]   out: 0000010700000000 0000000000004000 000000028472f434 0000000000333331
[mtlr] resource2 sel8 flags 470 sz 0x1000 -> kr 0x00000000 rid 263 GPUVA 0x10002a90000 cpu 110108000
[mtlr]   out: 0000010002a90000 0000000110108000 0000000110080540 0000000000000000
[mtlr]   out: 0000010700000000 0000000000004000 000000028472f435 0000000000333332
[mtlr] resource2 sel8 flags 470 sz 0x1000 -> kr 0x00000000 rid 263 GPUVA 0x10002a90000 cpu 110108000
[mtlr]   out: 0000010002a90000 0000000110108000 0000000110080540 0000000000000000
[mtlr]   out: 0000010700000000 0000000000004000 000000028472f436 0000000000333333
[mtlr] resource2 sel8 flags 470 sz 0x1000 -> kr 0x00000000 rid 263 GPUVA 0x10002a90000 cpu 110108000
[mtlr]   out: 0000010002a90000 0000000110108000 0000000110080540 0000000000000000
[mtlr]   out: 0000010700000000 0000000000004000 000000028472f437 0000000000333334
[uatrec] S3 r0: destroy kr 0x00000000 + 40 junk destroys (process forced) — reclaim wave
[mtlr] resource2 sel8 flags 470 sz 0x10000 -> kr 0x00000000 rid 263 GPUVA 0x10002a90000 cpu 110108000
[mtlr]   out: 0000010002a90000 0000000110108000 0000000110080540 0000000000000000
[mtlr]   out: 0000010700000000 0000000000010000 000000028472f438 0000000000333335
[uatrec] S3 r0 wave[0] rid 263 gpuva 0x10002a90000 [HIT-candidate] EXACT GPUVA REUSE
[mtlr] resource2 sel8 flags 470 sz 0x10000 -> kr 0x00000000 rid 266 GPUVA 0x10002ad8000 cpu 110118000
[mtlr]   out: 0000010002ad8000 0000000110118000 0000000110080780 0000000000000000
[mtlr]   out: 0000010a00000000 0000000000010000 000000028472f439 0000000000333336
[uatrec] S3 r0 wave[1] rid 266 gpuva 0x10002ad8000 
[mtlr] resource2 sel8 flags 470 sz 0x10000 -> kr 0x00000000 rid 267 GPUVA 0x10002af0000 cpu 110128000
[mtlr]   out: 0000010002af0000 0000000110128000 0000000110080840 0000000000000000
[mtlr]   out: 0000010b00000000 0000000000010000 000000028472f43a 0000000000333337
[uatrec] S3 r0 wave[2] rid 267 gpuva 0x10002af0000 
[mtlr] resource2 sel8 flags 470 sz 0x10000 -> kr 0x00000000 rid 268 GPUVA 0x10002b08000 cpu 110138000
[mtlr]   out: 0000010002b08000 0000000110138000 0000000110080900 0000000000000000
[mtlr]   out: 0000010c00000000 0000000000010000 000000028472f43b 0000000000333338
[uatrec] S3 r0 wave[3] rid 268 gpuva 0x10002b08000 
[mtlr] resource2 sel8 flags 470 sz 0x10000 -> kr 0x00000000 rid 269 GPUVA 0x10002b20000 cpu 110148000
[mtlr]   out: 0000010002b20000 0000000110148000 00000001100809c0 0000000000000000
[mtlr]   out: 0000010d00000000 0000000000010000 000000028472f43c 0000000000333339
[uatrec] S3 r0 wave[4] rid 269 gpuva 0x10002b20000 
[mtlr] resource2 sel8 flags 470 sz 0x10000 -> kr 0x00000000 rid 270 GPUVA 0x10002b38000 cpu 110158000
[mtlr]   out: 0000010002b38000 0000000110158000 0000000110080a80 0000000000000000
[mtlr]   out: 0000010e00000000 0000000000010000 000000028472f43d 000000000033333a
[uatrec] S3 r0 wave[5] rid 270 gpuva 0x10002b38000 
[mtlr] resource2 sel8 flags 470 sz 0x10000 -> kr 0x00000000 rid 271 GPUVA 0x10002b50000 cpu 110168000
[mtlr]   out: 0000010002b50000 0000000110168000 0000000110080b40 0000000000000000
[mtlr]   out: 0000010f00000000 0000000000010000 000000028472f43e 000000000033333b
[uatrec] S3 r0 wave[6] rid 271 gpuva 0x10002b50000 
[mtlr] resource2 sel8 flags 470 sz 0x10000 -> kr 0x00000000 rid 272 GPUVA 0x10002b68000 cpu 110178000
[mtlr]   out: 0000010002b68000 0000000110178000 0000000110080c00 0000000000000000
[mtlr]   out: 0000011000000000 0000000000010000 000000028472f43f 000000000033333c
[uatrec] S3 r0 wave[7] rid 272 gpuva 0x10002b68000 
[mtlr] resource2 sel8 flags 470 sz 0x10000 -> kr 0x00000000 rid 273 GPUVA 0x10002b80000 cpu 110188000
[mtlr]   out: 0000010002b80000 0000000110188000 0000000110080cc0 0000000000000000
[mtlr]   out: 0000011100000000 0000000000010000 000000028472f440 000000000033333d
[uatrec] S3 r0 wave[8] rid 273 gpuva 0x10002b80000 
[mtlr] resource2 sel8 flags 470 sz 0x10000 -> kr 0x00000000 rid 274 GPUVA 0x10002b98000 cpu 110198000
[mtlr]   out: 0000010002b98000 0000000110198000 0000000110080d80 0000000000000000
[mtlr]   out: 0000011200000000 0000000000010000 000000028472f441 000000000033333e
[uatrec] S3 r0 wave[9] rid 274 gpuva 0x10002b98000 
[mtlr] resource2 sel8 flags 470 sz 0x10000 -> kr 0x00000000 rid 275 GPUVA 0x10002bb0000 cpu 1101a8000
[mtlr]   out: 0000010002bb0000 00000001101a8000 0000000110080e40 0000000000000000
[mtlr]   out: 0000011300000000 0000000000010000 000000028472f442 000000000033333f
[uatrec] S3 r0 wave[10] rid 275 gpuva 0x10002bb0000 
[mtlr] resource2 sel8 flags 470 sz 0x10000 -> kr 0x00000000 rid 276 GPUVA 0x10002bc8000 cpu 1101b8000
[mtlr]   out: 0000010002bc8000 00000001101b8000 0000000110080f00 0000000000000000
[mtlr]   out: 0000011400000000 0000000000010000 000000028472f443 0000000000333340
[uatrec] S3 r0 wave[11] rid 276 gpuva 0x10002bc8000 
[mtlr] resource2 sel8 flags 470 sz 0x10000 -> kr 0x00000000 rid 277 GPUVA 0x10002be0000 cpu 1101c8000
[mtlr]   out: 0000010002be0000 00000001101c8000 0000000110080fc0 0000000000000000
[mtlr]   out: 0000011500000000 0000000000010000 000000028472f444 0000000000333341
[uatrec] S3 r0 wave[12] rid 277 gpuva 0x10002be0000 
[mtlr] resource2 sel8 flags 470 sz 0x10000 -> kr 0x00000000 rid 278 GPUVA 0x10002bf8000 cpu 1101d8000
[mtlr]   out: 0000010002bf8000 00000001101d8000 0000000110081080 0000000000000000
[mtlr]   out: 0000011600000000 0000000000010000 000000028472f445 0000000000333342
[uatrec] S3 r0 wave[13] rid 278 gpuva 0x10002bf8000 
[mtlr] resource2 sel8 flags 470 sz 0x10000 -> kr 0x00000000 rid 279 GPUVA 0x10002c10000 cpu 1101e8000
[mtlr]   out: 0000010002c10000 00000001101e8000 0000000110081140 0000000000000000
[mtlr]   out: 0000011700000000 0000000000010000 000000028472f446 0000000000333343
[uatrec] S3 r0 wave[14] rid 279 gpuva 0x10002c10000 
[mtlr] resource2 sel8 flags 470 sz 0x10000 -> kr 0x00000000 rid 280 GPUVA 0x10002c28000 cpu 1101f8000
[mtlr]   out: 0000010002c28000 00000001101f8000 0000000110081200 0000000000000000
[mtlr]   out: 0000011800000000 0000000000010000 000000028472f447 0000000000333344
[uatrec] S3 r0 wave[15] rid 280 gpuva 0x10002c28000 
[mtlr] resource2 sel8 flags 470 sz 0x10000 -> kr 0x00000000 rid 281 GPUVA 0x10002c40000 cpu 110208000
[mtlr]   out: 0000010002c40000 0000000110208000 00000001100812c0 0000000000000000
[mtlr]   out: 0000011900000000 0000000000010000 000000028472f448 0000000000333345
[uatrec] S3 r0 wave[16] rid 281 gpuva 0x10002c40000 
[mtlr] resource2 sel8 flags 470 sz 0x10000 -> kr 0x00000000 rid 282 GPUVA 0x10002c58000 cpu 110218000
[mtlr]   out: 0000010002c58000 0000000110218000 0000000110081380 0000000000000000
[mtlr]   out: 0000011a00000000 0000000000010000 000000028472f449 0000000000333346
[uatrec] S3 r0 wave[17] rid 282 gpuva 0x10002c58000 
[mtlr] resource2 sel8 flags 470 sz 0x10000 -> kr 0x00000000 rid 283 GPUVA 0x10002c70000 cpu 110228000
[mtlr]   out: 0000010002c70000 0000000110228000 0000000110081440 0000000000000000
[mtlr]   out: 0000011b00000000 0000000000010000 000000028472f44a 0000000000333347
[uatrec] S3 r0 wave[18] rid 283 gpuva 0x10002c70000 
[mtlr] resource2 sel8 flags 470 sz 0x10000 -> kr 0x00000000 rid 284 GPUVA 0x10002c88000 cpu 110238000
[mtlr]   out: 0000010002c88000 0000000110238000 0000000110081500 0000000000000000
[mtlr]   out: 0000011c00000000 0000000000010000 000000028472f44b 0000000000333348
[uatrec] S3 r0 wave[19] rid 284 gpuva 0x10002c88000 
[mtlr] resource2 sel8 flags 470 sz 0x10000 -> kr 0x00000000 rid 285 GPUVA 0x10002ca0000 cpu 110248000
[mtlr]   out: 0000010002ca0000 0000000110248000 00000001100815c0 0000000000000000
[mtlr]   out: 0000011d00000000 0000000000010000 000000028472f44c 0000000000333349
[uatrec] S3 r0 wave[20] rid 285 gpuva 0x10002ca0000 
[mtlr] resource2 sel8 flags 470 sz 0x10000 -> kr 0x00000000 rid 286 GPUVA 0x10002cb8000 cpu 110258000
[mtlr]   out: 0000010002cb8000 0000000110258000 0000000110081680 0000000000000000
[mtlr]   out: 0000011e00000000 0000000000010000 000000028472f44d 000000000033334a
[uatrec] S3 r0 wave[21] rid 286 gpuva 0x10002cb8000 
[mtlr] resource2 sel8 flags 470 sz 0x10000 -> kr 0x00000000 rid 287 GPUVA 0x10002cd0000 cpu 110268000
[mtlr]   out: 0000010002cd0000 0000000110268000 0000000110081740 0000000000000000
[mtlr]   out: 0000011f00000000 0000000000010000 000000028472f44e 000000000033334b
[uatrec] S3 r0 wave[22] rid 287 gpuva 0x10002cd0000 
[mtlr] resource2 sel8 flags 470 sz 0x10000 -> kr 0x00000000 rid 288 GPUVA 0x10002ce8000 cpu 110278000
[mtlr]   out: 0000010002ce8000 0000000110278000 0000000110081800 0000000000000000
[mtlr]   out: 0000012000000000 0000000000010000 000000028472f44f 000000000033334c
[uatrec] S3 r0 wave[23] rid 288 gpuva 0x10002ce8000 
[mtlr] resource2 sel8 flags 470 sz 0x10000 -> kr 0x00000000 rid 289 GPUVA 0x10002d00000 cpu 110288000
[mtlr]   out: 0000010002d00000 0000000110288000 00000001100818c0 0000000000000000
[mtlr]   out: 0000012100000000 0000000000010000 000000028472f450 000000000033334d
[uatrec] S3 r0 wave[24] rid 289 gpuva 0x10002d00000 
[mtlr] resource2 sel8 flags 470 sz 0x10000 -> kr 0x00000000 rid 290 GPUVA 0x10002d18000 cpu 110298000
[mtlr]   out: 0000010002d18000 0000000110298000 0000000110081980 0000000000000000
[mtlr]   out: 0000012200000000 0000000000010000 000000028472f451 000000000033334e
[uatrec] S3 r0 wave[25] rid 290 gpuva 0x10002d18000 
[mtlr] resource2 sel8 flags 470 sz 0x10000 -> kr 0x00000000 rid 291 GPUVA 0x10002d30000 cpu 1102a8000
[mtlr]   out: 0000010002d30000 00000001102a8000 0000000110081a40 0000000000000000
[mtlr]   out: 0000012300000000 0000000000010000 000000028472f452 000000000033334f
[uatrec] S3 r0 wave[26] rid 291 gpuva 0x10002d30000 
[mtlr] resource2 sel8 flags 470 sz 0x10000 -> kr 0x00000000 rid 292 GPUVA 0x10002d48000 cpu 1102b8000
[mtlr]   out: 0000010002d48000 00000001102b8000 0000000110081b00 0000000000000000
[mtlr]   out: 0000012400000000 0000000000010000 000000028472f453 0000000000333350
[uatrec] S3 r0 wave[27] rid 292 gpuva 0x10002d48000 
[mtlr] resource2 sel8 flags 470 sz 0x10000 -> kr 0x00000000 rid 293 GPUVA 0x10002d60000 cpu 1102c8000
[mtlr]   out: 0000010002d60000 00000001102c8000 0000000110081bc0 0000000000000000
[mtlr]   out: 0000012500000000 0000000000010000 000000028472f454 0000000000333351
[uatrec] S3 r0 wave[28] rid 293 gpuva 0x10002d60000 
[mtlr] resource2 sel8 flags 470 sz 0x10000 -> kr 0x00000000 rid 294 GPUVA 0x10002d78000 cpu 1102d8000
[mtlr]   out: 0000010002d78000 00000001102d8000 0000000110081c80 0000000000000000
[mtlr]   out: 0000012600000000 0000000000010000 000000028472f455 0000000000333352
[uatrec] S3 r0 wave[29] rid 294 gpuva 0x10002d78000 
[mtlr] resource2 sel8 flags 470 sz 0x10000 -> kr 0x00000000 rid 295 GPUVA 0x10002d90000 cpu 1102e8000
[mtlr]   out: 0000010002d90000 00000001102e8000 0000000110081d40 0000000000000000
[mtlr]   out: 0000012700000000 0000000000010000 000000028472f456 0000000000333353
[uatrec] S3 r0 wave[30] rid 295 gpuva 0x10002d90000 
[mtlr] resource2 sel8 flags 470 sz 0x10000 -> kr 0x00000000 rid 296 GPUVA 0x10002da8000 cpu 1102f8000
[mtlr]   out: 0000010002da8000 00000001102f8000 0000000110081e00 0000000000000000
[mtlr]   out: 0000012800000000 0000000000010000 000000028472f457 0000000000333354
[uatrec] S3 r0 wave[31] rid 296 gpuva 0x10002da8000 
[uatrec] S3 r0: reowner wave[0] rid 263 holds victim gpuva 0x10002a90000 — draining
[uatrec] S3 r0: drained, cb status 4
[uatrec] S3 r0: reowner 0x41 0 0x22 65536 zero 0 (clean — write went to old pages or nowhere)
[uatrec] S3 r0: old victim map 0x41 65536 nz 65536 (write via stale GMMU TLB into OLD pages)
[uatrec] S3 r0 summary: write -> OLD PAGES (stale TLB) (reowner 0x41 0, old-map 0x41 65536, other dirty 0)
[mtlr] resource2 sel8 flags 470 sz 0x10000 -> kr 0x00000000 rid 345 GPUVA 0x10003fb8000 cpu 1128b8000
[mtlr]   out: 0000010003fb8000 00000001128b8000 00000001100842c0 0000000000000000
[mtlr]   out: 0000015900000000 0000000000010000 000000028472f48b 0000000000333387
[uatrec] S3 r1: victim rid 345 gpuva 0x10003fb8000 cpu 0x1128b8000 (top-of-stack)
[uatrec] S3 r1: ridV 345 gv 0x10003fb8000 slots 10 ridpatch 1 — commit, then destroy+flush
[uatrec] S3 r1: destroying victim (PANIC possible)...
[mtlr] resource2 sel8 flags 470 sz 0x1000 -> kr 0x00000000 rid 345 GPUVA 0x10002ad0000 cpu 10e660000
[mtlr]   out: 0000010002ad0000 000000010e660000 0000000110084e00 0000000000000000
[mtlr]   out: 0000015900000000 0000000000004000 000000028472f536 0000000000333396
[mtlr] resource2 sel8 flags 470 sz 0x1000 -> kr 0x00000000 rid 345 GPUVA 0x10002ad0000 cpu 10e660000
[mtlr]   out: 0000010002ad0000 000000010e660000 0000000110084e00 0000000000000000
[mtlr]   out: 0000015900000000 0000000000004000 000000028472f537 0000000000333397
[mtlr] resource2 sel8 flags 470 sz 0x1000 -> kr 0x00000000 rid 345 GPUVA 0x10002ad0000 cpu 10e660000
[mtlr]   out: 0000010002ad0000 000000010e660000 0000000110084e00 0000000000000000
[mtlr]   out: 0000015900000000 0000000000004000 000000028472f538 0000000000333398
[mtlr] resource2 sel8 flags 470 sz 0x1000 -> kr 0x00000000 rid 345 GPUVA 0x10002ad0000 cpu 10e660000
[mtlr]   out: 0000010002ad0000 000000010e660000 0000000110084e00 0000000000000000
[mtlr]   out: 0000015900000000 0000000000004000 000000028472f539 0000000000333399
[mtlr] resource2 sel8 flags 470 sz 0x1000 -> kr 0x00000000 rid 345 GPUVA 0x10002ad0000 cpu 10e660000
[mtlr]   out: 0000010002ad0000 000000010e660000 00000001100842c0 0000000000000000
[mtlr]   out: 0000015900000000 0000000000004000 000000028472f53a 000000000033339a
[mtlr] resource2 sel8 flags 470 sz 0x1000 -> kr 0x00000000 rid 345 GPUVA 0x10002ad0000 cpu 10e660000
[mtlr]   out: 0000010002ad0000 000000010e660000 00000001100842c0 0000000000000000
[mtlr]   out: 0000015900000000 0000000000004000 000000028472f53b 000000000033339b
[mtlr] resource2 sel8 flags 470 sz 0x1000 -> kr 0x00000000 rid 345 GPUVA 0x10002ad0000 cpu 10e660000
[mtlr]   out: 0000010002ad0000 000000010e660000 00000001100842c0 0000000000000000
[mtlr]   out: 0000015900000000 0000000000004000 000000028472f53c 000000000033339c
[mtlr] resource2 sel8 flags 470 sz 0x1000 -> kr 0x00000000 rid 345 GPUVA 0x10002ad0000 cpu 10e660000
[mtlr]   out: 0000010002ad0000 000000010e660000 00000001100842c0 0000000000000000
[mtlr]   out: 0000015900000000 0000000000004000 000000028472f53d 000000000033339d
[mtlr] resource2 sel8 flags 470 sz 0x1000 -> kr 0x00000000 rid 345 GPUVA 0x10002ad0000 cpu 10e660000
[mtlr]   out: 0000010002ad0000 000000010e660000 00000001100842c0 0000000000000000
[mtlr]   out: 0000015900000000 0000000000004000 000000028472f53e 000000000033339e
[mtlr] resource2 sel8 flags 470 sz 0x1000 -> kr 0x00000000 rid 345 GPUVA 0x10002ad0000 cpu 10e660000
[mtlr]   out: 0000010002ad0000 000000010e660000 00000001100842c0 0000000000000000
[mtlr]   out: 0000015900000000 0000000000004000 000000028472f53f 000000000033339f
[mtlr] resource2 sel8 flags 470 sz 0x1000 -> kr 0x00000000 rid 345 GPUVA 0x10002ad0000 cpu 10e660000
[mtlr]   out: 0000010002ad0000 000000010e660000 00000001100842c0 0000000000000000
[mtlr]   out: 0000015900000000 0000000000004000 000000028472f540 00000000003333a0
[mtlr] resource2 sel8 flags 470 sz 0x1000 -> kr 0x00000000 rid 345 GPUVA 0x10002ad0000 cpu 10e660000
[mtlr]   out: 0000010002ad0000 000000010e660000 00000001100842c0 0000000000000000
[mtlr]   out: 0000015900000000 0000000000004000 000000028472f541 00000000003333a1
[mtlr] resource2 sel8 flags 470 sz 0x1000 -> kr 0x00000000 rid 345 GPUVA 0x10002ad0000 cpu 10e660000
[mtlr]   out: 0000010002ad0000 000000010e660000 00000001100842c0 0000000000000000
[mtlr]   out: 0000015900000000 0000000000004000 000000028472f542 00000000003333a2
[mtlr] resource2 sel8 flags 470 sz 0x1000 -> kr 0x00000000 rid 345 GPUVA 0x10002ad0000 cpu 10e660000
[mtlr]   out: 0000010002ad0000 000000010e660000 00000001100842c0 0000000000000000
[mtlr]   out: 0000015900000000 0000000000004000 000000028472f543 00000000003333a3
[mtlr] resource2 sel8 flags 470 sz 0x1000 -> kr 0x00000000 rid 345 GPUVA 0x10002ad0000 cpu 10e660000
[mtlr]   out: 0000010002ad0000 000000010e660000 00000001100842c0 0000000000000000
[mtlr]   out: 0000015900000000 0000000000004000 000000028472f544 00000000003333a4
[mtlr] resource2 sel8 flags 470 sz 0x1000 -> kr 0x00000000 rid 345 GPUVA 0x10002ad0000 cpu 10e660000
[mtlr]   out: 0000010002ad0000 000000010e660000 00000001100842c0 0000000000000000
[mtlr]   out: 0000015900000000 0000000000004000 000000028472f545 00000000003333a5
[mtlr] resource2 sel8 flags 470 sz 0x1000 -> kr 0x00000000 rid 345 GPUVA 0x10002ad0000 cpu 10e660000
[mtlr]   out: 0000010002ad0000 000000010e660000 00000001100842c0 0000000000000000
[mtlr]   out: 0000015900000000 0000000000004000 000000028472f546 00000000003333a6
[mtlr] resource2 sel8 flags 470 sz 0x1000 -> kr 0x00000000 rid 345 GPUVA 0x10002ad0000 cpu 10e660000
[mtlr]   out: 0000010002ad0000 000000010e660000 00000001100842c0 0000000000000000
[mtlr]   out: 0000015900000000 0000000000004000 000000028472f547 00000000003333a7
[mtlr] resource2 sel8 flags 470 sz 0x1000 -> kr 0x00000000 rid 345 GPUVA 0x10002ad0000 cpu 10e660000
[mtlr]   out: 0000010002ad0000 000000010e660000 00000001100842c0 0000000000000000
[mtlr]   out: 0000015900000000 0000000000004000 000000028472f548 00000000003333a8
[mtlr] resource2 sel8 flags 470 sz 0x1000 -> kr 0x00000000 rid 345 GPUVA 0x10002ad0000 cpu 10e660000
[mtlr]   out: 0000010002ad0000 000000010e660000 00000001100842c0 0000000000000000
[mtlr]   out: 0000015900000000 0000000000004000 000000028472f549 00000000003333a9
[mtlr] resource2 sel8 flags 470 sz 0x1000 -> kr 0x00000000 rid 345 GPUVA 0x10002ad0000 cpu 10e660000
[mtlr]   out: 0000010002ad0000 000000010e660000 00000001100842c0 0000000000000000
[mtlr]   out: 0000015900000000 0000000000004000 000000028472f54a 00000000003333aa
[mtlr] resource2 sel8 flags 470 sz 0x1000 -> kr 0x00000000 rid 345 GPUVA 0x10002ad0000 cpu 10e660000
[mtlr]   out: 0000010002ad0000 000000010e660000 00000001100842c0 0000000000000000
[mtlr]   out: 0000015900000000 0000000000004000 000000028472f54b 00000000003333ab
[mtlr] resource2 sel8 flags 470 sz 0x1000 -> kr 0x00000000 rid 345 GPUVA 0x10002ad0000 cpu 10e660000
[mtlr]   out: 0000010002ad0000 000000010e660000 00000001100842c0 0000000000000000
[mtlr]   out: 0000015900000000 0000000000004000 000000028472f54c 00000000003333ac
[mtlr] resource2 sel8 flags 470 sz 0x1000 -> kr 0x00000000 rid 345 GPUVA 0x10002ad0000 cpu 10e660000
[mtlr]   out: 0000010002ad0000 000000010e660000 00000001100842c0 0000000000000000
[mtlr]   out: 0000015900000000 0000000000004000 000000028472f54d 00000000003333ad
[mtlr] resource2 sel8 flags 470 sz 0x1000 -> kr 0x00000000 rid 345 GPUVA 0x10002ad0000 cpu 10e660000
[mtlr]   out: 0000010002ad0000 000000010e660000 00000001100842c0 0000000000000000
[mtlr]   out: 0000015900000000 0000000000004000 000000028472f54e 00000000003333ae
[mtlr] resource2 sel8 flags 470 sz 0x1000 -> kr 0x00000000 rid 345 GPUVA 0x10002ad0000 cpu 10e660000
[mtlr]   out: 0000010002ad0000 000000010e660000 00000001100842c0 0000000000000000
[mtlr]   out: 0000015900000000 0000000000004000 000000028472f54f 00000000003333af
[mtlr] resource2 sel8 flags 470 sz 0x1000 -> kr 0x00000000 rid 345 GPUVA 0x10002ad0000 cpu 10e660000
[mtlr]   out: 0000010002ad0000 000000010e660000 00000001100842c0 0000000000000000
[mtlr]   out: 0000015900000000 0000000000004000 000000028472f550 00000000003333b0
[mtlr] resource2 sel8 flags 470 sz 0x1000 -> kr 0x00000000 rid 345 GPUVA 0x10002ad0000 cpu 10e660000
[mtlr]   out: 0000010002ad0000 000000010e660000 00000001100842c0 0000000000000000
[mtlr]   out: 0000015900000000 0000000000004000 000000028472f551 00000000003333b1
[mtlr] resource2 sel8 flags 470 sz 0x1000 -> kr 0x00000000 rid 345 GPUVA 0x10002ad0000 cpu 10e660000
[mtlr]   out: 0000010002ad0000 000000010e660000 00000001100842c0 0000000000000000
[mtlr]   out: 0000015900000000 0000000000004000 000000028472f552 00000000003333b2
[mtlr] resource2 sel8 flags 470 sz 0x1000 -> kr 0x00000000 rid 345 GPUVA 0x10002ad0000 cpu 10e660000
[mtlr]   out: 0000010002ad0000 000000010e660000 00000001100842c0 0000000000000000
[mtlr]   out: 0000015900000000 0000000000004000 000000028472f553 00000000003333b3
[mtlr] resource2 sel8 flags 470 sz 0x1000 -> kr 0x00000000 rid 345 GPUVA 0x10002ad0000 cpu 10e660000
[mtlr]   out: 0000010002ad0000 000000010e660000 00000001100842c0 0000000000000000
[mtlr]   out: 0000015900000000 0000000000004000 000000028472f554 00000000003333b4
[mtlr] resource2 sel8 flags 470 sz 0x1000 -> kr 0x00000000 rid 345 GPUVA 0x10002ad0000 cpu 10e660000
[mtlr]   out: 0000010002ad0000 000000010e660000 00000001100842c0 0000000000000000
[mtlr]   out: 0000015900000000 0000000000004000 000000028472f555 00000000003333b5
[mtlr] resource2 sel8 flags 470 sz 0x1000 -> kr 0x00000000 rid 345 GPUVA 0x10002ad0000 cpu 10e660000
[mtlr]   out: 0000010002ad0000 000000010e660000 00000001100842c0 0000000000000000
[mtlr]   out: 0000015900000000 0000000000004000 000000028472f556 00000000003333b6
[mtlr] resource2 sel8 flags 470 sz 0x1000 -> kr 0x00000000 rid 345 GPUVA 0x10002ad0000 cpu 10e660000
[mtlr]   out: 0000010002ad0000 000000010e660000 00000001100842c0 0000000000000000
[mtlr]   out: 0000015900000000 0000000000004000 000000028472f557 00000000003333b7
[mtlr] resource2 sel8 flags 470 sz 0x1000 -> kr 0x00000000 rid 345 GPUVA 0x10002ad0000 cpu 10e660000
[mtlr]   out: 0000010002ad0000 000000010e660000 00000001100842c0 0000000000000000
[mtlr]   out: 0000015900000000 0000000000004000 000000028472f558 00000000003333b8
[mtlr] resource2 sel8 flags 470 sz 0x1000 -> kr 0x00000000 rid 345 GPUVA 0x10002ad0000 cpu 10e660000
[mtlr]   out: 0000010002ad0000 000000010e660000 00000001100842c0 0000000000000000
[mtlr]   out: 0000015900000000 0000000000004000 000000028472f559 00000000003333b9
[mtlr] resource2 sel8 flags 470 sz 0x1000 -> kr 0x00000000 rid 345 GPUVA 0x10002ad0000 cpu 10e660000
[mtlr]   out: 0000010002ad0000 000000010e660000 00000001100842c0 0000000000000000
[mtlr]   out: 0000015900000000 0000000000004000 000000028472f55a 00000000003333ba
[mtlr] resource2 sel8 flags 470 sz 0x1000 -> kr 0x00000000 rid 345 GPUVA 0x10002ad0000 cpu 10e660000
[mtlr]   out: 0000010002ad0000 000000010e660000 00000001100842c0 0000000000000000
[mtlr]   out: 0000015900000000 0000000000004000 000000028472f55b 00000000003333bb
[mtlr] resource2 sel8 flags 470 sz 0x1000 -> kr 0x00000000 rid 345 GPUVA 0x10002ad0000 cpu 10e660000
[mtlr]   out: 0000010002ad0000 000000010e660000 00000001100842c0 0000000000000000
[mtlr]   out: 0000015900000000 0000000000004000 000000028472f55c 00000000003333bc
[mtlr] resource2 sel8 flags 470 sz 0x1000 -> kr 0x00000000 rid 345 GPUVA 0x10002ad0000 cpu 10e660000
[mtlr]   out: 0000010002ad0000 000000010e660000 00000001100842c0 0000000000000000
[mtlr]   out: 0000015900000000 0000000000004000 000000028472f55d 00000000003333bd
[uatrec] S3 r1: destroy kr 0x00000000 + 40 junk destroys (process forced) — reclaim wave
[mtlr] resource2 sel8 flags 470 sz 0x10000 -> kr 0x00000000 rid 345 GPUVA 0x10003fb8000 cpu 10e660000
[mtlr]   out: 0000010003fb8000 000000010e660000 00000001100842c0 0000000000000000
[mtlr]   out: 0000015900000000 0000000000010000 000000028472f55e 00000000003333be
[uatrec] S3 r1 wave[0] rid 345 gpuva 0x10003fb8000 [HIT-candidate] EXACT GPUVA REUSE
[mtlr] resource2 sel8 flags 470 sz 0x10000 -> kr 0x00000000 rid 360 GPUVA 0x10004080000 cpu 10e670000
[mtlr]   out: 0000010004080000 000000010e670000 0000000110084e00 0000000000000000
[mtlr]   out: 0000016800000000 0000000000010000 000000028472f55f 00000000003333bf
[uatrec] S3 r1 wave[1] rid 360 gpuva 0x10004080000 
[mtlr] resource2 sel8 flags 470 sz 0x10000 -> kr 0x00000000 rid 361 GPUVA 0x10004098000 cpu 10e680000
[mtlr]   out: 0000010004098000 000000010e680000 0000000110084ec0 0000000000000000
[mtlr]   out: 0000016900000000 0000000000010000 000000028472f560 00000000003333c0
[uatrec] S3 r1 wave[2] rid 361 gpuva 0x10004098000 
[mtlr] resource2 sel8 flags 470 sz 0x10000 -> kr 0x00000000 rid 362 GPUVA 0x100040b0000 cpu 10e690000
[mtlr]   out: 00000100040b0000 000000010e690000 0000000110084f80 0000000000000000
[mtlr]   out: 0000016a00000000 0000000000010000 000000028472f561 00000000003333c1
[uatrec] S3 r1 wave[3] rid 362 gpuva 0x100040b0000 
[mtlr] resource2 sel8 flags 470 sz 0x10000 -> kr 0x00000000 rid 363 GPUVA 0x100040c8000 cpu 10e6a0000
[mtlr]   out: 00000100040c8000 000000010e6a0000 0000000110085040 0000000000000000
[mtlr]   out: 0000016b00000000 0000000000010000 000000028472f562 00000000003333c2
[uatrec] S3 r1 wave[4] rid 363 gpuva 0x100040c8000 
[mtlr] resource2 sel8 flags 470 sz 0x10000 -> kr 0x00000000 rid 364 GPUVA 0x100040e0000 cpu 10e6b0000
[mtlr]   out: 00000100040e0000 000000010e6b0000 0000000110085100 0000000000000000
[mtlr]   out: 0000016c00000000 0000000000010000 000000028472f563 00000000003333c3
[uatrec] S3 r1 wave[5] rid 364 gpuva 0x100040e0000 
[mtlr] resource2 sel8 flags 470 sz 0x10000 -> kr 0x00000000 rid 365 GPUVA 0x100040f8000 cpu 10e6c0000
[mtlr]   out: 00000100040f8000 000000010e6c0000 00000001100851c0 0000000000000000
[mtlr]   out: 0000016d00000000 0000000000010000 000000028472f564 00000000003333c4
[uatrec] S3 r1 wave[6] rid 365 gpuva 0x100040f8000 
[mtlr] resource2 sel8 flags 470 sz 0x10000 -> kr 0x00000000 rid 366 GPUVA 0x10004110000 cpu 10e6d0000
[mtlr]   out: 0000010004110000 000000010e6d0000 0000000110085280 0000000000000000
[mtlr]   out: 0000016e00000000 0000000000010000 000000028472f565 00000000003333c5
[uatrec] S3 r1 wave[7] rid 366 gpuva 0x10004110000 
[mtlr] resource2 sel8 flags 470 sz 0x10000 -> kr 0x00000000 rid 367 GPUVA 0x10004128000 cpu 10e6e0000
[mtlr]   out: 0000010004128000 000000010e6e0000 0000000110085340 0000000000000000
[mtlr]   out: 0000016f00000000 0000000000010000 000000028472f566 00000000003333c6
[uatrec] S3 r1 wave[8] rid 367 gpuva 0x10004128000 
[mtlr] resource2 sel8 flags 470 sz 0x10000 -> kr 0x00000000 rid 368 GPUVA 0x10004140000 cpu 10e6f0000
[mtlr]   out: 0000010004140000 000000010e6f0000 0000000110085400 0000000000000000
[mtlr]   out: 0000017000000000 0000000000010000 000000028472f567 00000000003333c7
[uatrec] S3 r1 wave[9] rid 368 gpuva 0x10004140000 
[mtlr] resource2 sel8 flags 470 sz 0x10000 -> kr 0x00000000 rid 369 GPUVA 0x10004158000 cpu 10e700000
[mtlr]   out: 0000010004158000 000000010e700000 00000001100854c0 0000000000000000
[mtlr]   out: 0000017100000000 0000000000010000 000000028472f568 00000000003333c8
[uatrec] S3 r1 wave[10] rid 369 gpuva 0x10004158000 
[mtlr] resource2 sel8 flags 470 sz 0x10000 -> kr 0x00000000 rid 370 GPUVA 0x10004170000 cpu 10e710000
[mtlr]   out: 0000010004170000 000000010e710000 0000000110085580 0000000000000000
[mtlr]   out: 0000017200000000 0000000000010000 000000028472f569 00000000003333c9
[uatrec] S3 r1 wave[11] rid 370 gpuva 0x10004170000 
[mtlr] resource2 sel8 flags 470 sz 0x10000 -> kr 0x00000000 rid 371 GPUVA 0x10004188000 cpu 10e720000
[mtlr]   out: 0000010004188000 000000010e720000 0000000110085640 0000000000000000
[mtlr]   out: 0000017300000000 0000000000010000 000000028472f56a 00000000003333ca
[uatrec] S3 r1 wave[12] rid 371 gpuva 0x10004188000 
[mtlr] resource2 sel8 flags 470 sz 0x10000 -> kr 0x00000000 rid 372 GPUVA 0x100041a0000 cpu 10e730000
[mtlr]   out: 00000100041a0000 000000010e730000 0000000110085700 0000000000000000
[mtlr]   out: 0000017400000000 0000000000010000 000000028472f56b 00000000003333cb
[uatrec] S3 r1 wave[13] rid 372 gpuva 0x100041a0000 
[mtlr] resource2 sel8 flags 470 sz 0x10000 -> kr 0x00000000 rid 373 GPUVA 0x100041b8000 cpu 10e740000
[mtlr]   out: 00000100041b8000 000000010e740000 00000001100857c0 0000000000000000
[mtlr]   out: 0000017500000000 0000000000010000 000000028472f56c 00000000003333cc
[uatrec] S3 r1 wave[14] rid 373 gpuva 0x100041b8000 
[mtlr] resource2 sel8 flags 470 sz 0x10000 -> kr 0x00000000 rid 374 GPUVA 0x100041d0000 cpu 10e750000
[mtlr]   out: 00000100041d0000 000000010e750000 0000000110085880 0000000000000000
[mtlr]   out: 0000017600000000 0000000000010000 000000028472f56d 00000000003333cd
[uatrec] S3 r1 wave[15] rid 374 gpuva 0x100041d0000 
[mtlr] resource2 sel8 flags 470 sz 0x10000 -> kr 0x00000000 rid 375 GPUVA 0x100041e8000 cpu 10e760000
[mtlr]   out: 00000100041e8000 000000010e760000 0000000110085940 0000000000000000
[mtlr]   out: 0000017700000000 0000000000010000 000000028472f56e 00000000003333ce
[uatrec] S3 r1 wave[16] rid 375 gpuva 0x100041e8000 
[mtlr] resource2 sel8 flags 470 sz 0x10000 -> kr 0x00000000 rid 376 GPUVA 0x10004200000 cpu 10e770000
[mtlr]   out: 0000010004200000 000000010e770000 0000000110085a00 0000000000000000
[mtlr]   out: 0000017800000000 0000000000010000 000000028472f56f 00000000003333cf
[uatrec] S3 r1 wave[17] rid 376 gpuva 0x10004200000 
[mtlr] resource2 sel8 flags 470 sz 0x10000 -> kr 0x00000000 rid 377 GPUVA 0x10004218000 cpu 10e780000
[mtlr]   out: 0000010004218000 000000010e780000 0000000110085ac0 0000000000000000
[mtlr]   out: 0000017900000000 0000000000010000 000000028472f570 00000000003333d0
[uatrec] S3 r1 wave[18] rid 377 gpuva 0x10004218000 
[mtlr] resource2 sel8 flags 470 sz 0x10000 -> kr 0x00000000 rid 378 GPUVA 0x10004230000 cpu 10e790000
[mtlr]   out: 0000010004230000 000000010e790000 0000000110085b80 0000000000000000
[mtlr]   out: 0000017a00000000 0000000000010000 000000028472f571 00000000003333d1
[uatrec] S3 r1 wave[19] rid 378 gpuva 0x10004230000 
[mtlr] resource2 sel8 flags 470 sz 0x10000 -> kr 0x00000000 rid 379 GPUVA 0x10004248000 cpu 10e7a0000
[mtlr]   out: 0000010004248000 000000010e7a0000 0000000110085c40 0000000000000000
[mtlr]   out: 0000017b00000000 0000000000010000 000000028472f572 00000000003333d2
[uatrec] S3 r1 wave[20] rid 379 gpuva 0x10004248000 
[mtlr] resource2 sel8 flags 470 sz 0x10000 -> kr 0x00000000 rid 380 GPUVA 0x10004260000 cpu 10e7b0000
[mtlr]   out: 0000010004260000 000000010e7b0000 0000000110085d00 0000000000000000
[mtlr]   out: 0000017c00000000 0000000000010000 000000028472f573 00000000003333d3
[uatrec] S3 r1 wave[21] rid 380 gpuva 0x10004260000 
[mtlr] resource2 sel8 flags 470 sz 0x10000 -> kr 0x00000000 rid 381 GPUVA 0x10004278000 cpu 10e7c0000
[mtlr]   out: 0000010004278000 000000010e7c0000 0000000110085dc0 0000000000000000
[mtlr]   out: 0000017d00000000 0000000000010000 000000028472f574 00000000003333d4
[uatrec] S3 r1 wave[22] rid 381 gpuva 0x10004278000 
[mtlr] resource2 sel8 flags 470 sz 0x10000 -> kr 0x00000000 rid 382 GPUVA 0x10004290000 cpu 10e7d0000
[mtlr]   out: 0000010004290000 000000010e7d0000 0000000110085e80 0000000000000000
[mtlr]   out: 0000017e00000000 0000000000010000 000000028472f575 00000000003333d5
[uatrec] S3 r1 wave[23] rid 382 gpuva 0x10004290000 
[mtlr] resource2 sel8 flags 470 sz 0x10000 -> kr 0x00000000 rid 383 GPUVA 0x100042a8000 cpu 10e7e0000
[mtlr]   out: 00000100042a8000 000000010e7e0000 0000000110085f40 0000000000000000
[mtlr]   out: 0000017f00000000 0000000000010000 000000028472f576 00000000003333d6
[uatrec] S3 r1 wave[24] rid 383 gpuva 0x100042a8000 
[mtlr] resource2 sel8 flags 470 sz 0x10000 -> kr 0x00000000 rid 384 GPUVA 0x100042c0000 cpu 10e7f0000
[mtlr]   out: 00000100042c0000 000000010e7f0000 0000000110086000 0000000000000000
[mtlr]   out: 0000018000000000 0000000000010000 000000028472f577 00000000003333d7
[uatrec] S3 r1 wave[25] rid 384 gpuva 0x100042c0000 
[mtlr] resource2 sel8 flags 470 sz 0x10000 -> kr 0x00000000 rid 385 GPUVA 0x100042d8000 cpu 10e800000
[mtlr]   out: 00000100042d8000 000000010e800000 00000001100860c0 0000000000000000
[mtlr]   out: 0000018100000000 0000000000010000 000000028472f578 00000000003333d8
[uatrec] S3 r1 wave[26] rid 385 gpuva 0x100042d8000 
[mtlr] resource2 sel8 flags 470 sz 0x10000 -> kr 0x00000000 rid 386 GPUVA 0x100042f0000 cpu 10e810000
[mtlr]   out: 00000100042f0000 000000010e810000 0000000110086180 0000000000000000
[mtlr]   out: 0000018200000000 0000000000010000 000000028472f579 00000000003333d9
[uatrec] S3 r1 wave[27] rid 386 gpuva 0x100042f0000 
[mtlr] resource2 sel8 flags 470 sz 0x10000 -> kr 0x00000000 rid 387 GPUVA 0x10004308000 cpu 10e820000
[mtlr]   out: 0000010004308000 000000010e820000 0000000110086240 0000000000000000
[mtlr]   out: 0000018300000000 0000000000010000 000000028472f57a 00000000003333da
[uatrec] S3 r1 wave[28] rid 387 gpuva 0x10004308000 
[mtlr] resource2 sel8 flags 470 sz 0x10000 -> kr 0x00000000 rid 388 GPUVA 0x10004320000 cpu 10e830000
[mtlr]   out: 0000010004320000 000000010e830000 0000000110086300 0000000000000000
[mtlr]   out: 0000018400000000 0000000000010000 000000028472f57b 00000000003333db
[uatrec] S3 r1 wave[29] rid 388 gpuva 0x10004320000 
[mtlr] resource2 sel8 flags 470 sz 0x10000 -> kr 0x00000000 rid 389 GPUVA 0x10004338000 cpu 10e840000
[mtlr]   out: 0000010004338000 000000010e840000 00000001100863c0 0000000000000000
[mtlr]   out: 0000018500000000 0000000000010000 000000028472f57c 00000000003333dc
[uatrec] S3 r1 wave[30] rid 389 gpuva 0x10004338000 
[mtlr] resource2 sel8 flags 470 sz 0x10000 -> kr 0x00000000 rid 390 GPUVA 0x10004350000 cpu 10e850000
[mtlr]   out: 0000010004350000 000000010e850000 0000000110086480 0000000000000000
[mtlr]   out: 0000018600000000 0000000000010000 000000028472f57d 00000000003333dd
[uatrec] S3 r1 wave[31] rid 390 gpuva 0x10004350000 
[uatrec] S3 r1: reowner wave[0] rid 345 holds victim gpuva 0x10003fb8000 — draining
[uatrec] S3 r1: drained, cb status 4
[uatrec] S3 r1: reowner 0x41 0 0x22 65536 zero 0 (clean — write went to old pages or nowhere)
[uatrec] S3 r1: old victim map 0x41 65536 nz 65536 (write via stale GMMU TLB into OLD pages)
[uatrec] S3 r1 summary: write -> OLD PAGES (stale TLB) (reowner 0x41 0, old-map 0x41 65536, other dirty 0)
[mtlr] resource2 sel8 flags 470 sz 0x10000 -> kr 0x00000000 rid 391 GPUVA 0x10003fe8000 cpu 10e860000
[mtlr]   out: 0000010003fe8000 000000010e860000 0000000110086540 0000000000000000
[mtlr]   out: 0000018700000000 0000000000010000 000000028472f581 00000000003333e0
[uatrec] S3 r2: victim rid 391 gpuva 0x10003fe8000 cpu 0x10e860000 (top-of-stack)
[uatrec] S3 r2: ridV 391 gv 0x10003fe8000 slots 11 ridpatch 1 — commit, then destroy+flush
[uatrec] S3 r2: destroying victim (PANIC possible)...
[mtlr] resource2 sel8 flags 470 sz 0x1000 -> kr 0x00000000 rid 391 GPUVA 0x10002ad0000 cpu 10e880000
[mtlr]   out: 0000010002ad0000 000000010e880000 0000000110086780 0000000000000000
[mtlr]   out: 0000018700000000 0000000000004000 000000028472f5f4 00000000003333e3
[mtlr] resource2 sel8 flags 470 sz 0x1000 -> kr 0x00000000 rid 391 GPUVA 0x10002ad0000 cpu 10e880000
[mtlr]   out: 0000010002ad0000 000000010e880000 0000000110086780 0000000000000000
[mtlr]   out: 0000018700000000 0000000000004000 000000028472f5f5 00000000003333e4
[mtlr] resource2 sel8 flags 470 sz 0x1000 -> kr 0x00000000 rid 391 GPUVA 0x10002ad0000 cpu 10e880000
[mtlr]   out: 0000010002ad0000 000000010e880000 0000000110086780 0000000000000000
[mtlr]   out: 0000018700000000 0000000000004000 000000028472f5f6 00000000003333e5
[mtlr] resource2 sel8 flags 470 sz 0x1000 -> kr 0x00000000 rid 391 GPUVA 0x10002ad0000 cpu 10e880000
[mtlr]   out: 0000010002ad0000 000000010e880000 0000000110086780 0000000000000000
[mtlr]   out: 0000018700000000 0000000000004000 000000028472f5f7 00000000003333e6
[mtlr] resource2 sel8 flags 470 sz 0x1000 -> kr 0x00000000 rid 391 GPUVA 0x10002ad0000 cpu 10e880000
[mtlr]   out: 0000010002ad0000 000000010e880000 0000000110086780 0000000000000000
[mtlr]   out: 0000018700000000 0000000000004000 000000028472f5f8 00000000003333e7
[mtlr] resource2 sel8 flags 470 sz 0x1000 -> kr 0x00000000 rid 391 GPUVA 0x10002ad0000 cpu 10e880000
[mtlr]   out: 0000010002ad0000 000000010e880000 0000000110086780 0000000000000000
[mtlr]   out: 0000018700000000 0000000000004000 000000028472f5f9 00000000003333e8
[mtlr] resource2 sel8 flags 470 sz 0x1000 -> kr 0x00000000 rid 391 GPUVA 0x10002ad0000 cpu 10e880000
[mtlr]   out: 0000010002ad0000 000000010e880000 0000000110086780 0000000000000000
[mtlr]   out: 0000018700000000 0000000000004000 000000028472f5fa 00000000003333e9
[mtlr] resource2 sel8 flags 470 sz 0x1000 -> kr 0x00000000 rid 391 GPUVA 0x10002ad0000 cpu 10e880000
[mtlr]   out: 0000010002ad0000 000000010e880000 0000000110086780 0000000000000000
[mtlr]   out: 0000018700000000 0000000000004000 000000028472f5fb 00000000003333ea
[mtlr] resource2 sel8 flags 470 sz 0x1000 -> kr 0x00000000 rid 391 GPUVA 0x10002ad0000 cpu 10e880000
[mtlr]   out: 0000010002ad0000 000000010e880000 0000000110086780 0000000000000000
[mtlr]   out: 0000018700000000 0000000000004000 000000028472f5fc 00000000003333eb
[mtlr] resource2 sel8 flags 470 sz 0x1000 -> kr 0x00000000 rid 391 GPUVA 0x10002ad0000 cpu 10e880000
[mtlr]   out: 0000010002ad0000 000000010e880000 0000000110086780 0000000000000000
[mtlr]   out: 0000018700000000 0000000000004000 000000028472f5fd 00000000003333ec
[mtlr] resource2 sel8 flags 470 sz 0x1000 -> kr 0x00000000 rid 391 GPUVA 0x10002ad0000 cpu 10e880000
[mtlr]   out: 0000010002ad0000 000000010e880000 0000000110086540 0000000000000000
[mtlr]   out: 0000018700000000 0000000000004000 000000028472f5fe 00000000003333ed
[mtlr] resource2 sel8 flags 470 sz 0x1000 -> kr 0x00000000 rid 391 GPUVA 0x10002ad0000 cpu 10e880000
[mtlr]   out: 0000010002ad0000 000000010e880000 0000000110086540 0000000000000000
[mtlr]   out: 0000018700000000 0000000000004000 000000028472f5ff 00000000003333ee
[mtlr] resource2 sel8 flags 470 sz 0x1000 -> kr 0x00000000 rid 391 GPUVA 0x10002ad0000 cpu 10e880000
[mtlr]   out: 0000010002ad0000 000000010e880000 0000000110086540 0000000000000000
[mtlr]   out: 0000018700000000 0000000000004000 000000028472f600 00000000003333ef
[mtlr] resource2 sel8 flags 470 sz 0x1000 -> kr 0x00000000 rid 391 GPUVA 0x10002ad0000 cpu 10e880000
[mtlr]   out: 0000010002ad0000 000000010e880000 0000000110086540 0000000000000000
[mtlr]   out: 0000018700000000 0000000000004000 000000028472f601 00000000003333f0
[mtlr] resource2 sel8 flags 470 sz 0x1000 -> kr 0x00000000 rid 391 GPUVA 0x10002ad0000 cpu 10e880000
[mtlr]   out: 0000010002ad0000 000000010e880000 0000000110086540 0000000000000000
[mtlr]   out: 0000018700000000 0000000000004000 000000028472f602 00000000003333f1
[mtlr] resource2 sel8 flags 470 sz 0x1000 -> kr 0x00000000 rid 391 GPUVA 0x10002ad0000 cpu 10e880000
[mtlr]   out: 0000010002ad0000 000000010e880000 0000000110086540 0000000000000000
[mtlr]   out: 0000018700000000 0000000000004000 000000028472f603 00000000003333f2
[mtlr] resource2 sel8 flags 470 sz 0x1000 -> kr 0x00000000 rid 391 GPUVA 0x10002ad0000 cpu 10e880000
[mtlr]   out: 0000010002ad0000 000000010e880000 0000000110086540 0000000000000000
[mtlr]   out: 0000018700000000 0000000000004000 000000028472f604 00000000003333f3
[mtlr] resource2 sel8 flags 470 sz 0x1000 -> kr 0x00000000 rid 391 GPUVA 0x10002ad0000 cpu 10e880000
[mtlr]   out: 0000010002ad0000 000000010e880000 0000000110086540 0000000000000000
[mtlr]   out: 0000018700000000 0000000000004000 000000028472f605 00000000003333f4
[mtlr] resource2 sel8 flags 470 sz 0x1000 -> kr 0x00000000 rid 391 GPUVA 0x10002ad0000 cpu 10e880000
[mtlr]   out: 0000010002ad0000 000000010e880000 0000000110086540 0000000000000000
[mtlr]   out: 0000018700000000 0000000000004000 000000028472f606 00000000003333f5
[mtlr] resource2 sel8 flags 470 sz 0x1000 -> kr 0x00000000 rid 391 GPUVA 0x10002ad0000 cpu 10e880000
[mtlr]   out: 0000010002ad0000 000000010e880000 0000000110086540 0000000000000000
[mtlr]   out: 0000018700000000 0000000000004000 000000028472f607 00000000003333f6
[mtlr] resource2 sel8 flags 470 sz 0x1000 -> kr 0x00000000 rid 391 GPUVA 0x10002ad0000 cpu 10e880000
[mtlr]   out: 0000010002ad0000 000000010e880000 0000000110086540 0000000000000000
[mtlr]   out: 0000018700000000 0000000000004000 000000028472f608 00000000003333f7
[mtlr] resource2 sel8 flags 470 sz 0x1000 -> kr 0x00000000 rid 391 GPUVA 0x10002ad0000 cpu 10e880000
[mtlr]   out: 0000010002ad0000 000000010e880000 0000000110086540 0000000000000000
[mtlr]   out: 0000018700000000 0000000000004000 000000028472f609 00000000003333f8
[mtlr] resource2 sel8 flags 470 sz 0x1000 -> kr 0x00000000 rid 391 GPUVA 0x10002ad0000 cpu 10e880000
[mtlr]   out: 0000010002ad0000 000000010e880000 0000000110086540 0000000000000000
[mtlr]   out: 0000018700000000 0000000000004000 000000028472f60a 00000000003333f9
[mtlr] resource2 sel8 flags 470 sz 0x1000 -> kr 0x00000000 rid 391 GPUVA 0x10002ad0000 cpu 10e880000
[mtlr]   out: 0000010002ad0000 000000010e880000 0000000110086540 0000000000000000
[mtlr]   out: 0000018700000000 0000000000004000 000000028472f60b 00000000003333fa
[mtlr] resource2 sel8 flags 470 sz 0x1000 -> kr 0x00000000 rid 391 GPUVA 0x10002ad0000 cpu 10e880000
[mtlr]   out: 0000010002ad0000 000000010e880000 0000000110086540 0000000000000000
[mtlr]   out: 0000018700000000 0000000000004000 000000028472f60c 00000000003333fb
[mtlr] resource2 sel8 flags 470 sz 0x1000 -> kr 0x00000000 rid 391 GPUVA 0x10002ad0000 cpu 10e880000
[mtlr]   out: 0000010002ad0000 000000010e880000 0000000110086540 0000000000000000
[mtlr]   out: 0000018700000000 0000000000004000 000000028472f60d 00000000003333fc
[mtlr] resource2 sel8 flags 470 sz 0x1000 -> kr 0x00000000 rid 391 GPUVA 0x10002ad0000 cpu 10e880000
[mtlr]   out: 0000010002ad0000 000000010e880000 0000000110086540 0000000000000000
[mtlr]   out: 0000018700000000 0000000000004000 000000028472f60e 00000000003333fd
[mtlr] resource2 sel8 flags 470 sz 0x1000 -> kr 0x00000000 rid 391 GPUVA 0x10002ad0000 cpu 10e880000
[mtlr]   out: 0000010002ad0000 000000010e880000 0000000110086540 0000000000000000
[mtlr]   out: 0000018700000000 0000000000004000 000000028472f60f 00000000003333fe
[mtlr] resource2 sel8 flags 470 sz 0x1000 -> kr 0x00000000 rid 391 GPUVA 0x10002ad0000 cpu 10e880000
[mtlr]   out: 0000010002ad0000 000000010e880000 0000000110086540 0000000000000000
[mtlr]   out: 0000018700000000 0000000000004000 000000028472f610 00000000003333ff
[mtlr] resource2 sel8 flags 470 sz 0x1000 -> kr 0x00000000 rid 391 GPUVA 0x10002ad0000 cpu 10e880000
[mtlr]   out: 0000010002ad0000 000000010e880000 0000000110086540 0000000000000000
[mtlr]   out: 0000018700000000 0000000000004000 000000028472f611 0000000000333400
[mtlr] resource2 sel8 flags 470 sz 0x1000 -> kr 0x00000000 rid 391 GPUVA 0x10002ad0000 cpu 10e880000
[mtlr]   out: 0000010002ad0000 000000010e880000 0000000110086540 0000000000000000
[mtlr]   out: 0000018700000000 0000000000004000 000000028472f612 0000000000333401
[mtlr] resource2 sel8 flags 470 sz 0x1000 -> kr 0x00000000 rid 391 GPUVA 0x10002ad0000 cpu 10e880000
[mtlr]   out: 0000010002ad0000 000000010e880000 0000000110086540 0000000000000000
[mtlr]   out: 0000018700000000 0000000000004000 000000028472f613 0000000000333402
[mtlr] resource2 sel8 flags 470 sz 0x1000 -> kr 0x00000000 rid 391 GPUVA 0x10002ad0000 cpu 10e880000
[mtlr]   out: 0000010002ad0000 000000010e880000 0000000110086540 0000000000000000
[mtlr]   out: 0000018700000000 0000000000004000 000000028472f614 0000000000333403
[mtlr] resource2 sel8 flags 470 sz 0x1000 -> kr 0x00000000 rid 391 GPUVA 0x10002ad0000 cpu 10e880000
[mtlr]   out: 0000010002ad0000 000000010e880000 0000000110086540 0000000000000000
[mtlr]   out: 0000018700000000 0000000000004000 000000028472f615 0000000000333404
[mtlr] resource2 sel8 flags 470 sz 0x1000 -> kr 0x00000000 rid 391 GPUVA 0x10002ad0000 cpu 10e880000
[mtlr]   out: 0000010002ad0000 000000010e880000 0000000110086540 0000000000000000
[mtlr]   out: 0000018700000000 0000000000004000 000000028472f616 0000000000333405
[mtlr] resource2 sel8 flags 470 sz 0x1000 -> kr 0x00000000 rid 391 GPUVA 0x10002ad0000 cpu 10e880000
[mtlr]   out: 0000010002ad0000 000000010e880000 0000000110086540 0000000000000000
[mtlr]   out: 0000018700000000 0000000000004000 000000028472f617 0000000000333406
[mtlr] resource2 sel8 flags 470 sz 0x1000 -> kr 0x00000000 rid 391 GPUVA 0x10002ad0000 cpu 10e880000
[mtlr]   out: 0000010002ad0000 000000010e880000 0000000110086540 0000000000000000
[mtlr]   out: 0000018700000000 0000000000004000 000000028472f618 0000000000333407
[mtlr] resource2 sel8 flags 470 sz 0x1000 -> kr 0x00000000 rid 391 GPUVA 0x10002ad0000 cpu 10e880000
[mtlr]   out: 0000010002ad0000 000000010e880000 0000000110086540 0000000000000000
[mtlr]   out: 0000018700000000 0000000000004000 000000028472f619 0000000000333408
[mtlr] resource2 sel8 flags 470 sz 0x1000 -> kr 0x00000000 rid 391 GPUVA 0x10002ad0000 cpu 10e880000
[mtlr]   out: 0000010002ad0000 000000010e880000 0000000110086540 0000000000000000
[mtlr]   out: 0000018700000000 0000000000004000 000000028472f61a 0000000000333409
[mtlr] resource2 sel8 flags 470 sz 0x1000 -> kr 0x00000000 rid 391 GPUVA 0x10002ad0000 cpu 10e880000
[mtlr]   out: 0000010002ad0000 000000010e880000 0000000110086540 0000000000000000
[mtlr]   out: 0000018700000000 0000000000004000 000000028472f61b 000000000033340a
[uatrec] S3 r2: destroy kr 0x00000000 + 40 junk destroys (process forced) — reclaim wave
[mtlr] resource2 sel8 flags 470 sz 0x10000 -> kr 0x00000000 rid 391 GPUVA 0x10003fe8000 cpu 10e880000
[mtlr]   out: 0000010003fe8000 000000010e880000 0000000110086540 0000000000000000
[mtlr]   out: 0000018700000000 0000000000010000 000000028472f61c 000000000033340b
[uatrec] S3 r2 wave[0] rid 391 gpuva 0x10003fe8000 [HIT-candidate] EXACT GPUVA REUSE
[mtlr] resource2 sel8 flags 470 sz 0x10000 -> kr 0x00000000 rid 394 GPUVA 0x100053a0000 cpu 10e890000
[mtlr]   out: 00000100053a0000 000000010e890000 0000000110086780 0000000000000000
[mtlr]   out: 0000018a00000000 0000000000010000 000000028472f61d 000000000033340c
[uatrec] S3 r2 wave[1] rid 394 gpuva 0x100053a0000 
[mtlr] resource2 sel8 flags 470 sz 0x10000 -> kr 0x00000000 rid 395 GPUVA 0x100053b8000 cpu 10e8a0000
[mtlr]   out: 00000100053b8000 000000010e8a0000 0000000110086840 0000000000000000
[mtlr]   out: 0000018b00000000 0000000000010000 000000028472f61e 000000000033340d
[uatrec] S3 r2 wave[2] rid 395 gpuva 0x100053b8000 
[mtlr] resource2 sel8 flags 470 sz 0x10000 -> kr 0x00000000 rid 396 GPUVA 0x100053d0000 cpu 10e8b0000
[mtlr]   out: 00000100053d0000 000000010e8b0000 0000000110086900 0000000000000000
[mtlr]   out: 0000018c00000000 0000000000010000 000000028472f61f 000000000033340e
[uatrec] S3 r2 wave[3] rid 396 gpuva 0x100053d0000 
[mtlr] resource2 sel8 flags 470 sz 0x10000 -> kr 0x00000000 rid 397 GPUVA 0x100053e8000 cpu 10e8c0000
[mtlr]   out: 00000100053e8000 000000010e8c0000 00000001100869c0 0000000000000000
[mtlr]   out: 0000018d00000000 0000000000010000 000000028472f62a 000000000033340f
[uatrec] S3 r2 wave[4] rid 397 gpuva 0x100053e8000 
[mtlr] resource2 sel8 flags 470 sz 0x10000 -> kr 0x00000000 rid 398 GPUVA 0x10005400000 cpu 10e8d0000
[mtlr]   out: 0000010005400000 000000010e8d0000 0000000110086a80 0000000000000000
[mtlr]   out: 0000018e00000000 0000000000010000 000000028472f64e 0000000000333410
[uatrec] S3 r2 wave[5] rid 398 gpuva 0x10005400000 
[mtlr] resource2 sel8 flags 470 sz 0x10000 -> kr 0x00000000 rid 399 GPUVA 0x10005418000 cpu 10e8e0000
[mtlr]   out: 0000010005418000 000000010e8e0000 0000000110086b40 0000000000000000
[mtlr]   out: 0000018f00000000 0000000000010000 000000028472f64f 0000000000333411
[uatrec] S3 r2 wave[6] rid 399 gpuva 0x10005418000 
[mtlr] resource2 sel8 flags 470 sz 0x10000 -> kr 0x00000000 rid 400 GPUVA 0x10005430000 cpu 10e8f0000
[mtlr]   out: 0000010005430000 000000010e8f0000 0000000110086c00 0000000000000000
[mtlr]   out: 0000019000000000 0000000000010000 000000028472f650 0000000000333412
[uatrec] S3 r2 wave[7] rid 400 gpuva 0x10005430000 
[mtlr] resource2 sel8 flags 470 sz 0x10000 -> kr 0x00000000 rid 401 GPUVA 0x10005448000 cpu 10e900000
[mtlr]   out: 0000010005448000 000000010e900000 0000000110086cc0 0000000000000000
[mtlr]   out: 0000019100000000 0000000000010000 000000028472f651 0000000000333413
[uatrec] S3 r2 wave[8] rid 401 gpuva 0x10005448000 
[mtlr] resource2 sel8 flags 470 sz 0x10000 -> kr 0x00000000 rid 402 GPUVA 0x10005460000 cpu 10e910000
[mtlr]   out: 0000010005460000 000000010e910000 0000000110086d80 0000000000000000
[mtlr]   out: 0000019200000000 0000000000010000 000000028472f652 0000000000333414
[uatrec] S3 r2 wave[9] rid 402 gpuva 0x10005460000 
[mtlr] resource2 sel8 flags 470 sz 0x10000 -> kr 0x00000000 rid 403 GPUVA 0x10005478000 cpu 10e920000
[mtlr]   out: 0000010005478000 000000010e920000 0000000110086e40 0000000000000000
[mtlr]   out: 0000019300000000 0000000000010000 000000028472f653 0000000000333415
[uatrec] S3 r2 wave[10] rid 403 gpuva 0x10005478000 
[mtlr] resource2 sel8 flags 470 sz 0x10000 -> kr 0x00000000 rid 404 GPUVA 0x10005490000 cpu 10e930000
[mtlr]   out: 0000010005490000 000000010e930000 0000000110086f00 0000000000000000
[mtlr]   out: 0000019400000000 0000000000010000 000000028472f654 0000000000333416
[uatrec] S3 r2 wave[11] rid 404 gpuva 0x10005490000 
[mtlr] resource2 sel8 flags 470 sz 0x10000 -> kr 0x00000000 rid 405 GPUVA 0x100054a8000 cpu 10e940000
[mtlr]   out: 00000100054a8000 000000010e940000 0000000110086fc0 0000000000000000
[mtlr]   out: 0000019500000000 0000000000010000 000000028472f655 0000000000333417
[uatrec] S3 r2 wave[12] rid 405 gpuva 0x100054a8000 
[mtlr] resource2 sel8 flags 470 sz 0x10000 -> kr 0x00000000 rid 406 GPUVA 0x100054c0000 cpu 10e950000
[mtlr]   out: 00000100054c0000 000000010e950000 0000000110087080 0000000000000000
[mtlr]   out: 0000019600000000 0000000000010000 000000028472f656 0000000000333418
[uatrec] S3 r2 wave[13] rid 406 gpuva 0x100054c0000 
[mtlr] resource2 sel8 flags 470 sz 0x10000 -> kr 0x00000000 rid 407 GPUVA 0x100054d8000 cpu 10e960000
[mtlr]   out: 00000100054d8000 000000010e960000 0000000110087140 0000000000000000
[mtlr]   out: 0000019700000000 0000000000010000 000000028472f657 0000000000333419
[uatrec] S3 r2 wave[14] rid 407 gpuva 0x100054d8000 
[mtlr] resource2 sel8 flags 470 sz 0x10000 -> kr 0x00000000 rid 408 GPUVA 0x100054f0000 cpu 10e970000
[mtlr]   out: 00000100054f0000 000000010e970000 0000000110087200 0000000000000000
[mtlr]   out: 0000019800000000 0000000000010000 000000028472f658 000000000033341a
[uatrec] S3 r2 wave[15] rid 408 gpuva 0x100054f0000 
[mtlr] resource2 sel8 flags 470 sz 0x10000 -> kr 0x00000000 rid 409 GPUVA 0x10005508000 cpu 10e980000
[mtlr]   out: 0000010005508000 000000010e980000 00000001100872c0 0000000000000000
[mtlr]   out: 0000019900000000 0000000000010000 000000028472f659 000000000033341b
[uatrec] S3 r2 wave[16] rid 409 gpuva 0x10005508000 
[mtlr] resource2 sel8 flags 470 sz 0x10000 -> kr 0x00000000 rid 410 GPUVA 0x10005520000 cpu 10e990000
[mtlr]   out: 0000010005520000 000000010e990000 0000000110087380 0000000000000000
[mtlr]   out: 0000019a00000000 0000000000010000 000000028472f65a 000000000033341c
[uatrec] S3 r2 wave[17] rid 410 gpuva 0x10005520000 
[mtlr] resource2 sel8 flags 470 sz 0x10000 -> kr 0x00000000 rid 411 GPUVA 0x10005538000 cpu 10e9a0000
[mtlr]   out: 0000010005538000 000000010e9a0000 0000000110087440 0000000000000000
[mtlr]   out: 0000019b00000000 0000000000010000 000000028472f65b 000000000033341d
[uatrec] S3 r2 wave[18] rid 411 gpuva 0x10005538000 
[mtlr] resource2 sel8 flags 470 sz 0x10000 -> kr 0x00000000 rid 412 GPUVA 0x10005550000 cpu 10e9b0000
[mtlr]   out: 0000010005550000 000000010e9b0000 0000000110087500 0000000000000000
[mtlr]   out: 0000019c00000000 0000000000010000 000000028472f65c 000000000033341e
[uatrec] S3 r2 wave[19] rid 412 gpuva 0x10005550000 
[mtlr] resource2 sel8 flags 470 sz 0x10000 -> kr 0x00000000 rid 413 GPUVA 0x10005568000 cpu 10e9c0000
[mtlr]   out: 0000010005568000 000000010e9c0000 00000001100875c0 0000000000000000
[mtlr]   out: 0000019d00000000 0000000000010000 000000028472f65d 000000000033341f
[uatrec] S3 r2 wave[20] rid 413 gpuva 0x10005568000 
[mtlr] resource2 sel8 flags 470 sz 0x10000 -> kr 0x00000000 rid 414 GPUVA 0x10005580000 cpu 10e9d0000
[mtlr]   out: 0000010005580000 000000010e9d0000 0000000110087680 0000000000000000
[mtlr]   out: 0000019e00000000 0000000000010000 000000028472f65e 0000000000333420
[uatrec] S3 r2 wave[21] rid 414 gpuva 0x10005580000 
[mtlr] resource2 sel8 flags 470 sz 0x10000 -> kr 0x00000000 rid 415 GPUVA 0x10005598000 cpu 10e9e0000
[mtlr]   out: 0000010005598000 000000010e9e0000 0000000110087740 0000000000000000
[mtlr]   out: 0000019f00000000 0000000000010000 000000028472f65f 0000000000333421
[uatrec] S3 r2 wave[22] rid 415 gpuva 0x10005598000 
[mtlr] resource2 sel8 flags 470 sz 0x10000 -> kr 0x00000000 rid 416 GPUVA 0x100055b0000 cpu 10e9f0000
[mtlr]   out: 00000100055b0000 000000010e9f0000 0000000110087800 0000000000000000
[mtlr]   out: 000001a000000000 0000000000010000 000000028472f660 0000000000333422
[uatrec] S3 r2 wave[23] rid 416 gpuva 0x100055b0000 
[mtlr] resource2 sel8 flags 470 sz 0x10000 -> kr 0x00000000 rid 417 GPUVA 0x100055c8000 cpu 10ea00000
[mtlr]   out: 00000100055c8000 000000010ea00000 00000001100878c0 0000000000000000
[mtlr]   out: 000001a100000000 0000000000010000 000000028472f661 0000000000333423
[uatrec] S3 r2 wave[24] rid 417 gpuva 0x100055c8000 
[mtlr] resource2 sel8 flags 470 sz 0x10000 -> kr 0x00000000 rid 418 GPUVA 0x100055e0000 cpu 10ea10000
[mtlr]   out: 00000100055e0000 000000010ea10000 0000000110087980 0000000000000000
[mtlr]   out: 000001a200000000 0000000000010000 000000028472f662 0000000000333424
[uatrec] S3 r2 wave[25] rid 418 gpuva 0x100055e0000 
[mtlr] resource2 sel8 flags 470 sz 0x10000 -> kr 0x00000000 rid 419 GPUVA 0x100055f8000 cpu 10ea20000
[mtlr]   out: 00000100055f8000 000000010ea20000 0000000110087a40 0000000000000000
[mtlr]   out: 000001a300000000 0000000000010000 000000028472f663 0000000000333425
[uatrec] S3 r2 wave[26] rid 419 gpuva 0x100055f8000 
[mtlr] resource2 sel8 flags 470 sz 0x10000 -> kr 0x00000000 rid 420 GPUVA 0x10005610000 cpu 10ea30000
[mtlr]   out: 0000010005610000 000000010ea30000 0000000110087b00 0000000000000000
[mtlr]   out: 000001a400000000 0000000000010000 000000028472f664 0000000000333426
[uatrec] S3 r2 wave[27] rid 420 gpuva 0x10005610000 
[mtlr] resource2 sel8 flags 470 sz 0x10000 -> kr 0x00000000 rid 421 GPUVA 0x10005628000 cpu 10ea40000
[mtlr]   out: 0000010005628000 000000010ea40000 0000000110087bc0 0000000000000000
[mtlr]   out: 000001a500000000 0000000000010000 000000028472f665 0000000000333427
[uatrec] S3 r2 wave[28] rid 421 gpuva 0x10005628000 
[mtlr] resource2 sel8 flags 470 sz 0x10000 -> kr 0x00000000 rid 422 GPUVA 0x10005640000 cpu 10ea50000
[mtlr]   out: 0000010005640000 000000010ea50000 0000000110087c80 0000000000000000
[mtlr]   out: 000001a600000000 0000000000010000 000000028472f666 0000000000333428
[uatrec] S3 r2 wave[29] rid 422 gpuva 0x10005640000 
[mtlr] resource2 sel8 flags 470 sz 0x10000 -> kr 0x00000000 rid 423 GPUVA 0x10005658000 cpu 10ea60000
[mtlr]   out: 0000010005658000 000000010ea60000 0000000110087d40 0000000000000000
[mtlr]   out: 000001a700000000 0000000000010000 000000028472f667 0000000000333429
[uatrec] S3 r2 wave[30] rid 423 gpuva 0x10005658000 
[mtlr] resource2 sel8 flags 470 sz 0x10000 -> kr 0x00000000 rid 424 GPUVA 0x10005670000 cpu 10ea70000
[mtlr]   out: 0000010005670000 000000010ea70000 0000000110087e00 0000000000000000
[mtlr]   out: 000001a800000000 0000000000010000 000000028472f668 000000000033342a
[uatrec] S3 r2 wave[31] rid 424 gpuva 0x10005670000 
[uatrec] S3 r2: reowner wave[0] rid 391 holds victim gpuva 0x10003fe8000 — draining
[uatrec] S3 r2: drained, cb status 4
[uatrec] S3 r2: reowner 0x41 0 0x22 65536 zero 0 (clean — write went to old pages or nowhere)
[uatrec] S3 r2: old victim map 0x41 65536 nz 65536 (write via stale GMMU TLB into OLD pages)
[uatrec] S3 r2 summary: write -> OLD PAGES (stale TLB) (reowner 0x41 0, old-map 0x41 65536, other dirty 0)
[uatrec] done (alive)
[probe13] uatrec-only mode, stop
