[main] fuzz harness up, mode=scaler
[main] sandbox note: VCPDRM open is MACF-denied (iokit-open-user-client VCPDRMUserClient); mach-lookup com.apple.sprr / com.apple.jitbox exist but are sandbox-gated (seen in kernel log)
[open] AppleM2ScalerCSCDriver -> conn 0x7d13
[scaler] conn 0x7d13, s1 172 s2 173
[probe12] SetNotificationPort -> 0x00000000
[uatrec] v111 step 5 delay 0ms
[open] IOGPU -> conn 0x5b03
[uatrec] mconn 0x5023 ourc 0x5b03
[uatrec] S5 OOL-reclaim: 2 rounds, cong 24, 128 msgs x 64KB (0x43), delay 0ms
[mtlr] resource2 sel8 flags 470 sz 0x10000 -> kr 0x00000000 rid 287 GPUVA 0x10002b90000 cpu 10c174000
[mtlr]   out: 0000010002b90000 000000010c174000 000000010c041740 0000000000000000
[mtlr]   out: 0000011f00000000 0000000000010000 000000000f1da550 0000000000004523
[uatrec] S5 r0: victim rid 287 gv 0x10002b90000 slots 12 ridpatch 1 — commit, destroy+flush
[mtlr] resource2 sel8 flags 470 sz 0x1000 -> kr 0x00000000 rid 287 GPUVA 0x10002c58000 cpu 10c288000
[mtlr]   out: 0000010002c58000 000000010c288000 000000010c042280 0000000000000000
[mtlr]   out: 0000011f00000000 0000000000004000 000000000f1da998 0000000000004565
[mtlr] resource2 sel8 flags 470 sz 0x1000 -> kr 0x00000000 rid 287 GPUVA 0x10002c58000 cpu 10c288000
[mtlr]   out: 0000010002c58000 000000010c288000 000000010c042280 0000000000000000
[mtlr]   out: 0000011f00000000 0000000000004000 000000000f1da999 0000000000004566
[mtlr] resource2 sel8 flags 470 sz 0x1000 -> kr 0x00000000 rid 287 GPUVA 0x10002c58000 cpu 10c288000
[mtlr]   out: 0000010002c58000 000000010c288000 000000010c042280 0000000000000000
[mtlr]   out: 0000011f00000000 0000000000004000 000000000f1da99a 0000000000004567
[mtlr] resource2 sel8 flags 470 sz 0x1000 -> kr 0x00000000 rid 287 GPUVA 0x10002c58000 cpu 10c288000
[mtlr]   out: 0000010002c58000 000000010c288000 000000010c042280 0000000000000000
[mtlr]   out: 0000011f00000000 0000000000004000 000000000f1da99b 0000000000004568
[mtlr] resource2 sel8 flags 470 sz 0x1000 -> kr 0x00000000 rid 287 GPUVA 0x10002c58000 cpu 10c288000
[mtlr]   out: 0000010002c58000 000000010c288000 000000010c042280 0000000000000000
[mtlr]   out: 0000011f00000000 0000000000004000 000000000f1da99c 0000000000004569
[mtlr] resource2 sel8 flags 470 sz 0x1000 -> kr 0x00000000 rid 287 GPUVA 0x10002c58000 cpu 10c288000
[mtlr]   out: 0000010002c58000 000000010c288000 000000010c042280 0000000000000000
[mtlr]   out: 0000011f00000000 0000000000004000 000000000f1da99d 000000000000456a
[mtlr] resource2 sel8 flags 470 sz 0x1000 -> kr 0x00000000 rid 287 GPUVA 0x10002c58000 cpu 10c288000
[mtlr]   out: 0000010002c58000 000000010c288000 000000010c042280 0000000000000000
[mtlr]   out: 0000011f00000000 0000000000004000 000000000f1da99e 000000000000456b
[mtlr] resource2 sel8 flags 470 sz 0x1000 -> kr 0x00000000 rid 287 GPUVA 0x10002c58000 cpu 10c288000
[mtlr]   out: 0000010002c58000 000000010c288000 000000010c042280 0000000000000000
[mtlr]   out: 0000011f00000000 0000000000004000 000000000f1da99f 000000000000456c
[mtlr] resource2 sel8 flags 470 sz 0x1000 -> kr 0x00000000 rid 287 GPUVA 0x10002c58000 cpu 10c288000
[mtlr]   out: 0000010002c58000 000000010c288000 000000010c042280 0000000000000000
[mtlr]   out: 0000011f00000000 0000000000004000 000000000f1da9a0 000000000000456d
[mtlr] resource2 sel8 flags 470 sz 0x1000 -> kr 0x00000000 rid 287 GPUVA 0x10002c58000 cpu 10c288000
[mtlr]   out: 0000010002c58000 000000010c288000 000000010c042280 0000000000000000
[mtlr]   out: 0000011f00000000 0000000000004000 000000000f1da9a1 000000000000456e
[mtlr] resource2 sel8 flags 470 sz 0x1000 -> kr 0x00000000 rid 287 GPUVA 0x10002c58000 cpu 10c288000
[mtlr]   out: 0000010002c58000 000000010c288000 000000010c042280 0000000000000000
[mtlr]   out: 0000011f00000000 0000000000004000 000000000f1da9a2 000000000000456f
[mtlr] resource2 sel8 flags 470 sz 0x1000 -> kr 0x00000000 rid 287 GPUVA 0x10002c58000 cpu 10c288000
[mtlr]   out: 0000010002c58000 000000010c288000 000000010c042280 0000000000000000
[mtlr]   out: 0000011f00000000 0000000000004000 000000000f1da9a3 0000000000004570
[mtlr] resource2 sel8 flags 470 sz 0x1000 -> kr 0x00000000 rid 287 GPUVA 0x10002c58000 cpu 10c288000
[mtlr]   out: 0000010002c58000 000000010c288000 000000010c042280 0000000000000000
[mtlr]   out: 0000011f00000000 0000000000004000 000000000f1da9a4 0000000000004571
[mtlr] resource2 sel8 flags 470 sz 0x1000 -> kr 0x00000000 rid 287 GPUVA 0x10002c58000 cpu 10c288000
[mtlr]   out: 0000010002c58000 000000010c288000 000000010c042280 0000000000000000
[mtlr]   out: 0000011f00000000 0000000000004000 000000000f1da9a5 0000000000004572
[mtlr] resource2 sel8 flags 470 sz 0x1000 -> kr 0x00000000 rid 287 GPUVA 0x10002b90000 cpu 10c288000
[mtlr]   out: 0000010002b90000 000000010c288000 000000010c041740 0000000000000000
[mtlr]   out: 0000011f00000000 0000000000004000 000000000f1da9a6 0000000000004573
[mtlr] resource2 sel8 flags 470 sz 0x1000 -> kr 0x00000000 rid 287 GPUVA 0x10002b90000 cpu 10c288000
[mtlr]   out: 0000010002b90000 000000010c288000 000000010c041740 0000000000000000
[mtlr]   out: 0000011f00000000 0000000000004000 000000000f1da9a7 0000000000004574
[mtlr] resource2 sel8 flags 470 sz 0x1000 -> kr 0x00000000 rid 287 GPUVA 0x10002b90000 cpu 10c288000
[mtlr]   out: 0000010002b90000 000000010c288000 000000010c041740 0000000000000000
[mtlr]   out: 0000011f00000000 0000000000004000 000000000f1da9a8 0000000000004575
[mtlr] resource2 sel8 flags 470 sz 0x1000 -> kr 0x00000000 rid 287 GPUVA 0x10002b90000 cpu 10c288000
[mtlr]   out: 0000010002b90000 000000010c288000 000000010c041740 0000000000000000
[mtlr]   out: 0000011f00000000 0000000000004000 000000000f1da9a9 0000000000004576
[mtlr] resource2 sel8 flags 470 sz 0x1000 -> kr 0x00000000 rid 287 GPUVA 0x10002b90000 cpu 10c288000
[mtlr]   out: 0000010002b90000 000000010c288000 000000010c041740 0000000000000000
[mtlr]   out: 0000011f00000000 0000000000004000 000000000f1da9aa 0000000000004577
[mtlr] resource2 sel8 flags 470 sz 0x1000 -> kr 0x00000000 rid 287 GPUVA 0x10002b90000 cpu 10c288000
[mtlr]   out: 0000010002b90000 000000010c288000 000000010c041740 0000000000000000
[mtlr]   out: 0000011f00000000 0000000000004000 000000000f1da9ab 0000000000004578
[mtlr] resource2 sel8 flags 470 sz 0x1000 -> kr 0x00000000 rid 287 GPUVA 0x10002b90000 cpu 10c288000
[mtlr]   out: 0000010002b90000 000000010c288000 000000010c041740 0000000000000000
[mtlr]   out: 0000011f00000000 0000000000004000 000000000f1da9ac 0000000000004579
[mtlr] resource2 sel8 flags 470 sz 0x1000 -> kr 0x00000000 rid 287 GPUVA 0x10002b90000 cpu 10c288000
[mtlr]   out: 0000010002b90000 000000010c288000 000000010c041740 0000000000000000
[mtlr]   out: 0000011f00000000 0000000000004000 000000000f1da9ad 000000000000457a
[mtlr] resource2 sel8 flags 470 sz 0x1000 -> kr 0x00000000 rid 287 GPUVA 0x10002b90000 cpu 10c288000
[mtlr]   out: 0000010002b90000 000000010c288000 000000010c041740 0000000000000000
[mtlr]   out: 0000011f00000000 0000000000004000 000000000f1da9ae 000000000000457b
[mtlr] resource2 sel8 flags 470 sz 0x1000 -> kr 0x00000000 rid 287 GPUVA 0x10002b90000 cpu 10c288000
[mtlr]   out: 0000010002b90000 000000010c288000 000000010c041740 0000000000000000
[mtlr]   out: 0000011f00000000 0000000000004000 000000000f1da9af 000000000000457c
[mtlr] resource2 sel8 flags 470 sz 0x1000 -> kr 0x00000000 rid 287 GPUVA 0x10002b90000 cpu 10c288000
[mtlr]   out: 0000010002b90000 000000010c288000 000000010c041740 0000000000000000
[mtlr]   out: 0000011f00000000 0000000000004000 000000000f1da9b0 000000000000457d
[mtlr] resource2 sel8 flags 470 sz 0x1000 -> kr 0x00000000 rid 287 GPUVA 0x10002b90000 cpu 10c288000
[mtlr]   out: 0000010002b90000 000000010c288000 000000010c041740 0000000000000000
[mtlr]   out: 0000011f00000000 0000000000004000 000000000f1da9b1 000000000000457e
[mtlr] resource2 sel8 flags 470 sz 0x1000 -> kr 0x00000000 rid 287 GPUVA 0x10002b90000 cpu 10c288000
[mtlr]   out: 0000010002b90000 000000010c288000 000000010c041740 0000000000000000
[mtlr]   out: 0000011f00000000 0000000000004000 000000000f1da9b2 000000000000457f
[mtlr] resource2 sel8 flags 470 sz 0x1000 -> kr 0x00000000 rid 287 GPUVA 0x10002b90000 cpu 10c288000
[mtlr]   out: 0000010002b90000 000000010c288000 000000010c041740 0000000000000000
[mtlr]   out: 0000011f00000000 0000000000004000 000000000f1da9b3 0000000000004580
[mtlr] resource2 sel8 flags 470 sz 0x1000 -> kr 0x00000000 rid 287 GPUVA 0x10002b90000 cpu 10c288000
[mtlr]   out: 0000010002b90000 000000010c288000 000000010c041740 0000000000000000
[mtlr]   out: 0000011f00000000 0000000000004000 000000000f1da9b4 0000000000004581
[mtlr] resource2 sel8 flags 470 sz 0x1000 -> kr 0x00000000 rid 287 GPUVA 0x10002b90000 cpu 10c288000
[mtlr]   out: 0000010002b90000 000000010c288000 000000010c041740 0000000000000000
[mtlr]   out: 0000011f00000000 0000000000004000 000000000f1da9b5 0000000000004582
[mtlr] resource2 sel8 flags 470 sz 0x1000 -> kr 0x00000000 rid 287 GPUVA 0x10002b90000 cpu 10c288000
[mtlr]   out: 0000010002b90000 000000010c288000 000000010c041740 0000000000000000
[mtlr]   out: 0000011f00000000 0000000000004000 000000000f1da9b6 0000000000004583
[mtlr] resource2 sel8 flags 470 sz 0x1000 -> kr 0x00000000 rid 287 GPUVA 0x10002b90000 cpu 10c288000
[mtlr]   out: 0000010002b90000 000000010c288000 000000010c041740 0000000000000000
[mtlr]   out: 0000011f00000000 0000000000004000 000000000f1da9b7 0000000000004584
[mtlr] resource2 sel8 flags 470 sz 0x1000 -> kr 0x00000000 rid 287 GPUVA 0x10002b90000 cpu 10c288000
[mtlr]   out: 0000010002b90000 000000010c288000 000000010c041740 0000000000000000
[mtlr]   out: 0000011f00000000 0000000000004000 000000000f1da9b8 0000000000004585
[mtlr] resource2 sel8 flags 470 sz 0x1000 -> kr 0x00000000 rid 287 GPUVA 0x10002b90000 cpu 10c288000
[mtlr]   out: 0000010002b90000 000000010c288000 000000010c041740 0000000000000000
[mtlr]   out: 0000011f00000000 0000000000004000 000000000f1da9b9 0000000000004586
[mtlr] resource2 sel8 flags 470 sz 0x1000 -> kr 0x00000000 rid 287 GPUVA 0x10002b90000 cpu 10c288000
[mtlr]   out: 0000010002b90000 000000010c288000 000000010c041740 0000000000000000
[mtlr]   out: 0000011f00000000 0000000000004000 000000000f1da9ba 0000000000004587
[mtlr] resource2 sel8 flags 470 sz 0x1000 -> kr 0x00000000 rid 287 GPUVA 0x10002b90000 cpu 10c288000
[mtlr]   out: 0000010002b90000 000000010c288000 000000010c041740 0000000000000000
[mtlr]   out: 0000011f00000000 0000000000004000 000000000f1da9bc 0000000000004588
[mtlr] resource2 sel8 flags 470 sz 0x1000 -> kr 0x00000000 rid 287 GPUVA 0x10002b90000 cpu 10c288000
[mtlr]   out: 0000010002b90000 000000010c288000 000000010c041740 0000000000000000
[mtlr]   out: 0000011f00000000 0000000000004000 000000000f1da9bd 0000000000004589
[mtlr] resource2 sel8 flags 470 sz 0x1000 -> kr 0x00000000 rid 287 GPUVA 0x10002b90000 cpu 10c288000
[mtlr]   out: 0000010002b90000 000000010c288000 000000010c041740 0000000000000000
[mtlr]   out: 0000011f00000000 0000000000004000 000000000f1da9be 000000000000458a
[mtlr] resource2 sel8 flags 470 sz 0x1000 -> kr 0x00000000 rid 287 GPUVA 0x10002b90000 cpu 10c288000
[mtlr]   out: 0000010002b90000 000000010c288000 000000010c041740 0000000000000000
[mtlr]   out: 0000011f00000000 0000000000004000 000000000f1da9bf 000000000000458b
[mtlr] resource2 sel8 flags 470 sz 0x1000 -> kr 0x00000000 rid 287 GPUVA 0x10002b90000 cpu 10c288000
[mtlr]   out: 0000010002b90000 000000010c288000 000000010c041740 0000000000000000
[mtlr]   out: 0000011f00000000 0000000000004000 000000000f1da9c0 000000000000458c
[uatrec] S5 r0: destroy kr 0x00000000 + 40 junk — OOL reclaim wave (128 msgs)
[uatrec] S5 r0: 128 OOL msgs queued (8192 KB kernel) — draining blit
[uatrec] S5 r0: drained, cb status 4 — receiving + scanning
[uatrec] S5 r0 summary: 0 received, 0 corrupted, 0x41 total 0 (no reclaim hit)
[mtlr] resource2 sel8 flags 470 sz 0x10000 -> kr 0x00000000 rid 313 GPUVA 0x10003cc0000 cpu 10c2e8000
[mtlr]   out: 0000010003cc0000 000000010c2e8000 000000010c042ac0 0000000000000000
[mtlr]   out: 0000013900000000 0000000000010000 000000000f1daa15 000000000000459b
[uatrec] S5 r1: victim rid 313 gv 0x10003cc0000 slots 7 ridpatch 1 — commit, destroy+flush
[mtlr] resource2 sel8 flags 470 sz 0x1000 -> kr 0x00000000 rid 313 GPUVA 0x10002ba0000 cpu 10a158000
[mtlr]   out: 0000010002ba0000 000000010a158000 000000010c043600 0000000000000000
[mtlr]   out: 0000013900000000 0000000000004000 000000000f1daa57 00000000000045ab
[mtlr] resource2 sel8 flags 470 sz 0x1000 -> kr 0x00000000 rid 313 GPUVA 0x10002ba0000 cpu 10a158000
[mtlr]   out: 0000010002ba0000 000000010a158000 000000010c043600 0000000000000000
[mtlr]   out: 0000013900000000 0000000000004000 000000000f1daa59 00000000000045ad
[mtlr] resource2 sel8 flags 470 sz 0x1000 -> kr 0x00000000 rid 313 GPUVA 0x10002ba0000 cpu 10a158000
[mtlr]   out: 0000010002ba0000 000000010a158000 000000010c043600 0000000000000000
[mtlr]   out: 0000013900000000 0000000000004000 000000000f1daa5a 00000000000045ae
[mtlr] resource2 sel8 flags 470 sz 0x1000 -> kr 0x00000000 rid 313 GPUVA 0x10002ba0000 cpu 10a158000
[mtlr]   out: 0000010002ba0000 000000010a158000 000000010c043600 0000000000000000
[mtlr]   out: 0000013900000000 0000000000004000 000000000f1daa5b 00000000000045af
[mtlr] resource2 sel8 flags 470 sz 0x1000 -> kr 0x00000000 rid 313 GPUVA 0x10002ba0000 cpu 10a158000
[mtlr]   out: 0000010002ba0000 000000010a158000 000000010c043600 0000000000000000
[mtlr]   out: 0000013900000000 0000000000004000 000000000f1daa5c 00000000000045b0
[mtlr] resource2 sel8 flags 470 sz 0x1000 -> kr 0x00000000 rid 313 GPUVA 0x10002ba0000 cpu 10a158000
[mtlr]   out: 0000010002ba0000 000000010a158000 000000010c043600 0000000000000000
[mtlr]   out: 0000013900000000 0000000000004000 000000000f1daa5d 00000000000045b1
[mtlr] resource2 sel8 flags 470 sz 0x1000 -> kr 0x00000000 rid 313 GPUVA 0x10002ba0000 cpu 10a158000
[mtlr]   out: 0000010002ba0000 000000010a158000 000000010c043600 0000000000000000
[mtlr]   out: 0000013900000000 0000000000004000 000000000f1daa5e 00000000000045b2
[mtlr] resource2 sel8 flags 470 sz 0x1000 -> kr 0x00000000 rid 313 GPUVA 0x10002ba0000 cpu 10a158000
[mtlr]   out: 0000010002ba0000 000000010a158000 000000010c043600 0000000000000000
[mtlr]   out: 0000013900000000 0000000000004000 000000000f1daa5f 00000000000045b3
[mtlr] resource2 sel8 flags 470 sz 0x1000 -> kr 0x00000000 rid 313 GPUVA 0x10002ba0000 cpu 10a158000
[mtlr]   out: 0000010002ba0000 000000010a158000 000000010c043600 0000000000000000
[mtlr]   out: 0000013900000000 0000000000004000 000000000f1daa60 00000000000045b4
[mtlr] resource2 sel8 flags 470 sz 0x1000 -> kr 0x00000000 rid 313 GPUVA 0x10002ba0000 cpu 10a158000
[mtlr]   out: 0000010002ba0000 000000010a158000 000000010c043600 0000000000000000
[mtlr]   out: 0000013900000000 0000000000004000 000000000f1daa61 00000000000045b5
[mtlr] resource2 sel8 flags 470 sz 0x1000 -> kr 0x00000000 rid 313 GPUVA 0x10002ba0000 cpu 10a158000
[mtlr]   out: 0000010002ba0000 000000010a158000 000000010c043600 0000000000000000
[mtlr]   out: 0000013900000000 0000000000004000 000000000f1daa62 00000000000045b6
[mtlr] resource2 sel8 flags 470 sz 0x1000 -> kr 0x00000000 rid 313 GPUVA 0x10002ba0000 cpu 10a158000
[mtlr]   out: 0000010002ba0000 000000010a158000 000000010c043600 0000000000000000
[mtlr]   out: 0000013900000000 0000000000004000 000000000f1daa63 00000000000045b7
[mtlr] resource2 sel8 flags 470 sz 0x1000 -> kr 0x00000000 rid 313 GPUVA 0x10002ba0000 cpu 10a158000
[mtlr]   out: 0000010002ba0000 000000010a158000 000000010c043600 0000000000000000
[mtlr]   out: 0000013900000000 0000000000004000 000000000f1daa64 00000000000045b8
[mtlr] resource2 sel8 flags 470 sz 0x1000 -> kr 0x00000000 rid 313 GPUVA 0x10002ba0000 cpu 10a158000
[mtlr]   out: 0000010002ba0000 000000010a158000 000000010c043600 0000000000000000
[mtlr]   out: 0000013900000000 0000000000004000 000000000f1daa65 00000000000045b9
[mtlr] resource2 sel8 flags 470 sz 0x1000 -> kr 0x00000000 rid 313 GPUVA 0x10002ba0000 cpu 10a158000
[mtlr]   out: 0000010002ba0000 000000010a158000 000000010c043600 0000000000000000
[mtlr]   out: 0000013900000000 0000000000004000 000000000f1daa66 00000000000045ba
[mtlr] resource2 sel8 flags 470 sz 0x1000 -> kr 0x00000000 rid 313 GPUVA 0x10002ba0000 cpu 10a158000
[mtlr]   out: 0000010002ba0000 000000010a158000 000000010c043600 0000000000000000
[mtlr]   out: 0000013900000000 0000000000004000 000000000f1daa67 00000000000045bb
[mtlr] resource2 sel8 flags 470 sz 0x1000 -> kr 0x00000000 rid 313 GPUVA 0x10002ba0000 cpu 10a158000
[mtlr]   out: 0000010002ba0000 000000010a158000 000000010c043600 0000000000000000
[mtlr]   out: 0000013900000000 0000000000004000 000000000f1daa68 00000000000045bc
[mtlr] resource2 sel8 flags 470 sz 0x1000 -> kr 0x00000000 rid 313 GPUVA 0x10002ba0000 cpu 10a158000
[mtlr]   out: 0000010002ba0000 000000010a158000 000000010c043600 0000000000000000
[mtlr]   out: 0000013900000000 0000000000004000 000000000f1daa69 00000000000045bd
[mtlr] resource2 sel8 flags 470 sz 0x1000 -> kr 0x00000000 rid 313 GPUVA 0x10002ba0000 cpu 10a158000
[mtlr]   out: 0000010002ba0000 000000010a158000 000000010c043600 0000000000000000
[mtlr]   out: 0000013900000000 0000000000004000 000000000f1daa6a 00000000000045be
[mtlr] resource2 sel8 flags 470 sz 0x1000 -> kr 0x00000000 rid 313 GPUVA 0x10002ba0000 cpu 10a158000
[mtlr]   out: 0000010002ba0000 000000010a158000 000000010c043600 0000000000000000
[mtlr]   out: 0000013900000000 0000000000004000 000000000f1daa6b 00000000000045bf
[mtlr] resource2 sel8 flags 470 sz 0x1000 -> kr 0x00000000 rid 313 GPUVA 0x10002ba0000 cpu 10a158000
[mtlr]   out: 0000010002ba0000 000000010a158000 000000010c043600 0000000000000000
[mtlr]   out: 0000013900000000 0000000000004000 000000000f1daa6c 00000000000045c0
[mtlr] resource2 sel8 flags 470 sz 0x1000 -> kr 0x00000000 rid 313 GPUVA 0x10002ba0000 cpu 10a158000
[mtlr]   out: 0000010002ba0000 000000010a158000 000000010c043600 0000000000000000
[mtlr]   out: 0000013900000000 0000000000004000 000000000f1daa6d 00000000000045c1
[mtlr] resource2 sel8 flags 470 sz 0x1000 -> kr 0x00000000 rid 313 GPUVA 0x10002ba0000 cpu 10a158000
[mtlr]   out: 0000010002ba0000 000000010a158000 000000010c043600 0000000000000000
[mtlr]   out: 0000013900000000 0000000000004000 000000000f1daa6e 00000000000045c2
[mtlr] resource2 sel8 flags 470 sz 0x1000 -> kr 0x00000000 rid 313 GPUVA 0x10002ba0000 cpu 10a158000
[mtlr]   out: 0000010002ba0000 000000010a158000 000000010c043600 0000000000000000
[mtlr]   out: 0000013900000000 0000000000004000 000000000f1daa6f 00000000000045c3
[mtlr] resource2 sel8 flags 470 sz 0x1000 -> kr 0x00000000 rid 313 GPUVA 0x10002ba0000 cpu 10a158000
[mtlr]   out: 0000010002ba0000 000000010a158000 000000010c043600 0000000000000000
[mtlr]   out: 0000013900000000 0000000000004000 000000000f1daa70 00000000000045c4
[mtlr] resource2 sel8 flags 470 sz 0x1000 -> kr 0x00000000 rid 313 GPUVA 0x10002ba0000 cpu 10a158000
[mtlr]   out: 0000010002ba0000 000000010a158000 000000010c043600 0000000000000000
[mtlr]   out: 0000013900000000 0000000000004000 000000000f1daa71 00000000000045c5
[mtlr] resource2 sel8 flags 470 sz 0x1000 -> kr 0x00000000 rid 313 GPUVA 0x10002ba0000 cpu 10a158000
[mtlr]   out: 0000010002ba0000 000000010a158000 000000010c043600 0000000000000000
[mtlr]   out: 0000013900000000 0000000000004000 000000000f1daa72 00000000000045c6
[mtlr] resource2 sel8 flags 470 sz 0x1000 -> kr 0x00000000 rid 313 GPUVA 0x10002ba0000 cpu 10a158000
[mtlr]   out: 0000010002ba0000 000000010a158000 000000010c043600 0000000000000000
[mtlr]   out: 0000013900000000 0000000000004000 000000000f1daa73 00000000000045c7
[mtlr] resource2 sel8 flags 470 sz 0x1000 -> kr 0x00000000 rid 313 GPUVA 0x10002ba0000 cpu 10a158000
[mtlr]   out: 0000010002ba0000 000000010a158000 000000010c043600 0000000000000000
[mtlr]   out: 0000013900000000 0000000000004000 000000000f1daa74 00000000000045c8
[mtlr] resource2 sel8 flags 470 sz 0x1000 -> kr 0x00000000 rid 313 GPUVA 0x10002ba0000 cpu 10a158000
[mtlr]   out: 0000010002ba0000 000000010a158000 000000010c043600 0000000000000000
[mtlr]   out: 0000013900000000 0000000000004000 000000000f1daa75 00000000000045c9
[mtlr] resource2 sel8 flags 470 sz 0x1000 -> kr 0x00000000 rid 313 GPUVA 0x10002ba0000 cpu 10a158000
[mtlr]   out: 0000010002ba0000 000000010a158000 000000010c043600 0000000000000000
[mtlr]   out: 0000013900000000 0000000000004000 000000000f1daa76 00000000000045ca
[mtlr] resource2 sel8 flags 470 sz 0x1000 -> kr 0x00000000 rid 313 GPUVA 0x10002ba0000 cpu 10a158000
[mtlr]   out: 0000010002ba0000 000000010a158000 000000010c043600 0000000000000000
[mtlr]   out: 0000013900000000 0000000000004000 000000000f1daa77 00000000000045cb
[mtlr] resource2 sel8 flags 470 sz 0x1000 -> kr 0x00000000 rid 313 GPUVA 0x10002ba0000 cpu 10a158000
[mtlr]   out: 0000010002ba0000 000000010a158000 000000010c043600 0000000000000000
[mtlr]   out: 0000013900000000 0000000000004000 000000000f1daa78 00000000000045cc
[mtlr] resource2 sel8 flags 470 sz 0x1000 -> kr 0x00000000 rid 313 GPUVA 0x10002ba0000 cpu 10a158000
[mtlr]   out: 0000010002ba0000 000000010a158000 000000010c043600 0000000000000000
[mtlr]   out: 0000013900000000 0000000000004000 000000000f1daa79 00000000000045cd
[mtlr] resource2 sel8 flags 470 sz 0x1000 -> kr 0x00000000 rid 313 GPUVA 0x10002ba0000 cpu 10a158000
[mtlr]   out: 0000010002ba0000 000000010a158000 000000010c043600 0000000000000000
[mtlr]   out: 0000013900000000 0000000000004000 000000000f1daa7a 00000000000045ce
[mtlr] resource2 sel8 flags 470 sz 0x1000 -> kr 0x00000000 rid 313 GPUVA 0x10002ba0000 cpu 10a158000
[mtlr]   out: 0000010002ba0000 000000010a158000 000000010c043600 0000000000000000
[mtlr]   out: 0000013900000000 0000000000004000 000000000f1daa7b 00000000000045cf
[mtlr] resource2 sel8 flags 470 sz 0x1000 -> kr 0x00000000 rid 313 GPUVA 0x10002ba0000 cpu 10a158000
[mtlr]   out: 0000010002ba0000 000000010a158000 000000010c043600 0000000000000000
[mtlr]   out: 0000013900000000 0000000000004000 000000000f1daa7c 00000000000045d0
[mtlr] resource2 sel8 flags 470 sz 0x1000 -> kr 0x00000000 rid 313 GPUVA 0x10002ba0000 cpu 10a158000
[mtlr]   out: 0000010002ba0000 000000010a158000 000000010c043600 0000000000000000
[mtlr]   out: 0000013900000000 0000000000004000 000000000f1daa7d 00000000000045d1
[mtlr] resource2 sel8 flags 470 sz 0x1000 -> kr 0x00000000 rid 313 GPUVA 0x10002ba0000 cpu 10a158000
[mtlr]   out: 0000010002ba0000 000000010a158000 000000010c043600 0000000000000000
[mtlr]   out: 0000013900000000 0000000000004000 000000000f1daa7e 00000000000045d2
[mtlr] resource2 sel8 flags 470 sz 0x1000 -> kr 0x00000000 rid 313 GPUVA 0x10002ba0000 cpu 10a158000
[mtlr]   out: 0000010002ba0000 000000010a158000 000000010c043600 0000000000000000
[mtlr]   out: 0000013900000000 0000000000004000 000000000f1daa7f 00000000000045d3
[uatrec] S5 r1: destroy kr 0x00000000 + 40 junk — OOL reclaim wave (128 msgs)
[uatrec] S5 r1: 128 OOL msgs queued (8192 KB kernel) — draining blit
[uatrec] S5 r1: drained, cb status 4 — receiving + scanning
[uatrec] S5 r1 summary: 0 received, 0 corrupted, 0x41 total 0 (no reclaim hit)
[uatrec] done (alive)
[probe13] uatrec-only mode, stop
