[main] fuzz harness up, mode=scaler
[main] sandbox note: VCPDRM open is MACF-denied (iokit-open-user-client VCPDRMUserClient); mach-lookup com.apple.sprr / com.apple.jitbox exist but are sandbox-gated (seen in kernel log)
[open] AppleM2ScalerCSCDriver -> conn 0x7503
[scaler] conn 0x7503, s1 278 s2 282
[probe12] SetNotificationPort -> 0x00000000
[dartval] v95a: controlled-value matrix (skip 0)
[open] AppleM2ScalerCSCDriver -> conn 0x7203
[dartval] v0 base ff/ff: shot...
[dartval] v0 base ff/ff -> kr 0xe00002d6 | CORRUPT 4080 pages @0x1000: 00 00 00 00 00 00 00 00
[dartval] v1 alpha 0x100: shot...
[dartval] v1 alpha 0x100 -> kr 0xe00002c2 | CORRUPT 4080 pages @0x1000: 00 00 00 00 00 00 00 00
[dartval] v2 all 0xffff: shot...
[dartval] v2 all 0xffff -> kr 0xe00002d6 | CORRUPT 4080 pages @0x1000: 00 00 00 00 00 00 00 00
[dartval] v3 rgba 4/3/2/1: shot...
[dartval] v3 rgba 4/3/2/1 -> kr 0xe00002c2 | CORRUPT 4080 pages @0x1000: 00 00 00 00 00 00 00 00
[dartval] v4 all ffffffff: shot...
[dartval] v4 all ffffffff -> kr 0xe00002d6 | CORRUPT 4080 pages @0x1000: 00 00 00 00 00 00 00 00
[dartval] v5 alpha 0: shot...
[dartval] v5 alpha 0 -> kr 0xe00002d6 | CORRUPT 4080 pages @0x1000: 00 00 00 00 00 00 00 00
[dartval] v6 rgb 0x3ff: shot...
[dartval] v6 rgb 0x3ff -> kr 0xe00002d6 | CORRUPT 4080 pages @0x1000: 00 00 00 00 00 00 00 00
[dartval] v7 rgb 0x8000: shot...
