[main] fuzz harness up, mode=scaler
[main] sandbox note: VCPDRM open is MACF-denied (iokit-open-user-client VCPDRMUserClient); mach-lookup com.apple.sprr / com.apple.jitbox exist but are sandbox-gated (seen in kernel log)
[open] AppleM2ScalerCSCDriver -> conn 0x5607
[scaler] conn 0x5607, s1 178 s2 187
[probe12] SetNotificationPort -> 0x00000000
[dpr] v117 DART mapper probe, skip 0
[dpr] c1 open IODARTMapper     type 0x0 ...
[dpr] c1 open IODARTMapper     type 0x0 -> kr 0xe00002c2 conn 0x0
[dpr] c2 open IODARTMapper     type 0x1 ...
[dpr] c2 open IODARTMapper     type 0x1 -> kr 0xe00002c2 conn 0x0
[dpr] c3 open IODARTMapper     type 0x2 ...
[dpr] c3 open IODARTMapper     type 0x2 -> kr 0xe00002c2 conn 0x0
[dpr] c4 open IODARTMapper     type 0x3 ...
[dpr] c4 open IODARTMapper     type 0x3 -> kr 0xe00002c2 conn 0x0
[dpr] c5 open IODARTMapper     type 0x4 ...
[dpr] c5 open IODARTMapper     type 0x4 -> kr 0xe00002c2 conn 0x0
[dpr] c6 open IODARTMapper     type 0x5 ...
[dpr] c6 open IODARTMapper     type 0x5 -> kr 0xe00002c2 conn 0x0
[dpr] c7 open IODARTMapper     type 0x6 ...
[dpr] c7 open IODARTMapper     type 0x6 -> kr 0xe00002c2 conn 0x0
[dpr] c8 open IODARTMapper     type 0x7 ...
[dpr] c8 open IODARTMapper     type 0x7 -> kr 0xe00002c2 conn 0x0
[dpr] c9 open IODARTMapper     type 0x8 ...
[dpr] c9 open IODARTMapper     type 0x8 -> kr 0xe00002c2 conn 0x0
[dpr] c10 open IODARTMapper     type 0x100 ...
[dpr] c10 open IODARTMapper     type 0x100 -> kr 0xe00002c2 conn 0x0
[dpr] c11 open IODARTMapper     type 0x1000 ...
[dpr] c11 open IODARTMapper     type 0x1000 -> kr 0xe00002c2 conn 0x0
[dpr] c12 open IODARTMapper     type 0x10000 ...
[dpr] c12 open IODARTMapper     type 0x10000 -> kr 0xe00002c2 conn 0x0
[dpr] c13 open IODARTMapper     type 0x100000 ...
[dpr] c13 open IODARTMapper     type 0x100000 -> kr 0xe00002c2 conn 0x0
[dpr] c14 open IODARTMapper     type 0x100001 ...
[dpr] c14 open IODARTMapper     type 0x100001 -> kr 0xe00002c2 conn 0x0
[dpr] c15 open IODARTMapper     type 0x100002 ...
[dpr] c15 open IODARTMapper     type 0x100002 -> kr 0xe00002c2 conn 0x0
[dpr] c16 open IODARTMapper     type 0x100003 ...
[dpr] c16 open IODARTMapper     type 0x100003 -> kr 0xe00002c2 conn 0x0
[dpr] c17 open IODARTMapper     type 0x100004 ...
[dpr] c17 open IODARTMapper     type 0x100004 -> kr 0xe00002c2 conn 0x0
[dpr] c18 open IODARTMapper     type 0x100005 ...
[dpr] c18 open IODARTMapper     type 0x100005 -> kr 0xe00002c2 conn 0x0
[dpr] c19 open IODARTMapperNub  type 0x0 ...
[dpr] c19 open IODARTMapperNub  type 0x0 -> kr 0xe00002c7 conn 0x0
[dpr] c20 open IODARTMapperNub  type 0x1 ...
[dpr] c20 open IODARTMapperNub  type 0x1 -> kr 0xe00002c7 conn 0x0
[dpr] c21 open IODARTMapperNub  type 0x2 ...
[dpr] c21 open IODARTMapperNub  type 0x2 -> kr 0xe00002c7 conn 0x0
[dpr] c22 open IODARTMapperNub  type 0x3 ...
[dpr] c22 open IODARTMapperNub  type 0x3 -> kr 0xe00002c7 conn 0x0
[dpr] c23 open IODARTMapperNub  type 0x4 ...
[dpr] c23 open IODARTMapperNub  type 0x4 -> kr 0xe00002c7 conn 0x0
[dpr] c24 open IODARTMapperNub  type 0x5 ...
[dpr] c24 open IODARTMapperNub  type 0x5 -> kr 0xe00002c7 conn 0x0
[dpr] c25 open IODARTMapperNub  type 0x6 ...
[dpr] c25 open IODARTMapperNub  type 0x6 -> kr 0xe00002c7 conn 0x0
[dpr] c26 open IODARTMapperNub  type 0x7 ...
[dpr] c26 open IODARTMapperNub  type 0x7 -> kr 0xe00002c7 conn 0x0
[dpr] c27 open IODARTMapperNub  type 0x8 ...
[dpr] c27 open IODARTMapperNub  type 0x8 -> kr 0xe00002c7 conn 0x0
[dpr] c28 open IODARTMapperNub  type 0x100 ...
[dpr] c28 open IODARTMapperNub  type 0x100 -> kr 0xe00002c7 conn 0x0
[dpr] c29 open IODARTMapperNub  type 0x1000 ...
[dpr] c29 open IODARTMapperNub  type 0x1000 -> kr 0xe00002c7 conn 0x0
[dpr] c30 open IODARTMapperNub  type 0x10000 ...
[dpr] c30 open IODARTMapperNub  type 0x10000 -> kr 0xe00002c7 conn 0x0
[dpr] c31 open IODARTMapperNub  type 0x100000 ...
[dpr] c31 open IODARTMapperNub  type 0x100000 -> kr 0xe00002c7 conn 0x0
[dpr] c32 open IODARTMapperNub  type 0x100001 ...
[dpr] c32 open IODARTMapperNub  type 0x100001 -> kr 0xe00002c7 conn 0x0
[dpr] c33 open IODARTMapperNub  type 0x100002 ...
[dpr] c33 open IODARTMapperNub  type 0x100002 -> kr 0xe00002c7 conn 0x0
[dpr] c34 open IODARTMapperNub  type 0x100003 ...
[dpr] c34 open IODARTMapperNub  type 0x100003 -> kr 0xe00002c7 conn 0x0
[dpr] c35 open IODARTMapperNub  type 0x100004 ...
[dpr] c35 open IODARTMapperNub  type 0x100004 -> kr 0xe00002c7 conn 0x0
[dpr] c36 open IODARTMapperNub  type 0x100005 ...
[dpr] c36 open IODARTMapperNub  type 0x100005 -> kr 0xe00002c7 conn 0x0
[dpr] c37 open AppleT8110DART   type 0x0 ...
[dpr] c37 open AppleT8110DART   type 0x0 -> kr 0xe00002c2 conn 0x0
[dpr] c38 open AppleT8110DART   type 0x1 ...
[dpr] c38 open AppleT8110DART   type 0x1 -> kr 0xe00002c2 conn 0x0
[dpr] c39 open AppleT8110DART   type 0x2 ...
[dpr] c39 open AppleT8110DART   type 0x2 -> kr 0xe00002c2 conn 0x0
[dpr] c40 open AppleT8110DART   type 0x3 ...
[dpr] c40 open AppleT8110DART   type 0x3 -> kr 0xe00002c2 conn 0x0
[dpr] c41 open AppleT8110DART   type 0x4 ...
[dpr] c41 open AppleT8110DART   type 0x4 -> kr 0xe00002c2 conn 0x0
[dpr] c42 open AppleT8110DART   type 0x5 ...
[dpr] c42 open AppleT8110DART   type 0x5 -> kr 0xe00002c2 conn 0x0
[dpr] c43 open AppleT8110DART   type 0x6 ...
[dpr] c43 open AppleT8110DART   type 0x6 -> kr 0xe00002c2 conn 0x0
[dpr] c44 open AppleT8110DART   type 0x7 ...
[dpr] c44 open AppleT8110DART   type 0x7 -> kr 0xe00002c2 conn 0x0
[dpr] c45 open AppleT8110DART   type 0x8 ...
[dpr] c45 open AppleT8110DART   type 0x8 -> kr 0xe00002c2 conn 0x0
[dpr] c46 open AppleT8110DART   type 0x100 ...
[dpr] c46 open AppleT8110DART   type 0x100 -> kr 0xe00002c2 conn 0x0
[dpr] c47 open AppleT8110DART   type 0x1000 ...
[dpr] c47 open AppleT8110DART   type 0x1000 -> kr 0xe00002c2 conn 0x0
[dpr] c48 open AppleT8110DART   type 0x10000 ...
[dpr] c48 open AppleT8110DART   type 0x10000 -> kr 0xe00002c2 conn 0x0
[dpr] c49 open AppleT8110DART   type 0x100000 ...
[dpr] c49 open AppleT8110DART   type 0x100000 -> kr 0xe00002c2 conn 0x0
[dpr] c50 open AppleT8110DART   type 0x100001 ...
[dpr] c50 open AppleT8110DART   type 0x100001 -> kr 0xe00002c2 conn 0x0
[dpr] c51 open AppleT8110DART   type 0x100002 ...
[dpr] c51 open AppleT8110DART   type 0x100002 -> kr 0xe00002c2 conn 0x0
[dpr] c52 open AppleT8110DART   type 0x100003 ...
[dpr] c52 open AppleT8110DART   type 0x100003 -> kr 0xe00002c2 conn 0x0
[dpr] c53 open AppleT8110DART   type 0x100004 ...
[dpr] c53 open AppleT8110DART   type 0x100004 -> kr 0xe00002c2 conn 0x0
[dpr] c54 open AppleT8110DART   type 0x100005 ...
[dpr] c54 open AppleT8110DART   type 0x100005 -> kr 0xe00002c2 conn 0x0
[dpr] mapper-scaler    NOT FOUND
[dpr] open probe done: 0 conns collected
[dpr] no conns — done
[probe13] dartprobe-only mode, stop
