01:36:38  Acquired tunnel connection to device.
01:36:38  Enabling developer disk image services.
01:36:38  Acquired usage assertion.
Launched application with cancer9725.turquoise1323 bundle identifier.
Waiting for the application to terminate…
[main] fuzz harness up, mode=all
[main] sandbox note: VCPDRM open is MACF-denied (iokit-open-user-client VCPDRMUserClient); mach-lookup com.apple.sprr / com.apple.jitbox exist but are sandbox-gated (seen in kernel log)
[open] IOServiceOpen VCPDRMService failed: 0xe00002e2
[open] service VCPDRMServiceUserClient not found
[vcpdrm] no connection, target dead
[mig] bootstrap-name phase done; add learned names to cand_names[]
[open] AppleM2ScalerCSCDriver -> conn 0x6803
[scaler] conn 0x6803, s1 22 s2 24
[probe12] SetNotificationPort -> 0x00000000
[v70] blit write replay
[open] IOGPU -> conn 0x6c03
[sm] resource buf 0x100640000 sz 0x4000 -> kr 0x00000000 rid 1 off32 4000
[sm] resource buf 0x100644000 sz 0x4000 -> kr 0x00000000 rid 2 off32 c000
[sm] resource buf 0x100648000 sz 0x4000 -> kr 0x00000000 rid 3 off32 14000
[sm] resource buf 0x10064c000 sz 0x4000 -> kr 0x00000000 rid 4 off32 1c000
[sm] resource buf 0x100650000 sz 0x4000 -> kr 0x00000000 rid 5 off32 24000
[sm] resource buf 0x100654000 sz 0x4000 -> kr 0x00000000 rid 6 off32 2c000
[sm] resource buf 0x100658000 sz 0x4000 -> kr 0x00000000 rid 7 off32 34000
[sm] resource buf 0x10065c000 sz 0x4000 -> kr 0x00000000 rid 8 off32 3c000
[sm] resource buf 0x100660000 sz 0x4000 -> kr 0x00000000 rid 9 off32 44000
[sm] resource buf 0x100664000 sz 0x4000 -> kr 0x00000000 rid 10 off32 4c000
[sm] resource buf 0x100668000 sz 0x4000 -> kr 0x00000000 rid 11 off32 54000
[sm] resource buf 0x10066c000 sz 0x4000 -> kr 0x00000000 rid 12 off32 5c000
[sm] resource buf 0x100670000 sz 0x4000 -> kr 0x00000000 rid 13 off32 64000
[sm] resource buf 0x100674000 sz 0x4000 -> kr 0x00000000 rid 14 off32 6c000
[sm] resource buf 0x100678000 sz 0x4000 -> kr 0x00000000 rid 15 off32 74000
[sm] resource buf 0x10067c000 sz 0x4000 -> kr 0x00000000 rid 16 off32 7c000
[sm] resource buf 0x100680000 sz 0x4000 -> kr 0x00000000 rid 17 off32 84000
[sm] resource buf 0x100684000 sz 0x4000 -> kr 0x00000000 rid 18 off32 8c000
[sm] resource buf 0x100688000 sz 0x4000 -> kr 0x00000000 rid 19 off32 94000
[sm] resource buf 0x10068c000 sz 0x4000 -> kr 0x00000000 rid 20 off32 9c000
[sm] resource buf 0x100690000 sz 0x4000 -> kr 0x00000000 rid 21 off32 a4000
[sm] resource buf 0x100694000 sz 0x4000 -> kr 0x00000000 rid 22 off32 ac000
[sm] resource buf 0x100698000 sz 0x4000 -> kr 0x00000000 rid 23 off32 b4000
[sm] resource buf 0x10069c000 sz 0x4000 -> kr 0x00000000 rid 24 off32 bc000
[sm] resource buf 0x1006a0000 sz 0x4000 -> kr 0x00000000 rid 25 off32 c4000
[sm] resource buf 0x1006a4000 sz 0x4000 -> kr 0x00000000 rid 26 off32 cc000
[sm] resource buf 0x1006a8000 sz 0x4000 -> kr 0x00000000 rid 27 off32 d4000
[sm] resource buf 0x1006ac000 sz 0x4000 -> kr 0x00000000 rid 28 off32 dc000
[sm] resource buf 0x1006b0000 sz 0x4000 -> kr 0x00000000 rid 29 off32 e4000
[sm] resource buf 0x1006b4000 sz 0x4000 -> kr 0x00000000 rid 30 off32 ec000
[sm] resource buf 0x1006b8000 sz 0x4000 -> kr 0x00000000 rid 31 off32 f4000
[sm] resource buf 0x1006bc000 sz 0x4000 -> kr 0x00000000 rid 32 off32 fc000
[sm] resource buf 0x1006c0000 sz 0x4000 -> kr 0x00000000 rid 33 off32 104000
[sm] resource buf 0x1006c4000 sz 0x4000 -> kr 0x00000000 rid 34 off32 10c000
[sm] resource buf 0x1006c8000 sz 0x4000 -> kr 0x00000000 rid 35 off32 114000
[sm] resource buf 0x1006cc000 sz 0x4000 -> kr 0x00000000 rid 36 off32 11c000
[sm] resource buf 0x1006d0000 sz 0x4000 -> kr 0x00000000 rid 37 off32 124000
[sm] resource buf 0x1006d4000 sz 0x4000 -> kr 0x00000000 rid 38 off32 12c000
[sm] resource buf 0x1006d8000 sz 0x4000 -> kr 0x00000000 rid 39 off32 134000
[sm] resource buf 0x1006dc000 sz 0x4000 -> kr 0x00000000 rid 40 off32 13c000
[bw] created 40 target resources
[s4] sel12 size 0x4000 -> kr 0x00000000 va 1006e4000 id 1
[s4] sel12 size 0x4000 -> kr 0x00000000 va 1006ec000 id 2
[bw] blit submit -> kr 0x00000000 outw 00000000
[bw] hit buffers: 0/40
[v70] done (alive)
[v68] full AGFI submit
[open] IOGPU -> conn 0x51d3
[s4] sel12 size 0x4000 -> kr 0x00000000 va 100730000 id 1
[s4] sel12 size 0x4000 -> kr 0x00000000 va 100738000 id 2
[sm] resource buf 0x10073c000 sz 0x10000 -> kr 0x00000000 rid 1 off32 10000
[fu] target resource rid 1, candidate GPUVA 0x100010000
[fu] GPUVA 0x100010000 -> kr 0x00000000 outw 00000000, target 5A 0
[fu] GPUVA 0x100020000 -> kr 0x00000000 outw 00000000, target 5A 0
[fu] GPUVA 0x100030000 -> kr 0x00000000 outw 00000000, target 5A 0
[fu] GPUVA 0x100040000 -> kr 0x00000000 outw 00000000, target 5A 0
[fu] GPUVA 0x100008000 -> kr 0x00000000 outw 00000000, target 5A 0
[fu] GPUVA 0x10000c000 -> kr 0x00000000 outw 00000000, target 5A 0
[fu] GPUVA 0x100000000 -> kr 0x00000000 outw 00000000, target 5A 0
[v69] done (alive)
[v67] faithful AGFI replay
[open] IOGPU -> conn 0x7433
[s4] sel12 size 0x4000 -> kr 0x00000000 va 100838000 id 1
[s4] sel12 size 0x4000 -> kr 0x00000000 va 100840000 id 2
[sm] resource buf 0x100848000 sz 0x10000 -> kr 0x00000000 rid 1 off32 10000
[fu] target resource rid 1, candidate GPUVA 0x100010000
[fr] observer nq va 0x100868000
[fr] faithful submit -> kr 0x00000000 outw 00000000
[fr] nq dump after submit:
[fr]   +00: 14 14 00 00 00 00 00 00 00 00 00 00 00 00 00 00
[fr]   +10: 00 00 00 00 00 00 00 00 00 00 00 00 00 00 00 00
[fr]   +20: 00 00 00 00 00 00 00 00 00 00 00 00 00 00 00 00
[fr]   +30: 00 00 00 00 00 00 00 00 00 00 00 00 00 00 00 00
[v67] done (alive)
[v66] AGFI reconstruction submit
[open] IOGPU -> conn 0xa823
[s4] sel12 size 0x4000 -> kr 0x00000000 va 100c58000 id 1
[s4] sel12 size 0x4000 -> kr 0x00000000 va 100c60000 id 2
[rc] recon submit -> kr 0x00000000 outw 0000000a
[v66] done (alive)
[v65] AGX command replay
[open] IOGPU -> conn 0x6e37
[s4] sel12 size 0x4000 -> kr 0x00000000 va 105300000 id 1
[s4] sel12 size 0x4000 -> kr 0x00000000 va 105308000 id 2
[rp] replay submit -> kr 0x00000000 outw 0000000a
[v65] done (alive)
[v64] AGX tail crafting
[open] IOGPU -> conn 0xa51b
[s4] sel12 size 0x8000 -> kr 0x00000000 va 105338000 id 1
[s4] sel12 size 0x4000 -> kr 0x00000000 va 105344000 id 2
[tl] r0 subtype 1 -> kr 0x00000000 outw 0000000a
[tl] r1 subtype 2 -> kr 0x00000000 outw 0000000a
[tl] r2 subtype 1 -> kr 0x00000000 outw 0000000a
[tl] r3 subtype 2 -> kr 0x00000000 outw 0000000a
[tl] r200000 alive
[tl] r400000 alive
[tl] r600000 alive
[tl] r800000 alive
[tl] r1000000 alive
[tl] r1200000 alive
[tl] r1400000 alive
[tl] r1600000 alive
[tl] r1800000 alive
[tl] r2000000 alive
[tl] r2200000 alive
[tl] r2400000 alive
[tl] r2600000 alive
[tl] r2800000 alive
[tl] r3000000 alive
[tl] r3200000 alive
[tl] r3400000 alive
[tl] r3600000 alive
[tl] r3800000 alive
[tl] r4000000 alive
[tl] r4200000 alive
[tl] r4400000 alive
[tl] r4600000 alive
[tl] r4800000 alive
[tl] r5000000 alive
[tl] r5200000 alive
[tl] r5400000 alive
[tl] r5600000 alive
[tl] r5800000 alive
[tl] r6000000 alive
[tl] r6200000 alive
[tl] r6400000 alive
[tl] r6600000 alive
[tl] r6800000 alive
[tl] r7000000 alive
[tl] r7200000 alive
[tl] r7400000 alive
[tl] r7600000 alive
[tl] r7800000 alive
[tl] r8000000 alive
[tl] r8200000 alive
[tl] r8400000 alive
[tl] r8600000 alive
[tl] r8800000 alive
[tl] r9000000 alive
[tl] r9200000 alive
[tl] r9400000 alive
[tl] r9600000 alive
[tl] r9800000 alive
[tl] r10000000 alive
[tl] r10200000 alive
[tl] r10400000 alive
[tl] r10600000 alive
[tl] r10800000 alive
[tl] r11000000 alive
[tl] r11200000 alive
[tl] r11400000 alive
[tl] r11600000 alive
[tl] r11800000 alive
[tl] r12000000 alive
[tl] r12200000 alive
[tl] r12400000 alive
[tl] r12600000 alive
[tl] r12800000 alive
[tl] r13000000 alive
[tl] r13200000 alive
[tl] r13400000 alive
[tl] r13600000 alive
[tl] r13800000 alive
[tl] r14000000 alive
[tl] r14200000 alive
[tl] r14400000 alive
[tl] r14600000 alive
[tl] r14800000 alive
[tl] r15000000 alive
[tl] r15200000 alive
[tl] r15400000 alive
[tl] r15600000 alive
[tl] r15800000 alive
[tl] r16000000 alive
[tl] r16200000 alive
[tl] r16400000 alive
[tl] r16600000 alive
[tl] r16800000 alive
[tl] r17000000 alive
App terminated due to signal 9.
