01:38:01  Acquired tunnel connection to device.
01:38:01  Enabling developer disk image services.
01:38:01  Acquired usage assertion.
Launched application with cancer9725.turquoise1323 bundle identifier.
Waiting for the application to terminate…
[main] fuzz harness up, mode=all
[main] sandbox note: VCPDRM open is MACF-denied (iokit-open-user-client VCPDRMUserClient); mach-lookup com.apple.sprr / com.apple.jitbox exist but are sandbox-gated (seen in kernel log)
[open] IOServiceOpen VCPDRMService failed: 0xe00002e2
[mig] bootstrap-name phase done; add learned names to cand_names[]
[open] service VCPDRMServiceUserClient not found
[vcpdrm] no connection, target dead
[open] AppleM2ScalerCSCDriver -> conn 0x730f
[scaler] conn 0x730f, s1 22 s2 24
[probe12] SetNotificationPort -> 0x00000000
[v70] blit write replay
[open] IOGPU -> conn 0x6b03
[sm] resource buf 0x105134000 sz 0x4000 -> kr 0x00000000 rid 1 off32 4000
[sm] resource buf 0x105138000 sz 0x4000 -> kr 0x00000000 rid 2 off32 c000
[sm] resource buf 0x10513c000 sz 0x4000 -> kr 0x00000000 rid 3 off32 14000
[sm] resource buf 0x105140000 sz 0x4000 -> kr 0x00000000 rid 4 off32 1c000
[sm] resource buf 0x105144000 sz 0x4000 -> kr 0x00000000 rid 5 off32 24000
[sm] resource buf 0x105148000 sz 0x4000 -> kr 0x00000000 rid 6 off32 2c000
[sm] resource buf 0x10514c000 sz 0x4000 -> kr 0x00000000 rid 7 off32 34000
[sm] resource buf 0x105150000 sz 0x4000 -> kr 0x00000000 rid 8 off32 3c000
[sm] resource buf 0x105154000 sz 0x4000 -> kr 0x00000000 rid 9 off32 44000
[sm] resource buf 0x105158000 sz 0x4000 -> kr 0x00000000 rid 10 off32 4c000
[sm] resource buf 0x10515c000 sz 0x4000 -> kr 0x00000000 rid 11 off32 54000
[sm] resource buf 0x105160000 sz 0x4000 -> kr 0x00000000 rid 12 off32 5c000
[sm] resource buf 0x105164000 sz 0x4000 -> kr 0x00000000 rid 13 off32 64000
[sm] resource buf 0x105168000 sz 0x4000 -> kr 0x00000000 rid 14 off32 6c000
[sm] resource buf 0x10516c000 sz 0x4000 -> kr 0x00000000 rid 15 off32 74000
[sm] resource buf 0x105170000 sz 0x4000 -> kr 0x00000000 rid 16 off32 7c000
[sm] resource buf 0x105174000 sz 0x4000 -> kr 0x00000000 rid 17 off32 84000
[sm] resource buf 0x105178000 sz 0x4000 -> kr 0x00000000 rid 18 off32 8c000
[sm] resource buf 0x10517c000 sz 0x4000 -> kr 0x00000000 rid 19 off32 94000
[sm] resource buf 0x105180000 sz 0x4000 -> kr 0x00000000 rid 20 off32 9c000
[sm] resource buf 0x105184000 sz 0x4000 -> kr 0x00000000 rid 21 off32 a4000
[sm] resource buf 0x105188000 sz 0x4000 -> kr 0x00000000 rid 22 off32 ac000
[sm] resource buf 0x10518c000 sz 0x4000 -> kr 0x00000000 rid 23 off32 b4000
[sm] resource buf 0x105190000 sz 0x4000 -> kr 0x00000000 rid 24 off32 bc000
[sm] resource buf 0x105194000 sz 0x4000 -> kr 0x00000000 rid 25 off32 c4000
[sm] resource buf 0x105198000 sz 0x4000 -> kr 0x00000000 rid 26 off32 cc000
[sm] resource buf 0x10519c000 sz 0x4000 -> kr 0x00000000 rid 27 off32 d4000
[sm] resource buf 0x1051a0000 sz 0x4000 -> kr 0x00000000 rid 28 off32 dc000
[sm] resource buf 0x1051a4000 sz 0x4000 -> kr 0x00000000 rid 29 off32 e4000
[sm] resource buf 0x1051a8000 sz 0x4000 -> kr 0x00000000 rid 30 off32 ec000
[sm] resource buf 0x1051ac000 sz 0x4000 -> kr 0x00000000 rid 31 off32 f4000
[sm] resource buf 0x1051b0000 sz 0x4000 -> kr 0x00000000 rid 32 off32 fc000
[sm] resource buf 0x1051b4000 sz 0x4000 -> kr 0x00000000 rid 33 off32 104000
[sm] resource buf 0x1051b8000 sz 0x4000 -> kr 0x00000000 rid 34 off32 10c000
[sm] resource buf 0x1051bc000 sz 0x4000 -> kr 0x00000000 rid 35 off32 114000
[sm] resource buf 0x1051c0000 sz 0x4000 -> kr 0x00000000 rid 36 off32 11c000
[sm] resource buf 0x1051c4000 sz 0x4000 -> kr 0x00000000 rid 37 off32 124000
[sm] resource buf 0x1051c8000 sz 0x4000 -> kr 0x00000000 rid 38 off32 12c000
[sm] resource buf 0x1051cc000 sz 0x4000 -> kr 0x00000000 rid 39 off32 134000
[sm] resource buf 0x1051d0000 sz 0x4000 -> kr 0x00000000 rid 40 off32 13c000
[bw] created 40 target resources
[s4] sel12 size 0x4000 -> kr 0x00000000 va 1051d8000 id 1
[s4] sel12 size 0x4000 -> kr 0x00000000 va 1051e0000 id 2
[bw] VA 105134000 found in region 16b43c000 off 82740:
[bw]   -32: 000000016b4be750
[bw]   -24: 000000019790052c
[bw]   -16: 0000000000000081
[bw]   -8: 0000000000000010
[bw]   +0: 0000000105134000
[bw]   +8: 0000000000006b03
[bw]   +16: 000000016b4befc0
[bw]   +24: 0000000104fd0ec8
[bw]   +32: 0000000000000018
[bw]   +40: 0000000000000018
[bw]   +48: 0000000000082740
App terminated due to signal 10.
