[main] fuzz harness up, mode=scaler
[main] sandbox note: VCPDRM open is MACF-denied (iokit-open-user-client VCPDRMUserClient); mach-lookup com.apple.sprr / com.apple.jitbox exist but are sandbox-gated (seen in kernel log)
[open] AppleM2ScalerCSCDriver -> conn 0x7f0f
[scaler] conn 0x7f0f, s1 15 s2 16
[probe12] SetNotificationPort -> 0x00000000
[ptl] v114 ptleak mode spray skip 0 churn 6
[ptl] mconn 0x5d0b
[ptl] spray block: cong 8x16MB, 8 victims x 0x100000, marker 0x535445454c454b43, fill 0x43
[mtlr] resource2 sel8 flags 470 sz 0x100000 -> kr 0x00000000 rid 119 GPUVA 0x10002490000 cpu 10fb00000
[mtlr]   out: 0000010002490000 000000010fb00000 0000000104fe1940 0000000000000000
[mtlr]   out: 0000007700000000 0000000000100000 00000000516415b9 0000000000022738
[ptl] victim[0] rid 119 gpuva 0x10002490000
[mtlr] resource2 sel8 flags 470 sz 0x100000 -> kr 0x00000000 rid 120 GPUVA 0x10002598000 cpu 110000000
[mtlr]   out: 0000010002598000 0000000110000000 0000000104fe1a00 0000000000000000
[mtlr]   out: 0000007800000000 0000000000100000 00000000516415bb 000000000002273a
[ptl] victim[1] rid 120 gpuva 0x10002598000
[mtlr] resource2 sel8 flags 470 sz 0x100000 -> kr 0x00000000 rid 121 GPUVA 0x100026a0000 cpu 110100000
[mtlr]   out: 00000100026a0000 0000000110100000 0000000104fe1ac0 0000000000000000
[mtlr]   out: 0000007900000000 0000000000100000 00000000516415be 000000000002273b
[ptl] victim[2] rid 121 gpuva 0x100026a0000
[mtlr] resource2 sel8 flags 470 sz 0x100000 -> kr 0x00000000 rid 122 GPUVA 0x100027a8000 cpu 110200000
[mtlr]   out: 00000100027a8000 0000000110200000 0000000104fe1b80 0000000000000000
[mtlr]   out: 0000007a00000000 0000000000100000 00000000516415ef 000000000002273c
[ptl] victim[3] rid 122 gpuva 0x100027a8000
[mtlr] resource2 sel8 flags 470 sz 0x100000 -> kr 0x00000000 rid 123 GPUVA 0x100028b0000 cpu 110300000
[mtlr]   out: 00000100028b0000 0000000110300000 0000000104fe1c40 0000000000000000
[mtlr]   out: 0000007b00000000 0000000000100000 00000000516415f0 000000000002273d
[ptl] victim[4] rid 123 gpuva 0x100028b0000
[mtlr] resource2 sel8 flags 470 sz 0x100000 -> kr 0x00000000 rid 124 GPUVA 0x100029b8000 cpu 110400000
[mtlr]   out: 00000100029b8000 0000000110400000 0000000104fe1d00 0000000000000000
[mtlr]   out: 0000007c00000000 0000000000100000 00000000516415f1 000000000002273e
[ptl] victim[5] rid 124 gpuva 0x100029b8000
[mtlr] resource2 sel8 flags 470 sz 0x100000 -> kr 0x00000000 rid 125 GPUVA 0x10002ac0000 cpu 110500000
[mtlr]   out: 0000010002ac0000 0000000110500000 0000000104fe1dc0 0000000000000000
[mtlr]   out: 0000007d00000000 0000000000100000 00000000516415f2 000000000002273f
[ptl] victim[6] rid 125 gpuva 0x10002ac0000
[mtlr] resource2 sel8 flags 470 sz 0x100000 -> kr 0x00000000 rid 126 GPUVA 0x10002bc8000 cpu 110600000
[mtlr]   out: 0000010002bc8000 0000000110600000 0000000104fe1e80 0000000000000000
[mtlr]   out: 0000007e00000000 0000000000100000 00000000516415f3 0000000000022740
[ptl] victim[7] rid 126 gpuva 0x10002bc8000
[ptl] blit[0] slots 12 ridp 1
[ptl] blit[1] slots 10 ridp 1
[ptl] blit[2] slots 10 ridp 1
[ptl] blit[3] slots 11 ridp 1
[ptl] blit[4] slots 10 ridp 1
[ptl] blit[5] slots 10 ridp 1
[ptl] blit[6] slots 10 ridp 1
[ptl] blit[7] slots 10 ridp 1
[mtlr] resource2 sel8 flags 470 sz 0x1000 -> kr 0x00000000 rid 119 GPUVA 0x10002490000 cpu 1110e8000
[mtlr]   out: 0000010002490000 00000001110e8000 0000000104fe1940 0000000000000000
[mtlr]   out: 0000007700000000 0000000000004000 00000000516419cd 000000000002278e
[mtlr] resource2 sel8 flags 470 sz 0x1000 -> kr 0x00000000 rid 119 GPUVA 0x10002490000 cpu 1110e8000
[mtlr]   out: 0000010002490000 00000001110e8000 0000000104fe1940 0000000000000000
[mtlr]   out: 0000007700000000 0000000000004000 00000000516419ce 000000000002278f
[mtlr] resource2 sel8 flags 470 sz 0x1000 -> kr 0x00000000 rid 119 GPUVA 0x10002490000 cpu 1110e8000
[mtlr]   out: 0000010002490000 00000001110e8000 0000000104fe1940 0000000000000000
[mtlr]   out: 0000007700000000 0000000000004000 00000000516419cf 0000000000022790
[mtlr] resource2 sel8 flags 470 sz 0x1000 -> kr 0x00000000 rid 119 GPUVA 0x10002490000 cpu 1110e8000
[mtlr]   out: 0000010002490000 00000001110e8000 0000000104fe1940 0000000000000000
[mtlr]   out: 0000007700000000 0000000000004000 00000000516419d0 0000000000022791
[mtlr] resource2 sel8 flags 470 sz 0x1000 -> kr 0x00000000 rid 119 GPUVA 0x10002490000 cpu 1110e8000
[mtlr]   out: 0000010002490000 00000001110e8000 0000000104fe1940 0000000000000000
[mtlr]   out: 0000007700000000 0000000000004000 00000000516419d1 0000000000022792
[mtlr] resource2 sel8 flags 470 sz 0x1000 -> kr 0x00000000 rid 119 GPUVA 0x10002490000 cpu 1110e8000
[mtlr]   out: 0000010002490000 00000001110e8000 0000000104fe1940 0000000000000000
[mtlr]   out: 0000007700000000 0000000000004000 00000000516419d2 0000000000022793
[mtlr] resource2 sel8 flags 470 sz 0x1000 -> kr 0x00000000 rid 119 GPUVA 0x10002490000 cpu 1110e8000
[mtlr]   out: 0000010002490000 00000001110e8000 0000000104fe1940 0000000000000000
[mtlr]   out: 0000007700000000 0000000000004000 00000000516419d3 0000000000022794
[mtlr] resource2 sel8 flags 470 sz 0x1000 -> kr 0x00000000 rid 119 GPUVA 0x10002490000 cpu 1110e8000
[mtlr]   out: 0000010002490000 00000001110e8000 0000000104fe1940 0000000000000000
[mtlr]   out: 0000007700000000 0000000000004000 00000000516419d4 0000000000022795
[mtlr] resource2 sel8 flags 470 sz 0x1000 -> kr 0x00000000 rid 119 GPUVA 0x10002490000 cpu 1110e8000
[mtlr]   out: 0000010002490000 00000001110e8000 0000000104fe1940 0000000000000000
[mtlr]   out: 0000007700000000 0000000000004000 00000000516419d5 0000000000022796
[mtlr] resource2 sel8 flags 470 sz 0x1000 -> kr 0x00000000 rid 119 GPUVA 0x10002490000 cpu 1110e8000
[mtlr]   out: 0000010002490000 00000001110e8000 0000000104fe1940 0000000000000000
[mtlr]   out: 0000007700000000 0000000000004000 00000000516419d6 0000000000022797
[mtlr] resource2 sel8 flags 470 sz 0x1000 -> kr 0x00000000 rid 119 GPUVA 0x10002490000 cpu 1110e8000
[mtlr]   out: 0000010002490000 00000001110e8000 0000000104fe1940 0000000000000000
[mtlr]   out: 0000007700000000 0000000000004000 00000000516419d7 0000000000022798
[mtlr] resource2 sel8 flags 470 sz 0x1000 -> kr 0x00000000 rid 119 GPUVA 0x10002490000 cpu 1110e8000
[mtlr]   out: 0000010002490000 00000001110e8000 0000000104fe1940 0000000000000000
[mtlr]   out: 0000007700000000 0000000000004000 00000000516419d8 0000000000022799
[mtlr] resource2 sel8 flags 470 sz 0x1000 -> kr 0x00000000 rid 119 GPUVA 0x10002490000 cpu 1110e8000
[mtlr]   out: 0000010002490000 00000001110e8000 0000000104fe1940 0000000000000000
[mtlr]   out: 0000007700000000 0000000000004000 00000000516419d9 000000000002279a
[mtlr] resource2 sel8 flags 470 sz 0x1000 -> kr 0x00000000 rid 119 GPUVA 0x10002490000 cpu 1110e8000
[mtlr]   out: 0000010002490000 00000001110e8000 0000000104fe1940 0000000000000000
[mtlr]   out: 0000007700000000 0000000000004000 00000000516419da 000000000002279b
[mtlr] resource2 sel8 flags 470 sz 0x1000 -> kr 0x00000000 rid 119 GPUVA 0x10002490000 cpu 1110e8000
[mtlr]   out: 0000010002490000 00000001110e8000 0000000104fe1940 0000000000000000
[mtlr]   out: 0000007700000000 0000000000004000 00000000516419db 000000000002279c
[mtlr] resource2 sel8 flags 470 sz 0x1000 -> kr 0x00000000 rid 119 GPUVA 0x10002490000 cpu 1110e8000
[mtlr]   out: 0000010002490000 00000001110e8000 0000000104fe1940 0000000000000000
[mtlr]   out: 0000007700000000 0000000000004000 00000000516419dc 000000000002279d
[mtlr] resource2 sel8 flags 470 sz 0x1000 -> kr 0x00000000 rid 119 GPUVA 0x10002490000 cpu 1110e8000
[mtlr]   out: 0000010002490000 00000001110e8000 0000000104fe1940 0000000000000000
[mtlr]   out: 0000007700000000 0000000000004000 00000000516419dd 000000000002279e
[mtlr] resource2 sel8 flags 470 sz 0x1000 -> kr 0x00000000 rid 119 GPUVA 0x10002490000 cpu 1110e8000
[mtlr]   out: 0000010002490000 00000001110e8000 0000000104fe1940 0000000000000000
[mtlr]   out: 0000007700000000 0000000000004000 00000000516419de 000000000002279f
[mtlr] resource2 sel8 flags 470 sz 0x1000 -> kr 0x00000000 rid 119 GPUVA 0x10002490000 cpu 1110e8000
[mtlr]   out: 0000010002490000 00000001110e8000 0000000104fe1940 0000000000000000
[mtlr]   out: 0000007700000000 0000000000004000 00000000516419df 00000000000227a0
[mtlr] resource2 sel8 flags 470 sz 0x1000 -> kr 0x00000000 rid 119 GPUVA 0x10002490000 cpu 1110e8000
[mtlr]   out: 0000010002490000 00000001110e8000 0000000104fe1940 0000000000000000
[mtlr]   out: 0000007700000000 0000000000004000 00000000516419e0 00000000000227a1
[mtlr] resource2 sel8 flags 470 sz 0x1000 -> kr 0x00000000 rid 119 GPUVA 0x10002490000 cpu 1110e8000
[mtlr]   out: 0000010002490000 00000001110e8000 0000000104fe1940 0000000000000000
[mtlr]   out: 0000007700000000 0000000000004000 00000000516419e1 00000000000227a2
[mtlr] resource2 sel8 flags 470 sz 0x1000 -> kr 0x00000000 rid 119 GPUVA 0x10002490000 cpu 1110e8000
[mtlr]   out: 0000010002490000 00000001110e8000 0000000104fe1940 0000000000000000
[mtlr]   out: 0000007700000000 0000000000004000 00000000516419e2 00000000000227a3
[mtlr] resource2 sel8 flags 470 sz 0x1000 -> kr 0x00000000 rid 119 GPUVA 0x10002490000 cpu 1110e8000
[mtlr]   out: 0000010002490000 00000001110e8000 0000000104fe1940 0000000000000000
[mtlr]   out: 0000007700000000 0000000000004000 00000000516419e3 00000000000227a4
[mtlr] resource2 sel8 flags 470 sz 0x1000 -> kr 0x00000000 rid 119 GPUVA 0x10002490000 cpu 1110e8000
[mtlr]   out: 0000010002490000 00000001110e8000 0000000104fe1940 0000000000000000
[mtlr]   out: 0000007700000000 0000000000004000 00000000516419e4 00000000000227a5
[mtlr] resource2 sel8 flags 470 sz 0x1000 -> kr 0x00000000 rid 119 GPUVA 0x10002490000 cpu 1110e8000
[mtlr]   out: 0000010002490000 00000001110e8000 0000000104fe1940 0000000000000000
[mtlr]   out: 0000007700000000 0000000000004000 00000000516419e5 00000000000227a6
[mtlr] resource2 sel8 flags 470 sz 0x1000 -> kr 0x00000000 rid 119 GPUVA 0x10002490000 cpu 1110e8000
[mtlr]   out: 0000010002490000 00000001110e8000 0000000104fe1940 0000000000000000
[mtlr]   out: 0000007700000000 0000000000004000 00000000516419e6 00000000000227a7
[mtlr] resource2 sel8 flags 470 sz 0x1000 -> kr 0x00000000 rid 119 GPUVA 0x10002490000 cpu 1110e8000
[mtlr]   out: 0000010002490000 00000001110e8000 0000000104fe1940 0000000000000000
[mtlr]   out: 0000007700000000 0000000000004000 00000000516419e7 00000000000227a8
[mtlr] resource2 sel8 flags 470 sz 0x1000 -> kr 0x00000000 rid 119 GPUVA 0x10002490000 cpu 1110e8000
[mtlr]   out: 0000010002490000 00000001110e8000 0000000104fe1940 0000000000000000
[mtlr]   out: 0000007700000000 0000000000004000 00000000516419e8 00000000000227a9
[mtlr] resource2 sel8 flags 470 sz 0x1000 -> kr 0x00000000 rid 119 GPUVA 0x10002490000 cpu 1110e8000
[mtlr]   out: 0000010002490000 00000001110e8000 0000000104fe1940 0000000000000000
[mtlr]   out: 0000007700000000 0000000000004000 00000000516419e9 00000000000227aa
[mtlr] resource2 sel8 flags 470 sz 0x1000 -> kr 0x00000000 rid 119 GPUVA 0x10002490000 cpu 1110e8000
[mtlr]   out: 0000010002490000 00000001110e8000 0000000104fe1940 0000000000000000
[mtlr]   out: 0000007700000000 0000000000004000 00000000516419eb 00000000000227ab
[mtlr] resource2 sel8 flags 470 sz 0x1000 -> kr 0x00000000 rid 119 GPUVA 0x10002490000 cpu 1110e8000
[mtlr]   out: 0000010002490000 00000001110e8000 0000000104fe1940 0000000000000000
[mtlr]   out: 0000007700000000 0000000000004000 00000000516419ec 00000000000227ac
[mtlr] resource2 sel8 flags 470 sz 0x1000 -> kr 0x00000000 rid 119 GPUVA 0x10002490000 cpu 1110e8000
[mtlr]   out: 0000010002490000 00000001110e8000 0000000104fe1940 0000000000000000
[mtlr]   out: 0000007700000000 0000000000004000 00000000516419ed 00000000000227ad
[mtlr] resource2 sel8 flags 470 sz 0x1000 -> kr 0x00000000 rid 119 GPUVA 0x10002490000 cpu 1110e8000
[mtlr]   out: 0000010002490000 00000001110e8000 0000000104fe1940 0000000000000000
[mtlr]   out: 0000007700000000 0000000000004000 00000000516419ee 00000000000227ae
[mtlr] resource2 sel8 flags 470 sz 0x1000 -> kr 0x00000000 rid 119 GPUVA 0x10002490000 cpu 1110e8000
[mtlr]   out: 0000010002490000 00000001110e8000 0000000104fe1940 0000000000000000
[mtlr]   out: 0000007700000000 0000000000004000 00000000516419ef 00000000000227af
[mtlr] resource2 sel8 flags 470 sz 0x1000 -> kr 0x00000000 rid 119 GPUVA 0x10002490000 cpu 1110e8000
[mtlr]   out: 0000010002490000 00000001110e8000 0000000104fe1940 0000000000000000
[mtlr]   out: 0000007700000000 0000000000004000 00000000516419f0 00000000000227b0
[mtlr] resource2 sel8 flags 470 sz 0x1000 -> kr 0x00000000 rid 119 GPUVA 0x10002490000 cpu 1110e8000
[mtlr]   out: 0000010002490000 00000001110e8000 0000000104fe1940 0000000000000000
[mtlr]   out: 0000007700000000 0000000000004000 00000000516419f1 00000000000227b1
[mtlr] resource2 sel8 flags 470 sz 0x1000 -> kr 0x00000000 rid 119 GPUVA 0x10002490000 cpu 1110e8000
[mtlr]   out: 0000010002490000 00000001110e8000 0000000104fe1940 0000000000000000
[mtlr]   out: 0000007700000000 0000000000004000 00000000516419f2 00000000000227b2
[mtlr] resource2 sel8 flags 470 sz 0x1000 -> kr 0x00000000 rid 119 GPUVA 0x10002490000 cpu 1110e8000
[mtlr]   out: 0000010002490000 00000001110e8000 0000000104fe1940 0000000000000000
[mtlr]   out: 0000007700000000 0000000000004000 00000000516419f3 00000000000227b3
[mtlr] resource2 sel8 flags 470 sz 0x1000 -> kr 0x00000000 rid 119 GPUVA 0x10002490000 cpu 1110e8000
[mtlr]   out: 0000010002490000 00000001110e8000 0000000104fe1940 0000000000000000
[mtlr]   out: 0000007700000000 0000000000004000 00000000516419f4 00000000000227b4
[mtlr] resource2 sel8 flags 470 sz 0x1000 -> kr 0x00000000 rid 119 GPUVA 0x10002490000 cpu 1110e8000
[mtlr]   out: 0000010002490000 00000001110e8000 0000000104fe1940 0000000000000000
[mtlr]   out: 0000007700000000 0000000000004000 00000000516419f5 00000000000227b5
[ptl] spray done: nvv 8 ncb 8 destroy0 kr 0x00000000 nj 40
[ptl] deliberate SIGSEGV now — relaunch with FUZZ_PTLEAK=scan
