[main] fuzz harness up, mode=scaler
[main] sandbox note: VCPDRM open is MACF-denied (iokit-open-user-client VCPDRMUserClient); mach-lookup com.apple.sprr / com.apple.jitbox exist but are sandbox-gated (seen in kernel log)
[open] AppleM2ScalerCSCDriver -> conn 0x7a03
[scaler] conn 0x7a03, s1 12 s2 13
[probe12] SetNotificationPort -> 0x00000000
[mtlr2] v84 matrix: {nq entrySize} x {trap entrySize}, capture-faithful
[open] IOGPU -> conn 0x7103
[mtlr2] sel14 {0x100, 0x10} -> kr 0x00000000 nqVA 1004cc000 nqid 1 osz 0x10
[mtlr2] queue: kr 0x00000000 qid 1 bind 0x00000000 notifport 0x00000000 proc 'fuzz27'
[mtlr] resource2 sel8 flags 470 sz 0x10000 -> kr 0x00000000 rid 1 GPUVA 0x10000000000 cpu 1004d8000
[mtlr]   out: 0000010000000000 00000001004d8000 00000001004b80c0 0000000000000000
[mtlr]   out: 0000000100000000 0000000000010000 000000000905c18e 0000000000002e31
[mtlr] resource2 sel8 flags 470 sz 0x10000 -> kr 0x00000000 rid 2 GPUVA 0x10000018000 cpu 1004e8000
[mtlr]   out: 0000010000018000 00000001004e8000 00000001004b8180 0000000000000000
[mtlr]   out: 0000000200000000 0000000000010000 000000000905c18f 0000000000002e32
[mtlr] resource2 sel8 flags 470 sz 0x20000 -> kr 0x00000000 rid 3 GPUVA 0x10000030000 cpu 1004f8000
[mtlr]   out: 0000010000030000 00000001004f8000 00000001004b8240 0000000000000000
[mtlr]   out: 0000000300000000 0000000000020000 000000000905c193 0000000000002e33
[mtlr2] GPUVA A 10000000000 B 10000018000 C 10000030000 (capture match 1/1/1)
[mtlr] sel12 size 0x4000 type 0 -> kr 0x00000000 va 1004d4000 id 1
[mtlr] sel12 size 0x4000 type 1 -> kr 0x00000000 va 100518000 id 2
[mtlr2] seg hdr: 0000000000000000 0000000000000000 0000000000000000 0000000000000000
[mtlr2]          0000000000000000 0000000000000000 0000000000000000 0000000000000000
[mtlr2] cmd hdr: 0000000000000000 0000000000000000 0000000000000000 0000000000000000
[mtlr2]          0000000000000000 0000000000000000 0000000000000000 0000000000000000
[mtlr2] nq base: 0000000000001414 0000000000000000 0000000000000000 0000000000000000
[mtlr2] nq10/trap30 -> kr 0x00000000 outU32 00000000 | rec off 0 status 0xf4a80cee | B(sampled) nz 0 5A 0 
[mtlr2]   rec@0: 0000000000001414 000000280000002c 0000000100520000 00000035f4a80cee
[mtlr2]   nq+000: 14 14 00 00 00 00 00 00 58 00 00 00 28 00 00 00
[mtlr2]   nq+010: 00 00 52 00 01 00 00 00 ee 0c a8 f4 35 00 00 00
[mtlr2]   nq+020: 30 2f df f4 35 00 00 00 00 00 00 00 00 00 00 00
[mtlr2]   nq+030: 00 00 00 00 00 00 00 00 28 00 00 00 30 00 52 00
[mtlr2]   nq+040: 01 00 00 00 2f 36 df f4 35 00 00 00 e1 18 fc f4
[mtlr2]   nq+050: 35 00 00 00 05 00 00 00 00 00 00 00 00 00 00 00
[mtlr2]   nq+060: 00 00 00 00 00 00 00 00 00 00 00 00 00 00 00 00
[mtlr2]   nq+070: 00 00 00 00 00 00 00 00 00 00 00 00 00 00 00 00
[mtlr2]   nq+080: 00 00 00 00 00 00 00 00 00 00 00 00 00 00 00 00
[mtlr2]   nq+090: 00 00 00 00 00 00 00 00 00 00 00 00 00 00 00 00
[mtlr2]   nq+0a0: 00 00 00 00 00 00 00 00 00 00 00 00 00 00 00 00
[mtlr2]   nq+0b0: 00 00 00 00 00 00 00 00 00 00 00 00 00 00 00 00
[mtlr2]   nq+0c0: 00 00 00 00 00 00 00 00 00 00 00 00 00 00 00 00
[mtlr2]   nq+0d0: 00 00 00 00 00 00 00 00 00 00 00 00 00 00 00 00
[mtlr2]   nq+0e0: 00 00 00 00 00 00 00 00 00 00 00 00 00 00 00 00
[mtlr2]   nq+0f0: 00 00 00 00 00 00 00 00 00 00 00 00 00 00 00 00
[mtlr2]   comp: 0000000000000000 0000000000000000 | comp+30: 0000000000000000 0000000000000000 | outw[1] 00000000
[mtlr2] nq10/trap40 -> kr 0x00000000 outU32 00000000 | rec off 0 status 0xf4a80cee | B(sampled) nz 0 5A 0 
[mtlr2]   rec@0: 0000000000001414 00000028000000b0 0000000100520000 00000035f4a80cee
[mtlr2]   nq+000: 14 14 00 00 00 00 00 00 b0 00 00 00 28 00 00 00
[mtlr2]   nq+010: 00 00 52 00 01 00 00 00 ee 0c a8 f4 35 00 00 00
[mtlr2]   nq+020: 30 2f df f4 35 00 00 00 00 00 00 00 00 00 00 00
[mtlr2]   nq+030: 00 00 00 00 00 00 00 00 28 00 00 00 30 00 52 00
[mtlr2]   nq+040: 01 00 00 00 2f 36 df f4 35 00 00 00 e1 18 fc f4
[mtlr2]   nq+050: 35 00 00 00 05 00 00 00 00 00 00 00 00 00 00 00
[mtlr2]   nq+060: 00 00 00 00 28 00 00 00 00 00 52 00 01 00 00 00
[mtlr2]   nq+070: d2 36 54 f5 35 00 00 00 53 e4 54 f5 35 00 00 00
[mtlr2]   nq+080: 00 00 00 00 00 00 00 00 00 00 00 00 00 00 00 00
[mtlr2]   nq+090: 28 00 00 00 30 00 52 00 01 00 00 00 71 e6 54 f5
[mtlr2]   nq+0a0: 35 00 00 00 53 06 79 f5 35 00 00 00 05 00 00 00
[mtlr2]   nq+0b0: 00 00 00 00 00 00 00 00 00 00 00 00 00 00 00 00
[mtlr2]   nq+0c0: 00 00 00 00 00 00 00 00 00 00 00 00 00 00 00 00
[mtlr2]   nq+0d0: 00 00 00 00 00 00 00 00 00 00 00 00 00 00 00 00
[mtlr2]   nq+0e0: 00 00 00 00 00 00 00 00 00 00 00 00 00 00 00 00
[mtlr2]   nq+0f0: 00 00 00 00 00 00 00 00 00 00 00 00 00 00 00 00
[mtlr2]   comp: 0000000000000000 0000000000000000 | comp+30: 0000000000000000 0000000000000000 | outw[1] 00000000
[open] IOGPU -> conn 0x7023
[mtlr2] sel14 {0x100, 0x28} -> kr 0x00000000 nqVA 100540000 nqid 1 osz 0x10
[mtlr2] queue: kr 0x00000000 qid 1 bind 0x00000000 notifport 0x00000000 proc 'fuzz27'
[mtlr] resource2 sel8 flags 470 sz 0x10000 -> kr 0x00000000 rid 1 GPUVA 0x10000000000 cpu 10054c000
[mtlr]   out: 0000010000000000 000000010054c000 000000010052c0c0 0000000000000000
[mtlr]   out: 0000000100000000 0000000000010000 000000000905c1fb 0000000000002e63
[mtlr] resource2 sel8 flags 470 sz 0x10000 -> kr 0x00000000 rid 2 GPUVA 0x10000018000 cpu 10055c000
[mtlr]   out: 0000010000018000 000000010055c000 000000010052c180 0000000000000000
[mtlr]   out: 0000000200000000 0000000000010000 000000000905c1fc 0000000000002e64
[mtlr] resource2 sel8 flags 470 sz 0x20000 -> kr 0x00000000 rid 3 GPUVA 0x10000030000 cpu 10056c000
[mtlr]   out: 0000010000030000 000000010056c000 000000010052c240 0000000000000000
[mtlr]   out: 0000000300000000 0000000000020000 000000000905c1fd 0000000000002e65
[mtlr2] GPUVA A 10000000000 B 10000018000 C 10000030000 (capture match 1/1/1)
[mtlr] sel12 size 0x4000 type 0 -> kr 0x00000000 va 100548000 id 1
[mtlr] sel12 size 0x4000 type 1 -> kr 0x00000000 va 10058c000 id 2
[mtlr2] seg hdr: 0000000000000000 0000000000000000 0000000000000000 0000000000000000
[mtlr2]          0000000000000000 0000000000000000 0000000000000000 0000000000000000
[mtlr2] cmd hdr: 0000000000000000 0000000000000000 0000000000000000 0000000000000000
[mtlr2]          0000000000000000 0000000000000000 0000000000000000 0000000000000000
[mtlr2] nq base: 0000000000002c2c 0000000000000000 0000000000000000 0000000000000000
[mtlr2] nq28/trap30 -> kr 0x00000000 outU32 00000000 | rec off 0 status 0xf601f898 | B(sampled) nz 0 5A 0 
[mtlr2]   rec@0: 0000000000002c2c 000000280000002c 0000000100594000 00000035f601f898
[mtlr2]   nq+000: 2c 2c 00 00 00 00 00 00 58 00 00 00 28 00 00 00
[mtlr2]   nq+010: 00 40 59 00 01 00 00 00 98 f8 01 f6 35 00 00 00
[mtlr2]   nq+020: 2e c0 1a f6 35 00 00 00 00 00 00 00 00 00 00 00
[mtlr2]   nq+030: 00 00 00 00 00 00 00 00 28 00 00 00 30 40 59 00
[mtlr2]   nq+040: 01 00 00 00 69 c4 1a f6 35 00 00 00 f9 70 3a f6
[mtlr2]   nq+050: 35 00 00 00 05 00 00 00 00 00 00 00 00 00 00 00
[mtlr2]   nq+060: 00 00 00 00 00 00 00 00 00 00 00 00 00 00 00 00
[mtlr2]   nq+070: 00 00 00 00 00 00 00 00 00 00 00 00 00 00 00 00
[mtlr2]   nq+080: 00 00 00 00 00 00 00 00 00 00 00 00 00 00 00 00
[mtlr2]   nq+090: 00 00 00 00 00 00 00 00 00 00 00 00 00 00 00 00
[mtlr2]   nq+0a0: 00 00 00 00 00 00 00 00 00 00 00 00 00 00 00 00
[mtlr2]   nq+0b0: 00 00 00 00 00 00 00 00 00 00 00 00 00 00 00 00
[mtlr2]   nq+0c0: 00 00 00 00 00 00 00 00 00 00 00 00 00 00 00 00
[mtlr2]   nq+0d0: 00 00 00 00 00 00 00 00 00 00 00 00 00 00 00 00
[mtlr2]   nq+0e0: 00 00 00 00 00 00 00 00 00 00 00 00 00 00 00 00
[mtlr2]   nq+0f0: 00 00 00 00 00 00 00 00 00 00 00 00 00 00 00 00
[mtlr2]   comp: 0000000000000000 0000000000000000 | comp+30: 0000000000000000 0000000000000000 | outw[1] 00000000
[mtlr2] nq28/trap40 -> kr 0x00000000 outU32 00000000 | rec off 0 status 0xf601f898 | B(sampled) nz 0 5A 0 
[mtlr2]   rec@0: 0000000000002c2c 0000002800000084 0000000100594000 00000035f601f898
[mtlr2]   nq+000: 2c 2c 00 00 00 00 00 00 b0 00 00 00 28 00 00 00
[mtlr2]   nq+010: 00 40 59 00 01 00 00 00 98 f8 01 f6 35 00 00 00
[mtlr2]   nq+020: 2e c0 1a f6 35 00 00 00 00 00 00 00 00 00 00 00
[mtlr2]   nq+030: 00 00 00 00 00 00 00 00 28 00 00 00 30 40 59 00
[mtlr2]   nq+040: 01 00 00 00 69 c4 1a f6 35 00 00 00 f9 70 3a f6
[mtlr2]   nq+050: 35 00 00 00 05 00 00 00 00 00 00 00 00 00 00 00
[mtlr2]   nq+060: 00 00 00 00 28 00 00 00 00 40 59 00 01 00 00 00
[mtlr2]   nq+070: 7a 78 7d f6 35 00 00 00 a7 b6 7d f6 35 00 00 00
[mtlr2]   nq+080: 00 00 00 00 00 00 00 00 00 00 00 00 00 00 00 00
[mtlr2]   nq+090: 28 00 00 00 30 40 59 00 01 00 00 00 77 b7 7d f6
[mtlr2]   nq+0a0: 35 00 00 00 a3 97 a5 f6 35 00 00 00 05 00 00 00
[mtlr2]   nq+0b0: 00 00 00 00 00 00 00 00 00 00 00 00 00 00 00 00
[mtlr2]   nq+0c0: 00 00 00 00 00 00 00 00 00 00 00 00 00 00 00 00
[mtlr2]   nq+0d0: 00 00 00 00 00 00 00 00 00 00 00 00 00 00 00 00
[mtlr2]   nq+0e0: 00 00 00 00 00 00 00 00 00 00 00 00 00 00 00 00
[mtlr2]   nq+0f0: 00 00 00 00 00 00 00 00 00 00 00 00 00 00 00 00
[mtlr2]   comp: 0000000000000000 0000000000000000 | comp+30: 0000000000000000 0000000000000000 | outw[1] 00000000
[mtlr2] done (alive)
[mtlr] Metal-format replay: format-B resources + 6-pack segment list
[open] IOGPU -> conn 0x6b0b
[mtlr] setup: nq 1 qid 1
[mtlr] resource2 sel8 flags 470 sz 0x10000 -> kr 0x00000000 rid 1 GPUVA 0x10000000000 cpu 1004e4000
[mtlr]   out: 0000010000000000 00000001004e4000 00000001004b80c0 0000000000000000
[mtlr]   out: 0000000100000000 0000000000010000 000000000905c27c 0000000000002e93
[mtlr] resource2 sel8 flags 470 sz 0x10000 -> kr 0x00000000 rid 2 GPUVA 0x10000018000 cpu 1004f4000
[mtlr]   out: 0000010000018000 00000001004f4000 00000001004b8180 0000000000000000
[mtlr]   out: 0000000200000000 0000000000010000 000000000905c27d 0000000000002e94
[mtlr] resource2 sel8 flags 470 sz 0x20000 -> kr 0x00000000 rid 3 GPUVA 0x10000030000 cpu 100598000
[mtlr]   out: 0000010000030000 0000000100598000 00000001004b8240 0000000000000000
[mtlr]   out: 0000000300000000 0000000000020000 000000000905c27e 0000000000002e95
[mtlr] A: rid 1 GPUVA 0x10000000000 cpu 0x1004e4000 | B: rid 2 GPUVA 0x10000018000 cpu 0x1004f4000 | C: rid 3 GPUVA 0x10000030000 cpu 0x100598000
[mtlr] space-0x1 check: A 1 B 1 C 1 (hi dword 0x100 expected)
[mtlr] capture-offset check: A==0x1_00000000:1 B==0x1_00018000:1 C==0x1_00030000:1
[mtlr] assets: captured contents loaded
[mtlr] sel12 size 0x4000 type 0 -> kr 0x00000000 va 1004e0000 id 1
[mtlr] sel12 size 0x4000 type 1 -> kr 0x00000000 va 100504000 id 2
[s4] sel12 size 0x4000 -> kr 0x00000000 va 100508000 id 3
[mtlr] FULL t1 u3 -> kr 0x00000000 outw 00000000 post{17:e00002c2 15:e00002c2/00000000} | B(sampled): nonzero 0, 0x5A 0 (no write)
[mtlr] B[0..15] 00 00 00 00 00 00 00 00 00 00 00 00 00 00 00 00
[mtlr] comp: 0000000000000000 0000000000000000 0000000000000000 0000000000000000 | comp+30: 0000000000000000 0000000000000000
[mtlr] FULL t0 u3 -> kr 0x00000000 outw 00000000 post{17:e00002c2 15:e00002c2/e00002c2} | B(sampled): nonzero 0, 0x5A 0 (no write)
[mtlr] B[0..15] 00 00 00 00 00 00 00 00 00 00 00 00 00 00 00 00
[mtlr] comp: 0000000000000000 0000000000000000 0000000000000000 0000000000000000 | comp+30: 0000000000000000 0000000000000000
[mtlr] FULL t1 u6 -> kr 0x00000000 outw 00000009 post{17:e00002c2 15:e00002c2/e00002c2} | B(sampled): nonzero 0, 0x5A 0 (no write)
[mtlr] B[0..15] 00 00 00 00 00 00 00 00 00 00 00 00 00 00 00 00
[mtlr] comp: 0000000000000000 0000000000000000 0000000000000000 0000000000000000 | comp+30: 0000000000000000 0000000000000000
[mtlr] combo S1 capseg+6pk u3 -> kr 0x00000000 outw 00000000 | B: nonzero 0, pattern(0x41) 0 / 0x10000 (no write)
[mtlr] B[0..15] 00 00 00 00 00 00 00 00 00 00 00 00 00 00 00 00
[mtlr] combo S2 S1+residnop -> kr 0x00000000 outw 0000000a | B: nonzero 0, pattern(0x41) 0 / 0x10000 (no write)
[mtlr] B[0..15] 00 00 00 00 00 00 00 00 00 00 00 00 00 00 00 00
[mtlr] combo S3 S1 cmdtype1 -> kr 0x00000000 outw 00000000 | B: nonzero 0, pattern(0x41) 0 / 0x10000 (no write)
[mtlr] B[0..15] 00 00 00 00 00 00 00 00 00 00 00 00 00 00 00 00
[mtlr] combo S4 S1 uFFFF -> kr 0x00000000 outw 00000009 | B: nonzero 0, pattern(0x41) 0 / 0x10000 (no write)
[mtlr] B[0..15] 00 00 00 00 00 00 00 00 00 00 00 00 00 00 00 00
[mtlr] combo S5 S1 noaux no20 -> kr 0x00000000 outw 00000000 | B: nonzero 0, pattern(0x41) 0 / 0x10000 (no write)
[mtlr] B[0..15] 00 00 00 00 00 00 00 00 00 00 00 00 00 00 00 00
[mtlr] combo S6 handseg u3 -> kr 0x00000000 outw 0000000a | B: nonzero 0, pattern(0x41) 0 / 0x10000 (no write)
[mtlr] B[0..15] 00 00 00 00 00 00 00 00 00 00 00 00 00 00 00 00
[mtlr] combo S7 handseg cmdtype1 bare -> kr 0x00000000 outw 0000000a | B: nonzero 0, pattern(0x41) 0 / 0x10000 (no write)
[mtlr] B[0..15] 00 00 00 00 00 00 00 00 00 00 00 00 00 00 00 00
[mtlr] combo S8 handseg t1 resid uFFFF -> kr 0x00000000 outw 0000000a | B: nonzero 0, pattern(0x41) 0 / 0x10000 (no write)
[mtlr] B[0..15] 00 00 00 00 00 00 00 00 00 00 00 00 00 00 00 00
[mtlr] done (alive)
[v80] GPUVA-correct blit redirect
[open] IOGPU -> conn 0x6307
[gw] flagged resource: kr 0x00000000 rid 1 GPUVA 0x10000000000 (cpuptr 0)
[s4] sel12 size 0x4000 -> kr 0x00000000 va 100570000 id 1
[s4] sel12 size 0x4000 -> kr 0x00000000 va 100578000 id 2
[gw] submit GPUVA 0x10000000000 -> kr 0x00000000 outw 00000000
[gw] *** target 0x5A bytes: 0 / 0x10000 (no write)
[v80] done (alive)
[v79] isolated kill-shot loop (watch screen!)
[open] AppleM2ScalerCSCDriver -> conn 0xf0b
[ks] shot 0 -> kr 0xe00002d6
[ks] shot 1 -> kr 0xe00002d6
[ks] shot 2 -> kr 0xe00002d6
