[main] fuzz harness up, mode=all
[main] sandbox note: VCPDRM open is MACF-denied (iokit-open-user-client VCPDRMUserClient); mach-lookup com.apple.sprr / com.apple.jitbox exist but are sandbox-gated (seen in kernel log)
[open] IOServiceOpen VCPDRMService failed: 0xe00002e2
[open] service VCPDRMServiceUserClient not found
[vcpdrm] no connection, target dead
[mig] bootstrap-name phase done; add learned names to cand_names[]
[open] AppleM2ScalerCSCDriver -> conn 0x5e03
[scaler] conn 0x5e03, s1 22 s2 23
[probe12] SetNotificationPort -> 0x00000000
[mtlr2] v84 matrix: {nq entrySize} x {trap entrySize}, capture-faithful
[open] IOGPU -> conn 0x7313
[mtlr2] sel14 {0x100, 0x10} -> kr 0x00000000 nqVA 104bfc000 nqid 1 osz 0x10
[mtlr2] queue: kr 0x00000000 qid 1 bind 0x00000000 notifport 0x00000000 proc 'fuzz27'
[mtlr] resource2 sel8 flags 470 sz 0x10000 -> kr 0x00000000 rid 1 GPUVA 0x10000000000 cpu 104c08000
[mtlr]   out: 0000010000000000 0000000104c08000 0000000104b300c0 0000000000000000
[mtlr]   out: 0000000100000000 0000000000010000 000000023612362f 0000000000362f9d
[mtlr] resource2 sel8 flags 470 sz 0x10000 -> kr 0x00000000 rid 2 GPUVA 0x10000018000 cpu 104c18000
[mtlr]   out: 0000010000018000 0000000104c18000 0000000104b30180 0000000000000000
[mtlr]   out: 0000000200000000 0000000000010000 0000000236123630 0000000000362f9e
[mtlr] resource2 sel8 flags 470 sz 0x20000 -> kr 0x00000000 rid 3 GPUVA 0x10000030000 cpu 104fb8000
[mtlr]   out: 0000010000030000 0000000104fb8000 0000000104b30240 0000000000000000
[mtlr]   out: 0000000300000000 0000000000020000 0000000236123631 0000000000362f9f
[mtlr2] GPUVA A 10000000000 B 10000018000 C 10000030000 (capture match 1/1/1)
[mtlr] sel12 size 0x4000 type 0 -> kr 0x00000000 va 104c04000 id 1
[mtlr] sel12 size 0x4000 type 1 -> kr 0x00000000 va 104c28000 id 2
[mtlr2] seg hdr: 0000000000000000 0000000000000000 0000000000000000 0000000000000000
[mtlr2]          0000000000000000 0000000000000000 0000000000000000 0000000000000000
[mtlr2] cmd hdr: 0000000000000000 0000000000000000 0000000000000000 0000000000000000
[mtlr2]          0000000000000000 0000000000000000 0000000000000000 0000000000000000
[mtlr2] nq base: 0000000000001414 0000000000000000 0000000000000000 0000000000000000
[mtlr2] nq10/trap30 -> kr 0x00000000 outU32 00000000 | rec off 0 status 0x744c90e2 | B(sampled) nz 0 5A 0 
[mtlr2]   rec@0: 0000000000001414 000000280000002c 0000000104c30000 00012cd0744c90e2
[mtlr2]   nq+000: 14 14 00 00 00 00 00 00 58 00 00 00 28 00 00 00
[mtlr2]   nq+010: 00 00 c3 04 01 00 00 00 e2 90 4c 74 d0 2c 01 00
[mtlr2]   nq+020: 55 d5 a1 74 d0 2c 01 00 00 00 00 00 00 00 00 00
[mtlr2]   nq+030: 00 00 00 00 00 00 00 00 28 00 00 00 30 00 c3 04
[mtlr2]   nq+040: 01 00 00 00 19 d8 a1 74 d0 2c 01 00 43 84 c5 74
[mtlr2]   nq+050: d0 2c 01 00 05 00 00 00 00 00 00 00 00 00 00 00
[mtlr2]   nq+060: 00 00 00 00 00 00 00 00 00 00 00 00 00 00 00 00
[mtlr2]   nq+070: 00 00 00 00 00 00 00 00 00 00 00 00 00 00 00 00
[mtlr2]   nq+080: 00 00 00 00 00 00 00 00 00 00 00 00 00 00 00 00
[mtlr2]   nq+090: 00 00 00 00 00 00 00 00 00 00 00 00 00 00 00 00
[mtlr2]   nq+0a0: 00 00 00 00 00 00 00 00 00 00 00 00 00 00 00 00
[mtlr2]   nq+0b0: 00 00 00 00 00 00 00 00 00 00 00 00 00 00 00 00
[mtlr2]   nq+0c0: 00 00 00 00 00 00 00 00 00 00 00 00 00 00 00 00
[mtlr2]   nq+0d0: 00 00 00 00 00 00 00 00 00 00 00 00 00 00 00 00
[mtlr2]   nq+0e0: 00 00 00 00 00 00 00 00 00 00 00 00 00 00 00 00
[mtlr2]   nq+0f0: 00 00 00 00 00 00 00 00 00 00 00 00 00 00 00 00
[mtlr2]   comp: 0000000000000000 0000000000000000 | comp+30: 0000000000000000 0000000000000000 | outw[1] 00000000
[mtlr2] nq10/trap40 -> kr 0x00000000 outU32 00000000 | rec off 0 status 0x744c90e2 | B(sampled) nz 0 5A 0 
[mtlr2]   rec@0: 0000000000001414 0000002800000084 0000000104c30000 00012cd0744c90e2
[mtlr2]   nq+000: 14 14 00 00 00 00 00 00 b0 00 00 00 28 00 00 00
[mtlr2]   nq+010: 00 00 c3 04 01 00 00 00 e2 90 4c 74 d0 2c 01 00
[mtlr2]   nq+020: 55 d5 a1 74 d0 2c 01 00 00 00 00 00 00 00 00 00
[mtlr2]   nq+030: 00 00 00 00 00 00 00 00 28 00 00 00 30 00 c3 04
[mtlr2]   nq+040: 01 00 00 00 19 d8 a1 74 d0 2c 01 00 43 84 c5 74
[mtlr2]   nq+050: d0 2c 01 00 05 00 00 00 00 00 00 00 00 00 00 00
[mtlr2]   nq+060: 00 00 00 00 28 00 00 00 00 00 c3 04 01 00 00 00
[mtlr2]   nq+070: d6 8f 08 75 d0 2c 01 00 da 35 09 75 d0 2c 01 00
[mtlr2]   nq+080: 00 00 00 00 00 00 00 00 00 00 00 00 00 00 00 00
[mtlr2]   nq+090: 28 00 00 00 30 00 c3 04 01 00 00 00 a4 37 09 75
[mtlr2]   nq+0a0: d0 2c 01 00 2d da 2b 75 d0 2c 01 00 05 00 00 00
[mtlr2]   nq+0b0: 00 00 00 00 00 00 00 00 00 00 00 00 00 00 00 00
[mtlr2]   nq+0c0: 00 00 00 00 00 00 00 00 00 00 00 00 00 00 00 00
[mtlr2]   nq+0d0: 00 00 00 00 00 00 00 00 00 00 00 00 00 00 00 00
[mtlr2]   nq+0e0: 00 00 00 00 00 00 00 00 00 00 00 00 00 00 00 00
[mtlr2]   nq+0f0: 00 00 00 00 00 00 00 00 00 00 00 00 00 00 00 00
[mtlr2]   comp: 0000000000000000 0000000000000000 | comp+30: 0000000000000000 0000000000000000 | outw[1] 00000000
[open] IOGPU -> conn 0x6b1b
[mtlr2] sel14 {0x100, 0x28} -> kr 0x00000000 nqVA 104ff4000 nqid 1 osz 0x10
[mtlr2] queue: kr 0x00000000 qid 1 bind 0x00000000 notifport 0x00000000 proc 'fuzz27'
[mtlr] resource2 sel8 flags 470 sz 0x10000 -> kr 0x00000000 rid 1 GPUVA 0x10000000000 cpu 109550000
[mtlr]   out: 0000010000000000 0000000109550000 0000000104fe00c0 0000000000000000
[mtlr]   out: 0000000100000000 0000000000010000 00000002361236d1 0000000000362ffb
[mtlr] resource2 sel8 flags 470 sz 0x10000 -> kr 0x00000000 rid 2 GPUVA 0x10000018000 cpu 109560000
[mtlr]   out: 0000010000018000 0000000109560000 0000000104fe0180 0000000000000000
[mtlr]   out: 0000000200000000 0000000000010000 00000002361236d2 0000000000362ffc
[mtlr] resource2 sel8 flags 470 sz 0x20000 -> kr 0x00000000 rid 3 GPUVA 0x10000030000 cpu 109570000
[mtlr]   out: 0000010000030000 0000000109570000 0000000104fe0240 0000000000000000
[mtlr]   out: 0000000300000000 0000000000020000 00000002361236d3 0000000000362ffd
[mtlr2] GPUVA A 10000000000 B 10000018000 C 10000030000 (capture match 1/1/1)
[mtlr] sel12 size 0x4000 type 0 -> kr 0x00000000 va 10954c000 id 1
[mtlr] sel12 size 0x4000 type 1 -> kr 0x00000000 va 109590000 id 2
[mtlr2] seg hdr: 0000000000000000 0000000000000000 0000000000000000 0000000000000000
[mtlr2]          0000000000000000 0000000000000000 0000000000000000 0000000000000000
[mtlr2] cmd hdr: 0000000000000000 0000000000000000 0000000000000000 0000000000000000
[mtlr2]          0000000000000000 0000000000000000 0000000000000000 0000000000000000
[mtlr2] nq base: 0000000000002c2c 0000000000000000 0000000000000000 0000000000000000
[mtlr2] nq28/trap30 -> kr 0x00000000 outU32 00000000 | rec off 0 status 0x75742d7a | B(sampled) nz 0 5A 0 
[mtlr2]   rec@0: 0000000000002c2c 000000280000002c 0000000109598000 00012cd075742d7a
[mtlr2]   nq+000: 2c 2c 00 00 00 00 00 00 58 00 00 00 28 00 00 00
[mtlr2]   nq+010: 00 80 59 09 01 00 00 00 7a 2d 74 75 d0 2c 01 00
[mtlr2]   nq+020: 59 39 91 75 d0 2c 01 00 00 00 00 00 00 00 00 00
[mtlr2]   nq+030: 00 00 00 00 00 00 00 00 28 00 00 00 30 80 59 09
[mtlr2]   nq+040: 01 00 00 00 a7 3a 91 75 d0 2c 01 00 95 f8 ae 75
[mtlr2]   nq+050: d0 2c 01 00 05 00 00 00 00 00 00 00 00 00 00 00
[mtlr2]   nq+060: 00 00 00 00 00 00 00 00 00 00 00 00 00 00 00 00
[mtlr2]   nq+070: 00 00 00 00 00 00 00 00 00 00 00 00 00 00 00 00
[mtlr2]   nq+080: 00 00 00 00 00 00 00 00 00 00 00 00 00 00 00 00
[mtlr2]   nq+090: 00 00 00 00 00 00 00 00 00 00 00 00 00 00 00 00
[mtlr2]   nq+0a0: 00 00 00 00 00 00 00 00 00 00 00 00 00 00 00 00
[mtlr2]   nq+0b0: 00 00 00 00 00 00 00 00 00 00 00 00 00 00 00 00
[mtlr2]   nq+0c0: 00 00 00 00 00 00 00 00 00 00 00 00 00 00 00 00
[mtlr2]   nq+0d0: 00 00 00 00 00 00 00 00 00 00 00 00 00 00 00 00
[mtlr2]   nq+0e0: 00 00 00 00 00 00 00 00 00 00 00 00 00 00 00 00
[mtlr2]   nq+0f0: 00 00 00 00 00 00 00 00 00 00 00 00 00 00 00 00
[mtlr2]   comp: 0000000000000000 0000000000000000 | comp+30: 0000000000000000 0000000000000000 | outw[1] 00000000
[mtlr2] nq28/trap40 -> kr 0x00000000 outU32 00000000 | rec off 0 status 0x75742d7a | B(sampled) nz 0 5A 0 
[mtlr2]   rec@0: 0000000000002c2c 0000002800000084 0000000109598000 00012cd075742d7a
[mtlr2]   nq+000: 2c 2c 00 00 00 00 00 00 b0 00 00 00 28 00 00 00
[mtlr2]   nq+010: 00 80 59 09 01 00 00 00 7a 2d 74 75 d0 2c 01 00
[mtlr2]   nq+020: 59 39 91 75 d0 2c 01 00 00 00 00 00 00 00 00 00
[mtlr2]   nq+030: 00 00 00 00 00 00 00 00 28 00 00 00 30 80 59 09
[mtlr2]   nq+040: 01 00 00 00 a7 3a 91 75 d0 2c 01 00 95 f8 ae 75
[mtlr2]   nq+050: d0 2c 01 00 05 00 00 00 00 00 00 00 00 00 00 00
[mtlr2]   nq+060: 00 00 00 00 28 00 00 00 00 80 59 09 01 00 00 00
[mtlr2]   nq+070: c7 10 f6 75 d0 2c 01 00 e8 50 f6 75 d0 2c 01 00
[mtlr2]   nq+080: 00 00 00 00 00 00 00 00 00 00 00 00 00 00 00 00
[mtlr2]   nq+090: 28 00 00 00 30 80 59 09 01 00 00 00 b8 51 f6 75
[mtlr2]   nq+0a0: d0 2c 01 00 e0 31 16 76 d0 2c 01 00 05 00 00 00
[mtlr2]   nq+0b0: 00 00 00 00 00 00 00 00 00 00 00 00 00 00 00 00
[mtlr2]   nq+0c0: 00 00 00 00 00 00 00 00 00 00 00 00 00 00 00 00
[mtlr2]   nq+0d0: 00 00 00 00 00 00 00 00 00 00 00 00 00 00 00 00
[mtlr2]   nq+0e0: 00 00 00 00 00 00 00 00 00 00 00 00 00 00 00 00
[mtlr2]   nq+0f0: 00 00 00 00 00 00 00 00 00 00 00 00 00 00 00 00
[mtlr2]   comp: 0000000000000000 0000000000000000 | comp+30: 0000000000000000 0000000000000000 | outw[1] 00000000
[mtlr2] done (alive)
[mtlr] Metal-format replay: format-B resources + 6-pack segment list
[open] IOGPU -> conn 0x6e07
[mtlr] setup: nq 1 qid 1
[mtlr] resource2 sel8 flags 470 sz 0x10000 -> kr 0x00000000 rid 1 GPUVA 0x10000000000 cpu 104c14000
[mtlr]   out: 0000010000000000 0000000104c14000 0000000104b300c0 0000000000000000
[mtlr]   out: 0000000100000000 0000000000010000 0000000236123749 000000000036302a
[mtlr] resource2 sel8 flags 470 sz 0x10000 -> kr 0x00000000 rid 2 GPUVA 0x10000018000 cpu 104fb8000
[mtlr]   out: 0000010000018000 0000000104fb8000 0000000104b30180 0000000000000000
[mtlr]   out: 0000000200000000 0000000000010000 000000023612374a 000000000036302b
[mtlr] resource2 sel8 flags 470 sz 0x20000 -> kr 0x00000000 rid 3 GPUVA 0x10000030000 cpu 10959c000
[mtlr]   out: 0000010000030000 000000010959c000 0000000104b30240 0000000000000000
[mtlr]   out: 0000000300000000 0000000000020000 000000023612374b 000000000036302c
[mtlr] A: rid 1 GPUVA 0x10000000000 cpu 0x104c14000 | B: rid 2 GPUVA 0x10000018000 cpu 0x104fb8000 | C: rid 3 GPUVA 0x10000030000 cpu 0x10959c000
[mtlr] space-0x1 check: A 1 B 1 C 1 (hi dword 0x100 expected)
[mtlr] capture-offset check: A==0x1_00000000:1 B==0x1_00018000:1 C==0x1_00030000:1
[mtlr] assets: captured contents loaded
[mtlr] sel12 size 0x4000 type 0 -> kr 0x00000000 va 104c10000 id 1
[mtlr] sel12 size 0x4000 type 1 -> kr 0x00000000 va 104c24000 id 2
[s4] sel12 size 0x4000 -> kr 0x00000000 va 104c28000 id 3
[mtlr] FULL t1 u3 -> kr 0x00000000 outw 00000000 post{17:e00002c2 15:e00002c2/00000000} | B(sampled): nonzero 0, 0x5A 0 (no write)
[mtlr] B[0..15] 00 00 00 00 00 00 00 00 00 00 00 00 00 00 00 00
[mtlr] comp: 0000000000000000 0000000000000000 0000000000000000 0000000000000000 | comp+30: 0000000000000000 0000000000000000
[mtlr] FULL t0 u3 -> kr 0x00000000 outw 00000000 post{17:e00002c2 15:e00002c2/e00002c2} | B(sampled): nonzero 0, 0x5A 0 (no write)
[mtlr] B[0..15] 00 00 00 00 00 00 00 00 00 00 00 00 00 00 00 00
[mtlr] comp: 0000000000000000 0000000000000000 0000000000000000 0000000000000000 | comp+30: 0000000000000000 0000000000000000
[mtlr] FULL t1 u6 -> kr 0x00000000 outw 00000009 post{17:e00002c2 15:e00002c2/e00002c2} | B(sampled): nonzero 0, 0x5A 0 (no write)
[mtlr] B[0..15] 00 00 00 00 00 00 00 00 00 00 00 00 00 00 00 00
[mtlr] comp: 0000000000000000 0000000000000000 0000000000000000 0000000000000000 | comp+30: 0000000000000000 0000000000000000
[mtlr] combo S1 capseg+6pk u3 -> kr 0x00000000 outw 00000000 | B: nonzero 0, pattern(0x41) 0 / 0x10000 (no write)
[mtlr] B[0..15] 00 00 00 00 00 00 00 00 00 00 00 00 00 00 00 00
[mtlr] combo S2 S1+residnop -> kr 0x00000000 outw 0000000a | B: nonzero 0, pattern(0x41) 0 / 0x10000 (no write)
[mtlr] B[0..15] 00 00 00 00 00 00 00 00 00 00 00 00 00 00 00 00
[mtlr] combo S3 S1 cmdtype1 -> kr 0x00000000 outw 00000000 | B: nonzero 0, pattern(0x41) 0 / 0x10000 (no write)
[mtlr] B[0..15] 00 00 00 00 00 00 00 00 00 00 00 00 00 00 00 00
[mtlr] combo S4 S1 uFFFF -> kr 0x00000000 outw 00000009 | B: nonzero 0, pattern(0x41) 0 / 0x10000 (no write)
[mtlr] B[0..15] 00 00 00 00 00 00 00 00 00 00 00 00 00 00 00 00
[mtlr] combo S5 S1 noaux no20 -> kr 0x00000000 outw 00000000 | B: nonzero 0, pattern(0x41) 0 / 0x10000 (no write)
[mtlr] B[0..15] 00 00 00 00 00 00 00 00 00 00 00 00 00 00 00 00
[mtlr] combo S6 handseg u3 -> kr 0x00000000 outw 0000000a | B: nonzero 0, pattern(0x41) 0 / 0x10000 (no write)
[mtlr] B[0..15] 00 00 00 00 00 00 00 00 00 00 00 00 00 00 00 00
[mtlr] combo S7 handseg cmdtype1 bare -> kr 0x00000000 outw 0000000a | B: nonzero 0, pattern(0x41) 0 / 0x10000 (no write)
[mtlr] B[0..15] 00 00 00 00 00 00 00 00 00 00 00 00 00 00 00 00
[mtlr] combo S8 handseg t1 resid uFFFF -> kr 0x00000000 outw 0000000a | B: nonzero 0, pattern(0x41) 0 / 0x10000 (no write)
[mtlr] B[0..15] 00 00 00 00 00 00 00 00 00 00 00 00 00 00 00 00
[mtlr] done (alive)
[v80] GPUVA-correct blit redirect
[open] IOGPU -> conn 0x4a13
[gw] flagged resource: kr 0x00000000 rid 1 GPUVA 0x10000000000 (cpuptr 0)
[s4] sel12 size 0x4000 -> kr 0x00000000 va 109574000 id 1
[s4] sel12 size 0x4000 -> kr 0x00000000 va 10957c000 id 2
[gw] submit GPUVA 0x10000000000 -> kr 0x00000000 outw 00000000
[gw] *** target 0x5A bytes: 0 / 0x10000 (no write)
[v80] done (alive)
[v79] isolated kill-shot loop (watch screen!)
[open] AppleM2ScalerCSCDriver -> conn 0x2d0b
[ks] shot 0 -> kr 0xe00002d6
[ks] shot 1 -> kr 0xe00002d6
[ks] shot 2 -> kr 0xe00002d6
[ks] shot 3 -> kr 0xe00002d6
[ks] shot 4 -> kr 0xe00002d6
[ks] shot 5 -> kr 0xe00002d6
[ks] shot 6 -> kr 0xe00002d6
[ks] shot 7 -> kr 0xe00002d6
[ks] shot 8 -> kr 0xe00002d6
[ks] shot 9 -> kr 0xe00002d6
[ks] shot 10 -> kr 0xe00002d6
[ks] shot 11 -> kr 0xe00002d6
[ks] shot 12 -> kr 0xe00002d6
[ks] shot 13 -> kr 0xe00002d6
[ks] shot 14 -> kr 0xe00002d6
[ks] shot 15 -> kr 0xe00002d6
[ks] shot 16 -> kr 0xe00002d6
[ks] shot 17 -> kr 0xe00002d6
[ks] shot 18 -> kr 0xe00002d6
[ks] shot 19 -> kr 0xe00002d6
[ks] shot 20 -> kr 0xe00002d6
[ks] shot 21 -> kr 0xe00002d6
[ks] shot 22 -> kr 0xe00002d6
[ks] shot 23 -> kr 0xe00002d6
[ks] shot 24 -> kr 0xe00002d6
[ks] shot 25 -> kr 0xe00002d6
[ks] shot 26 -> kr 0xe00002d6
