[main] fuzz harness up, mode=scaler
[main] sandbox note: VCPDRM open is MACF-denied (iokit-open-user-client VCPDRMUserClient); mach-lookup com.apple.sprr / com.apple.jitbox exist but are sandbox-gated (seen in kernel log)
[open] AppleM2ScalerCSCDriver -> conn 0x560f
[scaler] conn 0x560f, s1 180 s2 187
[probe12] SetNotificationPort -> 0x00000000
[mtc] v95: live Metal compute cmdbuf mutator (skip 2322 max 0 only 0xffffffffffffffff)
[mtc] library OK, pipeline OK: maxTotalThreadsPerThreadgroup 1024 threadExecutionWidth 32
[mtc] gpuA 0x10000080000
[mtc] baseline kcmd len 0x2d8 (scan window 0x1000)
[mtc] baseline nonzero dwords: 24/0xb6
[mtls] mtc-base+000: 0f 00 00 00 ac 00 00 00 00 00 00 00 00 00 00 00
[mtls] mtc-base+010: 00 00 00 00 00 00 00 00 00 00 00 00 00 00 00 00
[mtls] mtc-base+020: 00 00 00 00 00 00 00 00 00 00 00 00 00 00 00 00
[mtls] mtc-base+030: 00 00 00 00 00 00 00 00 00 00 00 00 00 00 00 00
[mtls] mtc-base+040: 00 00 00 00 00 00 00 00 00 00 00 00 00 00 00 00
[mtls] mtc-base+050: 00 00 00 00 00 00 00 00 00 00 00 00 00 00 00 00
[mtls] mtc-base+060: 00 00 00 00 00 00 00 00 00 00 00 00 00 00 00 00
[mtls] mtc-base+070: 00 00 00 00 00 00 00 00 00 00 00 00 00 00 00 00
[mtls] mtc-base+080: 00 00 00 00 00 00 00 00 00 00 00 00 00 00 00 00
[mtls] mtc-base+090: 00 00 00 00 00 00 00 00 00 00 00 00 00 00 00 00
[mtls] mtc-base+0a0: 00 00 00 00 00 00 00 00 00 00 00 00 00 00 01 00
[mtls] mtc-base+0b0: 30 03 00 00 00 00 00 00 00 00 00 00 00 00 00 00
[mtls] mtc-base+0c0: 00 00 00 00 00 00 00 00 00 00 00 00 00 00 00 00
[mtls] mtc-base+0d0: 00 00 00 00 00 00 00 00 00 00 00 00 00 00 00 00
[mtls] mtc-base+0e0: 00 00 00 00 00 00 00 00 00 00 00 00 00 00 00 00
[mtls] mtc-base+0f0: 00 00 00 00 00 00 00 00 00 00 00 00 00 00 00 00
[mtc] baseline stability: 6 differing dwords (first @0x174) — CASE NUMBERING MAY DRIFT
[mtc] rid: A 1 (next:_allocationType)
[mtc] geometry-field candidates (dword==0x40|0x1000): 0
[mtc] plan: ph1 2002 ph2 1152 ph3 0 ph4 5 ph5 5 (total ~3164 cases)
[mtc] sanity: dispatchThreads grid 4096x1x1 tpt 64x1x1, status 4, 0x42 bytes 4096/4096 (one 0x42 byte per uint32 written), canary-bad 0
[mtls] mtc-sanity-A+000: 42 00 00 00 42 00 00 00 42 00 00 00 42 00 00 00
[mtls] mtc-sanity-A+010: 42 00 00 00 42 00 00 00 42 00 00 00 42 00 00 00
[mtls] mtc-sanity-A+020: 42 00 00 00 42 00 00 00 42 00 00 00 42 00 00 00
[mtls] mtc-sanity-A+030: 42 00 00 00 42 00 00 00 42 00 00 00 42 00 00 00
[mtc] ph1 done: cn 2002 executed 0
[mtc] case #2323 ph2 off 0x170 w8 old 0x13800000000000 -> new 0xc800000000001 slots -1 (bitflip) commit
[mtc] case #2323 -> status 5 err 'Error Domain=MTLCommandBufferErrorDomain Code=1 "Discarded (victim of GPU error/recovery) (00000005:kIOGPUCommandBufferCallbackErrorInnocentVictim)" UserInfo={NSLocalizedDescription=Discarded (victim of GPU error/recovery) (00000005:kIOGPUCommandBufferCallbackErrorInnocentVictim), NSUnderlyingError=0x120770f30 {Error Domain=IOGPUCommandQueueErrorDomain Code=5 "(null)"}}' | A 42 0 nz 0 canary-bad 0 [HIT]
[mtc] case #2324 ph2 off 0x170 w8 old 0x13800000000001 -> new 0xc800000000002 slots -1 (bitflip) commit
[mtc] case #2324 -> status 5 err 'Error Domain=MTLCommandBufferErrorDomain Code=1 "Discarded (victim of GPU error/recovery) (00000005:kIOGPUCommandBufferCallbackErrorInnocentVictim)" UserInfo={NSLocalizedDescription=Discarded (victim of GPU error/recovery) (00000005:kIOGPUCommandBufferCallbackErrorInnocentVictim), NSUnderlyingError=0x1207701b0 {Error Domain=IOGPUCommandQueueErrorDomain Code=5 "(null)"}}' | A 42 0 nz 0 canary-bad 0 [HIT]
[mtc] case #2325 ph2 off 0x170 w8 old 0x13800000000002 -> new 0xc800000000004 slots -1 (bitflip) commit
[mtc] case #2325 -> status 5 err 'Error Domain=MTLCommandBufferErrorDomain Code=1 "Discarded (victim of GPU error/recovery) (00000005:kIOGPUCommandBufferCallbackErrorInnocentVictim)" UserInfo={NSLocalizedDescription=Discarded (victim of GPU error/recovery) (00000005:kIOGPUCommandBufferCallbackErrorInnocentVictim), NSUnderlyingError=0x120771200 {Error Domain=IOGPUCommandQueueErrorDomain Code=5 "(null)"}}' | A 42 0 nz 0 canary-bad 0 [HIT]
[mtc] case #2326 ph2 off 0x170 w8 old 0x13800000000004 -> new 0xc800000000008 slots -1 (bitflip) commit
[mtc] case #2326 -> status 5 err 'Error Domain=MTLCommandBufferErrorDomain Code=1 "Discarded (victim of GPU error/recovery) (00000005:kIOGPUCommandBufferCallbackErrorInnocentVictim)" UserInfo={NSLocalizedDescription=Discarded (victim of GPU error/recovery) (00000005:kIOGPUCommandBufferCallbackErrorInnocentVictim), NSUnderlyingError=0x120770b70 {Error Domain=IOGPUCommandQueueErrorDomain Code=5 "(null)"}}' | A 42 0 nz 0 canary-bad 0 [HIT]
[mtc] case #2327 ph2 off 0x170 w8 old 0x13800000000008 -> new 0xc800000000010 slots -1 (bitflip) commit
[mtc] case #2327 -> status 5 err 'Error Domain=MTLCommandBufferErrorDomain Code=1 "Discarded (victim of GPU error/recovery) (00000005:kIOGPUCommandBufferCallbackErrorInnocentVictim)" UserInfo={NSLocalizedDescription=Discarded (victim of GPU error/recovery) (00000005:kIOGPUCommandBufferCallbackErrorInnocentVictim), NSUnderlyingError=0x1207715f0 {Error Domain=IOGPUCommandQueueErrorDomain Code=5 "(null)"}}' | A 42 0 nz 0 canary-bad 0 [HIT]
[mtc] case #2328 ph2 off 0x170 w8 old 0x13800000000010 -> new 0xc800000000020 slots -1 (bitflip) commit
[mtc] case #2328 -> status 5 err 'Error Domain=MTLCommandBufferErrorDomain Code=1 "Discarded (victim of GPU error/recovery) (00000005:kIOGPUCommandBufferCallbackErrorInnocentVictim)" UserInfo={NSLocalizedDescription=Discarded (victim of GPU error/recovery) (00000005:kIOGPUCommandBufferCallbackErrorInnocentVictim), NSUnderlyingError=0x120770b40 {Error Domain=IOGPUCommandQueueErrorDomain Code=5 "(null)"}}' | A 42 0 nz 0 canary-bad 0 [HIT]
[mtc] case #2329 ph2 off 0x170 w8 old 0x13800000000020 -> new 0xc800000000040 slots -1 (bitflip) commit
[mtc] case #2329 -> status 5 err 'Error Domain=MTLCommandBufferErrorDomain Code=1 "Discarded (victim of GPU error/recovery) (00000005:kIOGPUCommandBufferCallbackErrorInnocentVictim)" UserInfo={NSLocalizedDescription=Discarded (victim of GPU error/recovery) (00000005:kIOGPUCommandBufferCallbackErrorInnocentVictim), NSUnderlyingError=0x1207711a0 {Error Domain=IOGPUCommandQueueErrorDomain Code=5 "(null)"}}' | A 42 0 nz 0 canary-bad 0 [HIT]
[mtc] case #2330 ph2 off 0x170 w8 old 0x13800000000040 -> new 0xc800000000080 slots -1 (bitflip) commit
[mtc] case #2330 -> status 5 err 'Error Domain=MTLCommandBufferErrorDomain Code=1 "Discarded (victim of GPU error/recovery) (00000005:kIOGPUCommandBufferCallbackErrorInnocentVictim)" UserInfo={NSLocalizedDescription=Discarded (victim of GPU error/recovery) (00000005:kIOGPUCommandBufferCallbackErrorInnocentVictim), NSUnderlyingError=0x120771b60 {Error Domain=IOGPUCommandQueueErrorDomain Code=5 "(null)"}}' | A 42 0 nz 0 canary-bad 0 [HIT]
[mtc] case #2331 ph2 off 0x170 w8 old 0x13800000000080 -> new 0xc800000000100 slots -1 (bitflip) commit
[mtc] case #2331 -> status 5 err 'Error Domain=MTLCommandBufferErrorDomain Code=1 "Discarded (victim of GPU error/recovery) (00000005:kIOGPUCommandBufferCallbackErrorInnocentVictim)" UserInfo={NSLocalizedDescription=Discarded (victim of GPU error/recovery) (00000005:kIOGPUCommandBufferCallbackErrorInnocentVictim), NSUnderlyingError=0x120771620 {Error Domain=IOGPUCommandQueueErrorDomain Code=5 "(null)"}}' | A 42 0 nz 0 canary-bad 0 [HIT]
[mtc] case #2332 ph2 off 0x170 w8 old 0x13800000000100 -> new 0xc800000000200 slots -1 (bitflip) commit
[mtc] case #2332 -> status 5 err 'Error Domain=MTLCommandBufferErrorDomain Code=1 "Discarded (victim of GPU error/recovery) (00000005:kIOGPUCommandBufferCallbackErrorInnocentVictim)" UserInfo={NSLocalizedDescription=Discarded (victim of GPU error/recovery) (00000005:kIOGPUCommandBufferCallbackErrorInnocentVictim), NSUnderlyingError=0x120771680 {Error Domain=IOGPUCommandQueueErrorDomain Code=5 "(null)"}}' | A 42 0 nz 0 canary-bad 0 [HIT]
[mtc] case #2333 ph2 off 0x170 w8 old 0x13800000000200 -> new 0xc800000000400 slots -1 (bitflip) commit
[mtc] case #2333 -> status 5 err 'Error Domain=MTLCommandBufferErrorDomain Code=1 "Discarded (victim of GPU error/recovery) (00000005:kIOGPUCommandBufferCallbackErrorInnocentVictim)" UserInfo={NSLocalizedDescription=Discarded (victim of GPU error/recovery) (00000005:kIOGPUCommandBufferCallbackErrorInnocentVictim), NSUnderlyingError=0x120771c80 {Error Domain=IOGPUCommandQueueErrorDomain Code=5 "(null)"}}' | A 42 0 nz 0 canary-bad 0 [HIT]
[mtc] case #2334 ph2 off 0x170 w8 old 0x13800000000400 -> new 0xc800000000800 slots -1 (bitflip) commit
[mtc] case #2334 -> status 5 err 'Error Domain=MTLCommandBufferErrorDomain Code=1 "Discarded (victim of GPU error/recovery) (00000005:kIOGPUCommandBufferCallbackErrorInnocentVictim)" UserInfo={NSLocalizedDescription=Discarded (victim of GPU error/recovery) (00000005:kIOGPUCommandBufferCallbackErrorInnocentVictim), NSUnderlyingError=0x120771ce0 {Error Domain=IOGPUCommandQueueErrorDomain Code=5 "(null)"}}' | A 42 0 nz 0 canary-bad 0 [HIT]
[mtc] case #2335 ph2 off 0x170 w8 old 0x13800000000800 -> new 0xc800000001000 slots -1 (bitflip) commit
[mtc] case #2335 -> status 5 err 'Error Domain=MTLCommandBufferErrorDomain Code=1 "Discarded (victim of GPU error/recovery) (00000005:kIOGPUCommandBufferCallbackErrorInnocentVictim)" UserInfo={NSLocalizedDescription=Discarded (victim of GPU error/recovery) (00000005:kIOGPUCommandBufferCallbackErrorInnocentVictim), NSUnderlyingError=0x120771d40 {Error Domain=IOGPUCommandQueueErrorDomain Code=5 "(null)"}}' | A 42 0 nz 0 canary-bad 0 [HIT]
[mtc] case #2336 ph2 off 0x170 w8 old 0x13800000001000 -> new 0xc800000002000 slots -1 (bitflip) commit
[mtc] case #2336 -> status 5 err 'Error Domain=MTLCommandBufferErrorDomain Code=1 "Discarded (victim of GPU error/recovery) (00000005:kIOGPUCommandBufferCallbackErrorInnocentVictim)" UserInfo={NSLocalizedDescription=Discarded (victim of GPU error/recovery) (00000005:kIOGPUCommandBufferCallbackErrorInnocentVictim), NSUnderlyingError=0x1207708a0 {Error Domain=IOGPUCommandQueueErrorDomain Code=5 "(null)"}}' | A 42 0 nz 0 canary-bad 0 [HIT]
[mtc] case #2337 ph2 off 0x170 w8 old 0x13800000002000 -> new 0xc800000004000 slots -1 (bitflip) commit
[mtc] case #2337 -> status 5 err 'Error Domain=MTLCommandBufferErrorDomain Code=1 "Discarded (victim of GPU error/recovery) (00000005:kIOGPUCommandBufferCallbackErrorInnocentVictim)" UserInfo={NSLocalizedDescription=Discarded (victim of GPU error/recovery) (00000005:kIOGPUCommandBufferCallbackErrorInnocentVictim), NSUnderlyingError=0x120770930 {Error Domain=IOGPUCommandQueueErrorDomain Code=5 "(null)"}}' | A 42 0 nz 0 canary-bad 0 [HIT]
[mtc] case #2338 ph2 off 0x170 w8 old 0x13800000004000 -> new 0xc800000008000 slots -1 (bitflip) commit
[mtc] case #2338 -> status 5 err 'Error Domain=MTLCommandBufferErrorDomain Code=1 "Discarded (victim of GPU error/recovery) (00000005:kIOGPUCommandBufferCallbackErrorInnocentVictim)" UserInfo={NSLocalizedDescription=Discarded (victim of GPU error/recovery) (00000005:kIOGPUCommandBufferCallbackErrorInnocentVictim), NSUnderlyingError=0x120772250 {Error Domain=IOGPUCommandQueueErrorDomain Code=5 "(null)"}}' | A 42 0 nz 0 canary-bad 0 [HIT]
[mtc] case #2339 ph2 off 0x170 w8 old 0x13800000008000 -> new 0xc800000010000 slots -1 (bitflip) commit
[mtc] case #2339 -> status 5 err 'Error Domain=MTLCommandBufferErrorDomain Code=1 "Discarded (victim of GPU error/recovery) (00000005:kIOGPUCommandBufferCallbackErrorInnocentVictim)" UserInfo={NSLocalizedDescription=Discarded (victim of GPU error/recovery) (00000005:kIOGPUCommandBufferCallbackErrorInnocentVictim), NSUnderlyingError=0x120772220 {Error Domain=IOGPUCommandQueueErrorDomain Code=5 "(null)"}}' | A 42 0 nz 0 canary-bad 0 [HIT]
[mtc] case #2340 ph2 off 0x170 w8 old 0x13800000010000 -> new 0xc800000020000 slots -1 (bitflip) commit
[mtc] case #2340 -> status 5 err 'Error Domain=MTLCommandBufferErrorDomain Code=1 "Discarded (victim of GPU error/recovery) (00000005:kIOGPUCommandBufferCallbackErrorInnocentVictim)" UserInfo={NSLocalizedDescription=Discarded (victim of GPU error/recovery) (00000005:kIOGPUCommandBufferCallbackErrorInnocentVictim), NSUnderlyingError=0x120771a70 {Error Domain=IOGPUCommandQueueErrorDomain Code=5 "(null)"}}' | A 42 0 nz 0 canary-bad 0 [HIT]
[mtc] case #2341 ph2 off 0x170 w8 old 0x13800000020000 -> new 0xc800000040000 slots -1 (bitflip) commit
[mtc] case #2341 -> status 5 err 'Error Domain=MTLCommandBufferErrorDomain Code=1 "Discarded (victim of GPU error/recovery) (00000005:kIOGPUCommandBufferCallbackErrorInnocentVictim)" UserInfo={NSLocalizedDescription=Discarded (victim of GPU error/recovery) (00000005:kIOGPUCommandBufferCallbackErrorInnocentVictim), NSUnderlyingError=0x1207717a0 {Error Domain=IOGPUCommandQueueErrorDomain Code=5 "(null)"}}' | A 42 0 nz 0 canary-bad 0 [HIT]
[mtc] case #2342 ph2 off 0x170 w8 old 0x13800000040000 -> new 0xc800000080000 slots -1 (bitflip) commit
[mtc] case #2342 -> status 5 err 'Error Domain=MTLCommandBufferErrorDomain Code=1 "Discarded (victim of GPU error/recovery) (00000005:kIOGPUCommandBufferCallbackErrorInnocentVictim)" UserInfo={NSLocalizedDescription=Discarded (victim of GPU error/recovery) (00000005:kIOGPUCommandBufferCallbackErrorInnocentVictim), NSUnderlyingError=0x1207712f0 {Error Domain=IOGPUCommandQueueErrorDomain Code=5 "(null)"}}' | A 42 0 nz 0 canary-bad 0 [HIT]
[mtc] case #2343 ph2 off 0x170 w8 old 0x13800000080000 -> new 0xc800000100000 slots -1 (bitflip) commit
[mtc] case #2343 -> status 5 err 'Error Domain=MTLCommandBufferErrorDomain Code=1 "Discarded (victim of GPU error/recovery) (00000005:kIOGPUCommandBufferCallbackErrorInnocentVictim)" UserInfo={NSLocalizedDescription=Discarded (victim of GPU error/recovery) (00000005:kIOGPUCommandBufferCallbackErrorInnocentVictim), NSUnderlyingError=0x120770870 {Error Domain=IOGPUCommandQueueErrorDomain Code=5 "(null)"}}' | A 42 0 nz 0 canary-bad 0 [HIT]
[mtc] case #2344 ph2 off 0x170 w8 old 0x13800000100000 -> new 0xc800000200000 slots -1 (bitflip) commit
[mtc] case #2344 -> status 5 err 'Error Domain=MTLCommandBufferErrorDomain Code=1 "Discarded (victim of GPU error/recovery) (00000005:kIOGPUCommandBufferCallbackErrorInnocentVictim)" UserInfo={NSLocalizedDescription=Discarded (victim of GPU error/recovery) (00000005:kIOGPUCommandBufferCallbackErrorInnocentVictim), NSUnderlyingError=0x120770a20 {Error Domain=IOGPUCommandQueueErrorDomain Code=5 "(null)"}}' | A 42 0 nz 0 canary-bad 0 [HIT]
[mtc] case #2345 ph2 off 0x170 w8 old 0x13800000200000 -> new 0xc800000400000 slots -1 (bitflip) commit
[mtc] case #2345 -> status 5 err 'Error Domain=MTLCommandBufferErrorDomain Code=1 "Discarded (victim of GPU error/recovery) (00000005:kIOGPUCommandBufferCallbackErrorInnocentVictim)" UserInfo={NSLocalizedDescription=Discarded (victim of GPU error/recovery) (00000005:kIOGPUCommandBufferCallbackErrorInnocentVictim), NSUnderlyingError=0x120771da0 {Error Domain=IOGPUCommandQueueErrorDomain Code=5 "(null)"}}' | A 42 0 nz 0 canary-bad 0 [HIT]
[mtc] case #2346 ph2 off 0x170 w8 old 0x13800000400000 -> new 0xc800000800000 slots -1 (bitflip) commit
[mtc] case #2346 -> status 5 err 'Error Domain=MTLCommandBufferErrorDomain Code=1 "Discarded (victim of GPU error/recovery) (00000005:kIOGPUCommandBufferCallbackErrorInnocentVictim)" UserInfo={NSLocalizedDescription=Discarded (victim of GPU error/recovery) (00000005:kIOGPUCommandBufferCallbackErrorInnocentVictim), NSUnderlyingError=0x120772190 {Error Domain=IOGPUCommandQueueErrorDomain Code=5 "(null)"}}' | A 42 0 nz 0 canary-bad 0 [HIT]
[mtc] case #2347 ph2 off 0x170 w8 old 0x13800000800000 -> new 0xc800001000000 slots -1 (bitflip) commit
[mtc] case #2347 -> status 5 err 'Error Domain=MTLCommandBufferErrorDomain Code=1 "Discarded (victim of GPU error/recovery) (00000005:kIOGPUCommandBufferCallbackErrorInnocentVictim)" UserInfo={NSLocalizedDescription=Discarded (victim of GPU error/recovery) (00000005:kIOGPUCommandBufferCallbackErrorInnocentVictim), NSUnderlyingError=0x120772610 {Error Domain=IOGPUCommandQueueErrorDomain Code=5 "(null)"}}' | A 42 0 nz 0 canary-bad 0 [HIT]
[mtc] case #2348 ph2 off 0x170 w8 old 0x13800001000000 -> new 0xc800002000000 slots -1 (bitflip) commit
[mtc] case #2348 -> status 5 err 'Error Domain=MTLCommandBufferErrorDomain Code=1 "Discarded (victim of GPU error/recovery) (00000005:kIOGPUCommandBufferCallbackErrorInnocentVictim)" UserInfo={NSLocalizedDescription=Discarded (victim of GPU error/recovery) (00000005:kIOGPUCommandBufferCallbackErrorInnocentVictim), NSUnderlyingError=0x120772340 {Error Domain=IOGPUCommandQueueErrorDomain Code=5 "(null)"}}' | A 42 0 nz 0 canary-bad 0 [HIT]
[mtc] case #2349 ph2 off 0x170 w8 old 0x13800002000000 -> new 0xc800004000000 slots -1 (bitflip) commit
[mtc] case #2349 -> status 5 err 'Error Domain=MTLCommandBufferErrorDomain Code=1 "Discarded (victim of GPU error/recovery) (00000005:kIOGPUCommandBufferCallbackErrorInnocentVictim)" UserInfo={NSLocalizedDescription=Discarded (victim of GPU error/recovery) (00000005:kIOGPUCommandBufferCallbackErrorInnocentVictim), NSUnderlyingError=0x120772430 {Error Domain=IOGPUCommandQueueErrorDomain Code=5 "(null)"}}' | A 42 0 nz 0 canary-bad 0 [HIT]
[mtc] case #2350 ph2 off 0x170 w8 old 0x13800004000000 -> new 0xc800008000000 slots -1 (bitflip) commit
[mtc] case #2350 -> status 5 err 'Error Domain=MTLCommandBufferErrorDomain Code=1 "Discarded (victim of GPU error/recovery) (00000005:kIOGPUCommandBufferCallbackErrorInnocentVictim)" UserInfo={NSLocalizedDescription=Discarded (victim of GPU error/recovery) (00000005:kIOGPUCommandBufferCallbackErrorInnocentVictim), NSUnderlyingError=0x120772550 {Error Domain=IOGPUCommandQueueErrorDomain Code=5 "(null)"}}' | A 42 0 nz 0 canary-bad 0 [HIT]
[mtc] case #2351 ph2 off 0x170 w8 old 0x13800008000000 -> new 0xc800010000000 slots -1 (bitflip) commit
[mtc] case #2351 -> status 5 err 'Error Domain=MTLCommandBufferErrorDomain Code=1 "Discarded (victim of GPU error/recovery) (00000005:kIOGPUCommandBufferCallbackErrorInnocentVictim)" UserInfo={NSLocalizedDescription=Discarded (victim of GPU error/recovery) (00000005:kIOGPUCommandBufferCallbackErrorInnocentVictim), NSUnderlyingError=0x120770f00 {Error Domain=IOGPUCommandQueueErrorDomain Code=5 "(null)"}}' | A 42 0 nz 0 canary-bad 0 [HIT]
[mtc] case #2352 ph2 off 0x170 w8 old 0x13800010000000 -> new 0xc800020000000 slots -1 (bitflip) commit
[mtc] case #2352 -> status 5 err 'Error Domain=MTLCommandBufferErrorDomain Code=1 "Discarded (victim of GPU error/recovery) (00000005:kIOGPUCommandBufferCallbackErrorInnocentVictim)" UserInfo={NSLocalizedDescription=Discarded (victim of GPU error/recovery) (00000005:kIOGPUCommandBufferCallbackErrorInnocentVictim), NSUnderlyingError=0x120772280 {Error Domain=IOGPUCommandQueueErrorDomain Code=5 "(null)"}}' | A 42 0 nz 0 canary-bad 0 [HIT]
[mtc] case #2353 ph2 off 0x170 w8 old 0x13800020000000 -> new 0xc800040000000 slots -1 (bitflip) commit
[mtc] case #2353 -> status 5 err 'Error Domain=MTLCommandBufferErrorDomain Code=1 "Discarded (victim of GPU error/recovery) (00000005:kIOGPUCommandBufferCallbackErrorInnocentVictim)" UserInfo={NSLocalizedDescription=Discarded (victim of GPU error/recovery) (00000005:kIOGPUCommandBufferCallbackErrorInnocentVictim), NSUnderlyingError=0x1207722b0 {Error Domain=IOGPUCommandQueueErrorDomain Code=5 "(null)"}}' | A 42 0 nz 0 canary-bad 0 [HIT]
[mtc] case #2354 ph2 off 0x170 w8 old 0x13800040000000 -> new 0xc800080000000 slots -1 (bitflip) commit
[mtc] case #2354 -> status 5 err 'Error Domain=MTLCommandBufferErrorDomain Code=1 "Discarded (victim of GPU error/recovery) (00000005:kIOGPUCommandBufferCallbackErrorInnocentVictim)" UserInfo={NSLocalizedDescription=Discarded (victim of GPU error/recovery) (00000005:kIOGPUCommandBufferCallbackErrorInnocentVictim), NSUnderlyingError=0x120772520 {Error Domain=IOGPUCommandQueueErrorDomain Code=5 "(null)"}}' | A 42 0 nz 0 canary-bad 0 [HIT]
[mtc] case #2355 ph2 off 0x170 w8 old 0x13800080000000 -> new 0xc800100000000 slots -1 (bitflip) commit
[mtc] case #2355 -> status 5 err 'Error Domain=MTLCommandBufferErrorDomain Code=1 "Discarded (victim of GPU error/recovery) (00000005:kIOGPUCommandBufferCallbackErrorInnocentVictim)" UserInfo={NSLocalizedDescription=Discarded (victim of GPU error/recovery) (00000005:kIOGPUCommandBufferCallbackErrorInnocentVictim), NSUnderlyingError=0x1207724c0 {Error Domain=IOGPUCommandQueueErrorDomain Code=5 "(null)"}}' | A 42 0 nz 0 canary-bad 0 [HIT]
[mtc] case #2356 ph2 off 0x170 w8 old 0x13800000000000 -> new 0xc800200000000 slots -1 (bitflip) commit
[mtc] case #2356 -> status 5 err 'Error Domain=MTLCommandBufferErrorDomain Code=1 "Discarded (victim of GPU error/recovery) (00000005:kIOGPUCommandBufferCallbackErrorInnocentVictim)" UserInfo={NSLocalizedDescription=Discarded (victim of GPU error/recovery) (00000005:kIOGPUCommandBufferCallbackErrorInnocentVictim), NSUnderlyingError=0x120770960 {Error Domain=IOGPUCommandQueueErrorDomain Code=5 "(null)"}}' | A 42 0 nz 0 canary-bad 0 [HIT]
[mtc] case #2357 ph2 off 0x170 w8 old 0x13800000000000 -> new 0xc800400000000 slots -1 (bitflip) commit
[mtc] case #2357 -> status 5 err 'Error Domain=MTLCommandBufferErrorDomain Code=1 "Discarded (victim of GPU error/recovery) (00000005:kIOGPUCommandBufferCallbackErrorInnocentVictim)" UserInfo={NSLocalizedDescription=Discarded (victim of GPU error/recovery) (00000005:kIOGPUCommandBufferCallbackErrorInnocentVictim), NSUnderlyingError=0x120770900 {Error Domain=IOGPUCommandQueueErrorDomain Code=5 "(null)"}}' | A 42 0 nz 0 canary-bad 0 [HIT]
[mtc] case #2358 ph2 off 0x170 w8 old 0x13800000000000 -> new 0xc800800000000 slots -1 (bitflip) commit
[mtc] case #2358 -> status 5 err 'Error Domain=MTLCommandBufferErrorDomain Code=1 "Discarded (victim of GPU error/recovery) (00000005:kIOGPUCommandBufferCallbackErrorInnocentVictim)" UserInfo={NSLocalizedDescription=Discarded (victim of GPU error/recovery) (00000005:kIOGPUCommandBufferCallbackErrorInnocentVictim), NSUnderlyingError=0x120772670 {Error Domain=IOGPUCommandQueueErrorDomain Code=5 "(null)"}}' | A 42 0 nz 0 canary-bad 0 [HIT]
[mtc] case #2359 ph2 off 0x170 w8 old 0x13800000000000 -> new 0xc801000000000 slots -1 (bitflip) commit
[mtc] case #2359 -> status 5 err 'Error Domain=MTLCommandBufferErrorDomain Code=1 "Discarded (victim of GPU error/recovery) (00000005:kIOGPUCommandBufferCallbackErrorInnocentVictim)" UserInfo={NSLocalizedDescription=Discarded (victim of GPU error/recovery) (00000005:kIOGPUCommandBufferCallbackErrorInnocentVictim), NSUnderlyingError=0x1207726d0 {Error Domain=IOGPUCommandQueueErrorDomain Code=5 "(null)"}}' | A 42 0 nz 0 canary-bad 0 [HIT]
[mtc] case #2360 ph2 off 0x170 w8 old 0x13800000000000 -> new 0xc802000000000 slots -1 (bitflip) commit
[mtc] case #2360 -> status 5 err 'Error Domain=MTLCommandBufferErrorDomain Code=1 "Discarded (victim of GPU error/recovery) (00000005:kIOGPUCommandBufferCallbackErrorInnocentVictim)" UserInfo={NSLocalizedDescription=Discarded (victim of GPU error/recovery) (00000005:kIOGPUCommandBufferCallbackErrorInnocentVictim), NSUnderlyingError=0x120772730 {Error Domain=IOGPUCommandQueueErrorDomain Code=5 "(null)"}}' | A 42 0 nz 0 canary-bad 0 [HIT]
[mtc] case #2361 ph2 off 0x170 w8 old 0x13800000000000 -> new 0xc804000000000 slots -1 (bitflip) commit
[mtc] case #2361 -> status 5 err 'Error Domain=MTLCommandBufferErrorDomain Code=1 "Discarded (victim of GPU error/recovery) (00000005:kIOGPUCommandBufferCallbackErrorInnocentVictim)" UserInfo={NSLocalizedDescription=Discarded (victim of GPU error/recovery) (00000005:kIOGPUCommandBufferCallbackErrorInnocentVictim), NSUnderlyingError=0x120772790 {Error Domain=IOGPUCommandQueueErrorDomain Code=5 "(null)"}}' | A 42 0 nz 0 canary-bad 0 [HIT]
[mtc] case #2362 ph2 off 0x170 w8 old 0x13800000000000 -> new 0xc808000000000 slots -1 (bitflip) commit
[mtc] case #2362 -> status 5 err 'Error Domain=MTLCommandBufferErrorDomain Code=1 "Discarded (victim of GPU error/recovery) (00000005:kIOGPUCommandBufferCallbackErrorInnocentVictim)" UserInfo={NSLocalizedDescription=Discarded (victim of GPU error/recovery) (00000005:kIOGPUCommandBufferCallbackErrorInnocentVictim), NSUnderlyingError=0x1207727f0 {Error Domain=IOGPUCommandQueueErrorDomain Code=5 "(null)"}}' | A 42 0 nz 0 canary-bad 0 [HIT]
[mtc] case #2363 ph2 off 0x170 w8 old 0x13800000000000 -> new 0xc810000000000 slots -1 (bitflip) commit
[mtc] case #2363 -> status 5 err 'Error Domain=MTLCommandBufferErrorDomain Code=1 "Discarded (victim of GPU error/recovery) (00000005:kIOGPUCommandBufferCallbackErrorInnocentVictim)" UserInfo={NSLocalizedDescription=Discarded (victim of GPU error/recovery) (00000005:kIOGPUCommandBufferCallbackErrorInnocentVictim), NSUnderlyingError=0x120772850 {Error Domain=IOGPUCommandQueueErrorDomain Code=5 "(null)"}}' | A 42 0 nz 0 canary-bad 0 [HIT]
[mtc] case #2364 ph2 off 0x170 w8 old 0x13800000000000 -> new 0xc820000000000 slots -1 (bitflip) commit
[mtc] case #2364 -> status 5 err 'Error Domain=MTLCommandBufferErrorDomain Code=1 "Discarded (victim of GPU error/recovery) (00000005:kIOGPUCommandBufferCallbackErrorInnocentVictim)" UserInfo={NSLocalizedDescription=Discarded (victim of GPU error/recovery) (00000005:kIOGPUCommandBufferCallbackErrorInnocentVictim), NSUnderlyingError=0x1207728b0 {Error Domain=IOGPUCommandQueueErrorDomain Code=5 "(null)"}}' | A 42 0 nz 0 canary-bad 0 [HIT]
[mtc] case #2365 ph2 off 0x170 w8 old 0x13800000000000 -> new 0xc840000000000 slots -1 (bitflip) commit
[mtc] case #2365 -> status 5 err 'Error Domain=MTLCommandBufferErrorDomain Code=1 "Discarded (victim of GPU error/recovery) (00000005:kIOGPUCommandBufferCallbackErrorInnocentVictim)" UserInfo={NSLocalizedDescription=Discarded (victim of GPU error/recovery) (00000005:kIOGPUCommandBufferCallbackErrorInnocentVictim), NSUnderlyingError=0x120772910 {Error Domain=IOGPUCommandQueueErrorDomain Code=5 "(null)"}}' | A 42 0 nz 0 canary-bad 0 [HIT]
[mtc] case #2366 ph2 off 0x170 w8 old 0x13800000000000 -> new 0xc880000000000 slots -1 (bitflip) commit
[mtc] case #2366 -> status 5 err 'Error Domain=MTLCommandBufferErrorDomain Code=1 "Discarded (victim of GPU error/recovery) (00000005:kIOGPUCommandBufferCallbackErrorInnocentVictim)" UserInfo={NSLocalizedDescription=Discarded (victim of GPU error/recovery) (00000005:kIOGPUCommandBufferCallbackErrorInnocentVictim), NSUnderlyingError=0x120772970 {Error Domain=IOGPUCommandQueueErrorDomain Code=5 "(null)"}}' | A 42 0 nz 0 canary-bad 0 [HIT]
[mtc] case #2367 ph2 off 0x170 w8 old 0x13800000000000 -> new 0xc900000000000 slots -1 (bitflip) commit
[mtc] case #2367 -> status 5 err 'Error Domain=MTLCommandBufferErrorDomain Code=1 "Discarded (victim of GPU error/recovery) (00000005:kIOGPUCommandBufferCallbackErrorInnocentVictim)" UserInfo={NSLocalizedDescription=Discarded (victim of GPU error/recovery) (00000005:kIOGPUCommandBufferCallbackErrorInnocentVictim), NSUnderlyingError=0x1207729d0 {Error Domain=IOGPUCommandQueueErrorDomain Code=5 "(null)"}}' | A 42 0 nz 0 canary-bad 0 [HIT]
[mtc] case #2368 ph2 off 0x170 w8 old 0x13800000000000 -> new 0xca00000000000 slots -1 (bitflip) commit
[mtc] case #2368 -> status 5 err 'Error Domain=MTLCommandBufferErrorDomain Code=1 "Discarded (victim of GPU error/recovery) (00000005:kIOGPUCommandBufferCallbackErrorInnocentVictim)" UserInfo={NSLocalizedDescription=Discarded (victim of GPU error/recovery) (00000005:kIOGPUCommandBufferCallbackErrorInnocentVictim), NSUnderlyingError=0x120772a30 {Error Domain=IOGPUCommandQueueErrorDomain Code=5 "(null)"}}' | A 42 0 nz 0 canary-bad 0 [HIT]
[mtc] case #2369 ph2 off 0x170 w8 old 0x13800000000000 -> new 0xcc00000000000 slots -1 (bitflip) commit
[mtc] case #2369 -> status 5 err 'Error Domain=MTLCommandBufferErrorDomain Code=1 "Discarded (victim of GPU error/recovery) (00000005:kIOGPUCommandBufferCallbackErrorInnocentVictim)" UserInfo={NSLocalizedDescription=Discarded (victim of GPU error/recovery) (00000005:kIOGPUCommandBufferCallbackErrorInnocentVictim), NSUnderlyingError=0x120772a90 {Error Domain=IOGPUCommandQueueErrorDomain Code=5 "(null)"}}' | A 42 0 nz 0 canary-bad 0 [HIT]
[mtc] case #2370 ph2 off 0x170 w8 old 0x13800000000000 -> new 0xc000000000000 slots -1 (bitflip) commit
[mtc] case #2370 -> status 5 err 'Error Domain=MTLCommandBufferErrorDomain Code=1 "Discarded (victim of GPU error/recovery) (00000005:kIOGPUCommandBufferCallbackErrorInnocentVictim)" UserInfo={NSLocalizedDescription=Discarded (victim of GPU error/recovery) (00000005:kIOGPUCommandBufferCallbackErrorInnocentVictim), NSUnderlyingError=0x120772af0 {Error Domain=IOGPUCommandQueueErrorDomain Code=5 "(null)"}}' | A 42 0 nz 0 canary-bad 0 [HIT]
[mtc] case #2371 ph2 off 0x170 w8 old 0x13800000000000 -> new 0xd800000000000 slots -1 (bitflip) commit
[mtc] case #2371 -> status 5 err 'Error Domain=MTLCommandBufferErrorDomain Code=1 "Discarded (victim of GPU error/recovery) (00000005:kIOGPUCommandBufferCallbackErrorInnocentVictim)" UserInfo={NSLocalizedDescription=Discarded (victim of GPU error/recovery) (00000005:kIOGPUCommandBufferCallbackErrorInnocentVictim), NSUnderlyingError=0x120772b50 {Error Domain=IOGPUCommandQueueErrorDomain Code=5 "(null)"}}' | A 42 0 nz 0 canary-bad 0 [HIT]
[mtc] case #2372 ph2 off 0x170 w8 old 0x13800000000000 -> new 0xe800000000000 slots -1 (bitflip) commit
[mtc] case #2372 -> status 5 err 'Error Domain=MTLCommandBufferErrorDomain Code=1 "Discarded (victim of GPU error/recovery) (00000005:kIOGPUCommandBufferCallbackErrorInnocentVictim)" UserInfo={NSLocalizedDescription=Discarded (victim of GPU error/recovery) (00000005:kIOGPUCommandBufferCallbackErrorInnocentVictim), NSUnderlyingError=0x120772bb0 {Error Domain=IOGPUCommandQueueErrorDomain Code=5 "(null)"}}' | A 42 0 nz 0 canary-bad 0 [HIT]
[mtc] case #2373 ph2 off 0x170 w8 old 0x13800000000000 -> new 0x8800000000000 slots -1 (bitflip) commit
[mtc] [HIT] case #2373 TIMEOUT status 3 — GPU wedged? stop (resume: FUZZ_MTLMUTC_SKIP=2373)
[mtc] ph2 done: cn 2373 executed 51
[mtc] ph3 done: cn 2373 executed 51
[mtc] ph4 calib self-patch: A slots 20 (regions 6)
[mtc] ph4 done: cn 2373 executed 51
[mtc] done: total cases 2373 executed 51 (alive) STOPPED-EARLY
[probe13] mtlmutc-only mode, stop
