[main] fuzz harness up, mode=scaler
[main] sandbox note: VCPDRM open is MACF-denied (iokit-open-user-client VCPDRMUserClient); mach-lookup com.apple.sprr / com.apple.jitbox exist but are sandbox-gated (seen in kernel log)
[open] AppleM2ScalerCSCDriver -> conn 0x570b
[scaler] conn 0x570b, s1 14 s2 33
[probe12] SetNotificationPort -> 0x00000000
[uatrec] v111 step 0 delay 0ms
[open] IOGPU -> conn 0x5813
[uatrec] mconn 0x7803 ourc 0x5813
[mtlr] resource2 sel8 flags 470 sz 0x10000 -> kr 0x00000000 rid 21 GPUVA 0x10000080000 cpu 108fe0000
[mtlr]   out: 0000010000080000 0000000108fe0000 0000000107c70fc0 0000000000000000
[mtlr]   out: 0000001500000000 0000000000010000 000000027f6829f4 000000000033248c
[uatrec] S1 victim rid 21 gpuva 0x10000080000 cpu 0x108fe0000
[uatrec] S1 destroying victim (PANIC/fault possible)...
[uatrec] S1 destroy kr 0x00000000 — forcing AGXUAT::process (40 junk unmaps)
[mtlr] resource2 sel8 flags 470 sz 0x1000 -> kr 0x00000000 rid 21 GPUVA 0x10000080000 cpu 108fe0000
[mtlr]   out: 0000010000080000 0000000108fe0000 0000000107c70fc0 0000000000000000
[mtlr]   out: 0000001500000000 0000000000004000 000000027f6829f5 000000000033248d
[mtlr] resource2 sel8 flags 470 sz 0x1000 -> kr 0x00000000 rid 21 GPUVA 0x10000080000 cpu 108fe0000
[mtlr]   out: 0000010000080000 0000000108fe0000 0000000107c70fc0 0000000000000000
[mtlr]   out: 0000001500000000 0000000000004000 000000027f6829f6 000000000033248e
[mtlr] resource2 sel8 flags 470 sz 0x1000 -> kr 0x00000000 rid 21 GPUVA 0x10000080000 cpu 108fe0000
[mtlr]   out: 0000010000080000 0000000108fe0000 0000000107c70fc0 0000000000000000
[mtlr]   out: 0000001500000000 0000000000004000 000000027f6829f7 000000000033248f
[mtlr] resource2 sel8 flags 470 sz 0x1000 -> kr 0x00000000 rid 21 GPUVA 0x10000080000 cpu 108fe0000
[mtlr]   out: 0000010000080000 0000000108fe0000 0000000107c70fc0 0000000000000000
[mtlr]   out: 0000001500000000 0000000000004000 000000027f6829f8 0000000000332490
[mtlr] resource2 sel8 flags 470 sz 0x1000 -> kr 0x00000000 rid 21 GPUVA 0x10000080000 cpu 108fe0000
[mtlr]   out: 0000010000080000 0000000108fe0000 0000000107c70fc0 0000000000000000
[mtlr]   out: 0000001500000000 0000000000004000 000000027f6829f9 0000000000332491
[mtlr] resource2 sel8 flags 470 sz 0x1000 -> kr 0x00000000 rid 21 GPUVA 0x10000080000 cpu 108fe0000
[mtlr]   out: 0000010000080000 0000000108fe0000 0000000107c70fc0 0000000000000000
[mtlr]   out: 0000001500000000 0000000000004000 000000027f6829fa 0000000000332492
[mtlr] resource2 sel8 flags 470 sz 0x1000 -> kr 0x00000000 rid 21 GPUVA 0x10000080000 cpu 108fe0000
[mtlr]   out: 0000010000080000 0000000108fe0000 0000000107c70fc0 0000000000000000
[mtlr]   out: 0000001500000000 0000000000004000 000000027f6829fb 0000000000332493
[mtlr] resource2 sel8 flags 470 sz 0x1000 -> kr 0x00000000 rid 21 GPUVA 0x10000080000 cpu 108fe0000
[mtlr]   out: 0000010000080000 0000000108fe0000 0000000107c70fc0 0000000000000000
[mtlr]   out: 0000001500000000 0000000000004000 000000027f6829fc 0000000000332494
[mtlr] resource2 sel8 flags 470 sz 0x1000 -> kr 0x00000000 rid 21 GPUVA 0x10000080000 cpu 108fe0000
[mtlr]   out: 0000010000080000 0000000108fe0000 0000000107c70fc0 0000000000000000
[mtlr]   out: 0000001500000000 0000000000004000 000000027f6829fd 0000000000332495
[mtlr] resource2 sel8 flags 470 sz 0x1000 -> kr 0x00000000 rid 21 GPUVA 0x10000080000 cpu 108fe0000
[mtlr]   out: 0000010000080000 0000000108fe0000 0000000107c70fc0 0000000000000000
[mtlr]   out: 0000001500000000 0000000000004000 000000027f6829fe 0000000000332496
[mtlr] resource2 sel8 flags 470 sz 0x1000 -> kr 0x00000000 rid 21 GPUVA 0x10000080000 cpu 108fe0000
[mtlr]   out: 0000010000080000 0000000108fe0000 0000000107c70fc0 0000000000000000
[mtlr]   out: 0000001500000000 0000000000004000 000000027f6829ff 0000000000332497
[mtlr] resource2 sel8 flags 470 sz 0x1000 -> kr 0x00000000 rid 21 GPUVA 0x10000080000 cpu 108fe0000
[mtlr]   out: 0000010000080000 0000000108fe0000 0000000107c70fc0 0000000000000000
[mtlr]   out: 0000001500000000 0000000000004000 000000027f682a00 0000000000332498
[mtlr] resource2 sel8 flags 470 sz 0x1000 -> kr 0x00000000 rid 21 GPUVA 0x10000080000 cpu 108fe0000
[mtlr]   out: 0000010000080000 0000000108fe0000 0000000107c70fc0 0000000000000000
[mtlr]   out: 0000001500000000 0000000000004000 000000027f682a01 0000000000332499
[mtlr] resource2 sel8 flags 470 sz 0x1000 -> kr 0x00000000 rid 21 GPUVA 0x10000080000 cpu 108fe0000
[mtlr]   out: 0000010000080000 0000000108fe0000 0000000107c70fc0 0000000000000000
[mtlr]   out: 0000001500000000 0000000000004000 000000027f682a02 000000000033249a
[mtlr] resource2 sel8 flags 470 sz 0x1000 -> kr 0x00000000 rid 21 GPUVA 0x10000080000 cpu 108fe0000
[mtlr]   out: 0000010000080000 0000000108fe0000 0000000107c70fc0 0000000000000000
[mtlr]   out: 0000001500000000 0000000000004000 000000027f682a03 000000000033249b
[mtlr] resource2 sel8 flags 470 sz 0x1000 -> kr 0x00000000 rid 21 GPUVA 0x10000080000 cpu 108fe0000
[mtlr]   out: 0000010000080000 0000000108fe0000 0000000107c70fc0 0000000000000000
[mtlr]   out: 0000001500000000 0000000000004000 000000027f682a04 000000000033249c
[mtlr] resource2 sel8 flags 470 sz 0x1000 -> kr 0x00000000 rid 21 GPUVA 0x10000080000 cpu 108fe0000
[mtlr]   out: 0000010000080000 0000000108fe0000 0000000107c70fc0 0000000000000000
[mtlr]   out: 0000001500000000 0000000000004000 000000027f682a05 000000000033249d
[mtlr] resource2 sel8 flags 470 sz 0x1000 -> kr 0x00000000 rid 21 GPUVA 0x10000080000 cpu 108fe0000
[mtlr]   out: 0000010000080000 0000000108fe0000 0000000107c70fc0 0000000000000000
[mtlr]   out: 0000001500000000 0000000000004000 000000027f682a06 000000000033249e
[mtlr] resource2 sel8 flags 470 sz 0x1000 -> kr 0x00000000 rid 21 GPUVA 0x10000080000 cpu 108fe0000
[mtlr]   out: 0000010000080000 0000000108fe0000 0000000107c70fc0 0000000000000000
[mtlr]   out: 0000001500000000 0000000000004000 000000027f682a07 000000000033249f
[mtlr] resource2 sel8 flags 470 sz 0x1000 -> kr 0x00000000 rid 21 GPUVA 0x10000080000 cpu 108fe0000
[mtlr]   out: 0000010000080000 0000000108fe0000 0000000107c70fc0 0000000000000000
[mtlr]   out: 0000001500000000 0000000000004000 000000027f682a08 00000000003324a0
[mtlr] resource2 sel8 flags 470 sz 0x1000 -> kr 0x00000000 rid 21 GPUVA 0x10000080000 cpu 108fe0000
[mtlr]   out: 0000010000080000 0000000108fe0000 0000000107c70fc0 0000000000000000
[mtlr]   out: 0000001500000000 0000000000004000 000000027f682a09 00000000003324a1
[mtlr] resource2 sel8 flags 470 sz 0x1000 -> kr 0x00000000 rid 21 GPUVA 0x10000080000 cpu 108fe0000
[mtlr]   out: 0000010000080000 0000000108fe0000 0000000107c70fc0 0000000000000000
[mtlr]   out: 0000001500000000 0000000000004000 000000027f682a0a 00000000003324a2
[mtlr] resource2 sel8 flags 470 sz 0x1000 -> kr 0x00000000 rid 21 GPUVA 0x10000080000 cpu 108fe0000
[mtlr]   out: 0000010000080000 0000000108fe0000 0000000107c70fc0 0000000000000000
[mtlr]   out: 0000001500000000 0000000000004000 000000027f682a0b 00000000003324a3
[mtlr] resource2 sel8 flags 470 sz 0x1000 -> kr 0x00000000 rid 21 GPUVA 0x10000080000 cpu 108fe0000
[mtlr]   out: 0000010000080000 0000000108fe0000 0000000107c70fc0 0000000000000000
[mtlr]   out: 0000001500000000 0000000000004000 000000027f682a0c 00000000003324a4
[mtlr] resource2 sel8 flags 470 sz 0x1000 -> kr 0x00000000 rid 21 GPUVA 0x10000080000 cpu 108fe0000
[mtlr]   out: 0000010000080000 0000000108fe0000 0000000107c70fc0 0000000000000000
[mtlr]   out: 0000001500000000 0000000000004000 000000027f682a0d 00000000003324a5
[mtlr] resource2 sel8 flags 470 sz 0x1000 -> kr 0x00000000 rid 21 GPUVA 0x10000080000 cpu 108fe0000
[mtlr]   out: 0000010000080000 0000000108fe0000 0000000107c70fc0 0000000000000000
[mtlr]   out: 0000001500000000 0000000000004000 000000027f682a0e 00000000003324a6
[mtlr] resource2 sel8 flags 470 sz 0x1000 -> kr 0x00000000 rid 21 GPUVA 0x10000080000 cpu 108fe0000
[mtlr]   out: 0000010000080000 0000000108fe0000 0000000107c70fc0 0000000000000000
[mtlr]   out: 0000001500000000 0000000000004000 000000027f682a0f 00000000003324a7
[mtlr] resource2 sel8 flags 470 sz 0x1000 -> kr 0x00000000 rid 21 GPUVA 0x10000080000 cpu 108fe0000
[mtlr]   out: 0000010000080000 0000000108fe0000 0000000107c70fc0 0000000000000000
[mtlr]   out: 0000001500000000 0000000000004000 000000027f682a10 00000000003324a8
[mtlr] resource2 sel8 flags 470 sz 0x1000 -> kr 0x00000000 rid 21 GPUVA 0x10000080000 cpu 108fe0000
[mtlr]   out: 0000010000080000 0000000108fe0000 0000000107c70fc0 0000000000000000
[mtlr]   out: 0000001500000000 0000000000004000 000000027f682a11 00000000003324a9
[mtlr] resource2 sel8 flags 470 sz 0x1000 -> kr 0x00000000 rid 21 GPUVA 0x10000080000 cpu 108fe0000
[mtlr]   out: 0000010000080000 0000000108fe0000 0000000107c70fc0 0000000000000000
[mtlr]   out: 0000001500000000 0000000000004000 000000027f682a12 00000000003324aa
[mtlr] resource2 sel8 flags 470 sz 0x1000 -> kr 0x00000000 rid 21 GPUVA 0x10000080000 cpu 108fe0000
[mtlr]   out: 0000010000080000 0000000108fe0000 0000000107c70fc0 0000000000000000
[mtlr]   out: 0000001500000000 0000000000004000 000000027f682a13 00000000003324ab
[mtlr] resource2 sel8 flags 470 sz 0x1000 -> kr 0x00000000 rid 21 GPUVA 0x10000080000 cpu 108fe0000
[mtlr]   out: 0000010000080000 0000000108fe0000 0000000107c70fc0 0000000000000000
[mtlr]   out: 0000001500000000 0000000000004000 000000027f682a14 00000000003324ac
[mtlr] resource2 sel8 flags 470 sz 0x1000 -> kr 0x00000000 rid 21 GPUVA 0x10000080000 cpu 108fe0000
[mtlr]   out: 0000010000080000 0000000108fe0000 0000000107c70fc0 0000000000000000
[mtlr]   out: 0000001500000000 0000000000004000 000000027f682a15 00000000003324ad
[mtlr] resource2 sel8 flags 470 sz 0x1000 -> kr 0x00000000 rid 21 GPUVA 0x10000080000 cpu 108fe0000
[mtlr]   out: 0000010000080000 0000000108fe0000 0000000107c70fc0 0000000000000000
[mtlr]   out: 0000001500000000 0000000000004000 000000027f682a16 00000000003324ae
[mtlr] resource2 sel8 flags 470 sz 0x1000 -> kr 0x00000000 rid 21 GPUVA 0x10000080000 cpu 108fe0000
[mtlr]   out: 0000010000080000 0000000108fe0000 0000000107c70fc0 0000000000000000
[mtlr]   out: 0000001500000000 0000000000004000 000000027f682a17 00000000003324af
[mtlr] resource2 sel8 flags 470 sz 0x1000 -> kr 0x00000000 rid 21 GPUVA 0x10000080000 cpu 108fe0000
[mtlr]   out: 0000010000080000 0000000108fe0000 0000000107c70fc0 0000000000000000
[mtlr]   out: 0000001500000000 0000000000004000 000000027f682a18 00000000003324b0
[mtlr] resource2 sel8 flags 470 sz 0x1000 -> kr 0x00000000 rid 21 GPUVA 0x10000080000 cpu 108fe0000
[mtlr]   out: 0000010000080000 0000000108fe0000 0000000107c70fc0 0000000000000000
[mtlr]   out: 0000001500000000 0000000000004000 000000027f682a19 00000000003324b1
[mtlr] resource2 sel8 flags 470 sz 0x1000 -> kr 0x00000000 rid 21 GPUVA 0x10000080000 cpu 108fe0000
[mtlr]   out: 0000010000080000 0000000108fe0000 0000000107c70fc0 0000000000000000
[mtlr]   out: 0000001500000000 0000000000004000 000000027f682a1a 00000000003324b2
[mtlr] resource2 sel8 flags 470 sz 0x1000 -> kr 0x00000000 rid 21 GPUVA 0x10000080000 cpu 108fe0000
[mtlr]   out: 0000010000080000 0000000108fe0000 0000000107c70fc0 0000000000000000
[mtlr]   out: 0000001500000000 0000000000004000 000000027f682a1b 00000000003324b3
[mtlr] resource2 sel8 flags 470 sz 0x1000 -> kr 0x00000000 rid 21 GPUVA 0x10000080000 cpu 108fe0000
[mtlr]   out: 0000010000080000 0000000108fe0000 0000000107c70fc0 0000000000000000
[mtlr]   out: 0000001500000000 0000000000004000 000000027f682a1c 00000000003324b4
[uatrec] S1 40 junk destroys done (queue overflow => process)
[mtlr] resource2 sel8 flags 470 sz 0x10000 -> kr 0x00000000 rid 21 GPUVA 0x10000080000 cpu 108fe0000
[mtlr]   out: 0000010000080000 0000000108fe0000 0000000107c70fc0 0000000000000000
[mtlr]   out: 0000001500000000 0000000000010000 000000027f682a1d 00000000003324b5
[uatrec] S1 W0[0] rid 21 gpuva 0x10000080000 (victim 0x10000080000..0x10000090000) [HIT] GPUVA REUSED
[mtlr] resource2 sel8 flags 470 sz 0x10000 -> kr 0x00000000 rid 22 GPUVA 0x10000098000 cpu 108ff0000
[mtlr]   out: 0000010000098000 0000000108ff0000 0000000107c71080 0000000000000000
[mtlr]   out: 0000001600000000 0000000000010000 000000027f682a1e 00000000003324b6
[uatrec] S1 W0[1] rid 22 gpuva 0x10000098000 (victim 0x10000080000..0x10000090000) (near)
[mtlr] resource2 sel8 flags 470 sz 0x10000 -> kr 0x00000000 rid 23 GPUVA 0x100000b0000 cpu 109000000
[mtlr]   out: 00000100000b0000 0000000109000000 0000000107c71140 0000000000000000
[mtlr]   out: 0000001700000000 0000000000010000 000000027f682a1f 00000000003324b7
[uatrec] S1 W0[2] rid 23 gpuva 0x100000b0000 (victim 0x10000080000..0x10000090000) (near)
[mtlr] resource2 sel8 flags 470 sz 0x10000 -> kr 0x00000000 rid 24 GPUVA 0x100000c8000 cpu 109010000
[mtlr]   out: 00000100000c8000 0000000109010000 0000000107c71200 0000000000000000
[mtlr]   out: 0000001800000000 0000000000010000 000000027f682a20 00000000003324b8
[uatrec] S1 W0[3] rid 24 gpuva 0x100000c8000 (victim 0x10000080000..0x10000090000) (near)
[mtlr] resource2 sel8 flags 470 sz 0x10000 -> kr 0x00000000 rid 25 GPUVA 0x100000e0000 cpu 109020000
[mtlr]   out: 00000100000e0000 0000000109020000 0000000107c712c0 0000000000000000
[mtlr]   out: 0000001900000000 0000000000010000 000000027f682a21 00000000003324b9
[uatrec] S1 W0[4] rid 25 gpuva 0x100000e0000 (victim 0x10000080000..0x10000090000) (near)
[mtlr] resource2 sel8 flags 470 sz 0x10000 -> kr 0x00000000 rid 26 GPUVA 0x100000f8000 cpu 109030000
[mtlr]   out: 00000100000f8000 0000000109030000 0000000107c71380 0000000000000000
[mtlr]   out: 0000001a00000000 0000000000010000 000000027f682a22 00000000003324ba
[uatrec] S1 W0[5] rid 26 gpuva 0x100000f8000 (victim 0x10000080000..0x10000090000) (near)
[mtlr] resource2 sel8 flags 470 sz 0x10000 -> kr 0x00000000 rid 27 GPUVA 0x10000110000 cpu 109040000
[mtlr]   out: 0000010000110000 0000000109040000 0000000107c71440 0000000000000000
[mtlr]   out: 0000001b00000000 0000000000010000 000000027f682a24 00000000003324bc
[uatrec] S1 W0[6] rid 27 gpuva 0x10000110000 (victim 0x10000080000..0x10000090000) (near)
[mtlr] resource2 sel8 flags 470 sz 0x10000 -> kr 0x00000000 rid 28 GPUVA 0x10000128000 cpu 109050000
[mtlr]   out: 0000010000128000 0000000109050000 0000000107c71500 0000000000000000
[mtlr]   out: 0000001c00000000 0000000000010000 000000027f682a25 00000000003324bd
[uatrec] S1 W0[7] rid 28 gpuva 0x10000128000 (victim 0x10000080000..0x10000090000) (near)
[mtlr] resource2 sel8 flags 470 sz 0x10000 -> kr 0x00000000 rid 29 GPUVA 0x10000140000 cpu 109060000
[mtlr]   out: 0000010000140000 0000000109060000 0000000107c715c0 0000000000000000
[mtlr]   out: 0000001d00000000 0000000000010000 000000027f682a26 00000000003324be
[uatrec] S1 W0[8] rid 29 gpuva 0x10000140000 (victim 0x10000080000..0x10000090000) (near)
[mtlr] resource2 sel8 flags 470 sz 0x10000 -> kr 0x00000000 rid 30 GPUVA 0x10000158000 cpu 109070000
[mtlr]   out: 0000010000158000 0000000109070000 0000000107c71680 0000000000000000
[mtlr]   out: 0000001e00000000 0000000000010000 000000027f682a27 00000000003324bf
[uatrec] S1 W0[9] rid 30 gpuva 0x10000158000 (victim 0x10000080000..0x10000090000) (near)
[mtlr] resource2 sel8 flags 470 sz 0x10000 -> kr 0x00000000 rid 31 GPUVA 0x10000170000 cpu 109080000
[mtlr]   out: 0000010000170000 0000000109080000 0000000107c71740 0000000000000000
[mtlr]   out: 0000001f00000000 0000000000010000 000000027f682a28 00000000003324c0
[uatrec] S1 W0[10] rid 31 gpuva 0x10000170000 (victim 0x10000080000..0x10000090000) (near)
[mtlr] resource2 sel8 flags 470 sz 0x10000 -> kr 0x00000000 rid 32 GPUVA 0x10000188000 cpu 109090000
[mtlr]   out: 0000010000188000 0000000109090000 0000000107c71800 0000000000000000
[mtlr]   out: 0000002000000000 0000000000010000 000000027f682a29 00000000003324c1
[uatrec] S1 W0[11] rid 32 gpuva 0x10000188000 (victim 0x10000080000..0x10000090000)
[mtlr] resource2 sel8 flags 470 sz 0x10000 -> kr 0x00000000 rid 33 GPUVA 0x100001a0000 cpu 1090a0000
[mtlr]   out: 00000100001a0000 00000001090a0000 0000000107c718c0 0000000000000000
[mtlr]   out: 0000002100000000 0000000000010000 000000027f682a2a 00000000003324c2
[uatrec] S1 W0[12] rid 33 gpuva 0x100001a0000 (victim 0x10000080000..0x10000090000)
[mtlr] resource2 sel8 flags 470 sz 0x10000 -> kr 0x00000000 rid 34 GPUVA 0x100001b8000 cpu 1090b0000
[mtlr]   out: 00000100001b8000 00000001090b0000 0000000107c71980 0000000000000000
[mtlr]   out: 0000002200000000 0000000000010000 000000027f682a2b 00000000003324c3
[uatrec] S1 W0[13] rid 34 gpuva 0x100001b8000 (victim 0x10000080000..0x10000090000)
[mtlr] resource2 sel8 flags 470 sz 0x10000 -> kr 0x00000000 rid 35 GPUVA 0x100001d0000 cpu 1090c0000
[mtlr]   out: 00000100001d0000 00000001090c0000 0000000107c71a40 0000000000000000
[mtlr]   out: 0000002300000000 0000000000010000 000000027f682a2c 00000000003324c4
[uatrec] S1 W0[14] rid 35 gpuva 0x100001d0000 (victim 0x10000080000..0x10000090000)
[mtlr] resource2 sel8 flags 470 sz 0x10000 -> kr 0x00000000 rid 36 GPUVA 0x100001e8000 cpu 1090d0000
[mtlr]   out: 00000100001e8000 00000001090d0000 0000000107c71b00 0000000000000000
[mtlr]   out: 0000002400000000 0000000000010000 000000027f682a2d 00000000003324c5
[uatrec] S1 W0[15] rid 36 gpuva 0x100001e8000 (victim 0x10000080000..0x10000090000)
[uatrec] S1 W1 at +1005ms (flush-relative)
[mtlr] resource2 sel8 flags 470 sz 0x10000 -> kr 0x00000000 rid 37 GPUVA 0x10000200000 cpu 1090e4000
[mtlr]   out: 0000010000200000 00000001090e4000 0000000107c71bc0 0000000000000000
[mtlr]   out: 0000002500000000 0000000000010000 000000027f68391d 000000000033250f
[uatrec] S1 W1[0] rid 37 gpuva 0x10000200000 (victim 0x10000080000..0x10000090000)
[mtlr] resource2 sel8 flags 470 sz 0x10000 -> kr 0x00000000 rid 38 GPUVA 0x10000218000 cpu 1090f4000
[mtlr]   out: 0000010000218000 00000001090f4000 0000000107c71c80 0000000000000000
[mtlr]   out: 0000002600000000 0000000000010000 000000027f68391e 0000000000332510
[uatrec] S1 W1[1] rid 38 gpuva 0x10000218000 (victim 0x10000080000..0x10000090000)
[mtlr] resource2 sel8 flags 470 sz 0x10000 -> kr 0x00000000 rid 39 GPUVA 0x10000230000 cpu 109104000
[mtlr]   out: 0000010000230000 0000000109104000 0000000107c71d40 0000000000000000
[mtlr]   out: 0000002700000000 0000000000010000 000000027f68391f 0000000000332511
[uatrec] S1 W1[2] rid 39 gpuva 0x10000230000 (victim 0x10000080000..0x10000090000)
[mtlr] resource2 sel8 flags 470 sz 0x10000 -> kr 0x00000000 rid 40 GPUVA 0x10000248000 cpu 109114000
[mtlr]   out: 0000010000248000 0000000109114000 0000000107c71e00 0000000000000000
[mtlr]   out: 0000002800000000 0000000000010000 000000027f683920 0000000000332512
[uatrec] S1 W1[3] rid 40 gpuva 0x10000248000 (victim 0x10000080000..0x10000090000)
[mtlr] resource2 sel8 flags 470 sz 0x10000 -> kr 0x00000000 rid 41 GPUVA 0x10000260000 cpu 109124000
[mtlr]   out: 0000010000260000 0000000109124000 0000000107c71ec0 0000000000000000
[mtlr]   out: 0000002900000000 0000000000010000 000000027f683921 0000000000332513
[uatrec] S1 W1[4] rid 41 gpuva 0x10000260000 (victim 0x10000080000..0x10000090000)
[mtlr] resource2 sel8 flags 470 sz 0x10000 -> kr 0x00000000 rid 42 GPUVA 0x10000278000 cpu 109134000
[mtlr]   out: 0000010000278000 0000000109134000 0000000107c71f80 0000000000000000
[mtlr]   out: 0000002a00000000 0000000000010000 000000027f683922 0000000000332514
[uatrec] S1 W1[5] rid 42 gpuva 0x10000278000 (victim 0x10000080000..0x10000090000)
[mtlr] resource2 sel8 flags 470 sz 0x10000 -> kr 0x00000000 rid 43 GPUVA 0x10000290000 cpu 109144000
[mtlr]   out: 0000010000290000 0000000109144000 0000000107c72040 0000000000000000
[mtlr]   out: 0000002b00000000 0000000000010000 000000027f683923 0000000000332515
[uatrec] S1 W1[6] rid 43 gpuva 0x10000290000 (victim 0x10000080000..0x10000090000)
[mtlr] resource2 sel8 flags 470 sz 0x10000 -> kr 0x00000000 rid 44 GPUVA 0x100002a8000 cpu 109154000
[mtlr]   out: 00000100002a8000 0000000109154000 0000000107c72100 0000000000000000
[mtlr]   out: 0000002c00000000 0000000000010000 000000027f683924 0000000000332516
[uatrec] S1 W1[7] rid 44 gpuva 0x100002a8000 (victim 0x10000080000..0x10000090000)
[mtlr] resource2 sel8 flags 470 sz 0x10000 -> kr 0x00000000 rid 45 GPUVA 0x100002c0000 cpu 109164000
[mtlr]   out: 00000100002c0000 0000000109164000 0000000107c721c0 0000000000000000
[mtlr]   out: 0000002d00000000 0000000000010000 000000027f683925 0000000000332517
[uatrec] S1 W1[8] rid 45 gpuva 0x100002c0000 (victim 0x10000080000..0x10000090000)
[mtlr] resource2 sel8 flags 470 sz 0x10000 -> kr 0x00000000 rid 46 GPUVA 0x100002d8000 cpu 109174000
[mtlr]   out: 00000100002d8000 0000000109174000 0000000107c72280 0000000000000000
[mtlr]   out: 0000002e00000000 0000000000010000 000000027f683926 0000000000332518
[uatrec] S1 W1[9] rid 46 gpuva 0x100002d8000 (victim 0x10000080000..0x10000090000)
[mtlr] resource2 sel8 flags 470 sz 0x10000 -> kr 0x00000000 rid 47 GPUVA 0x100002f0000 cpu 109184000
[mtlr]   out: 00000100002f0000 0000000109184000 0000000107c72340 0000000000000000
[mtlr]   out: 0000002f00000000 0000000000010000 000000027f683927 0000000000332519
[uatrec] S1 W1[10] rid 47 gpuva 0x100002f0000 (victim 0x10000080000..0x10000090000)
[mtlr] resource2 sel8 flags 470 sz 0x10000 -> kr 0x00000000 rid 48 GPUVA 0x10000308000 cpu 109194000
[mtlr]   out: 0000010000308000 0000000109194000 0000000107c72400 0000000000000000
[mtlr]   out: 0000003000000000 0000000000010000 000000027f683928 000000000033251a
[uatrec] S1 W1[11] rid 48 gpuva 0x10000308000 (victim 0x10000080000..0x10000090000)
[mtlr] resource2 sel8 flags 470 sz 0x10000 -> kr 0x00000000 rid 49 GPUVA 0x10000320000 cpu 1091a4000
[mtlr]   out: 0000010000320000 00000001091a4000 0000000107c724c0 0000000000000000
[mtlr]   out: 0000003100000000 0000000000010000 000000027f683929 000000000033251b
[uatrec] S1 W1[12] rid 49 gpuva 0x10000320000 (victim 0x10000080000..0x10000090000)
[mtlr] resource2 sel8 flags 470 sz 0x10000 -> kr 0x00000000 rid 50 GPUVA 0x10000338000 cpu 1091b4000
[mtlr]   out: 0000010000338000 00000001091b4000 0000000107c72580 0000000000000000
[mtlr]   out: 0000003200000000 0000000000010000 000000027f68392a 000000000033251c
[uatrec] S1 W1[13] rid 50 gpuva 0x10000338000 (victim 0x10000080000..0x10000090000)
[mtlr] resource2 sel8 flags 470 sz 0x10000 -> kr 0x00000000 rid 51 GPUVA 0x10000350000 cpu 1091c4000
[mtlr]   out: 0000010000350000 00000001091c4000 0000000107c72640 0000000000000000
[mtlr]   out: 0000003300000000 0000000000010000 000000027f68392b 000000000033251d
[uatrec] S1 W1[14] rid 51 gpuva 0x10000350000 (victim 0x10000080000..0x10000090000)
[mtlr] resource2 sel8 flags 470 sz 0x10000 -> kr 0x00000000 rid 52 GPUVA 0x10000368000 cpu 1091d4000
[mtlr]   out: 0000010000368000 00000001091d4000 0000000107c72700 0000000000000000
[mtlr]   out: 0000003400000000 0000000000010000 000000027f68392c 000000000033251e
[uatrec] S1 W1[15] rid 52 gpuva 0x10000368000 (victim 0x10000080000..0x10000090000)
[uatrec] S1 summary: 1 exact/in-range GPUVA hits, 10 near, W0 16/W1 16 allocs (held alive)
[uatrec] [HIT] S1: GPUVA reuse confirmed via AGXUAT::process flush
[mtlr] resource2 sel8 flags 470 sz 0x1000 -> kr 0x00000000 rid 53 GPUVA 0x10000380000 cpu 1091e4000
[mtlr]   out: 0000010000380000 00000001091e4000 0000000107c727c0 0000000000000000
[mtlr]   out: 0000003500000000 0000000000004000 000000027f68392d 000000000033251f
[mtlr] resource2 sel8 flags 470 sz 0x1000 -> kr 0x00000000 rid 54 GPUVA 0x10000388000 cpu 1091e8000
[mtlr]   out: 0000010000388000 00000001091e8000 0000000107c72880 0000000000000000
[mtlr]   out: 0000003600000000 0000000000004000 000000027f68392e 0000000000332520
[mtlr] resource2 sel8 flags 470 sz 0x1000 -> kr 0x00000000 rid 55 GPUVA 0x10000390000 cpu 1091ec000
[mtlr]   out: 0000010000390000 00000001091ec000 0000000107c72940 0000000000000000
[mtlr]   out: 0000003700000000 0000000000004000 000000027f68392f 0000000000332521
[mtlr] resource2 sel8 flags 470 sz 0x1000 -> kr 0x00000000 rid 56 GPUVA 0x10000398000 cpu 1091f0000
[mtlr]   out: 0000010000398000 00000001091f0000 0000000107c72a00 0000000000000000
[mtlr]   out: 0000003800000000 0000000000004000 000000027f683930 0000000000332522
[mtlr] resource2 sel8 flags 470 sz 0x1000 -> kr 0x00000000 rid 57 GPUVA 0x100003a0000 cpu 1091f4000
[mtlr]   out: 00000100003a0000 00000001091f4000 0000000107c72ac0 0000000000000000
[mtlr]   out: 0000003900000000 0000000000004000 000000027f683931 0000000000332523
[mtlr] resource2 sel8 flags 470 sz 0x1000 -> kr 0x00000000 rid 58 GPUVA 0x100003a8000 cpu 1091f8000
[mtlr]   out: 00000100003a8000 00000001091f8000 0000000107c72b80 0000000000000000
[mtlr]   out: 0000003a00000000 0000000000004000 000000027f683934 0000000000332524
[mtlr] resource2 sel8 flags 470 sz 0x1000 -> kr 0x00000000 rid 59 GPUVA 0x100003b0000 cpu 1091fc000
[mtlr]   out: 00000100003b0000 00000001091fc000 0000000107c72c40 0000000000000000
[mtlr]   out: 0000003b00000000 0000000000004000 000000027f68393c 0000000000332525
[mtlr] resource2 sel8 flags 470 sz 0x1000 -> kr 0x00000000 rid 60 GPUVA 0x100003b8000 cpu 109200000
[mtlr]   out: 00000100003b8000 0000000109200000 0000000107c72d00 0000000000000000
[mtlr]   out: 0000003c00000000 0000000000004000 000000027f68393e 0000000000332526
[mtlr] resource2 sel8 flags 470 sz 0x1000 -> kr 0x00000000 rid 61 GPUVA 0x100003c0000 cpu 109204000
[mtlr]   out: 00000100003c0000 0000000109204000 0000000107c72dc0 0000000000000000
[mtlr]   out: 0000003d00000000 0000000000004000 000000027f68393f 0000000000332527
[mtlr] resource2 sel8 flags 470 sz 0x1000 -> kr 0x00000000 rid 62 GPUVA 0x100003c8000 cpu 109208000
[mtlr]   out: 00000100003c8000 0000000109208000 0000000107c72e80 0000000000000000
[mtlr]   out: 0000003e00000000 0000000000004000 000000027f683940 0000000000332528
[mtlr] resource2 sel8 flags 470 sz 0x1000 -> kr 0x00000000 rid 63 GPUVA 0x100003d0000 cpu 10920c000
[mtlr]   out: 00000100003d0000 000000010920c000 0000000107c72f40 0000000000000000
[mtlr]   out: 0000003f00000000 0000000000004000 000000027f683941 0000000000332529
[mtlr] resource2 sel8 flags 470 sz 0x1000 -> kr 0x00000000 rid 64 GPUVA 0x100003d8000 cpu 109210000
[mtlr]   out: 00000100003d8000 0000000109210000 0000000107c73000 0000000000000000
[mtlr]   out: 0000004000000000 0000000000004000 000000027f683942 000000000033252a
[mtlr] resource2 sel8 flags 470 sz 0x1000 -> kr 0x00000000 rid 65 GPUVA 0x100003e0000 cpu 109214000
[mtlr]   out: 00000100003e0000 0000000109214000 0000000107c730c0 0000000000000000
[mtlr]   out: 0000004100000000 0000000000004000 000000027f683943 000000000033252b
[mtlr] resource2 sel8 flags 470 sz 0x1000 -> kr 0x00000000 rid 66 GPUVA 0x100003e8000 cpu 109218000
[mtlr]   out: 00000100003e8000 0000000109218000 0000000107c73180 0000000000000000
[mtlr]   out: 0000004200000000 0000000000004000 000000027f683944 000000000033252c
[mtlr] resource2 sel8 flags 470 sz 0x1000 -> kr 0x00000000 rid 67 GPUVA 0x100003f0000 cpu 10921c000
[mtlr]   out: 00000100003f0000 000000010921c000 0000000107c73240 0000000000000000
[mtlr]   out: 0000004300000000 0000000000004000 000000027f683945 000000000033252d
[mtlr] resource2 sel8 flags 470 sz 0x1000 -> kr 0x00000000 rid 68 GPUVA 0x100003f8000 cpu 109220000
[mtlr]   out: 00000100003f8000 0000000109220000 0000000107c73300 0000000000000000
[mtlr]   out: 0000004400000000 0000000000004000 000000027f683946 000000000033252e
[mtlr] resource2 sel8 flags 470 sz 0x1000 -> kr 0x00000000 rid 69 GPUVA 0x10000400000 cpu 109224000
[mtlr]   out: 0000010000400000 0000000109224000 0000000107c733c0 0000000000000000
[mtlr]   out: 0000004500000000 0000000000004000 000000027f683947 000000000033252f
[mtlr] resource2 sel8 flags 470 sz 0x1000 -> kr 0x00000000 rid 70 GPUVA 0x10000408000 cpu 109228000
[mtlr]   out: 0000010000408000 0000000109228000 0000000107c73480 0000000000000000
[mtlr]   out: 0000004600000000 0000000000004000 000000027f683948 0000000000332530
[mtlr] resource2 sel8 flags 470 sz 0x1000 -> kr 0x00000000 rid 71 GPUVA 0x10000410000 cpu 10922c000
[mtlr]   out: 0000010000410000 000000010922c000 0000000107c73540 0000000000000000
[mtlr]   out: 0000004700000000 0000000000004000 000000027f683949 0000000000332531
[mtlr] resource2 sel8 flags 470 sz 0x1000 -> kr 0x00000000 rid 72 GPUVA 0x10000418000 cpu 109230000
[mtlr]   out: 0000010000418000 0000000109230000 0000000107c73600 0000000000000000
[mtlr]   out: 0000004800000000 0000000000004000 000000027f68394a 0000000000332532
[mtlr] resource2 sel8 flags 470 sz 0x1000 -> kr 0x00000000 rid 73 GPUVA 0x10000420000 cpu 109234000
[mtlr]   out: 0000010000420000 0000000109234000 0000000107c736c0 0000000000000000
[mtlr]   out: 0000004900000000 0000000000004000 000000027f68394b 0000000000332533
[mtlr] resource2 sel8 flags 470 sz 0x1000 -> kr 0x00000000 rid 74 GPUVA 0x10000428000 cpu 109238000
[mtlr]   out: 0000010000428000 0000000109238000 0000000107c73780 0000000000000000
[mtlr]   out: 0000004a00000000 0000000000004000 000000027f68394c 0000000000332534
[mtlr] resource2 sel8 flags 470 sz 0x1000 -> kr 0x00000000 rid 75 GPUVA 0x10000430000 cpu 10923c000
[mtlr]   out: 0000010000430000 000000010923c000 0000000107c73840 0000000000000000
[mtlr]   out: 0000004b00000000 0000000000004000 000000027f68394d 0000000000332535
[mtlr] resource2 sel8 flags 470 sz 0x1000 -> kr 0x00000000 rid 76 GPUVA 0x10000438000 cpu 109240000
[mtlr]   out: 0000010000438000 0000000109240000 0000000107c73900 0000000000000000
[mtlr]   out: 0000004c00000000 0000000000004000 000000027f68394e 0000000000332536
[mtlr] resource2 sel8 flags 470 sz 0x1000 -> kr 0x00000000 rid 77 GPUVA 0x10000440000 cpu 109244000
[mtlr]   out: 0000010000440000 0000000109244000 0000000107c739c0 0000000000000000
[mtlr]   out: 0000004d00000000 0000000000004000 000000027f68394f 0000000000332537
[mtlr] resource2 sel8 flags 470 sz 0x1000 -> kr 0x00000000 rid 78 GPUVA 0x10000448000 cpu 109248000
[mtlr]   out: 0000010000448000 0000000109248000 0000000107c73a80 0000000000000000
[mtlr]   out: 0000004e00000000 0000000000004000 000000027f683950 0000000000332538
[mtlr] resource2 sel8 flags 470 sz 0x1000 -> kr 0x00000000 rid 79 GPUVA 0x10000450000 cpu 10924c000
[mtlr]   out: 0000010000450000 000000010924c000 0000000107c73b40 0000000000000000
[mtlr]   out: 0000004f00000000 0000000000004000 000000027f683951 0000000000332539
[mtlr] resource2 sel8 flags 470 sz 0x1000 -> kr 0x00000000 rid 80 GPUVA 0x10000458000 cpu 109250000
[mtlr]   out: 0000010000458000 0000000109250000 0000000107c73c00 0000000000000000
[mtlr]   out: 0000005000000000 0000000000004000 000000027f683952 000000000033253a
[mtlr] resource2 sel8 flags 470 sz 0x1000 -> kr 0x00000000 rid 81 GPUVA 0x10000460000 cpu 109254000
[mtlr]   out: 0000010000460000 0000000109254000 0000000107c73cc0 0000000000000000
[mtlr]   out: 0000005100000000 0000000000004000 000000027f683953 000000000033253b
[mtlr] resource2 sel8 flags 470 sz 0x1000 -> kr 0x00000000 rid 82 GPUVA 0x10000468000 cpu 109258000
[mtlr]   out: 0000010000468000 0000000109258000 0000000107c73d80 0000000000000000
[mtlr]   out: 0000005200000000 0000000000004000 000000027f683954 000000000033253c
[mtlr] resource2 sel8 flags 470 sz 0x1000 -> kr 0x00000000 rid 83 GPUVA 0x10000470000 cpu 10925c000
[mtlr]   out: 0000010000470000 000000010925c000 0000000107c73e40 0000000000000000
[mtlr]   out: 0000005300000000 0000000000004000 000000027f683955 000000000033253d
[mtlr] resource2 sel8 flags 470 sz 0x1000 -> kr 0x00000000 rid 84 GPUVA 0x10000478000 cpu 109260000
[mtlr]   out: 0000010000478000 0000000109260000 0000000107c73f00 0000000000000000
[mtlr]   out: 0000005400000000 0000000000004000 000000027f683956 000000000033253e
[mtlr] resource2 sel8 flags 470 sz 0x1000 -> kr 0x00000000 rid 85 GPUVA 0x10000480000 cpu 109264000
[mtlr]   out: 0000010000480000 0000000109264000 0000000107c73fc0 0000000000000000
[mtlr]   out: 0000005500000000 0000000000004000 000000027f683957 000000000033253f
[mtlr] resource2 sel8 flags 470 sz 0x1000 -> kr 0x00000000 rid 86 GPUVA 0x10000488000 cpu 109268000
[mtlr]   out: 0000010000488000 0000000109268000 0000000107c74080 0000000000000000
[mtlr]   out: 0000005600000000 0000000000004000 000000027f683958 0000000000332540
[mtlr] resource2 sel8 flags 470 sz 0x1000 -> kr 0x00000000 rid 87 GPUVA 0x10000490000 cpu 10926c000
[mtlr]   out: 0000010000490000 000000010926c000 0000000107c74140 0000000000000000
[mtlr]   out: 0000005700000000 0000000000004000 000000027f683959 0000000000332541
[mtlr] resource2 sel8 flags 470 sz 0x1000 -> kr 0x00000000 rid 88 GPUVA 0x10000498000 cpu 109270000
[mtlr]   out: 0000010000498000 0000000109270000 0000000107c74200 0000000000000000
[mtlr]   out: 0000005800000000 0000000000004000 000000027f68395a 0000000000332542
[mtlr] resource2 sel8 flags 470 sz 0x1000 -> kr 0x00000000 rid 89 GPUVA 0x100004a0000 cpu 109274000
[mtlr]   out: 00000100004a0000 0000000109274000 0000000107c742c0 0000000000000000
[mtlr]   out: 0000005900000000 0000000000004000 000000027f68395b 0000000000332543
[mtlr] resource2 sel8 flags 470 sz 0x1000 -> kr 0x00000000 rid 90 GPUVA 0x100004a8000 cpu 109278000
[mtlr]   out: 00000100004a8000 0000000109278000 0000000107c74380 0000000000000000
[mtlr]   out: 0000005a00000000 0000000000004000 000000027f68395c 0000000000332544
[mtlr] resource2 sel8 flags 470 sz 0x1000 -> kr 0x00000000 rid 91 GPUVA 0x100004b0000 cpu 10927c000
[mtlr]   out: 00000100004b0000 000000010927c000 0000000107c74440 0000000000000000
[mtlr]   out: 0000005b00000000 0000000000004000 000000027f68395d 0000000000332545
[mtlr] resource2 sel8 flags 470 sz 0x1000 -> kr 0x00000000 rid 92 GPUVA 0x100004b8000 cpu 109280000
[mtlr]   out: 00000100004b8000 0000000109280000 0000000107c74500 0000000000000000
[mtlr]   out: 0000005c00000000 0000000000004000 000000027f68395e 0000000000332546
[mtlr] resource2 sel8 flags 470 sz 0x10000 -> kr 0x00000000 rid 191 GPUVA 0x100028d0000 cpu 10b608000
[mtlr]   out: 00000100028d0000 000000010b608000 0000000107c78f40 0000000000000000
[mtlr]   out: 000000bf00000000 0000000000010000 00000002806839ec 00000000003325c7
[uatrec] S2 r0: victim rid 191 slots 10 — destroy + junk flush (PANIC possible)
[uatrec] S2 r0: destroy kr 0x00000000 + 40 junk destroys — immediate reclaim wave
[mtlr] resource2 sel8 flags 470 sz 0x10000 -> kr 0x00000000 rid 53 GPUVA 0x10000380000 cpu 1091ec000
[mtlr]   out: 0000010000380000 00000001091ec000 0000000107c727c0 0000000000000000
[mtlr]   out: 0000003500000000 0000000000010000 0000000280683a54 00000000003325d6
[uatrec] S2 r0 wave[0] rid 53 gpuva 0x10000380000 cpu 0x1091ec000
[mtlr] resource2 sel8 flags 470 sz 0x10000 -> kr 0x00000000 rid 54 GPUVA 0x10000398000 cpu 1091fc000
[mtlr]   out: 0000010000398000 00000001091fc000 0000000107c72880 0000000000000000
[mtlr]   out: 0000003600000000 0000000000010000 0000000280683a55 00000000003325d7
[uatrec] S2 r0 wave[1] rid 54 gpuva 0x10000398000 cpu 0x1091fc000
[mtlr] resource2 sel8 flags 470 sz 0x10000 -> kr 0x00000000 rid 55 GPUVA 0x100003b0000 cpu 10920c000
[mtlr]   out: 00000100003b0000 000000010920c000 0000000107c72940 0000000000000000
[mtlr]   out: 0000003700000000 0000000000010000 0000000280683a56 00000000003325d8
[uatrec] S2 r0 wave[2] rid 55 gpuva 0x100003b0000 cpu 0x10920c000
[mtlr] resource2 sel8 flags 470 sz 0x10000 -> kr 0x00000000 rid 56 GPUVA 0x100003c8000 cpu 10921c000
[mtlr]   out: 00000100003c8000 000000010921c000 0000000107c72a00 0000000000000000
[mtlr]   out: 0000003800000000 0000000000010000 0000000280683a57 00000000003325d9
[uatrec] S2 r0 wave[3] rid 56 gpuva 0x100003c8000 cpu 0x10921c000
[mtlr] resource2 sel8 flags 470 sz 0x10000 -> kr 0x00000000 rid 57 GPUVA 0x100003e0000 cpu 10922c000
[mtlr]   out: 00000100003e0000 000000010922c000 0000000107c72ac0 0000000000000000
[mtlr]   out: 0000003900000000 0000000000010000 0000000280683a58 00000000003325da
[uatrec] S2 r0 wave[4] rid 57 gpuva 0x100003e0000 cpu 0x10922c000
[mtlr] resource2 sel8 flags 470 sz 0x10000 -> kr 0x00000000 rid 58 GPUVA 0x100003f8000 cpu 10923c000
[mtlr]   out: 00000100003f8000 000000010923c000 0000000107c72b80 0000000000000000
[mtlr]   out: 0000003a00000000 0000000000010000 0000000280683a59 00000000003325db
[uatrec] S2 r0 wave[5] rid 58 gpuva 0x100003f8000 cpu 0x10923c000
[mtlr] resource2 sel8 flags 470 sz 0x10000 -> kr 0x00000000 rid 59 GPUVA 0x10000410000 cpu 10924c000
[mtlr]   out: 0000010000410000 000000010924c000 0000000107c72c40 0000000000000000
[mtlr]   out: 0000003b00000000 0000000000010000 0000000280683a5a 00000000003325dc
[uatrec] S2 r0 wave[6] rid 59 gpuva 0x10000410000 cpu 0x10924c000
[mtlr] resource2 sel8 flags 470 sz 0x10000 -> kr 0x00000000 rid 60 GPUVA 0x10000428000 cpu 10925c000
[mtlr]   out: 0000010000428000 000000010925c000 0000000107c72d00 0000000000000000
[mtlr]   out: 0000003c00000000 0000000000010000 0000000280683a5b 00000000003325dd
[uatrec] S2 r0 wave[7] rid 60 gpuva 0x10000428000 cpu 0x10925c000
[mtlr] resource2 sel8 flags 470 sz 0x10000 -> kr 0x00000000 rid 61 GPUVA 0x10000440000 cpu 10926c000
[mtlr]   out: 0000010000440000 000000010926c000 0000000107c72dc0 0000000000000000
[mtlr]   out: 0000003d00000000 0000000000010000 0000000280683a5c 00000000003325de
[uatrec] S2 r0 wave[8] rid 61 gpuva 0x10000440000 cpu 0x10926c000
[mtlr] resource2 sel8 flags 470 sz 0x10000 -> kr 0x00000000 rid 62 GPUVA 0x10000458000 cpu 10a284000
[mtlr]   out: 0000010000458000 000000010a284000 0000000107c72e80 0000000000000000
[mtlr]   out: 0000003e00000000 0000000000010000 0000000280683a5d 00000000003325df
[uatrec] S2 r0 wave[9] rid 62 gpuva 0x10000458000 cpu 0x10a284000
[mtlr] resource2 sel8 flags 470 sz 0x10000 -> kr 0x00000000 rid 63 GPUVA 0x10000470000 cpu 10a294000
[mtlr]   out: 0000010000470000 000000010a294000 0000000107c72f40 0000000000000000
[mtlr]   out: 0000003f00000000 0000000000010000 0000000280683a5e 00000000003325e0
[uatrec] S2 r0 wave[10] rid 63 gpuva 0x10000470000 cpu 0x10a294000
[mtlr] resource2 sel8 flags 470 sz 0x10000 -> kr 0x00000000 rid 64 GPUVA 0x10000488000 cpu 10a2a4000
[mtlr]   out: 0000010000488000 000000010a2a4000 0000000107c73000 0000000000000000
[mtlr]   out: 0000004000000000 0000000000010000 0000000280683a5f 00000000003325e1
[uatrec] S2 r0 wave[11] rid 64 gpuva 0x10000488000 cpu 0x10a2a4000
[mtlr] resource2 sel8 flags 470 sz 0x10000 -> kr 0x00000000 rid 65 GPUVA 0x100004a0000 cpu 10a2b4000
[mtlr]   out: 00000100004a0000 000000010a2b4000 0000000107c730c0 0000000000000000
[mtlr]   out: 0000004100000000 0000000000010000 0000000280683a60 00000000003325e2
[uatrec] S2 r0 wave[12] rid 65 gpuva 0x100004a0000 cpu 0x10a2b4000
[mtlr] resource2 sel8 flags 470 sz 0x10000 -> kr 0x00000000 rid 66 GPUVA 0x100014c8000 cpu 10a2c4000
[mtlr]   out: 00000100014c8000 000000010a2c4000 0000000107c73180 0000000000000000
[mtlr]   out: 0000004200000000 0000000000010000 0000000280683a61 00000000003325e3
[uatrec] S2 r0 wave[13] rid 66 gpuva 0x100014c8000 cpu 0x10a2c4000
[mtlr] resource2 sel8 flags 470 sz 0x10000 -> kr 0x00000000 rid 67 GPUVA 0x100014e0000 cpu 10a2d4000
[mtlr]   out: 00000100014e0000 000000010a2d4000 0000000107c73240 0000000000000000
[mtlr]   out: 0000004300000000 0000000000010000 0000000280683a62 00000000003325e4
[uatrec] S2 r0 wave[14] rid 67 gpuva 0x100014e0000 cpu 0x10a2d4000
[mtlr] resource2 sel8 flags 470 sz 0x10000 -> kr 0x00000000 rid 68 GPUVA 0x100014f8000 cpu 10a2e4000
[mtlr]   out: 00000100014f8000 000000010a2e4000 0000000107c73300 0000000000000000
[mtlr]   out: 0000004400000000 0000000000010000 0000000280683a63 00000000003325e5
[uatrec] S2 r0 wave[15] rid 68 gpuva 0x100014f8000 cpu 0x10a2e4000
[uatrec] S2 r0: drained, cb status 4
[uatrec] S2 r0: victim(old map) 0x41 65536 nz 65536 *** write-after-destroy (v105 control) ***
[uatrec] S2 r0: wave clean (no 0x41/foreign content)
[uatrec] S2 round 1 at +1006ms (round 0 flush-relative)
[mtlr] resource2 sel8 flags 470 sz 0x1000 -> kr 0x00000000 rid 69 GPUVA 0x100004b8000 cpu 10927c000
[mtlr]   out: 00000100004b8000 000000010927c000 0000000107c733c0 0000000000000000
[mtlr]   out: 0000004500000000 0000000000004000 0000000280683d3e 00000000003325ea
[mtlr] resource2 sel8 flags 470 sz 0x1000 -> kr 0x00000000 rid 70 GPUVA 0x10001510000 cpu 109280000
[mtlr]   out: 0000010001510000 0000000109280000 0000000107c73480 0000000000000000
[mtlr]   out: 0000004600000000 0000000000004000 0000000280683d3f 00000000003325eb
[mtlr] resource2 sel8 flags 470 sz 0x1000 -> kr 0x00000000 rid 71 GPUVA 0x10001518000 cpu 10a2f4000
[mtlr]   out: 0000010001518000 000000010a2f4000 0000000107c73540 0000000000000000
[mtlr]   out: 0000004700000000 0000000000004000 0000000280683d40 00000000003325ec
[mtlr] resource2 sel8 flags 470 sz 0x1000 -> kr 0x00000000 rid 72 GPUVA 0x10001520000 cpu 10a2f8000
[mtlr]   out: 0000010001520000 000000010a2f8000 0000000107c73600 0000000000000000
[mtlr]   out: 0000004800000000 0000000000004000 0000000280683d41 00000000003325ed
[mtlr] resource2 sel8 flags 470 sz 0x1000 -> kr 0x00000000 rid 73 GPUVA 0x10001528000 cpu 10a2fc000
[mtlr]   out: 0000010001528000 000000010a2fc000 0000000107c736c0 0000000000000000
[mtlr]   out: 0000004900000000 0000000000004000 0000000280683d42 00000000003325ee
[mtlr] resource2 sel8 flags 470 sz 0x1000 -> kr 0x00000000 rid 74 GPUVA 0x10001530000 cpu 10a300000
[mtlr]   out: 0000010001530000 000000010a300000 0000000107c73780 0000000000000000
[mtlr]   out: 0000004a00000000 0000000000004000 0000000280683d43 00000000003325ef
[mtlr] resource2 sel8 flags 470 sz 0x1000 -> kr 0x00000000 rid 75 GPUVA 0x10001538000 cpu 10a304000
[mtlr]   out: 0000010001538000 000000010a304000 0000000107c73840 0000000000000000
[mtlr]   out: 0000004b00000000 0000000000004000 0000000280683d44 00000000003325f0
[mtlr] resource2 sel8 flags 470 sz 0x1000 -> kr 0x00000000 rid 76 GPUVA 0x10001540000 cpu 10a308000
[mtlr]   out: 0000010001540000 000000010a308000 0000000107c73900 0000000000000000
[mtlr]   out: 0000004c00000000 0000000000004000 0000000280683d45 00000000003325f1
[mtlr] resource2 sel8 flags 470 sz 0x1000 -> kr 0x00000000 rid 77 GPUVA 0x10001548000 cpu 10a30c000
[mtlr]   out: 0000010001548000 000000010a30c000 0000000107c739c0 0000000000000000
[mtlr]   out: 0000004d00000000 0000000000004000 0000000280683d46 00000000003325f2
[mtlr] resource2 sel8 flags 470 sz 0x1000 -> kr 0x00000000 rid 78 GPUVA 0x10001550000 cpu 10a310000
[mtlr]   out: 0000010001550000 000000010a310000 0000000107c73a80 0000000000000000
[mtlr]   out: 0000004e00000000 0000000000004000 0000000280683d47 00000000003325f3
[mtlr] resource2 sel8 flags 470 sz 0x1000 -> kr 0x00000000 rid 79 GPUVA 0x10001558000 cpu 10a314000
[mtlr]   out: 0000010001558000 000000010a314000 0000000107c73b40 0000000000000000
[mtlr]   out: 0000004f00000000 0000000000004000 0000000280683d48 00000000003325f4
[mtlr] resource2 sel8 flags 470 sz 0x1000 -> kr 0x00000000 rid 80 GPUVA 0x10001560000 cpu 10a318000
[mtlr]   out: 0000010001560000 000000010a318000 0000000107c73c00 0000000000000000
[mtlr]   out: 0000005000000000 0000000000004000 0000000280683d49 00000000003325f5
[mtlr] resource2 sel8 flags 470 sz 0x1000 -> kr 0x00000000 rid 81 GPUVA 0x10001568000 cpu 10a31c000
[mtlr]   out: 0000010001568000 000000010a31c000 0000000107c73cc0 0000000000000000
[mtlr]   out: 0000005100000000 0000000000004000 0000000280683d4a 00000000003325f6
[mtlr] resource2 sel8 flags 470 sz 0x1000 -> kr 0x00000000 rid 82 GPUVA 0x10001570000 cpu 10a320000
[mtlr]   out: 0000010001570000 000000010a320000 0000000107c73d80 0000000000000000
[mtlr]   out: 0000005200000000 0000000000004000 0000000280683d4b 00000000003325f7
[mtlr] resource2 sel8 flags 470 sz 0x1000 -> kr 0x00000000 rid 83 GPUVA 0x10001578000 cpu 10a324000
[mtlr]   out: 0000010001578000 000000010a324000 0000000107c73e40 0000000000000000
[mtlr]   out: 0000005300000000 0000000000004000 0000000280683d4c 00000000003325f8
[mtlr] resource2 sel8 flags 470 sz 0x1000 -> kr 0x00000000 rid 84 GPUVA 0x10001580000 cpu 10a328000
[mtlr]   out: 0000010001580000 000000010a328000 0000000107c73f00 0000000000000000
[mtlr]   out: 0000005400000000 0000000000004000 0000000280683d4d 00000000003325f9
[mtlr] resource2 sel8 flags 470 sz 0x1000 -> kr 0x00000000 rid 85 GPUVA 0x10001588000 cpu 10a32c000
[mtlr]   out: 0000010001588000 000000010a32c000 0000000107c73fc0 0000000000000000
[mtlr]   out: 0000005500000000 0000000000004000 0000000280683d4e 00000000003325fa
[mtlr] resource2 sel8 flags 470 sz 0x1000 -> kr 0x00000000 rid 86 GPUVA 0x10001590000 cpu 10a330000
[mtlr]   out: 0000010001590000 000000010a330000 0000000107c74080 0000000000000000
[mtlr]   out: 0000005600000000 0000000000004000 0000000280683d53 00000000003325fb
[mtlr] resource2 sel8 flags 470 sz 0x1000 -> kr 0x00000000 rid 87 GPUVA 0x10001598000 cpu 10a334000
[mtlr]   out: 0000010001598000 000000010a334000 0000000107c74140 0000000000000000
[mtlr]   out: 0000005700000000 0000000000004000 0000000280683d5a 00000000003325fc
[mtlr] resource2 sel8 flags 470 sz 0x1000 -> kr 0x00000000 rid 88 GPUVA 0x100015a0000 cpu 10a338000
[mtlr]   out: 00000100015a0000 000000010a338000 0000000107c74200 0000000000000000
[mtlr]   out: 0000005800000000 0000000000004000 0000000280683d5b 00000000003325fd
[mtlr] resource2 sel8 flags 470 sz 0x1000 -> kr 0x00000000 rid 89 GPUVA 0x100015a8000 cpu 10a33c000
[mtlr]   out: 00000100015a8000 000000010a33c000 0000000107c742c0 0000000000000000
[mtlr]   out: 0000005900000000 0000000000004000 0000000280683d5c 00000000003325fe
[mtlr] resource2 sel8 flags 470 sz 0x1000 -> kr 0x00000000 rid 90 GPUVA 0x100015b0000 cpu 10a340000
[mtlr]   out: 00000100015b0000 000000010a340000 0000000107c74380 0000000000000000
[mtlr]   out: 0000005a00000000 0000000000004000 0000000280683d5d 00000000003325ff
[mtlr] resource2 sel8 flags 470 sz 0x1000 -> kr 0x00000000 rid 91 GPUVA 0x100015b8000 cpu 10a344000
[mtlr]   out: 00000100015b8000 000000010a344000 0000000107c74440 0000000000000000
[mtlr]   out: 0000005b00000000 0000000000004000 0000000280683d5e 0000000000332600
[mtlr] resource2 sel8 flags 470 sz 0x1000 -> kr 0x00000000 rid 92 GPUVA 0x100015c0000 cpu 10a348000
[mtlr]   out: 00000100015c0000 000000010a348000 0000000107c74500 0000000000000000
[mtlr]   out: 0000005c00000000 0000000000004000 0000000280683d5f 0000000000332601
[mtlr] resource2 sel8 flags 470 sz 0x1000 -> kr 0x00000000 rid 94 GPUVA 0x100015c8000 cpu 10a34c000
[mtlr]   out: 00000100015c8000 000000010a34c000 0000000107c74680 0000000000000000
[mtlr]   out: 0000005e00000000 0000000000004000 0000000280683d60 0000000000332602
[mtlr] resource2 sel8 flags 470 sz 0x1000 -> kr 0x00000000 rid 191 GPUVA 0x100015d0000 cpu 10a350000
[mtlr]   out: 00000100015d0000 000000010a350000 0000000107c78f40 0000000000000000
[mtlr]   out: 000000bf00000000 0000000000004000 0000000280683d61 0000000000332603
[mtlr] resource2 sel8 flags 470 sz 0x1000 -> kr 0x00000000 rid 193 GPUVA 0x100015d8000 cpu 10a354000
[mtlr]   out: 00000100015d8000 000000010a354000 0000000107c790c0 0000000000000000
[mtlr]   out: 000000c100000000 0000000000004000 0000000280683d62 0000000000332604
[mtlr] resource2 sel8 flags 470 sz 0x1000 -> kr 0x00000000 rid 206 GPUVA 0x100015e0000 cpu 10a358000
[mtlr]   out: 00000100015e0000 000000010a358000 0000000107c79a80 0000000000000000
[mtlr]   out: 000000ce00000000 0000000000004000 0000000280683d63 0000000000332605
[mtlr] resource2 sel8 flags 470 sz 0x1000 -> kr 0x00000000 rid 207 GPUVA 0x100015e8000 cpu 10a35c000
[mtlr]   out: 00000100015e8000 000000010a35c000 0000000107c79b40 0000000000000000
[mtlr]   out: 000000cf00000000 0000000000004000 0000000280683d64 0000000000332606
[mtlr] resource2 sel8 flags 470 sz 0x1000 -> kr 0x00000000 rid 208 GPUVA 0x100015f0000 cpu 10a360000
[mtlr]   out: 00000100015f0000 000000010a360000 0000000107c79c00 0000000000000000
[mtlr]   out: 000000d000000000 0000000000004000 0000000280683d65 0000000000332607
[mtlr] resource2 sel8 flags 470 sz 0x1000 -> kr 0x00000000 rid 209 GPUVA 0x100015f8000 cpu 10a364000
[mtlr]   out: 00000100015f8000 000000010a364000 0000000107c79cc0 0000000000000000
[mtlr]   out: 000000d100000000 0000000000004000 0000000280683d66 0000000000332608
[mtlr] resource2 sel8 flags 470 sz 0x1000 -> kr 0x00000000 rid 210 GPUVA 0x10001600000 cpu 10a368000
[mtlr]   out: 0000010001600000 000000010a368000 0000000107c79d80 0000000000000000
[mtlr]   out: 000000d200000000 0000000000004000 0000000280683d67 0000000000332609
[mtlr] resource2 sel8 flags 470 sz 0x1000 -> kr 0x00000000 rid 211 GPUVA 0x10001608000 cpu 10a36c000
[mtlr]   out: 0000010001608000 000000010a36c000 0000000107c79e40 0000000000000000
[mtlr]   out: 000000d300000000 0000000000004000 0000000280683d68 000000000033260a
[mtlr] resource2 sel8 flags 470 sz 0x1000 -> kr 0x00000000 rid 212 GPUVA 0x10001610000 cpu 10a370000
[mtlr]   out: 0000010001610000 000000010a370000 0000000107c79f00 0000000000000000
[mtlr]   out: 000000d400000000 0000000000004000 0000000280683d69 000000000033260b
[mtlr] resource2 sel8 flags 470 sz 0x1000 -> kr 0x00000000 rid 213 GPUVA 0x10001618000 cpu 10a374000
[mtlr]   out: 0000010001618000 000000010a374000 0000000107c79fc0 0000000000000000
[mtlr]   out: 000000d500000000 0000000000004000 0000000280683d6a 000000000033260c
[mtlr] resource2 sel8 flags 470 sz 0x1000 -> kr 0x00000000 rid 214 GPUVA 0x10001620000 cpu 10a378000
[mtlr]   out: 0000010001620000 000000010a378000 0000000107c7a080 0000000000000000
[mtlr]   out: 000000d600000000 0000000000004000 0000000280683d6b 000000000033260d
[mtlr] resource2 sel8 flags 470 sz 0x1000 -> kr 0x00000000 rid 215 GPUVA 0x10001628000 cpu 10a37c000
[mtlr]   out: 0000010001628000 000000010a37c000 0000000107c7a140 0000000000000000
[mtlr]   out: 000000d700000000 0000000000004000 0000000280683d6c 000000000033260e
[mtlr] resource2 sel8 flags 470 sz 0x1000 -> kr 0x00000000 rid 216 GPUVA 0x10001630000 cpu 10a380000
[mtlr]   out: 0000010001630000 000000010a380000 0000000107c7a200 0000000000000000
[mtlr]   out: 000000d800000000 0000000000004000 0000000280683d6d 000000000033260f
[mtlr] resource2 sel8 flags 470 sz 0x1000 -> kr 0x00000000 rid 217 GPUVA 0x10001638000 cpu 10a384000
[mtlr]   out: 0000010001638000 000000010a384000 0000000107c7a2c0 0000000000000000
[mtlr]   out: 000000d900000000 0000000000004000 0000000280683d6e 0000000000332610
[mtlr] resource2 sel8 flags 470 sz 0x1000 -> kr 0x00000000 rid 218 GPUVA 0x10001640000 cpu 10a388000
[mtlr]   out: 0000010001640000 000000010a388000 0000000107c7a380 0000000000000000
[mtlr]   out: 000000da00000000 0000000000004000 0000000280683d6f 0000000000332611
[mtlr] resource2 sel8 flags 470 sz 0x10000 -> kr 0x00000000 rid 221 GPUVA 0x10001648000 cpu 10a38c000
[mtlr]   out: 0000010001648000 000000010a38c000 0000000107c7a5c0 0000000000000000
[mtlr]   out: 000000dd00000000 0000000000010000 0000000280683d73 0000000000332614
[uatrec] S2 r1: victim rid 221 slots 11 — destroy + junk flush (PANIC possible)
[uatrec] S2 r1: destroy kr 0x00000000 + 40 junk destroys — immediate reclaim wave
[mtlr] resource2 sel8 flags 470 sz 0x10000 -> kr 0x00000000 rid 69 GPUVA 0x10001510000 cpu 10a2f4000
[mtlr]   out: 0000010001510000 000000010a2f4000 0000000107c733c0 0000000000000000
[mtlr]   out: 0000004500000000 0000000000010000 0000000280683d9c 0000000000332617
[uatrec] S2 r1 wave[0] rid 69 gpuva 0x10001510000 cpu 0x10a2f4000
[mtlr] resource2 sel8 flags 470 sz 0x10000 -> kr 0x00000000 rid 70 GPUVA 0x10001528000 cpu 10a304000
[mtlr]   out: 0000010001528000 000000010a304000 0000000107c73480 0000000000000000
[mtlr]   out: 0000004600000000 0000000000010000 0000000280683d9d 0000000000332618
[uatrec] S2 r1 wave[1] rid 70 gpuva 0x10001528000 cpu 0x10a304000
[mtlr] resource2 sel8 flags 470 sz 0x10000 -> kr 0x00000000 rid 71 GPUVA 0x10001540000 cpu 10a314000
[mtlr]   out: 0000010001540000 000000010a314000 0000000107c73540 0000000000000000
[mtlr]   out: 0000004700000000 0000000000010000 0000000280683d9e 0000000000332619
[uatrec] S2 r1 wave[2] rid 71 gpuva 0x10001540000 cpu 0x10a314000
[mtlr] resource2 sel8 flags 470 sz 0x10000 -> kr 0x00000000 rid 72 GPUVA 0x10001558000 cpu 10a324000
[mtlr]   out: 0000010001558000 000000010a324000 0000000107c73600 0000000000000000
[mtlr]   out: 0000004800000000 0000000000010000 0000000280683d9f 000000000033261a
[uatrec] S2 r1 wave[3] rid 72 gpuva 0x10001558000 cpu 0x10a324000
[mtlr] resource2 sel8 flags 470 sz 0x10000 -> kr 0x00000000 rid 73 GPUVA 0x10001570000 cpu 10a334000
[mtlr]   out: 0000010001570000 000000010a334000 0000000107c736c0 0000000000000000
[mtlr]   out: 0000004900000000 0000000000010000 0000000280683da0 000000000033261b
[uatrec] S2 r1 wave[4] rid 73 gpuva 0x10001570000 cpu 0x10a334000
[mtlr] resource2 sel8 flags 470 sz 0x10000 -> kr 0x00000000 rid 74 GPUVA 0x10001588000 cpu 10a344000
[mtlr]   out: 0000010001588000 000000010a344000 0000000107c73780 0000000000000000
[mtlr]   out: 0000004a00000000 0000000000010000 0000000280683da1 000000000033261c
[uatrec] S2 r1 wave[5] rid 74 gpuva 0x10001588000 cpu 0x10a344000
[mtlr] resource2 sel8 flags 470 sz 0x10000 -> kr 0x00000000 rid 75 GPUVA 0x100015a0000 cpu 10a354000
[mtlr]   out: 00000100015a0000 000000010a354000 0000000107c73840 0000000000000000
[mtlr]   out: 0000004b00000000 0000000000010000 0000000280683da2 000000000033261d
[uatrec] S2 r1 wave[6] rid 75 gpuva 0x100015a0000 cpu 0x10a354000
[mtlr] resource2 sel8 flags 470 sz 0x10000 -> kr 0x00000000 rid 76 GPUVA 0x100015b8000 cpu 10a364000
[mtlr]   out: 00000100015b8000 000000010a364000 0000000107c73900 0000000000000000
[mtlr]   out: 0000004c00000000 0000000000010000 0000000280683da3 000000000033261e
[uatrec] S2 r1 wave[7] rid 76 gpuva 0x100015b8000 cpu 0x10a364000
[mtlr] resource2 sel8 flags 470 sz 0x10000 -> kr 0x00000000 rid 77 GPUVA 0x100015d0000 cpu 10a374000
[mtlr]   out: 00000100015d0000 000000010a374000 0000000107c739c0 0000000000000000
[mtlr]   out: 0000004d00000000 0000000000010000 0000000280683da4 000000000033261f
[uatrec] S2 r1 wave[8] rid 77 gpuva 0x100015d0000 cpu 0x10a374000
[mtlr] resource2 sel8 flags 470 sz 0x10000 -> kr 0x00000000 rid 78 GPUVA 0x100015e8000 cpu 10a3ac000
[mtlr]   out: 00000100015e8000 000000010a3ac000 0000000107c73a80 0000000000000000
[mtlr]   out: 0000004e00000000 0000000000010000 0000000280683da5 0000000000332620
[uatrec] S2 r1 wave[9] rid 78 gpuva 0x100015e8000 cpu 0x10a3ac000
[mtlr] resource2 sel8 flags 470 sz 0x10000 -> kr 0x00000000 rid 79 GPUVA 0x10001600000 cpu 10a3bc000
[mtlr]   out: 0000010001600000 000000010a3bc000 0000000107c73b40 0000000000000000
[mtlr]   out: 0000004f00000000 0000000000010000 0000000280683da6 0000000000332621
[uatrec] S2 r1 wave[10] rid 79 gpuva 0x10001600000 cpu 0x10a3bc000
[mtlr] resource2 sel8 flags 470 sz 0x10000 -> kr 0x00000000 rid 80 GPUVA 0x10001618000 cpu 10a3cc000
[mtlr]   out: 0000010001618000 000000010a3cc000 0000000107c73c00 0000000000000000
[mtlr]   out: 0000005000000000 0000000000010000 0000000280683da7 0000000000332622
[uatrec] S2 r1 wave[11] rid 80 gpuva 0x10001618000 cpu 0x10a3cc000
[mtlr] resource2 sel8 flags 470 sz 0x10000 -> kr 0x00000000 rid 81 GPUVA 0x10001630000 cpu 10a3dc000
[mtlr]   out: 0000010001630000 000000010a3dc000 0000000107c73cc0 0000000000000000
[mtlr]   out: 0000005100000000 0000000000010000 0000000280683da8 0000000000332623
[uatrec] S2 r1 wave[12] rid 81 gpuva 0x10001630000 cpu 0x10a3dc000
[mtlr] resource2 sel8 flags 470 sz 0x10000 -> kr 0x00000000 rid 82 GPUVA 0x10001648000 cpu 10a3ec000
[mtlr]   out: 0000010001648000 000000010a3ec000 0000000107c73d80 0000000000000000
[mtlr]   out: 0000005200000000 0000000000010000 0000000280683da9 0000000000332624
[uatrec] S2 r1 wave[13] rid 82 gpuva 0x10001648000 cpu 0x10a3ec000
[mtlr] resource2 sel8 flags 470 sz 0x10000 -> kr 0x00000000 rid 83 GPUVA 0x10001678000 cpu 10a3fc000
[mtlr]   out: 0000010001678000 000000010a3fc000 0000000107c73e40 0000000000000000
[mtlr]   out: 0000005300000000 0000000000010000 0000000280683daa 0000000000332625
[uatrec] S2 r1 wave[14] rid 83 gpuva 0x10001678000 cpu 0x10a3fc000
[mtlr] resource2 sel8 flags 470 sz 0x10000 -> kr 0x00000000 rid 84 GPUVA 0x10001690000 cpu 10a40c000
[mtlr]   out: 0000010001690000 000000010a40c000 0000000107c73f00 0000000000000000
[mtlr]   out: 0000005400000000 0000000000010000 0000000280683dab 0000000000332626
[uatrec] S2 r1 wave[15] rid 84 gpuva 0x10001690000 cpu 0x10a40c000
[uatrec] S2 r1: drained, cb status 4
[uatrec] S2 r1: victim(old map) 0x41 65536 nz 65536 *** write-after-destroy (v105 control) ***
[uatrec] S2 r1: wave clean (no 0x41/foreign content)
[uatrec] done (alive)
[probe13] uatrec-only mode, stop
