    isSMSRelayCapable = 1;
    isSMSRelayCapable = 1;
    isSMSRelayCapable = 1;
    isSMSRelayCapable = 1;
Sep  8 15:24:24.726872 kernel(AppleH16ANEInterface)[0] <Notice>: : ANEProgramResource: Dart page size program initi:16384
Sep  8 15:24:24.759948 kernel(AppleH16ANEInterface)[0] <Notice>: : _dartMap: dartMap[aneId=0 surfaceID=0 usageType=11]: dartAddress=0x100016fc000 offset=0x0 finalAddr=0x100016fc000
Sep  8 15:24:24.759997 kernel(AppleH16ANEInterface)[0] <Notice>: : _dartMap: dartMap[aneId=0 surfaceID=0 usageType=9]: dartAddress=0x10002e20000 offset=0x1300 finalAddr=0x10002e21300
Sep  8 15:24:24.760137 kernel(AppleH16ANEInterface)[0] <Notice>: : _dartMap: dartMap[aneId=0 surfaceID=0 usageType=8]: dartAddress=0x10002f18000 offset=0x0 finalAddr=0x10002f18000
Sep  8 15:24:24.773910 kernel(AppleH16ANEInterface)[0] <Notice>: : _dartMap: dartMap[aneId=0 surfaceID=226 usageType=2]: dartAddress=0x10003294000 offset=0x0 finalAddr=0x10003294000
Sep  8 15:24:24.773927 kernel(AppleH16ANEInterface)[0] <Notice>: : _dartMap: dartMap[aneId=0 surfaceID=443 usageType=2]: dartAddress=0x10003358000 offset=0x0 finalAddr=0x10003358000
Sep  8 15:24:24.773938 kernel(AppleH16ANEInterface)[0] <Notice>: : _dartMap: dartMap[aneId=0 surfaceID=390 usageType=1]: dartAddress=0x10003420000 offset=0x0 finalAddr=0x10003420000
Sep  8 15:24:24.774380 kernel(AppleH16ANEInterface)[0] <Notice>: : _dartMap: dartMap[aneId=0 surfaceID=0 usageType=7]: dartAddress=0x10003468000 offset=0x0 finalAddr=0x10003468000
Sep  8 15:24:24.778011 kernel(AppleH16ANEInterface)[0] <Notice>: : _dartMap: dartMap[aneId=0 surfaceID=0 usageType=9]: dartAddress=0x1000382c000 offset=0x0 finalAddr=0x1000382c000
Sep  8 15:24:24.886409 kernel(AppleH16ANEInterface)[0] <Notice>: : _dartMap: dartMap[aneId=0 surfaceID=455 usageType=2]: dartAddress=0x10007a0c000 offset=0x0 finalAddr=0x10007a0c000
Sep  8 15:24:25.045686 kernel(AppleH16ANEInterface)[0] <Notice>: : _dartMap: dartMap[aneId=0 surfaceID=464 usageType=2]: dartAddress=0x10007ad4000 offset=0x0 finalAddr=0x10007ad4000
Sep  8 15:24:25.045717 kernel(AppleH16ANEInterface)[0] <Notice>: : _dartMap: dartMap[aneId=0 surfaceID=471 usageType=2]: dartAddress=0x10007b98000 offset=0x0 finalAddr=0x10007b98000
Sep  8 15:24:25.045776 kernel(AppleH16ANEInterface)[0] <Notice>: : _dartMap: dartMap[aneId=0 surfaceID=469 usageType=1]: dartAddress=0x10007c60000 offset=0x0 finalAddr=0x10007c60000
Sep  8 15:24:25.172415 kernel(AppleH16ANEInterface)[0] <Notice>: : _dartMap: dartMap[aneId=0 surfaceID=475 usageType=2]: dartAddress=0x10007ca8000 offset=0x0 finalAddr=0x10007ca8000
Sep  8 15:25:55.418443 kernel(AppleH16ANEInterface)[0] <Notice>: : ANEProgramResource: Dart page size program initi:16384
Sep  8 15:25:55.446489 kernel(AppleH16ANEInterface)[0] <Notice>: : _dartMap: dartMap[aneId=0 surfaceID=0 usageType=9]: dartAddress=0x10002e20000 offset=0x0 finalAddr=0x10002e20000
Sep  8 15:25:55.447314 kernel(AppleH16ANEInterface)[0] <Notice>: : _dartMap: dartMap[aneId=0 surfaceID=0 usageType=8]: dartAddress=0x100054ec000 offset=0x0 finalAddr=0x100054ec000
Sep  8 15:25:55.602128 kernel(AppleH16ANEInterface)[0] <Notice>: : _dartMap: dartMap[aneId=0 surfaceID=0 usageType=13]: dartAddress=0x100097e0000 offset=0x0 finalAddr=0x100097e0000
Sep  8 15:25:57.748881 kernel(AppleH16ANEInterface)[0] <Notice>: : _dartMap: dartMap[aneId=0 surfaceID=0 usageType=9]: dartAddress=0x100116fc000 offset=0x0 finalAddr=0x100116fc000
Sep  8 15:25:57.754705 kernel(AppleH16ANEInterface)[0] <Notice>: : _dartMap: dartMap[aneId=0 surfaceID=0 usageType=9]: dartAddress=0x100196f0000 offset=0x0 finalAddr=0x100196f0000
Sep  8 15:25:57.759711 kernel(AppleH16ANEInterface)[0] <Notice>: : _dartMap: dartMap[aneId=0 surfaceID=0 usageType=9]: dartAddress=0x100216e0000 offset=0x0 finalAddr=0x100216e0000
Sep  8 15:25:57.763351 kernel(AppleH16ANEInterface)[0] <Notice>: : _dartMap: dartMap[aneId=0 surfaceID=0 usageType=9]: dartAddress=0x100296e0000 offset=0x0 finalAddr=0x100296e0000
Sep  8 15:25:57.766626 kernel(AppleH16ANEInterface)[0] <Notice>: : _dartMap: dartMap[aneId=0 surfaceID=0 usageType=9]: dartAddress=0x100316dc000 offset=0x0 finalAddr=0x100316dc000
Sep  8 15:25:57.767418 kernel(AppleH16ANEInterface)[0] <Notice>: : _dartMap: dartMap[aneId=0 surfaceID=0 usageType=9]: dartAddress=0x100396c4000 offset=0x0 finalAddr=0x100396c4000
Sep  8 15:25:57.767495 kernel(AppleH16ANEInterface)[0] <Notice>: : _dartMap: dartMap[aneId=0 surfaceID=0 usageType=9]: dartAddress=0x1003b570000 offset=0x0 finalAddr=0x1003b570000
Sep  8 15:25:57.770656 kernel(AppleH16ANEInterface)[0] <Notice>: : _dartMap: dartMap[aneId=0 surfaceID=0 usageType=9]: dartAddress=0x1003b61c000 offset=0x0 finalAddr=0x1003b61c000
Sep  8 15:25:57.771336 kernel(AppleH16ANEInterface)[0] <Notice>: : _dartMap: dartMap[aneId=0 surfaceID=0 usageType=9]: dartAddress=0x10043604000 offset=0x0 finalAddr=0x10043604000
Sep  8 15:25:57.773347 kernel(AppleH16ANEInterface)[0] <Notice>: : _dartMap: dartMap[aneId=0 surfaceID=0 usageType=9]: dartAddress=0x100458b4000 offset=0x0 finalAddr=0x100458b4000
Sep  8 15:25:58.457131 kernel(AppleH16ANEInterface)[0] <Notice>: : _dartMap: dartMap[aneId=0 surfaceID=226 usageType=6]: dartAddress=0x100016fc000 offset=0x0 finalAddr=0x100016fc000
Sep  8 15:25:58.457174 kernel(AppleH16ANEInterface)[0] <Notice>: : _dartMap: dartMap[aneId=0 surfaceID=280 usageType=1]: dartAddress=0x1004bb38000 offset=0x0 finalAddr=0x1004bb38000
Sep  8 15:25:58.457186 kernel(AppleH16ANEInterface)[0] <Notice>: : _dartMap: dartMap[aneId=0 surfaceID=447 usageType=1]: dartAddress=0x10001704000 offset=0x0 finalAddr=0x10001704000
Sep  8 15:25:58.457198 kernel(AppleH16ANEInterface)[0] <Notice>: : _dartMap: dartMap[aneId=0 surfaceID=281 usageType=1]: dartAddress=0x1004bbbc000 offset=0x0 finalAddr=0x1004bbbc000
Sep  8 15:25:58.457206 kernel(AppleH16ANEInterface)[0] <Notice>: : _dartMap: dartMap[aneId=0 surfaceID=469 usageType=1]: dartAddress=0x10001704000 offset=0x0 finalAddr=0x10001704000
Sep  8 15:25:58.458130 kernel(AppleH16ANEInterface)[0] <Notice>: : _dartMap: dartMap[aneId=0 surfaceID=277 usageType=5]: dartAddress=0x1004bc00000 offset=0x0 finalAddr=0x1004bc00000
Sep  8 15:25:58.458151 kernel(AppleH16ANEInterface)[0] <Notice>: : _dartMap: dartMap[aneId=0 surfaceID=455 usageType=2]: dartAddress=0x10001710000 offset=0x0 finalAddr=0x10001710000
Sep  8 15:25:58.459063 kernel(AppleH16ANEInterface)[0] <Notice>: : _dartMap: dartMap[aneId=0 surfaceID=276 usageType=5]: dartAddress=0x1004df04000 offset=0x0 finalAddr=0x1004df04000
Sep  8 15:25:58.464018 kernel(AppleH16ANEInterface)[0] <Notice>: : _dartMap: dartMap[aneId=0 surfaceID=0 usageType=7]: dartAddress=0x10050208000 offset=0x0 finalAddr=0x10050208000
Sep  8 15:25:58.689759 kernel(AppleH16ANEInterface)[0] <Notice>: : _dartMap: dartMap[aneId=0 surfaceID=182 usageType=1]: dartAddress=0x1005220c000 offset=0x0 finalAddr=0x1005220c000
Sep  8 15:25:58.689837 kernel(AppleH16ANEInterface)[0] <Notice>: : _dartMap: dartMap[aneId=0 surfaceID=280 usageType=1]: dartAddress=0x1004bb38000 offset=0x0 finalAddr=0x1004bb38000
Sep  8 15:25:58.689848 kernel(AppleH16ANEInterface)[0] <Notice>: : _dartMap: dartMap[aneId=0 surfaceID=446 usageType=1]: dartAddress=0x10001718000 offset=0x0 finalAddr=0x10001718000
Sep  8 15:25:58.690969 kernel(AppleH16ANEInterface)[0] <Notice>: : _dartMap: dartMap[aneId=0 surfaceID=178 usageType=2]: dartAddress=0x10062210000 offset=0x0 finalAddr=0x10062210000
Sep  8 15:25:58.691004 kernel(AppleH16ANEInterface)[0] <Notice>: : _dartMap: dartMap[aneId=0 surfaceID=281 usageType=1]: dartAddress=0x1004bbbc000 offset=0x0 finalAddr=0x1004bbbc000
Sep  8 15:25:58.691016 kernel(AppleH16ANEInterface)[0] <Notice>: : _dartMap: dartMap[aneId=0 surfaceID=470 usageType=1]: dartAddress=0x10001718000 offset=0x0 finalAddr=0x10001718000
Sep  8 15:25:58.691046 kernel(AppleH16ANEInterface)[0] <Notice>: : _dartMap: dartMap[aneId=0 surfaceID=226 usageType=6]: dartAddress=0x100016fc000 offset=0x0 finalAddr=0x100016fc000
Sep  8 15:25:58.691187 kernel(AppleH16ANEInterface)[0] <Notice>: : _dartMap: dartMap[aneId=0 surfaceID=277 usageType=5]: dartAddress=0x1004bc00000 offset=0x0 finalAddr=0x1004bc00000
Sep  8 15:25:58.691619 kernel(AppleH16ANEInterface)[0] <Notice>: : _dartMap: dartMap[aneId=0 surfaceID=276 usageType=5]: dartAddress=0x1004df04000 offset=0x0 finalAddr=0x1004df04000
Sep  8 15:26:51.062390 kernel(AppleM2ScalerCSC)[0] <Notice>: [IOSA][ERROR][HAL         ][         AppleM2ScalerCS:148 ] MSR Debug status (MSR_CTRL_DBGSTS) error = 0x514
Sep  8 15:26:51.062530 kernel(AppleM2ScalerCSC)[0] <Notice>: [IOSA][ERROR][HAL         ][         AppleM2ScalerCS:176 ] MSR Interrupt status (MSR_GLBL_IRQSTS) error = 0x2
Sep  8 15:26:51.062578 kernel(AppleM2ScalerCSC)[0] <Notice>: [IOSA][ERROR][HAL         ][         AppleM2ScalerCS:4174] MSR Error Occurred = 0xe00002d6
Sep  8 15:29:10.990052 kernel(AKSAnalytics)[0] <Debug>: void saveExceptions(struct vnode *, ResolvedDomainPolicy *, uint32_t, _Bool, const char *, const char *): policy exception xattr for process=com.apple.biomed path=/private/var/mobile/Library/Biome/tmp/.tmp.VoGmSrPQ
Sep  8 15:29:33.356602 kernel(AppleM2ScalerCSC)[0] <Notice>: [IOSA][ERROR][HAL         ][         AppleM2ScalerCS:148 ] MSR Debug status (MSR_CTRL_DBGSTS) error = 0x514
Sep  8 15:29:33.356724 kernel(AppleM2ScalerCSC)[0] <Notice>: [IOSA][ERROR][HAL         ][         AppleM2ScalerCS:176 ] MSR Interrupt status (MSR_GLBL_IRQSTS) error = 0x2
Sep  8 15:29:33.356773 kernel(AppleM2ScalerCSC)[0] <Notice>: [IOSA][ERROR][HAL         ][         AppleM2ScalerCS:4174] MSR Error Occurred = 0xe00002d6
Sep  8 15:29:36.124683 kernel(AppleH16ANEInterface)[0] <Notice>: : ANEProgramResource: Dart page size program initi:16384
Sep  8 15:29:36.148944 kernel(AppleH16ANEInterface)[0] <Notice>: : _dartMap: dartMap[aneId=0 surfaceID=0 usageType=9]: dartAddress=0x10002e20000 offset=0x0 finalAddr=0x10002e20000
Sep  8 15:29:36.149506 kernel(AppleH16ANEInterface)[0] <Notice>: : _dartMap: dartMap[aneId=0 surfaceID=0 usageType=8]: dartAddress=0x100054ec000 offset=0x0 finalAddr=0x100054ec000
Sep  8 15:29:36.238049 kernel(AppleH16ANEInterface)[0] <Notice>: : _dartMap: dartMap[aneId=0 surfaceID=0 usageType=13]: dartAddress=0x100097e0000 offset=0x0 finalAddr=0x100097e0000
Sep  8 15:29:36.308314 kernel(AppleH16ANEInterface)[0] <Notice>: : _dartMap: dartMap[aneId=0 surfaceID=0 usageType=9]: dartAddress=0x100116fc000 offset=0x0 finalAddr=0x100116fc000
Sep  8 15:29:36.309399 kernel(AppleH16ANEInterface)[0] <Notice>: : _dartMap: dartMap[aneId=0 surfaceID=0 usageType=9]: dartAddress=0x100196f0000 offset=0x0 finalAddr=0x100196f0000
Sep  8 15:29:36.310485 kernel(AppleH16ANEInterface)[0] <Notice>: : _dartMap: dartMap[aneId=0 surfaceID=0 usageType=9]: dartAddress=0x100216e0000 offset=0x0 finalAddr=0x100216e0000
Sep  8 15:29:36.311591 kernel(AppleH16ANEInterface)[0] <Notice>: : _dartMap: dartMap[aneId=0 surfaceID=0 usageType=9]: dartAddress=0x100296e0000 offset=0x0 finalAddr=0x100296e0000
Sep  8 15:29:36.312642 kernel(AppleH16ANEInterface)[0] <Notice>: : _dartMap: dartMap[aneId=0 surfaceID=0 usageType=9]: dartAddress=0x100316dc000 offset=0x0 finalAddr=0x100316dc000
Sep  8 15:29:36.312827 kernel(AppleH16ANEInterface)[0] <Notice>: : _dartMap: dartMap[aneId=0 surfaceID=0 usageType=9]: dartAddress=0x100396c4000 offset=0x0 finalAddr=0x100396c4000
Sep  8 15:29:36.312891 kernel(AppleH16ANEInterface)[0] <Notice>: : _dartMap: dartMap[aneId=0 surfaceID=0 usageType=9]: dartAddress=0x1003b570000 offset=0x0 finalAddr=0x1003b570000
Sep  8 15:29:36.313903 kernel(AppleH16ANEInterface)[0] <Notice>: : _dartMap: dartMap[aneId=0 surfaceID=0 usageType=9]: dartAddress=0x1003b61c000 offset=0x0 finalAddr=0x1003b61c000
Sep  8 15:29:36.314216 kernel(AppleH16ANEInterface)[0] <Notice>: : _dartMap: dartMap[aneId=0 surfaceID=0 usageType=9]: dartAddress=0x10043604000 offset=0x0 finalAddr=0x10043604000
Sep  8 15:29:36.315098 kernel(AppleH16ANEInterface)[0] <Notice>: : _dartMap: dartMap[aneId=0 surfaceID=0 usageType=9]: dartAddress=0x100458b4000 offset=0x0 finalAddr=0x100458b4000
Sep  8 15:29:36.315981 kernel(AppleH16ANEInterface)[0] <Notice>: : ANEProgramResource: Dart page size program initi:16384
Sep  8 15:29:36.417208 kernel(AppleH16ANEInterface)[0] <Notice>: : _dartMap: dartMap[aneId=0 surfaceID=0 usageType=11]: dartAddress=0x100016fc000 offset=0x0 finalAddr=0x100016fc000
Sep  8 15:29:36.417238 kernel(AppleH16ANEInterface)[0] <Notice>: : _dartMap: dartMap[aneId=0 surfaceID=0 usageType=9]: dartAddress=0x10001710000 offset=0x3940 finalAddr=0x10001713940
Sep  8 15:29:36.417253 kernel(AppleH16ANEInterface)[0] <Notice>: : _dartMap: dartMap[aneId=0 surfaceID=0 usageType=8]: dartAddress=0x10001720000 offset=0x0 finalAddr=0x10001720000
Sep  8 15:29:36.435838 kernel(AppleH16ANEInterface)[0] <Notice>: : _dartMap: dartMap[aneId=0 surfaceID=462 usageType=2]: dartAddress=0x1004bd3c000 offset=0x0 finalAddr=0x1004bd3c000
Sep  8 15:29:36.435866 kernel(AppleH16ANEInterface)[0] <Notice>: : _dartMap: dartMap[aneId=0 surfaceID=455 usageType=2]: dartAddress=0x1004bd44000 offset=0x0 finalAddr=0x1004bd44000
Sep  8 15:29:36.435885 kernel(AppleH16ANEInterface)[0] <Notice>: : _dartMap: dartMap[aneId=0 surfaceID=464 usageType=2]: dartAddress=0x1004bd6c000 offset=0x0 finalAddr=0x1004bd6c000
Sep  8 15:29:36.435899 kernel(AppleH16ANEInterface)[0] <Notice>: : _dartMap: dartMap[aneId=0 surfaceID=447 usageType=1]: dartAddress=0x1004bd80000 offset=0x0 finalAddr=0x1004bd80000
Sep  8 15:29:36.436341 kernel(AppleH16ANEInterface)[0] <Notice>: : _dartMap: dartMap[aneId=0 surfaceID=0 usageType=9]: dartAddress=0x1004be14000 offset=0x0 finalAddr=0x1004be14000
Sep  8 15:29:36.436402 kernel(AppleH16ANEInterface)[0] <Notice>: : _dartMap: dartMap[aneId=0 surfaceID=0 usageType=7]: dartAddress=0x1004c8c8000 offset=0x0 finalAddr=0x1004c8c8000
Sep  8 15:29:36.518324 kernel(AppleH16ANEInterface)[0] <Notice>: : ANEProgramResource: Dart page size program initi:16384
Sep  8 15:29:36.521307 kernel(AppleH16ANEInterface)[0] <Notice>: : _dartMap: dartMap[aneId=0 surfaceID=0 usageType=11]: dartAddress=0x1004ca48000 offset=0x0 finalAddr=0x1004ca48000
Sep  8 15:29:36.521348 kernel(AppleH16ANEInterface)[0] <Notice>: : _dartMap: dartMap[aneId=0 surfaceID=0 usageType=9]: dartAddress=0x1004ca5c000 offset=0x3d40 finalAddr=0x1004ca5fd40
Sep  8 15:29:36.521401 kernel(AppleH16ANEInterface)[0] <Notice>: : _dartMap: dartMap[aneId=0 surfaceID=0 usageType=8]: dartAddress=0x1004ca68000 offset=0x0 finalAddr=0x1004ca68000
Sep  8 15:29:36.534006 kernel(AppleH16ANEInterface)[0] <Notice>: : ANEProgramResource: Dart page size program initi:16384
Sep  8 15:29:36.541829 kernel(AppleH16ANEInterface)[0] <Notice>: : _dartMap: dartMap[aneId=0 surfaceID=0 usageType=11]: dartAddress=0x1004cc74000 offset=0x0 finalAddr=0x1004cc74000
Sep  8 15:29:36.541848 kernel(AppleH16ANEInterface)[0] <Notice>: : _dartMap: dartMap[aneId=0 surfaceID=0 usageType=9]: dartAddress=0x1004cc88000 offset=0x15c0 finalAddr=0x1004cc895c0
Sep  8 15:29:36.541863 kernel(AppleH16ANEInterface)[0] <Notice>: : _dartMap: dartMap[aneId=0 surfaceID=0 usageType=8]: dartAddress=0x1004cc9c000 offset=0x0 finalAddr=0x1004cc9c000
Sep  8 15:29:36.560739 kernel(AppleH16ANEInterface)[0] <Notice>: : _dartMap: dartMap[aneId=0 surfaceID=493 usageType=2]: dartAddress=0x1004cec0000 offset=0x0 finalAddr=0x1004cec0000
Sep  8 15:29:36.560763 kernel(AppleH16ANEInterface)[0] <Notice>: : _dartMap: dartMap[aneId=0 surfaceID=494 usageType=2]: dartAddress=0x1004cec8000 offset=0x0 finalAddr=0x1004cec8000
Sep  8 15:29:36.560778 kernel(AppleH16ANEInterface)[0] <Notice>: : _dartMap: dartMap[aneId=0 surfaceID=485 usageType=2]: dartAddress=0x1004ced0000 offset=0x0 finalAddr=0x1004ced0000
Sep  8 15:29:36.560792 kernel(AppleH16ANEInterface)[0] <Notice>: : _dartMap: dartMap[aneId=0 surfaceID=491 usageType=2]: dartAddress=0x1004cee0000 offset=0x0 finalAddr=0x1004cee0000
Sep  8 15:29:36.560824 kernel(AppleH16ANEInterface)[0] <Notice>: : _dartMap: dartMap[aneId=0 surfaceID=489 usageType=2]: dartAddress=0x1004cee8000 offset=0x0 finalAddr=0x1004cee8000
Sep  8 15:29:36.560838 kernel(AppleH16ANEInterface)[0] <Notice>: : _dartMap: dartMap[aneId=0 surfaceID=490 usageType=2]: dartAddress=0x1004cf60000 offset=0x0 finalAddr=0x1004cf60000
Sep  8 15:29:36.560852 kernel(AppleH16ANEInterface)[0] <Notice>: : _dartMap: dartMap[aneId=0 surfaceID=488 usageType=2]: dartAddress=0x1004cfe4000 offset=0x0 finalAddr=0x1004cfe4000
Sep  8 15:29:36.560866 kernel(AppleH16ANEInterface)[0] <Notice>: : _dartMap: dartMap[aneId=0 surfaceID=487 usageType=2]: dartAddress=0x1004cffc000 offset=0x0 finalAddr=0x1004cffc000
Sep  8 15:29:36.560880 kernel(AppleH16ANEInterface)[0] <Notice>: : _dartMap: dartMap[aneId=0 surfaceID=492 usageType=2]: dartAddress=0x1004d018000 offset=0x0 finalAddr=0x1004d018000
Sep  8 15:29:36.560900 kernel(AppleH16ANEInterface)[0] <Notice>: : _dartMap: dartMap[aneId=0 surfaceID=486 usageType=2]: dartAddress=0x1004d020000 offset=0x0 finalAddr=0x1004d020000
Sep  8 15:29:36.560914 kernel(AppleH16ANEInterface)[0] <Notice>: : _dartMap: dartMap[aneId=0 surfaceID=483 usageType=1]: dartAddress=0x1004d028000 offset=0x0 finalAddr=0x1004d028000
Sep  8 15:29:36.562111 kernel(AppleH16ANEInterface)[0] <Notice>: : _dartMap: dartMap[aneId=0 surfaceID=0 usageType=9]: dartAddress=0x1004d0f8000 offset=0x0 finalAddr=0x1004d0f8000
Sep  8 15:29:36.562360 kernel(AppleH16ANEInterface)[0] <Notice>: : _dartMap: dartMap[aneId=0 surfaceID=0 usageType=7]: dartAddress=0x1004e5bc000 offset=0x0 finalAddr=0x1004e5bc000
Sep  8 15:29:36.580606 kernel(AppleH16ANEInterface)[0] <Notice>: : ANEProgramResource: Dart page size program initi:16384
Sep  8 15:29:36.583498 kernel(AppleH16ANEInterface)[0] <Notice>: : _dartMap: dartMap[aneId=0 surfaceID=0 usageType=11]: dartAddress=0x1004ebb0000 offset=0x0 finalAddr=0x1004ebb0000
Sep  8 15:29:36.583547 kernel(AppleH16ANEInterface)[0] <Notice>: : _dartMap: dartMap[aneId=0 surfaceID=0 usageType=9]: dartAddress=0x1004ebc4000 offset=0x3d80 finalAddr=0x1004ebc7d80
Sep  8 15:29:36.583567 kernel(AppleH16ANEInterface)[0] <Notice>: : _dartMap: dartMap[aneId=0 surfaceID=0 usageType=8]: dartAddress=0x1004ebd0000 offset=0x0 finalAddr=0x1004ebd0000
Sep  8 15:29:36.753310 kernel(AppleH16ANEInterface)[0] <Notice>: : ANEProgramResource: Dart page size program initi:16384
Sep  8 15:29:36.777224 kernel(AppleH16ANEInterface)[0] <Notice>: : _dartMap: dartMap[aneId=0 surfaceID=0 usageType=11]: dartAddress=0x1004eddc000 offset=0x0 finalAddr=0x1004eddc000
Sep  8 15:29:36.777258 kernel(AppleH16ANEInterface)[0] <Notice>: : _dartMap: dartMap[aneId=0 surfaceID=0 usageType=9]: dartAddress=0x1004edf0000 offset=0x13c0 finalAddr=0x1004edf13c0
Sep  8 15:29:36.777275 kernel(AppleH16ANEInterface)[0] <Notice>: : _dartMap: dartMap[aneId=0 surfaceID=0 usageType=8]: dartAddress=0x1004edf8000 offset=0x0 finalAddr=0x1004edf8000
Sep  8 15:29:36.790677 kernel(AppleH16ANEInterface)[0] <Notice>: : _dartMap: dartMap[aneId=0 surfaceID=501 usageType=2]: dartAddress=0x1004f010000 offset=0x0 finalAddr=0x1004f010000
Sep  8 15:29:36.790699 kernel(AppleH16ANEInterface)[0] <Notice>: : _dartMap: dartMap[aneId=0 surfaceID=504 usageType=2]: dartAddress=0x1004f018000 offset=0x0 finalAddr=0x1004f018000
Sep  8 15:29:36.790745 kernel(AppleH16ANEInterface)[0] <Notice>: : _dartMap: dartMap[aneId=0 surfaceID=500 usageType=2]: dartAddress=0x1004f020000 offset=0x0 finalAddr=0x1004f020000
Sep  8 15:29:36.790775 kernel(AppleH16ANEInterface)[0] <Notice>: : _dartMap: dartMap[aneId=0 surfaceID=503 usageType=2]: dartAddress=0x1004f044000 offset=0x0 finalAddr=0x1004f044000
Sep  8 15:29:36.790793 kernel(AppleH16ANEInterface)[0] <Notice>: : _dartMap: dartMap[aneId=0 surfaceID=505 usageType=2]: dartAddress=0x1004f060000 offset=0x0 finalAddr=0x1004f060000
Sep  8 15:29:36.790808 kernel(AppleH16ANEInterface)[0] <Notice>: : _dartMap: dartMap[aneId=0 surfaceID=502 usageType=2]: dartAddress=0x1004f068000 offset=0x0 finalAddr=0x1004f068000
Sep  8 15:29:36.790822 kernel(AppleH16ANEInterface)[0] <Notice>: : _dartMap: dartMap[aneId=0 surfaceID=499 usageType=1]: dartAddress=0x1004f070000 offset=0x0 finalAddr=0x1004f070000
Sep  8 15:29:36.792929 kernel(AppleH16ANEInterface)[0] <Notice>: : _dartMap: dartMap[aneId=0 surfaceID=0 usageType=9]: dartAddress=0x1004f104000 offset=0x0 finalAddr=0x1004f104000
Sep  8 15:29:36.793015 kernel(AppleH16ANEInterface)[0] <Notice>: : _dartMap: dartMap[aneId=0 surfaceID=0 usageType=7]: dartAddress=0x10051b94000 offset=0x0 finalAddr=0x10051b94000
Sep  8 15:29:36.821697 kernel(AppleH16ANEInterface)[0] <Notice>: : ANEProgramResource: Dart page size program initi:16384
Sep  8 15:29:36.863856 kernel(AppleH16ANEInterface)[0] <Notice>: : _dartMap: dartMap[aneId=0 surfaceID=0 usageType=11]: dartAddress=0x100016fc000 offset=0x0 finalAddr=0x100016fc000
Sep  8 15:29:36.863888 kernel(AppleH16ANEInterface)[0] <Notice>: : _dartMap: dartMap[aneId=0 surfaceID=0 usageType=9]: dartAddress=0x100095dc000 offset=0x15c0 finalAddr=0x100095dd5c0
Sep  8 15:29:36.863904 kernel(AppleH16ANEInterface)[0] <Notice>: : _dartMap: dartMap[aneId=0 surfaceID=0 usageType=8]: dartAddress=0x1004be14000 offset=0x0 finalAddr=0x1004be14000
Sep  8 15:29:36.877650 kernel(AppleH16ANEInterface)[0] <Notice>: : _dartMap: dartMap[aneId=0 surfaceID=513 usageType=2]: dartAddress=0x10001710000 offset=0x0 finalAddr=0x10001710000
Sep  8 15:29:36.877681 kernel(AppleH16ANEInterface)[0] <Notice>: : _dartMap: dartMap[aneId=0 surfaceID=514 usageType=2]: dartAddress=0x10009674000 offset=0x0 finalAddr=0x10009674000
Sep  8 15:29:36.877704 kernel(AppleH16ANEInterface)[0] <Notice>: : _dartMap: dartMap[aneId=0 surfaceID=517 usageType=2]: dartAddress=0x100096a8000 offset=0x0 finalAddr=0x100096a8000
Sep  8 15:29:36.877718 kernel(AppleH16ANEInterface)[0] <Notice>: : _dartMap: dartMap[aneId=0 surfaceID=515 usageType=2]: dartAddress=0x10001718000 offset=0x0 finalAddr=0x10001718000
Sep  8 15:29:36.877732 kernel(AppleH16ANEInterface)[0] <Notice>: : _dartMap: dartMap[aneId=0 surfaceID=508 usageType=1]: dartAddress=0x1004c1bc000 offset=0x0 finalAddr=0x1004c1bc000
Sep  8 15:29:36.882348 kernel(AppleH16ANEInterface)[0] <Notice>: : _dartMap: dartMap[aneId=0 surfaceID=0 usageType=9]: dartAddress=0x10051cec000 offset=0x0 finalAddr=0x10051cec000
Sep  8 15:29:36.883543 kernel(AppleH16ANEInterface)[0] <Notice>: : _dartMap: dartMap[aneId=0 surfaceID=0 usageType=7]: dartAddress=0x100560a4000 offset=0x0 finalAddr=0x100560a4000
Sep  8 15:29:36.931703 kernel(AppleH16ANEInterface)[0] <Notice>: : ANEProgramResource: Dart page size program initi:16384
Sep  8 15:29:37.070437 kernel(AppleH16ANEInterface)[0] <Notice>: : _dartMap: dartMap[aneId=0 surfaceID=0 usageType=11]: dartAddress=0x10001720000 offset=0x0 finalAddr=0x10001720000
Sep  8 15:29:37.070659 kernel(AppleH16ANEInterface)[0] <Notice>: : _dartMap: dartMap[aneId=0 surfaceID=0 usageType=9]: dartAddress=0x10057d80000 offset=0x3a00 finalAddr=0x10057d83a00
Sep  8 15:29:37.070704 kernel(AppleH16ANEInterface)[0] <Notice>: : _dartMap: dartMap[aneId=0 surfaceID=0 usageType=8]: dartAddress=0x100096cc000 offset=0x0 finalAddr=0x100096cc000
Sep  8 15:29:37.082441 kernel(AppleH16ANEInterface)[0] <Notice>: : ANEProgramResource: Dart page size program initi:16384
Sep  8 15:29:37.084354 kernel(AppleH16ANEInterface)[0] <Notice>: : _dartMap: dartMap[aneId=0 surfaceID=0 usageType=11]: dartAddress=0x100096f4000 offset=0x0 finalAddr=0x100096f4000
Sep  8 15:29:37.084369 kernel(AppleH16ANEInterface)[0] <Notice>: : _dartMap: dartMap[aneId=0 surfaceID=0 usageType=9]: dartAddress=0x10009708000 offset=0x1800 finalAddr=0x10009709800
Sep  8 15:29:37.084384 kernel(AppleH16ANEInterface)[0] <Notice>: : _dartMap: dartMap[aneId=0 surfaceID=0 usageType=8]: dartAddress=0x10009730000 offset=0x0 finalAddr=0x10009730000
Sep  8 15:29:37.089372 kernel(AppleH16ANEInterface)[0] <Notice>: : _dartMap: dartMap[aneId=0 surfaceID=525 usageType=2]: dartAddress=0x1000973c000 offset=0x0 finalAddr=0x1000973c000
Sep  8 15:29:37.089412 kernel(AppleH16ANEInterface)[0] <Notice>: : _dartMap: dartMap[aneId=0 surfaceID=526 usageType=1]: dartAddress=0x10009760000 offset=0x0 finalAddr=0x10009760000
Sep  8 15:29:37.089427 kernel(AppleH16ANEInterface)[0] <Notice>: : _dartMap: dartMap[aneId=0 surfaceID=0 usageType=7]: dartAddress=0x10009798000 offset=0x0 finalAddr=0x10009798000
Sep  8 15:29:37.089625 kernel(AppleH16ANEInterface)[0] <Notice>: : _dartMap: dartMap[aneId=0 surfaceID=0 usageType=9]: dartAddress=0x1004c5d4000 offset=0x0 finalAddr=0x1004c5d4000
Sep  8 15:29:37.092318 kernel(AppleH16ANEInterface)[0] <Notice>: : _dartMap: dartMap[aneId=0 surfaceID=522 usageType=2]: dartAddress=0x100585fc000 offset=0x0 finalAddr=0x100585fc000
Sep  8 15:29:37.092364 kernel(AppleH16ANEInterface)[0] <Notice>: : _dartMap: dartMap[aneId=0 surfaceID=520 usageType=1]: dartAddress=0x100585fc000 offset=0x0 finalAddr=0x100585fc000
Sep  8 15:29:37.092402 kernel(AppleH16ANEInterface)[0] <Notice>: : _dartMap: dartMap[aneId=0 surfaceID=521 usageType=1]: dartAddress=0x100585fc000 offset=0x0 finalAddr=0x100585fc000
Sep  8 15:29:37.092418 kernel(AppleH16ANEInterface)[0] <Notice>: : _dartMap: dartMap[aneId=0 surfaceID=0 usageType=7]: dartAddress=0x1004c99c000 offset=0x0 finalAddr=0x1004c99c000
Sep  8 15:29:37.092729 kernel(AppleH16ANEInterface)[0] <Notice>: : _dartMap: dartMap[aneId=0 surfaceID=0 usageType=9]: dartAddress=0x1005871c000 offset=0x0 finalAddr=0x1005871c000
Sep  8 15:29:40.995453 identityservicesd(IDSFoundation)[68] <Notice>: GLUCreateQRStunMessageEvent: reportingDataBlob: AAAAArgUopNKtcfmsIBfe4DeN1sXqKLAzAZc/ipTGmexdkHRn/xNPcfc0iOyHy9dyNpINw2o+FdUqdcs0vgwT93EMan8+KFGppA1k+tOEX9DofDYCYw92nXW6tRMwE5Ek3sbbg8JOx1PbccPQ1gk3TAbvIOM97knx9pj4ztT+IBIQPo+ZEf6Z3E2rGxI4PpcUri7A35ZcMA4HJZfRQKRHFMsROjLqVoGjT6AR2TLwR+CXuohqJpyLXbw2MvoiIiDUm8CqCTw6tf1x56RwpGkReg3oei4ULgF10aGrar/N9UaXb25pXfmIg3ICLmZL68zPUUrwM9+cGJGBtvbMPuGViBrhHJJMD2zp6XmfsjEY6NaDXd3VNPS/xjQYR8v+VmPn510dxDZDNUw09SA5VtTS4Z7/0lWRMDRV07j5uAm, serverSoftwareVersion: 2632B1701
    QBLOB = "AAAAArgUopNKtcfmsIBfe4DeN1sXqKLAzAZc/ipTGmexdkHRn/xNPcfc0iOyHy9dyNpINw2o+FdUqdcs0vgwT93EMan8+KFGppA1k+tOEX9DofDYCYw92nXW6tRMwE5Ek3sbbg8JOx1PbccPQ1gk3TAbvIOM97knx9pj4ztT+IBIQPo+ZEf6Z3E2rGxI4PpcUri7A35ZcMA4HJZfRQKRHFMsROjLqVoGjT6AR2TLwR+CXuohqJpyLXbw2MvoiIiDUm8CqCTw6tf1x56RwpGkReg3oei4ULgF10aGrar/N9UaXb25pXfmIg3ICLmZL68zPUUrwM9+cGJGBtvbMPuGViBrhHJJMD2zp6XmfsjEY6NaDXd3VNPS/xjQYR8v+VmPn510dxDZDNUw09SA5VtTS4Z7/0lWRMDRV07j5uAm";
    QBLOB = "AAAAArgUopNKtcfmsIBfe4DeN1sXqKLAzAZc/ipTGmexdkHRn/xNPcfc0iOyHy9dyNpINw2o+FdUqdcs0vgwT93EMan8+KFGppA1k+tOEX9DofDYCYw92nXW6tRMwE5Ek3sbbg8JOx1PbccPQ1gk3TAbvIOM97knx9pj4ztT+IBIQPo+ZEf6Z3E2rGxI4PpcUri7A35ZcMA4HJZfRQKRHFMsROjLqVoGjT6AR2TLwR+CXuohqJpyLXbw2MvoiIiDUm8CqCTw6tf1x56RwpGkReg3oei4ULgF10aGrar/N9UaXb25pXfmIg3ICLmZL68zPUUrwM9+cGJGBtvbMPuGViBrhHJJMD2zp6XmfsjEY6NaDXd3VNPS/xjQYR8v+VmPn510dxDZDNUw09SA5VtTS4Z7/0lWRMDRV07j5uAm";
    QBLOB = "AAAAArgUopNKtcfmsIBfe4DeN1sXqKLAzAZc/ipTGmexdkHRn/xNPcfc0iOyHy9dyNpINw2o+FdUqdcs0vgwT93EMan8+KFGppA1k+tOEX9DofDYCYw92nXW6tRMwE5Ek3sbbg8JOx1PbccPQ1gk3TAbvIOM97knx9pj4ztT+IBIQPo+ZEf6Z3E2rGxI4PpcUri7A35ZcMA4HJZfRQKRHFMsROjLqVoGjT6AR2TLwR+CXuohqJpyLXbw2MvoiIiDUm8CqCTw6tf1x56RwpGkReg3oei4ULgF10aGrar/N9UaXb25pXfmIg3ICLmZL68zPUUrwM9+cGJGBtvbMPuGViBrhHJJMD2zp6XmfsjEY6NaDXd3VNPS/xjQYR8v+VmPn510dxDZDNUw09SA5VtTS4Z7/0lWRMDRV07j5uAm";
Sep  8 15:30:03.846323 kernel(AppleH16ANEInterface)[0] <Notice>: : _dartMap: dartMap[aneId=0 surfaceID=301 usageType=6]: dartAddress=0x100016fc000 offset=0x0 finalAddr=0x100016fc000
Sep  8 15:30:03.846348 kernel(AppleH16ANEInterface)[0] <Notice>: : _dartMap: dartMap[aneId=0 surfaceID=280 usageType=1]: dartAddress=0x10002e20000 offset=0x0 finalAddr=0x10002e20000
Sep  8 15:30:03.846370 kernel(AppleH16ANEInterface)[0] <Notice>: : _dartMap: dartMap[aneId=0 surfaceID=466 usageType=1]: dartAddress=0x10001704000 offset=0x0 finalAddr=0x10001704000
Sep  8 15:30:03.846384 kernel(AppleH16ANEInterface)[0] <Notice>: : _dartMap: dartMap[aneId=0 surfaceID=281 usageType=1]: dartAddress=0x10002ea4000 offset=0x0 finalAddr=0x10002ea4000
Sep  8 15:30:03.846410 kernel(AppleH16ANEInterface)[0] <Notice>: : _dartMap: dartMap[aneId=0 surfaceID=309 usageType=1]: dartAddress=0x10001704000 offset=0x0 finalAddr=0x10001704000
Sep  8 15:30:03.847019 kernel(AppleH16ANEInterface)[0] <Notice>: : _dartMap: dartMap[aneId=0 surfaceID=285 usageType=5]: dartAddress=0x10002ee8000 offset=0x0 finalAddr=0x10002ee8000
Sep  8 15:30:03.847050 kernel(AppleH16ANEInterface)[0] <Notice>: : _dartMap: dartMap[aneId=0 surfaceID=472 usageType=2]: dartAddress=0x10001710000 offset=0x0 finalAddr=0x10001710000
Sep  8 15:30:03.847817 kernel(AppleH16ANEInterface)[0] <Notice>: : _dartMap: dartMap[aneId=0 surfaceID=276 usageType=5]: dartAddress=0x100051ec000 offset=0x0 finalAddr=0x100051ec000
Sep  8 15:30:03.886127 kernel(AppleH16ANEInterface)[0] <Notice>: : _dartMap: dartMap[aneId=0 surfaceID=0 usageType=7]: dartAddress=0x100074f0000 offset=0x0 finalAddr=0x100074f0000
Sep  8 15:30:03.891810 kernel(AppleH16ANEInterface)[0] <Notice>: : _dartMap: dartMap[aneId=0 surfaceID=0 usageType=13]: dartAddress=0x100094f4000 offset=0x0 finalAddr=0x100094f4000
Sep  8 15:30:03.898360 kernel(AppleH16ANEInterface)[0] <Notice>: : _dartMap: dartMap[aneId=0 surfaceID=0 usageType=9]: dartAddress=0x10011410000 offset=0x0 finalAddr=0x10011410000
Sep  8 15:30:03.898385 kernel(AppleH16ANEInterface)[0] <Notice>: : _dartMap: dartMap[aneId=0 surfaceID=0 usageType=9]: dartAddress=0x100193f8000 offset=0x0 finalAddr=0x100193f8000
Sep  8 15:30:03.904950 kernel(AppleH16ANEInterface)[0] <Notice>: : _dartMap: dartMap[aneId=0 surfaceID=0 usageType=9]: dartAddress=0x100194a4000 offset=0x0 finalAddr=0x100194a4000
Sep  8 15:30:03.911202 kernel(AppleH16ANEInterface)[0] <Notice>: : _dartMap: dartMap[aneId=0 surfaceID=0 usageType=9]: dartAddress=0x1002148c000 offset=0x0 finalAddr=0x1002148c000
Sep  8 15:30:03.913007 kernel(AppleH16ANEInterface)[0] <Notice>: : _dartMap: dartMap[aneId=0 surfaceID=0 usageType=9]: dartAddress=0x1002947c000 offset=0x0 finalAddr=0x1002947c000
Sep  8 15:30:03.919096 kernel(AppleH16ANEInterface)[0] <Notice>: : _dartMap: dartMap[aneId=0 surfaceID=0 usageType=9]: dartAddress=0x1002b72c000 offset=0x0 finalAddr=0x1002b72c000
Sep  8 15:30:03.923828 kernel(AppleH16ANEInterface)[0] <Notice>: : _dartMap: dartMap[aneId=0 surfaceID=0 usageType=9]: dartAddress=0x10033720000 offset=0x0 finalAddr=0x10033720000
Sep  8 15:30:03.925591 kernel(AppleH16ANEInterface)[0] <Notice>: : _dartMap: dartMap[aneId=0 surfaceID=0 usageType=9]: dartAddress=0x100397a0000 offset=0x0 finalAddr=0x100397a0000
Sep  8 15:30:03.928342 kernel(AppleH16ANEInterface)[0] <Notice>: : _dartMap: dartMap[aneId=0 surfaceID=0 usageType=8]: dartAddress=0x1003be6c000 offset=0x0 finalAddr=0x1003be6c000
Sep  8 15:30:03.929687 kernel(AppleH16ANEInterface)[0] <Notice>: : _dartMap: dartMap[aneId=0 surfaceID=0 usageType=9]: dartAddress=0x1003ff5c000 offset=0x0 finalAddr=0x1003ff5c000
Sep  8 15:30:03.936123 kernel(AppleH16ANEInterface)[0] <Notice>: : _dartMap: dartMap[aneId=0 surfaceID=0 usageType=9]: dartAddress=0x10041e08000 offset=0x0 finalAddr=0x10041e08000
Sep  8 15:30:03.941907 kernel(AppleH16ANEInterface)[0] <Notice>: : _dartMap: dartMap[aneId=0 surfaceID=0 usageType=9]: dartAddress=0x10049e04000 offset=0x0 finalAddr=0x10049e04000
Sep  8 15:30:04.037552 kernel(AppleH16ANEInterface)[0] <Notice>: : _dartMap: dartMap[aneId=0 surfaceID=182 usageType=1]: dartAddress=0x10052008000 offset=0x0 finalAddr=0x10052008000
Sep  8 15:30:04.037585 kernel(AppleH16ANEInterface)[0] <Notice>: : _dartMap: dartMap[aneId=0 surfaceID=280 usageType=1]: dartAddress=0x10002e20000 offset=0x0 finalAddr=0x10002e20000
Sep  8 15:30:04.037602 kernel(AppleH16ANEInterface)[0] <Notice>: : _dartMap: dartMap[aneId=0 surfaceID=471 usageType=1]: dartAddress=0x10001718000 offset=0x0 finalAddr=0x10001718000
Sep  8 15:30:04.038677 kernel(AppleH16ANEInterface)[0] <Notice>: : _dartMap: dartMap[aneId=0 surfaceID=277 usageType=2]: dartAddress=0x1006200c000 offset=0x0 finalAddr=0x1006200c000
Sep  8 15:30:04.038756 kernel(AppleH16ANEInterface)[0] <Notice>: : _dartMap: dartMap[aneId=0 surfaceID=281 usageType=1]: dartAddress=0x10002ea4000 offset=0x0 finalAddr=0x10002ea4000
Sep  8 15:30:04.038789 kernel(AppleH16ANEInterface)[0] <Notice>: : _dartMap: dartMap[aneId=0 surfaceID=446 usageType=1]: dartAddress=0x10001718000 offset=0x0 finalAddr=0x10001718000
Sep  8 15:30:04.038807 kernel(AppleH16ANEInterface)[0] <Notice>: : _dartMap: dartMap[aneId=0 surfaceID=301 usageType=6]: dartAddress=0x100016fc000 offset=0x0 finalAddr=0x100016fc000
Sep  8 15:30:04.039117 kernel(AppleH16ANEInterface)[0] <Notice>: : _dartMap: dartMap[aneId=0 surfaceID=285 usageType=5]: dartAddress=0x10002ee8000 offset=0x0 finalAddr=0x10002ee8000
Sep  8 15:30:04.039609 kernel(AppleH16ANEInterface)[0] <Notice>: : _dartMap: dartMap[aneId=0 surfaceID=276 usageType=5]: dartAddress=0x100051ec000 offset=0x0 finalAddr=0x100051ec000
Sep  8 15:32:07.183533 com.apple.MobileSoftwareUpdate.CleanupPreparePathService[4295] <Info>: 16b7ff000 : copy_nvram_variable_with_system_nvram_check: Will read value of ota-conv-panic-indicator from common nvram region
Sep  8 15:32:07.183701 com.apple.MobileSoftwareUpdate.CleanupPreparePathService[4295] <Info>: 16b7ff000 : msu_delete_nvram_variable_if_exists: NVRAM ota-conv-panic-indicator not found..Nothing to do
Sep  8 15:35:29.608389 kernel(AppleH16ANEInterface)[0] <Notice>: : ANEProgramResource: Dart page size program initi:16384
Sep  8 15:35:29.629635 kernel(AppleH16ANEInterface)[0] <Notice>: : _dartMap: dartMap[aneId=0 surfaceID=0 usageType=11]: dartAddress=0x100016fc000 offset=0x0 finalAddr=0x100016fc000
Sep  8 15:35:29.629659 kernel(AppleH16ANEInterface)[0] <Notice>: : _dartMap: dartMap[aneId=0 surfaceID=0 usageType=9]: dartAddress=0x10001710000 offset=0x3940 finalAddr=0x10001713940
Sep  8 15:35:29.629681 kernel(AppleH16ANEInterface)[0] <Notice>: : _dartMap: dartMap[aneId=0 surfaceID=0 usageType=8]: dartAddress=0x10001720000 offset=0x0 finalAddr=0x10001720000
Sep  8 15:35:29.638285 kernel(AppleH16ANEInterface)[0] <Notice>: : _dartMap: dartMap[aneId=0 surfaceID=388 usageType=2]: dartAddress=0x10003024000 offset=0x0 finalAddr=0x10003024000
Sep  8 15:35:29.638319 kernel(AppleH16ANEInterface)[0] <Notice>: : _dartMap: dartMap[aneId=0 surfaceID=368 usageType=2]: dartAddress=0x1000302c000 offset=0x0 finalAddr=0x1000302c000
Sep  8 15:35:29.638338 kernel(AppleH16ANEInterface)[0] <Notice>: : _dartMap: dartMap[aneId=0 surfaceID=390 usageType=2]: dartAddress=0x10003054000 offset=0x0 finalAddr=0x10003054000
Sep  8 15:35:29.638352 kernel(AppleH16ANEInterface)[0] <Notice>: : _dartMap: dartMap[aneId=0 surfaceID=361 usageType=1]: dartAddress=0x10003068000 offset=0x0 finalAddr=0x10003068000
Sep  8 15:35:29.638865 kernel(AppleH16ANEInterface)[0] <Notice>: : _dartMap: dartMap[aneId=0 surfaceID=0 usageType=9]: dartAddress=0x100030fc000 offset=0x0 finalAddr=0x100030fc000
Sep  8 15:35:29.638904 kernel(AppleH16ANEInterface)[0] <Notice>: : _dartMap: dartMap[aneId=0 surfaceID=0 usageType=7]: dartAddress=0x10003bb0000 offset=0x0 finalAddr=0x10003bb0000
Sep  8 15:35:29.646118 kernel(AppleH16ANEInterface)[0] <Notice>: : _dartMap: dartMap[aneId=0 surfaceID=493 usageType=2]: dartAddress=0x10003d30000 offset=0x0 finalAddr=0x10003d30000
Sep  8 15:35:29.646196 kernel(AppleH16ANEInterface)[0] <Notice>: : _dartMap: dartMap[aneId=0 surfaceID=494 usageType=2]: dartAddress=0x10003d38000 offset=0x0 finalAddr=0x10003d38000
Sep  8 15:35:29.646220 kernel(AppleH16ANEInterface)[0] <Notice>: : _dartMap: dartMap[aneId=0 surfaceID=485 usageType=2]: dartAddress=0x10003d40000 offset=0x0 finalAddr=0x10003d40000
Sep  8 15:35:29.646235 kernel(AppleH16ANEInterface)[0] <Notice>: : _dartMap: dartMap[aneId=0 surfaceID=491 usageType=2]: dartAddress=0x10003d50000 offset=0x0 finalAddr=0x10003d50000
Sep  8 15:35:29.646250 kernel(AppleH16ANEInterface)[0] <Notice>: : _dartMap: dartMap[aneId=0 surfaceID=489 usageType=2]: dartAddress=0x10003d58000 offset=0x0 finalAddr=0x10003d58000
Sep  8 15:35:29.646272 kernel(AppleH16ANEInterface)[0] <Notice>: : _dartMap: dartMap[aneId=0 surfaceID=490 usageType=2]: dartAddress=0x10003dd0000 offset=0x0 finalAddr=0x10003dd0000
Sep  8 15:35:29.646306 kernel(AppleH16ANEInterface)[0] <Notice>: : _dartMap: dartMap[aneId=0 surfaceID=488 usageType=2]: dartAddress=0x10003e54000 offset=0x0 finalAddr=0x10003e54000
Sep  8 15:35:29.646324 kernel(AppleH16ANEInterface)[0] <Notice>: : _dartMap: dartMap[aneId=0 surfaceID=487 usageType=2]: dartAddress=0x10003e6c000 offset=0x0 finalAddr=0x10003e6c000
Sep  8 15:35:29.646382 kernel(AppleH16ANEInterface)[0] <Notice>: : _dartMap: dartMap[aneId=0 surfaceID=492 usageType=2]: dartAddress=0x10003e88000 offset=0x0 finalAddr=0x10003e88000
Sep  8 15:35:29.646396 kernel(AppleH16ANEInterface)[0] <Notice>: : _dartMap: dartMap[aneId=0 surfaceID=486 usageType=2]: dartAddress=0x10003e90000 offset=0x0 finalAddr=0x10003e90000
Sep  8 15:35:29.646411 kernel(AppleH16ANEInterface)[0] <Notice>: : _dartMap: dartMap[aneId=0 surfaceID=483 usageType=1]: dartAddress=0x10003e98000 offset=0x0 finalAddr=0x10003e98000
Sep  8 15:35:29.647707 kernel(AppleH16ANEInterface)[0] <Notice>: : _dartMap: dartMap[aneId=0 surfaceID=0 usageType=7]: dartAddress=0x10003f68000 offset=0x0 finalAddr=0x10003f68000
Sep  8 15:35:29.648462 kernel(AppleH16ANEInterface)[0] <Notice>: : _dartMap: dartMap[aneId=0 surfaceID=0 usageType=9]: dartAddress=0x1000455c000 offset=0x0 finalAddr=0x1000455c000
Sep  8 15:35:29.648498 kernel(AppleH16ANEInterface)[0] <Notice>: : _dartMap: dartMap[aneId=0 surfaceID=0 usageType=11]: dartAddress=0x10005a20000 offset=0x0 finalAddr=0x10005a20000
Sep  8 15:35:29.648517 kernel(AppleH16ANEInterface)[0] <Notice>: : _dartMap: dartMap[aneId=0 surfaceID=0 usageType=9]: dartAddress=0x10005a34000 offset=0x15c0 finalAddr=0x10005a355c0
Sep  8 15:35:29.648546 kernel(AppleH16ANEInterface)[0] <Notice>: : _dartMap: dartMap[aneId=0 surfaceID=0 usageType=8]: dartAddress=0x10005a48000 offset=0x0 finalAddr=0x10005a48000
Sep  8 15:35:29.658335 kernel(AppleH16ANEInterface)[0] <Notice>: : _dartMap: dartMap[aneId=0 surfaceID=501 usageType=2]: dartAddress=0x10005c6c000 offset=0x0 finalAddr=0x10005c6c000
Sep  8 15:35:29.658358 kernel(AppleH16ANEInterface)[0] <Notice>: : _dartMap: dartMap[aneId=0 surfaceID=504 usageType=2]: dartAddress=0x10005c74000 offset=0x0 finalAddr=0x10005c74000
Sep  8 15:35:29.658373 kernel(AppleH16ANEInterface)[0] <Notice>: : _dartMap: dartMap[aneId=0 surfaceID=500 usageType=2]: dartAddress=0x10005c7c000 offset=0x0 finalAddr=0x10005c7c000
Sep  8 15:35:29.658387 kernel(AppleH16ANEInterface)[0] <Notice>: : _dartMap: dartMap[aneId=0 surfaceID=503 usageType=2]: dartAddress=0x10005ca0000 offset=0x0 finalAddr=0x10005ca0000
Sep  8 15:35:29.658402 kernel(AppleH16ANEInterface)[0] <Notice>: : _dartMap: dartMap[aneId=0 surfaceID=505 usageType=2]: dartAddress=0x10005cbc000 offset=0x0 finalAddr=0x10005cbc000
Sep  8 15:35:29.658423 kernel(AppleH16ANEInterface)[0] <Notice>: : _dartMap: dartMap[aneId=0 surfaceID=502 usageType=2]: dartAddress=0x10005cc4000 offset=0x0 finalAddr=0x10005cc4000
Sep  8 15:35:29.658441 kernel(AppleH16ANEInterface)[0] <Notice>: : _dartMap: dartMap[aneId=0 surfaceID=499 usageType=1]: dartAddress=0x10005ccc000 offset=0x0 finalAddr=0x10005ccc000
Sep  8 15:35:29.662757 kernel(AppleH16ANEInterface)[0] <Notice>: : _dartMap: dartMap[aneId=0 surfaceID=0 usageType=7]: dartAddress=0x10005d60000 offset=0x0 finalAddr=0x10005d60000
Sep  8 15:35:29.663844 kernel(AppleH16ANEInterface)[0] <Notice>: : _dartMap: dartMap[aneId=0 surfaceID=0 usageType=9]: dartAddress=0x10005eb8000 offset=0x0 finalAddr=0x10005eb8000
Sep  8 15:35:29.663947 kernel(AppleH16ANEInterface)[0] <Notice>: : _dartMap: dartMap[aneId=0 surfaceID=0 usageType=11]: dartAddress=0x10008948000 offset=0x0 finalAddr=0x10008948000
Sep  8 15:35:29.663970 kernel(AppleH16ANEInterface)[0] <Notice>: : _dartMap: dartMap[aneId=0 surfaceID=0 usageType=9]: dartAddress=0x1000895c000 offset=0x13c0 finalAddr=0x1000895d3c0
Sep  8 15:35:29.663992 kernel(AppleH16ANEInterface)[0] <Notice>: : _dartMap: dartMap[aneId=0 surfaceID=0 usageType=8]: dartAddress=0x10008964000 offset=0x0 finalAddr=0x10008964000
Sep  8 15:35:29.691752 kernel(AppleH16ANEInterface)[0] <Notice>: : ANEProgramResource: Dart page size program initi:16384
Sep  8 15:35:29.696994 kernel(AppleH16ANEInterface)[0] <Notice>: : _dartMap: dartMap[aneId=0 surfaceID=0 usageType=11]: dartAddress=0x100016fc000 offset=0x0 finalAddr=0x100016fc000
Sep  8 15:35:29.697086 kernel(AppleH16ANEInterface)[0] <Notice>: : _dartMap: dartMap[aneId=0 surfaceID=0 usageType=9]: dartAddress=0x10002e20000 offset=0x15c0 finalAddr=0x10002e215c0
Sep  8 15:35:29.697121 kernel(AppleH16ANEInterface)[0] <Notice>: : _dartMap: dartMap[aneId=0 surfaceID=0 usageType=8]: dartAddress=0x100030fc000 offset=0x0 finalAddr=0x100030fc000
Sep  8 15:35:29.708272 kernel(AppleH16ANEInterface)[0] <Notice>: : _dartMap: dartMap[aneId=0 surfaceID=471 usageType=2]: dartAddress=0x10001710000 offset=0x0 finalAddr=0x10001710000
Sep  8 15:35:29.708303 kernel(AppleH16ANEInterface)[0] <Notice>: : _dartMap: dartMap[aneId=0 surfaceID=472 usageType=2]: dartAddress=0x10002eb8000 offset=0x0 finalAddr=0x10002eb8000
Sep  8 15:35:29.708318 kernel(AppleH16ANEInterface)[0] <Notice>: : _dartMap: dartMap[aneId=0 surfaceID=474 usageType=2]: dartAddress=0x10002eec000 offset=0x0 finalAddr=0x10002eec000
Sep  8 15:35:29.708339 kernel(AppleH16ANEInterface)[0] <Notice>: : _dartMap: dartMap[aneId=0 surfaceID=473 usageType=2]: dartAddress=0x10001718000 offset=0x0 finalAddr=0x10001718000
Sep  8 15:35:29.708390 kernel(AppleH16ANEInterface)[0] <Notice>: : _dartMap: dartMap[aneId=0 surfaceID=468 usageType=1]: dartAddress=0x100034a4000 offset=0x0 finalAddr=0x100034a4000
Sep  8 15:35:29.711104 kernel(AppleH16ANEInterface)[0] <Notice>: : ANEProgramResource: Dart page size program initi:16384
Sep  8 15:35:29.711427 kernel(AppleH16ANEInterface)[0] <Notice>: : _dartMap: dartMap[aneId=0 surfaceID=0 usageType=9]: dartAddress=0x10008b7c000 offset=0x0 finalAddr=0x10008b7c000
Sep  8 15:35:29.712252 kernel(AppleH16ANEInterface)[0] <Notice>: : _dartMap: dartMap[aneId=0 surfaceID=0 usageType=7]: dartAddress=0x1000cf34000 offset=0x0 finalAddr=0x1000cf34000
Sep  8 15:35:29.719305 kernel(AppleH16ANEInterface)[0] <Notice>: : _dartMap: dartMap[aneId=0 surfaceID=0 usageType=9]: dartAddress=0x1000ec10000 offset=0x0 finalAddr=0x1000ec10000
Sep  8 15:35:29.719570 kernel(AppleH16ANEInterface)[0] <Notice>: : _dartMap: dartMap[aneId=0 surfaceID=0 usageType=8]: dartAddress=0x100112dc000 offset=0x0 finalAddr=0x100112dc000
Sep  8 15:35:29.745709 kernel(AppleH16ANEInterface)[0] <Notice>: : ANEProgramResource: Dart page size program initi:16384
Sep  8 15:35:29.746974 kernel(AppleH16ANEInterface)[0] <Notice>: : _dartMap: dartMap[aneId=0 surfaceID=0 usageType=11]: dartAddress=0x10001720000 offset=0x0 finalAddr=0x10001720000
Sep  8 15:35:29.747182 kernel(AppleH16ANEInterface)[0] <Notice>: : _dartMap: dartMap[aneId=0 surfaceID=0 usageType=9]: dartAddress=0x100153cc000 offset=0x3a00 finalAddr=0x100153cfa00
Sep  8 15:35:29.747212 kernel(AppleH16ANEInterface)[0] <Notice>: : _dartMap: dartMap[aneId=0 surfaceID=0 usageType=8]: dartAddress=0x10002f10000 offset=0x0 finalAddr=0x10002f10000
Sep  8 15:35:29.756019 kernel(AppleH16ANEInterface)[0] <Notice>: : ANEProgramResource: Dart page size program initi:16384
Sep  8 15:35:29.756783 kernel(AppleH16ANEInterface)[0] <Notice>: : _dartMap: dartMap[aneId=0 surfaceID=0 usageType=11]: dartAddress=0x10002f38000 offset=0x0 finalAddr=0x10002f38000
Sep  8 15:35:29.756799 kernel(AppleH16ANEInterface)[0] <Notice>: : _dartMap: dartMap[aneId=0 surfaceID=0 usageType=9]: dartAddress=0x10002f4c000 offset=0x1800 finalAddr=0x10002f4d800
Sep  8 15:35:29.756824 kernel(AppleH16ANEInterface)[0] <Notice>: : _dartMap: dartMap[aneId=0 surfaceID=0 usageType=8]: dartAddress=0x10002f74000 offset=0x0 finalAddr=0x10002f74000
Sep  8 15:35:29.766474 kernel(AppleH16ANEInterface)[0] <Notice>: : _dartMap: dartMap[aneId=0 surfaceID=0 usageType=13]: dartAddress=0x10015c48000 offset=0x0 finalAddr=0x10015c48000
Sep  8 15:35:29.824892 kernel(AppleH16ANEInterface)[0] <Notice>: : _dartMap: dartMap[aneId=0 surfaceID=0 usageType=9]: dartAddress=0x1001db64000 offset=0x0 finalAddr=0x1001db64000
Sep  8 15:35:29.825962 kernel(AppleH16ANEInterface)[0] <Notice>: : _dartMap: dartMap[aneId=0 surfaceID=0 usageType=9]: dartAddress=0x10025b58000 offset=0x0 finalAddr=0x10025b58000
Sep  8 15:35:29.826854 kernel(AppleH16ANEInterface)[0] <Notice>: : _dartMap: dartMap[aneId=0 surfaceID=0 usageType=9]: dartAddress=0x1002db48000 offset=0x0 finalAddr=0x1002db48000
Sep  8 15:35:29.827910 kernel(AppleH16ANEInterface)[0] <Notice>: : _dartMap: dartMap[aneId=0 surfaceID=0 usageType=9]: dartAddress=0x10035b48000 offset=0x0 finalAddr=0x10035b48000
Sep  8 15:35:29.828876 kernel(AppleH16ANEInterface)[0] <Notice>: : _dartMap: dartMap[aneId=0 surfaceID=0 usageType=9]: dartAddress=0x1003db44000 offset=0x0 finalAddr=0x1003db44000
Sep  8 15:35:29.829132 kernel(AppleH16ANEInterface)[0] <Notice>: : _dartMap: dartMap[aneId=0 surfaceID=0 usageType=9]: dartAddress=0x10045b2c000 offset=0x0 finalAddr=0x10045b2c000
Sep  8 15:35:29.829160 kernel(AppleH16ANEInterface)[0] <Notice>: : _dartMap: dartMap[aneId=0 surfaceID=0 usageType=9]: dartAddress=0x100479d8000 offset=0x0 finalAddr=0x100479d8000
Sep  8 15:35:29.830110 kernel(AppleH16ANEInterface)[0] <Notice>: : _dartMap: dartMap[aneId=0 surfaceID=0 usageType=9]: dartAddress=0x10047a84000 offset=0x0 finalAddr=0x10047a84000
Sep  8 15:35:29.830359 kernel(AppleH16ANEInterface)[0] <Notice>: : _dartMap: dartMap[aneId=0 surfaceID=0 usageType=9]: dartAddress=0x1004fa6c000 offset=0x0 finalAddr=0x1004fa6c000
Sep  8 15:35:29.831116 kernel(AppleH16ANEInterface)[0] <Notice>: : _dartMap: dartMap[aneId=0 surfaceID=0 usageType=9]: dartAddress=0x10051d1c000 offset=0x0 finalAddr=0x10051d1c000
Sep  8 15:35:29.835624 kernel(AppleH16ANEInterface)[0] <Notice>: : _dartMap: dartMap[aneId=0 surfaceID=512 usageType=2]: dartAddress=0x10002f80000 offset=0x0 finalAddr=0x10002f80000
Sep  8 15:35:29.835653 kernel(AppleH16ANEInterface)[0] <Notice>: : _dartMap: dartMap[aneId=0 surfaceID=515 usageType=1]: dartAddress=0x10002fa4000 offset=0x0 finalAddr=0x10002fa4000
Sep  8 15:35:29.835684 kernel(AppleH16ANEInterface)[0] <Notice>: : _dartMap: dartMap[aneId=0 surfaceID=0 usageType=7]: dartAddress=0x10002fdc000 offset=0x0 finalAddr=0x10002fdc000
Sep  8 15:35:29.835746 kernel(AppleH16ANEInterface)[0] <Notice>: : _dartMap: dartMap[aneId=0 surfaceID=0 usageType=9]: dartAddress=0x10057fa0000 offset=0x0 finalAddr=0x10057fa0000
Sep  8 15:35:29.837605 kernel(AppleH16ANEInterface)[0] <Notice>: : _dartMap: dartMap[aneId=0 surfaceID=498 usageType=2]: dartAddress=0x10058368000 offset=0x0 finalAddr=0x10058368000
Sep  8 15:35:29.837629 kernel(AppleH16ANEInterface)[0] <Notice>: : _dartMap: dartMap[aneId=0 surfaceID=482 usageType=1]: dartAddress=0x10058368000 offset=0x0 finalAddr=0x10058368000
Sep  8 15:35:29.837649 kernel(AppleH16ANEInterface)[0] <Notice>: : _dartMap: dartMap[aneId=0 surfaceID=495 usageType=1]: dartAddress=0x10058368000 offset=0x0 finalAddr=0x10058368000
Sep  8 15:35:29.837682 kernel(AppleH16ANEInterface)[0] <Notice>: : _dartMap: dartMap[aneId=0 surfaceID=0 usageType=7]: dartAddress=0x10003cc4000 offset=0x0 finalAddr=0x10003cc4000
Sep  8 15:35:29.838080 kernel(AppleH16ANEInterface)[0] <Notice>: : _dartMap: dartMap[aneId=0 surfaceID=0 usageType=9]: dartAddress=0x10058488000 offset=0x0 finalAddr=0x10058488000
29.756816 kernel(AppleH16ANEInterface)[0] <Notice>: : _dartMap: dartMap[aneId=0 surfaceID=0 usageType=9]: dartAddress=0x10002f4c000 offset=0x1800 finalAddr=0x10002f4d800
Sep  8 15:35:29.756831 kernel(AppleH16ANEInterface)[0] <Notice>: : _dartMap: dartMap[aneId=0 surfaceID=0 usageType=8]: dartAddress=0x10002f74000 offset=0x0 finalAddr=0x10002f74000
Sep  8 15:35:29.766519 kernel(AppleH16ANEInterface)[0] <Notice>: : _dartMap: dartMap[aneId=0 surfaceID=0 usageType=13]: dartAddress=0x10015c48000 offset=0x0 finalAddr=0x10015c48000
Sep  8 15:35:29.824914 kernel(AppleH16ANEInterface)[0] <Notice>: : _dartMap: dartMap[aneId=0 surfaceID=0 usageType=9]: dartAddress=0x1001db64000 offset=0x0 finalAddr=0x1001db64000
Sep  8 15:35:29.825983 kernel(AppleH16ANEInterface)[0] <Notice>: : _dartMap: dartMap[aneId=0 surfaceID=0 usageType=9]: dartAddress=0x10025b58000 offset=0x0 finalAddr=0x10025b58000
Sep  8 15:35:29.826869 kernel(AppleH16ANEInterface)[0] <Notice>: : _dartMap: dartMap[aneId=0 surfaceID=0 usageType=9]: dartAddress=0x1002db48000 offset=0x0 finalAddr=0x1002db48000
Sep  8 15:35:29.827931 kernel(AppleH16ANEInterface)[0] <Notice>: : _dartMap: dartMap[aneId=0 surfaceID=0 usageType=9]: dartAddress=0x10035b48000 offset=0x0 finalAddr=0x10035b48000
Sep  8 15:35:29.828891 kernel(AppleH16ANEInterface)[0] <Notice>: : _dartMap: dartMap[aneId=0 surfaceID=0 usageType=9]: dartAddress=0x1003db44000 offset=0x0 finalAddr=0x1003db44000
Sep  8 15:35:29.829147 kernel(AppleH16ANEInterface)[0] <Notice>: : _dartMap: dartMap[aneId=0 surfaceID=0 usageType=9]: dartAddress=0x10045b2c000 offset=0x0 finalAddr=0x10045b2c000
Sep  8 15:35:29.829167 kernel(AppleH16ANEInterface)[0] <Notice>: : _dartMap: dartMap[aneId=0 surfaceID=0 usageType=9]: dartAddress=0x100479d8000 offset=0x0 finalAddr=0x100479d8000
Sep  8 15:35:29.830125 kernel(AppleH16ANEInterface)[0] <Notice>: : _dartMap: dartMap[aneId=0 surfaceID=0 usageType=9]: dartAddress=0x10047a84000 offset=0x0 finalAddr=0x10047a84000
Sep  8 15:35:29.830374 kernel(AppleH16ANEInterface)[0] <Notice>: : _dartMap: dartMap[aneId=0 surfaceID=0 usageType=9]: dartAddress=0x1004fa6c000 offset=0x0 finalAddr=0x1004fa6c000
Sep  8 15:35:29.831143 kernel(AppleH16ANEInterface)[0] <Notice>: : _dartMap: dartMap[aneId=0 surfaceID=0 usageType=9]: dartAddress=0x10051d1c000 offset=0x0 finalAddr=0x10051d1c000
Sep  8 15:35:29.835645 kernel(AppleH16ANEInterface)[0] <Notice>: : _dartMap: dartMap[aneId=0 surfaceID=512 usageType=2]: dartAddress=0x10002f80000 offset=0x0 finalAddr=0x10002f80000
Sep  8 15:35:29.835661 kernel(AppleH16ANEInterface)[0] <Notice>: : _dartMap: dartMap[aneId=0 surfaceID=515 usageType=1]: dartAddress=0x10002fa4000 offset=0x0 finalAddr=0x10002fa4000
Sep  8 15:35:29.835692 kernel(AppleH16ANEInterface)[0] <Notice>: : _dartMap: dartMap[aneId=0 surfaceID=0 usageType=7]: dartAddress=0x10002fdc000 offset=0x0 finalAddr=0x10002fdc000
Sep  8 15:35:29.835755 kernel(AppleH16ANEInterface)[0] <Notice>: : _dartMap: dartMap[aneId=0 surfaceID=0 usageType=9]: dartAddress=0x10057fa0000 offset=0x0 finalAddr=0x10057fa0000
Sep  8 15:35:29.837620 kernel(AppleH16ANEInterface)[0] <Notice>: : _dartMap: dartMap[aneId=0 surfaceID=498 usageType=2]: dartAddress=0x10058368000 offset=0x0 finalAddr=0x10058368000
Sep  8 15:35:29.837636 kernel(AppleH16ANEInterface)[0] <Notice>: : _dartMap: dartMap[aneId=0 surfaceID=482 usageType=1]: dartAddress=0x10058368000 offset=0x0 finalAddr=0x10058368000
Sep  8 15:35:29.837656 kernel(AppleH16ANEInterface)[0] <Notice>: : _dartMap: dartMap[aneId=0 surfaceID=495 usageType=1]: dartAddress=0x10058368000 offset=0x0 finalAddr=0x10058368000
Sep  8 15:35:29.837691 kernel(AppleH16ANEInterface)[0] <Notice>: : _dartMap: dartMap[aneId=0 surfaceID=0 usageType=7]: dartAddress=0x10003cc4000 offset=0x0 finalAddr=0x10003cc4000
Sep  8 15:35:29.838105 kernel(AppleH16ANEInterface)[0] <Notice>: : _dartMap: dartMap[aneId=0 surfaceID=0 usageType=9]: dartAddress=0x10058488000 offset=0x0 finalAddr=0x10058488000
