[main] fuzz harness up, mode=scaler
[main] sandbox note: VCPDRM open is MACF-denied (iokit-open-user-client VCPDRMUserClient); mach-lookup com.apple.sprr / com.apple.jitbox exist but are sandbox-gated (seen in kernel log)
[open] AppleM2ScalerCSCDriver -> conn 0x6503
[scaler] conn 0x6503, s1 297 s2 298
[probe12] SetNotificationPort -> 0x00000000
[sf] v99: scaler fuzz campaign
[open] AppleM2ScalerCSCDriver -> conn 0x6803
[sf] sel11 stIn 0x8 -> kr 0x00000000 osz 0x8 out: 13 00 00 00 04 00 0e 00 00 00 00 00 00 00 00 00
[sf] sel11 stIn 0x20 -> kr 0x00000000 osz 0x20 out: 13 00 00 00 04 00 0e 00 01 01 01 01 01 01 01 01
[sf] sel11 stIn 0x80 -> kr 0x00000000 osz 0x80 out: 13 00 00 00 04 00 0e 00 01 01 01 01 01 01 01 01
[sf] sel11 stIn 0x100 -> kr 0x00000000 osz 0x100 out: 13 00 00 00 04 00 0e 00 01 01 01 01 01 01 01 01
[sf] sel11 stIn 0x400 -> kr 0x00000000 osz 0x298 out: 13 00 00 00 04 00 0e 00 01 01 01 01 01 01 01 01
[sf] warm-up scale -> kr 0x00000000
[sf] sel11 stIn 0x8 -> kr 0x00000000 osz 0x8 out: 13 00 00 00 04 00 0e 00 00 00 00 00 00 00 00 00
[sf] sel11 stIn 0x20 -> kr 0x00000000 osz 0x20 out: 13 00 00 00 04 00 0e 00 01 01 01 01 01 01 01 01
[sf] sel11 stIn 0x80 -> kr 0x00000000 osz 0x80 out: 13 00 00 00 04 00 0e 00 01 01 01 01 01 01 01 01
[sf] sel11 stIn 0x100 -> kr 0x00000000 osz 0x100 out: 13 00 00 00 04 00 0e 00 01 01 01 01 01 01 01 01
[sf] sel11 stIn 0x400 -> kr 0x00000000 osz 0x298 out: 13 00 00 00 04 00 0e 00 01 01 01 01 01 01 01 01
[sf] type 0: sel1 kr 0x00000000 sel11 kr 0x00000000
[sf] type 1: sel1 kr 0x00000000 sel11 kr 0x00000000
[sf] type 2: sel1 kr 0x00000000 sel11 kr 0x00000000
[sf] type 3: sel1 kr 0x00000000 sel11 kr 0x00000000
[sf] baseline: kr 0x00000000 dst[0..15] 00 00 00 00
[sf] c0001 off 0x000 val 0x00000000 (orig 0x00000137)
[sf] c0001 -> kr 0xe00002f0 ANOMALY (baseline 0x00000000)
[sf] c0002 off 0x000 val 0x00000001 (orig 0x00000137)
[sf] c0002 -> kr 0xe00002f0 ANOMALY (baseline 0x00000000)
[sf] c0003 off 0x000 val 0x7fffffff (orig 0x00000137)
[sf] c0003 -> kr 0xe00002f0 ANOMALY (baseline 0x00000000)
[sf] c0004 off 0x000 val 0x80000000 (orig 0x00000137)
[sf] c0004 -> kr 0xe00002f0 ANOMALY (baseline 0x00000000)
[sf] c0005 off 0x000 val 0xfffffffe (orig 0x00000137)
[sf] c0005 -> kr 0xe00002f0 ANOMALY (baseline 0x00000000)
[sf] c0006 off 0x000 val 0xffffffff (orig 0x00000137)
[sf] c0006 -> kr 0xe00002f0 ANOMALY (baseline 0x00000000)
[sf] c0007 off 0x000 val 0x00000136 (orig 0x00000137)
[sf] c0007 -> kr 0xe00002f0 ANOMALY (baseline 0x00000000)
[sf] c0008 off 0x000 val 0x00000138 (orig 0x00000137)
[sf] c0008 -> kr 0xe00002f0 ANOMALY (baseline 0x00000000)
[sf] c0009 off 0x000 val 0x00013700 (orig 0x00000137)
[sf] c0009 -> kr 0xe00002f0 ANOMALY (baseline 0x00000000)
[sf] c0010 off 0x000 val 0x00137000 (orig 0x00000137)
[sf] c0010 -> kr 0xe00002f0 ANOMALY (baseline 0x00000000)
[sf] c0011 off 0x004 val 0x00000000 (orig 0x0000013a)
[sf] c0011 -> kr 0xe00002f0 ANOMALY (baseline 0x00000000)
[sf] c0012 off 0x004 val 0x00000001 (orig 0x0000013a)
[sf] c0012 -> kr 0xe00002f0 ANOMALY (baseline 0x00000000)
[sf] c0013 off 0x004 val 0x7fffffff (orig 0x0000013a)
[sf] c0013 -> kr 0xe00002f0 ANOMALY (baseline 0x00000000)
[sf] c0014 off 0x004 val 0x80000000 (orig 0x0000013a)
[sf] c0014 -> kr 0xe00002f0 ANOMALY (baseline 0x00000000)
[sf] c0015 off 0x004 val 0xfffffffe (orig 0x0000013a)
[sf] c0015 -> kr 0xe00002f0 ANOMALY (baseline 0x00000000)
[sf] c0016 off 0x004 val 0xffffffff (orig 0x0000013a)
[sf] c0016 -> kr 0xe00002f0 ANOMALY (baseline 0x00000000)
[sf] c0017 off 0x004 val 0x00000139 (orig 0x0000013a)
[sf] c0017 -> kr 0xe00002f0 ANOMALY (baseline 0x00000000)
[sf] c0018 off 0x004 val 0x0000013b (orig 0x0000013a)
[sf] c0018 -> kr 0xe00002f0 ANOMALY (baseline 0x00000000)
[sf] c0019 off 0x004 val 0x00013a00 (orig 0x0000013a)
[sf] c0019 -> kr 0xe00002f0 ANOMALY (baseline 0x00000000)
[sf] c0020 off 0x004 val 0x0013a000 (orig 0x0000013a)
[sf] c0020 -> kr 0xe00002f0 ANOMALY (baseline 0x00000000)
[sf] c0021 off 0x008 val 0x00000000 (orig 0x00000000)
[sf] c0022 off 0x008 val 0x00000001 (orig 0x00000000)
[sf] c0023 off 0x008 val 0x7fffffff (orig 0x00000000)
[sf] c0024 off 0x008 val 0x80000000 (orig 0x00000000)
[sf] c0025 off 0x008 val 0xfffffffe (orig 0x00000000)
[sf] c0026 off 0x008 val 0xffffffff (orig 0x00000000)
[sf] c0027 off 0x008 val 0xffffffff (orig 0x00000000)
[sf] c0028 off 0x008 val 0x00000001 (orig 0x00000000)
[sf] c0029 off 0x008 val 0x00000000 (orig 0x00000000)
[sf] c0030 off 0x008 val 0x00000000 (orig 0x00000000)
[sf] c0031 off 0x00c val 0x00000000 (orig 0x00000000)
[sf] c0032 off 0x00c val 0x00000001 (orig 0x00000000)
[sf] c0033 off 0x00c val 0x7fffffff (orig 0x00000000)
[sf] c0034 off 0x00c val 0x80000000 (orig 0x00000000)
[sf] c0035 off 0x00c val 0xfffffffe (orig 0x00000000)
[sf] c0036 off 0x00c val 0xffffffff (orig 0x00000000)
[sf] c0037 off 0x00c val 0xffffffff (orig 0x00000000)
[sf] c0038 off 0x00c val 0x00000001 (orig 0x00000000)
[sf] c0039 off 0x00c val 0x00000000 (orig 0x00000000)
[sf] c0040 off 0x00c val 0x00000000 (orig 0x00000000)
[sf] c0041 off 0x010 val 0x00000000 (orig 0x00000000)
[sf] c0042 off 0x010 val 0x00000001 (orig 0x00000000)
[sf] c0043 off 0x010 val 0x7fffffff (orig 0x00000000)
[sf] c0044 off 0x010 val 0x80000000 (orig 0x00000000)
[sf] c0045 off 0x010 val 0xfffffffe (orig 0x00000000)
[sf] c0046 off 0x010 val 0xffffffff (orig 0x00000000)
[sf] c0047 off 0x010 val 0xffffffff (orig 0x00000000)
[sf] c0048 off 0x010 val 0x00000001 (orig 0x00000000)
[sf] c0049 off 0x010 val 0x00000000 (orig 0x00000000)
[sf] c0050 off 0x010 val 0x00000000 (orig 0x00000000)
[sf] c0051 off 0x014 val 0x00000000 (orig 0x00000000)
[sf] c0052 off 0x014 val 0x00000001 (orig 0x00000000)
[sf] c0053 off 0x014 val 0x7fffffff (orig 0x00000000)
[sf] c0054 off 0x014 val 0x80000000 (orig 0x00000000)
[sf] c0055 off 0x014 val 0xfffffffe (orig 0x00000000)
[sf] c0056 off 0x014 val 0xffffffff (orig 0x00000000)
[sf] c0057 off 0x014 val 0xffffffff (orig 0x00000000)
[sf] c0058 off 0x014 val 0x00000001 (orig 0x00000000)
[sf] c0059 off 0x014 val 0x00000000 (orig 0x00000000)
[sf] c0060 off 0x014 val 0x00000000 (orig 0x00000000)
[sf] c0061 off 0x018 val 0x00000000 (orig 0x00000000)
[sf] c0062 off 0x018 val 0x00000001 (orig 0x00000000)
[sf] c0063 off 0x018 val 0x7fffffff (orig 0x00000000)
[sf] c0064 off 0x018 val 0x80000000 (orig 0x00000000)
[sf] c0065 off 0x018 val 0xfffffffe (orig 0x00000000)
[sf] c0066 off 0x018 val 0xffffffff (orig 0x00000000)
[sf] c0067 off 0x018 val 0xffffffff (orig 0x00000000)
[sf] c0068 off 0x018 val 0x00000001 (orig 0x00000000)
[sf] c0069 off 0x018 val 0x00000000 (orig 0x00000000)
[sf] c0070 off 0x018 val 0x00000000 (orig 0x00000000)
[sf] c0071 off 0x01c val 0x00000000 (orig 0x00000000)
[sf] c0072 off 0x01c val 0x00000001 (orig 0x00000000)
[sf] c0073 off 0x01c val 0x7fffffff (orig 0x00000000)
[sf] c0074 off 0x01c val 0x80000000 (orig 0x00000000)
[sf] c0075 off 0x01c val 0xfffffffe (orig 0x00000000)
[sf] c0076 off 0x01c val 0xffffffff (orig 0x00000000)
[sf] c0077 off 0x01c val 0xffffffff (orig 0x00000000)
[sf] c0078 off 0x01c val 0x00000001 (orig 0x00000000)
[sf] c0079 off 0x01c val 0x00000000 (orig 0x00000000)
[sf] c0080 off 0x01c val 0x00000000 (orig 0x00000000)
[sf] c0081 off 0x020 val 0x00000000 (orig 0x0000b000)
[sf] c0082 off 0x020 val 0x00000001 (orig 0x0000b000)
[sf] c0083 off 0x020 val 0x7fffffff (orig 0x0000b000)
[sf] c0083 -> kr 0xe00002c2 (rejected)
[sf] c0084 off 0x020 val 0x80000000 (orig 0x0000b000)
[sf] c0085 off 0x020 val 0xfffffffe (orig 0x0000b000)
[sf] c0085 -> kr 0xe00002c2 (rejected)
[sf] c0086 off 0x020 val 0xffffffff (orig 0x0000b000)
[sf] c0086 -> kr 0xe00002c2 (rejected)
[sf] c0087 off 0x020 val 0x0000afff (orig 0x0000b000)
[sf] c0088 off 0x020 val 0x0000b001 (orig 0x0000b000)
[sf] c0089 off 0x020 val 0x00b00000 (orig 0x0000b000)
[sf] c0090 off 0x020 val 0x0b000000 (orig 0x0000b000)
[sf] c0091 off 0x024 val 0x00000000 (orig 0x00000000)
[sf] c0092 off 0x024 val 0x00000001 (orig 0x00000000)
[sf] c0093 off 0x024 val 0x7fffffff (orig 0x00000000)
[sf] c0093 -> kr 0xe00002c2 (rejected)
[sf] c0094 off 0x024 val 0x80000000 (orig 0x00000000)
[sf] c0095 off 0x024 val 0xfffffffe (orig 0x00000000)
[sf] c0095 -> kr 0xe00002c2 (rejected)
[sf] c0096 off 0x024 val 0xffffffff (orig 0x00000000)
[sf] c0096 -> kr 0xe00002c2 (rejected)
[sf] c0097 off 0x024 val 0xffffffff (orig 0x00000000)
[sf] c0097 -> kr 0xe00002c2 (rejected)
[sf] c0098 off 0x024 val 0x00000001 (orig 0x00000000)
[sf] c0099 off 0x024 val 0x00000000 (orig 0x00000000)
[sf] c0100 off 0x024 val 0x00000000 (orig 0x00000000)
[sf] c0101 off 0x028 val 0x00000000 (orig 0x00000000)
[sf] c0102 off 0x028 val 0x00000001 (orig 0x00000000)
[sf] c0103 off 0x028 val 0x7fffffff (orig 0x00000000)
[sf] c0103 -> kr 0xe00002c2 (rejected)
[sf] c0104 off 0x028 val 0x80000000 (orig 0x00000000)
[sf] c0104 -> kr 0xe00002c2 (rejected)
[sf] c0105 off 0x028 val 0xfffffffe (orig 0x00000000)
[sf] c0105 -> kr 0xe00002c2 (rejected)
[sf] c0106 off 0x028 val 0xffffffff (orig 0x00000000)
[sf] c0106 -> kr 0xe00002c2 (rejected)
[sf] c0107 off 0x028 val 0xffffffff (orig 0x00000000)
[sf] c0107 -> kr 0xe00002c2 (rejected)
[sf] c0108 off 0x028 val 0x00000001 (orig 0x00000000)
[sf] c0109 off 0x028 val 0x00000000 (orig 0x00000000)
[sf] c0110 off 0x028 val 0x00000000 (orig 0x00000000)
[sf] c0111 off 0x02c val 0x00000000 (orig 0x00000000)
[sf] c0112 off 0x02c val 0x00000001 (orig 0x00000000)
[sf] c0112 -> kr 0xe00002c2 (rejected)
[sf] c0113 off 0x02c val 0x7fffffff (orig 0x00000000)
[sf] c0113 -> kr 0xe00002c2 (rejected)
[sf] c0114 off 0x02c val 0x80000000 (orig 0x00000000)
[sf] c0115 off 0x02c val 0xfffffffe (orig 0x00000000)
[sf] c0115 -> kr 0xe00002c2 (rejected)
[sf] c0116 off 0x02c val 0xffffffff (orig 0x00000000)
[sf] c0116 -> kr 0xe00002c2 (rejected)
[sf] c0117 off 0x02c val 0xffffffff (orig 0x00000000)
[sf] c0117 -> kr 0xe00002c2 (rejected)
[sf] c0118 off 0x02c val 0x00000001 (orig 0x00000000)
[sf] c0118 -> kr 0xe00002c2 (rejected)
[sf] c0119 off 0x02c val 0x00000000 (orig 0x00000000)
[sf] c0120 off 0x02c val 0x00000000 (orig 0x00000000)
[sf] c0121 off 0x030 val 0x00000000 (orig 0x00000000)
[sf] c0122 off 0x030 val 0x00000001 (orig 0x00000000)
[sf] c0123 off 0x030 val 0x7fffffff (orig 0x00000000)
[sf] c0123 -> kr 0xe00002c2 (rejected)
[sf] c0124 off 0x030 val 0x80000000 (orig 0x00000000)
[sf] c0124 -> kr 0xe00002c2 (rejected)
[sf] c0125 off 0x030 val 0xfffffffe (orig 0x00000000)
[sf] c0125 -> kr 0xe00002c2 (rejected)
[sf] c0126 off 0x030 val 0xffffffff (orig 0x00000000)
[sf] c0126 -> kr 0xe00002c2 (rejected)
[sf] c0127 off 0x030 val 0xffffffff (orig 0x00000000)
[sf] c0127 -> kr 0xe00002c2 (rejected)
[sf] c0128 off 0x030 val 0x00000001 (orig 0x00000000)
[sf] c0129 off 0x030 val 0x00000000 (orig 0x00000000)
[sf] c0130 off 0x030 val 0x00000000 (orig 0x00000000)
[sf] c0131 off 0x034 val 0x00000000 (orig 0x00000000)
[sf] c0132 off 0x034 val 0x00000001 (orig 0x00000000)
[sf] c0132 -> kr 0xe00002c2 (rejected)
[sf] c0133 off 0x034 val 0x7fffffff (orig 0x00000000)
[sf] c0133 -> kr 0xe00002c2 (rejected)
[sf] c0134 off 0x034 val 0x80000000 (orig 0x00000000)
[sf] c0135 off 0x034 val 0xfffffffe (orig 0x00000000)
[sf] c0135 -> kr 0xe00002c2 (rejected)
[sf] c0136 off 0x034 val 0xffffffff (orig 0x00000000)
[sf] c0136 -> kr 0xe00002c2 (rejected)
[sf] c0137 off 0x034 val 0xffffffff (orig 0x00000000)
[sf] c0137 -> kr 0xe00002c2 (rejected)
[sf] c0138 off 0x034 val 0x00000001 (orig 0x00000000)
[sf] c0138 -> kr 0xe00002c2 (rejected)
[sf] c0139 off 0x034 val 0x00000000 (orig 0x00000000)
[sf] c0140 off 0x034 val 0x00000000 (orig 0x00000000)
[sf] c0141 off 0x038 val 0x00000000 (orig 0x00400000)
[sf] c0142 off 0x038 val 0x00000001 (orig 0x00400000)
[sf] c0143 off 0x038 val 0x7fffffff (orig 0x00400000)
[sf] c0144 off 0x038 val 0x80000000 (orig 0x00400000)
[sf] c0145 off 0x038 val 0xfffffffe (orig 0x00400000)
[sf] c0146 off 0x038 val 0xffffffff (orig 0x00400000)
[sf] c0147 off 0x038 val 0x003fffff (orig 0x00400000)
[sf] c0148 off 0x038 val 0x00400001 (orig 0x00400000)
[sf] c0149 off 0x038 val 0x40000000 (orig 0x00400000)
[sf] c0150 off 0x038 val 0x00000000 (orig 0x00400000)
[sf] c0151 off 0x03c val 0x00000000 (orig 0x00000000)
[sf] c0152 off 0x03c val 0x00000001 (orig 0x00000000)
[sf] c0153 off 0x03c val 0x7fffffff (orig 0x00000000)
[sf] c0154 off 0x03c val 0x80000000 (orig 0x00000000)
[sf] c0155 off 0x03c val 0xfffffffe (orig 0x00000000)
[sf] c0156 off 0x03c val 0xffffffff (orig 0x00000000)
[sf] c0157 off 0x03c val 0xffffffff (orig 0x00000000)
[sf] c0158 off 0x03c val 0x00000001 (orig 0x00000000)
[sf] c0159 off 0x03c val 0x00000000 (orig 0x00000000)
[sf] c0160 off 0x03c val 0x00000000 (orig 0x00000000)
[sf] c0161 off 0x040 val 0x00000000 (orig 0x00400000)
[sf] c0162 off 0x040 val 0x00000001 (orig 0x00400000)
[sf] c0163 off 0x040 val 0x7fffffff (orig 0x00400000)
[sf] c0164 off 0x040 val 0x80000000 (orig 0x00400000)
[sf] c0165 off 0x040 val 0xfffffffe (orig 0x00400000)
[sf] c0166 off 0x040 val 0xffffffff (orig 0x00400000)
[sf] c0167 off 0x040 val 0x003fffff (orig 0x00400000)
[sf] c0168 off 0x040 val 0x00400001 (orig 0x00400000)
[sf] c0169 off 0x040 val 0x40000000 (orig 0x00400000)
[sf] c0170 off 0x040 val 0x00000000 (orig 0x00400000)
[sf] c0171 off 0x044 val 0x00000000 (orig 0x00000000)
[sf] c0172 off 0x044 val 0x00000001 (orig 0x00000000)
[sf] c0173 off 0x044 val 0x7fffffff (orig 0x00000000)
[sf] c0174 off 0x044 val 0x80000000 (orig 0x00000000)
[sf] c0175 off 0x044 val 0xfffffffe (orig 0x00000000)
[sf] c0176 off 0x044 val 0xffffffff (orig 0x00000000)
[sf] c0177 off 0x044 val 0xffffffff (orig 0x00000000)
[sf] c0178 off 0x044 val 0x00000001 (orig 0x00000000)
[sf] c0179 off 0x044 val 0x00000000 (orig 0x00000000)
[sf] c0180 off 0x044 val 0x00000000 (orig 0x00000000)
[sf] c0181 off 0x048 val 0x00000000 (orig 0x00000040)
[sf] c0182 off 0x048 val 0x00000001 (orig 0x00000040)
[sf] c0183 off 0x048 val 0x7fffffff (orig 0x00000040)
[sf] c0184 off 0x048 val 0x80000000 (orig 0x00000040)
[sf] c0185 off 0x048 val 0xfffffffe (orig 0x00000040)
[sf] c0186 off 0x048 val 0xffffffff (orig 0x00000040)
[sf] c0187 off 0x048 val 0x0000003f (orig 0x00000040)
[sf] c0188 off 0x048 val 0x00000041 (orig 0x00000040)
[sf] c0189 off 0x048 val 0x00004000 (orig 0x00000040)
[sf] c0190 off 0x048 val 0x00040000 (orig 0x00000040)
[sf] c0191 off 0x04c val 0x00000000 (orig 0x00000040)
[sf] c0192 off 0x04c val 0x00000001 (orig 0x00000040)
[sf] c0193 off 0x04c val 0x7fffffff (orig 0x00000040)
[sf] c0194 off 0x04c val 0x80000000 (orig 0x00000040)
[sf] c0195 off 0x04c val 0xfffffffe (orig 0x00000040)
[sf] c0196 off 0x04c val 0xffffffff (orig 0x00000040)
[sf] c0197 off 0x04c val 0x0000003f (orig 0x00000040)
[sf] c0198 off 0x04c val 0x00000041 (orig 0x00000040)
[sf] c0199 off 0x04c val 0x00004000 (orig 0x00000040)
[sf] c0200 off 0x04c val 0x00040000 (orig 0x00000040)
[sf] c0201 off 0x050 val 0x00000000 (orig 0x00000000)
[sf] c0202 off 0x050 val 0x00000001 (orig 0x00000000)
[sf] c0203 off 0x050 val 0x7fffffff (orig 0x00000000)
[sf] c0204 off 0x050 val 0x80000000 (orig 0x00000000)
[sf] c0205 off 0x050 val 0xfffffffe (orig 0x00000000)
[sf] c0206 off 0x050 val 0xffffffff (orig 0x00000000)
[sf] c0207 off 0x050 val 0xffffffff (orig 0x00000000)
[sf] c0208 off 0x050 val 0x00000001 (orig 0x00000000)
[sf] c0209 off 0x050 val 0x00000000 (orig 0x00000000)
[sf] c0210 off 0x050 val 0x00000000 (orig 0x00000000)
[sf] c0211 off 0x054 val 0x00000000 (orig 0x00000000)
[sf] c0212 off 0x054 val 0x00000001 (orig 0x00000000)
[sf] c0213 off 0x054 val 0x7fffffff (orig 0x00000000)
[sf] c0214 off 0x054 val 0x80000000 (orig 0x00000000)
[sf] c0215 off 0x054 val 0xfffffffe (orig 0x00000000)
[sf] c0216 off 0x054 val 0xffffffff (orig 0x00000000)
[sf] c0217 off 0x054 val 0xffffffff (orig 0x00000000)
[sf] c0218 off 0x054 val 0x00000001 (orig 0x00000000)
[sf] c0219 off 0x054 val 0x00000000 (orig 0x00000000)
[sf] c0220 off 0x054 val 0x00000000 (orig 0x00000000)
[sf] c0221 off 0x058 val 0x00000000 (orig 0x00000000)
[sf] c0222 off 0x058 val 0x00000001 (orig 0x00000000)
[sf] c0223 off 0x058 val 0x7fffffff (orig 0x00000000)
[sf] c0224 off 0x058 val 0x80000000 (orig 0x00000000)
[sf] c0225 off 0x058 val 0xfffffffe (orig 0x00000000)
[sf] c0226 off 0x058 val 0xffffffff (orig 0x00000000)
[sf] c0227 off 0x058 val 0xffffffff (orig 0x00000000)
[sf] c0228 off 0x058 val 0x00000001 (orig 0x00000000)
[sf] c0229 off 0x058 val 0x00000000 (orig 0x00000000)
[sf] c0230 off 0x058 val 0x00000000 (orig 0x00000000)
[sf] c0231 off 0x05c val 0x00000000 (orig 0x00000000)
[sf] c0232 off 0x05c val 0x00000001 (orig 0x00000000)
[sf] c0233 off 0x05c val 0x7fffffff (orig 0x00000000)
[sf] c0234 off 0x05c val 0x80000000 (orig 0x00000000)
[sf] c0235 off 0x05c val 0xfffffffe (orig 0x00000000)
[sf] c0236 off 0x05c val 0xffffffff (orig 0x00000000)
[sf] c0237 off 0x05c val 0xffffffff (orig 0x00000000)
[sf] c0238 off 0x05c val 0x00000001 (orig 0x00000000)
[sf] c0239 off 0x05c val 0x00000000 (orig 0x00000000)
[sf] c0240 off 0x05c val 0x00000000 (orig 0x00000000)
[sf] c0241 off 0x060 val 0x00000000 (orig 0x00000000)
[sf] c0242 off 0x060 val 0x00000001 (orig 0x00000000)
[sf] c0243 off 0x060 val 0x7fffffff (orig 0x00000000)
[sf] c0243 -> kr 0xe00002c2 (rejected)
[sf] c0244 off 0x060 val 0x80000000 (orig 0x00000000)
[sf] c0244 -> kr 0xe00002c2 (rejected)
[sf] c0245 off 0x060 val 0xfffffffe (orig 0x00000000)
[sf] c0245 -> kr 0xe00002c2 (rejected)
[sf] c0246 off 0x060 val 0xffffffff (orig 0x00000000)
[sf] c0246 -> kr 0xe00002c2 (rejected)
[sf] c0247 off 0x060 val 0xffffffff (orig 0x00000000)
[sf] c0247 -> kr 0xe00002c2 (rejected)
[sf] c0248 off 0x060 val 0x00000001 (orig 0x00000000)
[sf] c0249 off 0x060 val 0x00000000 (orig 0x00000000)
[sf] c0250 off 0x060 val 0x00000000 (orig 0x00000000)
[sf] c0251 off 0x064 val 0x00000000 (orig 0x00000000)
[sf] c0252 off 0x064 val 0x00000001 (orig 0x00000000)
[sf] c0253 off 0x064 val 0x7fffffff (orig 0x00000000)
[sf] c0253 -> kr 0xe00002c2 (rejected)
[sf] c0254 off 0x064 val 0x80000000 (orig 0x00000000)
[sf] c0254 -> kr 0xe00002c2 (rejected)
[sf] c0255 off 0x064 val 0xfffffffe (orig 0x00000000)
[sf] c0255 -> kr 0xe00002c2 (rejected)
[sf] c0256 off 0x064 val 0xffffffff (orig 0x00000000)
[sf] c0256 -> kr 0xe00002c2 (rejected)
[sf] progress c0256 alive
[sf] c0257 off 0x064 val 0xffffffff (orig 0x00000000)
[sf] c0257 -> kr 0xe00002c2 (rejected)
[sf] c0258 off 0x064 val 0x00000001 (orig 0x00000000)
[sf] c0259 off 0x064 val 0x00000000 (orig 0x00000000)
[sf] c0260 off 0x064 val 0x00000000 (orig 0x00000000)
[sf] c0261 off 0x068 val 0x00000000 (orig 0x00000040)
[sf] c0262 off 0x068 val 0x00000001 (orig 0x00000040)
[sf] c0262 -> kr 0xe00002c2 (rejected)
[sf] c0263 off 0x068 val 0x7fffffff (orig 0x00000040)
[sf] c0264 off 0x068 val 0x80000000 (orig 0x00000040)
[sf] c0265 off 0x068 val 0xfffffffe (orig 0x00000040)
[sf] c0266 off 0x068 val 0xffffffff (orig 0x00000040)
[sf] c0267 off 0x068 val 0x0000003f (orig 0x00000040)
[sf] c0268 off 0x068 val 0x00000041 (orig 0x00000040)
[sf] c0269 off 0x068 val 0x00004000 (orig 0x00000040)
[sf] c0270 off 0x068 val 0x00040000 (orig 0x00000040)
[sf] c0271 off 0x06c val 0x00000000 (orig 0x00000040)
[sf] c0272 off 0x06c val 0x00000001 (orig 0x00000040)
[sf] c0272 -> kr 0xe00002c2 (rejected)
[sf] c0273 off 0x06c val 0x7fffffff (orig 0x00000040)
[sf] c0274 off 0x06c val 0x80000000 (orig 0x00000040)
[sf] c0275 off 0x06c val 0xfffffffe (orig 0x00000040)
[sf] c0276 off 0x06c val 0xffffffff (orig 0x00000040)
[sf] c0277 off 0x06c val 0x0000003f (orig 0x00000040)
[sf] c0278 off 0x06c val 0x00000041 (orig 0x00000040)
[sf] c0279 off 0x06c val 0x00004000 (orig 0x00000040)
[sf] c0280 off 0x06c val 0x00040000 (orig 0x00000040)
[sf] c0281 off 0x070 val 0x00000000 (orig 0x00000040)
[sf] c0282 off 0x070 val 0x00000001 (orig 0x00000040)
[sf] c0283 off 0x070 val 0x7fffffff (orig 0x00000040)
[sf] c0284 off 0x070 val 0x80000000 (orig 0x00000040)
[sf] c0285 off 0x070 val 0xfffffffe (orig 0x00000040)
[sf] c0286 off 0x070 val 0xffffffff (orig 0x00000040)
[sf] c0287 off 0x070 val 0x0000003f (orig 0x00000040)
[sf] c0288 off 0x070 val 0x00000041 (orig 0x00000040)
[sf] c0289 off 0x070 val 0x00004000 (orig 0x00000040)
[sf] c0290 off 0x070 val 0x00040000 (orig 0x00000040)
[sf] c0291 off 0x074 val 0x00000000 (orig 0x00000040)
[sf] c0292 off 0x074 val 0x00000001 (orig 0x00000040)
[sf] c0293 off 0x074 val 0x7fffffff (orig 0x00000040)
[sf] c0294 off 0x074 val 0x80000000 (orig 0x00000040)
[sf] c0295 off 0x074 val 0xfffffffe (orig 0x00000040)
[sf] c0296 off 0x074 val 0xffffffff (orig 0x00000040)
[sf] c0297 off 0x074 val 0x0000003f (orig 0x00000040)
[sf] c0298 off 0x074 val 0x00000041 (orig 0x00000040)
[sf] c0299 off 0x074 val 0x00004000 (orig 0x00000040)
[sf] c0300 off 0x074 val 0x00040000 (orig 0x00000040)
[sf] c0301 off 0x078 val 0x00000000 (orig 0x00000000)
[sf] c0302 off 0x078 val 0x00000001 (orig 0x00000000)
[sf] c0303 off 0x078 val 0x7fffffff (orig 0x00000000)
[sf] c0304 off 0x078 val 0x80000000 (orig 0x00000000)
[sf] c0305 off 0x078 val 0xfffffffe (orig 0x00000000)
[sf] c0306 off 0x078 val 0xffffffff (orig 0x00000000)
[sf] c0307 off 0x078 val 0xffffffff (orig 0x00000000)
[sf] c0308 off 0x078 val 0x00000001 (orig 0x00000000)
[sf] c0309 off 0x078 val 0x00000000 (orig 0x00000000)
[sf] c0310 off 0x078 val 0x00000000 (orig 0x00000000)
[sf] c0311 off 0x07c val 0x00000000 (orig 0x00000000)
[sf] c0312 off 0x07c val 0x00000001 (orig 0x00000000)
[sf] c0313 off 0x07c val 0x7fffffff (orig 0x00000000)
[sf] c0314 off 0x07c val 0x80000000 (orig 0x00000000)
[sf] c0315 off 0x07c val 0xfffffffe (orig 0x00000000)
[sf] c0316 off 0x07c val 0xffffffff (orig 0x00000000)
[sf] c0317 off 0x07c val 0xffffffff (orig 0x00000000)
[sf] c0318 off 0x07c val 0x00000001 (orig 0x00000000)
[sf] c0319 off 0x07c val 0x00000000 (orig 0x00000000)
[sf] c0320 off 0x07c val 0x00000000 (orig 0x00000000)
[sf] c0321 off 0x080 val 0x00000000 (orig 0x00000000)
[sf] c0322 off 0x080 val 0x00000001 (orig 0x00000000)
[sf] c0323 off 0x080 val 0x7fffffff (orig 0x00000000)
[sf] c0324 off 0x080 val 0x80000000 (orig 0x00000000)
[sf] c0325 off 0x080 val 0xfffffffe (orig 0x00000000)
[sf] c0326 off 0x080 val 0xffffffff (orig 0x00000000)
[sf] c0327 off 0x080 val 0xffffffff (orig 0x00000000)
[sf] c0328 off 0x080 val 0x00000001 (orig 0x00000000)
[sf] c0329 off 0x080 val 0x00000000 (orig 0x00000000)
[sf] c0330 off 0x080 val 0x00000000 (orig 0x00000000)
[sf] c0331 off 0x084 val 0x00000000 (orig 0x00000000)
[sf] c0332 off 0x084 val 0x00000001 (orig 0x00000000)
[sf] c0333 off 0x084 val 0x7fffffff (orig 0x00000000)
[sf] c0334 off 0x084 val 0x80000000 (orig 0x00000000)
[sf] c0335 off 0x084 val 0xfffffffe (orig 0x00000000)
[sf] c0336 off 0x084 val 0xffffffff (orig 0x00000000)
[sf] c0337 off 0x084 val 0xffffffff (orig 0x00000000)
[sf] c0338 off 0x084 val 0x00000001 (orig 0x00000000)
[sf] c0339 off 0x084 val 0x00000000 (orig 0x00000000)
[sf] c0340 off 0x084 val 0x00000000 (orig 0x00000000)
[sf] c0341 off 0x088 val 0x00000000 (orig 0x00000000)
[sf] c0342 off 0x088 val 0x00000001 (orig 0x00000000)
[sf] c0343 off 0x088 val 0x7fffffff (orig 0x00000000)
[sf] c0344 off 0x088 val 0x80000000 (orig 0x00000000)
[sf] c0345 off 0x088 val 0xfffffffe (orig 0x00000000)
[sf] c0346 off 0x088 val 0xffffffff (orig 0x00000000)
[sf] c0347 off 0x088 val 0xffffffff (orig 0x00000000)
[sf] c0348 off 0x088 val 0x00000001 (orig 0x00000000)
[sf] c0349 off 0x088 val 0x00000000 (orig 0x00000000)
[sf] c0350 off 0x088 val 0x00000000 (orig 0x00000000)
[sf] c0351 off 0x08c val 0x00000000 (orig 0x00000000)
[sf] c0352 off 0x08c val 0x00000001 (orig 0x00000000)
[sf] c0353 off 0x08c val 0x7fffffff (orig 0x00000000)
[sf] c0354 off 0x08c val 0x80000000 (orig 0x00000000)
[sf] c0355 off 0x08c val 0xfffffffe (orig 0x00000000)
[sf] c0356 off 0x08c val 0xffffffff (orig 0x00000000)
[sf] c0357 off 0x08c val 0xffffffff (orig 0x00000000)
[sf] c0358 off 0x08c val 0x00000001 (orig 0x00000000)
[sf] c0359 off 0x08c val 0x00000000 (orig 0x00000000)
[sf] c0360 off 0x08c val 0x00000000 (orig 0x00000000)
[sf] c0361 off 0x090 val 0x00000000 (orig 0x00000000)
[sf] c0362 off 0x090 val 0x00000001 (orig 0x00000000)
[sf] c0363 off 0x090 val 0x7fffffff (orig 0x00000000)
[sf] c0364 off 0x090 val 0x80000000 (orig 0x00000000)
[sf] c0365 off 0x090 val 0xfffffffe (orig 0x00000000)
[sf] c0366 off 0x090 val 0xffffffff (orig 0x00000000)
[sf] c0367 off 0x090 val 0xffffffff (orig 0x00000000)
[sf] c0368 off 0x090 val 0x00000001 (orig 0x00000000)
[sf] c0369 off 0x090 val 0x00000000 (orig 0x00000000)
[sf] c0370 off 0x090 val 0x00000000 (orig 0x00000000)
[sf] c0371 off 0x094 val 0x00000000 (orig 0x00000000)
[sf] c0372 off 0x094 val 0x00000001 (orig 0x00000000)
[sf] c0373 off 0x094 val 0x7fffffff (orig 0x00000000)
[sf] c0374 off 0x094 val 0x80000000 (orig 0x00000000)
[sf] c0375 off 0x094 val 0xfffffffe (orig 0x00000000)
[sf] c0376 off 0x094 val 0xffffffff (orig 0x00000000)
[sf] c0377 off 0x094 val 0xffffffff (orig 0x00000000)
[sf] c0378 off 0x094 val 0x00000001 (orig 0x00000000)
[sf] c0379 off 0x094 val 0x00000000 (orig 0x00000000)
[sf] c0380 off 0x094 val 0x00000000 (orig 0x00000000)
[sf] c0381 off 0x098 val 0x00000000 (orig 0x00000000)
[sf] c0382 off 0x098 val 0x00000001 (orig 0x00000000)
[sf] c0383 off 0x098 val 0x7fffffff (orig 0x00000000)
[sf] c0384 off 0x098 val 0x80000000 (orig 0x00000000)
[sf] c0385 off 0x098 val 0xfffffffe (orig 0x00000000)
[sf] c0386 off 0x098 val 0xffffffff (orig 0x00000000)
[sf] c0387 off 0x098 val 0xffffffff (orig 0x00000000)
[sf] c0388 off 0x098 val 0x00000001 (orig 0x00000000)
[sf] c0389 off 0x098 val 0x00000000 (orig 0x00000000)
[sf] c0390 off 0x098 val 0x00000000 (orig 0x00000000)
[sf] c0391 off 0x09c val 0x00000000 (orig 0x00000000)
[sf] c0392 off 0x09c val 0x00000001 (orig 0x00000000)
[sf] c0393 off 0x09c val 0x7fffffff (orig 0x00000000)
[sf] c0394 off 0x09c val 0x80000000 (orig 0x00000000)
[sf] c0395 off 0x09c val 0xfffffffe (orig 0x00000000)
[sf] c0396 off 0x09c val 0xffffffff (orig 0x00000000)
[sf] c0397 off 0x09c val 0xffffffff (orig 0x00000000)
[sf] c0398 off 0x09c val 0x00000001 (orig 0x00000000)
[sf] c0399 off 0x09c val 0x00000000 (orig 0x00000000)
[sf] c0400 off 0x09c val 0x00000000 (orig 0x00000000)
[sf] c0401 off 0x0a0 val 0x00000000 (orig 0x00000000)
[sf] c0402 off 0x0a0 val 0x00000001 (orig 0x00000000)
[sf] c0403 off 0x0a0 val 0x7fffffff (orig 0x00000000)
[sf] c0404 off 0x0a0 val 0x80000000 (orig 0x00000000)
[sf] c0405 off 0x0a0 val 0xfffffffe (orig 0x00000000)
[sf] c0406 off 0x0a0 val 0xffffffff (orig 0x00000000)
[sf] c0407 off 0x0a0 val 0xffffffff (orig 0x00000000)
[sf] c0408 off 0x0a0 val 0x00000001 (orig 0x00000000)
[sf] c0409 off 0x0a0 val 0x00000000 (orig 0x00000000)
[sf] c0410 off 0x0a0 val 0x00000000 (orig 0x00000000)
[sf] c0411 off 0x0a4 val 0x00000000 (orig 0x00000000)
[sf] c0412 off 0x0a4 val 0x00000001 (orig 0x00000000)
[sf] c0413 off 0x0a4 val 0x7fffffff (orig 0x00000000)
[sf] c0414 off 0x0a4 val 0x80000000 (orig 0x00000000)
[sf] c0415 off 0x0a4 val 0xfffffffe (orig 0x00000000)
[sf] c0416 off 0x0a4 val 0xffffffff (orig 0x00000000)
[sf] c0417 off 0x0a4 val 0xffffffff (orig 0x00000000)
[sf] c0418 off 0x0a4 val 0x00000001 (orig 0x00000000)
[sf] c0419 off 0x0a4 val 0x00000000 (orig 0x00000000)
[sf] c0420 off 0x0a4 val 0x00000000 (orig 0x00000000)
[sf] c0421 off 0x0a8 val 0x00000000 (orig 0x00000000)
[sf] c0422 off 0x0a8 val 0x00000001 (orig 0x00000000)
[sf] c0423 off 0x0a8 val 0x7fffffff (orig 0x00000000)
[sf] c0424 off 0x0a8 val 0x80000000 (orig 0x00000000)
[sf] c0425 off 0x0a8 val 0xfffffffe (orig 0x00000000)
[sf] c0426 off 0x0a8 val 0xffffffff (orig 0x00000000)
[sf] c0427 off 0x0a8 val 0xffffffff (orig 0x00000000)
[sf] c0428 off 0x0a8 val 0x00000001 (orig 0x00000000)
[sf] c0429 off 0x0a8 val 0x00000000 (orig 0x00000000)
[sf] c0430 off 0x0a8 val 0x00000000 (orig 0x00000000)
[sf] c0431 off 0x0ac val 0x00000000 (orig 0x00000000)
[sf] c0432 off 0x0ac val 0x00000001 (orig 0x00000000)
[sf] c0433 off 0x0ac val 0x7fffffff (orig 0x00000000)
[sf] c0434 off 0x0ac val 0x80000000 (orig 0x00000000)
[sf] c0435 off 0x0ac val 0xfffffffe (orig 0x00000000)
[sf] c0436 off 0x0ac val 0xffffffff (orig 0x00000000)
[sf] c0437 off 0x0ac val 0xffffffff (orig 0x00000000)
[sf] c0438 off 0x0ac val 0x00000001 (orig 0x00000000)
[sf] c0439 off 0x0ac val 0x00000000 (orig 0x00000000)
[sf] c0440 off 0x0ac val 0x00000000 (orig 0x00000000)
[sf] c0441 off 0x0b0 val 0x00000000 (orig 0x00000000)
[sf] c0442 off 0x0b0 val 0x00000001 (orig 0x00000000)
[sf] c0443 off 0x0b0 val 0x7fffffff (orig 0x00000000)
[sf] c0444 off 0x0b0 val 0x80000000 (orig 0x00000000)
[sf] c0445 off 0x0b0 val 0xfffffffe (orig 0x00000000)
[sf] c0446 off 0x0b0 val 0xffffffff (orig 0x00000000)
[sf] c0447 off 0x0b0 val 0xffffffff (orig 0x00000000)
[sf] c0448 off 0x0b0 val 0x00000001 (orig 0x00000000)
[sf] c0449 off 0x0b0 val 0x00000000 (orig 0x00000000)
[sf] c0450 off 0x0b0 val 0x00000000 (orig 0x00000000)
[sf] c0451 off 0x0b4 val 0x00000000 (orig 0x00000000)
[sf] c0452 off 0x0b4 val 0x00000001 (orig 0x00000000)
[sf] c0453 off 0x0b4 val 0x7fffffff (orig 0x00000000)
[sf] c0454 off 0x0b4 val 0x80000000 (orig 0x00000000)
[sf] c0455 off 0x0b4 val 0xfffffffe (orig 0x00000000)
[sf] c0456 off 0x0b4 val 0xffffffff (orig 0x00000000)
[sf] c0457 off 0x0b4 val 0xffffffff (orig 0x00000000)
[sf] c0458 off 0x0b4 val 0x00000001 (orig 0x00000000)
[sf] c0459 off 0x0b4 val 0x00000000 (orig 0x00000000)
[sf] c0460 off 0x0b4 val 0x00000000 (orig 0x00000000)
[sf] c0461 off 0x0b8 val 0x00000000 (orig 0x00000000)
[sf] c0462 off 0x0b8 val 0x00000001 (orig 0x00000000)
[sf] c0463 off 0x0b8 val 0x7fffffff (orig 0x00000000)
[sf] c0464 off 0x0b8 val 0x80000000 (orig 0x00000000)
[sf] c0465 off 0x0b8 val 0xfffffffe (orig 0x00000000)
[sf] c0466 off 0x0b8 val 0xffffffff (orig 0x00000000)
[sf] c0467 off 0x0b8 val 0xffffffff (orig 0x00000000)
[sf] c0468 off 0x0b8 val 0x00000001 (orig 0x00000000)
[sf] c0469 off 0x0b8 val 0x00000000 (orig 0x00000000)
[sf] c0470 off 0x0b8 val 0x00000000 (orig 0x00000000)
[sf] c0471 off 0x0bc val 0x00000000 (orig 0x00000000)
[sf] c0472 off 0x0bc val 0x00000001 (orig 0x00000000)
[sf] c0473 off 0x0bc val 0x7fffffff (orig 0x00000000)
[sf] c0474 off 0x0bc val 0x80000000 (orig 0x00000000)
[sf] c0475 off 0x0bc val 0xfffffffe (orig 0x00000000)
[sf] c0476 off 0x0bc val 0xffffffff (orig 0x00000000)
[sf] c0477 off 0x0bc val 0xffffffff (orig 0x00000000)
[sf] c0478 off 0x0bc val 0x00000001 (orig 0x00000000)
[sf] c0479 off 0x0bc val 0x00000000 (orig 0x00000000)
[sf] c0480 off 0x0bc val 0x00000000 (orig 0x00000000)
[sf] c0481 off 0x0c0 val 0x00000000 (orig 0x00000000)
[sf] c0482 off 0x0c0 val 0x00000001 (orig 0x00000000)
[sf] c0483 off 0x0c0 val 0x7fffffff (orig 0x00000000)
[sf] c0484 off 0x0c0 val 0x80000000 (orig 0x00000000)
[sf] c0485 off 0x0c0 val 0xfffffffe (orig 0x00000000)
[sf] c0486 off 0x0c0 val 0xffffffff (orig 0x00000000)
[sf] c0487 off 0x0c0 val 0xffffffff (orig 0x00000000)
[sf] c0488 off 0x0c0 val 0x00000001 (orig 0x00000000)
[sf] c0489 off 0x0c0 val 0x00000000 (orig 0x00000000)
[sf] c0490 off 0x0c0 val 0x00000000 (orig 0x00000000)
[sf] c0491 off 0x0c4 val 0x00000000 (orig 0x00000000)
[sf] c0492 off 0x0c4 val 0x00000001 (orig 0x00000000)
[sf] c0493 off 0x0c4 val 0x7fffffff (orig 0x00000000)
[sf] c0494 off 0x0c4 val 0x80000000 (orig 0x00000000)
[sf] c0495 off 0x0c4 val 0xfffffffe (orig 0x00000000)
[sf] c0496 off 0x0c4 val 0xffffffff (orig 0x00000000)
[sf] c0497 off 0x0c4 val 0xffffffff (orig 0x00000000)
[sf] c0498 off 0x0c4 val 0x00000001 (orig 0x00000000)
[sf] c0499 off 0x0c4 val 0x00000000 (orig 0x00000000)
[sf] c0500 off 0x0c4 val 0x00000000 (orig 0x00000000)
[sf] c0501 off 0x0c8 val 0x00000000 (orig 0x00000000)
[sf] c0502 off 0x0c8 val 0x00000001 (orig 0x00000000)
[sf] c0503 off 0x0c8 val 0x7fffffff (orig 0x00000000)
[sf] c0504 off 0x0c8 val 0x80000000 (orig 0x00000000)
[sf] c0505 off 0x0c8 val 0xfffffffe (orig 0x00000000)
[sf] c0506 off 0x0c8 val 0xffffffff (orig 0x00000000)
[sf] c0507 off 0x0c8 val 0xffffffff (orig 0x00000000)
[sf] c0508 off 0x0c8 val 0x00000001 (orig 0x00000000)
[sf] c0509 off 0x0c8 val 0x00000000 (orig 0x00000000)
[sf] c0510 off 0x0c8 val 0x00000000 (orig 0x00000000)
[sf] c0511 off 0x0cc val 0x00000000 (orig 0x00000000)
[sf] c0512 off 0x0cc val 0x00000001 (orig 0x00000000)
[sf] progress c0512 alive
[sf] c0513 off 0x0cc val 0x7fffffff (orig 0x00000000)
[sf] c0514 off 0x0cc val 0x80000000 (orig 0x00000000)
[sf] c0515 off 0x0cc val 0xfffffffe (orig 0x00000000)
[sf] c0516 off 0x0cc val 0xffffffff (orig 0x00000000)
[sf] c0517 off 0x0cc val 0xffffffff (orig 0x00000000)
[sf] c0518 off 0x0cc val 0x00000001 (orig 0x00000000)
[sf] c0519 off 0x0cc val 0x00000000 (orig 0x00000000)
[sf] c0520 off 0x0cc val 0x00000000 (orig 0x00000000)
[sf] c0521 off 0x0d0 val 0x00000000 (orig 0x00000000)
[sf] c0522 off 0x0d0 val 0x00000001 (orig 0x00000000)
[sf] c0523 off 0x0d0 val 0x7fffffff (orig 0x00000000)
[sf] c0524 off 0x0d0 val 0x80000000 (orig 0x00000000)
[sf] c0525 off 0x0d0 val 0xfffffffe (orig 0x00000000)
[sf] c0526 off 0x0d0 val 0xffffffff (orig 0x00000000)
[sf] c0527 off 0x0d0 val 0xffffffff (orig 0x00000000)
[sf] c0528 off 0x0d0 val 0x00000001 (orig 0x00000000)
[sf] c0529 off 0x0d0 val 0x00000000 (orig 0x00000000)
[sf] c0530 off 0x0d0 val 0x00000000 (orig 0x00000000)
[sf] c0531 off 0x0d4 val 0x00000000 (orig 0x00000000)
[sf] c0532 off 0x0d4 val 0x00000001 (orig 0x00000000)
[sf] c0533 off 0x0d4 val 0x7fffffff (orig 0x00000000)
[sf] c0534 off 0x0d4 val 0x80000000 (orig 0x00000000)
[sf] c0535 off 0x0d4 val 0xfffffffe (orig 0x00000000)
[sf] c0536 off 0x0d4 val 0xffffffff (orig 0x00000000)
[sf] c0537 off 0x0d4 val 0xffffffff (orig 0x00000000)
[sf] c0538 off 0x0d4 val 0x00000001 (orig 0x00000000)
[sf] c0539 off 0x0d4 val 0x00000000 (orig 0x00000000)
[sf] c0540 off 0x0d4 val 0x00000000 (orig 0x00000000)
[sf] c0541 off 0x0d8 val 0x00000000 (orig 0x00000000)
[sf] c0542 off 0x0d8 val 0x00000001 (orig 0x00000000)
[sf] c0543 off 0x0d8 val 0x7fffffff (orig 0x00000000)
[sf] c0544 off 0x0d8 val 0x80000000 (orig 0x00000000)
[sf] c0545 off 0x0d8 val 0xfffffffe (orig 0x00000000)
[sf] c0546 off 0x0d8 val 0xffffffff (orig 0x00000000)
[sf] c0547 off 0x0d8 val 0xffffffff (orig 0x00000000)
[sf] c0548 off 0x0d8 val 0x00000001 (orig 0x00000000)
[sf] c0549 off 0x0d8 val 0x00000000 (orig 0x00000000)
[sf] c0550 off 0x0d8 val 0x00000000 (orig 0x00000000)
[sf] c0551 off 0x0dc val 0x00000000 (orig 0x00000000)
[sf] c0552 off 0x0dc val 0x00000001 (orig 0x00000000)
[sf] c0553 off 0x0dc val 0x7fffffff (orig 0x00000000)
[sf] c0554 off 0x0dc val 0x80000000 (orig 0x00000000)
[sf] c0555 off 0x0dc val 0xfffffffe (orig 0x00000000)
[sf] c0556 off 0x0dc val 0xffffffff (orig 0x00000000)
[sf] c0557 off 0x0dc val 0xffffffff (orig 0x00000000)
[sf] c0558 off 0x0dc val 0x00000001 (orig 0x00000000)
[sf] c0559 off 0x0dc val 0x00000000 (orig 0x00000000)
[sf] c0560 off 0x0dc val 0x00000000 (orig 0x00000000)
[sf] c0561 off 0x0e0 val 0x00000000 (orig 0x00000000)
[sf] c0562 off 0x0e0 val 0x00000001 (orig 0x00000000)
[sf] c0563 off 0x0e0 val 0x7fffffff (orig 0x00000000)
[sf] c0564 off 0x0e0 val 0x80000000 (orig 0x00000000)
[sf] c0565 off 0x0e0 val 0xfffffffe (orig 0x00000000)
[sf] c0566 off 0x0e0 val 0xffffffff (orig 0x00000000)
[sf] c0567 off 0x0e0 val 0xffffffff (orig 0x00000000)
[sf] c0568 off 0x0e0 val 0x00000001 (orig 0x00000000)
[sf] c0569 off 0x0e0 val 0x00000000 (orig 0x00000000)
[sf] c0570 off 0x0e0 val 0x00000000 (orig 0x00000000)
[sf] c0571 off 0x0e4 val 0x00000000 (orig 0x00000000)
[sf] c0572 off 0x0e4 val 0x00000001 (orig 0x00000000)
[sf] c0573 off 0x0e4 val 0x7fffffff (orig 0x00000000)
[sf] c0574 off 0x0e4 val 0x80000000 (orig 0x00000000)
[sf] c0575 off 0x0e4 val 0xfffffffe (orig 0x00000000)
[sf] c0576 off 0x0e4 val 0xffffffff (orig 0x00000000)
[sf] c0577 off 0x0e4 val 0xffffffff (orig 0x00000000)
[sf] c0578 off 0x0e4 val 0x00000001 (orig 0x00000000)
[sf] c0579 off 0x0e4 val 0x00000000 (orig 0x00000000)
[sf] c0580 off 0x0e4 val 0x00000000 (orig 0x00000000)
[sf] c0581 off 0x0e8 val 0x00000000 (orig 0x00000000)
[sf] c0582 off 0x0e8 val 0x00000001 (orig 0x00000000)
[sf] c0583 off 0x0e8 val 0x7fffffff (orig 0x00000000)
[sf] c0584 off 0x0e8 val 0x80000000 (orig 0x00000000)
[sf] c0585 off 0x0e8 val 0xfffffffe (orig 0x00000000)
[sf] c0586 off 0x0e8 val 0xffffffff (orig 0x00000000)
[sf] c0587 off 0x0e8 val 0xffffffff (orig 0x00000000)
[sf] c0588 off 0x0e8 val 0x00000001 (orig 0x00000000)
[sf] c0589 off 0x0e8 val 0x00000000 (orig 0x00000000)
[sf] c0590 off 0x0e8 val 0x00000000 (orig 0x00000000)
[sf] c0591 off 0x0ec val 0x00000000 (orig 0x00000000)
[sf] c0592 off 0x0ec val 0x00000001 (orig 0x00000000)
[sf] c0593 off 0x0ec val 0x7fffffff (orig 0x00000000)
[sf] c0594 off 0x0ec val 0x80000000 (orig 0x00000000)
[sf] c0595 off 0x0ec val 0xfffffffe (orig 0x00000000)
[sf] c0596 off 0x0ec val 0xffffffff (orig 0x00000000)
[sf] c0597 off 0x0ec val 0xffffffff (orig 0x00000000)
[sf] c0598 off 0x0ec val 0x00000001 (orig 0x00000000)
[sf] c0599 off 0x0ec val 0x00000000 (orig 0x00000000)
[sf] c0600 off 0x0ec val 0x00000000 (orig 0x00000000)
[sf] c0601 off 0x0f0 val 0x00000000 (orig 0x00000000)
[sf] c0602 off 0x0f0 val 0x00000001 (orig 0x00000000)
[sf] c0603 off 0x0f0 val 0x7fffffff (orig 0x00000000)
[sf] c0604 off 0x0f0 val 0x80000000 (orig 0x00000000)
[sf] c0605 off 0x0f0 val 0xfffffffe (orig 0x00000000)
[sf] c0606 off 0x0f0 val 0xffffffff (orig 0x00000000)
[sf] c0607 off 0x0f0 val 0xffffffff (orig 0x00000000)
[sf] c0608 off 0x0f0 val 0x00000001 (orig 0x00000000)
[sf] c0609 off 0x0f0 val 0x00000000 (orig 0x00000000)
[sf] c0610 off 0x0f0 val 0x00000000 (orig 0x00000000)
[sf] c0611 off 0x0f4 val 0x00000000 (orig 0x00000000)
[sf] c0612 off 0x0f4 val 0x00000001 (orig 0x00000000)
[sf] c0613 off 0x0f4 val 0x7fffffff (orig 0x00000000)
[sf] c0614 off 0x0f4 val 0x80000000 (orig 0x00000000)
[sf] c0615 off 0x0f4 val 0xfffffffe (orig 0x00000000)
[sf] c0616 off 0x0f4 val 0xffffffff (orig 0x00000000)
[sf] c0617 off 0x0f4 val 0xffffffff (orig 0x00000000)
[sf] c0618 off 0x0f4 val 0x00000001 (orig 0x00000000)
[sf] c0619 off 0x0f4 val 0x00000000 (orig 0x00000000)
[sf] c0620 off 0x0f4 val 0x00000000 (orig 0x00000000)
[sf] c0621 off 0x0f8 val 0x00000000 (orig 0x00000000)
[sf] c0622 off 0x0f8 val 0x00000001 (orig 0x00000000)
[sf] c0623 off 0x0f8 val 0x7fffffff (orig 0x00000000)
[sf] c0624 off 0x0f8 val 0x80000000 (orig 0x00000000)
[sf] c0625 off 0x0f8 val 0xfffffffe (orig 0x00000000)
[sf] c0626 off 0x0f8 val 0xffffffff (orig 0x00000000)
[sf] c0627 off 0x0f8 val 0xffffffff (orig 0x00000000)
[sf] c0628 off 0x0f8 val 0x00000001 (orig 0x00000000)
[sf] c0629 off 0x0f8 val 0x00000000 (orig 0x00000000)
[sf] c0630 off 0x0f8 val 0x00000000 (orig 0x00000000)
[sf] c0631 off 0x0fc val 0x00000000 (orig 0x00000000)
[sf] c0632 off 0x0fc val 0x00000001 (orig 0x00000000)
[sf] c0633 off 0x0fc val 0x7fffffff (orig 0x00000000)
[sf] c0634 off 0x0fc val 0x80000000 (orig 0x00000000)
[sf] c0635 off 0x0fc val 0xfffffffe (orig 0x00000000)
[sf] c0636 off 0x0fc val 0xffffffff (orig 0x00000000)
[sf] c0637 off 0x0fc val 0xffffffff (orig 0x00000000)
[sf] c0638 off 0x0fc val 0x00000001 (orig 0x00000000)
[sf] c0639 off 0x0fc val 0x00000000 (orig 0x00000000)
[sf] c0640 off 0x0fc val 0x00000000 (orig 0x00000000)
[sf] c0641 off 0x100 val 0x00000000 (orig 0x00000000)
[sf] c0642 off 0x100 val 0x00000001 (orig 0x00000000)
[sf] c0643 off 0x100 val 0x7fffffff (orig 0x00000000)
[sf] c0644 off 0x100 val 0x80000000 (orig 0x00000000)
[sf] c0645 off 0x100 val 0xfffffffe (orig 0x00000000)
[sf] c0646 off 0x100 val 0xffffffff (orig 0x00000000)
[sf] c0647 off 0x100 val 0xffffffff (orig 0x00000000)
[sf] c0648 off 0x100 val 0x00000001 (orig 0x00000000)
[sf] c0649 off 0x100 val 0x00000000 (orig 0x00000000)
[sf] c0650 off 0x100 val 0x00000000 (orig 0x00000000)
[sf] c0651 off 0x104 val 0x00000000 (orig 0x00000000)
[sf] c0652 off 0x104 val 0x00000001 (orig 0x00000000)
[sf] c0653 off 0x104 val 0x7fffffff (orig 0x00000000)
[sf] c0654 off 0x104 val 0x80000000 (orig 0x00000000)
[sf] c0655 off 0x104 val 0xfffffffe (orig 0x00000000)
[sf] c0656 off 0x104 val 0xffffffff (orig 0x00000000)
[sf] c0657 off 0x104 val 0xffffffff (orig 0x00000000)
[sf] c0658 off 0x104 val 0x00000001 (orig 0x00000000)
[sf] c0659 off 0x104 val 0x00000000 (orig 0x00000000)
[sf] c0660 off 0x104 val 0x00000000 (orig 0x00000000)
[sf] c0661 off 0x108 val 0x00000000 (orig 0x00000000)
[sf] c0662 off 0x108 val 0x00000001 (orig 0x00000000)
[sf] c0663 off 0x108 val 0x7fffffff (orig 0x00000000)
[sf] c0664 off 0x108 val 0x80000000 (orig 0x00000000)
[sf] c0665 off 0x108 val 0xfffffffe (orig 0x00000000)
[sf] c0666 off 0x108 val 0xffffffff (orig 0x00000000)
[sf] c0667 off 0x108 val 0xffffffff (orig 0x00000000)
[sf] c0668 off 0x108 val 0x00000001 (orig 0x00000000)
[sf] c0669 off 0x108 val 0x00000000 (orig 0x00000000)
[sf] c0670 off 0x108 val 0x00000000 (orig 0x00000000)
[sf] c0671 off 0x10c val 0x00000000 (orig 0x00000000)
[sf] c0672 off 0x10c val 0x00000001 (orig 0x00000000)
[sf] c0673 off 0x10c val 0x7fffffff (orig 0x00000000)
[sf] c0674 off 0x10c val 0x80000000 (orig 0x00000000)
[sf] c0675 off 0x10c val 0xfffffffe (orig 0x00000000)
[sf] c0676 off 0x10c val 0xffffffff (orig 0x00000000)
[sf] c0677 off 0x10c val 0xffffffff (orig 0x00000000)
[sf] c0678 off 0x10c val 0x00000001 (orig 0x00000000)
[sf] c0679 off 0x10c val 0x00000000 (orig 0x00000000)
[sf] c0680 off 0x10c val 0x00000000 (orig 0x00000000)
[sf] c0681 off 0x110 val 0x00000000 (orig 0x00000000)
[sf] c0682 off 0x110 val 0x00000001 (orig 0x00000000)
[sf] c0682 -> kr 0xe00002c2 (rejected)
[sf] c0683 off 0x110 val 0x7fffffff (orig 0x00000000)
[sf] c0683 -> kr 0xe00002c2 (rejected)
[sf] c0684 off 0x110 val 0x80000000 (orig 0x00000000)
[sf] c0684 -> kr 0xe00002c2 (rejected)
[sf] c0685 off 0x110 val 0xfffffffe (orig 0x00000000)
[sf] c0685 -> kr 0xe00002c2 (rejected)
[sf] c0686 off 0x110 val 0xffffffff (orig 0x00000000)
[sf] c0686 -> kr 0xe00002c2 (rejected)
[sf] c0687 off 0x110 val 0xffffffff (orig 0x00000000)
[sf] c0687 -> kr 0xe00002c2 (rejected)
[sf] c0688 off 0x110 val 0x00000001 (orig 0x00000000)
[sf] c0688 -> kr 0xe00002c2 (rejected)
[sf] c0689 off 0x110 val 0x00000000 (orig 0x00000000)
[sf] c0690 off 0x110 val 0x00000000 (orig 0x00000000)
[sf] c0691 off 0x114 val 0x00000000 (orig 0x00000000)
[sf] c0692 off 0x114 val 0x00000001 (orig 0x00000000)
[sf] c0693 off 0x114 val 0x7fffffff (orig 0x00000000)
[sf] c0694 off 0x114 val 0x80000000 (orig 0x00000000)
[sf] c0695 off 0x114 val 0xfffffffe (orig 0x00000000)
[sf] c0696 off 0x114 val 0xffffffff (orig 0x00000000)
[sf] c0697 off 0x114 val 0xffffffff (orig 0x00000000)
[sf] c0698 off 0x114 val 0x00000001 (orig 0x00000000)
[sf] c0699 off 0x114 val 0x00000000 (orig 0x00000000)
[sf] c0700 off 0x114 val 0x00000000 (orig 0x00000000)
[sf] c0701 off 0x118 val 0x00000000 (orig 0x00000000)
[sf] c0702 off 0x118 val 0x00000001 (orig 0x00000000)
[sf] c0703 off 0x118 val 0x7fffffff (orig 0x00000000)
[sf] c0704 off 0x118 val 0x80000000 (orig 0x00000000)
[sf] c0705 off 0x118 val 0xfffffffe (orig 0x00000000)
[sf] c0706 off 0x118 val 0xffffffff (orig 0x00000000)
[sf] c0707 off 0x118 val 0xffffffff (orig 0x00000000)
[sf] c0708 off 0x118 val 0x00000001 (orig 0x00000000)
[sf] c0709 off 0x118 val 0x00000000 (orig 0x00000000)
[sf] c0710 off 0x118 val 0x00000000 (orig 0x00000000)
[sf] c0711 off 0x11c val 0x00000000 (orig 0x00000000)
[sf] c0712 off 0x11c val 0x00000001 (orig 0x00000000)
[sf] c0713 off 0x11c val 0x7fffffff (orig 0x00000000)
[sf] c0714 off 0x11c val 0x80000000 (orig 0x00000000)
[sf] c0715 off 0x11c val 0xfffffffe (orig 0x00000000)
[sf] c0716 off 0x11c val 0xffffffff (orig 0x00000000)
[sf] c0717 off 0x11c val 0xffffffff (orig 0x00000000)
[sf] c0718 off 0x11c val 0x00000001 (orig 0x00000000)
[sf] c0719 off 0x11c val 0x00000000 (orig 0x00000000)
[sf] c0720 off 0x11c val 0x00000000 (orig 0x00000000)
[sf] c0721 off 0x120 val 0x00000000 (orig 0x00000000)
[sf] c0722 off 0x120 val 0x00000001 (orig 0x00000000)
[sf] c0723 off 0x120 val 0x7fffffff (orig 0x00000000)
[sf] c0724 off 0x120 val 0x80000000 (orig 0x00000000)
[sf] c0725 off 0x120 val 0xfffffffe (orig 0x00000000)
[sf] c0726 off 0x120 val 0xffffffff (orig 0x00000000)
[sf] c0727 off 0x120 val 0xffffffff (orig 0x00000000)
[sf] c0728 off 0x120 val 0x00000001 (orig 0x00000000)
[sf] c0729 off 0x120 val 0x00000000 (orig 0x00000000)
[sf] c0730 off 0x120 val 0x00000000 (orig 0x00000000)
[sf] c0731 off 0x124 val 0x00000000 (orig 0x00000000)
[sf] c0732 off 0x124 val 0x00000001 (orig 0x00000000)
[sf] c0733 off 0x124 val 0x7fffffff (orig 0x00000000)
[sf] c0734 off 0x124 val 0x80000000 (orig 0x00000000)
[sf] c0735 off 0x124 val 0xfffffffe (orig 0x00000000)
[sf] c0736 off 0x124 val 0xffffffff (orig 0x00000000)
[sf] c0737 off 0x124 val 0xffffffff (orig 0x00000000)
[sf] c0738 off 0x124 val 0x00000001 (orig 0x00000000)
[sf] c0739 off 0x124 val 0x00000000 (orig 0x00000000)
[sf] c0740 off 0x124 val 0x00000000 (orig 0x00000000)
[sf] c0741 off 0x128 val 0x00000000 (orig 0x00000000)
[sf] c0742 off 0x128 val 0x00000001 (orig 0x00000000)
[sf] c0743 off 0x128 val 0x7fffffff (orig 0x00000000)
[sf] c0744 off 0x128 val 0x80000000 (orig 0x00000000)
[sf] c0745 off 0x128 val 0xfffffffe (orig 0x00000000)
[sf] c0746 off 0x128 val 0xffffffff (orig 0x00000000)
[sf] c0747 off 0x128 val 0xffffffff (orig 0x00000000)
[sf] c0748 off 0x128 val 0x00000001 (orig 0x00000000)
[sf] c0749 off 0x128 val 0x00000000 (orig 0x00000000)
[sf] c0750 off 0x128 val 0x00000000 (orig 0x00000000)
[sf] c0751 off 0x12c val 0x00000000 (orig 0x00000000)
[sf] c0752 off 0x12c val 0x00000001 (orig 0x00000000)
[sf] c0753 off 0x12c val 0x7fffffff (orig 0x00000000)
[sf] c0754 off 0x12c val 0x80000000 (orig 0x00000000)
[sf] c0755 off 0x12c val 0xfffffffe (orig 0x00000000)
[sf] c0756 off 0x12c val 0xffffffff (orig 0x00000000)
[sf] c0757 off 0x12c val 0xffffffff (orig 0x00000000)
[sf] c0758 off 0x12c val 0x00000001 (orig 0x00000000)
[sf] c0759 off 0x12c val 0x00000000 (orig 0x00000000)
[sf] c0760 off 0x12c val 0x00000000 (orig 0x00000000)
[sf] c0761 off 0x130 val 0x00000000 (orig 0x00000000)
[sf] c0762 off 0x130 val 0x00000001 (orig 0x00000000)
[sf] c0763 off 0x130 val 0x7fffffff (orig 0x00000000)
[sf] c0764 off 0x130 val 0x80000000 (orig 0x00000000)
[sf] c0765 off 0x130 val 0xfffffffe (orig 0x00000000)
[sf] c0766 off 0x130 val 0xffffffff (orig 0x00000000)
[sf] c0767 off 0x130 val 0xffffffff (orig 0x00000000)
[sf] c0768 off 0x130 val 0x00000001 (orig 0x00000000)
[sf] progress c0768 alive
[sf] c0769 off 0x130 val 0x00000000 (orig 0x00000000)
[sf] c0770 off 0x130 val 0x00000000 (orig 0x00000000)
[sf] c0771 off 0x134 val 0x00000000 (orig 0x00000000)
[sf] c0772 off 0x134 val 0x00000001 (orig 0x00000000)
[sf] c0773 off 0x134 val 0x7fffffff (orig 0x00000000)
[sf] c0774 off 0x134 val 0x80000000 (orig 0x00000000)
[sf] c0775 off 0x134 val 0xfffffffe (orig 0x00000000)
[sf] c0776 off 0x134 val 0xffffffff (orig 0x00000000)
[sf] c0777 off 0x134 val 0xffffffff (orig 0x00000000)
[sf] c0778 off 0x134 val 0x00000001 (orig 0x00000000)
[sf] c0779 off 0x134 val 0x00000000 (orig 0x00000000)
[sf] c0780 off 0x134 val 0x00000000 (orig 0x00000000)
[sf] c0781 off 0x138 val 0x00000000 (orig 0x00000000)
[sf] c0782 off 0x138 val 0x00000001 (orig 0x00000000)
[sf] c0782 -> kr 0xe00002c2 (rejected)
[sf] c0783 off 0x138 val 0x7fffffff (orig 0x00000000)
[sf] c0783 -> kr 0xe00002c2 (rejected)
[sf] c0784 off 0x138 val 0x80000000 (orig 0x00000000)
[sf] c0784 -> kr 0xe00002c2 (rejected)
[sf] c0785 off 0x138 val 0xfffffffe (orig 0x00000000)
[sf] c0785 -> kr 0xe00002c2 (rejected)
[sf] c0786 off 0x138 val 0xffffffff (orig 0x00000000)
[sf] c0786 -> kr 0xe00002c2 (rejected)
[sf] c0787 off 0x138 val 0xffffffff (orig 0x00000000)
[sf] c0787 -> kr 0xe00002c2 (rejected)
[sf] c0788 off 0x138 val 0x00000001 (orig 0x00000000)
[sf] c0788 -> kr 0xe00002c2 (rejected)
[sf] c0789 off 0x138 val 0x00000000 (orig 0x00000000)
[sf] c0790 off 0x138 val 0x00000000 (orig 0x00000000)
[sf] c0791 off 0x13c val 0x00000000 (orig 0x00000000)
[sf] c0792 off 0x13c val 0x00000001 (orig 0x00000000)
[sf] c0793 off 0x13c val 0x7fffffff (orig 0x00000000)
[sf] c0794 off 0x13c val 0x80000000 (orig 0x00000000)
[sf] c0795 off 0x13c val 0xfffffffe (orig 0x00000000)
[sf] c0796 off 0x13c val 0xffffffff (orig 0x00000000)
[sf] c0797 off 0x13c val 0xffffffff (orig 0x00000000)
[sf] c0798 off 0x13c val 0x00000001 (orig 0x00000000)
[sf] c0799 off 0x13c val 0x00000000 (orig 0x00000000)
[sf] c0800 off 0x13c val 0x00000000 (orig 0x00000000)
[sf] c0801 off 0x140 val 0x00000000 (orig 0x00000000)
[sf] c0802 off 0x140 val 0x00000001 (orig 0x00000000)
[sf] c0803 off 0x140 val 0x7fffffff (orig 0x00000000)
[sf] c0804 off 0x140 val 0x80000000 (orig 0x00000000)
[sf] c0805 off 0x140 val 0xfffffffe (orig 0x00000000)
[sf] c0806 off 0x140 val 0xffffffff (orig 0x00000000)
[sf] c0807 off 0x140 val 0xffffffff (orig 0x00000000)
[sf] c0808 off 0x140 val 0x00000001 (orig 0x00000000)
[sf] c0809 off 0x140 val 0x00000000 (orig 0x00000000)
[sf] c0810 off 0x140 val 0x00000000 (orig 0x00000000)
[sf] c0811 off 0x144 val 0x00000000 (orig 0x00000000)
[sf] c0812 off 0x144 val 0x00000001 (orig 0x00000000)
[sf] c0813 off 0x144 val 0x7fffffff (orig 0x00000000)
[sf] c0814 off 0x144 val 0x80000000 (orig 0x00000000)
[sf] c0815 off 0x144 val 0xfffffffe (orig 0x00000000)
[sf] c0816 off 0x144 val 0xffffffff (orig 0x00000000)
[sf] c0817 off 0x144 val 0xffffffff (orig 0x00000000)
[sf] c0818 off 0x144 val 0x00000001 (orig 0x00000000)
[sf] c0819 off 0x144 val 0x00000000 (orig 0x00000000)
[sf] c0820 off 0x144 val 0x00000000 (orig 0x00000000)
[sf] c0821 off 0x148 val 0x00000000 (orig 0x00000000)
[sf] c0822 off 0x148 val 0x00000001 (orig 0x00000000)
[sf] c0823 off 0x148 val 0x7fffffff (orig 0x00000000)
[sf] c0824 off 0x148 val 0x80000000 (orig 0x00000000)
[sf] c0825 off 0x148 val 0xfffffffe (orig 0x00000000)
[sf] c0826 off 0x148 val 0xffffffff (orig 0x00000000)
[sf] c0827 off 0x148 val 0xffffffff (orig 0x00000000)
[sf] c0828 off 0x148 val 0x00000001 (orig 0x00000000)
[sf] c0829 off 0x148 val 0x00000000 (orig 0x00000000)
[sf] c0830 off 0x148 val 0x00000000 (orig 0x00000000)
[sf] c0831 off 0x14c val 0x00000000 (orig 0x00000000)
[sf] c0832 off 0x14c val 0x00000001 (orig 0x00000000)
[sf] c0833 off 0x14c val 0x7fffffff (orig 0x00000000)
[sf] c0834 off 0x14c val 0x80000000 (orig 0x00000000)
[sf] c0835 off 0x14c val 0xfffffffe (orig 0x00000000)
[sf] c0836 off 0x14c val 0xffffffff (orig 0x00000000)
[sf] c0837 off 0x14c val 0xffffffff (orig 0x00000000)
[sf] c0838 off 0x14c val 0x00000001 (orig 0x00000000)
[sf] c0839 off 0x14c val 0x00000000 (orig 0x00000000)
[sf] c0840 off 0x14c val 0x00000000 (orig 0x00000000)
[sf] c0841 off 0x150 val 0x00000000 (orig 0x00000000)
[sf] c0842 off 0x150 val 0x00000001 (orig 0x00000000)
[sf] c0843 off 0x150 val 0x7fffffff (orig 0x00000000)
[sf] c0844 off 0x150 val 0x80000000 (orig 0x00000000)
[sf] c0845 off 0x150 val 0xfffffffe (orig 0x00000000)
[sf] c0846 off 0x150 val 0xffffffff (orig 0x00000000)
[sf] c0847 off 0x150 val 0xffffffff (orig 0x00000000)
[sf] c0848 off 0x150 val 0x00000001 (orig 0x00000000)
[sf] c0849 off 0x150 val 0x00000000 (orig 0x00000000)
[sf] c0850 off 0x150 val 0x00000000 (orig 0x00000000)
[sf] c0851 off 0x154 val 0x00000000 (orig 0x00000000)
[sf] c0852 off 0x154 val 0x00000001 (orig 0x00000000)
[sf] c0853 off 0x154 val 0x7fffffff (orig 0x00000000)
[sf] c0854 off 0x154 val 0x80000000 (orig 0x00000000)
[sf] c0855 off 0x154 val 0xfffffffe (orig 0x00000000)
[sf] c0856 off 0x154 val 0xffffffff (orig 0x00000000)
[sf] c0857 off 0x154 val 0xffffffff (orig 0x00000000)
[sf] c0858 off 0x154 val 0x00000001 (orig 0x00000000)
[sf] c0859 off 0x154 val 0x00000000 (orig 0x00000000)
[sf] c0860 off 0x154 val 0x00000000 (orig 0x00000000)
[sf] c0861 off 0x158 val 0x00000000 (orig 0x00000000)
[sf] c0862 off 0x158 val 0x00000001 (orig 0x00000000)
[sf] c0863 off 0x158 val 0x7fffffff (orig 0x00000000)
[sf] c0864 off 0x158 val 0x80000000 (orig 0x00000000)
[sf] c0865 off 0x158 val 0xfffffffe (orig 0x00000000)
[sf] c0866 off 0x158 val 0xffffffff (orig 0x00000000)
[sf] c0867 off 0x158 val 0xffffffff (orig 0x00000000)
[sf] c0868 off 0x158 val 0x00000001 (orig 0x00000000)
[sf] c0869 off 0x158 val 0x00000000 (orig 0x00000000)
[sf] c0870 off 0x158 val 0x00000000 (orig 0x00000000)
[sf] c0871 off 0x15c val 0x00000000 (orig 0x00000000)
[sf] c0872 off 0x15c val 0x00000001 (orig 0x00000000)
[sf] c0873 off 0x15c val 0x7fffffff (orig 0x00000000)
[sf] c0874 off 0x15c val 0x80000000 (orig 0x00000000)
[sf] c0875 off 0x15c val 0xfffffffe (orig 0x00000000)
[sf] c0876 off 0x15c val 0xffffffff (orig 0x00000000)
[sf] c0877 off 0x15c val 0xffffffff (orig 0x00000000)
[sf] c0878 off 0x15c val 0x00000001 (orig 0x00000000)
[sf] c0879 off 0x15c val 0x00000000 (orig 0x00000000)
[sf] c0880 off 0x15c val 0x00000000 (orig 0x00000000)
[sf] c0881 off 0x160 val 0x00000000 (orig 0x00000000)
[sf] c0882 off 0x160 val 0x00000001 (orig 0x00000000)
[sf] c0882 -> kr 0xe00002c2 (rejected)
[sf] c0883 off 0x160 val 0x7fffffff (orig 0x00000000)
[sf] c0883 -> kr 0xe00002c2 (rejected)
[sf] c0884 off 0x160 val 0x80000000 (orig 0x00000000)
[sf] c0884 -> kr 0xe00002c2 (rejected)
[sf] c0885 off 0x160 val 0xfffffffe (orig 0x00000000)
[sf] c0885 -> kr 0xe00002c2 (rejected)
[sf] c0886 off 0x160 val 0xffffffff (orig 0x00000000)
[sf] c0886 -> kr 0xe00002c2 (rejected)
[sf] c0887 off 0x160 val 0xffffffff (orig 0x00000000)
[sf] c0887 -> kr 0xe00002c2 (rejected)
[sf] c0888 off 0x160 val 0x00000001 (orig 0x00000000)
[sf] c0888 -> kr 0xe00002c2 (rejected)
[sf] c0889 off 0x160 val 0x00000000 (orig 0x00000000)
[sf] c0890 off 0x160 val 0x00000000 (orig 0x00000000)
[sf] c0891 off 0x164 val 0x00000000 (orig 0x00000000)
[sf] c0892 off 0x164 val 0x00000001 (orig 0x00000000)
[sf] c0893 off 0x164 val 0x7fffffff (orig 0x00000000)
[sf] c0894 off 0x164 val 0x80000000 (orig 0x00000000)
[sf] c0895 off 0x164 val 0xfffffffe (orig 0x00000000)
[sf] c0896 off 0x164 val 0xffffffff (orig 0x00000000)
[sf] c0897 off 0x164 val 0xffffffff (orig 0x00000000)
[sf] c0898 off 0x164 val 0x00000001 (orig 0x00000000)
[sf] c0899 off 0x164 val 0x00000000 (orig 0x00000000)
[sf] c0900 off 0x164 val 0x00000000 (orig 0x00000000)
[sf] c0901 off 0x168 val 0x00000000 (orig 0x00000000)
[sf] c0902 off 0x168 val 0x00000001 (orig 0x00000000)
[sf] c0903 off 0x168 val 0x7fffffff (orig 0x00000000)
[sf] c0904 off 0x168 val 0x80000000 (orig 0x00000000)
[sf] c0905 off 0x168 val 0xfffffffe (orig 0x00000000)
[sf] c0906 off 0x168 val 0xffffffff (orig 0x00000000)
[sf] c0907 off 0x168 val 0xffffffff (orig 0x00000000)
[sf] c0908 off 0x168 val 0x00000001 (orig 0x00000000)
[sf] c0909 off 0x168 val 0x00000000 (orig 0x00000000)
[sf] c0910 off 0x168 val 0x00000000 (orig 0x00000000)
[sf] c0911 off 0x16c val 0x00000000 (orig 0x00000000)
[sf] c0912 off 0x16c val 0x00000001 (orig 0x00000000)
[sf] c0913 off 0x16c val 0x7fffffff (orig 0x00000000)
[sf] c0914 off 0x16c val 0x80000000 (orig 0x00000000)
[sf] c0915 off 0x16c val 0xfffffffe (orig 0x00000000)
[sf] c0916 off 0x16c val 0xffffffff (orig 0x00000000)
[sf] c0917 off 0x16c val 0xffffffff (orig 0x00000000)
[sf] c0918 off 0x16c val 0x00000001 (orig 0x00000000)
[sf] c0919 off 0x16c val 0x00000000 (orig 0x00000000)
[sf] c0920 off 0x16c val 0x00000000 (orig 0x00000000)
[sf] c0921 off 0x170 val 0x00000000 (orig 0x00000000)
[sf] c0922 off 0x170 val 0x00000001 (orig 0x00000000)
[sf] c0923 off 0x170 val 0x7fffffff (orig 0x00000000)
[sf] c0924 off 0x170 val 0x80000000 (orig 0x00000000)
[sf] c0925 off 0x170 val 0xfffffffe (orig 0x00000000)
[sf] c0926 off 0x170 val 0xffffffff (orig 0x00000000)
[sf] c0927 off 0x170 val 0xffffffff (orig 0x00000000)
[sf] c0928 off 0x170 val 0x00000001 (orig 0x00000000)
[sf] c0929 off 0x170 val 0x00000000 (orig 0x00000000)
[sf] c0930 off 0x170 val 0x00000000 (orig 0x00000000)
[sf] c0931 off 0x174 val 0x00000000 (orig 0x00000000)
[sf] c0932 off 0x174 val 0x00000001 (orig 0x00000000)
[sf] c0933 off 0x174 val 0x7fffffff (orig 0x00000000)
[sf] c0934 off 0x174 val 0x80000000 (orig 0x00000000)
[sf] c0935 off 0x174 val 0xfffffffe (orig 0x00000000)
[sf] c0936 off 0x174 val 0xffffffff (orig 0x00000000)
[sf] c0937 off 0x174 val 0xffffffff (orig 0x00000000)
[sf] c0938 off 0x174 val 0x00000001 (orig 0x00000000)
[sf] c0939 off 0x174 val 0x00000000 (orig 0x00000000)
[sf] c0940 off 0x174 val 0x00000000 (orig 0x00000000)
[sf] c0941 off 0x178 val 0x00000000 (orig 0x00000000)
[sf] c0942 off 0x178 val 0x00000001 (orig 0x00000000)
[sf] c0943 off 0x178 val 0x7fffffff (orig 0x00000000)
[sf] c0944 off 0x178 val 0x80000000 (orig 0x00000000)
[sf] c0945 off 0x178 val 0xfffffffe (orig 0x00000000)
[sf] c0946 off 0x178 val 0xffffffff (orig 0x00000000)
[sf] c0947 off 0x178 val 0xffffffff (orig 0x00000000)
[sf] c0948 off 0x178 val 0x00000001 (orig 0x00000000)
[sf] c0949 off 0x178 val 0x00000000 (orig 0x00000000)
[sf] c0950 off 0x178 val 0x00000000 (orig 0x00000000)
[sf] c0951 off 0x17c val 0x00000000 (orig 0x00000000)
[sf] c0952 off 0x17c val 0x00000001 (orig 0x00000000)
[sf] c0953 off 0x17c val 0x7fffffff (orig 0x00000000)
[sf] c0954 off 0x17c val 0x80000000 (orig 0x00000000)
[sf] c0955 off 0x17c val 0xfffffffe (orig 0x00000000)
[sf] c0956 off 0x17c val 0xffffffff (orig 0x00000000)
[sf] c0957 off 0x17c val 0xffffffff (orig 0x00000000)
[sf] c0958 off 0x17c val 0x00000001 (orig 0x00000000)
[sf] c0959 off 0x17c val 0x00000000 (orig 0x00000000)
[sf] c0960 off 0x17c val 0x00000000 (orig 0x00000000)
[sf] c0961 off 0x180 val 0x00000000 (orig 0x00000000)
[sf] c0962 off 0x180 val 0x00000001 (orig 0x00000000)
[sf] c0963 off 0x180 val 0x7fffffff (orig 0x00000000)
[sf] c0964 off 0x180 val 0x80000000 (orig 0x00000000)
[sf] c0965 off 0x180 val 0xfffffffe (orig 0x00000000)
[sf] c0966 off 0x180 val 0xffffffff (orig 0x00000000)
[sf] c0967 off 0x180 val 0xffffffff (orig 0x00000000)
[sf] c0968 off 0x180 val 0x00000001 (orig 0x00000000)
[sf] c0969 off 0x180 val 0x00000000 (orig 0x00000000)
[sf] c0970 off 0x180 val 0x00000000 (orig 0x00000000)
[sf] c0971 off 0x184 val 0x00000000 (orig 0x00000000)
[sf] c0972 off 0x184 val 0x00000001 (orig 0x00000000)
[sf] c0973 off 0x184 val 0x7fffffff (orig 0x00000000)
[sf] c0974 off 0x184 val 0x80000000 (orig 0x00000000)
[sf] c0975 off 0x184 val 0xfffffffe (orig 0x00000000)
[sf] c0976 off 0x184 val 0xffffffff (orig 0x00000000)
[sf] c0977 off 0x184 val 0xffffffff (orig 0x00000000)
[sf] c0978 off 0x184 val 0x00000001 (orig 0x00000000)
[sf] c0979 off 0x184 val 0x00000000 (orig 0x00000000)
[sf] c0980 off 0x184 val 0x00000000 (orig 0x00000000)
[sf] c0981 off 0x188 val 0x00000000 (orig 0x00000000)
[sf] c0982 off 0x188 val 0x00000001 (orig 0x00000000)
[sf] c0982 -> kr 0xe00002c2 (rejected)
[sf] c0983 off 0x188 val 0x7fffffff (orig 0x00000000)
[sf] c0983 -> kr 0xe00002c2 (rejected)
[sf] c0984 off 0x188 val 0x80000000 (orig 0x00000000)
[sf] c0984 -> kr 0xe00002c2 (rejected)
[sf] c0985 off 0x188 val 0xfffffffe (orig 0x00000000)
[sf] c0985 -> kr 0xe00002c2 (rejected)
[sf] c0986 off 0x188 val 0xffffffff (orig 0x00000000)
[sf] c0986 -> kr 0xe00002c2 (rejected)
[sf] c0987 off 0x188 val 0xffffffff (orig 0x00000000)
[sf] c0987 -> kr 0xe00002c2 (rejected)
[sf] c0988 off 0x188 val 0x00000001 (orig 0x00000000)
[sf] c0988 -> kr 0xe00002c2 (rejected)
[sf] c0989 off 0x188 val 0x00000000 (orig 0x00000000)
[sf] c0990 off 0x188 val 0x00000000 (orig 0x00000000)
[sf] c0991 off 0x18c val 0x00000000 (orig 0x00000000)
[sf] c0992 off 0x18c val 0x00000001 (orig 0x00000000)
[sf] c0993 off 0x18c val 0x7fffffff (orig 0x00000000)
[sf] c0994 off 0x18c val 0x80000000 (orig 0x00000000)
[sf] c0995 off 0x18c val 0xfffffffe (orig 0x00000000)
[sf] c0996 off 0x18c val 0xffffffff (orig 0x00000000)
[sf] c0997 off 0x18c val 0xffffffff (orig 0x00000000)
[sf] c0998 off 0x18c val 0x00000001 (orig 0x00000000)
[sf] c0999 off 0x18c val 0x00000000 (orig 0x00000000)
[sf] c1000 off 0x18c val 0x00000000 (orig 0x00000000)
[sf] c1001 off 0x190 val 0x00000000 (orig 0x00000000)
[sf] c1002 off 0x190 val 0x00000001 (orig 0x00000000)
[sf] c1003 off 0x190 val 0x7fffffff (orig 0x00000000)
[sf] c1004 off 0x190 val 0x80000000 (orig 0x00000000)
[sf] c1005 off 0x190 val 0xfffffffe (orig 0x00000000)
[sf] c1006 off 0x190 val 0xffffffff (orig 0x00000000)
[sf] c1007 off 0x190 val 0xffffffff (orig 0x00000000)
[sf] c1008 off 0x190 val 0x00000001 (orig 0x00000000)
[sf] c1009 off 0x190 val 0x00000000 (orig 0x00000000)
[sf] c1010 off 0x190 val 0x00000000 (orig 0x00000000)
[sf] c1011 off 0x194 val 0x00000000 (orig 0x00000000)
[sf] c1012 off 0x194 val 0x00000001 (orig 0x00000000)
[sf] c1013 off 0x194 val 0x7fffffff (orig 0x00000000)
[sf] c1014 off 0x194 val 0x80000000 (orig 0x00000000)
[sf] c1015 off 0x194 val 0xfffffffe (orig 0x00000000)
[sf] c1016 off 0x194 val 0xffffffff (orig 0x00000000)
[sf] c1017 off 0x194 val 0xffffffff (orig 0x00000000)
[sf] c1018 off 0x194 val 0x00000001 (orig 0x00000000)
[sf] c1019 off 0x194 val 0x00000000 (orig 0x00000000)
[sf] c1020 off 0x194 val 0x00000000 (orig 0x00000000)
[sf] c1021 off 0x198 val 0x00000000 (orig 0x00000000)
[sf] c1022 off 0x198 val 0x00000001 (orig 0x00000000)
[sf] c1023 off 0x198 val 0x7fffffff (orig 0x00000000)
[sf] c1024 off 0x198 val 0x80000000 (orig 0x00000000)
[sf] progress c1024 alive
[sf] c1025 off 0x198 val 0xfffffffe (orig 0x00000000)
[sf] c1026 off 0x198 val 0xffffffff (orig 0x00000000)
[sf] c1027 off 0x198 val 0xffffffff (orig 0x00000000)
[sf] c1028 off 0x198 val 0x00000001 (orig 0x00000000)
[sf] c1029 off 0x198 val 0x00000000 (orig 0x00000000)
[sf] c1030 off 0x198 val 0x00000000 (orig 0x00000000)
[sf] c1031 off 0x19c val 0x00000000 (orig 0x00000000)
[sf] c1032 off 0x19c val 0x00000001 (orig 0x00000000)
[sf] c1033 off 0x19c val 0x7fffffff (orig 0x00000000)
[sf] c1034 off 0x19c val 0x80000000 (orig 0x00000000)
[sf] c1035 off 0x19c val 0xfffffffe (orig 0x00000000)
[sf] c1036 off 0x19c val 0xffffffff (orig 0x00000000)
[sf] c1037 off 0x19c val 0xffffffff (orig 0x00000000)
[sf] c1038 off 0x19c val 0x00000001 (orig 0x00000000)
[sf] c1039 off 0x19c val 0x00000000 (orig 0x00000000)
[sf] c1040 off 0x19c val 0x00000000 (orig 0x00000000)
[sf] c1041 off 0x1a0 val 0x00000000 (orig 0x00000000)
[sf] c1042 off 0x1a0 val 0x00000001 (orig 0x00000000)
[sf] c1043 off 0x1a0 val 0x7fffffff (orig 0x00000000)
[sf] c1044 off 0x1a0 val 0x80000000 (orig 0x00000000)
[sf] c1045 off 0x1a0 val 0xfffffffe (orig 0x00000000)
[sf] c1046 off 0x1a0 val 0xffffffff (orig 0x00000000)
[sf] c1047 off 0x1a0 val 0xffffffff (orig 0x00000000)
[sf] c1048 off 0x1a0 val 0x00000001 (orig 0x00000000)
[sf] c1049 off 0x1a0 val 0x00000000 (orig 0x00000000)
[sf] c1050 off 0x1a0 val 0x00000000 (orig 0x00000000)
[sf] c1051 off 0x1a4 val 0x00000000 (orig 0x00000000)
[sf] c1052 off 0x1a4 val 0x00000001 (orig 0x00000000)
[sf] c1053 off 0x1a4 val 0x7fffffff (orig 0x00000000)
[sf] c1054 off 0x1a4 val 0x80000000 (orig 0x00000000)
[sf] c1055 off 0x1a4 val 0xfffffffe (orig 0x00000000)
[sf] c1056 off 0x1a4 val 0xffffffff (orig 0x00000000)
[sf] c1057 off 0x1a4 val 0xffffffff (orig 0x00000000)
[sf] c1058 off 0x1a4 val 0x00000001 (orig 0x00000000)
[sf] c1059 off 0x1a4 val 0x00000000 (orig 0x00000000)
[sf] c1060 off 0x1a4 val 0x00000000 (orig 0x00000000)
[sf] c1061 off 0x1a8 val 0x00000000 (orig 0x00000000)
[sf] c1062 off 0x1a8 val 0x00000001 (orig 0x00000000)
[sf] c1063 off 0x1a8 val 0x7fffffff (orig 0x00000000)
[sf] c1064 off 0x1a8 val 0x80000000 (orig 0x00000000)
[sf] c1065 off 0x1a8 val 0xfffffffe (orig 0x00000000)
[sf] c1066 off 0x1a8 val 0xffffffff (orig 0x00000000)
[sf] c1067 off 0x1a8 val 0xffffffff (orig 0x00000000)
[sf] c1068 off 0x1a8 val 0x00000001 (orig 0x00000000)
[sf] c1069 off 0x1a8 val 0x00000000 (orig 0x00000000)
[sf] c1070 off 0x1a8 val 0x00000000 (orig 0x00000000)
[sf] c1071 off 0x1ac val 0x00000000 (orig 0x00000000)
[sf] c1072 off 0x1ac val 0x00000001 (orig 0x00000000)
[sf] c1073 off 0x1ac val 0x7fffffff (orig 0x00000000)
[sf] c1074 off 0x1ac val 0x80000000 (orig 0x00000000)
[sf] c1075 off 0x1ac val 0xfffffffe (orig 0x00000000)
[sf] c1076 off 0x1ac val 0xffffffff (orig 0x00000000)
[sf] c1077 off 0x1ac val 0xffffffff (orig 0x00000000)
[sf] c1078 off 0x1ac val 0x00000001 (orig 0x00000000)
[sf] c1079 off 0x1ac val 0x00000000 (orig 0x00000000)
[sf] c1080 off 0x1ac val 0x00000000 (orig 0x00000000)
[sf] field fuzz done: 1080 cases (alive)
[sf] combo c1081 srcWH ffff: off 0x48=0x0000ffff off 0x4c=0x0000ffff
[sf] combo c1081 -> kr 0x00000000
[sf] combo c1082 srcWH 10000: off 0x48=0x00010000 off 0x4c=0x00010000
[sf] combo c1082 -> kr 0x00000000
[sf] combo c1083 crop ffff.0: off 0x38=0xffff0000 off 0x40=0xffff0000
[sf] combo c1083 -> kr 0x00000000
[sf] combo c1084 crop neg16.16: off 0x38=0x80000000 off 0x40=0x80000000
[sf] combo c1084 -> kr 0x00000000
[sf] combo c1085 dstWH ffffffff: off 0x68=0xffffffff off 0x6c=0xffffffff
[sf] combo c1085 -> kr 0x00000000
[sf] combo c1086 dstWH 80000000: off 0x68=0x80000000 off 0x6c=0x80000000
[sf] combo c1086 -> kr 0x00000000
[sf] combo c1087 rect2 ffffffff: off 0x70=0xffffffff off 0x74=0xffffffff
[sf] combo c1087 -> kr 0x00000000
[sf] combo c1088 dstWH wrap: off 0x68=0xffffffe0 off 0x6c=0xffffffe0
[sf] combo c1088 -> kr 0x00000000
[sf] combo c1089 crop wrap16.16: off 0x38=0xffffff00 off 0x40=0xffffff00
[sf] combo c1089 -> kr 0x00000000
[sf] combo c1090 w1 h-1: off 0x48=0x00000001 off 0x4c=0xffffffff
[sf] combo c1090 -> kr 0x00000000
[sf] combo c1091 w-1 h1: off 0x48=0xffffffff off 0x4c=0x00000001
[sf] combo c1091 -> kr 0x00000000
[sf] done (alive), total cases 1091
[probe13] scalerfuzz-only mode, stop
