[main] fuzz harness up, mode=scaler
[main] sandbox note: VCPDRM open is MACF-denied (iokit-open-user-client VCPDRMUserClient); mach-lookup com.apple.sprr / com.apple.jitbox exist but are sandbox-gated (seen in kernel log)
[open] AppleM2ScalerCSCDriver -> conn 0x6203
[scaler] conn 0x6203, s1 278 s2 282
[probe12] SetNotificationPort -> 0x00000000
[jpeg] v93: AppleJPEGDriver recon + selector sweep
[jpeg] open type 0 -> kr 0x00000000 conn 0x6503 class '?'
[jpeg] open type 1 -> kr 0x00000000 conn 0x6803 class '?'
[jpeg] open type 2 -> kr 0x00000000 conn 0x6703 class '?'
[jpeg] open type 3 -> kr 0x00000000 conn 0x6a0b class '?'
[jpeg] t0 sel 0: 40=e00002c2 100=e00002c2 1d0=e00002c2 200=e00002c2 2c8=e00002c2 3c0=e00002c2
[jpeg] t0 sel 1: 40=e00002c2 100=e00002c2 1d0=e00002c2 200=e00002c2 2c8=e00002c2 3c0=e00002c2
[jpeg] t0 sel 2: 40=e00002c2 100=e00002c2 1d0=e00002c2 200=e00002c2 2c8=e00002c2 3c0=e00002c2
[jpeg] t0 sel 3: 40=e00002c2 100=e00002c2 1d0=e00002c2 200=e00002c2 2c8=e00002c2 3c0=e00002c2
[jpeg] t0 sel 4: 40=e00002c2 100=e00002c2 1d0=e00002c2 200=e00002c2 2c8=e00002c2 3c0=e00002c2
[jpeg] t0 sel 5: 40=e00002c2 100=e00002c2 1d0=e00002c2 200=e00002c2 2c8=e00002c2 3c0=e00002c2
[jpeg] t0 sel 6: 40=e00002c2 100=e00002c2 1d0=e00002c2 200=e00002c2 2c8=e00002c2 3c0=e00002c2
[jpeg] t0 sel 7: 40=e00002c2 100=e00002c2 1d0=e00002c2 200=e00002c2 2c8=e00002c2 3c0=e00002c2
[jpeg] t0 sel 8: 40=e00002c2 100=e00002c2 1d0=e00002c2 200=e00002c2 2c8=e00002c2 3c0=e00002c2
[jpeg] t0 sel 9: 40=e00002c2 100=e00002c2 1d0=e00002c2 200=e00002c2 2c8=e00002c2 3c0=e00002c2
[jpeg] t1 sel 0: 40=e00002c2 100=e00002c2 1d0=e00002c2 200=e00002c2 2c8=e00002c2 3c0=e00002c2
[jpeg] t1 sel 1: 40=e00002c2 100=e00002c2 1d0=e00002c2 200=e00002c2 2c8=e00002c2 3c0=e00002c2
[jpeg] t1 sel 2: 40=e00002c2 100=e00002c2 1d0=e00002c2 200=e00002c2 2c8=e00002c2 3c0=e00002c2
[jpeg] t1 sel 3: 40=e00002c2 100=e00002c2 1d0=e00002c2 200=e00002c2 2c8=e00002c2 3c0=e00002c2
[jpeg] t1 sel 4: 40=e00002c2 100=e00002c2 1d0=e00002c2 200=e00002c2 2c8=e00002c2 3c0=e00002c2
[jpeg] t1 sel 5: 40=e00002c2 100=e00002c2 1d0=e00002c2 200=e00002c2 2c8=e00002c2 3c0=e00002c2
[jpeg] t1 sel 6: 40=e00002c2 100=e00002c2 1d0=e00002c2 200=e00002c2 2c8=e00002c2 3c0=e00002c2
[jpeg] t1 sel 7: 40=e00002c2 100=e00002c2 1d0=e00002c2 200=e00002c2 2c8=e00002c2 3c0=e00002c2
[jpeg] t1 sel 8: 40=e00002c2 100=e00002c2 1d0=e00002c2 200=e00002c2 2c8=e00002c2 3c0=e00002c2
[jpeg] t1 sel 9: 40=e00002c2 100=e00002c2 1d0=e00002c2 200=e00002c2 2c8=e00002c2 3c0=e00002c2
[jpeg] t2 sel 0: 40=e00002c2 100=e00002c2 1d0=e00002c2 200=e00002c2 2c8=e00002c2 3c0=e00002c2
[jpeg] t2 sel 1: 40=e00002c2 100=e00002c2 1d0=e00002c2 200=e00002c2 2c8=e00002c2 3c0=e00002c2
[jpeg] t2 sel 2: 40=e00002c2 100=e00002c2 1d0=e00002c2 200=e00002c2 2c8=e00002c2 3c0=e00002c2
[jpeg] t2 sel 3: 40=e00002c2 100=e00002c2 1d0=e00002c2 200=e00002c2 2c8=e00002c2 3c0=e00002c2
[jpeg] t2 sel 4: 40=e00002c2 100=e00002c2 1d0=e00002c2 200=e00002c2 2c8=e00002c2 3c0=e00002c2
[jpeg] t2 sel 5: 40=e00002c2 100=e00002c2 1d0=e00002c2 200=e00002c2 2c8=e00002c2 3c0=e00002c2
[jpeg] t2 sel 6: 40=e00002c2 100=e00002c2 1d0=e00002c2 200=e00002c2 2c8=e00002c2 3c0=e00002c2
[jpeg] t2 sel 7: 40=e00002c2 100=e00002c2 1d0=e00002c2 200=e00002c2 2c8=e00002c2 3c0=e00002c2
[jpeg] t2 sel 8: 40=e00002c2 100=e00002c2 1d0=e00002c2 200=e00002c2 2c8=e00002c2 3c0=e00002c2
[jpeg] t2 sel 9: 40=e00002c2 100=e00002c2 1d0=e00002c2 200=e00002c2 2c8=e00002c2 3c0=e00002c2
[jpeg] t3 sel 0: 40=e00002c2 100=e00002c2 1d0=e00002c2 200=e00002c2 2c8=e00002c2 3c0=e00002c2
[jpeg] t3 sel 1: 40=e00002c2 100=e00002c2 1d0=e00002c2 200=e00002c2 2c8=e00002c2 3c0=e00002c2
[jpeg] t3 sel 2: 40=e00002c2 100=e00002c2 1d0=e00002c2 200=e00002c2 2c8=e00002c2 3c0=e00002c2
[jpeg] t3 sel 3: 40=e00002c2 100=e00002c2 1d0=e00002c2 200=e00002c2 2c8=e00002c2 3c0=e00002c2
[jpeg] t3 sel 4: 40=e00002c2 100=e00002c2 1d0=e00002c2 200=e00002c2 2c8=e00002c2 3c0=e00002c2
[jpeg] t3 sel 5: 40=e00002c2 100=e00002c2 1d0=e00002c2 200=e00002c2 2c8=e00002c2 3c0=e00002c2
[jpeg] t3 sel 6: 40=e00002c2 100=e00002c2 1d0=e00002c2 200=e00002c2 2c8=e00002c2 3c0=e00002c2
[jpeg] t3 sel 7: 40=e00002c2 100=e00002c2 1d0=e00002c2 200=e00002c2 2c8=e00002c2 3c0=e00002c2
[jpeg] t3 sel 8: 40=e00002c2 100=e00002c2 1d0=e00002c2 200=e00002c2 2c8=e00002c2 3c0=e00002c2
[jpeg] t3 sel 9: 40=e00002c2 100=e00002c2 1d0=e00002c2 200=e00002c2 2c8=e00002c2 3c0=e00002c2
[jpeg] done (alive)
[probe13] jpeg-only mode, stop
