10:54:21  Acquired tunnel connection to device.
10:54:21  Enabling developer disk image services.
10:54:21  Acquired usage assertion.
Launched application with cancer9725.turquoise1323 bundle identifier.
Waiting for the application to terminate…
[main] fuzz harness up, mode=all
[main] sandbox note: VCPDRM open is MACF-denied (iokit-open-user-client VCPDRMUserClient); mach-lookup com.apple.sprr / com.apple.jitbox exist but are sandbox-gated (seen in kernel log)
[open] IOServiceOpen VCPDRMService failed: 0xe00002e2
[open] service VCPDRMServiceUserClient not found
[vcpdrm] no connection, target dead
[mig] bootstrap-name phase done; add learned names to cand_names[]
[open] AppleM2ScalerCSCDriver -> conn 0x750f
[scaler] conn 0x750f, s1 20 s2 21
[probe12] SetNotificationPort -> 0x00000000
[v36] histogram path probes
[hg] baseline (no histogram transform):
[hg] GetHistogram -> kr 0x00000000, written(bytes != 0xAA) 1536
[hg] no ptr-like qwords
[hg] transform binmode1-region64 -> kr 0x00000000
[hg] GetHistogram -> kr 0x00000000, written(bytes != 0xAA) 1536
[hg] no ptr-like qwords
[hg] transform binmode2-8bins -> kr 0x00000000
[hg] GetHistogram -> kr 0x00000000, written(bytes != 0xAA) 1536
[hg] no ptr-like qwords
[hg] transform binmode1-region4096 -> kr 0xe00002c2
[hg] GetHistogram -> kr 0x00000000, written(bytes != 0xAA) 1536
[hg] no ptr-like qwords
[hg] transform binmode2-region64k -> kr 0xe00002c2
[hg] GetHistogram -> kr 0x00000000, written(bytes != 0xAA) 1536
[hg] no ptr-like qwords
[v36] done (alive)
[v35] SetCustomFilter probes
[flt] type 0 a1 08000 -> kr 0xe00002c2
[flt] type 1 a1 07000 -> kr 0xe00002c2
[flt] type 2 a1 06000 -> kr 0xe00002c2
[flt] type 3 a1 05000 -> kr 0xe00002c2
[flt] type 4 a1 04000 -> kr 0xe00002c2
[flt] type 5 a1 03000 -> kr 0xe00002c2
[flt] type 6 a1 02000 -> kr 0xe00002c2
[flt] type 7 a1 01000 -> kr 0xe00002c2
[flt] combo 0 {1 1 1 1 1 1} -> kr 0xe00002c2
[flt] combo 1 {4 4 10 4 8 10} -> kr 0xe00002c2
[flt] combo 2 {100 4 10 100 8 10} -> kr 0xe00002c2
[flt] combo 3 {7000 4 10 7000 8 10} -> kr 0xe00002c2
[flt] combo 4 {ffff ff ff ffff ff ff} -> kr 0xe00002c2
[flt] set for transform -> kr 0xe00002c2
[flt] transform+customfilter 0 -> kr 0xe00002c2 checksum 4eeacbc000650383
[flt] transform+customfilter 1 -> kr 0xe00002c2 checksum 4eeacbc000650383
[flt] transform+customfilter 2 -> kr 0xe00002c2 checksum 4eeacbc000650383
[flt] transform+customfilter 3 -> kr 0xe00002c2 checksum 4eeacbc000650383
[v35] done (alive)
[v34] cross-request race v2 30s
[cr2] baseline kr 0x00000000 expect 6592108d262f3383
[open] AppleM2ScalerCSCDriver -> conn 0x6733
[cr2] 4 iters, 0 corrupted
[v34] done (alive)
[v33] fault-oracle mapping
[or] bfX 0x00000 -> kr 0x00000000 changed 8192 first 0x0
[or] bfX 0x01000 -> kr 0x00000000 changed 8192 first 0x0
[or] bfX 0x02000 -> kr 0x00000000 changed 8192 first 0x0
[or] bfX 0x03000 -> kr 0x00000000 changed 8192 first 0x0
[or] bfX 0x04000 -> kr 0x00000000 changed 8192 first 0x0
[or] bfX 0x05000 -> kr 0x00000000 changed 8192 first 0x0
[or] bfX 0x06000 -> kr 0x00000000 changed 8192 first 0x0
[or] bfX 0x07000 -> kr 0x00000000 changed 8192 first 0x0
[or] bfX 0x08000 -> kr 0x00000000 changed 8192 first 0x0
[or] bfX 0x09000 -> kr 0x00000000 changed 8192 first 0x0
[or] bfX 0x0a000 -> kr 0x00000000 changed 8192 first 0x0
[or] bfX 0x0b000 -> kr 0x00000000 changed 8192 first 0x0
[or] bfX 0x0c000 -> kr 0x00000000 changed 8192 first 0x0
[or] bfX 0x0d000 -> kr 0x00000000 changed 8192 first 0x0
[or] bfX 0x0e000 -> kr 0x00000000 changed 8192 first 0x0
[or] bfX 0x0f000 -> kr 0x00000000 changed 8192 first 0x0
[or] bfX 0x10000 -> kr 0x00000000 changed 8192 first 0x0
[or] bfX 0x11000 -> kr 0x00000000 changed 8192 first 0x0
[or] bfX 0x12000 -> kr 0x00000000 changed 8192 first 0x0
[or] bfX 0x13000 -> kr 0x00000000 changed 8192 first 0x0
[or] bfX 0x14000 -> kr 0x00000000 changed 8192 first 0x0
[or] bfX 0x15000 -> kr 0x00000000 changed 8192 first 0x0
[or] bfX 0x16000 -> kr 0x00000000 changed 8192 first 0x0
[or] bfX 0x17000 -> kr 0x00000000 changed 8192 first 0x0
[or] bfX 0x18000 -> kr 0x00000000 changed 8192 first 0x0
[or] bfX 0x19000 -> kr 0x00000000 changed 8192 first 0x0
[or] bfX 0x1a000 -> kr 0x00000000 changed 8192 first 0x0
[or] bfX 0x1b000 -> kr 0x00000000 changed 8192 first 0x0
[or] bfX 0x1c000 -> kr 0x00000000 changed 8192 first 0x0
[or] bfX 0x1d000 -> kr 0x00000000 changed 8192 first 0x0
[or] bfX 0x1e000 -> kr 0x00000000 changed 8192 first 0x0
[or] bfX 0x1f000 -> kr 0x00000000 changed 8192 first 0x0
[or] bfY 0x00000 -> kr 0xe00002c2 changed -1 first 0xffffffffffffffff
[or] bfY 0x00800 -> kr 0xe00002c2 changed -1 first 0xffffffffffffffff
[or] bfY 0x01000 -> kr 0xe00002c2 changed -1 first 0xffffffffffffffff
[or] bfY 0x01800 -> kr 0xe00002c2 changed -1 first 0xffffffffffffffff
[or] bfY 0x02000 -> kr 0xe00002c2 changed -1 first 0xffffffffffffffff
[or] bfY 0x02800 -> kr 0xe00002c2 changed -1 first 0xffffffffffffffff
[or] bfY 0x03000 -> kr 0xe00002c2 changed -1 first 0xffffffffffffffff
[or] bfY 0x03800 -> kr 0xe00002c2 changed -1 first 0xffffffffffffffff
[or] bfY 0x04000 -> kr 0xe00002c2 changed -1 first 0xffffffffffffffff
[or] bfY 0x04800 -> kr 0xe00002c2 changed -1 first 0xffffffffffffffff
[or] bfY 0x05000 -> kr 0xe00002c2 changed -1 first 0xffffffffffffffff
[or] bfY 0x05800 -> kr 0xe00002c2 changed -1 first 0xffffffffffffffff
[or] bfY 0x06000 -> kr 0xe00002c2 changed -1 first 0xffffffffffffffff
[or] bfY 0x06800 -> kr 0xe00002c2 changed -1 first 0xffffffffffffffff
[or] bfY 0x07000 -> kr 0xe00002c2 changed -1 first 0xffffffffffffffff
[or] bfY 0x07800 -> kr 0xe00002c2 changed -1 first 0xffffffffffffffff
[or] bfY 0x08000 -> kr 0xe00002c2 changed -1 first 0xffffffffffffffff
[or] bfY 0x08800 -> kr 0xe00002c2 changed -1 first 0xffffffffffffffff
[or] bfY 0x09000 -> kr 0xe00002c2 changed -1 first 0xffffffffffffffff
[or] bfY 0x09800 -> kr 0xe00002c2 changed -1 first 0xffffffffffffffff
[or] bfY 0x0a000 -> kr 0xe00002c2 changed -1 first 0xffffffffffffffff
[or] bfY 0x0a800 -> kr 0xe00002c2 changed -1 first 0xffffffffffffffff
[or] bfY 0x0b000 -> kr 0xe00002c2 changed -1 first 0xffffffffffffffff
[or] bfY 0x0b800 -> kr 0xe00002c2 changed -1 first 0xffffffffffffffff
[or] bfY 0x0c000 -> kr 0xe00002c2 changed -1 first 0xffffffffffffffff
[or] bfY 0x0c800 -> kr 0xe00002c2 changed -1 first 0xffffffffffffffff
[or] bfY 0x0d000 -> kr 0xe00002c2 changed -1 first 0xffffffffffffffff
[or] bfY 0x0d800 -> kr 0xe00002c2 changed -1 first 0xffffffffffffffff
[or] bfY 0x0e000 -> kr 0xe00002c2 changed -1 first 0xffffffffffffffff
[or] bfY 0x0e800 -> kr 0xe00002c2 changed -1 first 0xffffffffffffffff
[or] bfY 0x0f000 -> kr 0xe00002c2 changed -1 first 0xffffffffffffffff
[or] bfY 0x0f800 -> kr 0xe00002c2 changed -1 first 0xffffffffffffffff
[or] bfY 0x10000 -> kr 0xe00002c2 changed -1 first 0xffffffffffffffff
[or] bfY 0x10800 -> kr 0xe00002c2 changed -1 first 0xffffffffffffffff
[or] bfY 0x11000 -> kr 0xe00002c2 changed -1 first 0xffffffffffffffff
[or] bfY 0x11800 -> kr 0xe00002c2 changed -1 first 0xffffffffffffffff
[or] bfY 0x12000 -> kr 0xe00002c2 changed -1 first 0xffffffffffffffff
[or] bfY 0x12800 -> kr 0xe00002c2 changed -1 first 0xffffffffffffffff
[or] bfY 0x13000 -> kr 0xe00002c2 changed -1 first 0xffffffffffffffff
[or] bfY 0x13800 -> kr 0xe00002c2 changed -1 first 0xffffffffffffffff
[or] bfY 0x14000 -> kr 0xe00002c2 changed -1 first 0xffffffffffffffff
[or] bfY 0x14800 -> kr 0xe00002c2 changed -1 first 0xffffffffffffffff
[or] bfY 0x15000 -> kr 0xe00002c2 changed -1 first 0xffffffffffffffff
[or] bfY 0x15800 -> kr 0xe00002c2 changed -1 first 0xffffffffffffffff
[or] bfY 0x16000 -> kr 0xe00002c2 changed -1 first 0xffffffffffffffff
[or] bfY 0x16800 -> kr 0xe00002c2 changed -1 first 0xffffffffffffffff
[or] bfY 0x17000 -> kr 0xe00002c2 changed -1 first 0xffffffffffffffff
[or] bfY 0x17800 -> kr 0xe00002c2 changed -1 first 0xffffffffffffffff
[or] bfY 0x18000 -> kr 0xe00002c2 changed -1 first 0xffffffffffffffff
[or] bfY 0x18800 -> kr 0xe00002c2 changed -1 first 0xffffffffffffffff
[or] bfY 0x19000 -> kr 0xe00002c2 changed -1 first 0xffffffffffffffff
[or] bfY 0x19800 -> kr 0xe00002c2 changed -1 first 0xffffffffffffffff
[or] bfY 0x1a000 -> kr 0xe00002c2 changed -1 first 0xffffffffffffffff
[or] bfY 0x1a800 -> kr 0xe00002c2 changed -1 first 0xffffffffffffffff
[or] bfY 0x1b000 -> kr 0xe00002c2 changed -1 first 0xffffffffffffffff
[or] bfY 0x1b800 -> kr 0xe00002c2 changed -1 first 0xffffffffffffffff
[or] bfY 0x1c000 -> kr 0xe00002c2 changed -1 first 0xffffffffffffffff
[or] bfY 0x1c800 -> kr 0xe00002c2 changed -1 first 0xffffffffffffffff
[or] bfY 0x1d000 -> kr 0xe00002c2 changed -1 first 0xffffffffffffffff
[or] bfY 0x1d800 -> kr 0xe00002c2 changed -1 first 0xffffffffffffffff
[or] bfY 0x1e000 -> kr 0xe00002c2 changed -1 first 0xffffffffffffffff
[or] bfY 0x1e800 -> kr 0xe00002c2 changed -1 first 0xffffffffffffffff
[or] bfY 0x1f000 -> kr 0xe00002c2 changed -1 first 0xffffffffffffffff
[or] bfY 0x1f800 -> kr 0xe00002c2 changed -1 first 0xffffffffffffffff
[v33] done (alive)
[v32] diag dart-error capture
[s] kill-shot -> kr 0xe00002d6
[dd] +0x1f20: 4a4fe75402300001 -> 4ab6489d13ae0001
[dd] +0x1f30: 0000011d00000000 -> 0000010700000000
[dd] +0x1f38: 0000000000001001 -> 0044c0e800000000
[dd] +0x1f40: 0000000000000000 -> 5b7cab23ae7ec3ab
[dd] +0x1f48: 0000000000000000 -> 8edf1a4d00000000
[dd] +0x1f50: 0000000000000000 -> 89dce47f79467d3b
[dd] +0x1f58: 0000000000000000 -> ca9d3a3d325f7a02
[dd] +0x1f60: 0000000000000000 -> fc4b70c9599f976c
[dd] +0x1f68: 0000000000000000 -> 1d39a4c1d1550869
[dd] +0x1f70: 0000000000000000 -> 00000000b10c6215
[dd] +0x1f90: 0000000000000000 -> 0000006f00000000
[dd] +0x1f98: 00fc000100000000 -> 125e000100000000
[dd] +0x1fa0: 000000454a4feb5f -> 000000454ab648c6
[dd] +0x1fb0: 000000100000014a -> 0000100000000129
[dd] +0x1fb8: 0000000000000000 -> ae7ec3ab00000000
[dd] +0x1fc0: 0000000000000000 -> 000000005b7cab23
[dd] +0x1fc8: 0000000000000000 -> 79467d3b8edf1a4d
[dd] +0x1fd0: 0000000000000000 -> 325f7a0289dce47f
[dd] +0x1fd8: 0000000000000000 -> 599f976cca9d3a3d
[dd] +0x1fe0: 0000000000000000 -> d1550869fc4b70c9
[dd] +0x1fe8: 0000000000000000 -> b10c62151d39a4c1
[dd] +0x2010: 0000000000000000 -> 000000000000006f
[dd] +0x2018: 4a4feb8503ad0001 -> 4ab648d300420001
[dd] +0x2028: 0000012700000000 -> 0000015400000000
[dd] +0x2030: 0000000000000001 -> fffffffe00000001
[dd] +0x2038: 0000000000000000 -> 5b7cab23ae7ec3ab
[dd] +0x2040: 0000000000000000 -> 8edf1a4d00000000
[dd] +0x2048: 0000000000000000 -> 89dce47f79467d3b
[dd] +0x2050: 0000000000000000 -> ca9d3a3d325f7a02
[dd] +0x2058: 0000000000000000 -> fc4b70c9599f976c
[dd] +0x2060: 0000000000000000 -> 1d39a4c1d1550869
[dd] +0x2068: 0000000000000000 -> 00000000b10c6215
[dd] +0x2088: 0000000000000000 -> 0000006f00000000
[dd] +0x2090: 00a0000100000000 -> 00aa000100000000
[dd] +0x2098: 000000454a4febd7 -> 000000454ab64918
[dd] +0x20a8: 0000000000000224 -> 0000011000000142
[dd] +0x2110: 4a4fedbd1b730001 -> 4ab6492000b80001
[dd] +0x2120: 0000014c00000000 -> 0000014200000000
[dd] +0x2128: 0000000000000001 -> 0001000000020000
[dd] +0x2188: 00e0000100000000 -> 01e0000100000000
[dd] +0x2190: 000000454a4fedbe -> 000000454ab64923
[dd] +0x21a0: 0001000000000142 -> 0000000000000214
[dd] +0x21a8: 76bffcc300010000 -> ae7ec3ab00000001
[dd] +0x21b0: 000000003c70550b -> 000000005b7cab23
[dd] +0x21b8: c53b0ae6fcadc16f -> 79467d3b8edf1a4d
[dd] +0x21c0: 9c0c455ce65174f5 -> 325f7a0289dce47f
[dd] +0x21d0: 0000000000000000 -> d1550869fc4b70c9
[dd] +0x21d8: 0000000000000000 -> b10c62151d39a4c1
[dd] +0x2200: 000000000000006a -> 000000000000006f
[dd] +0x2208: 4a4fedc016de0001 -> 4ab6497c014a0001
[dd] +0x2218: 0000013500000000 -> 0000020000000000
[dd] +0x2220: 0000000000000110 -> 0000000001000100
[dd] +0x2228: 3c70550b76bffcc3 -> 5b7cab23ae7ec3ab
[dd] +0x2230: fcadc16f00000000 -> 8edf1a4d00000000
[dd] +0x2238: e65174f5c53b0ae6 -> 89dce47f79467d3b
[dd] +0x2240: ca9d3a3d9c0c455c -> ca9d3a3d325f7a02
[dd] +0x2248: 00000000599f976c -> fc4b70c9599f976c
[dd] +0x2250: 0000000000000000 -> 1d39a4c1d1550869
[dd] +0x2258: 0000000000000000 -> 00000000b10c6215
[dd] +0x2278: 0000006a00000000 -> 0000006f00000000
[dd] +0x2280: 1ce4010100000000 -> 1b73000100000000
[dd] +0x2288: 000000454a4fedfd -> 000000454ab64984
[dd] +0x2298: d9059d7f0000010b -> 000000000000014c
[dd] +0x22a0: 000000009f96f69d -> 0000000000000000
[dd] +0x2300: 4a4fef171d070001 -> 4ab649a112f30001
[dd] +0x2310: 0000011900000000 -> 0000010400000000
[dd] +0x2318: 0100000000000000 -> 0000000100010100
[dd] +0x2378: 1ce4010100000000 -> 0deb010100000000
[dd] +0x2380: 000000454a4fefc1 -> 000000454ab649eb
[dd] +0x2390: c83f9e0d0000010b -> ae7ec3ab00000126
[dd] +0x2398: 00000000e1099cdf -> 000000005b7cab23
[dd] +0x23f8: 4a4feff61d070001 -> 4ab6566801b80001
[dd] +0x2400: 0001bfa900000045 -> 0000040000000045
[dd] +0x2408: 0000011900000000 -> 0000021c00000000
[dd] +0x2410: 0100000080000000 -> 0000004100010000
[dd] +0x2470: 0dd3010100000000 -> 00aa000100000000
[dd] +0x2478: 000000454a4ff533 -> 000000454ab65672
[dd] +0x2480: 000000000001bfa9 -> 0000000000000400
[dd] +0x2488: 76bffcc30000011e -> 0000012000000142
[dd] +0x2490: 000000003c70550b -> 0000000000000000
[dd] +0x24f0: 4a4ff53916d50001 -> 4ab6567800b80001
[dd] +0x24f8: 0001bfa900000045 -> 0000040000000045
[dd] +0x2500: 0000013500000000 -> 0000014200000000
[dd] +0x2508: 0000000000010001 -> 0001000000030000
[dd] +0x2510: 3c70550b76bffcc3 -> 0000000000000000
[dd] +0x2518: fcadc16f00000000 -> 0000000000000000
[dd] +0x2520: e65174f5c53b0ae6 -> 0000000000000000
[dd] +0x2528: ca9d3a3d9c0c455c -> 0000000000000000
[dd] +0x2530: 00000000599f976c -> 0000000000000000
[dd] +0x2560: 0000006a00000000 -> 0000000000000000
[dd] +0x2568: 00aa000100000000 -> 0236000100000000
[dd] +0x2570: 000000454a4ff543 -> 000000454ab6569d
[dd] +0x2578: 000000000001bfa9 -> 0000000000000400
[dd] +0x2580: 0000001000000142 -> 0001010000000218
[dd] +0x2588: 76bffcc300000000 -> ae7ec3ab00000000
[dd] +0x2590: 000000003c70550b -> 000000005b7cab23
[dd] +0x2598: c53b0ae6fcadc16f -> 79467d3b8edf1a4d
[dd] +0x25a0: 9c0c455ce65174f5 -> 325f7a0289dce47f
[dd] +0x25b0: 0000000000000000 -> d1550869fc4b70c9
[dd] +0x25b8: 0000000000000000 -> b10c62151d39a4c1
[dd] +0x25e0: 000000000000006a -> 000000000000006f
[dd] +0x25e8: 4a4ff54500f60001 -> 4ab656a400aa0001
[dd] +0x25f0: 0001bfa900000045 -> 0000040000000045
[dd] +0x2600: ffff000000000000 -> 0000000000000030
[dd] +0x2608: 3c70550b76bffcc3 -> 0000000000000000
[dd] +0x2610: fcadc16f00000000 -> 0000000000000000
[dd] +0x2618: e65174f5c53b0ae6 -> 0000000000000000
[dd] +0x2620: ca9d3a3d9c0c455c -> 0000000000000000
[dd] +0x2628: 00000000599f976c -> 0000000000000000
[dd] +0x2658: 0000006a00000000 -> 0000000000000000
[dd] +0x2660: 008b000100000000 -> 00f6000100000000
[dd] +0x2668: 000000454a4ff644 -> 000000454ab656a7
[dd] +0x2670: 000000000001bfa9 -> 0000000000000400
[dd] +0x2678: 0000000100000132 -> 0002000000000142
[dd] +0x2680: 0000000000000000 -> 00000000ffff0000
[dd] +0x26e0: 4a4ff65700b40001 -> 4ab656ac01610001
[dd] +0x26e8: 0001bfa900000045 -> 0000040000000045
[dd] +0x26f0: 0000013200000000 -> 0000020400000000
[dd] +0x26f8: 0000000000000100 -> 0000000001010100
[dd] +0x2700: 0000000000000000 -> 5b7cab23ae7ec3ab
[dd] +0x2708: 0000000000000000 -> 8edf1a4d00000000
[dd] +0x2710: 0000000000000000 -> 89dce47f79467d3b
[dd] +0x2718: 0000000000000000 -> ca9d3a3d325f7a02
[dd] +0x2720: 0000000000000000 -> fc4b70c9599f976c
[dd] +0x2728: 0000000000000000 -> 1d39a4c1d1550869
[dd] +0x2730: 0000000000000000 -> 00000000b10c6215
[dd] +0x2750: 0000000000000000 -> 0000006f00000000
[dd] +0x2758: 00bd000100000000 -> 01a9000100000000
[dd] +0x2760: 000000454a4ff658 -> 000000454ab656b0
[dd] +0x2768: 000000000001bfa9 -> 0000000000000400
[dd] +0x2770: 0000010100000132 -> 0000000000000210
[dd] +0x2778: 0000000000000000 -> ae7ec3ab00000001
[dd] +0x2780: 0000000000000000 -> 000000005b7cab23
[dd] +0x2788: 0000000000000000 -> 79467d3b8edf1a4d
[dd] +0x2790: 0000000000000000 -> 325f7a0289dce47f
[dd] +0x2798: 0000000000000000 -> 599f976cca9d3a3d
[dd] +0x27a0: 0000000000000000 -> d1550869fc4b70c9
[dd] +0x27a8: 0000000000000000 -> b10c62151d39a4c1
[dd] +0x27d0: 0000000000000000 -> 000000000000006f
[dd] +0x27d8: 4a4ff65b00b90001 -> 4ab656c400aa0001
[dd] +0x27e0: 0001bfa900000045 -> 0000040000000045
[dd] +0x27e8: 0000014100000000 -> 0000014200000000
[dd] +0x27f0: 0000000000000000 -> 0000000000000020
[dd] +0x2850: 0230000100000000 -> 00f6000100000000
[dd] +0x2858: 000000454a4ff65e -> 000000454ab656c6
[dd] +0x2860: 000000000001bfa9 -> 0000000000000400
[dd] +0x2868: 000010100000011d -> 0001000000000142
[dd] +0x2870: 0000000000000000 -> 00000000ffff0000
[dd] +0x28d0: 4a4ff92b00750001 -> 52db871119800001
[dd] +0x28d8: 0001bfa900000045 -> 0001297900000045
[dd] +0x28e0: 0000017f00000000 -> 0000018600000000
[dd] +0x28e8: 0000000000dd0000 -> 0000000000010106
[dd] +0x2948: 00fc000100000000 -> 1980000100000000
[dd] +0x2950: 000000454a4ffd20 -> 00000045544a20af
[dd] +0x2958: 000000000001bfa9 -> 0000000000012979
[dd] +0x2960: 000000000000014a -> 0001010600000186
[dd] +0x29c8: 4a4ffd981b730001 -> 55b8b78419800001
[dd] +0x29d0: 0001bfa900000045 -> 0001297900000045
[dd] +0x29d8: 0000014c00000000 -> 0000018600000000
[dd] +0x29e0: 0000000000000001 -> 0000000000010106
[dd] +0x2a40: 16de000100000000 -> 1980000100000000
[dd] +0x2a48: 000000454a4ffd9a -> 0000004557274ea0
[dd] +0x2a50: 000000000001bfa9 -> 0000000000012979
[dd] +0x2a58: 0000000000000135 -> 0001010600000186
[dd] +0x2a60: 76bffcc300000000 -> 0000000000000000
[dd] +0x2a68: 000000003c70550b -> 0000000000000000
[dd] +0x2a70: c53b0ae6fcadc16f -> 0000000000000000
[dd] +0x2a78: 9c0c455ce65174f5 -> 0000000000000000
[dd] +0x2a80: 599f976cca9d3a3d -> 0000000000000000
[dd] +0x2ab8: 000000000000006a -> 0000000000000000
[dd] +0x2ac0: 4a4ffe631d270001 -> 5895e57119800001
[dd] +0x2ac8: 0001bfa900000045 -> 0001297900000045
[dd] +0x2ad0: 0000011a00000000 -> 0000018600000000
[dd] +0x2ad8: 0100000000000000 -> 0000000000010106
[dd] +0x2b38: 1d27000100000000 -> 1980000100000000
[dd] +0x2b40: 000000454a4ffea3 -> 000000455a0484f9
[dd] +0x2b48: 000000000001bfa9 -> 0000000000012979
[dd] +0x2b50: 800000000000011a -> 0001010600000186
[dd] +0x2b58: 0000000001000000 -> 0000000000000000
[dd] +0x2bb8: 4a4ffea913970001 -> 5a127c7c10100001
[dd] +0x2bc0: 0001bfa900000045 -> 0000040000000045
[dd] +0x2bc8: 0000010d00000000 -> 0000010800000000
[dd] +0x2bd0: 0000000000000019 -> 0000000200000001
[dd] +0x2bd8: 3c70550b76bffcc3 -> 0000000000000000
[dd] +0x2be0: fcadc16f00000000 -> 0000000000000000
[dd] +0x2be8: e65174f5c53b0ae6 -> 0000000000000000
[dd] +0x2bf0: ca9d3a3d9c0c455c -> 0000000000000000
[dd] +0x2bf8: 00000000599f976c -> 0000000000000000
[dd] +0x2c28: 0000006a00000000 -> 0000000000000000
[dd] +0x2c30: 139d000100000000 -> 104a000100000000
[dd] +0x2c38: 000000454a4ffeb9 -> 000000455a1281c8
[dd] +0x2c40: 000000000001bfa9 -> 0000000000000400
[dd] +0x2c48: 0000001a0000010d -> 0000006000000109
[dd] +0x2c50: 76bffcc300000000 -> 0000000000000000
[dd] +0x2c58: 000000003c70550b -> 0000000000000000
[dd] +0x2c60: c53b0ae6fcadc16f -> 0000000000000000
[dd] +0x2c68: 9c0c455ce65174f5 -> 0000000000000000
[dd] +0x2c70: 599f976cca9d3a3d -> 0000000000000000
[dd] +0x2ca8: 000000000000006a -> 0000000000000000
[dd] +0x2cb0: 4a4ffec81c1e0001 -> 5a12d69c1b730001
[dd] +0x2cb8: 0001bfa900000045 -> 0000040000000045
[dd] +0x2cc0: 0000018300000000 -> 0000014c00000000
[dd] +0x2cc8: f0000f0400000000 -> 0000000000000000
[dd] +0x2d28: 13c8000100000000 -> 1130000100000000
[dd] +0x2d30: 000000454a4ffed3 -> 000000455a12d6aa
[dd] +0x2d38: 000000000001bfa9 -> 0000000000000400
[dd] +0x2d40: 0000000100000120 -> 0001000000000121
[dd] +0x2d48: 76bffcc300000000 -> 0000000000000000
[dd] +0x2d50: 000000003c70550b -> 0000000000000000
[dd] +0x2d58: c53b0ae6fcadc16f -> 0000000000000000
[dd] +0x2d60: 9c0c455ce65174f5 -> 0000000000000000
[dd] +0x2d68: 599f976cca9d3a3d -> 0000000000000000
[dd] +0x2da0: 000000000000006a -> 0000000000000000
[dd] +0x2da8: 4a5001800deb0101 -> 5a12d6d803ad0001
[dd] +0x2db0: 0001bfa900000045 -> 0000040000000045
[dd] +0x2db8: 0000012600000000 -> 0000012700000000
[dd] +0x2dc0: 3c70550b76bffcc3 -> 0000000000000002
[dd] +0x2e20: 022c010100000000 -> 00a0000100000000
[dd] +0x2e28: 000000454a5002ac -> 000000455a12d727
[dd] +0x2e30: 000000000001bfa9 -> 0000000000000400
[dd] +0x2e38: ca9d3a3d00000115 -> 0000001100000224
[dd] +0x2e40: 00000000599f976c -> 0000000000000000
[dd] +0x2ea0: 4a6438630aa90001 -> 5a12d7631b730001
[dd] +0x2ea8: 0001bfa900000045 -> 0000040000000045
[dd] +0x2eb0: 0000011f00000000 -> 0000014c00000000
[dd] +0x2eb8: 000000020044c0e4 -> 0000000000000001
[dd] +0x2ec0: 5b7cab23ae7ec3ab -> 0000000000000000
[dd] +0x2ec8: 0000000000000008 -> 0000000000000000
[dd] +0x2ed8: ca9d3a3d00000000 -> 0000000000000000
[dd] +0x2ee0: 00000000599f976c -> 0000000000000000
[dd] +0x2f10: 0000006b00000000 -> 0000000000000000
[dd] +0x2f18: 1b20000100000000 -> 11a0000100000000
[dd] +0x2f20: 000000454a6438df -> 000000455a12d7e7
[dd] +0x2f28: 000000000001bfa9 -> 0000000000000400
[dd] +0x2f30: 00000f0400000149 -> 0000000000000122
[dd] +0x2f38: ae7ec3ab00000000 -> ae7ec3ab0000c0e8
[dd] +0x2f40: 000000085b7cab23 -> 000000005b7cab23
[dd] +0x2f48: c53b0ae6fcadc16f -> 79467d3b8edf1a4d
[dd] +0x2f50: 9c0c455ce65174f5 -> 325f7a0289dce47f
[dd] +0x2f60: 0000000000000000 -> d1550869fc4b70c9
[dd] +0x2f68: 0000000000000000 -> b10c62151d39a4c1
[dd] +0x2f90: 000000000000006b -> 000000000000006f
[dd] +0x2f98: 4a6438e81c250001 -> 5a12d80c126a0001
[dd] +0x2fa0: 0001bfa900000045 -> 0000040000000045
[dd] +0x2fa8: 0000018200000000 -> 0000012a00000000
[dd] +0x2fb0: 10000f040000f040 -> 0000000000000000
[dd] +0x2fb8: 0000000000000000 -> 5b7cab23ae7ec3ab
[dd] +0x2fc0: 0000000000000000 -> 8edf1a4d00000000
[dd] +0x2fc8: 0000000000000000 -> 89dce47f79467d3b
[dd] +0x2fd0: 0000000000000000 -> ca9d3a3d325f7a02
[dd] +0x2fd8: 0000000000000000 -> fc4b70c9599f976c
[dd] +0x2fe0: 0000000000000000 -> 1d39a4c1d1550869
[dd] +0x2fe8: 0000000000000000 -> 00000000b10c6215
[dd] +0x3008: 0000000000000000 -> 0000006f00000000
[dd] +0x3010: 1b3e000100000000 -> 11cc000100000000
[dd] +0x3018: 000000454a6438e9 -> 000000455a12d80e
[dd] +0x3020: 000000000001bfa9 -> 0000000000000400
[dd] +0x3028: 0000000000000148 -> 0000010100000106
[dd] +0x3040: c53b0ae6fcadc16f -> 79467d3b8edf1a4d
[dd] +0x3048: 9c0c455ce65174f5 -> 325f7a0289dce47f
[dd] +0x3058: 0000000000000000 -> d1550869fc4b70c9
[dd] +0x3060: 0000000000000000 -> b10c62151d39a4c1
[dd] +0x3088: 000000000000006b -> 000000000000006f
[dd] +0x3090: 4a6438f10cb70001 -> 5a12d82210c50001
[dd] +0x3098: 0001bfa900000045 -> 0000040000000045
[dd] +0x30a0: 0000012500000000 -> 0000010600000000
[dd] +0x30a8: 000000000044c0e4 -> 0000000000000010
[dd] +0x30b8: fcadc16f00000000 -> 8edf1a4d00000000
[dd] +0x30c0: e65174f5c53b0ae6 -> 89dce47f79467d3b
[dd] +0x30c8: ca9d3a3d9c0c455c -> ca9d3a3d325f7a02
[dd] +0x30d0: 00000000599f976c -> fc4b70c9599f976c
[dd] +0x30d8: 0000000000000000 -> 1d39a4c1d1550869
[dd] +0x30e0: 0000000000000000 -> 00000000b10c6215
[dd] +0x3100: 0000006b00000000 -> 0000006f00000000
[dd] +0x3108: 15f4010100000000 -> 07bf000100000000
[dd] +0x3110: 000000454a64433e -> 000000455a12d889
[dd] +0x3118: 000000000001bfa9 -> 0000000000000400
[dd] +0x3120: d9059d7f0000010a -> 0001101000000105
[dd] +0x3128: ae7ec3ab9f96f69d -> ae7ec3ab00000000
[dd] +0x3138: c53b0ae6fcadc16f -> 79467d3b8edf1a4d
[dd] +0x3140: 9c0c455ce65174f5 -> 325f7a0289dce47f
[dd] +0x3150: 0000000000000000 -> d1550869fc4b70c9
[dd] +0x3158: 0000000000000000 -> b10c62151d39a4c1
[dd] +0x3180: 000000000000006b -> 000000000000006f
[dd] +0x3188: 4a64436515fd0101 -> 5a12d95800aa0001
[dd] +0x3190: 0001bfa900000045 -> 0000040000000045
[dd] +0x3198: 0000010c00000000 -> 0000014200000000
[dd] +0x31a0: 9c0c455ce65174f5 -> 0000000000000010
[dd] +0x31b0: fcadc16f00000000 -> 8edf1a4d00000000
[dd] +0x31b8: e65174f5c53b0ae6 -> 89dce47f79467d3b
[dd] +0x31c0: ca9d3a3d9c0c455c -> ca9d3a3d325f7a02
[dd] +0x31c8: 00000000599f976c -> fc4b70c9599f976c
[dd] +0x31d0: 0000000000000000 -> 1d39a4c1d1550869
[dd] +0x31d8: 0000000000000000 -> 00000000b10c6215
[dd] +0x31f8: 0000006b00000000 -> 0000006f00000000
[dd] +0x3200: 15f4010100000000 -> 00f6000100000000
[dd] +0x3208: 000000454a6443d2 -> 000000455a12d969
[dd] +0x3210: 000000000001bfa9 -> 0000000000000400
[dd] +0x3218: c83f9e0d0000010a -> 0000000000000142
[dd] +0x3220: ae7ec3abe1099cdf -> ae7ec3abffff0000
[dd] +0x3230: c53b0ae6fcadc16f -> 79467d3b8edf1a4d
[dd] +0x3238: 9c0c455ce65174f5 -> 325f7a0289dce47f
[dd] +0x3248: 0000000000000000 -> d1550869fc4b70c9
[dd] +0x3250: 0000000000000000 -> b10c62151d39a4c1
[dd] +0x3278: 000000000000006b -> 000000000000006f
[dd] +0x3280: 4a6443d915fd0101 -> 5a12da60008b0001
[dd] +0x3288: 0001bfa900000045 -> 0000040000000045
[dd] +0x3290: 0000010c00000000 -> 0000013200000000
[dd] +0x3298: c53b0ae6fcadc16f -> 0000000000000001
[dd] +0x32a0: 5b7cab23ae7ec3ab -> 0000000000000000
[dd] +0x32a8: fcadc16f00000000 -> 0000000000000000
[dd] +0x32b0: e65174f5c53b0ae6 -> 0000000000000000
[dd] +0x32b8: ca9d3a3d9c0c455c -> 0000000000000000
[dd] +0x32c0: 00000000599f976c -> 0000000000000000
[dd] +0x32f0: 0000006b00000000 -> 0000000000000000
[dd] +0x32f8: 16d5000100000000 -> 00b4000100000000
[dd] +0x3300: 000000454a644459 -> 000000455a12da79
[dd] +0x3308: 000000000001bfa9 -> 0000000000000400
[dd] +0x3310: 0000100100000135 -> 0000010000000132
[dd] +0x3318: ae7ec3ab00000000 -> 0000000000000000
[dd] +0x3320: 000000005b7cab23 -> 0000000000000000
[dd] +0x3328: c53b0ae6fcadc16f -> 0000000000000000
[dd] +0x3330: 9c0c455ce65174f5 -> 0000000000000000
[dd] +0x3338: 599f976cca9d3a3d -> 0000000000000000
[dd] +0x3370: 000000000000006b -> 0000000000000000
[dd] +0x3378: 4a64446000aa0001 -> 5a12da7b00bd0001
[dd] +0x3380: 0001bfa900000045 -> 0000040000000045
[dd] +0x3388: 0000014200000000 -> 0000013200000000
[dd] +0x3390: 0000000000000100 -> 0000000000000101
[dd] +0x3398: 5b7cab23ae7ec3ab -> 0000000000000000
[dd] +0x33a0: fcadc16f00000000 -> 0000000000000000
[dd] +0x33a8: e65174f5c53b0ae6 -> 0000000000000000
[dd] +0x33b0: ca9d3a3d9c0c455c -> 0000000000000000
[dd] +0x33b8: 00000000599f976c -> 0000000000000000
[dd] +0x33e8: 0000006b00000000 -> 0000000000000000
[dd] +0x33f8: 000000454a644484 -> 000000455a12da87
[dd] +0x3400: 000000000001bfa9 -> 0000000000000400
[dd] +0x3408: 0000000100000141 -> 0000000000000141
[dd] +0x3470: 4a644df400750001 -> 5a12da9102300001
[dd] +0x3478: 0001bfa900000045 -> 0000040000000045
[dd] +0x3480: 0000017f00000000 -> 0000011d00000000
[dd] +0x3488: 0000000000dd0100 -> 0000000000001010
[dd] +0x34e8: 0230000100000000 -> 0075000100000000
[dd] +0x34f0: 000000454a644df6 -> 000000455a12de4f
[dd] +0x34f8: 000000000001bfa9 -> 0000000000000400
[dd] +0x3500: 000010010000011d -> 00dd00000000017f
[dd] +0x3568: 4a64532000fc0001 -> 5a12e47400fc0001
[dd] +0x3570: 0001bfa900000045 -> 0000040000000045
[dd] +0x3580: 0000000000000010 -> 0000000000000000
[dd] +0x35e0: 03ad000100000000 -> 1b73000100000000
[dd] +0x35e8: 000000454a64533c -> 000000455a12e483
[dd] +0x35f0: 000000000001bfa9 -> 0000000000000400
[dd] +0x35f8: 0000000100000127 -> 000000010000014c
[dd] +0x3660: 4a64537d00a00001 -> 5a12e86b13530101
[dd] +0x3668: 0001bfa900000045 -> 0000040000000045
[dd] +0x3670: 0000022400000000 -> 0000011100000000
[dd] +0x3678: 0000000000000000 -> 2e7d7c950768ef59
[dd] +0x3680: 0000000000000000 -> 5b7cab23ae7ec3ab
[dd] +0x3688: 0000000000000000 -> 8edf1a4d00000000
[dd] +0x3690: 0000000000000000 -> 89dce47f79467d3b
[dd] +0x3698: 0000000000000000 -> ca9d3a3d325f7a02
[dd] +0x36a0: 0000000000000000 -> fc4b70c9599f976c
[dd] +0x36a8: 0000000000000000 -> 1d39a4c1d1550869
[dd] +0x36b0: 0000000000000000 -> 00000000b10c6215
[dd] +0x36d0: 0000000000000000 -> 0000006f00000000
[dd] +0x36d8: 1b73000100000000 -> 1357010100000000
[dd] +0x36e0: 000000454a6455a1 -> 000000455a12e98c
[dd] +0x36e8: 000000000001bfa9 -> 0000000000000400
[dd] +0x36f0: 000000010000014c -> 0768ef5900000112
[dd] +0x36f8: 0000000000000000 -> ae7ec3ab2e7d7c95
[dd] +0x3700: 0000000000000000 -> 000000005b7cab23
[dd] +0x3708: 0000000000000000 -> 79467d3b8edf1a4d
[dd] +0x3710: 0000000000000000 -> 325f7a0289dce47f
[dd] +0x3718: 0000000000000000 -> 599f976cca9d3a3d
[dd] +0x3720: 0000000000000000 -> d1550869fc4b70c9
[dd] +0x3728: 0000000000000000 -> b10c62151d39a4c1
[dd] +0x3750: 0000000000000000 -> 000000000000006f
[dd] +0x3758: 4a6455a300e00001 -> 5a12e99213690101
[dd] +0x3760: 0001bfa900000045 -> 0000040000000045
[dd] +0x3768: 0000014200000000 -> 0000011100000000
[dd] +0x3770: 0001000000010000 -> ee93c197962c744f
[dd] +0x3780: fcadc16f00000000 -> 8edf1a4d00000000
[dd] +0x3788: e65174f5c53b0ae6 -> 89dce47f79467d3b
[dd] +0x3790: ca9d3a3d9c0c455c -> ca9d3a3d325f7a02
[dd] +0x37a0: 0000000000000000 -> 1d39a4c100000000
[dd] +0x37a8: 0000000000000000 -> 00000000b10c6215
[dd] +0x37c8: 0000006b00000000 -> 0000006f00000000
[dd] +0x37d0: 16de000100000000 -> 136d010100000000
[dd] +0x37d8: 000000454a6455a4 -> 000000455a12e9bb
[dd] +0x37e0: 000000000001bfa9 -> 0000000000000400
[dd] +0x37e8: 0000011000000135 -> 962c744f00000112
[dd] +0x37f0: ae7ec3ab00000000 -> ae7ec3abee93c197
[dd] +0x3800: c53b0ae6fcadc16f -> 79467d3b8edf1a4d
[dd] +0x3808: 9c0c455ce65174f5 -> 325f7a0289dce47f
[dd] +0x3820: 0000000000000000 -> b10c62151d39a4c1
[dd] +0x3848: 000000000000006b -> 000000000000006f
[dd] +0x3850: 4a6455ed1ce40101 -> 5a12e9d813890001
[dd] +0x3858: 0001bfa900000045 -> 0000040000000045
[dd] +0x3860: 0000010b00000000 -> 0000011300000000
[dd] +0x3868: 9f96f69dd9059d7f -> ffffffffe00002d6
[dd] +0x3870: 0000000000000000 -> 5b7cab23ae7ec3ab
[dd] +0x3878: 0000000000000000 -> 8edf1a4d00000000
[dd] +0x3880: 0000000000000000 -> 89dce47f79467d3b
[dd] +0x3888: 0000000000000000 -> ca9d3a3d325f7a02
[dd] +0x3890: 0000000000000000 -> 00000000599f976c
[dd] +0x38c0: 0000000000000000 -> 0000006f00000000
[dd] +0x38c8: 1d07000100000000 -> 1d27000100000000
[dd] +0x38d0: 000000454a64570a -> 000000455a12ec3d
[dd] +0x38d8: 000000000001bfa9 -> 0000000000000400
[dd] +0x38e0: 0000000000000119 -> 000000000000011a
[dd] +0x38e8: 0000000001000000 -> 0000000001000001
[dd] +0x3948: 4a64575f1ce40101 -> 5a12ecb61d270001
[dd] +0x3950: 0001bfa900000045 -> 0000040000000045
[dd] +0x3958: 0000010b00000000 -> 0000011a00000000
[dd] +0x3960: e1099cdfc83f9e0d -> 0100000180000000
[dd] +0x39c0: 1d07000100000000 -> 1397000100000000
[dd] +0x39c8: 000000454a645789 -> 000000455a12eccb
[dd] +0x39d0: 000000000001bfa9 -> 0000000000000400
[dd] +0x39d8: 8000000000000119 -> 000000c10000010d
[dd] +0x39e0: 0000000001000000 -> ae7ec3ab00000000
[dd] +0x39e8: 0000000000000000 -> 000000005b7cab23
[dd] +0x39f0: 0000000000000000 -> 79467d3b8edf1a4d
[dd] +0x39f8: 0000000000000000 -> 325f7a0289dce47f
[dd] +0x3a00: 0000000000000000 -> 599f976cca9d3a3d
[dd] +0x3a38: 0000000000000000 -> 000000000000006f
[dd] +0x3a40: 4a645c9e0dd30101 -> 5a12ece0139d0001
[dd] +0x3a48: 0001bfa900000045 -> 0000040000000045
[dd] +0x3a50: 0000011e00000000 -> 0000010d00000000
[dd] +0x3a58: 5b7cab23ae7ec3ab -> 00000000000000c3
[dd] +0x3a60: 0000000000000000 -> 5b7cab23ae7ec3ab
[dd] +0x3a68: 0000000000000000 -> 8edf1a4d00000000
[dd] +0x3a70: 0000000000000000 -> 89dce47f79467d3b
[dd] +0x3a78: 0000000000000000 -> ca9d3a3d325f7a02
[dd] +0x3a80: 0000000000000000 -> 00000000599f976c
[dd] +0x3ab0: 0000000000000000 -> 0000006f00000000
[dd] +0x3ab8: 16d5000100000000 -> 1c1e000100000000
[dd] +0x3ac0: 000000454a645ca4 -> 000000455a12ecf6
[dd] +0x3ac8: 000000000001bfa9 -> 0000000000000400
[dd] +0x3ad0: 0001000100000135 -> 0000000000000183
[dd] +0x3ad8: ae7ec3ab00000000 -> 00000000f0000f04
[dd] +0x3ae0: 000000005b7cab23 -> 0000000000000000
[dd] +0x3ae8: c53b0ae6fcadc16f -> 0000000000000000
[dd] +0x3af0: 9c0c455ce65174f5 -> 0000000000000000
[dd] +0x3af8: 599f976cca9d3a3d -> 0000000000000000
[dd] +0x3b30: 000000000000006b -> 0000000000000000
[dd] +0x3b38: 4a645cb400aa0001 -> 5a12ed0013c80001
[dd] +0x3b40: 0001bfa900000045 -> 0000040000000045
[dd] +0x3b48: 0000014200000000 -> 0000012000000000
[dd] +0x3b50: 0000000000000010 -> 0000000000000001
[dd] +0x3b60: fcadc16f00000000 -> 8edf1a4d00000000
[dd] +0x3b68: e65174f5c53b0ae6 -> 89dce47f79467d3b
[dd] +0x3b70: ca9d3a3d9c0c455c -> ca9d3a3d325f7a02
[dd] +0x3ba8: 0000006b00000000 -> 0000006f00000000
[dd] +0x3bb0: 00f6000100000000 -> 11f1000100000000
[dd] +0x3bb8: 000000454a645cb6 -> 000000455a12f1c8
[dd] +0x3bc0: 000000000001bfa9 -> 0000000000000400
[dd] +0x3bc8: 0000000000000142 -> 0000000000000123
[dd] +0x3bd0: ae7ec3abffff0000 -> 0000000000000000
[dd] +0x3bd8: 000000005b7cab23 -> 0000000000000000
[dd] +0x3be0: c53b0ae6fcadc16f -> 0000000000000000
[dd] +0x3be8: 9c0c455ce65174f5 -> 0000000000000000
[dd] +0x3bf0: 599f976cca9d3a3d -> 0000000000000000
[dd] +0x3c28: 000000000000006b -> 0000000000000000
[dd] +0x3c30: 4a645d44008b0001 -> 5a12f1cb1b730001
[dd] +0x3c38: 0001bfa900000045 -> 0000040000000045
[dd] +0x3c40: 0000013200000000 -> 0000014c00000000
[dd] +0x3ca8: 00b4000100000000 -> 022c010100000000
[dd] +0x3cb0: 000000454a645d61 -> 000000455a12f45c
[dd] +0x3cc0: 0000010000000132 -> ca9d3a3d00000115
[dd] +0x3cc8: 0000000000000000 -> 00000000599f976c
[dd] +0x85d0: 4a3b8ee200fc0001 -> 4ab6159b0aa90001
[dd] +0x85e0: 0000014a00000000 -> 0000011f00000000
[dd] +0x85e8: 0000000000000010 -> 000000020044c0e8
[dd] +0x85f0: 0000000000000000 -> 5b7cab23ae7ec3ab
[dd] +0x85f8: 0000000000000000 -> 0000000000000008
[dd] +0x8608: 0000000000000000 -> ca9d3a3d00000000
[dd] +0x8610: 0000000000000000 -> 00000000599f976c
[dd] +0x8640: 0000000000000000 -> 0000006f00000000
[dd] +0x8648: 03ad000100000000 -> 1b20000100000000
[dd] +0x8650: 000000454a3b8f05 -> 000000454ab61604
[dd] +0x8660: 0000000100000127 -> 00000f0400000149
[dd] +0x8668: 0000000000000000 -> ae7ec3ab00000000
[dd] +0x8670: 0000000000000000 -> 000000085b7cab23
[dd] +0x8678: 0000000000000000 -> 79467d3b8edf1a4d
[dd] +0x8680: 0000000000000000 -> 325f7a0289dce47f
[dd] +0x8688: 0000000000000000 -> 599f976cca9d3a3d
[dd] +0x86c0: 0000000000000000 -> 000000000000006f
[dd] +0x86c8: 4a3b8f4a00a00001 -> 4ab6160b1c250001
[dd] +0x86d8: 0000022400000000 -> 0000018200000000
[dd] +0x86e0: 0000000000000000 -> 10000f040000f040
[dd] +0x8740: 1b73000100000000 -> 1b3e000100000000
[dd] +0x8748: 000000454a3b913e -> 000000454ab6160d
[dd] +0x8758: 000000010000014c -> 0000000000000148
[dd] +0x8760: 0000000000000000 -> ae7ec3ab00000000
[dd] +0x8768: 0000000000000000 -> 000000005b7cab23
[dd] +0x8770: 0000000000000000 -> 79467d3b8edf1a4d
[dd] +0x8778: 0000000000000000 -> 325f7a0289dce47f
[dd] +0x8780: 0000000000000000 -> 599f976cca9d3a3d
[dd] +0x87b8: 0000000000000000 -> 000000000000006f
[dd] +0x87c0: 4a3b914000e00001 -> 4ab616150cb70001
[dd] +0x87d0: 0000014200000000 -> 0000012500000000
[dd] +0x87d8: 0001000000010000 -> 000000000044c0e8
[dd] +0x87e0: 248cb1e6243840f7 -> 5b7cab23ae7ec3ab
[dd] +0x87e8: fcadc16f00000000 -> 8edf1a4d00000000
[dd] +0x87f0: e65174f5c53b0ae6 -> 89dce47f79467d3b
[dd] +0x87f8: ca9d3a3d9c0c455c -> ca9d3a3d325f7a02
[dd] +0x8830: 0000006900000000 -> 0000006f00000000
[dd] +0x8838: 16de000100000000 -> 15f4010100000000
[dd] +0x8840: 000000454a3b9141 -> 000000454ab61f3a
[dd] +0x8850: 0000011000000135 -> a3fc2d570000010a
[dd] +0x8858: 243840f700000000 -> ae7ec3ab8f6695c1
[dd] +0x8860: 00000000248cb1e6 -> 000000005b7cab23
[dd] +0x8868: c53b0ae6fcadc16f -> 79467d3b8edf1a4d
[dd] +0x8870: 9c0c455ce65174f5 -> 325f7a0289dce47f
[dd] +0x88b0: 0000000000000069 -> 000000000000006f
[dd] +0x88b8: 4a3b91791ce40101 -> 4ab61f5115fd0101
[dd] +0x88c8: 0000010b00000000 -> 0000010c00000000
[dd] +0x88d0: 9f96f69dd9059d7f -> 325f7a0289dce47f
[dd] +0x88d8: 0000000000000000 -> 5b7cab23ae7ec3ab
[dd] +0x88e0: 0000000000000000 -> 8edf1a4d00000000
[dd] +0x88e8: 0000000000000000 -> 89dce47f79467d3b
[dd] +0x88f0: 0000000000000000 -> ca9d3a3d325f7a02
[dd] +0x88f8: 0000000000000000 -> 00000000599f976c
[dd] +0x8928: 0000000000000000 -> 0000006f00000000
[dd] +0x8930: 1d07000100000000 -> 15f4010100000000
[dd] +0x8938: 000000454a3b92a4 -> 000000454ab6203d
[dd] +0x8948: 0000000000000119 -> b160f17b0000010a
[dd] +0x8950: 0000000001000000 -> ae7ec3abd963bc85
[dd] +0x8958: 0000000000000000 -> 000000005b7cab23
[dd] +0x8960: 0000000000000000 -> 79467d3b8edf1a4d
[dd] +0x8968: 0000000000000000 -> 325f7a0289dce47f
[dd] +0x8970: 0000000000000000 -> 599f976cca9d3a3d
[dd] +0x89a8: 0000000000000000 -> 000000000000006f
[dd] +0x89b0: 4a3b92e81ce40101 -> 4ab6204015fd0101
[dd] +0x89c0: 0000010b00000000 -> 0000010c00000000
[dd] +0x89c8: e1099cdfc83f9e0d -> 79467d3b8edf1a4d
[dd] +0x89d0: 0000000000000000 -> 5b7cab23ae7ec3ab
[dd] +0x89d8: 0000000000000000 -> 8edf1a4d00000000
[dd] +0x89e0: 0000000000000000 -> 89dce47f79467d3b
[dd] +0x89e8: 0000000000000000 -> ca9d3a3d325f7a02
[dd] +0x89f0: 0000000000000000 -> 00000000599f976c
[dd] +0x8a20: 0000000000000000 -> 0000006f00000000
[dd] +0x8a28: 1d07000100000000 -> 16d5000100000000
[dd] +0x8a30: 000000454a3b930a -> 000000454ab620f3
[dd] +0x8a40: 8000000000000119 -> 0000100100000135
[dd] +0x8a48: 0000000001000000 -> ae7ec3ab00000000
[dd] +0x8a50: 0000000000000000 -> 000000005b7cab23
[dd] +0x8a58: 0000000000000000 -> 79467d3b8edf1a4d
[dd] +0x8a60: 0000000000000000 -> 325f7a0289dce47f
[dd] +0x8a68: 0000000000000000 -> 599f976cca9d3a3d
[dd] +0x8aa0: 0000000000000000 -> 000000000000006f
[dd] +0x8aa8: 4a3b980b0dd30101 -> 4ab620fb00aa0001
[dd] +0x8ab8: 0000011e00000000 -> 0000014200000000
[dd] +0x8ac0: 248cb1e6243840f7 -> 0000000000000100
[dd] +0x8ac8: 0000000000000000 -> 5b7cab23ae7ec3ab
[dd] +0x8ad0: 0000000000000000 -> 8edf1a4d00000000
[dd] +0x8ad8: 0000000000000000 -> 89dce47f79467d3b
[dd] +0x8ae0: 0000000000000000 -> ca9d3a3d325f7a02
[dd] +0x8ae8: 0000000000000000 -> 00000000599f976c
[dd] +0x8b18: 0000000000000000 -> 0000006f00000000
[dd] +0x8b20: 16d5000100000000 -> 00b9000100000000
[dd] +0x8b28: 000000454a3b9810 -> 000000454ab62122
[dd] +0x8b38: 0001000100000135 -> 0000000100000141
[dd] +0x8b40: 243840f700000000 -> 0000000000000000
[dd] +0x8b48: 00000000248cb1e6 -> 0000000000000000
[dd] +0x8b50: c53b0ae6fcadc16f -> 0000000000000000
[dd] +0x8b58: 9c0c455ce65174f5 -> 0000000000000000
[dd] +0x8b60: 599f976cca9d3a3d -> 0000000000000000
[dd] +0x8b98: 0000000000000069 -> 0000000000000000
[dd] +0x8ba0: 4a3b994800aa0001 -> 4ab6291800750001
[dd] +0x8bb0: 0000014200000000 -> 0000017f00000000
[dd] +0x8bb8: 0000000000000010 -> 0000000000dd0100
[dd] +0x8bc0: 248cb1e6243840f7 -> 0000000000000000
[dd] +0x8bc8: fcadc16f00000000 -> 0000000000000000
[dd] +0x8bd0: e65174f5c53b0ae6 -> 0000000000000000
[dd] +0x8bd8: ca9d3a3d9c0c455c -> 0000000000000000
[dd] +0x8be0: 00000000599f976c -> 0000000000000000
[dd] +0x8c10: 0000006900000000 -> 0000000000000000
[dd] +0x8c18: 00f6000100000000 -> 0230000100000000
[dd] +0x8c20: 000000454a3b994b -> 000000454ab6292b
[dd] +0x8c30: 0000000000000142 -> 000010010000011d
[dd] +0x8c38: 243840f7ffff0000 -> 0000000000000000
[dd] +0x8c40: 00000000248cb1e6 -> 0000000000000000
[dd] +0x8c48: c53b0ae6fcadc16f -> 0000000000000000
[dd] +0x8c50: 9c0c455ce65174f5 -> 0000000000000000
[dd] +0x8c58: 599f976cca9d3a3d -> 0000000000000000
[dd] +0x8c90: 0000000000000069 -> 0000000000000000
[dd] +0x8c98: 4a3b9a3f008b0001 -> 4ab62de500fc0001
[dd] +0x8ca8: 0000013200000000 -> 0000014a00000000
[dd] +0x8cb0: 0000000000000001 -> 0000000000000010
[dd] +0x8d10: 00b4000100000000 -> 03ad000100000000
[dd] +0x8d18: 000000454a3b9a55 -> 000000454ab62e04
[dd] +0x8d28: 0000010000000132 -> 0000000100000127
[dd] +0x8d90: 4a3b9a5600bd0001 -> 4ab62e4600a00001
[dd] +0x8da0: 0000013200000000 -> 0000022400000000
[dd] +0x8da8: 0000000000000101 -> 0000000000000000
[dd] +0x8e08: 00b9000100000000 -> 1b73000100000000
[dd] +0x8e10: 000000454a3b9a59 -> 000000454ab6300c
[dd] +0x8e20: 0000000000000141 -> 000000010000014c
[dd] +0x8e88: 4a3b9a5b02300001 -> 4ab6300e00e00001
[dd] +0x8e98: 0000011d00000000 -> 0000014200000000
[dd] +0x8ea0: 0000000000001010 -> 0001000000010000
[dd] +0x8ea8: 0000000000000000 -> 5b7cab23ae7ec3ab
[dd] +0x8eb0: 0000000000000000 -> 8edf1a4d00000000
[dd] +0x8eb8: 0000000000000000 -> 89dce47f79467d3b
[dd] +0x8ec0: 0000000000000000 -> ca9d3a3d325f7a02
[dd] +0x8ec8: 0000000000000000 -> 00000000599f976c
[dd] +0x8ef8: 0000000000000000 -> 0000006f00000000
[dd] +0x8f00: 0075000100000000 -> 16de000100000000
[dd] +0x8f08: 000000454a3b9c65 -> 000000454ab6300f
[dd] +0x8f18: 00dd00000000017f -> 0000011000000135
[dd] +0x8f20: 0000000000000000 -> ae7ec3ab00000000
[dd] +0x8f28: 0000000000000000 -> 000000005b7cab23
[dd] +0x8f30: 0000000000000000 -> 79467d3b8edf1a4d
[dd] +0x8f38: 0000000000000000 -> 325f7a0289dce47f
[dd] +0x8f40: 0000000000000000 -> 599f976cca9d3a3d
[dd] +0x8f78: 0000000000000000 -> 000000000000006f
[dd] +0x8f80: 4a3ba09400fc0001 -> 4ab6305a1ce40101
[dd] +0x8f90: 0000014a00000000 -> 0000010b00000000
[dd] +0x8f98: 0000000000000000 -> 8f6695c1a3fc2d57
[dd] +0x8ff8: 1b73000100000000 -> 1d07000100000000
[dd] +0x9000: 000000454a3ba09d -> 000000454ab63332
[dd] +0x9010: 000000010000014c -> 0000000000000119
[dd] +0x9018: 0000000000000000 -> 0000000001000001
[dd] +0x9078: 4a3ba09f16de0001 -> 4ab633871ce40101
[dd] +0x9088: 0000013500000000 -> 0000010b00000000
[dd] +0x9090: 0000000000000000 -> d963bc85b160f17b
[dd] +0x9098: 248cb1e6243840f7 -> 0000000000000000
[dd] +0x90a0: fcadc16f00000000 -> 0000000000000000
[dd] +0x90a8: e65174f5c53b0ae6 -> 0000000000000000
[dd] +0x90b0: ca9d3a3d9c0c455c -> 0000000000000000
[dd] +0x90b8: 00000000599f976c -> 0000000000000000
[dd] +0x90e8: 0000006900000000 -> 0000000000000000
[dd] +0x90f0: 1d27000100000000 -> 1d07000100000000
[dd] +0x90f8: 000000454a3ba17d -> 000000454ab63482
[dd] +0x9108: 000000000000011a -> 8000000000000119
[dd] +0x9110: 0000000001000000 -> 0000000001000001
[dd] +0x9170: 4a3ba1ad1d270001 -> 4ab635bf16d50001
[dd] +0x9180: 0000011a00000000 -> 0000013500000000
[dd] +0x9188: 0100000080000000 -> 0000000000010101
[dd] +0x9190: 0000000000000000 -> 5b7cab23ae7ec3ab
[dd] +0x9198: 0000000000000000 -> 8edf1a4d00000000
[dd] +0x91a0: 0000000000000000 -> 89dce47f79467d3b
[dd] +0x91a8: 0000000000000000 -> ca9d3a3d325f7a02
[dd] +0x91b0: 0000000000000000 -> 00000000599f976c
[dd] +0x91e0: 0000000000000000 -> 0000006f00000000
[dd] +0x91e8: 1397000100000000 -> 00aa000100000000
[dd] +0x91f0: 000000454a3ba1b1 -> 000000454ab635c6
[dd] +0x9200: 000000190000010d -> 0000001000000142
[dd] +0x9208: 243840f700000000 -> ae7ec3ab00000000
[dd] +0x9210: 00000000248cb1e6 -> 000000005b7cab23
[dd] +0x9218: c53b0ae6fcadc16f -> 79467d3b8edf1a4d
[dd] +0x9220: 9c0c455ce65174f5 -> 325f7a0289dce47f
[dd] +0x9260: 0000000000000069 -> 000000000000006f
[dd] +0x9268: 4a3ba1b7139d0001 -> 4ab635c800f60001
[dd] +0x9278: 0000010d00000000 -> 0000014200000000
[dd] +0x9280: 000000000000001a -> ffff000000000000
[dd] +0x9288: 248cb1e6243840f7 -> 5b7cab23ae7ec3ab
[dd] +0x9290: fcadc16f00000000 -> 8edf1a4d00000000
[dd] +0x9298: e65174f5c53b0ae6 -> 89dce47f79467d3b
[dd] +0x92a0: ca9d3a3d9c0c455c -> ca9d3a3d325f7a02
[dd] +0x92d8: 0000006900000000 -> 0000006f00000000
[dd] +0x92e0: 1c1e000100000000 -> 16de000100000000
[dd] +0x92e8: 000000454a3ba1c6 -> 000000454ab63677
[dd] +0x92f8: 0000000000000183 -> 0000000000000135
[dd] +0x9300: 00000000f0000f04 -> ae7ec3ab00000000
[dd] +0x9308: 0000000000000000 -> 000000005b7cab23
[dd] +0x9310: 0000000000000000 -> 79467d3b8edf1a4d
[dd] +0x9318: 0000000000000000 -> 325f7a0289dce47f
[dd] +0x9320: 0000000000000000 -> 599f976cca9d3a3d
[dd] +0x9358: 0000000000000000 -> 000000000000006f
[dd] +0x9360: 4a3ba1d013c80001 -> 4ab6367b11580001
[dd] +0x9370: 0000012000000000 -> 0000010100000000
[dd] +0x9378: 0000000000000001 -> 0000000000000000
[dd] +0x9380: 248cb1e6243840f7 -> 5b7cab23ae7ec3ab
[dd] +0x9388: fcadc16f00000000 -> 8edf1a4d00000000
[dd] +0x9390: e65174f5c53b0ae6 -> 89dce47f79467d3b
[dd] +0x9398: ca9d3a3d9c0c455c -> ca9d3a3d325f7a02
[dd] +0x93d0: 0000006900000000 -> 0000006f00000000
[dd] +0x93d8: 0deb010100000000 -> 1178010100000000
[dd] +0x93e0: 000000454a3ba3e1 -> 000000454ab636d5
[dd] +0x93f0: 243840f700000126 -> 8edf1a4d0000010e
[dd] +0x93f8: 00000000248cb1e6 -> ae7ec3ab79467d3b
[dd] +0x9400: 0000000000000000 -> 000000005b7cab23
[dd] +0x9408: 0000000000000000 -> 79467d3b8edf1a4d
[dd] +0x9410: 0000000000000000 -> 325f7a0289dce47f
[dd] +0x9418: 0000000000000000 -> 599f976cca9d3a3d
[dd] +0x9450: 0000000000000000 -> 000000000000006f
[dd] +0x9458: 4a3ba54b022c0101 -> 4ab6377811970101
[dd] +0x9468: 0000011500000000 -> 0000010e00000000
[dd] +0x9470: 599f976cca9d3a3d -> 325f7a0289dce47f
[dd] +0x9478: 0000000000000000 -> 5b7cab23ae7ec3ab
[dd] +0x9480: 0000000000000000 -> 8edf1a4d00000000
[dd] +0x9488: 0000000000000000 -> 89dce47f79467d3b
[dd] +0x9490: 0000000000000000 -> ca9d3a3d325f7a02
[dd] +0x9498: 0000000000000000 -> fc4b70c9599f976c
[dd] +0x94a0: 0000000000000000 -> 00000000d1550869
[dd] +0x94c8: 0000000000000000 -> 0000006f00000000
[dd] +0x94d0: 0aa9000100000000 -> 10b1000100000000
[dd] +0x94d8: 000000454a4fd4ba -> 000000454ab639fb
[dd] +0x94e8: 0044c0e30000011f -> 0002000100000102
[dd] +0x94f0: 76bffcc300000002 -> ae7ec3ab00000000
[dd] +0x94f8: 000000083c70550b -> 000000005b7cab23
[dd] +0x9500: 0000000000000000 -> 79467d3b8edf1a4d
[dd] +0x9508: 0000000000000000 -> 325f7a0289dce47f
[dd] +0x9518: 0000000000000000 -> d1550869fc4b70c9
[dd] +0x9520: 0000000000000000 -> b10c62151d39a4c1
[dd] +0x9548: 000000000000006a -> 000000000000006f
[dd] +0x9550: 4a4fd5471b200001 -> 4ab63a4f11fe0001
[dd] +0x9560: 0000014900000000 -> 0000014700000000
[dd] +0x9568: 0000000000000f04 -> 0000000000001001
[dd] +0x9570: 3c70550b76bffcc3 -> 5b7cab23ae7ec3ab
[dd] +0x9578: fcadc16f00000008 -> 8edf1a4d00000000
[dd] +0x9580: e65174f5c53b0ae6 -> 89dce47f79467d3b
[dd] +0x9588: ca9d3a3d9c0c455c -> ca9d3a3d325f7a02
[dd] +0x9590: 00000000599f976c -> fc4b70c9599f976c
[dd] +0x9598: 0000000000000000 -> 1d39a4c1d1550869
[dd] +0x95a0: 0000000000000000 -> 00000000b10c6215
[dd] +0x95c0: 0000006a00000000 -> 0000006f00000000
[dd] +0x95c8: 1c25000100000000 -> 12b2000100000000
[dd] +0x95d0: 000000454a4fd553 -> 000000454ab63a50
[dd] +0x95e0: 0000f04000000182 -> 0000101100000103
[dd] +0x95e8: 0000000010000f04 -> ae7ec3ab00000000
[dd] +0x95f0: 0000000000000000 -> 000000005b7cab23
[dd] +0x95f8: 0000000000000000 -> 79467d3b8edf1a4d
[dd] +0x9600: 0000000000000000 -> 325f7a0289dce47f
[dd] +0x9608: 0000000000000000 -> 599f976cca9d3a3d
[dd] +0x9610: 0000000000000000 -> d1550869fc4b70c9
[dd] +0x9618: 0000000000000000 -> b10c62151d39a4c1
[dd] +0x9640: 0000000000000000 -> 000000000000006f
[dd] +0x9648: 4a4fd5541b3e0001 -> 4ab63a581baa0001
[dd] +0x9658: 0000014800000000 -> 0000015c00000000
[dd] +0x9660: 0000000000000000 -> 0000000000000102
[dd] +0x9668: 3c70550b76bffcc3 -> 5b7cab23ae7ec3ab
[dd] +0x9670: fcadc16f00000000 -> 8edf1a4d00000000
[dd] +0x9678: e65174f5c53b0ae6 -> 89dce47f79467d3b
[dd] +0x9680: ca9d3a3d9c0c455c -> ca9d3a3d325f7a02
[dd] +0x9688: 00000000599f976c -> fc4b70c9599f976c
[dd] +0x9690: 0000000000000000 -> 1d39a4c1d1550869
[dd] +0x9698: 0000000000000000 -> 00000000b10c6215
[dd] +0x96b8: 0000006a00000000 -> 0000006f00000000
[dd] +0x96c0: 0cb7000100000000 -> 122e000100000000
[dd] +0x96c8: 000000454a4fd55e -> 000000454ab63a5a
[dd] +0x96d8: 0044c0e300000125 -> 000000100000013a
[dd] +0x96e0: 76bffcc300000000 -> ae7ec3ab0044c0e8
[dd] +0x96e8: 000000003c70550b -> 000000005b7cab23
[dd] +0x96f0: c53b0ae6fcadc16f -> 79467d3b8edf1a4d
[dd] +0x96f8: 9c0c455ce65174f5 -> 325f7a0289dce47f
[dd] +0x9708: 0000000000000000 -> d1550869fc4b70c9
[dd] +0x9710: 0000000000000000 -> b10c62151d39a4c1
[dd] +0x9738: 000000000000006a -> 000000000000006f
[dd] +0x9740: 4a4fdddc15f40101 -> 4ab63a5d00aa0001
[dd] +0x9750: 0000010a00000000 -> 0000014200000000
[dd] +0x9758: 9f96f69dd9059d7f -> 0000000000000100
[dd] +0x9760: 3c70550b76bffcc3 -> 5b7cab23ae7ec3ab
[dd] +0x9768: fcadc16f00000000 -> 8edf1a4d00000000
[dd] +0x9770: e65174f5c53b0ae6 -> 89dce47f79467d3b
[dd] +0x9778: ca9d3a3d9c0c455c -> ca9d3a3d325f7a02
[dd] +0x9780: 00000000599f976c -> fc4b70c9599f976c
[dd] +0x9788: 0000000000000000 -> 1d39a4c1d1550869
[dd] +0x9790: 0000000000000000 -> 00000000b10c6215
[dd] +0x97b0: 0000006a00000000 -> 0000006f00000000
[dd] +0x97b8: 15fd010100000000 -> 00b8000100000000
[dd] +0x97c0: 000000454a4fddeb -> 000000454ab63a64
[dd] +0x97d0: e65174f50000010c -> 0001000000000142
[dd] +0x97d8: 76bffcc39c0c455c -> ae7ec3ab00010000
[dd] +0x97e0: 000000003c70550b -> 000000005b7cab23
[dd] +0x97e8: c53b0ae6fcadc16f -> 79467d3b8edf1a4d
[dd] +0x97f0: 9c0c455ce65174f5 -> 325f7a0289dce47f
[dd] +0x9800: 0000000000000000 -> d1550869fc4b70c9
[dd] +0x9808: 0000000000000000 -> b10c62151d39a4c1
[dd] +0x9830: 000000000000006a -> 000000000000006f
[dd] +0x9838: 4a4fde6e15f40101 -> 4ab63a6e02300001
[dd] +0x9848: 0000010a00000000 -> 0000011d00000000
[dd] +0x9850: e1099cdfc83f9e0d -> 0000000000001011
[dd] +0x9858: 3c70550b76bffcc3 -> 0000000000000000
[dd] +0x9860: fcadc16f00000000 -> 0000000000000000
[dd] +0x9868: e65174f5c53b0ae6 -> 0000000000000000
[dd] +0x9870: ca9d3a3d9c0c455c -> 0000000000000000
[dd] +0x9878: 00000000599f976c -> 0000000000000000
[dd] +0x98a8: 0000006a00000000 -> 0000000000000000
[dd] +0x98b0: 15fd010100000000 -> 18e3000100000000
[dd] +0x98b8: 000000454a4fde75 -> 000000454ab63a90
[dd] +0x98c8: fcadc16f0000010c -> 0000020000000130
[dd] +0x98d0: 76bffcc3c53b0ae6 -> 0000000000000f04
[dd] +0x98d8: 000000003c70550b -> 0000000000000000
[dd] +0x98e0: c53b0ae6fcadc16f -> 0000000000000000
[dd] +0x98e8: 9c0c455ce65174f5 -> 0000000000000000
[dd] +0x98f0: 599f976cca9d3a3d -> 0000000000000000
[dd] +0x9928: 000000000000006a -> 0000000000000000
[dd] +0x9930: 4a4fdeeb16d50001 -> 4ab63b2b01a30001
[dd] +0x9940: 0000013500000000 -> 0000012f00000000
[dd] +0x9948: 0000000000001001 -> 0000000000510110
[dd] +0x9950: 3c70550b76bffcc3 -> 5b7cab23ae7ec3ab
[dd] +0x9958: fcadc16f00000000 -> 8edf1a4d00000000
[dd] +0x9960: e65174f5c53b0ae6 -> 89dce47f79467d3b
[dd] +0x9968: ca9d3a3d9c0c455c -> ca9d3a3d325f7a02
[dd] +0x9970: 00000000599f976c -> fc4b70c9599f976c
[dd] +0x9978: 0000000000000000 -> 1d39a4c1d1550869
[dd] +0x9980: 0000000000000000 -> 00000000b10c6215
[dd] +0x99a0: 0000006a00000000 -> 0000006f00000000
[dd] +0x99a8: 00aa000100000000 -> 018c000100000000
[dd] +0x99b0: 000000454a4fdef1 -> 000000454ab63b8d
[dd] +0x99c0: 0000010000000142 -> 000000000000020c
[dd] +0x99c8: 76bffcc300000000 -> ae7ec3ab00000001
[dd] +0x99d0: 000000003c70550b -> 000000005b7cab23
[dd] +0x99d8: c53b0ae6fcadc16f -> 79467d3b8edf1a4d
[dd] +0x99e0: 9c0c455ce65174f5 -> 325f7a0289dce47f
[dd] +0x99f0: 0000000000000000 -> d1550869fc4b70c9
[dd] +0x99f8: 0000000000000000 -> b10c62151d39a4c1
[dd] +0x9a20: 000000000000006a -> 000000000000006f
[dd] +0x9a28: 4a4fdf1700b90001 -> 4ab647ae007b0001
[dd] +0x9a38: 0000014100000000 -> 0000014d00000000
[dd] +0x9a40: 0000000000000001 -> 0000000000000000
[dd] +0x9a48: 0000000000000000 -> 5b7cab23ae7ec3ab
[dd] +0x9a50: 0000000000000000 -> 8edf1a4d00000000
[dd] +0x9a58: 0000000000000000 -> 89dce47f79467d3b
[dd] +0x9a60: 0000000000000000 -> ca9d3a3d325f7a02
[dd] +0x9a68: 0000000000000000 -> fc4b70c9599f976c
[dd] +0x9a70: 0000000000000000 -> 1d39a4c1d1550869
[dd] +0x9a78: 0000000000000000 -> 00000000b10c6215
[dd] +0x9a98: 0000000000000000 -> 0000006f00000000
[dd] +0x9aa0: 0075000100000000 -> 02a4000100000000
[dd] +0x9aa8: 000000454a4fe749 -> 000000454ab647f9
[dd] +0x9ab8: 00dd01000000017f -> 000000000000014d
[dd] +0x9ac0: 0000000000000000 -> ae7ec3ab00000000
[dd] +0x9ac8: 0000000000000000 -> 000000005b7cab23
[dd] +0x9ad0: 0000000000000000 -> 79467d3b8edf1a4d
[dd] +0x9ad8: 0000000000000000 -> 325f7a0289dce47f
[dd] +0x9ae0: 0000000000000000 -> 599f976cca9d3a3d
[dd] +0x9ae8: 0000000000000000 -> d1550869fc4b70c9
[dd] +0x9af0: 0000000000000000 -> b10c62151d39a4c1
[dd] +0x9b18: 0000000000000000 -> 000000000000006f
[v32] done (alive)
[v31a] start triangulation (tall dst)
[tr] dst 64x256 bpr 256 alloc 0x10000
[tr] bfY=32 -> kr 0xe00002d6, changed 0, first 0xffffffffffffffff (row -1 col-byte -1)
[tr] bfY=64 -> kr 0xe00002d6, changed 0, first 0xffffffffffffffff (row -1 col-byte -1)
[tr] bfY=96 -> kr 0xe00002d6, changed 0, first 0xffffffffffffffff (row -1 col-byte -1)
[v31a] done
[v31b] cross-request race 20s
[cr] expected checksum f748eed8b69d0383 (kr 0xe00002c2)
[cr] iter 1: kr 0xe00002c2 checksum f748eed8b69d0383 MISMATCH
[cr] iter 2: kr 0xe00002c2 checksum f748eed8b69d0383 MISMATCH
[cr] iter 3: kr 0xe00002c2 checksum f748eed8b69d0383 MISMATCH
[cr] iter 4: kr 0xe00002c2 checksum f748eed8b69d0383 MISMATCH
[cr] iter 5: kr 0xe00002c2 checksum f748eed8b69d0383 MISMATCH
[cr] iter 6: kr 0xe00002c2 checksum f748eed8b69d0383 MISMATCH
[cr] iter 7: kr 0xe00002c2 checksum f748eed8b69d0383 MISMATCH
[cr] iter 8: kr 0xe00002c2 checksum f748eed8b69d0383 MISMATCH
[cr] iter 9: kr 0xe00002c2 checksum f748eed8b69d0383 MISMATCH
[cr] iter 10: kr 0xe00002c2 checksum f748eed8b69d0383 MISMATCH
[cr] iter 11: kr 0xe00002c2 checksum f748eed8b69d0383 MISMATCH
[cr] iter 12: kr 0xe00002c2 checksum f748eed8b69d0383 MISMATCH
[cr] iter 13: kr 0xe00002c2 checksum f748eed8b69d0383 MISMATCH
[cr] iter 14: kr 0xe00002c2 checksum f748eed8b69d0383 MISMATCH
[cr] iter 15: kr 0xe00002c2 checksum f748eed8b69d0383 MISMATCH
[cr] iter 16: kr 0xe00002c2 checksum f748eed8b69d0383 MISMATCH
[cr] iter 17: kr 0xe00002c2 checksum f748eed8b69d0383 MISMATCH
[cr] iter 18: kr 0xe00002c2 checksum f748eed8b69d0383 MISMATCH
[cr] iter 19: kr 0xe00002c2 checksum f748eed8b69d0383 MISMATCH
[cr] iter 20: kr 0xe00002c2 checksum f748eed8b69d0383 MISMATCH
[cr] iter 21: kr 0xe00002c2 checksum f748eed8b69d0383 MISMATCH
[cr] iter 22: kr 0xe00002c2 checksum f748eed8b69d0383 MISMATCH
[cr] iter 23: kr 0xe00002c2 checksum f748eed8b69d0383 MISMATCH
[cr] iter 24: kr 0xe00002c2 checksum f748eed8b69d0383 MISMATCH
[cr] iter 25: kr 0xe00002c2 checksum f748eed8b69d0383 MISMATCH
[cr] iter 26: kr 0xe00002c2 checksum f748eed8b69d0383 MISMATCH
[cr] iter 27: kr 0xe00002c2 checksum f748eed8b69d0383 MISMATCH
[cr] iter 28: kr 0xe00002c2 checksum f748eed8b69d0383 MISMATCH
[cr] iter 29: kr 0xe00002c2 checksum f748eed8b69d0383 MISMATCH
[cr] iter 30: kr 0xe00002c2 checksum f748eed8b69d0383 MISMATCH
[cr] iter 31: kr 0xe00002c2 checksum f748eed8b69d0383 MISMATCH
[cr] iter 32: kr 0xe00002c2 checksum f748eed8b69d0383 MISMATCH
[cr] iter 33: kr 0xe00002c2 checksum f748eed8b69d0383 MISMATCH
[cr] iter 34: kr 0xe00002c2 checksum f748eed8b69d0383 MISMATCH
[cr] iter 35: kr 0xe00002c2 checksum f748eed8b69d0383 MISMATCH
[cr] iter 36: kr 0xe00002c2 checksum f748eed8b69d0383 MISMATCH
[cr] iter 37: kr 0xe00002c2 checksum f748eed8b69d0383 MISMATCH
[cr] iter 38: kr 0xe00002c2 checksum f748eed8b69d0383 MISMATCH
[cr] iter 39: kr 0xe00002c2 checksum f748eed8b69d0383 MISMATCH
[cr] iter 40: kr 0xe00002c2 checksum f748eed8b69d0383 MISMATCH
[cr] iter 41: kr 0xe00002c2 checksum f748eed8b69d0383 MISMATCH
[cr] iter 42: kr 0xe00002c2 checksum f748eed8b69d0383 MISMATCH
[cr] iter 43: kr 0xe00002c2 checksum f748eed8b69d0383 MISMATCH
[cr] iter 44: kr 0xe00002c2 checksum f748eed8b69d0383 MISMATCH
[cr] iter 45: kr 0xe00002c2 checksum f748eed8b69d0383 MISMATCH
[cr] iter 46: kr 0xe00002c2 checksum f748eed8b69d0383 MISMATCH
[cr] iter 47: kr 0xe00002c2 checksum f748eed8b69d0383 MISMATCH
[cr] iter 48: kr 0xe00002c2 checksum f748eed8b69d0383 MISMATCH
[cr] iter 49: kr 0xe00002c2 checksum f748eed8b69d0383 MISMATCH
[cr] iter 50: kr 0xe00002c2 checksum f748eed8b69d0383 MISMATCH
[cr] iter 51: kr 0xe00002c2 checksum f748eed8b69d0383 MISMATCH
[cr] iter 52: kr 0xe00002c2 checksum f748eed8b69d0383 MISMATCH
[cr] iter 53: kr 0xe00002c2 checksum f748eed8b69d0383 MISMATCH
[cr] iter 54: kr 0xe00002c2 checksum f748eed8b69d0383 MISMATCH
[cr] iter 55: kr 0xe00002c2 checksum f748eed8b69d0383 MISMATCH
[cr] iter 56: kr 0xe00002c2 checksum f748eed8b69d0383 MISMATCH
[cr] iter 57: kr 0xe00002c2 checksum f748eed8b69d0383 MISMATCH
[cr] iter 58: kr 0xe00002c2 checksum f748eed8b69d0383 MISMATCH
[cr] iter 59: kr 0xe00002c2 checksum f748eed8b69d0383 MISMATCH
[cr] iter 60: kr 0xe00002c2 checksum f748eed8b69d0383 MISMATCH
[cr] iter 61: kr 0xe00002c2 checksum f748eed8b69d0383 MISMATCH
[cr] iter 62: kr 0xe00002c2 checksum f748eed8b69d0383 MISMATCH
[cr] iter 63: kr 0xe00002c2 checksum f748eed8b69d0383 MISMATCH
[cr] iter 64: kr 0xe00002c2 checksum f748eed8b69d0383 MISMATCH
[cr] iter 65: kr 0xe00002c2 checksum f748eed8b69d0383 MISMATCH
[cr] iter 66: kr 0xe00002c2 checksum f748eed8b69d0383 MISMATCH
[cr] iter 67: kr 0xe00002c2 checksum f748eed8b69d0383 MISMATCH
[cr] iter 68: kr 0xe00002c2 checksum f748eed8b69d0383 MISMATCH
[cr] iter 69: kr 0xe00002c2 checksum f748eed8b69d0383 MISMATCH
[cr] iter 70: kr 0xe00002c2 checksum f748eed8b69d0383 MISMATCH
[cr] iter 71: kr 0xe00002c2 checksum f748eed8b69d0383 MISMATCH
[cr] iter 72: kr 0xe00002c2 checksum f748eed8b69d0383 MISMATCH
[cr] iter 73: kr 0xe00002c2 checksum f748eed8b69d0383 MISMATCH
[cr] iter 74: kr 0xe00002c2 checksum f748eed8b69d0383 MISMATCH
[cr] iter 75: kr 0xe00002c2 checksum f748eed8b69d0383 MISMATCH
[cr] iter 76: kr 0xe00002c2 checksum f748eed8b69d0383 MISMATCH
[cr] iter 77: kr 0xe00002c2 checksum f748eed8b69d0383 MISMATCH
[cr] iter 78: kr 0xe00002c2 checksum f748eed8b69d0383 MISMATCH
[cr] iter 79: kr 0xe00002c2 checksum f748eed8b69d0383 MISMATCH
[cr] iter 80: kr 0xe00002c2 checksum f748eed8b69d0383 MISMATCH
[cr] iter 81: kr 0xe00002c2 checksum f748eed8b69d0383 MISMATCH
[cr] iter 82: kr 0xe00002c2 checksum f748eed8b69d0383 MISMATCH
[cr] iter 83: kr 0xe00002c2 checksum f748eed8b69d0383 MISMATCH
[cr] iter 84: kr 0xe00002c2 checksum f748eed8b69d0383 MISMATCH
[cr] iter 85: kr 0xe00002c2 checksum f748eed8b69d0383 MISMATCH
[cr] iter 86: kr 0xe00002c2 checksum f748eed8b69d0383 MISMATCH
[cr] iter 87: kr 0xe00002c2 checksum f748eed8b69d0383 MISMATCH
[cr] iter 88: kr 0xe00002c2 checksum f748eed8b69d0383 MISMATCH
[cr] iter 89: kr 0xe00002c2 checksum f748eed8b69d0383 MISMATCH
[cr] iter 90: kr 0xe00002c2 checksum f748eed8b69d0383 MISMATCH
[cr] iter 91: kr 0xe00002c2 checksum f748eed8b69d0383 MISMATCH
[cr] iter 92: kr 0xe00002c2 checksum f748eed8b69d0383 MISMATCH
[cr] iter 93: kr 0xe00002c2 checksum f748eed8b69d0383 MISMATCH
[cr] iter 94: kr 0xe00002c2 checksum f748eed8b69d0383 MISMATCH
[cr] iter 95: kr 0xe00002c2 checksum f748eed8b69d0383 MISMATCH
[cr] iter 96: kr 0xe00002c2 checksum f748eed8b69d0383 MISMATCH
[cr] iter 97: kr 0xe00002c2 checksum f748eed8b69d0383 MISMATCH
[cr] iter 98: kr 0xe00002c2 checksum f748eed8b69d0383 MISMATCH
[cr] iter 99: kr 0xe00002c2 checksum f748eed8b69d0383 MISMATCH
[cr] iter 100: kr 0xe00002c2 checksum f748eed8b69d0383 MISMATCH
[cr] iter 101: kr 0xe00002c2 checksum f748eed8b69d0383 MISMATCH
[cr] iter 102: kr 0xe00002c2 checksum f748eed8b69d0383 MISMATCH
[cr] iter 103: kr 0xe00002c2 checksum f748eed8b69d0383 MISMATCH
[cr] iter 104: kr 0xe00002c2 checksum f748eed8b69d0383 MISMATCH
[cr] iter 105: kr 0xe00002c2 checksum f748eed8b69d0383 MISMATCH
[cr] iter 106: kr 0xe00002c2 checksum f748eed8b69d0383 MISMATCH
[cr] iter 107: kr 0xe00002c2 checksum f748eed8b69d0383 MISMATCH
[cr] iter 108: kr 0xe00002c2 checksum f748eed8b69d0383 MISMATCH
[cr] iter 109: kr 0xe00002c2 checksum f748eed8b69d0383 MISMATCH
[cr] iter 110: kr 0xe00002c2 checksum f748eed8b69d0383 MISMATCH
[cr] iter 111: kr 0xe00002c2 checksum f748eed8b69d0383 MISMATCH
[cr] iter 112: kr 0xe00002c2 checksum f748eed8b69d0383 MISMATCH
[cr] iter 113: kr 0xe00002c2 checksum f748eed8b69d0383 MISMATCH
[cr] iter 114: kr 0xe00002c2 checksum f748eed8b69d0383 MISMATCH
[cr] iter 115: kr 0xe00002c2 checksum f748eed8b69d0383 MISMATCH
[cr] iter 116: kr 0xe00002c2 checksum f748eed8b69d0383 MISMATCH
[cr] iter 117: kr 0xe00002c2 checksum f748eed8b69d0383 MISMATCH
[cr] iter 118: kr 0xe00002c2 checksum f748eed8b69d0383 MISMATCH
[cr] iter 119: kr 0xe00002c2 checksum f748eed8b69d0383 MISMATCH
[cr] iter 120: kr 0xe00002c2 checksum f748eed8b69d0383 MISMATCH
[cr] iter 121: kr 0xe00002c2 checksum f748eed8b69d0383 MISMATCH
[cr] iter 122: kr 0xe00002c2 checksum f748eed8b69d0383 MISMATCH
[cr] iter 123: kr 0xe00002c2 checksum f748eed8b69d0383 MISMATCH
[cr] iter 124: kr 0xe00002c2 checksum f748eed8b69d0383 MISMATCH
[cr] iter 125: kr 0xe00002c2 checksum f748eed8b69d0383 MISMATCH
[cr] iter 126: kr 0xe00002c2 checksum f748eed8b69d0383 MISMATCH
[cr] iter 127: kr 0xe00002c2 checksum f748eed8b69d0383 MISMATCH
[cr] iter 128: kr 0xe00002c2 checksum f748eed8b69d0383 MISMATCH
[cr] iter 129: kr 0xe00002c2 checksum f748eed8b69d0383 MISMATCH
[cr] iter 130: kr 0xe00002c2 checksum f748eed8b69d0383 MISMATCH
[cr] iter 131: kr 0xe00002c2 checksum f748eed8b69d0383 MISMATCH
[cr] iter 132: kr 0xe00002c2 checksum f748eed8b69d0383 MISMATCH
[cr] iter 133: kr 0xe00002c2 checksum f748eed8b69d0383 MISMATCH
[cr] iter 134: kr 0xe00002c2 checksum f748eed8b69d0383 MISMATCH
[cr] iter 135: kr 0xe00002c2 checksum f748eed8b69d0383 MISMATCH
[cr] iter 136: kr 0xe00002c2 checksum f748eed8b69d0383 MISMATCH
[cr] iter 137: kr 0xe00002c2 checksum f748eed8b69d0383 MISMATCH
[cr] iter 138: kr 0xe00002c2 checksum f748eed8b69d0383 MISMATCH
[cr] iter 139: kr 0xe00002c2 checksum f748eed8b69d0383 MISMATCH
[cr] iter 140: kr 0xe00002c2 checksum f748eed8b69d0383 MISMATCH
[cr] iter 141: kr 0xe00002c2 checksum f748eed8b69d0383 MISMATCH
[cr] iter 142: kr 0xe00002c2 checksum f748eed8b69d0383 MISMATCH
[cr] iter 143: kr 0xe00002c2 checksum f748eed8b69d0383 MISMATCH
[cr] iter 144: kr 0xe00002c2 checksum f748eed8b69d0383 MISMATCH
[cr] iter 145: kr 0xe00002c2 checksum f748eed8b69d0383 MISMATCH
[cr] iter 146: kr 0xe00002c2 checksum f748eed8b69d0383 MISMATCH
[cr] iter 147: kr 0xe00002c2 checksum f748eed8b69d0383 MISMATCH
[cr] iter 148: kr 0xe00002c2 checksum f748eed8b69d0383 MISMATCH
[cr] iter 149: kr 0xe00002c2 checksum f748eed8b69d0383 MISMATCH
[cr] iter 150: kr 0xe00002c2 checksum f748eed8b69d0383 MISMATCH
[cr] iter 151: kr 0xe00002c2 checksum f748eed8b69d0383 MISMATCH
[cr] iter 152: kr 0xe00002c2 checksum f748eed8b69d0383 MISMATCH
[cr] iter 153: kr 0xe00002c2 checksum f748eed8b69d0383 MISMATCH
[cr] iter 154: kr 0xe00002c2 checksum f748eed8b69d0383 MISMATCH
[cr] iter 155: kr 0xe00002c2 checksum f748eed8b69d0383 MISMATCH
[cr] iter 156: kr 0xe00002c2 checksum f748eed8b69d0383 MISMATCH
[cr] iter 157: kr 0xe00002c2 checksum f748eed8b69d0383 MISMATCH
[cr] iter 158: kr 0xe00002c2 checksum f748eed8b69d0383 MISMATCH
[cr] iter 159: kr 0xe00002c2 checksum f748eed8b69d0383 MISMATCH
[cr] iter 160: kr 0xe00002c2 checksum f748eed8b69d0383 MISMATCH
[cr] iter 161: kr 0xe00002c2 checksum f748eed8b69d0383 MISMATCH
[cr] iter 162: kr 0xe00002c2 checksum f748eed8b69d0383 MISMATCH
[cr] iter 163: kr 0xe00002c2 checksum f748eed8b69d0383 MISMATCH
[cr] iter 164: kr 0xe00002c2 checksum f748eed8b69d0383 MISMATCH
[cr] iter 165: kr 0xe00002c2 checksum f748eed8b69d0383 MISMATCH
[cr] iter 166: kr 0xe00002c2 checksum f748eed8b69d0383 MISMATCH
[cr] iter 167: kr 0xe00002c2 checksum f748eed8b69d0383 MISMATCH
[cr] iter 168: kr 0xe00002c2 checksum f748eed8b69d0383 MISMATCH
[cr] iter 169: kr 0xe00002c2 checksum f748eed8b69d0383 MISMATCH
[cr] iter 170: kr 0xe00002c2 checksum f748eed8b69d0383 MISMATCH
[cr] iter 171: kr 0xe00002c2 checksum f748eed8b69d0383 MISMATCH
[cr] iter 172: kr 0xe00002c2 checksum f748eed8b69d0383 MISMATCH
[cr] iter 173: kr 0xe00002c2 checksum f748eed8b69d0383 MISMATCH
[cr] iter 174: kr 0xe00002c2 checksum f748eed8b69d0383 MISMATCH
[cr] iter 175: kr 0xe00002c2 checksum f748eed8b69d0383 MISMATCH
[cr] iter 176: kr 0xe00002c2 checksum f748eed8b69d0383 MISMATCH
[cr] iter 177: kr 0xe00002c2 checksum f748eed8b69d0383 MISMATCH
[cr] iter 178: kr 0xe00002c2 checksum f748eed8b69d0383 MISMATCH
[cr] iter 179: kr 0xe00002c2 checksum f748eed8b69d0383 MISMATCH
[cr] iter 180: kr 0xe00002c2 checksum f748eed8b69d0383 MISMATCH
[cr] iter 181: kr 0xe00002c2 checksum f748eed8b69d0383 MISMATCH
[cr] iter 182: kr 0xe00002c2 checksum f748eed8b69d0383 MISMATCH
[cr] iter 183: kr 0xe00002c2 checksum f748eed8b69d0383 MISMATCH
[cr] iter 184: kr 0xe00002c2 checksum f748eed8b69d0383 MISMATCH
[cr] iter 185: kr 0xe00002c2 checksum f748eed8b69d0383 MISMATCH
[cr] iter 186: kr 0xe00002c2 checksum f748eed8b69d0383 MISMATCH
[cr] iter 187: kr 0xe00002c2 checksum f748eed8b69d0383 MISMATCH
[cr] iter 188: kr 0xe00002c2 checksum f748eed8b69d0383 MISMATCH
[cr] iter 189: kr 0xe00002c2 checksum f748eed8b69d0383 MISMATCH
[cr] iter 190: kr 0xe00002c2 checksum f748eed8b69d0383 MISMATCH
[cr] iter 191: kr 0xe00002c2 checksum f748eed8b69d0383 MISMATCH
[cr] iter 192: kr 0xe00002c2 checksum f748eed8b69d0383 MISMATCH
[cr] iter 193: kr 0xe00002c2 checksum f748eed8b69d0383 MISMATCH
[cr] iter 194: kr 0xe00002c2 checksum f748eed8b69d0383 MISMATCH
[cr] iter 195: kr 0xe00002c2 checksum f748eed8b69d0383 MISMATCH
[cr] iter 196: kr 0xe00002c2 checksum f748eed8b69d0383 MISMATCH
[cr] iter 197: kr 0xe00002c2 checksum f748eed8b69d0383 MISMATCH
[cr] iter 198: kr 0xe00002c2 checksum f748eed8b69d0383 MISMATCH
[cr] iter 199: kr 0xe00002c2 checksum f748eed8b69d0383 MISMATCH
[cr] iter 200: kr 0xe00002c2 checksum f748eed8b69d0383 MISMATCH
[cr] iter 201: kr 0xe00002c2 checksum f748eed8b69d0383 MISMATCH
[cr] iter 202: kr 0xe00002c2 checksum f748eed8b69d0383 MISMATCH
[cr] iter 203: kr 0xe00002c2 checksum f748eed8b69d0383 MISMATCH
[cr] iter 204: kr 0xe00002c2 checksum f748eed8b69d0383 MISMATCH
[cr] iter 205: kr 0xe00002c2 checksum f748eed8b69d0383 MISMATCH
[cr] iter 206: kr 0xe00002c2 checksum f748eed8b69d0383 MISMATCH
[cr] iter 207: kr 0xe00002c2 checksum f748eed8b69d0383 MISMATCH
[cr] iter 208: kr 0xe00002c2 checksum f748eed8b69d0383 MISMATCH
[cr] iter 209: kr 0xe00002c2 checksum f748eed8b69d0383 MISMATCH
[cr] iter 210: kr 0xe00002c2 checksum f748eed8b69d0383 MISMATCH
[cr] iter 211: kr 0xe00002c2 checksum f748eed8b69d0383 MISMATCH
[cr] iter 212: kr 0xe00002c2 checksum f748eed8b69d0383 MISMATCH
[cr] iter 213: kr 0xe00002c2 checksum f748eed8b69d0383 MISMATCH
[cr] iter 214: kr 0xe00002c2 checksum f748eed8b69d0383 MISMATCH
[cr] iter 215: kr 0xe00002c2 checksum f748eed8b69d0383 MISMATCH
[cr] iter 216: kr 0xe00002c2 checksum f748eed8b69d0383 MISMATCH
[cr] iter 217: kr 0xe00002c2 checksum f748eed8b69d0383 MISMATCH
[cr] iter 218: kr 0xe00002c2 checksum f748eed8b69d0383 MISMATCH
[cr] iter 219: kr 0xe00002c2 checksum f748eed8b69d0383 MISMATCH
[cr] iter 220: kr 0xe00002c2 checksum f748eed8b69d0383 MISMATCH
[cr] iter 221: kr 0xe00002c2 checksum f748eed8b69d0383 MISMATCH
[cr] iter 222: kr 0xe00002c2 checksum f748eed8b69d0383 MISMATCH
[cr] iter 223: kr 0xe00002c2 checksum f748eed8b69d0383 MISMATCH
[cr] iter 224: kr 0xe00002c2 checksum f748eed8b69d0383 MISMATCH
[cr] iter 225: kr 0xe00002c2 checksum f748eed8b69d0383 MISMATCH
[cr] iter 226: kr 0xe00002c2 checksum f748eed8b69d0383 MISMATCH
[cr] iter 227: kr 0xe00002c2 checksum f748eed8b69d0383 MISMATCH
[cr] iter 228: kr 0xe00002c2 checksum f748eed8b69d0383 MISMATCH
[cr] iter 229: kr 0xe00002c2 checksum f748eed8b69d0383 MISMATCH
[cr] iter 230: kr 0xe00002c2 checksum f748eed8b69d0383 MISMATCH
[cr] iter 231: kr 0xe00002c2 checksum f748eed8b69d0383 MISMATCH
[cr] iter 232: kr 0xe00002c2 checksum f748eed8b69d0383 MISMATCH
[cr] iter 233: kr 0xe00002c2 checksum f748eed8b69d0383 MISMATCH
[cr] iter 234: kr 0xe00002c2 checksum f748eed8b69d0383 MISMATCH
[cr] iter 235: kr 0xe00002c2 checksum f748eed8b69d0383 MISMATCH
[cr] iter 236: kr 0xe00002c2 checksum f748eed8b69d0383 MISMATCH
[cr] iter 237: kr 0xe00002c2 checksum f748eed8b69d0383 MISMATCH
[cr] iter 238: kr 0xe00002c2 checksum f748eed8b69d0383 MISMATCH
[cr] iter 239: kr 0xe00002c2 checksum f748eed8b69d0383 MISMATCH
[cr] iter 240: kr 0xe00002c2 checksum f748eed8b69d0383 MISMATCH
[cr] iter 241: kr 0xe00002c2 checksum f748eed8b69d0383 MISMATCH
[cr] iter 242: kr 0xe00002c2 checksum f748eed8b69d0383 MISMATCH
[cr] iter 243: kr 0xe00002c2 checksum f748eed8b69d0383 MISMATCH
[cr] iter 244: kr 0xe00002c2 checksum f748eed8b69d0383 MISMATCH
[cr] iter 245: kr 0xe00002c2 checksum f748eed8b69d0383 MISMATCH
[cr] iter 246: kr 0xe00002c2 checksum f748eed8b69d0383 MISMATCH
[cr] iter 247: kr 0xe00002c2 checksum f748eed8b69d0383 MISMATCH
[cr] iter 248: kr 0xe00002c2 checksum f748eed8b69d0383 MISMATCH
[cr] iter 249: kr 0xe00002c2 checksum f748eed8b69d0383 MISMATCH
[cr] iter 250: kr 0xe00002c2 checksum f748eed8b69d0383 MISMATCH
[cr] iter 251: kr 0xe00002c2 checksum f748eed8b69d0383 MISMATCH
[cr] iter 252: kr 0xe00002c2 checksum f748eed8b69d0383 MISMATCH
[cr] iter 253: kr 0xe00002c2 checksum f748eed8b69d0383 MISMATCH
[cr] iter 254: kr 0xe00002c2 checksum f748eed8b69d0383 MISMATCH
[cr] iter 255: kr 0xe00002c2 checksum f748eed8b69d0383 MISMATCH
[cr] iter 256: kr 0xe00002c2 checksum f748eed8b69d0383 MISMATCH
[cr] iter 257: kr 0xe00002c2 checksum f748eed8b69d0383 MISMATCH
[cr] iter 258: kr 0xe00002c2 checksum f748eed8b69d0383 MISMATCH
[cr] iter 259: kr 0xe00002c2 checksum f748eed8b69d0383 MISMATCH
[cr] iter 260: kr 0xe00002c2 checksum f748eed8b69d0383 MISMATCH
[cr] iter 261: kr 0xe00002c2 checksum f748eed8b69d0383 MISMATCH
[cr] iter 262: kr 0xe00002c2 checksum f748eed8b69d0383 MISMATCH
[cr] iter 263: kr 0xe00002c2 checksum f748eed8b69d0383 MISMATCH
[cr] iter 264: kr 0xe00002c2 checksum f748eed8b69d0383 MISMATCH
[cr] iter 265: kr 0xe00002c2 checksum f748eed8b69d0383 MISMATCH
[cr] iter 266: kr 0xe00002c2 checksum f748eed8b69d0383 MISMATCH
[cr] iter 267: kr 0xe00002c2 checksum f748eed8b69d0383 MISMATCH
[cr] iter 268: kr 0xe00002c2 checksum f748eed8b69d0383 MISMATCH
[cr] iter 269: kr 0xe00002c2 checksum f748eed8b69d0383 MISMATCH
[cr] iter 270: kr 0xe00002c2 checksum f748eed8b69d0383 MISMATCH
[cr] iter 271: kr 0xe00002c2 checksum f748eed8b69d0383 MISMATCH
[cr] iter 272: kr 0xe00002c2 checksum f748eed8b69d0383 MISMATCH
[cr] iter 273: kr 0xe00002c2 checksum f748eed8b69d0383 MISMATCH
[cr] iter 274: kr 0xe00002c2 checksum f748eed8b69d0383 MISMATCH
[cr] iter 275: kr 0xe00002c2 checksum f748eed8b69d0383 MISMATCH
[cr] iter 276: kr 0xe00002c2 checksum f748eed8b69d0383 MISMATCH
[cr] iter 277: kr 0xe00002c2 checksum f748eed8b69d0383 MISMATCH
[cr] iter 278: kr 0xe00002c2 checksum f748eed8b69d0383 MISMATCH
[cr] iter 279: kr 0xe00002c2 checksum f748eed8b69d0383 MISMATCH
[cr] iter 280: kr 0xe00002c2 checksum f748eed8b69d0383 MISMATCH
[cr] iter 281: kr 0xe00002c2 checksum f748eed8b69d0383 MISMATCH
[cr] iter 282: kr 0xe00002c2 checksum f748eed8b69d0383 MISMATCH
[cr] iter 283: kr 0xe00002c2 checksum f748eed8b69d0383 MISMATCH
[cr] iter 284: kr 0xe00002c2 checksum f748eed8b69d0383 MISMATCH
[cr] iter 285: kr 0xe00002c2 checksum f748eed8b69d0383 MISMATCH
[cr] iter 286: kr 0xe00002c2 checksum f748eed8b69d0383 MISMATCH
[cr] iter 287: kr 0xe00002c2 checksum f748eed8b69d0383 MISMATCH
[cr] iter 288: kr 0xe00002c2 checksum f748eed8b69d0383 MISMATCH
[cr] iter 289: kr 0xe00002c2 checksum f748eed8b69d0383 MISMATCH
[cr] iter 290: kr 0xe00002c2 checksum f748eed8b69d0383 MISMATCH
[cr] iter 291: kr 0xe00002c2 checksum f748eed8b69d0383 MISMATCH
[cr] iter 292: kr 0xe00002c2 checksum f748eed8b69d0383 MISMATCH
[cr] iter 293: kr 0xe00002c2 checksum f748eed8b69d0383 MISMATCH
[cr] iter 294: kr 0xe00002c2 checksum f748eed8b69d0383 MISMATCH
[cr] iter 295: kr 0xe00002c2 checksum f748eed8b69d0383 MISMATCH
[cr] iter 296: kr 0xe00002c2 checksum f748eed8b69d0383 MISMATCH
[cr] iter 297: kr 0xe00002c2 checksum f748eed8b69d0383 MISMATCH
[cr] iter 298: kr 0xe00002c2 checksum f748eed8b69d0383 MISMATCH
[cr] iter 299: kr 0xe00002c2 checksum f748eed8b69d0383 MISMATCH
[cr] iter 300: kr 0xe00002c2 checksum f748eed8b69d0383 MISMATCH
[cr] iter 301: kr 0xe00002c2 checksum f748eed8b69d0383 MISMATCH
[cr] iter 302: kr 0xe00002c2 checksum f748eed8b69d0383 MISMATCH
[cr] iter 303: kr 0xe00002c2 checksum f748eed8b69d0383 MISMATCH
[cr] iter 304: kr 0xe00002c2 checksum f748eed8b69d0383 MISMATCH
[cr] iter 305: kr 0xe00002c2 checksum f748eed8b69d0383 MISMATCH
[cr] iter 306: kr 0xe00002c2 checksum f748eed8b69d0383 MISMATCH
[cr] iter 307: kr 0xe00002c2 checksum f748eed8b69d0383 MISMATCH
[cr] iter 308: kr 0xe00002c2 checksum f748eed8b69d0383 MISMATCH
[cr] iter 309: kr 0xe00002c2 checksum f748eed8b69d0383 MISMATCH
[cr] iter 310: kr 0xe00002c2 checksum f748eed8b69d0383 MISMATCH
[cr] iter 311: kr 0xe00002c2 checksum f748eed8b69d0383 MISMATCH
[cr] iter 312: kr 0xe00002c2 checksum f748eed8b69d0383 MISMATCH
[cr] iter 313: kr 0xe00002c2 checksum f748eed8b69d0383 MISMATCH
[cr] iter 314: kr 0xe00002c2 checksum f748eed8b69d0383 MISMATCH
[cr] iter 315: kr 0xe00002c2 checksum f748eed8b69d0383 MISMATCH
[cr] iter 316: kr 0xe00002c2 checksum f748eed8b69d0383 MISMATCH
[cr] iter 317: kr 0xe00002c2 checksum f748eed8b69d0383 MISMATCH
[cr] iter 318: kr 0xe00002c2 checksum f748eed8b69d0383 MISMATCH
[cr] iter 319: kr 0xe00002c2 checksum f748eed8b69d0383 MISMATCH
[cr] iter 320: kr 0xe00002c2 checksum f748eed8b69d0383 MISMATCH
[cr] iter 321: kr 0xe00002c2 checksum f748eed8b69d0383 MISMATCH
[cr] iter 322: kr 0xe00002c2 checksum f748eed8b69d0383 MISMATCH
[cr] iter 323: kr 0xe00002c2 checksum f748eed8b69d0383 MISMATCH
[cr] iter 324: kr 0xe00002c2 checksum f748eed8b69d0383 MISMATCH
[cr] iter 325: kr 0xe00002c2 checksum f748eed8b69d0383 MISMATCH
[cr] iter 326: kr 0xe00002c2 checksum f748eed8b69d0383 MISMATCH
[cr] iter 327: kr 0xe00002c2 checksum f748eed8b69d0383 MISMATCH
[cr] iter 328: kr 0xe00002c2 checksum f748eed8b69d0383 MISMATCH
[cr] iter 329: kr 0xe00002c2 checksum f748eed8b69d0383 MISMATCH
[cr] iter 330: kr 0xe00002c2 checksum f748eed8b69d0383 MISMATCH
[cr] iter 331: kr 0xe00002c2 checksum f748eed8b69d0383 MISMATCH
[cr] iter 332: kr 0xe00002c2 checksum f748eed8b69d0383 MISMATCH
[cr] iter 333: kr 0xe00002c2 checksum f748eed8b69d0383 MISMATCH
[cr] iter 334: kr 0xe00002c2 checksum f748eed8b69d0383 MISMATCH
[cr] iter 335: kr 0xe00002c2 checksum f748eed8b69d0383 MISMATCH
[cr] iter 336: kr 0xe00002c2 checksum f748eed8b69d0383 MISMATCH
[cr] iter 337: kr 0xe00002c2 checksum f748eed8b69d0383 MISMATCH
[cr] iter 338: kr 0xe00002c2 checksum f748eed8b69d0383 MISMATCH
[cr] iter 339: kr 0xe00002c2 checksum f748eed8b69d0383 MISMATCH
[cr] iter 340: kr 0xe00002c2 checksum f748eed8b69d0383 MISMATCH
[cr] iter 341: kr 0xe00002c2 checksum f748eed8b69d0383 MISMATCH
[cr] iter 342: kr 0xe00002c2 checksum f748eed8b69d0383 MISMATCH
[cr] iter 343: kr 0xe00002c2 checksum f748eed8b69d0383 MISMATCH
[cr] iter 344: kr 0xe00002c2 checksum f748eed8b69d0383 MISMATCH
[cr] iter 345: kr 0xe00002c2 checksum f748eed8b69d0383 MISMATCH
[cr] iter 346: kr 0xe00002c2 checksum f748eed8b69d0383 MISMATCH
[cr] iter 347: kr 0xe00002c2 checksum f748eed8b69d0383 MISMATCH
[cr] iter 348: kr 0xe00002c2 checksum f748eed8b69d0383 MISMATCH
[cr] iter 349: kr 0xe00002c2 checksum f748eed8b69d0383 MISMATCH
[cr] iter 350: kr 0xe00002c2 checksum f748eed8b69d0383 MISMATCH
[cr] iter 351: kr 0xe00002c2 checksum f748eed8b69d0383 MISMATCH
[cr] iter 352: kr 0xe00002c2 checksum f748eed8b69d0383 MISMATCH
[cr] iter 353: kr 0xe00002c2 checksum f748eed8b69d0383 MISMATCH
[cr] iter 354: kr 0xe00002c2 checksum f748eed8b69d0383 MISMATCH
[cr] iter 355: kr 0xe00002c2 checksum f748eed8b69d0383 MISMATCH
[cr] iter 356: kr 0xe00002c2 checksum f748eed8b69d0383 MISMATCH
[cr] iter 357: kr 0xe00002c2 checksum f748eed8b69d0383 MISMATCH
[cr] iter 358: kr 0xe00002c2 checksum f748eed8b69d0383 MISMATCH
[cr] iter 359: kr 0xe00002c2 checksum f748eed8b69d0383 MISMATCH
[cr] iter 360: kr 0xe00002c2 checksum f748eed8b69d0383 MISMATCH
[cr] iter 361: kr 0xe00002c2 checksum f748eed8b69d0383 MISMATCH
[cr] iter 362: kr 0xe00002c2 checksum f748eed8b69d0383 MISMATCH
[cr] iter 363: kr 0xe00002c2 checksum f748eed8b69d0383 MISMATCH
[cr] iter 364: kr 0xe00002c2 checksum f748eed8b69d0383 MISMATCH
[cr] iter 365: kr 0xe00002c2 checksum f748eed8b69d0383 MISMATCH
[cr] iter 366: kr 0xe00002c2 checksum f748eed8b69d0383 MISMATCH
[cr] iter 367: kr 0xe00002c2 checksum f748eed8b69d0383 MISMATCH
[cr] iter 368: kr 0xe00002c2 checksum f748eed8b69d0383 MISMATCH
[cr] iter 369: kr 0xe00002c2 checksum f748eed8b69d0383 MISMATCH
[cr] iter 370: kr 0xe00002c2 checksum f748eed8b69d0383 MISMATCH
[cr] iter 371: kr 0xe00002c2 checksum f748eed8b69d0383 MISMATCH
[cr] iter 372: kr 0xe00002c2 checksum f748eed8b69d0383 MISMATCH
[cr] iter 373: kr 0xe00002c2 checksum f748eed8b69d0383 MISMATCH
[cr] iter 374: kr 0xe00002c2 checksum f748eed8b69d0383 MISMATCH
[cr] iter 375: kr 0xe00002c2 checksum f748eed8b69d0383 MISMATCH
[cr] iter 376: kr 0xe00002c2 checksum f748eed8b69d0383 MISMATCH
[cr] iter 377: kr 0xe00002c2 checksum f748eed8b69d0383 MISMATCH
[cr] iter 378: kr 0xe00002c2 checksum f748eed8b69d0383 MISMATCH
[cr] iter 379: kr 0xe00002c2 checksum f748eed8b69d0383 MISMATCH
[cr] iter 380: kr 0xe00002c2 checksum f748eed8b69d0383 MISMATCH
[cr] iter 381: kr 0xe00002c2 checksum f748eed8b69d0383 MISMATCH
[cr] iter 382: kr 0xe00002c2 checksum f748eed8b69d0383 MISMATCH
[cr] iter 383: kr 0xe00002c2 checksum f748eed8b69d0383 MISMATCH
[cr] iter 384: kr 0xe00002c2 checksum f748eed8b69d0383 MISMATCH
[cr] iter 385: kr 0xe00002c2 checksum f748eed8b69d0383 MISMATCH
[cr] iter 386: kr 0xe00002c2 checksum f748eed8b69d0383 MISMATCH
[cr] iter 387: kr 0xe00002c2 checksum f748eed8b69d0383 MISMATCH
[cr] iter 388: kr 0xe00002c2 checksum f748eed8b69d0383 MISMATCH
[cr] iter 389: kr 0xe00002c2 checksum f748eed8b69d0383 MISMATCH
[cr] iter 390: kr 0xe00002c2 checksum f748eed8b69d0383 MISMATCH
[cr] iter 391: kr 0xe00002c2 checksum f748eed8b69d0383 MISMATCH
[cr] iter 392: kr 0xe00002c2 checksum f748eed8b69d0383 MISMATCH
[cr] iter 393: kr 0xe00002c2 checksum f748eed8b69d0383 MISMATCH
[cr] iter 394: kr 0xe00002c2 checksum f748eed8b69d0383 MISMATCH
[cr] iter 395: kr 0xe00002c2 checksum f748eed8b69d0383 MISMATCH
[cr] iter 396: kr 0xe00002c2 checksum f748eed8b69d0383 MISMATCH
[cr] iter 397: kr 0xe00002c2 checksum f748eed8b69d0383 MISMATCH
[cr] iter 398: kr 0xe00002c2 checksum f748eed8b69d0383 MISMATCH
[cr] iter 399: kr 0xe00002c2 checksum f748eed8b69d0383 MISMATCH
[cr] iter 400: kr 0xe00002c2 checksum f748eed8b69d0383 MISMATCH
[cr] iter 401: kr 0xe00002c2 checksum f748eed8b69d0383 MISMATCH
[cr] iter 402: kr 0xe00002c2 checksum f748eed8b69d0383 MISMATCH
[cr] iter 403: kr 0xe00002c2 checksum f748eed8b69d0383 MISMATCH
[cr] iter 404: kr 0xe00002c2 checksum f748eed8b69d0383 MISMATCH
[cr] iter 405: kr 0xe00002c2 checksum f748eed8b69d0383 MISMATCH
[cr] iter 406: kr 0xe00002c2 checksum f748eed8b69d0383 MISMATCH
[cr] iter 407: kr 0xe00002c2 checksum f748eed8b69d0383 MISMATCH
[cr] iter 408: kr 0xe00002c2 checksum f748eed8b69d0383 MISMATCH
[cr] iter 409: kr 0xe00002c2 checksum f748eed8b69d0383 MISMATCH
[cr] iter 410: kr 0xe00002c2 checksum f748eed8b69d0383 MISMATCH
[cr] iter 411: kr 0xe00002c2 checksum f748eed8b69d0383 MISMATCH
[cr] iter 412: kr 0xe00002c2 checksum f748eed8b69d0383 MISMATCH
[cr] iter 413: kr 0xe00002c2 checksum f748eed8b69d0383 MISMATCH
[cr] iter 414: kr 0xe00002c2 checksum f748eed8b69d0383 MISMATCH
[cr] iter 415: kr 0xe00002c2 checksum f748eed8b69d0383 MISMATCH
[cr] iter 416: kr 0xe00002c2 checksum f748eed8b69d0383 MISMATCH
[cr] iter 417: kr 0xe00002c2 checksum f748eed8b69d0383 MISMATCH
[cr] iter 418: kr 0xe00002c2 checksum f748eed8b69d0383 MISMATCH
[cr] iter 419: kr 0xe00002c2 checksum f748eed8b69d0383 MISMATCH
[cr] iter 420: kr 0xe00002c2 checksum f748eed8b69d0383 MISMATCH
[cr] iter 421: kr 0xe00002c2 checksum f748eed8b69d0383 MISMATCH
[cr] iter 422: kr 0xe00002c2 checksum f748eed8b69d0383 MISMATCH
[cr] iter 423: kr 0xe00002c2 checksum f748eed8b69d0383 MISMATCH
[cr] iter 424: kr 0xe00002c2 checksum f748eed8b69d0383 MISMATCH
[cr] iter 425: kr 0xe00002c2 checksum f748eed8b69d0383 MISMATCH
[cr] iter 426: kr 0xe00002c2 checksum f748eed8b69d0383 MISMATCH
[cr] iter 427: kr 0xe00002c2 checksum f748eed8b69d0383 MISMATCH
[cr] iter 428: kr 0xe00002c2 checksum f748eed8b69d0383 MISMATCH
[cr] iter 429: kr 0xe00002c2 checksum f748eed8b69d0383 MISMATCH
[cr] iter 430: kr 0xe00002c2 checksum f748eed8b69d0383 MISMATCH
[cr] iter 431: kr 0xe00002c2 checksum f748eed8b69d0383 MISMATCH
[cr] iter 432: kr 0xe00002c2 checksum f748eed8b69d0383 MISMATCH
[cr] iter 433: kr 0xe00002c2 checksum f748eed8b69d0383 MISMATCH
[cr] iter 434: kr 0xe00002c2 checksum f748eed8b69d0383 MISMATCH
[cr] iter 435: kr 0xe00002c2 checksum f748eed8b69d0383 MISMATCH
[cr] iter 436: kr 0xe00002c2 checksum f748eed8b69d0383 MISMATCH
[cr] iter 437: kr 0xe00002c2 checksum f748eed8b69d0383 MISMATCH
[cr] iter 438: kr 0xe00002c2 checksum f748eed8b69d0383 MISMATCH
[cr] iter 439: kr 0xe00002c2 checksum f748eed8b69d0383 MISMATCH
[cr] iter 440: kr 0xe00002c2 checksum f748eed8b69d0383 MISMATCH
[cr] iter 441: kr 0xe00002c2 checksum f748eed8b69d0383 MISMATCH
[cr] iter 442: kr 0xe00002c2 checksum f748eed8b69d0383 MISMATCH
[cr] iter 443: kr 0xe00002c2 checksum f748eed8b69d0383 MISMATCH
[cr] iter 444: kr 0xe00002c2 checksum f748eed8b69d0383 MISMATCH
[cr] iter 445: kr 0xe00002c2 checksum f748eed8b69d0383 MISMATCH
[cr] iter 446: kr 0xe00002c2 checksum f748eed8b69d0383 MISMATCH
[cr] iter 447: kr 0xe00002c2 checksum f748eed8b69d0383 MISMATCH
[cr] iter 448: kr 0xe00002c2 checksum f748eed8b69d0383 MISMATCH
[cr] iter 449: kr 0xe00002c2 checksum f748eed8b69d0383 MISMATCH
[cr] iter 450: kr 0xe00002c2 checksum f748eed8b69d0383 MISMATCH
[cr] iter 451: kr 0xe00002c2 checksum f748eed8b69d0383 MISMATCH
[cr] iter 452: kr 0xe00002c2 checksum f748eed8b69d0383 MISMATCH
[cr] iter 453: kr 0xe00002c2 checksum f748eed8b69d0383 MISMATCH
[cr] iter 454: kr 0xe00002c2 checksum f748eed8b69d0383 MISMATCH
[cr] iter 455: kr 0xe00002c2 checksum f748eed8b69d0383 MISMATCH
[cr] iter 456: kr 0xe00002c2 checksum f748eed8b69d0383 MISMATCH
[cr] iter 457: kr 0xe00002c2 checksum f748eed8b69d0383 MISMATCH
[cr] iter 458: kr 0xe00002c2 checksum f748eed8b69d0383 MISMATCH
[cr] iter 459: kr 0xe00002c2 checksum f748eed8b69d0383 MISMATCH
[cr] iter 460: kr 0xe00002c2 checksum f748eed8b69d0383 MISMATCH
[cr] iter 461: kr 0xe00002c2 checksum f748eed8b69d0383 MISMATCH
[cr] iter 462: kr 0xe00002c2 checksum f748eed8b69d0383 MISMATCH
[cr] iter 463: kr 0xe00002c2 checksum f748eed8b69d0383 MISMATCH
[cr] iter 464: kr 0xe00002c2 checksum f748eed8b69d0383 MISMATCH
[cr] iter 465: kr 0xe00002c2 checksum f748eed8b69d0383 MISMATCH
[cr] iter 466: kr 0xe00002c2 checksum f748eed8b69d0383 MISMATCH
[cr] iter 467: kr 0xe00002c2 checksum f748eed8b69d0383 MISMATCH
[cr] iter 468: kr 0xe00002c2 checksum f748eed8b69d0383 MISMATCH
[cr] iter 469: kr 0xe00002c2 checksum f748eed8b69d0383 MISMATCH
[cr] iter 470: kr 0xe00002c2 checksum f748eed8b69d0383 MISMATCH
[cr] iter 471: kr 0xe00002c2 checksum f748eed8b69d0383 MISMATCH
[cr] iter 472: kr 0xe00002c2 checksum f748eed8b69d0383 MISMATCH
[cr] iter 473: kr 0xe00002c2 checksum f748eed8b69d0383 MISMATCH
[cr] iter 474: kr 0xe00002c2 checksum f748eed8b69d0383 MISMATCH
[cr] iter 475: kr 0xe00002c2 checksum f748eed8b69d0383 MISMATCH
[cr] iter 476: kr 0xe00002c2 checksum f748eed8b69d0383 MISMATCH
[cr] iter 477: kr 0xe00002c2 checksum f748eed8b69d0383 MISMATCH
[cr] iter 478: kr 0xe00002c2 checksum f748eed8b69d0383 MISMATCH
[cr] iter 479: kr 0xe00002c2 checksum f748eed8b69d0383 MISMATCH
[cr] iter 480: kr 0xe00002c2 checksum f748eed8b69d0383 MISMATCH
[cr] iter 481: kr 0xe00002c2 checksum f748eed8b69d0383 MISMATCH
[cr] iter 482: kr 0xe00002c2 checksum f748eed8b69d0383 MISMATCH
[cr] iter 483: kr 0xe00002c2 checksum f748eed8b69d0383 MISMATCH
[cr] iter 484: kr 0xe00002c2 checksum f748eed8b69d0383 MISMATCH
[cr] iter 485: kr 0xe00002c2 checksum f748eed8b69d0383 MISMATCH
[cr] iter 486: kr 0xe00002c2 checksum f748eed8b69d0383 MISMATCH
[cr] iter 487: kr 0xe00002c2 checksum f748eed8b69d0383 MISMATCH
[cr] iter 488: kr 0xe00002c2 checksum f748eed8b69d0383 MISMATCH
[cr] iter 489: kr 0xe00002c2 checksum f748eed8b69d0383 MISMATCH
[cr] iter 490: kr 0xe00002c2 checksum f748eed8b69d0383 MISMATCH
[cr] iter 491: kr 0xe00002c2 checksum f748eed8b69d0383 MISMATCH
[cr] iter 492: kr 0xe00002c2 checksum f748eed8b69d0383 MISMATCH
[cr] iter 493: kr 0xe00002c2 checksum f748eed8b69d0383 MISMATCH
[cr] iter 494: kr 0xe00002c2 checksum f748eed8b69d0383 MISMATCH
[cr] iter 495: kr 0xe00002c2 checksum f748eed8b69d0383 MISMATCH
[cr] iter 496: kr 0xe00002c2 checksum f748eed8b69d0383 MISMATCH
[cr] iter 497: kr 0xe00002c2 checksum f748eed8b69d0383 MISMATCH
[cr] iter 498: kr 0xe00002c2 checksum f748eed8b69d0383 MISMATCH
[cr] iter 499: kr 0xe00002c2 checksum f748eed8b69d0383 MISMATCH
[cr] iter 500: kr 0xe00002c2 checksum f748eed8b69d0383 MISMATCH
[cr] iter 501: kr 0xe00002c2 checksum f748eed8b69d0383 MISMATCH
[cr] iter 502: kr 0xe00002c2 checksum f748eed8b69d0383 MISMATCH
[cr] iter 503: kr 0xe00002c2 checksum f748eed8b69d0383 MISMATCH
[cr] iter 504: kr 0xe00002c2 checksum f748eed8b69d0383 MISMATCH
[cr] iter 505: kr 0xe00002c2 checksum f748eed8b69d0383 MISMATCH
[cr] iter 506: kr 0xe00002c2 checksum f748eed8b69d0383 MISMATCH
[cr] iter 507: kr 0xe00002c2 checksum f748eed8b69d0383 MISMATCH
[cr] iter 508: kr 0xe00002c2 checksum f748eed8b69d0383 MISMATCH
[cr] iter 509: kr 0xe00002c2 checksum f748eed8b69d0383 MISMATCH
[cr] iter 510: kr 0xe00002c2 checksum f748eed8b69d0383 MISMATCH
[cr] iter 511: kr 0xe00002c2 checksum f748eed8b69d0383 MISMATCH
[cr] iter 512: kr 0xe00002c2 checksum f748eed8b69d0383 MISMATCH
[cr] iter 513: kr 0xe00002c2 checksum f748eed8b69d0383 MISMATCH
[cr] iter 514: kr 0xe00002c2 checksum f748eed8b69d0383 MISMATCH
[cr] iter 515: kr 0xe00002c2 checksum f748eed8b69d0383 MISMATCH
[cr] iter 516: kr 0xe00002c2 checksum f748eed8b69d0383 MISMATCH
[cr] iter 517: kr 0xe00002c2 checksum f748eed8b69d0383 MISMATCH
[cr] iter 518: kr 0xe00002c2 checksum f748eed8b69d0383 MISMATCH
[cr] iter 519: kr 0xe00002c2 checksum f748eed8b69d0383 MISMATCH
[cr] iter 520: kr 0xe00002c2 checksum f748eed8b69d0383 MISMATCH
[cr] iter 521: kr 0xe00002c2 checksum f748eed8b69d0383 MISMATCH
[cr] iter 522: kr 0xe00002c2 checksum f748eed8b69d0383 MISMATCH
[cr] iter 523: kr 0xe00002c2 checksum f748eed8b69d0383 MISMATCH
[cr] iter 524: kr 0xe00002c2 checksum f748eed8b69d0383 MISMATCH
[cr] iter 525: kr 0xe00002c2 checksum f748eed8b69d0383 MISMATCH
[cr] iter 526: kr 0xe00002c2 checksum f748eed8b69d0383 MISMATCH
[cr] iter 527: kr 0xe00002c2 checksum f748eed8b69d0383 MISMATCH
[cr] iter 528: kr 0xe00002c2 checksum f748eed8b69d0383 MISMATCH
[cr] iter 529: kr 0xe00002c2 checksum f748eed8b69d0383 MISMATCH
[cr] iter 530: kr 0xe00002c2 checksum f748eed8b69d0383 MISMATCH
[cr] iter 531: kr 0xe00002c2 checksum f748eed8b69d0383 MISMATCH
[cr] iter 532: kr 0xe00002c2 checksum f748eed8b69d0383 MISMATCH
[cr] iter 533: kr 0xe00002c2 checksum f748eed8b69d0383 MISMATCH
[cr] iter 534: kr 0xe00002c2 checksum f748eed8b69d0383 MISMATCH
[cr] iter 535: kr 0xe00002c2 checksum f748eed8b69d0383 MISMATCH
[cr] iter 536: kr 0xe00002c2 checksum f748eed8b69d0383 MISMATCH
[cr] iter 537: kr 0xe00002c2 checksum f748eed8b69d0383 MISMATCH
[cr] iter 538: kr 0xe00002c2 checksum f748eed8b69d0383 MISMATCH
[cr] iter 539: kr 0xe00002c2 checksum f748eed8b69d0383 MISMATCH
[cr] iter 540: kr 0xe00002c2 checksum f748eed8b69d0383 MISMATCH
[cr] iter 541: kr 0xe00002c2 checksum f748eed8b69d0383 MISMATCH
[cr] iter 542: kr 0xe00002c2 checksum f748eed8b69d0383 MISMATCH
[cr] iter 543: kr 0xe00002c2 checksum f748eed8b69d0383 MISMATCH
[cr] iter 544: kr 0xe00002c2 checksum f748eed8b69d0383 MISMATCH
[cr] iter 545: kr 0xe00002c2 checksum f748eed8b69d0383 MISMATCH
[cr] iter 546: kr 0xe00002c2 checksum f748eed8b69d0383 MISMATCH
[cr] iter 547: kr 0xe00002c2 checksum f748eed8b69d0383 MISMATCH
[cr] iter 548: kr 0xe00002c2 checksum f748eed8b69d0383 MISMATCH
[cr] iter 549: kr 0xe00002c2 checksum f748eed8b69d0383 MISMATCH
[cr] iter 550: kr 0xe00002c2 checksum f748eed8b69d0383 MISMATCH
[cr] iter 551: kr 0xe00002c2 checksum f748eed8b69d0383 MISMATCH
[cr] iter 552: kr 0xe00002c2 checksum f748eed8b69d0383 MISMATCH
[cr] iter 553: kr 0xe00002c2 checksum f748eed8b69d0383 MISMATCH
[cr] iter 554: kr 0xe00002c2 checksum f748eed8b69d0383 MISMATCH
[cr] iter 555: kr 0xe00002c2 checksum f748eed8b69d0383 MISMATCH
[cr] iter 556: kr 0xe00002c2 checksum f748eed8b69d0383 MISMATCH
[cr] iter 557: kr 0xe00002c2 checksum f748eed8b69d0383 MISMATCH
[cr] iter 558: kr 0xe00002c2 checksum f748eed8b69d0383 MISMATCH
[cr] iter 559: kr 0xe00002c2 checksum f748eed8b69d0383 MISMATCH
[cr] iter 560: kr 0xe00002c2 checksum f748eed8b69d0383 MISMATCH
[cr] iter 561: kr 0xe00002c2 checksum f748eed8b69d0383 MISMATCH
[cr] iter 562: kr 0xe00002c2 checksum f748eed8b69d0383 MISMATCH
[cr] iter 563: kr 0xe00002c2 checksum f748eed8b69d0383 MISMATCH
[cr] iter 564: kr 0xe00002c2 checksum f748eed8b69d0383 MISMATCH
[cr] iter 565: kr 0xe00002c2 checksum f748eed8b69d0383 MISMATCH
[cr] iter 566: kr 0xe00002c2 checksum f748eed8b69d0383 MISMATCH
[cr] iter 567: kr 0xe00002c2 checksum f748eed8b69d0383 MISMATCH
[cr] iter 568: kr 0xe00002c2 checksum f748eed8b69d0383 MISMATCH
[cr] iter 569: kr 0xe00002c2 checksum f748eed8b69d0383 MISMATCH
[cr] iter 570: kr 0xe00002c2 checksum f748eed8b69d0383 MISMATCH
[cr] iter 571: kr 0xe00002c2 checksum f748eed8b69d0383 MISMATCH
[cr] iter 572: kr 0xe00002c2 checksum f748eed8b69d0383 MISMATCH
[cr] iter 573: kr 0xe00002c2 checksum f748eed8b69d0383 MISMATCH
[cr] iter 574: kr 0xe00002c2 checksum f748eed8b69d0383 MISMATCH
[cr] iter 575: kr 0xe00002c2 checksum f748eed8b69d0383 MISMATCH
[cr] iter 576: kr 0xe00002c2 checksum f748eed8b69d0383 MISMATCH
[cr] iter 577: kr 0xe00002c2 checksum f748eed8b69d0383 MISMATCH
[cr] iter 578: kr 0xe00002c2 checksum f748eed8b69d0383 MISMATCH
[cr] iter 579: kr 0xe00002c2 checksum f748eed8b69d0383 MISMATCH
[cr] iter 580: kr 0xe00002c2 checksum f748eed8b69d0383 MISMATCH
[cr] iter 581: kr 0xe00002c2 checksum f748eed8b69d0383 MISMATCH
[cr] iter 582: kr 0xe00002c2 checksum f748eed8b69d0383 MISMATCH
[cr] iter 583: kr 0xe00002c2 checksum f748eed8b69d0383 MISMATCH
[cr] iter 584: kr 0xe00002c2 checksum f748eed8b69d0383 MISMATCH
[cr] iter 585: kr 0xe00002c2 checksum f748eed8b69d0383 MISMATCH
[cr] iter 586: kr 0xe00002c2 checksum f748eed8b69d0383 MISMATCH
[cr] iter 587: kr 0xe00002c2 checksum f748eed8b69d0383 MISMATCH
[cr] iter 588: kr 0xe00002c2 checksum f748eed8b69d0383 MISMATCH
[cr] iter 589: kr 0xe00002c2 checksum f748eed8b69d0383 MISMATCH
[cr] iter 590: kr 0xe00002c2 checksum f748eed8b69d0383 MISMATCH
[cr] iter 591: kr 0xe00002c2 checksum f748eed8b69d0383 MISMATCH
[cr] iter 592: kr 0xe00002c2 checksum f748eed8b69d0383 MISMATCH
[cr] iter 593: kr 0xe00002c2 checksum f748eed8b69d0383 MISMATCH
[cr] iter 594: kr 0xe00002c2 checksum f748eed8b69d0383 MISMATCH
[cr] iter 595: kr 0xe00002c2 checksum f748eed8b69d0383 MISMATCH
[cr] iter 596: kr 0xe00002c2 checksum f748eed8b69d0383 MISMATCH
[cr] iter 597: kr 0xe00002c2 checksum f748eed8b69d0383 MISMATCH
[cr] iter 598: kr 0xe00002c2 checksum f748eed8b69d0383 MISMATCH
[cr] iter 599: kr 0xe00002c2 checksum f748eed8b69d0383 MISMATCH
[cr] iter 600: kr 0xe00002c2 checksum f748eed8b69d0383 MISMATCH
[cr] iter 601: kr 0xe00002c2 checksum f748eed8b69d0383 MISMATCH
[cr] iter 602: kr 0xe00002c2 checksum f748eed8b69d0383 MISMATCH
[cr] iter 603: kr 0xe00002c2 checksum f748eed8b69d0383 MISMATCH
[cr] iter 604: kr 0xe00002c2 checksum f748eed8b69d0383 MISMATCH
[cr] iter 605: kr 0xe00002c2 checksum f748eed8b69d0383 MISMATCH
[cr] iter 606: kr 0xe00002c2 checksum f748eed8b69d0383 MISMATCH
App terminated due to signal 15.
