[main] fuzz harness up, mode=all
[main] sandbox note: VCPDRM open is MACF-denied (iokit-open-user-client VCPDRMUserClient); mach-lookup com.apple.sprr / com.apple.jitbox exist but are sandbox-gated (seen in kernel log)
[open] AppleM2ScalerCSCDriver -> conn 0x7003
[scaler] conn 0x7003, s1 282 s2 295
[probe12] SetNotificationPort -> 0x00000000
[mtlr] Metal-format replay: format-B resources + 6-pack segment list
[open] IOGPU -> conn 0x6c03
[open] IOServiceOpen VCPDRMService failed: 0xe00002e2
[open] service VCPDRMServiceUserClient not found
[vcpdrm] no connection, target dead
[mtlr] setup: nq 1 qid 1
[mtlr] resource2 sel8 flags 470 sz 0x10000 -> kr 0x00000000 rid 1 GPUVA 0x10000000000 cpu 104df4000
[mtlr]   out: 0000010000000000 0000000104df4000 0000000104dd40c0 0000000000000000
[mtlr]   out: 0000000100000000 0000000000010000 00000000181878b8 0000000000014436
[mtlr] resource2 sel8 flags 470 sz 0x10000 -> kr 0x00000000 rid 2 GPUVA 0x10000018000 cpu 104e04000
[mtlr]   out: 0000010000018000 0000000104e04000 0000000104dd4180 0000000000000000
[mtlr]   out: 0000000200000000 0000000000010000 00000000181878b9 0000000000014437
[mtlr] resource2 sel8 flags 470 sz 0x20000 -> kr 0x00000000 rid 3 GPUVA 0x10000030000 cpu 104e14000
[mtlr]   out: 0000010000030000 0000000104e14000 0000000104dd4240 0000000000000000
[mtlr]   out: 0000000300000000 0000000000020000 00000000181878ba 0000000000014438
[mtlr] A: rid 1 GPUVA 0x10000000000 cpu 0x104df4000 | B: rid 2 GPUVA 0x10000018000 cpu 0x104e04000 | C: rid 3 GPUVA 0x10000030000 cpu 0x104e14000
[mtlr] space-0x1 check: A 1 B 1 C 1 (hi dword 0x100 expected)
[mtlr] capture-offset check: A==0x1_00000000:1 B==0x1_00018000:1 C==0x1_00030000:1
[mtlr] assets: captured contents loaded
[mig] bootstrap-name phase done; add learned names to cand_names[]
[mtlr] sel12 size 0x4000 type 0 -> kr 0x00000000 va 104df0000 id 1
[mtlr] sel12 size 0x4000 type 1 -> kr 0x00000000 va 104e34000 id 2
[s4] sel12 size 0x4000 -> kr 0x00000000 va 104e38000 id 3
[mtlr] FULL t1 u3 -> kr 0x00000000 outw 00000000 post{17:e00002c2 15:e00002c2/00000000} | B(sampled): nonzero 0, 0x5A 0 (no write)
[mtlr] B[0..15] 00 00 00 00 00 00 00 00 00 00 00 00 00 00 00 00
[mtlr] comp: 0000000000000000 0000000000000000 0000000000000000 0000000000000000 | comp+30: 0000000000000000 0000000000000000
[mtlr] FULL t0 u3 -> kr 0x00000000 outw 00000000 post{17:e00002c2 15:e00002c2/e00002c2} | B(sampled): nonzero 0, 0x5A 0 (no write)
[mtlr] B[0..15] 00 00 00 00 00 00 00 00 00 00 00 00 00 00 00 00
[mtlr] comp: 0000000000000000 0000000000000000 0000000000000000 0000000000000000 | comp+30: 0000000000000000 0000000000000000
[mtlr] FULL t1 u6 -> kr 0x00000000 outw 00000009 post{17:e00002c2 15:e00002c2/e00002c2} | B(sampled): nonzero 0, 0x5A 0 (no write)
[mtlr] B[0..15] 00 00 00 00 00 00 00 00 00 00 00 00 00 00 00 00
[mtlr] comp: 0000000000000000 0000000000000000 0000000000000000 0000000000000000 | comp+30: 0000000000000000 0000000000000000
[mtlr] combo S1 capseg+6pk u3 -> kr 0x00000000 outw 00000000 | B: nonzero 0, pattern(0x41) 0 / 0x10000 (no write)
[mtlr] B[0..15] 00 00 00 00 00 00 00 00 00 00 00 00 00 00 00 00
[mtlr] combo S2 S1+residnop -> kr 0x00000000 outw 0000000a | B: nonzero 0, pattern(0x41) 0 / 0x10000 (no write)
[mtlr] B[0..15] 00 00 00 00 00 00 00 00 00 00 00 00 00 00 00 00
[mtlr] combo S3 S1 cmdtype1 -> kr 0x00000000 outw 00000000 | B: nonzero 0, pattern(0x41) 0 / 0x10000 (no write)
[mtlr] B[0..15] 00 00 00 00 00 00 00 00 00 00 00 00 00 00 00 00
[mtlr] combo S4 S1 uFFFF -> kr 0x00000000 outw 00000009 | B: nonzero 0, pattern(0x41) 0 / 0x10000 (no write)
[mtlr] B[0..15] 00 00 00 00 00 00 00 00 00 00 00 00 00 00 00 00
[mtlr] combo S5 S1 noaux no20 -> kr 0x00000000 outw 00000000 | B: nonzero 0, pattern(0x41) 0 / 0x10000 (no write)
[mtlr] B[0..15] 00 00 00 00 00 00 00 00 00 00 00 00 00 00 00 00
[mtlr] combo S6 handseg u3 -> kr 0x00000000 outw 0000000a | B: nonzero 0, pattern(0x41) 0 / 0x10000 (no write)
[mtlr] B[0..15] 00 00 00 00 00 00 00 00 00 00 00 00 00 00 00 00
[mtlr] combo S7 handseg cmdtype1 bare -> kr 0x00000000 outw 0000000a | B: nonzero 0, pattern(0x41) 0 / 0x10000 (no write)
[mtlr] B[0..15] 00 00 00 00 00 00 00 00 00 00 00 00 00 00 00 00
[mtlr] combo S8 handseg t1 resid uFFFF -> kr 0x00000000 outw 0000000a | B: nonzero 0, pattern(0x41) 0 / 0x10000 (no write)
[mtlr] B[0..15] 00 00 00 00 00 00 00 00 00 00 00 00 00 00 00 00
[mtlr] done (alive)
[v80] GPUVA-correct blit redirect
[open] IOGPU -> conn 0x350f
[gw] flagged resource: kr 0x00000000 rid 1 GPUVA 0x10000000000 (cpuptr 0)
[s4] sel12 size 0x4000 -> kr 0x00000000 va 104e98000 id 1
[s4] sel12 size 0x4000 -> kr 0x00000000 va 104ea0000 id 2
[gw] submit GPUVA 0x10000000000 -> kr 0x00000000 outw 00000000
[gw] *** target 0x5A bytes: 0 / 0x10000 (no write)
[v80] done (alive)
[v79] isolated kill-shot loop (watch screen!)
[open] AppleM2ScalerCSCDriver -> conn 0x2b13
[ks] shot 0 -> kr 0xe00002d6
[ks] shot 1 -> kr 0xe00002d6
[ks] shot 2 -> kr 0xe00002d6
[ks] shot 3 -> kr 0xe00002d6
