[main] fuzz harness up, mode=scaler
[main] sandbox note: VCPDRM open is MACF-denied (iokit-open-user-client VCPDRMUserClient); mach-lookup com.apple.sprr / com.apple.jitbox exist but are sandbox-gated (seen in kernel log)
[open] AppleM2ScalerCSCDriver -> conn 0x6503
[scaler] conn 0x6503, s1 22 s2 23
[probe12] SetNotificationPort -> 0x00000000
[lm] v110 part B
[lm] B: sel6 sid 24 (kr 0x00000000)
[lm] B sel9 dict{id-key=id} blob 72 bytes -> kr 0xe00002c2
[lm] B sel9 trunc -4 ...
[lm] B sel9 trunc -4 -> kr 0xe00002c2
[lm] B sel9 trunc -8 ...
[lm] B sel9 trunc -8 -> kr 0xe00002c2
[lm] B sel9 trunc -12 ...
[lm] B sel9 trunc -12 -> kr 0xe00002c2
[lm] B sel9 trunc -16 ...
[lm] B sel9 trunc -16 -> kr 0xe00002c2
[lm] B sel9 trunc -20 ...
[lm] B sel9 trunc -20 -> kr 0xe00002c2
[lm] B sel9 trunc -24 ...
[lm] B sel9 trunc -24 -> kr 0xe00002c2
[lm] B sel9 flip byte4 bit0 ...
[lm] B sel9 flip bit0 -> kr 0xe00002c2
[lm] B sel9 flip byte4 bit1 ...
[lm] B sel9 flip bit1 -> kr 0xe00002c2
[lm] B sel9 flip byte4 bit2 ...
[lm] B sel9 flip bit2 -> kr 0xe00002c2
[lm] B sel9 flip byte4 bit3 ...
[lm] B sel9 flip bit3 -> kr 0xe00002c2
[lm] B sel9 flip byte4 bit4 ...
[lm] B sel9 flip bit4 -> kr 0xe00002c2
[lm] B sel9 flip byte4 bit5 ...
[lm] B sel9 flip bit5 -> kr 0xe00002c2
[lm] B sel9 flip byte4 bit6 ...
[lm] B sel9 flip bit6 -> kr 0xe00002c2
[lm] B sel9 flip byte4 bit7 ...
[lm] B sel9 flip bit7 -> kr 0xe00002c2
[lm] B sel9 dict{id-key=surfaceID} blob 80 bytes -> kr 0xe00002c2
[lm] B sel9 trunc -4 ...
[lm] B sel9 trunc -4 -> kr 0xe00002c2
[lm] B sel9 trunc -8 ...
[lm] B sel9 trunc -8 -> kr 0xe00002c2
[lm] B sel9 trunc -12 ...
[lm] B sel9 trunc -12 -> kr 0xe00002c2
[lm] B sel9 trunc -16 ...
[lm] B sel9 trunc -16 -> kr 0xe00002c2
[lm] B sel9 trunc -20 ...
[lm] B sel9 trunc -20 -> kr 0xe00002c2
[lm] B sel9 trunc -24 ...
[lm] B sel9 trunc -24 -> kr 0xe00002c2
[lm] B sel9 flip byte4 bit0 ...
[lm] B sel9 flip bit0 -> kr 0xe00002c2
[lm] B sel9 flip byte4 bit1 ...
[lm] B sel9 flip bit1 -> kr 0xe00002c2
[lm] B sel9 flip byte4 bit2 ...
[lm] B sel9 flip bit2 -> kr 0xe00002c2
[lm] B sel9 flip byte4 bit3 ...
[lm] B sel9 flip bit3 -> kr 0xe00002c2
[lm] B sel9 flip byte4 bit4 ...
[lm] B sel9 flip bit4 -> kr 0xe00002c2
[lm] B sel9 flip byte4 bit5 ...
[lm] B sel9 flip bit5 -> kr 0xe00002c2
[lm] B sel9 flip byte4 bit6 ...
[lm] B sel9 flip bit6 -> kr 0xe00002c2
[lm] B sel9 flip byte4 bit7 ...
[lm] B sel9 flip bit7 -> kr 0xe00002c2
[lm] B sel9 dict{id-key=IOSurfaceID} blob 80 bytes -> kr 0xe00002c2
[lm] B sel9 trunc -4 ...
[lm] B sel9 trunc -4 -> kr 0xe00002c2
[lm] B sel9 trunc -8 ...
[lm] B sel9 trunc -8 -> kr 0xe00002c2
[lm] B sel9 trunc -12 ...
[lm] B sel9 trunc -12 -> kr 0xe00002c2
[lm] B sel9 trunc -16 ...
[lm] B sel9 trunc -16 -> kr 0xe00002c2
[lm] B sel9 trunc -20 ...
[lm] B sel9 trunc -20 -> kr 0xe00002c2
[lm] B sel9 trunc -24 ...
[lm] B sel9 trunc -24 -> kr 0xe00002c2
[lm] B sel9 flip byte4 bit0 ...
[lm] B sel9 flip bit0 -> kr 0xe00002c2
[lm] B sel9 flip byte4 bit1 ...
[lm] B sel9 flip bit1 -> kr 0xe00002c2
[lm] B sel9 flip byte4 bit2 ...
[lm] B sel9 flip bit2 -> kr 0xe00002c2
[lm] B sel9 flip byte4 bit3 ...
[lm] B sel9 flip bit3 -> kr 0xe00002c2
[lm] B sel9 flip byte4 bit4 ...
[lm] B sel9 flip bit4 -> kr 0xe00002c2
[lm] B sel9 flip byte4 bit5 ...
[lm] B sel9 flip bit5 -> kr 0xe00002c2
[lm] B sel9 flip byte4 bit6 ...
[lm] B sel9 flip bit6 -> kr 0xe00002c2
[lm] B sel9 flip byte4 bit7 ...
[lm] B sel9 flip bit7 -> kr 0xe00002c2
[lm] B sel27 frame cnt@0=1 sid@+4 -> kr 0xe00002c2
[lm] B sel27 frame cnt@0=1 sid@+8 -> kr 0xe00002c2
[lm] B sel27 frame cnt@0=1 sid@+12 -> kr 0xe00002c2
[lm] B sel27 frame cnt@0=1 sid@+16 -> kr 0xe00002c2
[lm] B sel27 frame cnt@0=1 sid@+24 -> kr 0xe00002c2
[lm] B done (alive)
[probe13] lastmile-only mode, stop
