[main] fuzz harness up, mode=scaler
[main] sandbox note: VCPDRM open is MACF-denied (iokit-open-user-client VCPDRMUserClient); mach-lookup com.apple.sprr / com.apple.jitbox exist but are sandbox-gated (seen in kernel log)
[open] AppleM2ScalerCSCDriver -> conn 0x6303
[scaler] conn 0x6303, s1 296 s2 297
[probe12] SetNotificationPort -> 0x00000000
[mtlr2] v84 matrix: {nq entrySize} x {trap entrySize}, capture-faithful
[open] IOGPU -> conn 0x6603
[mtlr2] sel14 {0x100, 0x10} -> kr 0x00000000 nqVA 1042ac000 nqid 1 osz 0x10
[mtlr2] queue: kr 0x00000000 qid 1 bind 0x00000000 notifport 0x00000000 proc 'fuzz27'
[mtlr] resource2 sel8 flags 470 sz 0x10000 -> kr 0x00000000 rid 1 GPUVA 0x10000000000 cpu 1042b8000
[mtlr]   out: 0000010000000000 00000001042b8000 00000001042980c0 0000000000000000
[mtlr]   out: 0000000100000000 0000000000010000 000000001819abfd 000000000001615f
[mtlr] resource2 sel8 flags 470 sz 0x10000 -> kr 0x00000000 rid 2 GPUVA 0x10000018000 cpu 1042c8000
[mtlr]   out: 0000010000018000 00000001042c8000 0000000104298180 0000000000000000
[mtlr]   out: 0000000200000000 0000000000010000 000000001819abfe 0000000000016160
[mtlr] resource2 sel8 flags 470 sz 0x20000 -> kr 0x00000000 rid 3 GPUVA 0x10000030000 cpu 1042d8000
[mtlr]   out: 0000010000030000 00000001042d8000 0000000104298240 0000000000000000
[mtlr]   out: 0000000300000000 0000000000020000 000000001819abff 0000000000016161
[mtlr2] GPUVA A 10000000000 B 10000018000 C 10000030000 (capture match 1/1/1)
[mtlr] sel12 size 0x4000 type 0 -> kr 0x00000000 va 1042b4000 id 1
[mtlr] sel12 size 0x4000 type 1 -> kr 0x00000000 va 1042f8000 id 2
[mtlr2] seg hdr: 0000000000000000 0000000000000000 0000000000000000 0000000000000000
[mtlr2]          0000000000000000 0000000000000000 0000000000000000 0000000000000000
[mtlr2] cmd hdr: 0000000000000000 0000000000000000 0000000000000000 0000000000000000
[mtlr2]          0000000000000000 0000000000000000 0000000000000000 0000000000000000
[mtlr2] nq base: 0000000000001414 0000000000000000 0000000000000000 0000000000000000
[mtlr2] nq10/trap30 -> kr 0x00000000 outU32 00000000 | rec off 0 status 0x37451d5e | B(sampled) nz 0 5A 0 
[mtlr2]   rec@0: 0000000000001414 000000280000002c 0000000104300000 0000114f37451d5e
[mtlr2]   nq+000: 14 14 00 00 00 00 00 00 58 00 00 00 28 00 00 00
[mtlr2]   nq+010: 00 00 30 04 01 00 00 00 5e 1d 45 37 4f 11 00 00
[mtlr2]   nq+020: f2 fc 76 37 4f 11 00 00 00 00 00 00 00 00 00 00
[mtlr2]   nq+030: 00 00 00 00 00 00 00 00 28 00 00 00 30 00 30 04
[mtlr2]   nq+040: 01 00 00 00 b0 00 77 37 4f 11 00 00 44 e9 94 37
[mtlr2]   nq+050: 4f 11 00 00 05 00 00 00 00 00 00 00 00 00 00 00
[mtlr2]   nq+060: 00 00 00 00 00 00 00 00 00 00 00 00 00 00 00 00
[mtlr2]   nq+070: 00 00 00 00 00 00 00 00 00 00 00 00 00 00 00 00
[mtlr2]   nq+080: 00 00 00 00 00 00 00 00 00 00 00 00 00 00 00 00
[mtlr2]   nq+090: 00 00 00 00 00 00 00 00 00 00 00 00 00 00 00 00
[mtlr2]   nq+0a0: 00 00 00 00 00 00 00 00 00 00 00 00 00 00 00 00
[mtlr2]   nq+0b0: 00 00 00 00 00 00 00 00 00 00 00 00 00 00 00 00
[mtlr2]   nq+0c0: 00 00 00 00 00 00 00 00 00 00 00 00 00 00 00 00
[mtlr2]   nq+0d0: 00 00 00 00 00 00 00 00 00 00 00 00 00 00 00 00
[mtlr2]   nq+0e0: 00 00 00 00 00 00 00 00 00 00 00 00 00 00 00 00
[mtlr2]   nq+0f0: 00 00 00 00 00 00 00 00 00 00 00 00 00 00 00 00
[mtlr2]   comp: 0000000000000000 0000000000000000 | comp+30: 0000000000000000 0000000000000000 | outw[1] 00000000
[mtlr2] nq10/trap40 -> kr 0x00000000 outU32 00000000 | rec off 0 status 0x37451d5e | B(sampled) nz 0 5A 0 
[mtlr2]   rec@0: 0000000000001414 0000002800000084 0000000104300000 0000114f37451d5e
[mtlr2]   nq+000: 14 14 00 00 00 00 00 00 b0 00 00 00 28 00 00 00
[mtlr2]   nq+010: 00 00 30 04 01 00 00 00 5e 1d 45 37 4f 11 00 00
[mtlr2]   nq+020: f2 fc 76 37 4f 11 00 00 00 00 00 00 00 00 00 00
[mtlr2]   nq+030: 00 00 00 00 00 00 00 00 28 00 00 00 30 00 30 04
[mtlr2]   nq+040: 01 00 00 00 b0 00 77 37 4f 11 00 00 44 e9 94 37
[mtlr2]   nq+050: 4f 11 00 00 05 00 00 00 00 00 00 00 00 00 00 00
[mtlr2]   nq+060: 00 00 00 00 28 00 00 00 00 00 30 04 01 00 00 00
[mtlr2]   nq+070: dc 19 ea 37 4f 11 00 00 26 de ea 37 4f 11 00 00
[mtlr2]   nq+080: 00 00 00 00 00 00 00 00 00 00 00 00 00 00 00 00
[mtlr2]   nq+090: 28 00 00 00 30 00 30 04 01 00 00 00 43 e0 ea 37
[mtlr2]   nq+0a0: 4f 11 00 00 49 98 0d 38 4f 11 00 00 05 00 00 00
[mtlr2]   nq+0b0: 00 00 00 00 00 00 00 00 00 00 00 00 00 00 00 00
[mtlr2]   nq+0c0: 00 00 00 00 00 00 00 00 00 00 00 00 00 00 00 00
[mtlr2]   nq+0d0: 00 00 00 00 00 00 00 00 00 00 00 00 00 00 00 00
[mtlr2]   nq+0e0: 00 00 00 00 00 00 00 00 00 00 00 00 00 00 00 00
[mtlr2]   nq+0f0: 00 00 00 00 00 00 00 00 00 00 00 00 00 00 00 00
[mtlr2]   comp: 0000000000000000 0000000000000000 | comp+30: 0000000000000000 0000000000000000 | outw[1] 00000000
[open] IOGPU -> conn 0x770b
[mtlr2] sel14 {0x100, 0x28} -> kr 0x00000000 nqVA 104534000 nqid 1 osz 0x10
[mtlr2] queue: kr 0x00000000 qid 1 bind 0x00000000 notifport 0x00000000 proc 'fuzz27'
[mtlr] resource2 sel8 flags 470 sz 0x10000 -> kr 0x00000000 rid 1 GPUVA 0x10000000000 cpu 104540000
[mtlr]   out: 0000010000000000 0000000104540000 00000001045200c0 0000000000000000
[mtlr]   out: 0000000100000000 0000000000010000 000000001819ac4e 000000000001618e
[mtlr] resource2 sel8 flags 470 sz 0x10000 -> kr 0x00000000 rid 2 GPUVA 0x10000018000 cpu 104910000
[mtlr]   out: 0000010000018000 0000000104910000 0000000104520180 0000000000000000
[mtlr]   out: 0000000200000000 0000000000010000 000000001819ac4f 000000000001618f
[mtlr] resource2 sel8 flags 470 sz 0x20000 -> kr 0x00000000 rid 3 GPUVA 0x10000030000 cpu 104920000
[mtlr]   out: 0000010000030000 0000000104920000 0000000104520240 0000000000000000
[mtlr]   out: 0000000300000000 0000000000020000 000000001819ac50 0000000000016190
[mtlr2] GPUVA A 10000000000 B 10000018000 C 10000030000 (capture match 1/1/1)
[mtlr] sel12 size 0x4000 type 0 -> kr 0x00000000 va 10453c000 id 1
[mtlr] sel12 size 0x4000 type 1 -> kr 0x00000000 va 104940000 id 2
[mtlr2] seg hdr: 0000000000000000 0000000000000000 0000000000000000 0000000000000000
[mtlr2]          0000000000000000 0000000000000000 0000000000000000 0000000000000000
[mtlr2] cmd hdr: 0000000000000000 0000000000000000 0000000000000000 0000000000000000
[mtlr2]          0000000000000000 0000000000000000 0000000000000000 0000000000000000
[mtlr2] nq base: 0000000000002c2c 0000000000000000 0000000000000000 0000000000000000
[mtlr2] nq28/trap30 -> kr 0x00000000 outU32 00000000 | rec off 0 status 0x385b36ba | B(sampled) nz 0 5A 0 
[mtlr2]   rec@0: 0000000000002c2c 000000280000002c 0000000104948000 0000114f385b36ba
[mtlr2]   nq+000: 2c 2c 00 00 00 00 00 00 58 00 00 00 28 00 00 00
[mtlr2]   nq+010: 00 80 94 04 01 00 00 00 ba 36 5b 38 4f 11 00 00
[mtlr2]   nq+020: 15 b9 7f 38 4f 11 00 00 00 00 00 00 00 00 00 00
[mtlr2]   nq+030: 00 00 00 00 00 00 00 00 28 00 00 00 30 80 94 04
[mtlr2]   nq+040: 01 00 00 00 03 bc 7f 38 4f 11 00 00 c9 d4 9e 38
[mtlr2]   nq+050: 4f 11 00 00 05 00 00 00 00 00 00 00 00 00 00 00
[mtlr2]   nq+060: 00 00 00 00 00 00 00 00 00 00 00 00 00 00 00 00
[mtlr2]   nq+070: 00 00 00 00 00 00 00 00 00 00 00 00 00 00 00 00
[mtlr2]   nq+080: 00 00 00 00 00 00 00 00 00 00 00 00 00 00 00 00
[mtlr2]   nq+090: 00 00 00 00 00 00 00 00 00 00 00 00 00 00 00 00
[mtlr2]   nq+0a0: 00 00 00 00 00 00 00 00 00 00 00 00 00 00 00 00
[mtlr2]   nq+0b0: 00 00 00 00 00 00 00 00 00 00 00 00 00 00 00 00
[mtlr2]   nq+0c0: 00 00 00 00 00 00 00 00 00 00 00 00 00 00 00 00
[mtlr2]   nq+0d0: 00 00 00 00 00 00 00 00 00 00 00 00 00 00 00 00
[mtlr2]   nq+0e0: 00 00 00 00 00 00 00 00 00 00 00 00 00 00 00 00
[mtlr2]   nq+0f0: 00 00 00 00 00 00 00 00 00 00 00 00 00 00 00 00
[mtlr2]   comp: 0000000000000000 0000000000000000 | comp+30: 0000000000000000 0000000000000000 | outw[1] 00000000
[mtlr2] nq28/trap40 -> kr 0x00000000 outU32 00000000 | rec off 0 status 0x385b36ba | B(sampled) nz 0 5A 0 
[mtlr2]   rec@0: 0000000000002c2c 0000002800000084 0000000104948000 0000114f385b36ba
[mtlr2]   nq+000: 2c 2c 00 00 00 00 00 00 b0 00 00 00 28 00 00 00
[mtlr2]   nq+010: 00 80 94 04 01 00 00 00 ba 36 5b 38 4f 11 00 00
[mtlr2]   nq+020: 15 b9 7f 38 4f 11 00 00 00 00 00 00 00 00 00 00
[mtlr2]   nq+030: 00 00 00 00 00 00 00 00 28 00 00 00 30 80 94 04
[mtlr2]   nq+040: 01 00 00 00 03 bc 7f 38 4f 11 00 00 c9 d4 9e 38
[mtlr2]   nq+050: 4f 11 00 00 05 00 00 00 00 00 00 00 00 00 00 00
[mtlr2]   nq+060: 00 00 00 00 28 00 00 00 00 80 94 04 01 00 00 00
[mtlr2]   nq+070: 0b 96 e4 38 4f 11 00 00 a2 e5 e4 38 4f 11 00 00
[mtlr2]   nq+080: 00 00 00 00 00 00 00 00 00 00 00 00 00 00 00 00
[mtlr2]   nq+090: 28 00 00 00 30 80 94 04 01 00 00 00 73 e6 e4 38
[mtlr2]   nq+0a0: 4f 11 00 00 6e d5 0c 39 4f 11 00 00 05 00 00 00
[mtlr2]   nq+0b0: 00 00 00 00 00 00 00 00 00 00 00 00 00 00 00 00
[mtlr2]   nq+0c0: 00 00 00 00 00 00 00 00 00 00 00 00 00 00 00 00
[mtlr2]   nq+0d0: 00 00 00 00 00 00 00 00 00 00 00 00 00 00 00 00
[mtlr2]   nq+0e0: 00 00 00 00 00 00 00 00 00 00 00 00 00 00 00 00
[mtlr2]   nq+0f0: 00 00 00 00 00 00 00 00 00 00 00 00 00 00 00 00
[mtlr2]   comp: 0000000000000000 0000000000000000 | comp+30: 0000000000000000 0000000000000000 | outw[1] 00000000
[mtlr2] done (alive)
[probe13] mtlr-only mode, stop
