[main] fuzz harness up, mode=all
[main] sandbox note: VCPDRM open is MACF-denied (iokit-open-user-client VCPDRMUserClient); mach-lookup com.apple.sprr / com.apple.jitbox exist but are sandbox-gated (seen in kernel log)
[open] AppleM2ScalerCSCDriver -> conn 0x790f
[scaler] conn 0x790f, s1 13 s2 77
[probe12] SetNotificationPort -> 0x00000000
[ptspray] v149 PT/GART-page reclaim: 3 rounds, 24 reclaimers x 0x400000
[open] IOServiceOpen VCPDRMService failed: 0xe00002e2
[open] service VCPDRMServiceUserClient not found
[vcpdrm] no connection, target dead
[mig] bootstrap-name phase done; add learned names to cand_names[]
[mtlr] resource2 sel8 flags 470 sz 0x400000 -> kr 0x00000000 rid 21 GPUVA 0x10000080000 cpu 10b950000
[mtlr]   out: 0000010000080000 000000010b950000 0000000102d74fc0 0000000000000000
[mtlr]   out: 0000001500000000 0000000000400000 000000023712f119 00000000003667f5
[mtlr] resource2 sel8 flags 470 sz 0x1000 -> kr 0x00000000 rid 22 GPUVA 0x10000488000 cpu 102e04000
[mtlr]   out: 0000010000488000 0000000102e04000 0000000102d75080 0000000000000000
[mtlr]   out: 0000001600000000 0000000000004000 000000023712f11a 00000000003667f6
[mtlr] resource2 sel8 flags 470 sz 0x1000 -> kr 0x00000000 rid 23 GPUVA 0x10000490000 cpu 102e08000
[mtlr]   out: 0000010000490000 0000000102e08000 0000000102d75140 0000000000000000
[mtlr]   out: 0000001700000000 0000000000004000 000000023712f11b 00000000003667f7
[mtlr] resource2 sel8 flags 470 sz 0x1000 -> kr 0x00000000 rid 24 GPUVA 0x10000498000 cpu 102e0c000
[mtlr]   out: 0000010000498000 0000000102e0c000 0000000102d75200 0000000000000000
[mtlr]   out: 0000001800000000 0000000000004000 000000023712f11c 00000000003667f8
[mtlr] resource2 sel8 flags 470 sz 0x1000 -> kr 0x00000000 rid 25 GPUVA 0x100004a0000 cpu 102e10000
[mtlr]   out: 00000100004a0000 0000000102e10000 0000000102d752c0 0000000000000000
[mtlr]   out: 0000001900000000 0000000000004000 000000023712f11d 00000000003667f9
[mtlr] resource2 sel8 flags 470 sz 0x1000 -> kr 0x00000000 rid 26 GPUVA 0x100004a8000 cpu 102e14000
[mtlr]   out: 00000100004a8000 0000000102e14000 0000000102d75380 0000000000000000
[mtlr]   out: 0000001a00000000 0000000000004000 000000023712f11e 00000000003667fa
[mtlr] resource2 sel8 flags 470 sz 0x1000 -> kr 0x00000000 rid 27 GPUVA 0x100004b0000 cpu 102e18000
[mtlr]   out: 00000100004b0000 0000000102e18000 0000000102d75440 0000000000000000
[mtlr]   out: 0000001b00000000 0000000000004000 000000023712f11f 00000000003667fb
[mtlr] resource2 sel8 flags 470 sz 0x1000 -> kr 0x00000000 rid 28 GPUVA 0x100004b8000 cpu 102e1c000
[mtlr]   out: 00000100004b8000 0000000102e1c000 0000000102d75500 0000000000000000
[mtlr]   out: 0000001c00000000 0000000000004000 000000023712f120 00000000003667fc
[mtlr] resource2 sel8 flags 470 sz 0x1000 -> kr 0x00000000 rid 29 GPUVA 0x100004c0000 cpu 102e20000
[mtlr]   out: 00000100004c0000 0000000102e20000 0000000102d755c0 0000000000000000
[mtlr]   out: 0000001d00000000 0000000000004000 000000023712f121 00000000003667fd
[mtlr] resource2 sel8 flags 470 sz 0x1000 -> kr 0x00000000 rid 30 GPUVA 0x100004c8000 cpu 102e24000
[mtlr]   out: 00000100004c8000 0000000102e24000 0000000102d75680 0000000000000000
[mtlr]   out: 0000001e00000000 0000000000004000 000000023712f122 00000000003667fe
[mtlr] resource2 sel8 flags 470 sz 0x1000 -> kr 0x00000000 rid 31 GPUVA 0x100004d0000 cpu 102e28000
[mtlr]   out: 00000100004d0000 0000000102e28000 0000000102d75740 0000000000000000
[mtlr]   out: 0000001f00000000 0000000000004000 000000023712f123 00000000003667ff
[mtlr] resource2 sel8 flags 470 sz 0x1000 -> kr 0x00000000 rid 32 GPUVA 0x100004d8000 cpu 102e2c000
[mtlr]   out: 00000100004d8000 0000000102e2c000 0000000102d75800 0000000000000000
[mtlr]   out: 0000002000000000 0000000000004000 000000023712f124 0000000000366800
[mtlr] resource2 sel8 flags 470 sz 0x1000 -> kr 0x00000000 rid 33 GPUVA 0x100004e0000 cpu 102e30000
[mtlr]   out: 00000100004e0000 0000000102e30000 0000000102d758c0 0000000000000000
[mtlr]   out: 0000002100000000 0000000000004000 000000023712f125 0000000000366801
[mtlr] resource2 sel8 flags 470 sz 0x1000 -> kr 0x00000000 rid 34 GPUVA 0x100004e8000 cpu 102e34000
[mtlr]   out: 00000100004e8000 0000000102e34000 0000000102d75980 0000000000000000
[mtlr]   out: 0000002200000000 0000000000004000 000000023712f126 0000000000366802
[mtlr] resource2 sel8 flags 470 sz 0x1000 -> kr 0x00000000 rid 35 GPUVA 0x100004f0000 cpu 102e38000
[mtlr]   out: 00000100004f0000 0000000102e38000 0000000102d75a40 0000000000000000
[mtlr]   out: 0000002300000000 0000000000004000 000000023712f127 0000000000366803
[mtlr] resource2 sel8 flags 470 sz 0x1000 -> kr 0x00000000 rid 36 GPUVA 0x100004f8000 cpu 102e3c000
[mtlr]   out: 00000100004f8000 0000000102e3c000 0000000102d75b00 0000000000000000
[mtlr]   out: 0000002400000000 0000000000004000 000000023712f128 0000000000366804
[mtlr] resource2 sel8 flags 470 sz 0x1000 -> kr 0x00000000 rid 37 GPUVA 0x10000500000 cpu 102e40000
[mtlr]   out: 0000010000500000 0000000102e40000 0000000102d75bc0 0000000000000000
[mtlr]   out: 0000002500000000 0000000000004000 000000023712f129 0000000000366805
[mtlr] resource2 sel8 flags 470 sz 0x1000 -> kr 0x00000000 rid 38 GPUVA 0x10000508000 cpu 102e44000
[mtlr]   out: 0000010000508000 0000000102e44000 0000000102d75c80 0000000000000000
[mtlr]   out: 0000002600000000 0000000000004000 000000023712f12a 0000000000366806
[mtlr] resource2 sel8 flags 470 sz 0x1000 -> kr 0x00000000 rid 39 GPUVA 0x10000510000 cpu 102e48000
[mtlr]   out: 0000010000510000 0000000102e48000 0000000102d75d40 0000000000000000
[mtlr]   out: 0000002700000000 0000000000004000 000000023712f12b 0000000000366807
[mtlr] resource2 sel8 flags 470 sz 0x1000 -> kr 0x00000000 rid 40 GPUVA 0x10000518000 cpu 102e4c000
[mtlr]   out: 0000010000518000 0000000102e4c000 0000000102d75e00 0000000000000000
[mtlr]   out: 0000002800000000 0000000000004000 000000023712f12c 0000000000366808
[mtlr] resource2 sel8 flags 470 sz 0x1000 -> kr 0x00000000 rid 41 GPUVA 0x10000520000 cpu 102e50000
[mtlr]   out: 0000010000520000 0000000102e50000 0000000102d75ec0 0000000000000000
[mtlr]   out: 0000002900000000 0000000000004000 000000023712f12d 0000000000366809
[mtlr] resource2 sel8 flags 470 sz 0x1000 -> kr 0x00000000 rid 42 GPUVA 0x10000528000 cpu 102e54000
[mtlr]   out: 0000010000528000 0000000102e54000 0000000102d75f80 0000000000000000
[mtlr]   out: 0000002a00000000 0000000000004000 000000023712f12e 000000000036680a
[mtlr] resource2 sel8 flags 470 sz 0x1000 -> kr 0x00000000 rid 43 GPUVA 0x10000530000 cpu 102e58000
[mtlr]   out: 0000010000530000 0000000102e58000 0000000102d76040 0000000000000000
[mtlr]   out: 0000002b00000000 0000000000004000 000000023712f131 000000000036680b
[mtlr] resource2 sel8 flags 470 sz 0x1000 -> kr 0x00000000 rid 44 GPUVA 0x10000538000 cpu 102e5c000
[mtlr]   out: 0000010000538000 0000000102e5c000 0000000102d76100 0000000000000000
[mtlr]   out: 0000002c00000000 0000000000004000 000000023712f132 000000000036680c
[mtlr] resource2 sel8 flags 470 sz 0x1000 -> kr 0x00000000 rid 45 GPUVA 0x10000540000 cpu 102e60000
[mtlr]   out: 0000010000540000 0000000102e60000 0000000102d761c0 0000000000000000
[mtlr]   out: 0000002d00000000 0000000000004000 000000023712f133 000000000036680d
[mtlr] resource2 sel8 flags 470 sz 0x1000 -> kr 0x00000000 rid 46 GPUVA 0x10000548000 cpu 102e64000
[mtlr]   out: 0000010000548000 0000000102e64000 0000000102d76280 0000000000000000
[mtlr]   out: 0000002e00000000 0000000000004000 000000023712f134 000000000036680e
[mtlr] resource2 sel8 flags 470 sz 0x1000 -> kr 0x00000000 rid 47 GPUVA 0x10000550000 cpu 102e68000
[mtlr]   out: 0000010000550000 0000000102e68000 0000000102d76340 0000000000000000
[mtlr]   out: 0000002f00000000 0000000000004000 000000023712f135 000000000036680f
[mtlr] resource2 sel8 flags 470 sz 0x1000 -> kr 0x00000000 rid 48 GPUVA 0x10000558000 cpu 102e6c000
[mtlr]   out: 0000010000558000 0000000102e6c000 0000000102d76400 0000000000000000
[mtlr]   out: 0000003000000000 0000000000004000 000000023712f136 0000000000366810
[mtlr] resource2 sel8 flags 470 sz 0x1000 -> kr 0x00000000 rid 49 GPUVA 0x10000560000 cpu 102e70000
[mtlr]   out: 0000010000560000 0000000102e70000 0000000102d764c0 0000000000000000
[mtlr]   out: 0000003100000000 0000000000004000 000000023712f137 0000000000366811
[mtlr] resource2 sel8 flags 470 sz 0x1000 -> kr 0x00000000 rid 50 GPUVA 0x10000568000 cpu 102e74000
[mtlr]   out: 0000010000568000 0000000102e74000 0000000102d76580 0000000000000000
[mtlr]   out: 0000003200000000 0000000000004000 000000023712f13a 0000000000366812
[mtlr] resource2 sel8 flags 470 sz 0x1000 -> kr 0x00000000 rid 51 GPUVA 0x10000570000 cpu 102e78000
[mtlr]   out: 0000010000570000 0000000102e78000 0000000102d76640 0000000000000000
[mtlr]   out: 0000003300000000 0000000000004000 000000023712f13b 0000000000366813
[mtlr] resource2 sel8 flags 470 sz 0x1000 -> kr 0x00000000 rid 52 GPUVA 0x10000578000 cpu 102e7c000
[mtlr]   out: 0000010000578000 0000000102e7c000 0000000102d76700 0000000000000000
[mtlr]   out: 0000003400000000 0000000000004000 000000023712f13c 0000000000366814
[mtlr] resource2 sel8 flags 470 sz 0x1000 -> kr 0x00000000 rid 53 GPUVA 0x10000580000 cpu 102e80000
[mtlr]   out: 0000010000580000 0000000102e80000 0000000102d767c0 0000000000000000
[mtlr]   out: 0000003500000000 0000000000004000 000000023712f13d 0000000000366815
[mtlr] resource2 sel8 flags 470 sz 0x1000 -> kr 0x00000000 rid 54 GPUVA 0x10000588000 cpu 102e84000
[mtlr]   out: 0000010000588000 0000000102e84000 0000000102d76880 0000000000000000
[mtlr]   out: 0000003600000000 0000000000004000 000000023712f13e 0000000000366816
[mtlr] resource2 sel8 flags 470 sz 0x1000 -> kr 0x00000000 rid 55 GPUVA 0x10000590000 cpu 102e88000
[mtlr]   out: 0000010000590000 0000000102e88000 0000000102d76940 0000000000000000
[mtlr]   out: 0000003700000000 0000000000004000 000000023712f13f 0000000000366817
[mtlr] resource2 sel8 flags 470 sz 0x1000 -> kr 0x00000000 rid 56 GPUVA 0x10000598000 cpu 102e8c000
[mtlr]   out: 0000010000598000 0000000102e8c000 0000000102d76a00 0000000000000000
[mtlr]   out: 0000003800000000 0000000000004000 000000023712f140 0000000000366818
[mtlr] resource2 sel8 flags 470 sz 0x1000 -> kr 0x00000000 rid 57 GPUVA 0x100005a0000 cpu 102e90000
[mtlr]   out: 00000100005a0000 0000000102e90000 0000000102d76ac0 0000000000000000
[mtlr]   out: 0000003900000000 0000000000004000 000000023712f141 0000000000366819
[mtlr] resource2 sel8 flags 470 sz 0x1000 -> kr 0x00000000 rid 58 GPUVA 0x100005a8000 cpu 102e94000
[mtlr]   out: 00000100005a8000 0000000102e94000 0000000102d76b80 0000000000000000
[mtlr]   out: 0000003a00000000 0000000000004000 000000023712f142 000000000036681a
[mtlr] resource2 sel8 flags 470 sz 0x1000 -> kr 0x00000000 rid 59 GPUVA 0x100005b0000 cpu 102e98000
[mtlr]   out: 00000100005b0000 0000000102e98000 0000000102d76c40 0000000000000000
[mtlr]   out: 0000003b00000000 0000000000004000 000000023712f143 000000000036681b
[mtlr] resource2 sel8 flags 470 sz 0x1000 -> kr 0x00000000 rid 60 GPUVA 0x100005b8000 cpu 102e9c000
[mtlr]   out: 00000100005b8000 0000000102e9c000 0000000102d76d00 0000000000000000
[mtlr]   out: 0000003c00000000 0000000000004000 000000023712f144 000000000036681c
[mtlr] resource2 sel8 flags 470 sz 0x1000 -> kr 0x00000000 rid 61 GPUVA 0x100005c0000 cpu 102ea0000
[mtlr]   out: 00000100005c0000 0000000102ea0000 0000000102d76dc0 0000000000000000
[mtlr]   out: 0000003d00000000 0000000000004000 000000023712f145 000000000036681d
[ptspray] r0: victim rid 21 gpuva 0x10000080000 cpu 0x10b950000 (40 junk ready)
[ptspray] r0: destroy kr 0x00000000 + 40 junk => AGXUAT::process (PT pages -> pool0/pool1, unsrubbed)
[mtlr] resource2 sel8 flags 470 sz 0x400000 -> kr 0x00000000 rid 21 GPUVA 0x10000080000 cpu 10b950000
[mtlr]   out: 0000010000080000 000000010b950000 0000000102d74fc0 0000000000000000
[mtlr]   out: 0000001500000000 0000000000400000 000000023712f15a 000000000036683a
[mtlr] resource2 sel8 flags 470 sz 0x400000 -> kr 0x00000000 rid 22 GPUVA 0x10000488000 cpu 10bd50000
[mtlr]   out: 0000010000488000 000000010bd50000 0000000102d75080 0000000000000000
[mtlr]   out: 0000001600000000 0000000000400000 000000023712f15b 000000000036683b
[mtlr] resource2 sel8 flags 470 sz 0x400000 -> kr 0x00000000 rid 23 GPUVA 0x10000890000 cpu 10c150000
[mtlr]   out: 0000010000890000 000000010c150000 0000000102d75140 0000000000000000
[mtlr]   out: 0000001700000000 0000000000400000 000000023712f15c 000000000036683c
[mtlr] resource2 sel8 flags 470 sz 0x400000 -> kr 0x00000000 rid 24 GPUVA 0x10000c98000 cpu 10c550000
[mtlr]   out: 0000010000c98000 000000010c550000 0000000102d75200 0000000000000000
[mtlr]   out: 0000001800000000 0000000000400000 000000023712f15d 000000000036683d
[mtlr] resource2 sel8 flags 470 sz 0x400000 -> kr 0x00000000 rid 25 GPUVA 0x100010a0000 cpu 10c950000
[mtlr]   out: 00000100010a0000 000000010c950000 0000000102d752c0 0000000000000000
[mtlr]   out: 0000001900000000 0000000000400000 000000023712f15e 000000000036683e
[mtlr] resource2 sel8 flags 470 sz 0x400000 -> kr 0x00000000 rid 26 GPUVA 0x100014a8000 cpu 10cd50000
[mtlr]   out: 00000100014a8000 000000010cd50000 0000000102d75380 0000000000000000
[mtlr]   out: 0000001a00000000 0000000000400000 000000023712f15f 000000000036683f
[mtlr] resource2 sel8 flags 470 sz 0x400000 -> kr 0x00000000 rid 27 GPUVA 0x100018b0000 cpu 10d150000
[mtlr]   out: 00000100018b0000 000000010d150000 0000000102d75440 0000000000000000
[mtlr]   out: 0000001b00000000 0000000000400000 000000023712f160 0000000000366840
[mtlr] resource2 sel8 flags 470 sz 0x400000 -> kr 0x00000000 rid 28 GPUVA 0x10001cb8000 cpu 10d550000
[mtlr]   out: 0000010001cb8000 000000010d550000 0000000102d75500 0000000000000000
[mtlr]   out: 0000001c00000000 0000000000400000 000000023712f161 0000000000366841
[mtlr] resource2 sel8 flags 470 sz 0x400000 -> kr 0x00000000 rid 29 GPUVA 0x100020c0000 cpu 10d950000
[mtlr]   out: 00000100020c0000 000000010d950000 0000000102d755c0 0000000000000000
[mtlr]   out: 0000001d00000000 0000000000400000 000000023712f162 0000000000366842
[mtlr] resource2 sel8 flags 470 sz 0x400000 -> kr 0x00000000 rid 30 GPUVA 0x100024c8000 cpu 10dd50000
[mtlr]   out: 00000100024c8000 000000010dd50000 0000000102d75680 0000000000000000
[mtlr]   out: 0000001e00000000 0000000000400000 000000023712f163 0000000000366843
[mtlr] resource2 sel8 flags 470 sz 0x400000 -> kr 0x00000000 rid 31 GPUVA 0x100028d0000 cpu 10e150000
[mtlr]   out: 00000100028d0000 000000010e150000 0000000102d75740 0000000000000000
[mtlr]   out: 0000001f00000000 0000000000400000 000000023712f164 0000000000366844
[mtlr] resource2 sel8 flags 470 sz 0x400000 -> kr 0x00000000 rid 32 GPUVA 0x10002cd8000 cpu 10e550000
[mtlr]   out: 0000010002cd8000 000000010e550000 0000000102d75800 0000000000000000
[mtlr]   out: 0000002000000000 0000000000400000 000000023712f165 0000000000366845
[mtlr] resource2 sel8 flags 470 sz 0x400000 -> kr 0x00000000 rid 33 GPUVA 0x100030e0000 cpu 10e950000
[mtlr]   out: 00000100030e0000 000000010e950000 0000000102d758c0 0000000000000000
[mtlr]   out: 0000002100000000 0000000000400000 000000023712f166 0000000000366846
[mtlr] resource2 sel8 flags 470 sz 0x400000 -> kr 0x00000000 rid 34 GPUVA 0x100034e8000 cpu 10ed50000
[mtlr]   out: 00000100034e8000 000000010ed50000 0000000102d75980 0000000000000000
[mtlr]   out: 0000002200000000 0000000000400000 000000023712f167 0000000000366847
[mtlr] resource2 sel8 flags 470 sz 0x400000 -> kr 0x00000000 rid 35 GPUVA 0x100038f0000 cpu 10f150000
[mtlr]   out: 00000100038f0000 000000010f150000 0000000102d75a40 0000000000000000
[mtlr]   out: 0000002300000000 0000000000400000 000000023712f168 0000000000366848
[mtlr] resource2 sel8 flags 470 sz 0x400000 -> kr 0x00000000 rid 36 GPUVA 0x10003cf8000 cpu 10f550000
[mtlr]   out: 0000010003cf8000 000000010f550000 0000000102d75b00 0000000000000000
[mtlr]   out: 0000002400000000 0000000000400000 000000023712f169 0000000000366849
[mtlr] resource2 sel8 flags 470 sz 0x400000 -> kr 0x00000000 rid 37 GPUVA 0x10004100000 cpu 10f950000
[mtlr]   out: 0000010004100000 000000010f950000 0000000102d75bc0 0000000000000000
[mtlr]   out: 0000002500000000 0000000000400000 000000023712f16a 000000000036684a
[mtlr] resource2 sel8 flags 470 sz 0x400000 -> kr 0x00000000 rid 38 GPUVA 0x10004508000 cpu 10fd50000
[mtlr]   out: 0000010004508000 000000010fd50000 0000000102d75c80 0000000000000000
[mtlr]   out: 0000002600000000 0000000000400000 000000023712f16b 000000000036684b
[mtlr] resource2 sel8 flags 470 sz 0x400000 -> kr 0x00000000 rid 39 GPUVA 0x10004910000 cpu 110150000
[mtlr]   out: 0000010004910000 0000000110150000 0000000102d75d40 0000000000000000
[mtlr]   out: 0000002700000000 0000000000400000 000000023712f16c 000000000036684c
[mtlr] resource2 sel8 flags 470 sz 0x400000 -> kr 0x00000000 rid 40 GPUVA 0x10004d18000 cpu 110550000
[mtlr]   out: 0000010004d18000 0000000110550000 0000000102d75e00 0000000000000000
[mtlr]   out: 0000002800000000 0000000000400000 000000023712f16d 000000000036684d
[mtlr] resource2 sel8 flags 470 sz 0x400000 -> kr 0x00000000 rid 41 GPUVA 0x10005120000 cpu 110950000
[mtlr]   out: 0000010005120000 0000000110950000 0000000102d75ec0 0000000000000000
[mtlr]   out: 0000002900000000 0000000000400000 000000023712f16e 000000000036684e
[mtlr] resource2 sel8 flags 470 sz 0x400000 -> kr 0x00000000 rid 42 GPUVA 0x10005528000 cpu 110d50000
[mtlr]   out: 0000010005528000 0000000110d50000 0000000102d75f80 0000000000000000
[mtlr]   out: 0000002a00000000 0000000000400000 000000023712f16f 000000000036684f
[mtlr] resource2 sel8 flags 470 sz 0x400000 -> kr 0x00000000 rid 43 GPUVA 0x10005930000 cpu 111150000
[mtlr]   out: 0000010005930000 0000000111150000 0000000102d76040 0000000000000000
[mtlr]   out: 0000002b00000000 0000000000400000 000000023712f170 0000000000366850
[mtlr] resource2 sel8 flags 470 sz 0x400000 -> kr 0x00000000 rid 44 GPUVA 0x10005d38000 cpu 111550000
[mtlr]   out: 0000010005d38000 0000000111550000 0000000102d76100 0000000000000000
[mtlr]   out: 0000002c00000000 0000000000400000 000000023712f171 0000000000366851
[ptspray] r0 control: victim gpuva 0x10000080000 — 1/24 reclaimers landed on it (0 = reclaim path not exercised, result inconclusive)
[ptspray] r0 wave[0] rid 21 gpuva 0x10000080000 (victim 0x10000080000, REUSED)
[ptspray] r0 wave[1] rid 22 gpuva 0x10000488000 (victim 0x10000080000, )
[ptspray] r0 wave[2] rid 23 gpuva 0x10000890000 (victim 0x10000080000, )
[ptspray] r0 wave[3] rid 24 gpuva 0x10000c98000 (victim 0x10000080000, )
[ptspray] r0 wave[4] rid 25 gpuva 0x100010a0000 (victim 0x10000080000, )
[ptspray] r0 wave[5] rid 26 gpuva 0x100014a8000 (victim 0x10000080000, )
[ptspray] r0 wave[6] rid 27 gpuva 0x100018b0000 (victim 0x10000080000, )
[ptspray] r0 wave[7] rid 28 gpuva 0x10001cb8000 (victim 0x10000080000, )
[ptspray] r0 summary: 24 reclaimers | zero 24 | PTE-shaped 0 | data/unknown 0 | (no PT content reachable)
[mtlr] resource2 sel8 flags 470 sz 0x400000 -> kr 0x00000000 rid 45 GPUVA 0x10006140000 cpu 111950000
[mtlr]   out: 0000010006140000 0000000111950000 0000000102d761c0 0000000000000000
[mtlr]   out: 0000002d00000000 0000000000400000 000000023712f194 0000000000366857
[mtlr] resource2 sel8 flags 470 sz 0x1000 -> kr 0x00000000 rid 46 GPUVA 0x10006548000 cpu 102e04000
[mtlr]   out: 0000010006548000 0000000102e04000 0000000102d76280 0000000000000000
[mtlr]   out: 0000002e00000000 0000000000004000 000000023712f197 000000000036685a
[mtlr] resource2 sel8 flags 470 sz 0x1000 -> kr 0x00000000 rid 47 GPUVA 0x10006550000 cpu 102e08000
[mtlr]   out: 0000010006550000 0000000102e08000 0000000102d76340 0000000000000000
[mtlr]   out: 0000002f00000000 0000000000004000 000000023712f198 000000000036685b
[mtlr] resource2 sel8 flags 470 sz 0x1000 -> kr 0x00000000 rid 48 GPUVA 0x10006558000 cpu 102e0c000
[mtlr]   out: 0000010006558000 0000000102e0c000 0000000102d76400 0000000000000000
[mtlr]   out: 0000003000000000 0000000000004000 000000023712f19b 000000000036685d
[mtlr] resource2 sel8 flags 470 sz 0x1000 -> kr 0x00000000 rid 49 GPUVA 0x10006560000 cpu 102e10000
[mtlr]   out: 0000010006560000 0000000102e10000 0000000102d764c0 0000000000000000
[mtlr]   out: 0000003100000000 0000000000004000 000000023712f19f 0000000000366861
[mtlr] resource2 sel8 flags 470 sz 0x1000 -> kr 0x00000000 rid 50 GPUVA 0x10006568000 cpu 102e14000
[mtlr]   out: 0000010006568000 0000000102e14000 0000000102d76580 0000000000000000
[mtlr]   out: 0000003200000000 0000000000004000 000000023712f1a2 0000000000366862
[mtlr] resource2 sel8 flags 470 sz 0x1000 -> kr 0x00000000 rid 51 GPUVA 0x10006570000 cpu 102e18000
[mtlr]   out: 0000010006570000 0000000102e18000 0000000102d76640 0000000000000000
[mtlr]   out: 0000003300000000 0000000000004000 000000023712f1b2 0000000000366863
[mtlr] resource2 sel8 flags 470 sz 0x1000 -> kr 0x00000000 rid 52 GPUVA 0x10006578000 cpu 102e1c000
[mtlr]   out: 0000010006578000 0000000102e1c000 0000000102d76700 0000000000000000
[mtlr]   out: 0000003400000000 0000000000004000 000000023712f1b4 0000000000366864
[mtlr] resource2 sel8 flags 470 sz 0x1000 -> kr 0x00000000 rid 53 GPUVA 0x10006580000 cpu 102e20000
[mtlr]   out: 0000010006580000 0000000102e20000 0000000102d767c0 0000000000000000
[mtlr]   out: 0000003500000000 0000000000004000 000000023712f1b5 0000000000366865
[mtlr] resource2 sel8 flags 470 sz 0x1000 -> kr 0x00000000 rid 54 GPUVA 0x10006588000 cpu 102e24000
[mtlr]   out: 0000010006588000 0000000102e24000 0000000102d76880 0000000000000000
[mtlr]   out: 0000003600000000 0000000000004000 000000023712f1ba 0000000000366866
[mtlr] resource2 sel8 flags 470 sz 0x1000 -> kr 0x00000000 rid 55 GPUVA 0x10006590000 cpu 102e28000
[mtlr]   out: 0000010006590000 0000000102e28000 0000000102d76940 0000000000000000
[mtlr]   out: 0000003700000000 0000000000004000 000000023712f1c5 0000000000366867
[mtlr] resource2 sel8 flags 470 sz 0x1000 -> kr 0x00000000 rid 56 GPUVA 0x10006598000 cpu 102e2c000
[mtlr]   out: 0000010006598000 0000000102e2c000 0000000102d76a00 0000000000000000
[mtlr]   out: 0000003800000000 0000000000004000 000000023712f1c8 0000000000366868
[mtlr] resource2 sel8 flags 470 sz 0x1000 -> kr 0x00000000 rid 57 GPUVA 0x100065a0000 cpu 102e30000
[mtlr]   out: 00000100065a0000 0000000102e30000 0000000102d76ac0 0000000000000000
[mtlr]   out: 0000003900000000 0000000000004000 000000023712f1ca 0000000000366869
[mtlr] resource2 sel8 flags 470 sz 0x1000 -> kr 0x00000000 rid 58 GPUVA 0x100065a8000 cpu 102e34000
[mtlr]   out: 00000100065a8000 0000000102e34000 0000000102d76b80 0000000000000000
[mtlr]   out: 0000003a00000000 0000000000004000 000000023712f1cb 000000000036686a
[mtlr] resource2 sel8 flags 470 sz 0x1000 -> kr 0x00000000 rid 59 GPUVA 0x100065b0000 cpu 102e38000
[mtlr]   out: 00000100065b0000 0000000102e38000 0000000102d76c40 0000000000000000
[mtlr]   out: 0000003b00000000 0000000000004000 000000023712f1cc 000000000036686b
[mtlr] resource2 sel8 flags 470 sz 0x1000 -> kr 0x00000000 rid 60 GPUVA 0x100065b8000 cpu 102e3c000
[mtlr]   out: 00000100065b8000 0000000102e3c000 0000000102d76d00 0000000000000000
[mtlr]   out: 0000003c00000000 0000000000004000 000000023712f1cd 000000000036686c
[mtlr] resource2 sel8 flags 470 sz 0x1000 -> kr 0x00000000 rid 61 GPUVA 0x100065c0000 cpu 102e40000
[mtlr]   out: 00000100065c0000 0000000102e40000 0000000102d76dc0 0000000000000000
[mtlr]   out: 0000003d00000000 0000000000004000 000000023712f1ce 000000000036686d
[mtlr] resource2 sel8 flags 470 sz 0x1000 -> kr 0x00000000 rid 62 GPUVA 0x100065c8000 cpu 102e44000
[mtlr]   out: 00000100065c8000 0000000102e44000 0000000102d76e80 0000000000000000
[mtlr]   out: 0000003e00000000 0000000000004000 000000023712f1cf 000000000036686e
[mtlr] resource2 sel8 flags 470 sz 0x1000 -> kr 0x00000000 rid 63 GPUVA 0x100065d0000 cpu 102e48000
[mtlr]   out: 00000100065d0000 0000000102e48000 0000000102d76f40 0000000000000000
[mtlr]   out: 0000003f00000000 0000000000004000 000000023712f1d0 000000000036686f
[mtlr] resource2 sel8 flags 470 sz 0x1000 -> kr 0x00000000 rid 64 GPUVA 0x100065d8000 cpu 102e4c000
[mtlr]   out: 00000100065d8000 0000000102e4c000 0000000102d77000 0000000000000000
[mtlr]   out: 0000004000000000 0000000000004000 000000023712f1d1 0000000000366870
[mtlr] resource2 sel8 flags 470 sz 0x1000 -> kr 0x00000000 rid 65 GPUVA 0x100065e0000 cpu 102e50000
[mtlr]   out: 00000100065e0000 0000000102e50000 0000000102d770c0 0000000000000000
[mtlr]   out: 0000004100000000 0000000000004000 000000023712f1d2 0000000000366871
[mtlr] resource2 sel8 flags 470 sz 0x1000 -> kr 0x00000000 rid 66 GPUVA 0x100065e8000 cpu 102e54000
[mtlr]   out: 00000100065e8000 0000000102e54000 0000000102d77180 0000000000000000
[mtlr]   out: 0000004200000000 0000000000004000 000000023712f1d3 0000000000366872
[mtlr] resource2 sel8 flags 470 sz 0x1000 -> kr 0x00000000 rid 67 GPUVA 0x100065f0000 cpu 102e58000
[mtlr]   out: 00000100065f0000 0000000102e58000 0000000102d77240 0000000000000000
[mtlr]   out: 0000004300000000 0000000000004000 000000023712f1d4 0000000000366873
[mtlr] resource2 sel8 flags 470 sz 0x1000 -> kr 0x00000000 rid 68 GPUVA 0x100065f8000 cpu 102e5c000
[mtlr]   out: 00000100065f8000 0000000102e5c000 0000000102d77300 0000000000000000
[mtlr]   out: 0000004400000000 0000000000004000 000000023712f1d5 0000000000366874
[mtlr] resource2 sel8 flags 470 sz 0x1000 -> kr 0x00000000 rid 69 GPUVA 0x10006600000 cpu 102e60000
[mtlr]   out: 0000010006600000 0000000102e60000 0000000102d773c0 0000000000000000
[mtlr]   out: 0000004500000000 0000000000004000 000000023712f1d6 0000000000366875
[mtlr] resource2 sel8 flags 470 sz 0x1000 -> kr 0x00000000 rid 70 GPUVA 0x10006608000 cpu 102e64000
[mtlr]   out: 0000010006608000 0000000102e64000 0000000102d77480 0000000000000000
[mtlr]   out: 0000004600000000 0000000000004000 000000023712f1d7 0000000000366876
[mtlr] resource2 sel8 flags 470 sz 0x1000 -> kr 0x00000000 rid 71 GPUVA 0x10006610000 cpu 102e68000
[mtlr]   out: 0000010006610000 0000000102e68000 0000000102d77540 0000000000000000
[mtlr]   out: 0000004700000000 0000000000004000 000000023712f1d8 0000000000366877
[mtlr] resource2 sel8 flags 470 sz 0x1000 -> kr 0x00000000 rid 72 GPUVA 0x10006618000 cpu 102e6c000
[mtlr]   out: 0000010006618000 0000000102e6c000 0000000102d77600 0000000000000000
[mtlr]   out: 0000004800000000 0000000000004000 000000023712f1d9 0000000000366878
[mtlr] resource2 sel8 flags 470 sz 0x1000 -> kr 0x00000000 rid 73 GPUVA 0x10006620000 cpu 102e70000
[mtlr]   out: 0000010006620000 0000000102e70000 0000000102d776c0 0000000000000000
[mtlr]   out: 0000004900000000 0000000000004000 000000023712f1da 0000000000366879
[mtlr] resource2 sel8 flags 470 sz 0x1000 -> kr 0x00000000 rid 74 GPUVA 0x10006628000 cpu 102e74000
[mtlr]   out: 0000010006628000 0000000102e74000 0000000102d77780 0000000000000000
[mtlr]   out: 0000004a00000000 0000000000004000 000000023712f1db 000000000036687a
[mtlr] resource2 sel8 flags 470 sz 0x1000 -> kr 0x00000000 rid 75 GPUVA 0x10006630000 cpu 102e78000
[mtlr]   out: 0000010006630000 0000000102e78000 0000000102d77840 0000000000000000
[mtlr]   out: 0000004b00000000 0000000000004000 000000023712f1dc 000000000036687b
[mtlr] resource2 sel8 flags 470 sz 0x1000 -> kr 0x00000000 rid 76 GPUVA 0x10006638000 cpu 102e7c000
[mtlr]   out: 0000010006638000 0000000102e7c000 0000000102d77900 0000000000000000
[mtlr]   out: 0000004c00000000 0000000000004000 000000023712f1dd 000000000036687c
[mtlr] resource2 sel8 flags 470 sz 0x1000 -> kr 0x00000000 rid 77 GPUVA 0x10006640000 cpu 102e80000
[mtlr]   out: 0000010006640000 0000000102e80000 0000000102d779c0 0000000000000000
[mtlr]   out: 0000004d00000000 0000000000004000 000000023712f1de 000000000036687d
[mtlr] resource2 sel8 flags 470 sz 0x1000 -> kr 0x00000000 rid 78 GPUVA 0x10006648000 cpu 102e84000
[mtlr]   out: 0000010006648000 0000000102e84000 0000000102d77a80 0000000000000000
[mtlr]   out: 0000004e00000000 0000000000004000 000000023712f1df 000000000036687e
[mtlr] resource2 sel8 flags 470 sz 0x1000 -> kr 0x00000000 rid 79 GPUVA 0x10006650000 cpu 102e88000
[mtlr]   out: 0000010006650000 0000000102e88000 0000000102d77b40 0000000000000000
[mtlr]   out: 0000004f00000000 0000000000004000 000000023712f1e0 000000000036687f
[mtlr] resource2 sel8 flags 470 sz 0x1000 -> kr 0x00000000 rid 80 GPUVA 0x10006658000 cpu 102e8c000
[mtlr]   out: 0000010006658000 0000000102e8c000 0000000102d77c00 0000000000000000
[mtlr]   out: 0000005000000000 0000000000004000 000000023712f1e1 0000000000366880
[mtlr] resource2 sel8 flags 470 sz 0x1000 -> kr 0x00000000 rid 81 GPUVA 0x10006660000 cpu 102e90000
[mtlr]   out: 0000010006660000 0000000102e90000 0000000102d77cc0 0000000000000000
[mtlr]   out: 0000005100000000 0000000000004000 000000023712f1e2 0000000000366881
[mtlr] resource2 sel8 flags 470 sz 0x1000 -> kr 0x00000000 rid 82 GPUVA 0x10006668000 cpu 102e94000
[mtlr]   out: 0000010006668000 0000000102e94000 0000000102d77d80 0000000000000000
[mtlr]   out: 0000005200000000 0000000000004000 000000023712f1e3 0000000000366882
[mtlr] resource2 sel8 flags 470 sz 0x1000 -> kr 0x00000000 rid 83 GPUVA 0x10006670000 cpu 102e98000
[mtlr]   out: 0000010006670000 0000000102e98000 0000000102d77e40 0000000000000000
[mtlr]   out: 0000005300000000 0000000000004000 000000023712f1e4 0000000000366883
[mtlr] resource2 sel8 flags 470 sz 0x1000 -> kr 0x00000000 rid 84 GPUVA 0x10006678000 cpu 102e9c000
[mtlr]   out: 0000010006678000 0000000102e9c000 0000000102d77f00 0000000000000000
[mtlr]   out: 0000005400000000 0000000000004000 000000023712f1e5 0000000000366884
[mtlr] resource2 sel8 flags 470 sz 0x1000 -> kr 0x00000000 rid 85 GPUVA 0x10006680000 cpu 102ea0000
[mtlr]   out: 0000010006680000 0000000102ea0000 0000000102d77fc0 0000000000000000
[mtlr]   out: 0000005500000000 0000000000004000 000000023712f1e6 0000000000366885
[ptspray] r1: victim rid 45 gpuva 0x10006140000 cpu 0x111950000 (40 junk ready)
[ptspray] r1: destroy kr 0x00000000 + 40 junk => AGXUAT::process (PT pages -> pool0/pool1, unsrubbed)
[mtlr] resource2 sel8 flags 470 sz 0x400000 -> kr 0x00000000 rid 45 GPUVA 0x10006140000 cpu 111950000
[mtlr]   out: 0000010006140000 0000000111950000 0000000102d761c0 0000000000000000
[mtlr]   out: 0000002d00000000 0000000000400000 000000023712f202 000000000036689e
[mtlr] resource2 sel8 flags 470 sz 0x400000 -> kr 0x00000000 rid 46 GPUVA 0x10006548000 cpu 111d50000
[mtlr]   out: 0000010006548000 0000000111d50000 0000000102d76280 0000000000000000
[mtlr]   out: 0000002e00000000 0000000000400000 000000023712f203 000000000036689f
[mtlr] resource2 sel8 flags 470 sz 0x400000 -> kr 0x00000000 rid 47 GPUVA 0x10006950000 cpu 112150000
[mtlr]   out: 0000010006950000 0000000112150000 0000000102d76340 0000000000000000
[mtlr]   out: 0000002f00000000 0000000000400000 000000023712f204 00000000003668a0
[mtlr] resource2 sel8 flags 470 sz 0x400000 -> kr 0x00000000 rid 48 GPUVA 0x10006d58000 cpu 112550000
[mtlr]   out: 0000010006d58000 0000000112550000 0000000102d76400 0000000000000000
[mtlr]   out: 0000003000000000 0000000000400000 000000023712f205 00000000003668a1
[mtlr] resource2 sel8 flags 470 sz 0x400000 -> kr 0x00000000 rid 49 GPUVA 0x10007160000 cpu 112950000
[mtlr]   out: 0000010007160000 0000000112950000 0000000102d764c0 0000000000000000
[mtlr]   out: 0000003100000000 0000000000400000 000000023712f206 00000000003668a2
[mtlr] resource2 sel8 flags 470 sz 0x400000 -> kr 0x00000000 rid 50 GPUVA 0x10007568000 cpu 112d50000
[mtlr]   out: 0000010007568000 0000000112d50000 0000000102d76580 0000000000000000
[mtlr]   out: 0000003200000000 0000000000400000 000000023712f20c 00000000003668aa
[mtlr] resource2 sel8 flags 470 sz 0x400000 -> kr 0x00000000 rid 51 GPUVA 0x10007970000 cpu 113150000
[mtlr]   out: 0000010007970000 0000000113150000 0000000102d76640 0000000000000000
[mtlr]   out: 0000003300000000 0000000000400000 000000023712f210 00000000003668ac
[mtlr] resource2 sel8 flags 470 sz 0x400000 -> kr 0x00000000 rid 52 GPUVA 0x10007d78000 cpu 113550000
[mtlr]   out: 0000010007d78000 0000000113550000 0000000102d76700 0000000000000000
[mtlr]   out: 0000003400000000 0000000000400000 000000023712f211 00000000003668ad
[mtlr] resource2 sel8 flags 470 sz 0x400000 -> kr 0x00000000 rid 53 GPUVA 0x10008180000 cpu 113950000
[mtlr]   out: 0000010008180000 0000000113950000 0000000102d767c0 0000000000000000
[mtlr]   out: 0000003500000000 0000000000400000 000000023712f212 00000000003668ae
[mtlr] resource2 sel8 flags 470 sz 0x400000 -> kr 0x00000000 rid 54 GPUVA 0x10008588000 cpu 113d50000
[mtlr]   out: 0000010008588000 0000000113d50000 0000000102d76880 0000000000000000
[mtlr]   out: 0000003600000000 0000000000400000 000000023712f213 00000000003668af
[mtlr] resource2 sel8 flags 470 sz 0x400000 -> kr 0x00000000 rid 55 GPUVA 0x10008990000 cpu 114150000
[mtlr]   out: 0000010008990000 0000000114150000 0000000102d76940 0000000000000000
[mtlr]   out: 0000003700000000 0000000000400000 000000023712f214 00000000003668b0
[mtlr] resource2 sel8 flags 470 sz 0x400000 -> kr 0x00000000 rid 56 GPUVA 0x10008d98000 cpu 114550000
[mtlr]   out: 0000010008d98000 0000000114550000 0000000102d76a00 0000000000000000
[mtlr]   out: 0000003800000000 0000000000400000 000000023712f215 00000000003668b1
[mtlr] resource2 sel8 flags 470 sz 0x400000 -> kr 0x00000000 rid 57 GPUVA 0x100091a0000 cpu 114950000
[mtlr]   out: 00000100091a0000 0000000114950000 0000000102d76ac0 0000000000000000
[mtlr]   out: 0000003900000000 0000000000400000 000000023712f216 00000000003668b2
[mtlr] resource2 sel8 flags 470 sz 0x400000 -> kr 0x00000000 rid 58 GPUVA 0x100095a8000 cpu 114d50000
[mtlr]   out: 00000100095a8000 0000000114d50000 0000000102d76b80 0000000000000000
[mtlr]   out: 0000003a00000000 0000000000400000 000000023712f217 00000000003668b3
[mtlr] resource2 sel8 flags 470 sz 0x400000 -> kr 0x00000000 rid 59 GPUVA 0x100099b0000 cpu 115150000
[mtlr]   out: 00000100099b0000 0000000115150000 0000000102d76c40 0000000000000000
[mtlr]   out: 0000003b00000000 0000000000400000 000000023712f218 00000000003668b4
[mtlr] resource2 sel8 flags 470 sz 0x400000 -> kr 0x00000000 rid 60 GPUVA 0x10009db8000 cpu 115550000
[mtlr]   out: 0000010009db8000 0000000115550000 0000000102d76d00 0000000000000000
[mtlr]   out: 0000003c00000000 0000000000400000 000000023712f219 00000000003668b5
[mtlr] resource2 sel8 flags 470 sz 0x400000 -> kr 0x00000000 rid 61 GPUVA 0x1000a1c0000 cpu 115950000
[mtlr]   out: 000001000a1c0000 0000000115950000 0000000102d76dc0 0000000000000000
[mtlr]   out: 0000003d00000000 0000000000400000 000000023712f21a 00000000003668b6
[mtlr] resource2 sel8 flags 470 sz 0x400000 -> kr 0x00000000 rid 62 GPUVA 0x1000a5c8000 cpu 115d50000
[mtlr]   out: 000001000a5c8000 0000000115d50000 0000000102d76e80 0000000000000000
[mtlr]   out: 0000003e00000000 0000000000400000 000000023712f21b 00000000003668b7
[mtlr] resource2 sel8 flags 470 sz 0x400000 -> kr 0x00000000 rid 63 GPUVA 0x1000a9d0000 cpu 116150000
[mtlr]   out: 000001000a9d0000 0000000116150000 0000000102d76f40 0000000000000000
[mtlr]   out: 0000003f00000000 0000000000400000 000000023712f21c 00000000003668b8
[mtlr] resource2 sel8 flags 470 sz 0x400000 -> kr 0x00000000 rid 64 GPUVA 0x1000add8000 cpu 116550000
[mtlr]   out: 000001000add8000 0000000116550000 0000000102d77000 0000000000000000
[mtlr]   out: 0000004000000000 0000000000400000 000000023712f21d 00000000003668b9
[mtlr] resource2 sel8 flags 470 sz 0x400000 -> kr 0x00000000 rid 65 GPUVA 0x1000b1e0000 cpu 116950000
[mtlr]   out: 000001000b1e0000 0000000116950000 0000000102d770c0 0000000000000000
[mtlr]   out: 0000004100000000 0000000000400000 000000023712f21e 00000000003668ba
[mtlr] resource2 sel8 flags 470 sz 0x400000 -> kr 0x00000000 rid 66 GPUVA 0x1000b5e8000 cpu 116d50000
[mtlr]   out: 000001000b5e8000 0000000116d50000 0000000102d77180 0000000000000000
[mtlr]   out: 0000004200000000 0000000000400000 000000023712f21f 00000000003668bb
[mtlr] resource2 sel8 flags 470 sz 0x400000 -> kr 0x00000000 rid 67 GPUVA 0x1000b9f0000 cpu 117150000
[mtlr]   out: 000001000b9f0000 0000000117150000 0000000102d77240 0000000000000000
[mtlr]   out: 0000004300000000 0000000000400000 000000023712f222 00000000003668c9
[mtlr] resource2 sel8 flags 470 sz 0x400000 -> kr 0x00000000 rid 68 GPUVA 0x1000bdf8000 cpu 117550000
[mtlr]   out: 000001000bdf8000 0000000117550000 0000000102d77300 0000000000000000
[mtlr]   out: 0000004400000000 0000000000400000 000000023712f224 00000000003668ca
[ptspray] r1 control: victim gpuva 0x10006140000 — 1/24 reclaimers landed on it (0 = reclaim path not exercised, result inconclusive)
[ptspray] r1 wave[0] rid 45 gpuva 0x10006140000 (victim 0x10006140000, REUSED)
[ptspray] r1 wave[1] rid 46 gpuva 0x10006548000 (victim 0x10006140000, )
[ptspray] r1 wave[2] rid 47 gpuva 0x10006950000 (victim 0x10006140000, )
[ptspray] r1 wave[3] rid 48 gpuva 0x10006d58000 (victim 0x10006140000, )
[ptspray] r1 wave[4] rid 49 gpuva 0x10007160000 (victim 0x10006140000, )
[ptspray] r1 wave[5] rid 50 gpuva 0x10007568000 (victim 0x10006140000, )
[ptspray] r1 wave[6] rid 51 gpuva 0x10007970000 (victim 0x10006140000, )
[ptspray] r1 wave[7] rid 52 gpuva 0x10007d78000 (victim 0x10006140000, )
[ptspray] r1 summary: 24 reclaimers | zero 24 | PTE-shaped 0 | data/unknown 0 | (no PT content reachable)
[mtlr] resource2 sel8 flags 470 sz 0x400000 -> kr 0x00000000 rid 69 GPUVA 0x1000c200000 cpu 117950000
[mtlr]   out: 000001000c200000 0000000117950000 0000000102d773c0 0000000000000000
[mtlr]   out: 0000004500000000 0000000000400000 000000023712f247 00000000003668cd
[mtlr] resource2 sel8 flags 470 sz 0x1000 -> kr 0x00000000 rid 70 GPUVA 0x1000c608000 cpu 102e04000
[mtlr]   out: 000001000c608000 0000000102e04000 0000000102d77480 0000000000000000
[mtlr]   out: 0000004600000000 0000000000004000 000000023712f248 00000000003668ce
[mtlr] resource2 sel8 flags 470 sz 0x1000 -> kr 0x00000000 rid 71 GPUVA 0x1000c610000 cpu 102e08000
[mtlr]   out: 000001000c610000 0000000102e08000 0000000102d77540 0000000000000000
[mtlr]   out: 0000004700000000 0000000000004000 000000023712f249 00000000003668cf
[mtlr] resource2 sel8 flags 470 sz 0x1000 -> kr 0x00000000 rid 72 GPUVA 0x1000c618000 cpu 102e0c000
[mtlr]   out: 000001000c618000 0000000102e0c000 0000000102d77600 0000000000000000
[mtlr]   out: 0000004800000000 0000000000004000 000000023712f24a 00000000003668d0
[mtlr] resource2 sel8 flags 470 sz 0x1000 -> kr 0x00000000 rid 73 GPUVA 0x1000c620000 cpu 102e10000
[mtlr]   out: 000001000c620000 0000000102e10000 0000000102d776c0 0000000000000000
[mtlr]   out: 0000004900000000 0000000000004000 000000023712f24b 00000000003668d1
[mtlr] resource2 sel8 flags 470 sz 0x1000 -> kr 0x00000000 rid 74 GPUVA 0x1000c628000 cpu 102e14000
[mtlr]   out: 000001000c628000 0000000102e14000 0000000102d77780 0000000000000000
[mtlr]   out: 0000004a00000000 0000000000004000 000000023712f24c 00000000003668d2
[mtlr] resource2 sel8 flags 470 sz 0x1000 -> kr 0x00000000 rid 75 GPUVA 0x1000c630000 cpu 102e18000
[mtlr]   out: 000001000c630000 0000000102e18000 0000000102d77840 0000000000000000
[mtlr]   out: 0000004b00000000 0000000000004000 000000023712f24d 00000000003668d3
[mtlr] resource2 sel8 flags 470 sz 0x1000 -> kr 0x00000000 rid 76 GPUVA 0x1000c638000 cpu 102e1c000
[mtlr]   out: 000001000c638000 0000000102e1c000 0000000102d77900 0000000000000000
[mtlr]   out: 0000004c00000000 0000000000004000 000000023712f24e 00000000003668d4
[mtlr] resource2 sel8 flags 470 sz 0x1000 -> kr 0x00000000 rid 77 GPUVA 0x1000c640000 cpu 102e20000
[mtlr]   out: 000001000c640000 0000000102e20000 0000000102d779c0 0000000000000000
[mtlr]   out: 0000004d00000000 0000000000004000 000000023712f24f 00000000003668d5
[mtlr] resource2 sel8 flags 470 sz 0x1000 -> kr 0x00000000 rid 78 GPUVA 0x1000c648000 cpu 102e24000
[mtlr]   out: 000001000c648000 0000000102e24000 0000000102d77a80 0000000000000000
[mtlr]   out: 0000004e00000000 0000000000004000 000000023712f250 00000000003668d6
[mtlr] resource2 sel8 flags 470 sz 0x1000 -> kr 0x00000000 rid 79 GPUVA 0x1000c650000 cpu 102e28000
[mtlr]   out: 000001000c650000 0000000102e28000 0000000102d77b40 0000000000000000
[mtlr]   out: 0000004f00000000 0000000000004000 000000023712f251 00000000003668d7
[mtlr] resource2 sel8 flags 470 sz 0x1000 -> kr 0x00000000 rid 80 GPUVA 0x1000c658000 cpu 102e2c000
[mtlr]   out: 000001000c658000 0000000102e2c000 0000000102d77c00 0000000000000000
[mtlr]   out: 0000005000000000 0000000000004000 000000023712f252 00000000003668d8
[mtlr] resource2 sel8 flags 470 sz 0x1000 -> kr 0x00000000 rid 81 GPUVA 0x1000c660000 cpu 102e30000
[mtlr]   out: 000001000c660000 0000000102e30000 0000000102d77cc0 0000000000000000
[mtlr]   out: 0000005100000000 0000000000004000 000000023712f253 00000000003668d9
[mtlr] resource2 sel8 flags 470 sz 0x1000 -> kr 0x00000000 rid 82 GPUVA 0x1000c668000 cpu 102e34000
[mtlr]   out: 000001000c668000 0000000102e34000 0000000102d77d80 0000000000000000
[mtlr]   out: 0000005200000000 0000000000004000 000000023712f254 00000000003668da
[mtlr] resource2 sel8 flags 470 sz 0x1000 -> kr 0x00000000 rid 83 GPUVA 0x1000c670000 cpu 102e38000
[mtlr]   out: 000001000c670000 0000000102e38000 0000000102d77e40 0000000000000000
[mtlr]   out: 0000005300000000 0000000000004000 000000023712f255 00000000003668db
[mtlr] resource2 sel8 flags 470 sz 0x1000 -> kr 0x00000000 rid 84 GPUVA 0x1000c678000 cpu 102e3c000
[mtlr]   out: 000001000c678000 0000000102e3c000 0000000102d77f00 0000000000000000
[mtlr]   out: 0000005400000000 0000000000004000 000000023712f256 00000000003668dc
[mtlr] resource2 sel8 flags 470 sz 0x1000 -> kr 0x00000000 rid 85 GPUVA 0x1000c680000 cpu 102e40000
[mtlr]   out: 000001000c680000 0000000102e40000 0000000102d77fc0 0000000000000000
[mtlr]   out: 0000005500000000 0000000000004000 000000023712f257 00000000003668dd
[mtlr] resource2 sel8 flags 470 sz 0x1000 -> kr 0x00000000 rid 86 GPUVA 0x1000c688000 cpu 102e44000
[mtlr]   out: 000001000c688000 0000000102e44000 0000000102d78080 0000000000000000
[mtlr]   out: 0000005600000000 0000000000004000 000000023712f258 00000000003668de
[mtlr] resource2 sel8 flags 470 sz 0x1000 -> kr 0x00000000 rid 87 GPUVA 0x1000c690000 cpu 102e48000
[mtlr]   out: 000001000c690000 0000000102e48000 0000000102d78140 0000000000000000
[mtlr]   out: 0000005700000000 0000000000004000 000000023712f259 00000000003668df
[mtlr] resource2 sel8 flags 470 sz 0x1000 -> kr 0x00000000 rid 88 GPUVA 0x1000c698000 cpu 102e4c000
[mtlr]   out: 000001000c698000 0000000102e4c000 0000000102d78200 0000000000000000
[mtlr]   out: 0000005800000000 0000000000004000 000000023712f25a 00000000003668e0
[mtlr] resource2 sel8 flags 470 sz 0x1000 -> kr 0x00000000 rid 89 GPUVA 0x1000c6a0000 cpu 102e50000
[mtlr]   out: 000001000c6a0000 0000000102e50000 0000000102d782c0 0000000000000000
[mtlr]   out: 0000005900000000 0000000000004000 000000023712f25b 00000000003668e1
[mtlr] resource2 sel8 flags 470 sz 0x1000 -> kr 0x00000000 rid 90 GPUVA 0x1000c6a8000 cpu 102e54000
[mtlr]   out: 000001000c6a8000 0000000102e54000 0000000102d78380 0000000000000000
[mtlr]   out: 0000005a00000000 0000000000004000 000000023712f25c 00000000003668e2
[mtlr] resource2 sel8 flags 470 sz 0x1000 -> kr 0x00000000 rid 91 GPUVA 0x1000c6b0000 cpu 102e58000
[mtlr]   out: 000001000c6b0000 0000000102e58000 0000000102d78440 0000000000000000
[mtlr]   out: 0000005b00000000 0000000000004000 000000023712f25d 00000000003668e3
[mtlr] resource2 sel8 flags 470 sz 0x1000 -> kr 0x00000000 rid 92 GPUVA 0x1000c6b8000 cpu 102e5c000
[mtlr]   out: 000001000c6b8000 0000000102e5c000 0000000102d78500 0000000000000000
[mtlr]   out: 0000005c00000000 0000000000004000 000000023712f25e 00000000003668e4
[mtlr] resource2 sel8 flags 470 sz 0x1000 -> kr 0x00000000 rid 93 GPUVA 0x1000c6c0000 cpu 102e60000
[mtlr]   out: 000001000c6c0000 0000000102e60000 0000000102d785c0 0000000000000000
[mtlr]   out: 0000005d00000000 0000000000004000 000000023712f25f 00000000003668e5
[mtlr] resource2 sel8 flags 470 sz 0x1000 -> kr 0x00000000 rid 94 GPUVA 0x1000c6c8000 cpu 102e64000
[mtlr]   out: 000001000c6c8000 0000000102e64000 0000000102d78680 0000000000000000
[mtlr]   out: 0000005e00000000 0000000000004000 000000023712f260 00000000003668e6
[mtlr] resource2 sel8 flags 470 sz 0x1000 -> kr 0x00000000 rid 95 GPUVA 0x1000c6d0000 cpu 102e68000
[mtlr]   out: 000001000c6d0000 0000000102e68000 0000000102d78740 0000000000000000
[mtlr]   out: 0000005f00000000 0000000000004000 000000023712f261 00000000003668e7
[mtlr] resource2 sel8 flags 470 sz 0x1000 -> kr 0x00000000 rid 96 GPUVA 0x1000c6d8000 cpu 102e6c000
[mtlr]   out: 000001000c6d8000 0000000102e6c000 0000000102d78800 0000000000000000
[mtlr]   out: 0000006000000000 0000000000004000 000000023712f262 00000000003668e8
[mtlr] resource2 sel8 flags 470 sz 0x1000 -> kr 0x00000000 rid 97 GPUVA 0x1000c6e0000 cpu 102e70000
[mtlr]   out: 000001000c6e0000 0000000102e70000 0000000102d788c0 0000000000000000
[mtlr]   out: 0000006100000000 0000000000004000 000000023712f263 00000000003668e9
[mtlr] resource2 sel8 flags 470 sz 0x1000 -> kr 0x00000000 rid 98 GPUVA 0x1000c6e8000 cpu 102e74000
[mtlr]   out: 000001000c6e8000 0000000102e74000 0000000102d78980 0000000000000000
[mtlr]   out: 0000006200000000 0000000000004000 000000023712f264 00000000003668ea
[mtlr] resource2 sel8 flags 470 sz 0x1000 -> kr 0x00000000 rid 99 GPUVA 0x1000c6f0000 cpu 102e78000
[mtlr]   out: 000001000c6f0000 0000000102e78000 0000000102d78a40 0000000000000000
[mtlr]   out: 0000006300000000 0000000000004000 000000023712f265 00000000003668eb
[mtlr] resource2 sel8 flags 470 sz 0x1000 -> kr 0x00000000 rid 100 GPUVA 0x1000c6f8000 cpu 102e7c000
[mtlr]   out: 000001000c6f8000 0000000102e7c000 0000000102d78b00 0000000000000000
[mtlr]   out: 0000006400000000 0000000000004000 000000023712f266 00000000003668ec
[mtlr] resource2 sel8 flags 470 sz 0x1000 -> kr 0x00000000 rid 101 GPUVA 0x1000c700000 cpu 102e80000
[mtlr]   out: 000001000c700000 0000000102e80000 0000000102d78bc0 0000000000000000
[mtlr]   out: 0000006500000000 0000000000004000 000000023712f267 00000000003668ed
[mtlr] resource2 sel8 flags 470 sz 0x1000 -> kr 0x00000000 rid 102 GPUVA 0x1000c708000 cpu 102e84000
[mtlr]   out: 000001000c708000 0000000102e84000 0000000102d78c80 0000000000000000
[mtlr]   out: 0000006600000000 0000000000004000 000000023712f268 00000000003668ee
[mtlr] resource2 sel8 flags 470 sz 0x1000 -> kr 0x00000000 rid 103 GPUVA 0x1000c710000 cpu 102e88000
[mtlr]   out: 000001000c710000 0000000102e88000 0000000102d78d40 0000000000000000
[mtlr]   out: 0000006700000000 0000000000004000 000000023712f269 00000000003668ef
[mtlr] resource2 sel8 flags 470 sz 0x1000 -> kr 0x00000000 rid 104 GPUVA 0x1000c718000 cpu 102e8c000
[mtlr]   out: 000001000c718000 0000000102e8c000 0000000102d78e00 0000000000000000
[mtlr]   out: 0000006800000000 0000000000004000 000000023712f26a 00000000003668f0
[mtlr] resource2 sel8 flags 470 sz 0x1000 -> kr 0x00000000 rid 105 GPUVA 0x1000c720000 cpu 102e90000
[mtlr]   out: 000001000c720000 0000000102e90000 0000000102d78ec0 0000000000000000
[mtlr]   out: 0000006900000000 0000000000004000 000000023712f26b 00000000003668f1
[mtlr] resource2 sel8 flags 470 sz 0x1000 -> kr 0x00000000 rid 106 GPUVA 0x1000c728000 cpu 102e94000
[mtlr]   out: 000001000c728000 0000000102e94000 0000000102d78f80 0000000000000000
[mtlr]   out: 0000006a00000000 0000000000004000 000000023712f26c 00000000003668f2
[mtlr] resource2 sel8 flags 470 sz 0x1000 -> kr 0x00000000 rid 107 GPUVA 0x1000c730000 cpu 102e98000
[mtlr]   out: 000001000c730000 0000000102e98000 0000000102d79040 0000000000000000
[mtlr]   out: 0000006b00000000 0000000000004000 000000023712f26d 00000000003668f3
[mtlr] resource2 sel8 flags 470 sz 0x1000 -> kr 0x00000000 rid 108 GPUVA 0x1000c738000 cpu 102e9c000
[mtlr]   out: 000001000c738000 0000000102e9c000 0000000102d79100 0000000000000000
[mtlr]   out: 0000006c00000000 0000000000004000 000000023712f26e 00000000003668f4
[mtlr] resource2 sel8 flags 470 sz 0x1000 -> kr 0x00000000 rid 109 GPUVA 0x1000c740000 cpu 102ea0000
[mtlr]   out: 000001000c740000 0000000102ea0000 0000000102d791c0 0000000000000000
[mtlr]   out: 0000006d00000000 0000000000004000 000000023712f26f 00000000003668f5
[ptspray] r2: victim rid 69 gpuva 0x1000c200000 cpu 0x117950000 (40 junk ready)
[ptspray] r2: destroy kr 0x00000000 + 40 junk => AGXUAT::process (PT pages -> pool0/pool1, unsrubbed)
[mtlr] resource2 sel8 flags 470 sz 0x400000 -> kr 0x00000000 rid 69 GPUVA 0x1000c200000 cpu 117950000
[mtlr]   out: 000001000c200000 0000000117950000 0000000102d773c0 0000000000000000
[mtlr]   out: 0000004500000000 0000000000400000 000000023712f270 00000000003668f6
[mtlr] resource2 sel8 flags 470 sz 0x400000 -> kr 0x00000000 rid 70 GPUVA 0x1000c608000 cpu 117d50000
[mtlr]   out: 000001000c608000 0000000117d50000 0000000102d77480 0000000000000000
[mtlr]   out: 0000004600000000 0000000000400000 000000023712f271 00000000003668f7
[mtlr] resource2 sel8 flags 470 sz 0x400000 -> kr 0x00000000 rid 71 GPUVA 0x1000ca10000 cpu 118150000
[mtlr]   out: 000001000ca10000 0000000118150000 0000000102d77540 0000000000000000
[mtlr]   out: 0000004700000000 0000000000400000 000000023712f272 00000000003668f8
[mtlr] resource2 sel8 flags 470 sz 0x400000 -> kr 0x00000000 rid 72 GPUVA 0x1000ce18000 cpu 118550000
[mtlr]   out: 000001000ce18000 0000000118550000 0000000102d77600 0000000000000000
[mtlr]   out: 0000004800000000 0000000000400000 000000023712f273 00000000003668f9
[mtlr] resource2 sel8 flags 470 sz 0x400000 -> kr 0x00000000 rid 73 GPUVA 0x1000d220000 cpu 118950000
[mtlr]   out: 000001000d220000 0000000118950000 0000000102d776c0 0000000000000000
[mtlr]   out: 0000004900000000 0000000000400000 000000023712f274 00000000003668fa
[mtlr] resource2 sel8 flags 470 sz 0x400000 -> kr 0x00000000 rid 74 GPUVA 0x1000d628000 cpu 118d50000
[mtlr]   out: 000001000d628000 0000000118d50000 0000000102d77780 0000000000000000
[mtlr]   out: 0000004a00000000 0000000000400000 000000023712f275 00000000003668fb
[mtlr] resource2 sel8 flags 470 sz 0x400000 -> kr 0x00000000 rid 75 GPUVA 0x1000da30000 cpu 119150000
[mtlr]   out: 000001000da30000 0000000119150000 0000000102d77840 0000000000000000
[mtlr]   out: 0000004b00000000 0000000000400000 000000023712f276 00000000003668fc
[mtlr] resource2 sel8 flags 470 sz 0x400000 -> kr 0x00000000 rid 76 GPUVA 0x1000de38000 cpu 119550000
[mtlr]   out: 000001000de38000 0000000119550000 0000000102d77900 0000000000000000
[mtlr]   out: 0000004c00000000 0000000000400000 000000023712f277 00000000003668fd
[mtlr] resource2 sel8 flags 470 sz 0x400000 -> kr 0x00000000 rid 77 GPUVA 0x1000e240000 cpu 119950000
[mtlr]   out: 000001000e240000 0000000119950000 0000000102d779c0 0000000000000000
[mtlr]   out: 0000004d00000000 0000000000400000 000000023712f278 00000000003668fe
[mtlr] resource2 sel8 flags 470 sz 0x400000 -> kr 0x00000000 rid 78 GPUVA 0x1000e648000 cpu 119d50000
[mtlr]   out: 000001000e648000 0000000119d50000 0000000102d77a80 0000000000000000
[mtlr]   out: 0000004e00000000 0000000000400000 000000023712f279 00000000003668ff
[mtlr] resource2 sel8 flags 470 sz 0x400000 -> kr 0x00000000 rid 79 GPUVA 0x1000ea50000 cpu 11a150000
[mtlr]   out: 000001000ea50000 000000011a150000 0000000102d77b40 0000000000000000
[mtlr]   out: 0000004f00000000 0000000000400000 000000023712f27a 0000000000366900
[mtlr] resource2 sel8 flags 470 sz 0x400000 -> kr 0x00000000 rid 80 GPUVA 0x1000ee58000 cpu 11a550000
[mtlr]   out: 000001000ee58000 000000011a550000 0000000102d77c00 0000000000000000
[mtlr]   out: 0000005000000000 0000000000400000 000000023712f27b 0000000000366901
[mtlr] resource2 sel8 flags 470 sz 0x400000 -> kr 0x00000000 rid 81 GPUVA 0x1000f260000 cpu 11a950000
[mtlr]   out: 000001000f260000 000000011a950000 0000000102d77cc0 0000000000000000
[mtlr]   out: 0000005100000000 0000000000400000 000000023712f27c 0000000000366902
[mtlr] resource2 sel8 flags 470 sz 0x400000 -> kr 0x00000000 rid 82 GPUVA 0x1000f668000 cpu 11ad50000
[mtlr]   out: 000001000f668000 000000011ad50000 0000000102d77d80 0000000000000000
[mtlr]   out: 0000005200000000 0000000000400000 000000023712f27d 0000000000366903
[mtlr] resource2 sel8 flags 470 sz 0x400000 -> kr 0x00000000 rid 83 GPUVA 0x1000fa70000 cpu 11b150000
[mtlr]   out: 000001000fa70000 000000011b150000 0000000102d77e40 0000000000000000
[mtlr]   out: 0000005300000000 0000000000400000 000000023712f27e 0000000000366904
[mtlr] resource2 sel8 flags 470 sz 0x400000 -> kr 0x00000000 rid 84 GPUVA 0x1000fe78000 cpu 11b550000
[mtlr]   out: 000001000fe78000 000000011b550000 0000000102d77f00 0000000000000000
[mtlr]   out: 0000005400000000 0000000000400000 000000023712f27f 0000000000366905
[mtlr] resource2 sel8 flags 470 sz 0x400000 -> kr 0x00000000 rid 85 GPUVA 0x10010280000 cpu 11b950000
[mtlr]   out: 0000010010280000 000000011b950000 0000000102d77fc0 0000000000000000
[mtlr]   out: 0000005500000000 0000000000400000 000000023712f280 0000000000366906
[mtlr] resource2 sel8 flags 470 sz 0x400000 -> kr 0x00000000 rid 86 GPUVA 0x10010688000 cpu 11bd50000
[mtlr]   out: 0000010010688000 000000011bd50000 0000000102d78080 0000000000000000
[mtlr]   out: 0000005600000000 0000000000400000 000000023712f281 0000000000366907
[mtlr] resource2 sel8 flags 470 sz 0x400000 -> kr 0x00000000 rid 87 GPUVA 0x10010a90000 cpu 11c150000
[mtlr]   out: 0000010010a90000 000000011c150000 0000000102d78140 0000000000000000
[mtlr]   out: 0000005700000000 0000000000400000 000000023712f282 0000000000366908
[mtlr] resource2 sel8 flags 470 sz 0x400000 -> kr 0x00000000 rid 88 GPUVA 0x10010e98000 cpu 11c550000
[mtlr]   out: 0000010010e98000 000000011c550000 0000000102d78200 0000000000000000
[mtlr]   out: 0000005800000000 0000000000400000 000000023712f283 0000000000366909
[mtlr] resource2 sel8 flags 470 sz 0x400000 -> kr 0x00000000 rid 89 GPUVA 0x100112a0000 cpu 11c950000
[mtlr]   out: 00000100112a0000 000000011c950000 0000000102d782c0 0000000000000000
[mtlr]   out: 0000005900000000 0000000000400000 000000023712f284 000000000036690a
[mtlr] resource2 sel8 flags 470 sz 0x400000 -> kr 0x00000000 rid 90 GPUVA 0x100116a8000 cpu 11cd50000
[mtlr]   out: 00000100116a8000 000000011cd50000 0000000102d78380 0000000000000000
[mtlr]   out: 0000005a00000000 0000000000400000 000000023712f285 000000000036690b
[mtlr] resource2 sel8 flags 470 sz 0x400000 -> kr 0x00000000 rid 91 GPUVA 0x10011ab0000 cpu 11d150000
[mtlr]   out: 0000010011ab0000 000000011d150000 0000000102d78440 0000000000000000
[mtlr]   out: 0000005b00000000 0000000000400000 000000023712f286 000000000036690c
[mtlr] resource2 sel8 flags 470 sz 0x400000 -> kr 0x00000000 rid 92 GPUVA 0x10011eb8000 cpu 11d550000
[mtlr]   out: 0000010011eb8000 000000011d550000 0000000102d78500 0000000000000000
[mtlr]   out: 0000005c00000000 0000000000400000 000000023712f287 000000000036690d
[ptspray] r2 control: victim gpuva 0x1000c200000 — 1/24 reclaimers landed on it (0 = reclaim path not exercised, result inconclusive)
[ptspray] r2 wave[0] rid 69 gpuva 0x1000c200000 (victim 0x1000c200000, REUSED)
[ptspray] r2 wave[1] rid 70 gpuva 0x1000c608000 (victim 0x1000c200000, )
[ptspray] r2 wave[2] rid 71 gpuva 0x1000ca10000 (victim 0x1000c200000, )
[ptspray] r2 wave[3] rid 72 gpuva 0x1000ce18000 (victim 0x1000c200000, )
[ptspray] r2 wave[4] rid 73 gpuva 0x1000d220000 (victim 0x1000c200000, )
[ptspray] r2 wave[5] rid 74 gpuva 0x1000d628000 (victim 0x1000c200000, )
[ptspray] r2 wave[6] rid 75 gpuva 0x1000da30000 (victim 0x1000c200000, )
[ptspray] r2 wave[7] rid 76 gpuva 0x1000de38000 (victim 0x1000c200000, )
[ptspray] r2 summary: 24 reclaimers | zero 24 | PTE-shaped 0 | data/unknown 0 | (no PT content reachable)
[ptspray] done (alive)
[probe13] ptspray-only mode, stop
