[main] fuzz harness up, mode=scaler
[main] sandbox note: VCPDRM open is MACF-denied (iokit-open-user-client VCPDRMUserClient); mach-lookup com.apple.sprr / com.apple.jitbox exist but are sandbox-gated (seen in kernel log)
[open] AppleM2ScalerCSCDriver -> conn 0x6703
[scaler] conn 0x6703, s1 22 s2 23
[probe12] SetNotificationPort -> 0x00000000
[recl2] v107 step 2
[open] IOGPU -> conn 0x8003
[mtlr] resource2 sel8 flags 470 sz 0x10000 -> kr 0x00000000 rid 119 GPUVA 0x10002490000 cpu 10f1bc000
[mtlr]   out: 0000010002490000 000000010f1bc000 0000000104689940 0000000000000000
[mtlr]   out: 0000007700000000 0000000000010000 0000000012045652 00000000000051bc
[recl2] provocation drain+sleep after destroy
[recl2] spray 5s done, 90 iters, first hit NONE
[mtlr] resource2 sel8 flags 470 sz 0x10000 -> kr 0x00000000 rid 121 GPUVA 0x10002490000 cpu 10decc000
[mtlr]   out: 0000010002490000 000000010decc000 0000000104689ac0 0000000000000000
[mtlr]   out: 0000007900000000 0000000000010000 0000000012046070 0000000000005539
[recl2] provocation mempressure after destroy
[recl2] spray 5s done, 90 iters, first hit NONE
[mtlr] resource2 sel8 flags 470 sz 0x10000 -> kr 0x00000000 rid 135 GPUVA 0x10002490000 cpu 10decc000
[mtlr]   out: 0000010002490000 000000010decc000 000000010468a540 0000000000000000
[mtlr]   out: 0000008700000000 0000000000010000 00000000120463be 000000000000587e
[recl2] provocation purgeable after destroy
-[IOGPUMetalBuffer initWithDevice:pointer:length:alignment:options:sysMemSize:gpuAddress:gpuTag:placementSparsePageSize:placementSparseResidencyBytes:args:argsSize:deallocator:]:219: failed assertion `Invalid storageMode 3'
