02:17:46  Acquired tunnel connection to device.
02:17:46  Enabling developer disk image services.
02:17:46  Acquired usage assertion.
Launched application with cancer9725.turquoise1323 bundle identifier.
Waiting for the application to terminate…
[main] fuzz harness up, mode=all
[main] sandbox note: VCPDRM open is MACF-denied (iokit-open-user-client VCPDRMUserClient); mach-lookup com.apple.sprr / com.apple.jitbox exist but are sandbox-gated (seen in kernel log)
[open] IOServiceOpen VCPDRMService failed: 0xe00002e2
[open] service VCPDRMServiceUserClient not found
[vcpdrm] no connection, target dead
[mig] bootstrap-name phase done; add learned names to cand_names[]
[open] AppleM2ScalerCSCDriver -> conn 0xa903
[scaler] conn 0xa903, s1 22 s2 24
[probe12] SetNotificationPort -> 0x00000000
[v76] blit with prepared resource + fine GPUVA sweep
[open] IOGPU -> conn 0xa503
[sm] resource buf 0x100318000 sz 0x40000 -> kr 0x00000000 rid 1 off32 40000
[bh] target rid 1
[s4] sel12 size 0x4000 -> kr 0x00000000 va 10035c000 id 1
[s4] sel12 size 0x4000 -> kr 0x00000000 va 100364000 id 2
[bh] all-slots=rid 1, candidate GPUVA 0x100040000
[bh] slot 0 alive
[v76] sweep done (alive)
[v74] sel45 GPU mapping
[open] IOGPU -> conn 0xa607
[m45] nqid 1 vmid 1 attach 0x00000000
[m45] f16 00 rid 1: sel45 -> kr 0xe00002c2
[m45] f16 01 rid 2: sel45 -> kr 0xe00002c2
[m45] f16 02 rid 3: sel45 -> kr 0xe00002c2
[m45] f16 03 rid 4: sel45 -> kr 0xe00002c2
[m45] f16 06 rid 5: sel45 -> kr 0xe00002c2
[m45] f16 07 rid 6: sel45 -> kr 0xe00002c2
[m45] f16 40 rid 7: sel45 -> kr 0xe00002c2
[m45] f16 42 rid 8: sel45 -> kr 0xe00002c2
[v74] done (alive)
[v73] IORegistry IOGPUResource dump
[rg] IOGPUResource: none
[rg] IOGPUSysMemory: none
[rg] AGXDevice: none
[rg] IOGPUDevice: none
[v73] done
[v72] resource GPUVA discovery
[open] IOGPU -> conn 0x6813
[gv] f16 00 -> kr 0x00000000 out:
[gv]   +00: 0000010000004000 0000000000000000 0000000104f0c0c0 0000000000000000
[gv]   +20: 0000000100000000 0000000000004000 0000000010061673 000000000000bf4d
[gv]   +40: 0000000000000000 0000000000000000 0000000000000000 0000000000000000
[gv] f16 01 -> kr 0x00000000 out:
[gv]   +00: 000001000000c000 0000000000000000 0000000104f0c180 0000000000000000
[gv]   +20: 0000000200000000 0000000000004000 0000000010061674 000000000000bf4e
[gv]   +40: 0000000000000000 0000000000000000 0000000000000000 0000000000000000
[gv] f16 02 -> kr 0x00000000 out:
[gv]   +00: 0000010000014000 0000000000000000 0000000104f0c240 0000000000000000
[gv]   +20: 0000000300000000 0000000000004000 0000000010061675 000000000000bf4f
[gv]   +40: 0000000000000000 0000000000000000 0000000000000000 0000000000000000
[gv] f16 03 -> kr 0x00000000 out:
[gv]   +00: 000001000001c000 0000000000000000 0000000104f0c300 0000000000000000
[gv]   +20: 0000000400000000 0000000000004000 0000000010061676 000000000000bf50
[gv]   +40: 0000000000000000 0000000000000000 0000000000000000 0000000000000000
[gv] f16 06 -> kr 0x00000000 out:
[gv]   +00: 0000010000024000 0000000000000000 0000000104f0c3c0 0000000000000000
[gv]   +20: 0000000500000000 0000000000004000 0000000010061677 000000000000bf51
[gv]   +40: 0000000000000000 0000000000000000 0000000000000000 0000000000000000
[gv] f16 07 -> kr 0x00000000 out:
[gv]   +00: 000001000002c000 0000000000000000 0000000104f0c480 0000000000000000
[gv]   +20: 0000000600000000 0000000000004000 0000000010061678 000000000000bf52
[gv]   +40: 0000000000000000 0000000000000000 0000000000000000 0000000000000000
[v72] done
[v70] blit write replay
[open] IOGPU -> conn 0xa107
[sm] resource buf 0x104f3c000 sz 0x4000 -> kr 0x00000000 rid 1 off32 4000
[sm] resource buf 0x104f40000 sz 0x4000 -> kr 0x00000000 rid 2 off32 c000
[sm] resource buf 0x104f44000 sz 0x4000 -> kr 0x00000000 rid 3 off32 14000
[sm] resource buf 0x104f48000 sz 0x4000 -> kr 0x00000000 rid 4 off32 1c000
[sm] resource buf 0x104f4c000 sz 0x4000 -> kr 0x00000000 rid 5 off32 24000
[sm] resource buf 0x104f50000 sz 0x4000 -> kr 0x00000000 rid 6 off32 2c000
[sm] resource buf 0x104f54000 sz 0x4000 -> kr 0x00000000 rid 7 off32 34000
[sm] resource buf 0x104f58000 sz 0x4000 -> kr 0x00000000 rid 8 off32 3c000
[sm] resource buf 0x104f5c000 sz 0x4000 -> kr 0x00000000 rid 9 off32 44000
[sm] resource buf 0x104f60000 sz 0x4000 -> kr 0x00000000 rid 10 off32 4c000
[sm] resource buf 0x104f64000 sz 0x4000 -> kr 0x00000000 rid 11 off32 54000
[sm] resource buf 0x104f68000 sz 0x4000 -> kr 0x00000000 rid 12 off32 5c000
[sm] resource buf 0x104f6c000 sz 0x4000 -> kr 0x00000000 rid 13 off32 64000
[sm] resource buf 0x104f70000 sz 0x4000 -> kr 0x00000000 rid 14 off32 6c000
[sm] resource buf 0x104f74000 sz 0x4000 -> kr 0x00000000 rid 15 off32 74000
[sm] resource buf 0x104f78000 sz 0x4000 -> kr 0x00000000 rid 16 off32 7c000
[sm] resource buf 0x104f7c000 sz 0x4000 -> kr 0x00000000 rid 17 off32 84000
[sm] resource buf 0x104f80000 sz 0x4000 -> kr 0x00000000 rid 18 off32 8c000
[sm] resource buf 0x104f84000 sz 0x4000 -> kr 0x00000000 rid 19 off32 94000
[sm] resource buf 0x104f88000 sz 0x4000 -> kr 0x00000000 rid 20 off32 9c000
[sm] resource buf 0x104f8c000 sz 0x4000 -> kr 0x00000000 rid 21 off32 a4000
[sm] resource buf 0x104f90000 sz 0x4000 -> kr 0x00000000 rid 22 off32 ac000
[sm] resource buf 0x104f94000 sz 0x4000 -> kr 0x00000000 rid 23 off32 b4000
[sm] resource buf 0x104f98000 sz 0x4000 -> kr 0x00000000 rid 24 off32 bc000
[sm] resource buf 0x104f9c000 sz 0x4000 -> kr 0x00000000 rid 25 off32 c4000
[sm] resource buf 0x104fa0000 sz 0x4000 -> kr 0x00000000 rid 26 off32 cc000
[sm] resource buf 0x104fa4000 sz 0x4000 -> kr 0x00000000 rid 27 off32 d4000
[sm] resource buf 0x104fa8000 sz 0x4000 -> kr 0x00000000 rid 28 off32 dc000
[sm] resource buf 0x104fac000 sz 0x4000 -> kr 0x00000000 rid 29 off32 e4000
[sm] resource buf 0x104fb0000 sz 0x4000 -> kr 0x00000000 rid 30 off32 ec000
[sm] resource buf 0x104fb4000 sz 0x4000 -> kr 0x00000000 rid 31 off32 f4000
[sm] resource buf 0x104fb8000 sz 0x4000 -> kr 0x00000000 rid 32 off32 fc000
[sm] resource buf 0x104fbc000 sz 0x4000 -> kr 0x00000000 rid 33 off32 104000
[sm] resource buf 0x104fc0000 sz 0x4000 -> kr 0x00000000 rid 34 off32 10c000
[sm] resource buf 0x104fc4000 sz 0x4000 -> kr 0x00000000 rid 35 off32 114000
[sm] resource buf 0x104fc8000 sz 0x4000 -> kr 0x00000000 rid 36 off32 11c000
[sm] resource buf 0x104fcc000 sz 0x4000 -> kr 0x00000000 rid 37 off32 124000
[sm] resource buf 0x104fd0000 sz 0x4000 -> kr 0x00000000 rid 38 off32 12c000
[sm] resource buf 0x104fd4000 sz 0x4000 -> kr 0x00000000 rid 39 off32 134000
[sm] resource buf 0x104fd8000 sz 0x4000 -> kr 0x00000000 rid 40 off32 13c000
[bw] created 40 target resources
[s4] sel12 size 0x4000 -> kr 0x00000000 va 104fe0000 id 1
[s4] sel12 size 0x4000 -> kr 0x00000000 va 104fe8000 id 2
[bw] sweep at 0x100000000 alive
[bw] sweep at 0x100100000 alive
[v70b] blit loop start (watch the screen)
[v70b] r5000 alive
[v70b] r10000 alive
[v70b] r15000 alive
[v70b] blit loop done
[v70] sweep done (alive)
[v70] done (alive)
[v68] full AGFI submit
[open] IOGPU -> conn 0x5c13
[s4] sel12 size 0x4000 -> kr 0x00000000 va 107a90000 id 1
[s4] sel12 size 0x4000 -> kr 0x00000000 va 107a98000 id 2
[sm] resource buf 0x107a9c000 sz 0x10000 -> kr 0x00000000 rid 1 off32 10000
[fu] target resource rid 1, candidate GPUVA 0x100010000
[fu] GPUVA 0x100010000 -> kr 0x00000000 outw 00000000, target 5A 0
[fu] GPUVA 0x100020000 -> kr 0x00000000 outw 00000000, target 5A 0
[fu] GPUVA 0x100030000 -> kr 0x00000000 outw 00000000, target 5A 0
[fu] GPUVA 0x100040000 -> kr 0x00000000 outw 00000000, target 5A 0
[fu] GPUVA 0x100008000 -> kr 0x00000000 outw 00000000, target 5A 0
[fu] GPUVA 0x10000c000 -> kr 0x00000000 outw 00000000, target 5A 0
[fu] GPUVA 0x100000000 -> kr 0x00000000 outw 00000000, target 5A 0
[v69] done (alive)
[v67] faithful AGFI replay
[open] IOGPU -> conn 0x160f
[s4] sel12 size 0x4000 -> kr 0x00000000 va 107ae0000 id 1
[s4] sel12 size 0x4000 -> kr 0x00000000 va 107ae8000 id 2
[sm] resource buf 0x107af0000 sz 0x10000 -> kr 0x00000000 rid 1 off32 10000
[fu] target resource rid 1, candidate GPUVA 0x100010000
[fr] observer nq va 0x107b10000
[fr] faithful submit -> kr 0x00000000 outw 00000000
[fr] nq dump after submit:
[fr]   +00: 14 14 00 00 00 00 00 00 00 00 00 00 00 00 00 00
[fr]   +10: 00 00 00 00 00 00 00 00 00 00 00 00 00 00 00 00
[fr]   +20: 00 00 00 00 00 00 00 00 00 00 00 00 00 00 00 00
[fr]   +30: 00 00 00 00 00 00 00 00 00 00 00 00 00 00 00 00
[v67] done (alive)
[v66] AGFI reconstruction submit
[open] IOGPU -> conn 0x2e13
[s4] sel12 size 0x4000 -> kr 0x00000000 va 107b38000 id 1
[s4] sel12 size 0x4000 -> kr 0x00000000 va 107b40000 id 2
[rc] recon submit -> kr 0x00000000 outw 0000000a
[v66] done (alive)
[v65] AGX command replay
[open] IOGPU -> conn 0x1b53
[s4] sel12 size 0x4000 -> kr 0x00000000 va 107b70000 id 1
[s4] sel12 size 0x4000 -> kr 0x00000000 va 107b78000 id 2
[rp] replay submit -> kr 0x00000000 outw 0000000a
[v65] done (alive)
[v64] AGX tail crafting
[open] IOGPU -> conn 0x300b
[s4] sel12 size 0x8000 -> kr 0x00000000 va 107ba8000 id 1
[s4] sel12 size 0x4000 -> kr 0x00000000 va 107bb4000 id 2
[tl] r0 subtype 1 -> kr 0x00000000 outw 0000000a
[tl] r1 subtype 2 -> kr 0x00000000 outw 0000000a
[tl] r2 subtype 1 -> kr 0x00000000 outw 0000000a
[tl] r3 subtype 2 -> kr 0x00000000 outw 0000000a
[tl] r200000 alive
[tl] r400000 alive
[tl] r600000 alive
[tl] r800000 alive
[tl] r1000000 alive
[tl] r1200000 alive
[tl] r1400000 alive
[tl] r1600000 alive
[tl] r1800000 alive
[tl] r2000000 alive
[tl] r2200000 alive
[tl] r2400000 alive
[tl] r2600000 alive
[tl] r2800000 alive
[tl] r3000000 alive
[tl] r3200000 alive
[tl] r3400000 alive
[tl] r3600000 alive
[tl] r3800000 alive
[tl] r4000000 alive
[tl] r4200000 alive
[tl] r4400000 alive
[tl] r4600000 alive
[tl] r4800000 alive
[tl] r5000000 alive
[tl] r5200000 alive
[tl] r5400000 alive
[tl] r5600000 alive
[tl] r5800000 alive
[tl] r6000000 alive
[tl] r6200000 alive
[tl] r6400000 alive
[tl] r6600000 alive
[tl] r6800000 alive
[tl] r7000000 alive
[tl] r7200000 alive
[tl] r7400000 alive
[tl] r7600000 alive
[tl] r7800000 alive
[tl] r8000000 alive
[tl] r8200000 alive
[tl] r8400000 alive
[tl] r8600000 alive
[tl] r8800000 alive
[tl] r9000000 alive
[tl] r9200000 alive
[tl] r9400000 alive
[tl] r9600000 alive
[tl] r9800000 alive
[tl] r10000000 alive
[tl] r10200000 alive
[tl] r10400000 alive
[tl] r10600000 alive
[tl] r10800000 alive
[tl] r11000000 alive
[tl] r11200000 alive
[tl] r11400000 alive
[tl] r11600000 alive
[tl] r11800000 alive
[tl] r12000000 alive
[tl] r12200000 alive
[tl] r12400000 alive
[tl] r12600000 alive
[tl] r12800000 alive
[tl] r13000000 alive
[tl] r13200000 alive
[tl] r13400000 alive
[tl] r13600000 alive
[tl] r13800000 alive
[tl] r14000000 alive
[tl] r14200000 alive
[tl] r14400000 alive
[tl] r14600000 alive
[tl] r14800000 alive
[tl] r15000000 alive
[tl] r15200000 alive
[tl] r15400000 alive
[tl] r15600000 alive
[tl] r15800000 alive
[tl] r16000000 alive
[tl] r16200000 alive
[tl] r16400000 alive
[tl] r16600000 alive
[tl] r16800000 alive
[tl] r17000000 alive
[tl] r17200000 alive
[tl] r17400000 alive
[tl] r17600000 alive
App terminated due to signal 9.
