18:47:50  Acquired tunnel connection to device.
18:47:50  Enabling developer disk image services.
18:47:50  Acquired usage assertion.
Launched application with cancer9725.turquoise1323 bundle identifier.
Waiting for the application to terminate…
[main] fuzz harness up, mode=all
[main] sandbox note: VCPDRM open is MACF-denied (iokit-open-user-client VCPDRMUserClient); mach-lookup com.apple.sprr / com.apple.jitbox exist but are sandbox-gated (seen in kernel log)
[open] IOServiceOpen VCPDRMService failed: 0xe00002e2
[open] service VCPDRMServiceUserClient not found
[vcpdrm] no connection, target dead
[mig] bootstrap-name phase done; add learned names to cand_names[]
[open] AppleM2ScalerCSCDriver -> conn 0x780b
[scaler] conn 0x780b, s1 20 s2 21
[probe12] SetNotificationPort -> 0x00000000
[v50] end-to-end submit
[open] IOGPU -> conn 0x6603
[sm] queue kr 0x00000000 qid 1
[sm] resource buf 0x102300000 sz 0x4000 -> kr 0x00000000 rid 1
[sm] resource buf 0x102304000 sz 0x4000 -> kr 0x00000000 rid 2
[sm] sel25 stIn 0x40 -> kr 0xe00002bc scOut 0
[sm] sel25 stIn 0x80 -> kr 0xe00002c2 scOut 0
[sm] sel25 stIn 0x100 -> kr 0xe00002c2 scOut 0
[sm] sel25 stIn 0x200 -> kr 0xe00002c2 scOut 0
[sm] sel25 stIn 0x400 -> kr 0xe00002c2 scOut 0
[sm] stream just-end (hdr 80000000) -> kr 0xe00002bc scOut 0
[sm] stream type1-end (hdr 80000001) -> kr 0xe00002bc scOut 0
[sm] stream type2-end (hdr 80000002) -> kr 0xe00002bc scOut 0
[sm] stream type1-noend (hdr 00000001) -> kr 0xe00002bc scOut 0
[v50] done (alive)
[v49] queue shmem drive
[open] IOGPU -> conn 0x6b3f
[qd] qid 1 tok 1b0828e6
[qd] candidate pages: 4
[qd] ctrl 0x102244000 data 0x102200000
[qd] ctrl+00: 0000006e 00000012 00000001 00000001
[qd] ctrl+10: 00000008 00000001 00000001 00000001
[qd] ctrl+20: 00000001 00000001 00000001 00000001
[qd] ctrl+30: 00000001 00000001 00000001 00000001
[qd] data+00: 00000004 00000000 0000001e 00000000
[qd] data+10: 00000007 00000000 0000001d 00000000
[qd] data+20: 00000007 00000000 0000000f 00000000
[qd] data+30: 00000000 00000000 00000000 00000000
[qd] trap1(1, 1) -> kr 0xe00002c2 | ctrl now 0000006e 00000012 00000001 00000001
[qd] trap1(1, 2) -> kr 0xe00002c2 | ctrl now 0000006e 00000012 00000001 00000001
[qd] trap1(1, 3) -> kr 0xe00002c2 | ctrl now 0000006e 00000012 00000001 00000001
[v49] done (alive)
[v48] queue shmem via region diff
[open] IOGPU -> conn 0x7c2b
[qs] regions before: 130
[qs] sel6 -> kr 0x00000000 qid 1 tok 1b0828ec
[qs] NEW region 102348000 size 4000: 00 00 00 00 00 00 00 00
[qs] NEW region 10234c000 size 4000: 01 00 00 00 00 00 00 00
[qs] new regions: 2
[v48] done
[v47] getter dump
[open] IOGPU -> conn 0x4517
[gt] sel  0 -> kr 0x00000000 osz 0x40 soc 0
[gt]   +00: 0000000000004340 0000000000000000 0000000000000000 0000000000000002
[gt]   +20: 0000000155558000 0000000100000000 0000000000000000 0000000000000000
[gt]   +40: aaaaaaaaaaaaaaaa aaaaaaaaaaaaaaaa aaaaaaaaaaaaaaaa aaaaaaaaaaaaaaaa
[gt] sel  1 -> kr 0x00000000 osz 0x40 soc 0
[gt]   +00: 0050363147584741 0000000000000000 0000000000000000 0000000000000000
[gt]   +20: 0000000000000000 0000000000000000 0000000000000000 0000000000000000
[gt]   +40: aaaaaaaaaaaaaaaa aaaaaaaaaaaaaaaa aaaaaaaaaaaaaaaa aaaaaaaaaaaaaaaa
[gt] sel  2 -> kr 0x00000000 osz 0x218 soc 0
[gt]   +00: 0000000102350000 0000000800000008 0000008000000000 0000000400000000
[gt]   +20: 0000000c00000008 0000001400000010 0000001c00000018 0000002400000020
[gt]   +40: 0000002c00000028 0000003400000030 0000003c00000038 0000004400000040
[gt] sel  3 -> kr 0x00000000 osz 0x8 soc 0
[gt]   +00: 0000000000000000 aaaaaaaaaaaaaaaa aaaaaaaaaaaaaaaa aaaaaaaaaaaaaaaa
[gt]   +20: aaaaaaaaaaaaaaaa aaaaaaaaaaaaaaaa aaaaaaaaaaaaaaaa aaaaaaaaaaaaaaaa
[gt]   +40: aaaaaaaaaaaaaaaa aaaaaaaaaaaaaaaa aaaaaaaaaaaaaaaa aaaaaaaaaaaaaaaa
[gt] sel  4 -> kr 0x00000000 osz 0x20 soc 0
[gt]   +00: 000000001b0828f0 0000000102368000 0000000102358000 0000000000004000
[gt]   +20: aaaaaaaaaaaaaaaa aaaaaaaaaaaaaaaa aaaaaaaaaaaaaaaa aaaaaaaaaaaaaaaa
[gt]   +40: aaaaaaaaaaaaaaaa aaaaaaaaaaaaaaaa aaaaaaaaaaaaaaaa aaaaaaaaaaaaaaaa
[gt] sel  5 -> kr 0x00000000 osz 0x10 soc 0
[gt]   +00: 000000001b0828f1 000000001c0828f1 aaaaaaaaaaaaaaaa aaaaaaaaaaaaaaaa
[gt]   +20: aaaaaaaaaaaaaaaa aaaaaaaaaaaaaaaa aaaaaaaaaaaaaaaa aaaaaaaaaaaaaaaa
[gt]   +40: aaaaaaaaaaaaaaaa aaaaaaaaaaaaaaaa aaaaaaaaaaaaaaaa aaaaaaaaaaaaaaaa
[gt] sel 16 -> kr 0x00000000 osz 0x8 soc 0
[gt]   +00: 000000001b0828ef aaaaaaaaaaaaaaaa aaaaaaaaaaaaaaaa aaaaaaaaaaaaaaaa
[gt]   +20: aaaaaaaaaaaaaaaa aaaaaaaaaaaaaaaa aaaaaaaaaaaaaaaa aaaaaaaaaaaaaaaa
[gt]   +40: aaaaaaaaaaaaaaaa aaaaaaaaaaaaaaaa aaaaaaaaaaaaaaaa aaaaaaaaaaaaaaaa
[gt] sel 21 -> kr 0x00000000 osz 0x30 soc 0
[gt]   +00: 0000000000000000 0000000000000000 0000000000000000 0000000000000000
[gt]   +20: 0000000000000000 0000000000000000 aaaaaaaaaaaaaaaa aaaaaaaaaaaaaaaa
[gt]   +40: aaaaaaaaaaaaaaaa aaaaaaaaaaaaaaaa aaaaaaaaaaaaaaaa aaaaaaaaaaaaaaaa
[gt] sel 22 -> kr 0xe00002c7 osz 0x400 soc 0
[gt] sel 28 -> kr 0xe00002c2 osz 0x0 soc 0
[v47] done
[v46] shmem selector probes
[open] IOGPU -> conn 0x8007
[sh] --- IOGPU/1 conn 0x8007
[open] AGXAcceleratorG16P -> conn 0x5f23
[sh] --- AGXAcceleratorG16P/1 conn 0x5f23
[open] AGXAcceleratorG16P -> conn 0x800f
[sh] --- AGXAcceleratorG16P/100001 conn 0x800f
[v46] done
[v45] IOGPU.framework drive
[fw] DeviceCreate 0x21405a744 QueueCreate 0x214042690 GetConnect 0x21405a7f4
[fw] device 0x0
[v44] IOGPU submit path
[open] IOGPU -> conn 0x5f2b
[sub] sel6 stIn 0x410 -> kr 0x00000000 out {1 1c0828f9}
[sub] queue: qid 1 tok 1c0828f9
[sub] sel25 count=0 -> kr 0xe00002c2 out 0
[v44] done (alive)
[v43] AGX Metal-sequence replay
[open] AGXAcceleratorG16P -> conn 0x6d2b
[agx] conn 0x6d2b
[agx] sel9 alloc -> kr 0xe00002c2 osz 0x100 out {0000000000000000 0000000000000000 0000000000000000}
[agx] sel14 {0x4000,0} -> kr 0xe00002c2 out {0000000000000000 0000000000000000 0000000000000000 0000000000000000}
[agx] sel14 {0x4000,1} -> kr 0xe00002c2 out {0000000000000000 0000000000000000 0000000000000000 0000000000000000}
[agx] sel16 -> kr 0xe00002c2 out {0000000000000000 0000000000000000 0000000000000000 0000000000000000}
[agx] sel28 {1,1} -> kr 0xe00002c2
[agx] sel17 {1} -> kr 0xe00002c2
[agx] sel8 {1} -> kr 0xe00002c2
[agx] sel15 {2} -> kr 0xe00002c2 out {0 0}
[v43] done (alive)
[v42] AGX service scan
[agx] AGXAcceleratorG16P       type 0x0 -> 0xe00002c7
[agx] AGXAcceleratorG16P       OPEN OK type 0x1 conn 0x801b
[agx] AGXAcceleratorG16P       type 0x100005 -> 0xe00002c7
[agx] AGXAcceleratorG16P       type 0x5 -> 0xe00002c7
[agx] AGXAcceleratorG16P       OPEN OK type 0x100001 conn 0x801f
[agx] AGXAcceleratorG16        type 0x0 -> 0xe00002c7
[agx] AGXAcceleratorG16        OPEN OK type 0x1 conn 0x8023
[agx] AGXAcceleratorG16        type 0x100005 -> 0xe00002c7
[agx] AGXAcceleratorG16        type 0x5 -> 0xe00002c7
[agx] AGXAcceleratorG16        OPEN OK type 0x100001 conn 0x8027
[agx] AGXAccelerator           type 0x0 -> 0xe00002c7
[agx] AGXAccelerator           OPEN OK type 0x1 conn 0x802b
[agx] AGXAccelerator           type 0x100005 -> 0xe00002c7
[agx] AGXAccelerator           type 0x5 -> 0xe00002c7
[agx] AGXAccelerator           OPEN OK type 0x100001 conn 0x802f
[agx] AGXAcceleratorG15P       NOT FOUND
[agx] AGXAcceleratorG16G       NOT FOUND
[agx] AGXG16P                  NOT FOUND
[agx] AGXControl               NOT FOUND
[agx] AGXDevice                NOT FOUND
[agx] AGXService               NOT FOUND
[agx] AppleAGXControl          NOT FOUND
[v42] done
[v41] IOGPU VM full path
[open] IOGPU -> conn 0x8033
[vm2] sel8 -> kr 0x00000000 rid 1
[vm2] sel14 sweep done, unusual krs 0
[vm2] sel42 -> kr 0x00000000 vmid 1 tok 1c0829ab
[vm2] missing pieces, abort
[v40] IOGPU VM map probes
[open] IOGPU -> conn 0xa903
[vm] sel8 -> kr 0x00000000 rid 1
[vm] sel42 -> kr 0x00000000 out {1, 1c0829af}
[vm] sel6 new_cmd_queue -> kr 0xe00002c2 out {0, 0}
[vm] sel44 attach vmtok (1c0829af) -> kr 0xe00002c2
[vm] sel44 attach rid (1) -> kr 0xe00002c2
[vm] sel44 attach qid (0) -> kr 0xe00002c2
[vm] no attach, abort
[v39] IOGPU resource games
[open] IOGPU -> conn 0x8203
[gpu] conn 0x8203
[gpu] sel8 insz 0x58 outsz 0x58 -> kr 0xe00002bc
[gpu] sel8 insz 0x58 outsz 0x80 -> kr 0xe00002bc
[gpu] sel8 insz 0x58 outsz 0x100 -> kr 0xe00002bc
[gpu] sel8 insz 0x58 outsz 0x220 -> kr 0xe00002bc
[gpu] sel8 insz 0x58 outsz 0x400 -> kr 0xe00002bc
[gpu] sel8 insz 0x58 outsz 0x1000 -> kr 0xe00002bc
[gpu] sel8 insz 0x60 outsz 0x58 -> kr 0xe00002bc
[gpu] sel8 insz 0x60 outsz 0x80 -> kr 0xe00002bc
[gpu] sel8 insz 0x60 outsz 0x100 -> kr 0xe00002bc
[gpu] sel8 insz 0x60 outsz 0x220 -> kr 0xe00002bc
[gpu] sel8 insz 0x60 outsz 0x400 -> kr 0xe00002bc
[gpu] sel8 insz 0x60 outsz 0x1000 -> kr 0xe00002bc
[gpu] sel8 insz 0x68 outsz 0x58 -> kr 0x00000000
[gpu] sel8 normal -> kr 0x00000000 rid 1
[gpu] sel8 inflated -> kr 0x00000000 rid 2 (out+28 4000)
[gpu] inflated out: 0000010000108000 0000000000004000 000000001c0829bf
[gpu] sel8 f15 00 f16 01 -> kr 0x00000000 rid 3
[gpu]   sel38 on rid 3 -> kr 0xe00002c2
[gpu] sel8 f15 08 f16 00 -> kr 0xe00002c2 rid 0
[gpu] sel8 f15 00 f16 06 -> kr 0x00000000 rid 4
[gpu]   sel38 on rid 4 -> kr 0xe00002c2
[gpu] sel39 replace_ranges -> kr 0xe00002c2
[gpu] sel42 new_queue -> kr 0x00000000 out 1 1c0829c2
[v39] done (alive)
[v38] method-table probes
[open] AppleJPEGDriver -> conn 0xa803
[mp] AppleJPEGDriver/0 sel  0: scalar 0xe00002c2 (cnt 4) | s00 0x00000000 | s1000 0xe00002c2 osz 0x1000
[mp] AppleJPEGDriver/0 sel  1: scalar 0xe00002c2 (cnt 4) | s00 0xe00002c2 | s1000 0xe00002c2 osz 0x1000
[mp] AppleJPEGDriver/0 sel  2: scalar 0xe00002c2 (cnt 4) | s00 0x00000000 | s1000 0xe00002c2 osz 0x1000
[mp] AppleJPEGDriver/0 sel  3: scalar 0xe00002c2 (cnt 4) | s00 0xe00002c2 | s1000 0xe00002c2 osz 0x1000
[mp] AppleJPEGDriver/0 sel  4: scalar 0xe00002c2 (cnt 4) | s00 0xe00002c2 | s1000 0xe00002bc osz 0x1000
[mp] AppleJPEGDriver/0 sel  5: scalar 0xe00002c2 (cnt 4) | s00 0xe00002c2 | s1000 0xe00002cc osz 0x1000
[mp] AppleJPEGDriver/0 sel  6: scalar 0xe00002c2 (cnt 4) | s00 0xe00002c2 | s1000 0xe00002c2 osz 0x1000
[mp] AppleJPEGDriver/0 sel  7: scalar 0xe00002c2 (cnt 4) | s00 0xe00002c2 | s1000 0xe00002c2 osz 0x1000
[mp] AppleJPEGDriver/0 sel  8: scalar 0xe00002c2 (cnt 4) | s00 0xe00002c2 | s1000 0xe00002c2 osz 0x1000
[mp] AppleJPEGDriver/0 sel  9: scalar 0xe00002c2 (cnt 4) | s00 0xe00002bc | s1000 0xe00002c2 osz 0x1000
[mp] AppleJPEGDriver/0 sel 10: scalar 0xe00002c2 (cnt 4) | s00 0xe00002c2 | s1000 0xe00002c2 osz 0x1000
[mp] AppleJPEGDriver/0 sel 11: scalar 0xe00002c2 (cnt 4) | s00 0xe00002c2 | s1000 0xe00002c2 osz 0x1000
[mp] AppleJPEGDriver/0 sel 12: scalar 0xe00002c2 (cnt 4) | s00 0xe00002c2 | s1000 0xe00002c2 osz 0x1000
[mp] AppleJPEGDriver/0 sel 13: scalar 0xe00002c2 (cnt 4) | s00 0xe00002c2 | s1000 0xe00002c2 osz 0x1000
[mp] AppleJPEGDriver/0 sel 14: scalar 0xe00002c2 (cnt 4) | s00 0xe00002c2 | s1000 0xe00002c2 osz 0x1000
[mp] AppleJPEGDriver/0 sel 15: scalar 0xe00002c2 (cnt 4) | s00 0xe00002c2 | s1000 0xe00002c2 osz 0x1000
[mp] AppleJPEGDriver/0 sel 16: scalar 0xe00002c2 (cnt 4) | s00 0xe00002c2 | s1000 0xe00002c2 osz 0x1000
[mp] AppleJPEGDriver/0 sel 17: scalar 0xe00002c2 (cnt 4) | s00 0xe00002c2 | s1000 0xe00002c2 osz 0x1000
[mp] AppleJPEGDriver/0 sel 18: scalar 0xe00002c2 (cnt 4) | s00 0xe00002c2 | s1000 0xe00002c2 osz 0x1000
[mp] AppleJPEGDriver/0 sel 19: scalar 0xe00002c2 (cnt 4) | s00 0xe00002c2 | s1000 0xe00002c2 osz 0x1000
[mp] AppleJPEGDriver/0 sel 20: scalar 0xe00002c2 (cnt 4) | s00 0xe00002c2 | s1000 0xe00002c2 osz 0x1000
[mp] AppleJPEGDriver/0 sel 21: scalar 0xe00002c2 (cnt 4) | s00 0xe00002c2 | s1000 0xe00002c2 osz 0x1000
[mp] AppleJPEGDriver/0 sel 22: scalar 0xe00002c2 (cnt 4) | s00 0xe00002c2 | s1000 0xe00002c2 osz 0x1000
[mp] AppleJPEGDriver/0 sel 23: scalar 0xe00002c2 (cnt 4) | s00 0xe00002c2 | s1000 0xe00002c2 osz 0x1000
[mp] AppleJPEGDriver/0 sel 24: scalar 0xe00002c2 (cnt 4) | s00 0xe00002c2 | s1000 0xe00002c2 osz 0x1000
[mp] AppleJPEGDriver/0 sel 25: scalar 0xe00002c2 (cnt 4) | s00 0xe00002c2 | s1000 0xe00002c2 osz 0x1000
[mp] AppleJPEGDriver/0 sel 26: scalar 0xe00002c2 (cnt 4) | s00 0xe00002c2 | s1000 0xe00002c2 osz 0x1000
[mp] AppleJPEGDriver/0 sel 27: scalar 0xe00002c2 (cnt 4) | s00 0xe00002c2 | s1000 0xe00002c2 osz 0x1000
[mp] AppleJPEGDriver/0 sel 28: scalar 0xe00002c2 (cnt 4) | s00 0xe00002c2 | s1000 0xe00002c2 osz 0x1000
[mp] AppleJPEGDriver/0 sel 29: scalar 0xe00002c2 (cnt 4) | s00 0xe00002c2 | s1000 0xe00002c2 osz 0x1000
[mp] AppleJPEGDriver/0 sel 30: scalar 0xe00002c2 (cnt 4) | s00 0xe00002c2 | s1000 0xe00002c2 osz 0x1000
[mp] AppleJPEGDriver/0 sel 31: scalar 0xe00002c2 (cnt 4) | s00 0xe00002c2 | s1000 0xe00002c2 osz 0x1000
[mp] AppleJPEGDriver/0 sel 32: scalar 0xe00002c2 (cnt 4) | s00 0xe00002c2 | s1000 0xe00002c2 osz 0x1000
[mp] AppleJPEGDriver/0 sel 33: scalar 0xe00002c2 (cnt 4) | s00 0xe00002c2 | s1000 0xe00002c2 osz 0x1000
[mp] AppleJPEGDriver/0 sel 34: scalar 0xe00002c2 (cnt 4) | s00 0xe00002c2 | s1000 0xe00002c2 osz 0x1000
[mp] AppleJPEGDriver/0 sel 35: scalar 0xe00002c2 (cnt 4) | s00 0xe00002c2 | s1000 0xe00002c2 osz 0x1000
[mp] AppleJPEGDriver/0 sel 36: scalar 0xe00002c2 (cnt 4) | s00 0xe00002c2 | s1000 0xe00002c2 osz 0x1000
[mp] AppleJPEGDriver/0 sel 37: scalar 0xe00002c2 (cnt 4) | s00 0xe00002c2 | s1000 0xe00002c2 osz 0x1000
[mp] AppleJPEGDriver/0 sel 38: scalar 0xe00002c2 (cnt 4) | s00 0xe00002c2 | s1000 0xe00002c2 osz 0x1000
[mp] AppleJPEGDriver/0 sel 39: scalar 0xe00002c2 (cnt 4) | s00 0xe00002c2 | s1000 0xe00002c2 osz 0x1000
[mp] AppleJPEGDriver/0: 40 live selectors
[open] AppleJPEGDriver -> conn 0x8127
[mp] AppleJPEGDriver/1 sel  0: scalar 0xe00002c2 (cnt 4) | s00 0x00000000 | s1000 0xe00002c2 osz 0x1000
[mp] AppleJPEGDriver/1 sel  1: scalar 0xe00002c2 (cnt 4) | s00 0xe00002c2 | s1000 0xe00002c2 osz 0x1000
[mp] AppleJPEGDriver/1 sel  2: scalar 0xe00002c2 (cnt 4) | s00 0x00000000 | s1000 0xe00002c2 osz 0x1000
[mp] AppleJPEGDriver/1 sel  3: scalar 0xe00002c2 (cnt 4) | s00 0xe00002c2 | s1000 0xe00002c2 osz 0x1000
[mp] AppleJPEGDriver/1 sel  4: scalar 0xe00002c2 (cnt 4) | s00 0xe00002c2 | s1000 0xe00002bc osz 0x1000
[mp] AppleJPEGDriver/1 sel  5: scalar 0xe00002c2 (cnt 4) | s00 0xe00002c2 | s1000 0xe00002cc osz 0x1000
[mp] AppleJPEGDriver/1 sel  6: scalar 0xe00002c2 (cnt 4) | s00 0xe00002c2 | s1000 0xe00002c2 osz 0x1000
[mp] AppleJPEGDriver/1 sel  7: scalar 0xe00002c2 (cnt 4) | s00 0xe00002c2 | s1000 0xe00002c2 osz 0x1000
[mp] AppleJPEGDriver/1 sel  8: scalar 0xe00002c2 (cnt 4) | s00 0xe00002c2 | s1000 0xe00002c2 osz 0x1000
[mp] AppleJPEGDriver/1 sel  9: scalar 0xe00002c2 (cnt 4) | s00 0xe00002bc | s1000 0xe00002c2 osz 0x1000
[mp] AppleJPEGDriver/1 sel 10: scalar 0xe00002c2 (cnt 4) | s00 0xe00002c2 | s1000 0xe00002c2 osz 0x1000
[mp] AppleJPEGDriver/1 sel 11: scalar 0xe00002c2 (cnt 4) | s00 0xe00002c2 | s1000 0xe00002c2 osz 0x1000
[mp] AppleJPEGDriver/1 sel 12: scalar 0xe00002c2 (cnt 4) | s00 0xe00002c2 | s1000 0xe00002c2 osz 0x1000
[mp] AppleJPEGDriver/1 sel 13: scalar 0xe00002c2 (cnt 4) | s00 0xe00002c2 | s1000 0xe00002c2 osz 0x1000
[mp] AppleJPEGDriver/1 sel 14: scalar 0xe00002c2 (cnt 4) | s00 0xe00002c2 | s1000 0xe00002c2 osz 0x1000
[mp] AppleJPEGDriver/1 sel 15: scalar 0xe00002c2 (cnt 4) | s00 0xe00002c2 | s1000 0xe00002c2 osz 0x1000
[mp] AppleJPEGDriver/1 sel 16: scalar 0xe00002c2 (cnt 4) | s00 0xe00002c2 | s1000 0xe00002c2 osz 0x1000
[mp] AppleJPEGDriver/1 sel 17: scalar 0xe00002c2 (cnt 4) | s00 0xe00002c2 | s1000 0xe00002c2 osz 0x1000
[mp] AppleJPEGDriver/1 sel 18: scalar 0xe00002c2 (cnt 4) | s00 0xe00002c2 | s1000 0xe00002c2 osz 0x1000
[mp] AppleJPEGDriver/1 sel 19: scalar 0xe00002c2 (cnt 4) | s00 0xe00002c2 | s1000 0xe00002c2 osz 0x1000
[mp] AppleJPEGDriver/1 sel 20: scalar 0xe00002c2 (cnt 4) | s00 0xe00002c2 | s1000 0xe00002c2 osz 0x1000
[mp] AppleJPEGDriver/1 sel 21: scalar 0xe00002c2 (cnt 4) | s00 0xe00002c2 | s1000 0xe00002c2 osz 0x1000
[mp] AppleJPEGDriver/1 sel 22: scalar 0xe00002c2 (cnt 4) | s00 0xe00002c2 | s1000 0xe00002c2 osz 0x1000
[mp] AppleJPEGDriver/1 sel 23: scalar 0xe00002c2 (cnt 4) | s00 0xe00002c2 | s1000 0xe00002c2 osz 0x1000
[mp] AppleJPEGDriver/1 sel 24: scalar 0xe00002c2 (cnt 4) | s00 0xe00002c2 | s1000 0xe00002c2 osz 0x1000
[mp] AppleJPEGDriver/1 sel 25: scalar 0xe00002c2 (cnt 4) | s00 0xe00002c2 | s1000 0xe00002c2 osz 0x1000
[mp] AppleJPEGDriver/1 sel 26: scalar 0xe00002c2 (cnt 4) | s00 0xe00002c2 | s1000 0xe00002c2 osz 0x1000
[mp] AppleJPEGDriver/1 sel 27: scalar 0xe00002c2 (cnt 4) | s00 0xe00002c2 | s1000 0xe00002c2 osz 0x1000
[mp] AppleJPEGDriver/1 sel 28: scalar 0xe00002c2 (cnt 4) | s00 0xe00002c2 | s1000 0xe00002c2 osz 0x1000
[mp] AppleJPEGDriver/1 sel 29: scalar 0xe00002c2 (cnt 4) | s00 0xe00002c2 | s1000 0xe00002c2 osz 0x1000
[mp] AppleJPEGDriver/1 sel 30: scalar 0xe00002c2 (cnt 4) | s00 0xe00002c2 | s1000 0xe00002c2 osz 0x1000
[mp] AppleJPEGDriver/1 sel 31: scalar 0xe00002c2 (cnt 4) | s00 0xe00002c2 | s1000 0xe00002c2 osz 0x1000
[mp] AppleJPEGDriver/1 sel 32: scalar 0xe00002c2 (cnt 4) | s00 0xe00002c2 | s1000 0xe00002c2 osz 0x1000
[mp] AppleJPEGDriver/1 sel 33: scalar 0xe00002c2 (cnt 4) | s00 0xe00002c2 | s1000 0xe00002c2 osz 0x1000
[mp] AppleJPEGDriver/1 sel 34: scalar 0xe00002c2 (cnt 4) | s00 0xe00002c2 | s1000 0xe00002c2 osz 0x1000
[mp] AppleJPEGDriver/1 sel 35: scalar 0xe00002c2 (cnt 4) | s00 0xe00002c2 | s1000 0xe00002c2 osz 0x1000
[mp] AppleJPEGDriver/1 sel 36: scalar 0xe00002c2 (cnt 4) | s00 0xe00002c2 | s1000 0xe00002c2 osz 0x1000
[mp] AppleJPEGDriver/1 sel 37: scalar 0xe00002c2 (cnt 4) | s00 0xe00002c2 | s1000 0xe00002c2 osz 0x1000
[mp] AppleJPEGDriver/1 sel 38: scalar 0xe00002c2 (cnt 4) | s00 0xe00002c2 | s1000 0xe00002c2 osz 0x1000
[mp] AppleJPEGDriver/1 sel 39: scalar 0xe00002c2 (cnt 4) | s00 0xe00002c2 | s1000 0xe00002c2 osz 0x1000
[mp] AppleJPEGDriver/1: 40 live selectors
[open] IOMobileFramebufferAP -> conn 0xa823
[mp] IOMobileFramebufferAP/0 sel  0: scalar 0xe00002c2 (cnt 4) | s00 0xe00002c2 | s1000 0xe00002c2 osz 0x1000
[mp] IOMobileFramebufferAP/0 sel  1: scalar 0xe00002c2 (cnt 4) | s00 0xe00002c7 | s1000 0xe00002c2 osz 0x1000
[mp] IOMobileFramebufferAP/0 sel  2: scalar 0xe00002c2 (cnt 4) | s00 0xe00002c7 | s1000 0xe00002c2 osz 0x1000
[mp] IOMobileFramebufferAP/0 sel  3: scalar 0xe00002c2 (cnt 4) | s00 0xe00002c2 | s1000 0xe00002c2 osz 0x1000
[mp] IOMobileFramebufferAP/0 sel  4: scalar 0xe00002c2 (cnt 4) | s00 0xe00002c2 | s1000 0xe00002c2 osz 0x1000
[mp] IOMobileFramebufferAP/0 sel  5: scalar 0xe00002c2 (cnt 4) | s00 0xe00002c2 | s1000 0xe00002c2 osz 0x1000
[mp] IOMobileFramebufferAP/0 sel  6: scalar 0xe00002c2 (cnt 4) | s00 0xe00002c2 | s1000 0xe00002c2 osz 0x1000
[mp] IOMobileFramebufferAP/0 sel  7: scalar 0xe00002c2 (cnt 4) | s00 0xe00002c2 | s1000 0xe00002c2 osz 0x1000
[mp] IOMobileFramebufferAP/0 sel  8: scalar 0xe00002c2 (cnt 4) | s00 0xe00002c2 | s1000 0xe00002c2 osz 0x1000
[mp] IOMobileFramebufferAP/0 sel  9: scalar 0xe00002c2 (cnt 4) | s00 0xe00002c2 | s1000 0xe00002c2 osz 0x1000
[mp] IOMobileFramebufferAP/0 sel 10: scalar 0xe00002c2 (cnt 4) | s00 0xe00002c2 | s1000 0xe00002c2 osz 0x1000
[mp] IOMobileFramebufferAP/0 sel 11: scalar 0xe00002c2 (cnt 4) | s00 0xe00002c2 | s1000 0xe00002c2 osz 0x1000
[mp] IOMobileFramebufferAP/0 sel 12: scalar 0xe00002c2 (cnt 4) | s00 0xe00002c2 | s1000 0xe00002c2 osz 0x1000
[mp] IOMobileFramebufferAP/0 sel 13: scalar 0xe00002c2 (cnt 4) | s00 0xe00002c2 | s1000 0xe00002c2 osz 0x1000
[mp] IOMobileFramebufferAP/0 sel 14: scalar 0xe00002c2 (cnt 4) | s00 0xe00002c2 | s1000 0xe00002c2 osz 0x1000
[mp] IOMobileFramebufferAP/0 sel 15: scalar 0xe00002c2 (cnt 4) | s00 0xe00002c2 | s1000 0xe00002c2 osz 0x1000
[mp] IOMobileFramebufferAP/0 sel 16: scalar 0xe00002c2 (cnt 4) | s00 0xe00002c2 | s1000 0xe00002c2 osz 0x1000
[mp] IOMobileFramebufferAP/0 sel 17: scalar 0xe00002c2 (cnt 4) | s00 0xe00002c2 | s1000 0xe00002c2 osz 0x1000
[mp] IOMobileFramebufferAP/0 sel 18: scalar 0xe00002c2 (cnt 4) | s00 0xe00002c2 | s1000 0xe00002c2 osz 0x1000
[mp] IOMobileFramebufferAP/0 sel 19: scalar 0xe00002c2 (cnt 4) | s00 0xe00002c2 | s1000 0xe00002c2 osz 0x1000
[mp] IOMobileFramebufferAP/0 sel 20: scalar 0xe00002c2 (cnt 4) | s00 0xe00002c2 | s1000 0xe00002c2 osz 0x1000
[mp] IOMobileFramebufferAP/0 sel 21: scalar 0xe00002c2 (cnt 4) | s00 0xe00002c2 | s1000 0xe00002c2 osz 0x1000
[mp] IOMobileFramebufferAP/0 sel 22: scalar 0xe00002c2 (cnt 4) | s00 0xe00002c2 | s1000 0xe00002c2 osz 0x1000
[mp] IOMobileFramebufferAP/0 sel 23: scalar 0xe00002c2 (cnt 4) | s00 0xe00002c2 | s1000 0xe00002c2 osz 0x1000
[mp] IOMobileFramebufferAP/0 sel 24: scalar 0xe00002c2 (cnt 4) | s00 0xe00002c2 | s1000 0xe00002c2 osz 0x1000
[mp] IOMobileFramebufferAP/0 sel 25: scalar 0xe00002c2 (cnt 4) | s00 0xe00002c2 | s1000 0xe00002c2 osz 0x1000
[mp] IOMobileFramebufferAP/0 sel 26: scalar 0xe00002c2 (cnt 4) | s00 0x00000000 | s1000 0xe00002c2 osz 0x1000
[mp] IOMobileFramebufferAP/0 sel 27: scalar 0xe00002c2 (cnt 4) | s00 0xe00002c2 | s1000 0xe00002c2 osz 0x1000
[mp] IOMobileFramebufferAP/0 sel 28: scalar 0xe00002c2 (cnt 4) | s00 0xe00002c2 | s1000 0xe00002c2 osz 0x1000
[mp] IOMobileFramebufferAP/0 sel 29: scalar 0xe00002c2 (cnt 4) | s00 0xe00002c2 | s1000 0xe00002c2 osz 0x1000
[mp] IOMobileFramebufferAP/0 sel 30: scalar 0xe00002c2 (cnt 4) | s00 0xe00002c2 | s1000 0xe00002c2 osz 0x1000
[mp] IOMobileFramebufferAP/0 sel 31: scalar 0xe00002c2 (cnt 4) | s00 0xe00002c2 | s1000 0xe00002c2 osz 0x1000
[mp] IOMobileFramebufferAP/0 sel 32: scalar 0xe00002c2 (cnt 4) | s00 0xe00002c2 | s1000 0xe00002c2 osz 0x1000
[mp] IOMobileFramebufferAP/0 sel 33: scalar 0xe00002c2 (cnt 4) | s00 0xe00002c2 | s1000 0xe00002c2 osz 0x1000
[mp] IOMobileFramebufferAP/0 sel 34: scalar 0xe00002c2 (cnt 4) | s00 0xe00002c2 | s1000 0xe00002c2 osz 0x1000
[mp] IOMobileFramebufferAP/0 sel 35: scalar 0xe00002c2 (cnt 4) | s00 0xe00002c2 | s1000 0xe00002c2 osz 0x1000
[mp] IOMobileFramebufferAP/0 sel 36: scalar 0xe00002c2 (cnt 4) | s00 0xe00002c7 | s1000 0xe00002c2 osz 0x1000
[mp] IOMobileFramebufferAP/0 sel 37: scalar 0xe00002c2 (cnt 4) | s00 0xe00002c7 | s1000 0xe00002c2 osz 0x1000
[mp] IOMobileFramebufferAP/0 sel 38: scalar 0xe00002c2 (cnt 4) | s00 0xe00002c7 | s1000 0xe00002c2 osz 0x1000
[mp] IOMobileFramebufferAP/0 sel 39: scalar 0xe00002c2 (cnt 4) | s00 0xe00002c7 | s1000 0xe00002c2 osz 0x1000
[mp] IOMobileFramebufferAP/0: 40 live selectors
[open] IOGPU -> conn 0x812f
[mp] IOGPU/1 sel  0: scalar 0xe00002c2 (cnt 4) | s00 0xe00002c2 | s1000 0xe00002c2 osz 0x1000
[mp] IOGPU/1 sel  1: scalar 0xe00002c2 (cnt 4) | s00 0xe00002c2 | s1000 0xe00002c2 osz 0x1000
[mp] IOGPU/1 sel  2: scalar 0xe00002c2 (cnt 4) | s00 0xe00002c2 | s1000 0xe00002c2 osz 0x1000
[mp] IOGPU/1 sel  3: scalar 0xe00002c2 (cnt 4) | s00 0xe00002c2 | s1000 0xe00002c2 osz 0x1000
[mp] IOGPU/1 sel  4: scalar 0xe00002c2 (cnt 4) | s00 0xe00002c2 | s1000 0xe00002c2 osz 0x1000
[mp] IOGPU/1 sel  5: scalar 0xe00002c2 (cnt 4) | s00 0xe00002c2 | s1000 0xe00002c2 osz 0x1000
[mp] IOGPU/1 sel  6: scalar 0xe00002c2 (cnt 4) | s00 0xe00002c2 | s1000 0xe00002c2 osz 0x1000
[mp] IOGPU/1 sel  7: scalar 0xe00002c2 (cnt 4) | s00 0xe00002c2 | s1000 0xe00002c2 osz 0x1000
[mp] IOGPU/1 sel  8: scalar 0xe00002c2 (cnt 4) | s00 0xe00002c2 | s1000 0xe00002be osz 0x1000
[mp] IOGPU/1 sel  9: scalar 0xe00002c2 (cnt 4) | s00 0xe00002c2 | s1000 0xe00002c2 osz 0x1000
[mp] IOGPU/1 sel 10: scalar 0xe00002c2 (cnt 4) | s00 0xe00002c2 | s1000 0xe00002c2 osz 0x1000
[mp] IOGPU/1 sel 11: scalar 0xe00002c2 (cnt 4) | s00 0xe00002c2 | s1000 0xe00002c2 osz 0x1000
[mp] IOGPU/1 sel 12: scalar 0xe00002c2 (cnt 4) | s00 0xe00002c2 | s1000 0xe00002c2 osz 0x1000
[mp] IOGPU/1 sel 13: scalar 0xe00002c2 (cnt 4) | s00 0xe00002c2 | s1000 0xe00002c2 osz 0x1000
[mp] IOGPU/1 sel 14: scalar 0xe00002c2 (cnt 4) | s00 0xe00002c2 | s1000 0xe00002c2 osz 0x1000
[mp] IOGPU/1 sel 15: scalar 0xe00002c2 (cnt 4) | s00 0xe00002c2 | s1000 0xe00002c2 osz 0x1000
[mp] IOGPU/1 sel 16: scalar 0xe00002c2 (cnt 4) | s00 0xe00002c2 | s1000 0xe00002c2 osz 0x1000
[mp] IOGPU/1 sel 17: scalar 0xe00002c2 (cnt 4) | s00 0xe00002c2 | s1000 0xe00002c2 osz 0x1000
[mp] IOGPU/1 sel 18: scalar 0xe00002c2 (cnt 4) | s00 0xe00002c2 | s1000 0xe00002c2 osz 0x1000
[mp] IOGPU/1 sel 19: scalar 0xe00002c2 (cnt 4) | s00 0xe00002c2 | s1000 0xe00002c2 osz 0x1000
[mp] IOGPU/1 sel 20: scalar 0xe00002c2 (cnt 4) | s00 0xe00002c2 | s1000 0xe00002c2 osz 0x1000
[mp] IOGPU/1 sel 21: scalar 0xe00002c2 (cnt 4) | s00 0xe00002c2 | s1000 0xe00002c2 osz 0x1000
[mp] IOGPU/1 sel 22: scalar 0xe00002c2 (cnt 4) | s00 0xe00002c7 | s1000 0xe00002c2 osz 0x1000
[mp] IOGPU/1 sel 23: scalar 0xe00002c2 (cnt 4) | s00 0xe00002c2 | s1000 0xe00002c2 osz 0x1000
[mp] IOGPU/1 sel 24: scalar 0xe00002c2 (cnt 4) | s00 0xe00002c2 | s1000 0xe00002c2 osz 0x1000
[mp] IOGPU/1 sel 25: scalar 0xe00002c2 (cnt 4) | s00 0xe00002c2 | s1000 0xe00002c2 osz 0x1000
[mp] IOGPU/1 sel 26: scalar 0xe00002c2 (cnt 4) | s00 0xe00002c2 | s1000 0xe00002c2 osz 0x1000
[mp] IOGPU/1 sel 27: scalar 0xe00002c2 (cnt 4) | s00 0xe00002c2 | s1000 0xe00002c2 osz 0x1000
[mp] IOGPU/1 sel 28: scalar 0xe00002c2 (cnt 4) | s00 0xe00002c2 | s1000 0xe00002c2 osz 0x1000
[mp] IOGPU/1 sel 29: scalar 0xe00002c2 (cnt 4) | s00 0xe00002c2 | s1000 0xe00002c2 osz 0x1000
[mp] IOGPU/1 sel 30: scalar 0xe00002c2 (cnt 4) | s00 0xe00002c2 | s1000 0xe00002c2 osz 0x1000
[mp] IOGPU/1 sel 31: scalar 0xe00002c2 (cnt 4) | s00 0xe00002c2 | s1000 0xe00002c2 osz 0x1000
[mp] IOGPU/1 sel 32: scalar 0xe00002c2 (cnt 4) | s00 0xe00002c2 | s1000 0xe00002c2 osz 0x1000
[mp] IOGPU/1 sel 33: scalar 0xe00002c2 (cnt 4) | s00 0xe00002c2 | s1000 0xe00002c2 osz 0x1000
[mp] IOGPU/1 sel 34: scalar 0xe00002c2 (cnt 4) | s00 0xe00002c2 | s1000 0xe00002c2 osz 0x1000
[mp] IOGPU/1 sel 35: scalar 0xe00002c2 (cnt 4) | s00 0xe00002c2 | s1000 0xe00002c2 osz 0x1000
[mp] IOGPU/1 sel 36: scalar 0xe00002c2 (cnt 4) | s00 0xe00002c2 | s1000 0xe00002c2 osz 0x1000
[mp] IOGPU/1 sel 37: scalar 0xe00002c2 (cnt 4) | s00 0xe00002c2 | s1000 0xe00002c2 osz 0x1000
[mp] IOGPU/1 sel 38: scalar 0xe00002c2 (cnt 4) | s00 0xe00002c2 | s1000 0xe00002c2 osz 0x1000
[mp] IOGPU/1 sel 39: scalar 0xe00002c2 (cnt 4) | s00 0xe00002c2 | s1000 0xe00002c2 osz 0x1000
[mp] IOGPU/1: 40 live selectors
[open] AppleKeyStore -> conn 0xa843
[mp] AppleKeyStore/0 sel  0: scalar 0x00000000 (cnt 4) | s00 0x00000000 | s1000 0x00000000 osz 0x1000
[mp] AppleKeyStore/0 sel  1: scalar 0x00000000 (cnt 4) | s00 0x00000000 | s1000 0x00000000 osz 0x1000
[mp] AppleKeyStore/0 sel  2: scalar 0xe00002c2 (cnt 4) | s00 0xe00002c2 | s1000 0xe00002c2 osz 0x1000
[mp] AppleKeyStore/0 sel  3: scalar 0xe00002c2 (cnt 4) | s00 0xe00002c2 | s1000 0xe00002c2 osz 0x1000
[mp] AppleKeyStore/0 sel  4: scalar 0xe00002c2 (cnt 4) | s00 0xe00002c2 | s1000 0xe00002c2 osz 0x1000
[mp] AppleKeyStore/0 sel  5: scalar 0xe00002c1 (cnt 4) | s00 0xe00002c1 | s1000 0xe00002c1 osz 0x1000
[mp] AppleKeyStore/0 sel  6: scalar 0xe00002c1 (cnt 4) | s00 0xe00002c1 | s1000 0xe00002c1 osz 0x1000
[mp] AppleKeyStore/0 sel  7: scalar 0xe00002c2 (cnt 4) | s00 0xe00002c2 | s1000 0xe00002c2 osz 0x1000
[mp] AppleKeyStore/0 sel  8: scalar 0xe00002c2 (cnt 4) | s00 0xe00002e2 | s1000 0xe00002e2 osz 0x1000
[mp] AppleKeyStore/0 sel  9: scalar 0xe00002c2 (cnt 4) | s00 0xe00002c2 | s1000 0xe00002c2 osz 0x1000
[mp] AppleKeyStore/0 sel 10: scalar 0xe00002c2 (cnt 4) | s00 0xe00002c2 | s1000 0xe00002c2 osz 0x1000
[mp] AppleKeyStore/0 sel 11: scalar 0xe00002c2 (cnt 4) | s00 0xe00002c2 | s1000 0xe00002c2 osz 0x1000
[mp] AppleKeyStore/0 sel 12: scalar 0xe00002c2 (cnt 4) | s00 0xe00002c2 | s1000 0xe00002c2 osz 0x1000
[mp] AppleKeyStore/0 sel 13: scalar 0xe00002c2 (cnt 4) | s00 0xe00002c2 | s1000 0xe00002c2 osz 0x1000
[mp] AppleKeyStore/0 sel 14: scalar 0xe00002c2 (cnt 4) | s00 0xe00002c2 | s1000 0xe00002c2 osz 0x1000
[mp] AppleKeyStore/0 sel 15: scalar 0xe00002c2 (cnt 4) | s00 0xe00002c2 | s1000 0xe00002c2 osz 0x1000
[mp] AppleKeyStore/0 sel 16: scalar 0x00000000 (cnt 4) | s00 0x00000000 | s1000 0x00000000 osz 0x1000
[mp] AppleKeyStore/0 sel 17: scalar 0xe00002c2 (cnt 4) | s00 0xe00002f0 | s1000 0xe00002f0 osz 0x1000
[mp] AppleKeyStore/0 sel 18: scalar 0xe00002c2 (cnt 4) | s00 0xe00002c2 | s1000 0xe00002c2 osz 0x1000
[mp] AppleKeyStore/0 sel 19: scalar 0xe00002e2 (cnt 4) | s00 0xe00002e2 | s1000 0xe00002e2 osz 0x1000
[mp] AppleKeyStore/0 sel 20: scalar 0xe00002c1 (cnt 4) | s00 0xe00002c1 | s1000 0xe00002c1 osz 0x1000
[mp] AppleKeyStore/0 sel 21: scalar 0xe00002c1 (cnt 4) | s00 0xe00002c1 | s1000 0xe00002c1 osz 0x1000
[mp] AppleKeyStore/0 sel 22: scalar 0xe00002c1 (cnt 4) | s00 0xe00002c1 | s1000 0xe00002c1 osz 0x1000
[mp] AppleKeyStore/0 sel 23: scalar 0xe00002c2 (cnt 4) | s00 0xe00002c2 | s1000 0xe00002c2 osz 0x1000
[mp] AppleKeyStore/0 sel 24: scalar 0xe00002c2 (cnt 4) | s00 0xe00002c2 | s1000 0xe00002c2 osz 0x1000
[mp] AppleKeyStore/0 sel 25: scalar 0xe00002c2 (cnt 4) | s00 0xe00002c2 | s1000 0xe00002c2 osz 0x1000
[mp] AppleKeyStore/0 sel 26: scalar 0xe00002c2 (cnt 4) | s00 0xe00002c2 | s1000 0xe00002c2 osz 0x1000
[mp] AppleKeyStore/0 sel 27: scalar 0xe00002c2 (cnt 4) | s00 0xe00002c2 | s1000 0xe00002c2 osz 0x1000
[mp] AppleKeyStore/0 sel 28: scalar 0xe00002c2 (cnt 4) | s00 0xe00002c2 | s1000 0xe00002c2 osz 0x1000
[mp] AppleKeyStore/0 sel 29: scalar 0xe00002c2 (cnt 4) | s00 0xe00002c2 | s1000 0xe00002c2 osz 0x1000
[mp] AppleKeyStore/0 sel 30: scalar 0xe00002c2 (cnt 4) | s00 0xe00002c2 | s1000 0xe00002c2 osz 0x1000
[mp] AppleKeyStore/0 sel 31: scalar 0xe00002c2 (cnt 4) | s00 0xe00002c2 | s1000 0xe00002c2 osz 0x1000
[mp] AppleKeyStore/0 sel 32: scalar 0xe00002c2 (cnt 4) | s00 0xe00002e2 | s1000 0xe00002e2 osz 0x1000
[mp] AppleKeyStore/0 sel 33: scalar 0xe00002c1 (cnt 4) | s00 0xe00002c1 | s1000 0xe00002c1 osz 0x1000
[mp] AppleKeyStore/0 sel 34: scalar 0xe00002c1 (cnt 4) | s00 0xe00002c1 | s1000 0xe00002c1 osz 0x1000
[mp] AppleKeyStore/0 sel 35: scalar 0xe00002c2 (cnt 4) | s00 0xe00002f0 | s1000 0xe00002f0 osz 0x1000
[mp] AppleKeyStore/0 sel 36: scalar 0xe00002c1 (cnt 4) | s00 0xe00002c1 | s1000 0xe00002c1 osz 0x1000
[mp] AppleKeyStore/0 sel 37: scalar 0xe00002c1 (cnt 4) | s00 0xe00002c1 | s1000 0xe00002c1 osz 0x1000
[mp] AppleKeyStore/0 sel 38: scalar 0xe00002c1 (cnt 4) | s00 0xe00002c1 | s1000 0xe00002c1 osz 0x1000
[mp] AppleKeyStore/0 sel 39: scalar 0xe00002c1 (cnt 4) | s00 0xe00002c1 | s1000 0xe00002c1 osz 0x1000
[mp] AppleKeyStore/0: 40 live selectors
[v38] done
[v37] IOService open scan
[sc] VCPDRMService                    exists, open -> 0xe00002e2
[sc] VCPDRMServiceUserClient          NOT FOUND
[sc] AppleImage4                      exists, open -> 0xe00002c2
[sc] Image4                           exists, open -> 0xe00002c2
[sc] AppleEncryptedArchive            NOT FOUND
[sc] AFKHIDTBDevice                   NOT FOUND
[sc] IOGPU                            exists, open -> 0xe00002c7
[sc] IOGPU                            OPEN OK type 1 conn 0x8137
[sc] AGXDevice                        NOT FOUND
[sc] AGXDeviceUserClient              NOT FOUND
[sc] IOGPUDevice                      NOT FOUND
[sc] AppleH16ANEInterface             NOT FOUND
[sc] ANEDevice                        NOT FOUND
[sc] AppleANE                         NOT FOUND
[sc] NeuralEngine                     NOT FOUND
[sc] AppleAVD                         exists, open -> 0xe00002c1
[sc] AppleAVE2                        NOT FOUND
[sc] AppleJPEGDriver                  OPEN OK type 0 conn 0x813b
[sc] AppleJPEGDriver                  OPEN OK type 1 conn 0x813f
[sc] AppleJPEGDriver                  OPEN OK type 2 conn 0x8143
[sc] AppleJPEGDriver                  OPEN OK type 3 conn 0x8147
[sc] AppleProRes                      NOT FOUND
[sc] AppleMobileFramebuffer           NOT FOUND
[sc] IOMobileFramebufferAP            OPEN OK type 0 conn 0x814b
[sc] IOMobileFramebufferAP            OPEN OK type 1 conn 0x814f
[sc] IOMobileFramebufferAP            OPEN OK type 2 conn 0x8153
[sc] IOMobileFramebufferAP            OPEN OK type 3 conn 0x8157
[sc] AppleDisplayPipe                 NOT FOUND
[sc] AppleDPAF                        NOT FOUND
[sc] AppleDPDevice                    NOT FOUND
[sc] AppleCDM                         NOT FOUND
[sc] AppleFairPlayIOKit               NOT FOUND
[sc] AppleCredentialManager           exists, open -> 0xe00002e2
[sc] AppleSEPManager                  exists, open -> 0xe00002c2
[sc] AppleSSE                         exists, open -> 0xe00002c2
[sc] IOAudio2Device                   exists, open -> 0xe00002c1
[sc] AppleSPU                         exists, open -> 0xe00002c7
[sc] AppleSMC                         exists, open -> 0xe00002e2
[sc] ApplePMGR                        exists, open -> 0xe00002c1
[sc] AppleNVMeController              exists, open -> 0xe00002e2
[sc] AppleEmbeddedNVMeController      exists, open -> 0xe00002e2
[sc] AppleUSBHostController           exists, open -> 0xe00002c7
[sc] AppleT8132USBXHCI                NOT FOUND
[sc] AppleConvergedIPCDevice          exists, open -> 0xe00002c7
[sc] AFKSharedMemoryResource          NOT FOUND
[sc] IOSurfaceRoot                    OPEN OK type 0 conn 0xa857
[sc] IOSurface                        NOT FOUND
[sc] AppleM2ScalerCSCDriver           OPEN OK type 0 conn 0x815b
[sc] AppleM2ScalerCSCDriver           OPEN OK type 1 conn 0x815f
[sc] AppleM2ScalerCSCDriver           OPEN OK type 2 conn 0x8163
[sc] AppleM2ScalerCSCDriver           OPEN OK type 3 conn 0x8167
[sc] AppleM2ScalerParavirtDriver      NOT FOUND
[sc] AppleH16CameraInterface          NOT FOUND
[sc] AppleH13CamIn                    NOT FOUND
[sc] AppleCameraInterface             NOT FOUND
[sc] AppleBaseband                    exists, open -> 0xe00002e2
[sc] AppleBCMWLANCore                 NOT FOUND
[sc] AppleWiFi                        NOT FOUND
[sc] AppleS5L8960XUSBArbitrator       NOT FOUND
[sc] AppleAuthCP                      exists, open -> 0xe00002e2
[sc] AppleKeyStore                    OPEN OK type 0 conn 0x816b
[sc] AppleKeyStore                    OPEN OK type 1 conn 0x816f
[sc] AppleKeyStore                    OPEN OK type 2 conn 0x8173
[sc] AppleKeyStore                    OPEN OK type 3 conn 0x8177
[sc] AppleARMWatchdogTimer            exists, open -> 0xe00002c2
[sc] AppleSART                        NOT FOUND
[sc] ApplePMU                         NOT FOUND
[v37] done
[v36] histogram path probes
[hg] baseline (no histogram transform):
[hg] GetHistogram -> kr 0x00000000, written(bytes != 0xAA) 1536
[hg] no ptr-like qwords
[hg] transform binmode1-region64 -> kr 0x00000000
[hg] GetHistogram -> kr 0x00000000, written(bytes != 0xAA) 1536
[hg] no ptr-like qwords
[hg] transform binmode2-8bins -> kr 0x00000000
[hg] GetHistogram -> kr 0x00000000, written(bytes != 0xAA) 1536
[hg] no ptr-like qwords
[hg] transform binmode1-region4096 -> kr 0xe00002c2
[hg] GetHistogram -> kr 0x00000000, written(bytes != 0xAA) 1536
[hg] no ptr-like qwords
[hg] transform binmode2-region64k -> kr 0xe00002c2
[hg] GetHistogram -> kr 0x00000000, written(bytes != 0xAA) 1536
[hg] no ptr-like qwords
[v36] done (alive)
[v35] SetCustomFilter probes
[flt] type 0 a1 08000 -> kr 0xe00002c2
[flt] type 1 a1 07000 -> kr 0xe00002c2
[flt] type 2 a1 06000 -> kr 0xe00002c2
[flt] type 3 a1 05000 -> kr 0xe00002c2
[flt] type 4 a1 04000 -> kr 0xe00002c2
[flt] type 5 a1 03000 -> kr 0xe00002c2
[flt] type 6 a1 02000 -> kr 0xe00002c2
[flt] type 7 a1 01000 -> kr 0xe00002c2
[flt] combo 0 {1 1 1 1 1 1} -> kr 0xe00002c2
[flt] combo 1 {4 4 10 4 8 10} -> kr 0xe00002c2
[flt] combo 2 {100 4 10 100 8 10} -> kr 0xe00002c2
[flt] combo 3 {7000 4 10 7000 8 10} -> kr 0xe00002c2
[flt] combo 4 {ffff ff ff ffff ff ff} -> kr 0xe00002c2
[flt] set for transform -> kr 0xe00002c2
[flt] transform+customfilter 0 -> kr 0xe00002c2 checksum 4eeacbc000650383
[flt] transform+customfilter 1 -> kr 0xe00002c2 checksum 4eeacbc000650383
[flt] transform+customfilter 2 -> kr 0xe00002c2 checksum 4eeacbc000650383
[flt] transform+customfilter 3 -> kr 0xe00002c2 checksum 4eeacbc000650383
[v35] done (alive)
[v34] cross-request race v2 30s
[cr2] baseline kr 0x00000000 expect 6592108d262f3383
[open] AppleM2ScalerCSCDriver -> conn 0x5b23
[cr2] 4 iters, 0 corrupted
[v34] done (alive)
[v33] fault-oracle mapping
[or] bfX 0x00000 -> kr 0x00000000 changed 8192 first 0x0
[or] bfX 0x01000 -> kr 0x00000000 changed 8192 first 0x0
[or] bfX 0x02000 -> kr 0x00000000 changed 8192 first 0x0
[or] bfX 0x03000 -> kr 0x00000000 changed 8192 first 0x0
[or] bfX 0x04000 -> kr 0x00000000 changed 8192 first 0x0
[or] bfX 0x05000 -> kr 0x00000000 changed 8192 first 0x0
[or] bfX 0x06000 -> kr 0x00000000 changed 8192 first 0x0
[or] bfX 0x07000 -> kr 0x00000000 changed 8192 first 0x0
[or] bfX 0x08000 -> kr 0x00000000 changed 8192 first 0x0
[or] bfX 0x09000 -> kr 0x00000000 changed 8192 first 0x0
[or] bfX 0x0a000 -> kr 0x00000000 changed 8192 first 0x0
[or] bfX 0x0b000 -> kr 0x00000000 changed 8192 first 0x0
[or] bfX 0x0c000 -> kr 0x00000000 changed 8192 first 0x0
[or] bfX 0x0d000 -> kr 0x00000000 changed 8192 first 0x0
[or] bfX 0x0e000 -> kr 0x00000000 changed 8192 first 0x0
[or] bfX 0x0f000 -> kr 0x00000000 changed 8192 first 0x0
[or] bfX 0x10000 -> kr 0x00000000 changed 8192 first 0x0
[or] bfX 0x11000 -> kr 0x00000000 changed 8192 first 0x0
[or] bfX 0x12000 -> kr 0x00000000 changed 8192 first 0x0
[or] bfX 0x13000 -> kr 0x00000000 changed 8192 first 0x0
[or] bfX 0x14000 -> kr 0x00000000 changed 8192 first 0x0
[or] bfX 0x15000 -> kr 0x00000000 changed 8192 first 0x0
[or] bfX 0x16000 -> kr 0x00000000 changed 8192 first 0x0
[or] bfX 0x17000 -> kr 0x00000000 changed 8192 first 0x0
[or] bfX 0x18000 -> kr 0x00000000 changed 8192 first 0x0
[or] bfX 0x19000 -> kr 0x00000000 changed 8192 first 0x0
[or] bfX 0x1a000 -> kr 0x00000000 changed 8192 first 0x0
[or] bfX 0x1b000 -> kr 0x00000000 changed 8192 first 0x0
[or] bfX 0x1c000 -> kr 0x00000000 changed 8192 first 0x0
[or] bfX 0x1d000 -> kr 0x00000000 changed 8192 first 0x0
[or] bfX 0x1e000 -> kr 0x00000000 changed 8192 first 0x0
[or] bfX 0x1f000 -> kr 0x00000000 changed 8192 first 0x0
[or] bfY 0x00000 -> kr 0xe00002c2 changed -1 first 0xffffffffffffffff
[or] bfY 0x00800 -> kr 0xe00002c2 changed -1 first 0xffffffffffffffff
[or] bfY 0x01000 -> kr 0xe00002c2 changed -1 first 0xffffffffffffffff
[or] bfY 0x01800 -> kr 0xe00002c2 changed -1 first 0xffffffffffffffff
[or] bfY 0x02000 -> kr 0xe00002c2 changed -1 first 0xffffffffffffffff
[or] bfY 0x02800 -> kr 0xe00002c2 changed -1 first 0xffffffffffffffff
[or] bfY 0x03000 -> kr 0xe00002c2 changed -1 first 0xffffffffffffffff
[or] bfY 0x03800 -> kr 0xe00002c2 changed -1 first 0xffffffffffffffff
[or] bfY 0x04000 -> kr 0xe00002c2 changed -1 first 0xffffffffffffffff
[or] bfY 0x04800 -> kr 0xe00002c2 changed -1 first 0xffffffffffffffff
[or] bfY 0x05000 -> kr 0xe00002c2 changed -1 first 0xffffffffffffffff
[or] bfY 0x05800 -> kr 0xe00002c2 changed -1 first 0xffffffffffffffff
[or] bfY 0x06000 -> kr 0xe00002c2 changed -1 first 0xffffffffffffffff
[or] bfY 0x06800 -> kr 0xe00002c2 changed -1 first 0xffffffffffffffff
[or] bfY 0x07000 -> kr 0xe00002c2 changed -1 first 0xffffffffffffffff
[or] bfY 0x07800 -> kr 0xe00002c2 changed -1 first 0xffffffffffffffff
[or] bfY 0x08000 -> kr 0xe00002c2 changed -1 first 0xffffffffffffffff
[or] bfY 0x08800 -> kr 0xe00002c2 changed -1 first 0xffffffffffffffff
[or] bfY 0x09000 -> kr 0xe00002c2 changed -1 first 0xffffffffffffffff
[or] bfY 0x09800 -> kr 0xe00002c2 changed -1 first 0xffffffffffffffff
[or] bfY 0x0a000 -> kr 0xe00002c2 changed -1 first 0xffffffffffffffff
[or] bfY 0x0a800 -> kr 0xe00002c2 changed -1 first 0xffffffffffffffff
[or] bfY 0x0b000 -> kr 0xe00002c2 changed -1 first 0xffffffffffffffff
[or] bfY 0x0b800 -> kr 0xe00002c2 changed -1 first 0xffffffffffffffff
[or] bfY 0x0c000 -> kr 0xe00002c2 changed -1 first 0xffffffffffffffff
[or] bfY 0x0c800 -> kr 0xe00002c2 changed -1 first 0xffffffffffffffff
[or] bfY 0x0d000 -> kr 0xe00002c2 changed -1 first 0xffffffffffffffff
[or] bfY 0x0d800 -> kr 0xe00002c2 changed -1 first 0xffffffffffffffff
[or] bfY 0x0e000 -> kr 0xe00002c2 changed -1 first 0xffffffffffffffff
[or] bfY 0x0e800 -> kr 0xe00002c2 changed -1 first 0xffffffffffffffff
[or] bfY 0x0f000 -> kr 0xe00002c2 changed -1 first 0xffffffffffffffff
[or] bfY 0x0f800 -> kr 0xe00002c2 changed -1 first 0xffffffffffffffff
[or] bfY 0x10000 -> kr 0xe00002c2 changed -1 first 0xffffffffffffffff
[or] bfY 0x10800 -> kr 0xe00002c2 changed -1 first 0xffffffffffffffff
[or] bfY 0x11000 -> kr 0xe00002c2 changed -1 first 0xffffffffffffffff
[or] bfY 0x11800 -> kr 0xe00002c2 changed -1 first 0xffffffffffffffff
[or] bfY 0x12000 -> kr 0xe00002c2 changed -1 first 0xffffffffffffffff
[or] bfY 0x12800 -> kr 0xe00002c2 changed -1 first 0xffffffffffffffff
[or] bfY 0x13000 -> kr 0xe00002c2 changed -1 first 0xffffffffffffffff
[or] bfY 0x13800 -> kr 0xe00002c2 changed -1 first 0xffffffffffffffff
[or] bfY 0x14000 -> kr 0xe00002c2 changed -1 first 0xffffffffffffffff
[or] bfY 0x14800 -> kr 0xe00002c2 changed -1 first 0xffffffffffffffff
[or] bfY 0x15000 -> kr 0xe00002c2 changed -1 first 0xffffffffffffffff
[or] bfY 0x15800 -> kr 0xe00002c2 changed -1 first 0xffffffffffffffff
[or] bfY 0x16000 -> kr 0xe00002c2 changed -1 first 0xffffffffffffffff
[or] bfY 0x16800 -> kr 0xe00002c2 changed -1 first 0xffffffffffffffff
[or] bfY 0x17000 -> kr 0xe00002c2 changed -1 first 0xffffffffffffffff
[or] bfY 0x17800 -> kr 0xe00002c2 changed -1 first 0xffffffffffffffff
[or] bfY 0x18000 -> kr 0xe00002c2 changed -1 first 0xffffffffffffffff
[or] bfY 0x18800 -> kr 0xe00002c2 changed -1 first 0xffffffffffffffff
[or] bfY 0x19000 -> kr 0xe00002c2 changed -1 first 0xffffffffffffffff
[or] bfY 0x19800 -> kr 0xe00002c2 changed -1 first 0xffffffffffffffff
[or] bfY 0x1a000 -> kr 0xe00002c2 changed -1 first 0xffffffffffffffff
[or] bfY 0x1a800 -> kr 0xe00002c2 changed -1 first 0xffffffffffffffff
[or] bfY 0x1b000 -> kr 0xe00002c2 changed -1 first 0xffffffffffffffff
[or] bfY 0x1b800 -> kr 0xe00002c2 changed -1 first 0xffffffffffffffff
[or] bfY 0x1c000 -> kr 0xe00002c2 changed -1 first 0xffffffffffffffff
[or] bfY 0x1c800 -> kr 0xe00002c2 changed -1 first 0xffffffffffffffff
[or] bfY 0x1d000 -> kr 0xe00002c2 changed -1 first 0xffffffffffffffff
[or] bfY 0x1d800 -> kr 0xe00002c2 changed -1 first 0xffffffffffffffff
[or] bfY 0x1e000 -> kr 0xe00002c2 changed -1 first 0xffffffffffffffff
[or] bfY 0x1e800 -> kr 0xe00002c2 changed -1 first 0xffffffffffffffff
[or] bfY 0x1f000 -> kr 0xe00002c2 changed -1 first 0xffffffffffffffff
[or] bfY 0x1f800 -> kr 0xe00002c2 changed -1 first 0xffffffffffffffff
[v33] done (alive)
[v32] diag dart-error capture
[s] kill-shot -> kr 0xe00002d6
[dd] +0x1f20: 0ed9e5201d070001 -> 1e871f1313970001
[dd] +0x1f28: 0004b3f9000000e4 -> 00000400000000e4
[dd] +0x1f30: 0000011900000000 -> 0000010d00000000
[dd] +0x1f38: 0100000080000000 -> 00000000000000b7
[dd] +0x1f40: 0000000000000000 -> 5b7cab23ae7ec3ab
[dd] +0x1f48: 0000000000000000 -> bc69c38900000000
[dd] +0x1f50: 0000000000000000 -> 4ee497d1ef367753
[dd] +0x1f58: 0000000000000000 -> 33487391fc365a84
[dd] +0x1f60: 0000000000000000 -> 000000006e0ed7d7
[dd] +0x1f90: 0000000000000000 -> 0000006f00000000
[dd] +0x1f98: 0dd3010100000000 -> 139d000100000000
[dd] +0x1fa0: 000000e40ed9ea06 -> 000000e41e871f25
[dd] +0x1fa8: 000000000004b3f9 -> 0000000000000400
[dd] +0x1fb0: 243840f70000011e -> 000000bb0000010d
[dd] +0x1fb8: 00000000248cb1e6 -> ae7ec3ab00000000
[dd] +0x1fc0: 0000000000000000 -> 000000005b7cab23
[dd] +0x1fc8: 0000000000000000 -> ef367753bc69c389
[dd] +0x1fd0: 0000000000000000 -> fc365a844ee497d1
[dd] +0x1fd8: 0000000000000000 -> 6e0ed7d733487391
[dd] +0x2010: 0000000000000000 -> 000000000000006f
[dd] +0x2018: 0ed9ea0b16d50001 -> 1e871f371c1e0001
[dd] +0x2020: 0004b3f9000000e4 -> 00000400000000e4
[dd] +0x2028: 0000013500000000 -> 0000018300000000
[dd] +0x2030: 0000000000010001 -> f0000f0400000000
[dd] +0x2038: 248cb1e6243840f7 -> 0000000000000000
[dd] +0x2040: b4610d2300000000 -> 0000000000000000
[dd] +0x2048: 3dc33033845e8ab4 -> 0000000000000000
[dd] +0x2050: 3348739101449420 -> 0000000000000000
[dd] +0x2058: 000000006e0ed7d7 -> 0000000000000000
[dd] +0x2088: 0000006b00000000 -> 0000000000000000
[dd] +0x2090: 00aa000100000000 -> 13c8000100000000
[dd] +0x2098: 000000e40ed9eb4e -> 000000e41e871f43
[dd] +0x20a0: 000000000004b3f9 -> 0000000000000400
[dd] +0x20a8: 0000001000000142 -> 0000000100000120
[dd] +0x20b0: 243840f700000000 -> ae7ec3ab00000000
[dd] +0x20b8: 00000000248cb1e6 -> 000000005b7cab23
[dd] +0x20c0: 845e8ab4b4610d23 -> ef367753bc69c389
[dd] +0x20c8: 014494203dc33033 -> fc365a844ee497d1
[dd] +0x2108: 000000000000006b -> 000000000000006f
[dd] +0x2110: 0ed9eb5000f60001 -> 1e87235b11f10001
[dd] +0x2118: 0004b3f9000000e4 -> 00000400000000e4
[dd] +0x2120: 0000014200000000 -> 0000012300000000
[dd] +0x2128: ffff000000000000 -> 0000000000000000
[dd] +0x2130: 248cb1e6243840f7 -> 0000000000000000
[dd] +0x2138: b4610d2300000000 -> 0000000000000000
[dd] +0x2140: 3dc33033845e8ab4 -> 0000000000000000
[dd] +0x2148: 3348739101449420 -> 0000000000000000
[dd] +0x2150: 000000006e0ed7d7 -> 0000000000000000
[dd] +0x2180: 0000006b00000000 -> 0000000000000000
[dd] +0x2188: 008b000100000000 -> 1b73000100000000
[dd] +0x2190: 000000e40ed9ec32 -> 000000e41e87235e
[dd] +0x2198: 000000000004b3f9 -> 0000000000000400
[dd] +0x21a0: 0000000100000132 -> 000000010000014c
[dd] +0x2208: 0ed9ec4b00b40001 -> 1e87271a022c0101
[dd] +0x2218: 0000013200000000 -> 0000011500000000
[dd] +0x2220: 0000000000000100 -> 6e0ed7d733487391
[dd] +0x6b28: 00fc000100000000 -> 0aa9000100000000
[dd] +0x6b30: 000000e40eb13998 -> 000000e40f2a56ea
[dd] +0x6b40: 000000100000014a -> 0131e11e0000011f
[dd] +0x6b48: 0000000000000000 -> ae7ec3ab00000002
[dd] +0x6b50: 0000000000000000 -> 000000085b7cab23
[dd] +0x6b68: 0000000000000000 -> 6e0ed7d733487391
[dd] +0x6ba0: 0000000000000000 -> 000000000000006f
[dd] +0x6ba8: 0eb139ae03ad0001 -> 0f2a57421b200001
[dd] +0x6bb8: 0000012700000000 -> 0000014900000000
[dd] +0x6bc0: 0000000000000001 -> 0000000000000f04
[dd] +0x6bc8: 0000000000000000 -> 5b7cab23ae7ec3ab
[dd] +0x6bd0: 0000000000000000 -> bc69c38900000008
[dd] +0x6bd8: 0000000000000000 -> 4ee497d1ef367753
[dd] +0x6be0: 0000000000000000 -> 33487391fc365a84
[dd] +0x6be8: 0000000000000000 -> 000000006e0ed7d7
[dd] +0x6c18: 0000000000000000 -> 0000006f00000000
[dd] +0x6c20: 00a0000100000000 -> 1c25000100000000
[dd] +0x6c28: 000000e40eb139da -> 000000e40f2a5746
[dd] +0x6c38: 0000000000000224 -> 0000f04000000182
[dd] +0x6c40: 0000000000000000 -> 0000000010000f04
[dd] +0x6ca0: 0eb13b601b730001 -> 0f2a57471b3e0001
[dd] +0x6cb0: 0000014c00000000 -> 0000014800000000
[dd] +0x6cb8: 0000000000000001 -> 0000000000000000
[dd] +0x6cc0: 0000000000000000 -> 5b7cab23ae7ec3ab
[dd] +0x6cc8: 0000000000000000 -> bc69c38900000000
[dd] +0x6cd0: 0000000000000000 -> 4ee497d1ef367753
[dd] +0x6cd8: 0000000000000000 -> 33487391fc365a84
[dd] +0x6ce0: 0000000000000000 -> 000000006e0ed7d7
[dd] +0x6d10: 0000000000000000 -> 0000006f00000000
[dd] +0x6d18: 00e0000100000000 -> 0cb7000100000000
[dd] +0x6d20: 000000e40eb13b62 -> 000000e40f2a574f
[dd] +0x6d30: 0001000000000142 -> 0131e11e00000125
[dd] +0x6d38: ae7ec3ab00010000 -> ae7ec3ab00000000
[dd] +0x6d48: 845e8ab4b4610d23 -> ef367753bc69c389
[dd] +0x6d50: 014494203dc33033 -> fc365a844ee497d1
[dd] +0x6d90: 0000000000000069 -> 000000000000006f
[dd] +0x6d98: 0eb13b6316de0001 -> 0f2a600115f40101
[dd] +0x6da8: 0000013500000000 -> 0000010a00000000
[dd] +0x6db0: 0000000000000110 -> 09be34f8029cdbc7
[dd] +0x6dc0: b4610d2300000000 -> bc69c38900000000
[dd] +0x6dc8: 3dc33033845e8ab4 -> 4ee497d1ef367753
[dd] +0x6dd0: 3348739101449420 -> 33487391fc365a84
[dd] +0x6e08: 0000006900000000 -> 0000006f00000000
[dd] +0x6e10: 1ce4010100000000 -> 15fd010100000000
[dd] +0x6e18: 000000e40eb13b9c -> 000000e40f2a6007
[dd] +0x6e28: 06f141030000010b -> 4ee497d10000010c
[dd] +0x6e30: 00000000ee41eeb6 -> ae7ec3abfc365a84
[dd] +0x6e38: 0000000000000000 -> 000000005b7cab23
[dd] +0x6e40: 0000000000000000 -> ef367753bc69c389
[dd] +0x6e48: 0000000000000000 -> fc365a844ee497d1
[dd] +0x6e50: 0000000000000000 -> 6e0ed7d733487391
[dd] +0x6e88: 0000000000000000 -> 000000000000006f
[dd] +0x6e90: 0eb13c151d070001 -> 0f2a612115f40101
[dd] +0x6ea0: 0000011900000000 -> 0000010a00000000
[dd] +0x6ea8: 0100000000000000 -> 2a67edb59ce54449
[dd] +0x6eb0: 0000000000000000 -> 5b7cab23ae7ec3ab
[dd] +0x6eb8: 0000000000000000 -> bc69c38900000000
[dd] +0x6ec0: 0000000000000000 -> 4ee497d1ef367753
[dd] +0x6ec8: 0000000000000000 -> 33487391fc365a84
[dd] +0x6ed0: 0000000000000000 -> 000000006e0ed7d7
[dd] +0x6f00: 0000000000000000 -> 0000006f00000000
[dd] +0x6f08: 1ce4010100000000 -> 15fd010100000000
[dd] +0x6f10: 000000e40eb13cbb -> 000000e40f2a6123
[dd] +0x6f20: 8c985c3b0000010b -> bc69c3890000010c
[dd] +0x6f28: 00000000995b4ba3 -> ae7ec3abef367753
[dd] +0x6f30: 0000000000000000 -> 000000005b7cab23
[dd] +0x6f38: 0000000000000000 -> ef367753bc69c389
[dd] +0x6f40: 0000000000000000 -> fc365a844ee497d1
[dd] +0x6f48: 0000000000000000 -> 6e0ed7d733487391
[dd] +0x6f80: 0000000000000000 -> 000000000000006f
[dd] +0x6f88: 0eb13cdb1d070001 -> 0f2a61f616d50001
[dd] +0x6f98: 0000011900000000 -> 0000013500000000
[dd] +0x6fa0: 0100000080000000 -> 0000000000001001
[dd] +0x6fa8: 0000000000000000 -> 5b7cab23ae7ec3ab
[dd] +0x6fb0: 0000000000000000 -> bc69c38900000000
[dd] +0x6fb8: 0000000000000000 -> 4ee497d1ef367753
[dd] +0x6fc0: 0000000000000000 -> 33487391fc365a84
[dd] +0x6fc8: 0000000000000000 -> 000000006e0ed7d7
[dd] +0x6ff8: 0000000000000000 -> 0000006f00000000
[dd] +0x7000: 0dd3010100000000 -> 00aa000100000000
[dd] +0x7008: 000000e40eb14250 -> 000000e40f2a61ff
[dd] +0x7018: ae7ec3ab0000011e -> 0000010000000142
[dd] +0x7020: 000000005b7cab23 -> ae7ec3ab00000000
[dd] +0x7028: 0000000000000000 -> 000000005b7cab23
[dd] +0x7030: 0000000000000000 -> ef367753bc69c389
[dd] +0x7038: 0000000000000000 -> fc365a844ee497d1
[dd] +0x7040: 0000000000000000 -> 6e0ed7d733487391
[dd] +0x7078: 0000000000000000 -> 000000000000006f
[dd] +0x7080: 0eb1425716d50001 -> 0f2a622b00b90001
[dd] +0x7090: 0000013500000000 -> 0000014100000000
[dd] +0x7098: 0000000000010001 -> 0000000000000001
[dd] +0x70a0: 5b7cab23ae7ec3ab -> 0000000000000000
[dd] +0x70a8: b4610d2300000000 -> 0000000000000000
[dd] +0x70b0: 3dc33033845e8ab4 -> 0000000000000000
[dd] +0x70b8: 3348739101449420 -> 0000000000000000
[dd] +0x70c0: 000000006e0ed7d7 -> 0000000000000000
[dd] +0x70f0: 0000006900000000 -> 0000000000000000
[dd] +0x70f8: 00aa000100000000 -> 0075000100000000
[dd] +0x7100: 000000e40eb1425a -> 000000e40f2a6b92
[dd] +0x7110: 0000001000000142 -> 00dd01000000017f
[dd] +0x7118: ae7ec3ab00000000 -> 0000000000000000
[dd] +0x7120: 000000005b7cab23 -> 0000000000000000
[dd] +0x7128: 845e8ab4b4610d23 -> 0000000000000000
[dd] +0x7130: 014494203dc33033 -> 0000000000000000
[dd] +0x7138: 6e0ed7d733487391 -> 0000000000000000
[dd] +0x7170: 0000000000000069 -> 0000000000000000
[dd] +0x7178: 0eb1425c00f60001 -> 0f2a6b9602300001
[dd] +0x7188: 0000014200000000 -> 0000011d00000000
[dd] +0x7190: ffff000000000000 -> 0000000000001001
[dd] +0x7198: 5b7cab23ae7ec3ab -> 0000000000000000
[dd] +0x71a0: b4610d2300000000 -> 0000000000000000
[dd] +0x71a8: 3dc33033845e8ab4 -> 0000000000000000
[dd] +0x71b0: 3348739101449420 -> 0000000000000000
[dd] +0x71b8: 000000006e0ed7d7 -> 0000000000000000
[dd] +0x71e8: 0000006900000000 -> 0000000000000000
[dd] +0x71f0: 008b000100000000 -> 00fc000100000000
[dd] +0x71f8: 000000e40eb14311 -> 000000e40f2a6f6a
[dd] +0x7208: 0000000100000132 -> 000000100000014a
[dd] +0x7270: 0eb1433300b40001 -> 0f2a6f8003ad0001
[dd] +0x7280: 0000013200000000 -> 0000012700000000
[dd] +0x7288: 0000000000000100 -> 0000000000000001
[dd] +0x72e8: 00bd000100000000 -> 00a0000100000000
[dd] +0x72f0: 000000e40eb14334 -> 000000e40f2a6fb4
[dd] +0x7300: 0000010100000132 -> 0000000000000224
[dd] +0x7368: 0eb1433600b90001 -> 0f2a72131b730001
[dd] +0x7378: 0000014100000000 -> 0000014c00000000
[dd] +0x7380: 0000000000000000 -> 0000000000000001
[dd] +0x73e0: 0230000100000000 -> 00e0000100000000
[dd] +0x73e8: 000000e40eb14338 -> 000000e40f2a7215
[dd] +0x73f8: 000010100000011d -> 0001000000000142
[dd] +0x7400: 0000000000000000 -> ae7ec3ab00010000
[dd] +0x7408: 0000000000000000 -> 000000005b7cab23
[dd] +0x7410: 0000000000000000 -> ef367753bc69c389
[dd] +0x7418: 0000000000000000 -> fc365a844ee497d1
[dd] +0x7420: 0000000000000000 -> 6e0ed7d733487391
[dd] +0x7458: 0000000000000000 -> 000000000000006f
[dd] +0x7460: 0eb1450700750001 -> 0f2a721616de0001
[dd] +0x7470: 0000017f00000000 -> 0000013500000000
[dd] +0x7478: 0000000000dd0000 -> 0000000000000110
[dd] +0x7480: 0000000000000000 -> 5b7cab23ae7ec3ab
[dd] +0x7488: 0000000000000000 -> bc69c38900000000
[dd] +0x7490: 0000000000000000 -> 4ee497d1ef367753
[dd] +0x7498: 0000000000000000 -> 33487391fc365a84
[dd] +0x74a0: 0000000000000000 -> 000000006e0ed7d7
[dd] +0x74d0: 0000000000000000 -> 0000006f00000000
[dd] +0x74d8: 00fc000100000000 -> 1ce4010100000000
[dd] +0x74e0: 000000e40eb14821 -> 000000e40f2a724b
[dd] +0x74f0: 000000000000014a -> 029cdbc70000010b
[dd] +0x74f8: 0000000000000000 -> 0000000009be34f8
[dd] +0x7558: 0eb1482c1b730001 -> 0f2a749c1d070001
[dd] +0x7568: 0000014c00000000 -> 0000011900000000
[dd] +0x7570: 0000000000000001 -> 0100000100000000
[dd] +0x75d0: 16de000100000000 -> 1ce4010100000000
[dd] +0x75d8: 000000e40eb1482f -> 000000e40f2a74f6
[dd] +0x75e8: 0000000000000135 -> 9ce544490000010b
[dd] +0x75f0: ae7ec3ab00000000 -> 000000002a67edb5
[dd] +0x75f8: 000000005b7cab23 -> 0000000000000000
[dd] +0x7600: 845e8ab4b4610d23 -> 0000000000000000
[dd] +0x7608: 014494203dc33033 -> 0000000000000000
[dd] +0x7610: 6e0ed7d733487391 -> 0000000000000000
[dd] +0x7648: 0000000000000069 -> 0000000000000000
[dd] +0x7650: 0eb148aa1d270001 -> 0f2a75d31d070001
[dd] +0x7660: 0000011a00000000 -> 0000011900000000
[dd] +0x7668: 0100000000000000 -> 0100000180000000
[dd] +0x76c8: 1d27000100000000 -> 16d5000100000000
[dd] +0x76d0: 000000e40eb148cd -> 000000e40f2a770b
[dd] +0x76e0: 800000000000011a -> 0001010100000135
[dd] +0x76e8: 0000000001000000 -> ae7ec3ab00000000
[dd] +0x76f0: 0000000000000000 -> 000000005b7cab23
[dd] +0x76f8: 0000000000000000 -> ef367753bc69c389
[dd] +0x7700: 0000000000000000 -> fc365a844ee497d1
[dd] +0x7708: 0000000000000000 -> 6e0ed7d733487391
[dd] +0x7740: 0000000000000000 -> 000000000000006f
[dd] +0x7748: 0eb148d213970001 -> 0f2a770e00aa0001
[dd] +0x7758: 0000010d00000000 -> 0000014200000000
[dd] +0x7760: 0000000000000016 -> 0000000000000010
[dd] +0x7770: b4610d2300000000 -> bc69c38900000000
[dd] +0x7778: 3dc33033845e8ab4 -> 4ee497d1ef367753
[dd] +0x7780: 3348739101449420 -> 33487391fc365a84
[dd] +0x77b8: 0000006900000000 -> 0000006f00000000
[dd] +0x77c0: 139d000100000000 -> 00f6000100000000
[dd] +0x77c8: 000000e40eb148d6 -> 000000e40f2a7712
[dd] +0x77d8: 000000180000010d -> 0000000000000142
[dd] +0x77e0: ae7ec3ab00000000 -> ae7ec3abffff0000
[dd] +0x77f0: 845e8ab4b4610d23 -> ef367753bc69c389
[dd] +0x77f8: 014494203dc33033 -> fc365a844ee497d1
[dd] +0x7838: 0000000000000069 -> 000000000000006f
[dd] +0x7840: 0eb148de1c1e0001 -> 0f2a778116de0001
[dd] +0x7850: 0000018300000000 -> 0000013500000000
[dd] +0x7858: f0000f0400000000 -> 0000000000000000
[dd] +0x7860: 0000000000000000 -> 5b7cab23ae7ec3ab
[dd] +0x7868: 0000000000000000 -> bc69c38900000000
[dd] +0x7870: 0000000000000000 -> 4ee497d1ef367753
[dd] +0x7878: 0000000000000000 -> 33487391fc365a84
[dd] +0x7880: 0000000000000000 -> 000000006e0ed7d7
[dd] +0x78b0: 0000000000000000 -> 0000006f00000000
[dd] +0x78b8: 13c8000100000000 -> 1158000100000000
[dd] +0x78c0: 000000e40eb148eb -> 000000e40f2a778d
[dd] +0x78d0: 0000000100000120 -> 0000000000000101
[dd] +0x78e8: 845e8ab4b4610d23 -> ef367753bc69c389
[dd] +0x78f0: 014494203dc33033 -> fc365a844ee497d1
[dd] +0x7930: 0000000000000069 -> 000000000000006f
[dd] +0x7938: 0eb14a020deb0101 -> 0f2a77d811780101
[dd] +0x7948: 0000012600000000 -> 0000010e00000000
[dd] +0x7950: 5b7cab23ae7ec3ab -> ef367753bc69c389
[dd] +0x7958: 0000000000000000 -> 5b7cab23ae7ec3ab
[dd] +0x7960: 0000000000000000 -> bc69c38900000000
[dd] +0x7968: 0000000000000000 -> 4ee497d1ef367753
[dd] +0x7970: 0000000000000000 -> 33487391fc365a84
[dd] +0x7978: 0000000000000000 -> 000000006e0ed7d7
[dd] +0x79a8: 0000000000000000 -> 0000006f00000000
[dd] +0x79b0: 022c010100000000 -> 1197010100000000
[dd] +0x79b8: 000000e40eb14afd -> 000000e40f2a78f3
[dd] +0x79c8: 3348739100000115 -> 4ee497d10000010e
[dd] +0x79d0: 000000006e0ed7d7 -> ae7ec3abfc365a84
[dd] +0x79d8: 0000000000000000 -> 000000005b7cab23
[dd] +0x79e0: 0000000000000000 -> ef367753bc69c389
[dd] +0x79e8: 0000000000000000 -> fc365a844ee497d1
[dd] +0x79f0: 0000000000000000 -> 6e0ed7d733487391
[dd] +0x79f8: 0000000000000000 -> 3440d47f18fde7f1
[dd] +0x7a28: 0000000000000000 -> 000000000000006f
[dd] +0x7a30: 0ec5783d0aa90001 -> 0f2a79f910b10001
[dd] +0x7a40: 0000011f00000000 -> 0000010200000000
[dd] +0x7a48: 000000020131e119 -> 0000000000020001
[dd] +0x7a50: 69b758dd626d3599 -> 5b7cab23ae7ec3ab
[dd] +0x7a58: 0000000000000008 -> bc69c38900000000
[dd] +0x7a60: 0000000000000000 -> 4ee497d1ef367753
[dd] +0x7a68: 3348739100000000 -> 33487391fc365a84
[dd] +0x7a70: 000000006e0ed7d7 -> 18fde7f16e0ed7d7
[dd] +0x7a78: 0000000000000000 -> cd89dba13440d47f
[dd] +0x7a80: 0000000000000000 -> 000000009b59cddd
[dd] +0x7aa0: 0000006a00000000 -> 0000006f00000000
[dd] +0x7aa8: 1b20000100000000 -> 11fe000100000000
[dd] +0x7ab0: 000000e40ec5788f -> 000000e40f2a7a9d
[dd] +0x7ac0: 00000f0400000149 -> 0000100100000147
[dd] +0x7ac8: 626d359900000000 -> ae7ec3ab00000000
[dd] +0x7ad0: 0000000869b758dd -> 000000005b7cab23
[dd] +0x7ad8: 845e8ab4b4610d23 -> ef367753bc69c389
[dd] +0x7ae0: 014494203dc33033 -> fc365a844ee497d1
[dd] +0x7af0: 0000000000000000 -> 3440d47f18fde7f1
[dd] +0x7af8: 0000000000000000 -> 9b59cdddcd89dba1
[dd] +0x7b20: 000000000000006a -> 000000000000006f
[dd] +0x7b28: 0ec578911c250001 -> 0f2a7a9e12b20001
[dd] +0x7b38: 0000018200000000 -> 0000010300000000
[dd] +0x7b40: 10000f040000f040 -> 0000000000001011
[dd] +0x7b48: 0000000000000000 -> 5b7cab23ae7ec3ab
[dd] +0x7b50: 0000000000000000 -> bc69c38900000000
[dd] +0x7b58: 0000000000000000 -> 4ee497d1ef367753
[dd] +0x7b60: 0000000000000000 -> 33487391fc365a84
[dd] +0x7b68: 0000000000000000 -> 18fde7f16e0ed7d7
[dd] +0x7b70: 0000000000000000 -> cd89dba13440d47f
[dd] +0x7b78: 0000000000000000 -> 000000009b59cddd
[dd] +0x7b98: 0000000000000000 -> 0000006f00000000
[dd] +0x7ba0: 1b3e000100000000 -> 1baa000100000000
[dd] +0x7ba8: 000000e40ec57892 -> 000000e40f2a7aa7
[dd] +0x7bb8: 0000000000000148 -> 000001020000015c
[dd] +0x7bc0: 626d359900000000 -> ae7ec3ab00000000
[dd] +0x7bc8: 0000000069b758dd -> 000000005b7cab23
[dd] +0x7bd0: 845e8ab4b4610d23 -> ef367753bc69c389
[dd] +0x7bd8: 014494203dc33033 -> fc365a844ee497d1
[dd] +0x7be8: 0000000000000000 -> 3440d47f18fde7f1
[dd] +0x7bf0: 0000000000000000 -> 9b59cdddcd89dba1
[dd] +0x7c18: 000000000000006a -> 000000000000006f
[dd] +0x7c20: 0ec578990cb70001 -> 0f2a7aaa122e0001
[dd] +0x7c30: 0000012500000000 -> 0000013a00000000
[dd] +0x7c38: 000000000131e119 -> 0131e11e00000010
[dd] +0x7c40: 69b758dd626d3599 -> 5b7cab23ae7ec3ab
[dd] +0x7c48: b4610d2300000000 -> bc69c38900000000
[dd] +0x7c50: 3dc33033845e8ab4 -> 4ee497d1ef367753
[dd] +0x7c58: 3348739101449420 -> 33487391fc365a84
[dd] +0x7c60: 000000006e0ed7d7 -> 18fde7f16e0ed7d7
[dd] +0x7c68: 0000000000000000 -> cd89dba13440d47f
[dd] +0x7c70: 0000000000000000 -> 000000009b59cddd
[dd] +0x7c90: 0000006a00000000 -> 0000006f00000000
[dd] +0x7c98: 15f4010100000000 -> 00aa000100000000
[dd] +0x7ca0: 000000e40ec57fcc -> 000000e40f2a7aad
[dd] +0x7cb0: 06f141030000010a -> 0000010000000142
[dd] +0x7cb8: 626d3599ee41eeb6 -> ae7ec3ab00000000
[dd] +0x7cc0: 0000000069b758dd -> 000000005b7cab23
[dd] +0x7cc8: 845e8ab4b4610d23 -> ef367753bc69c389
[dd] +0x7cd0: 014494203dc33033 -> fc365a844ee497d1
[dd] +0x7ce0: 0000000000000000 -> 3440d47f18fde7f1
[dd] +0x7ce8: 0000000000000000 -> 9b59cdddcd89dba1
[dd] +0x7d10: 000000000000006a -> 000000000000006f
[dd] +0x7d18: 0ec57fd215fd0101 -> 0f2a7aae00b80001
[dd] +0x7d28: 0000010c00000000 -> 0000014200000000
[dd] +0x7d30: 014494203dc33033 -> 0001000000010000
[dd] +0x7d38: 69b758dd626d3599 -> 5b7cab23ae7ec3ab
[dd] +0x7d40: b4610d2300000000 -> bc69c38900000000
[dd] +0x7d48: 3dc33033845e8ab4 -> 4ee497d1ef367753
[dd] +0x7d50: 3348739101449420 -> 33487391fc365a84
[dd] +0x7d58: 000000006e0ed7d7 -> 18fde7f16e0ed7d7
[dd] +0x7d60: 0000000000000000 -> cd89dba13440d47f
[dd] +0x7d68: 0000000000000000 -> 000000009b59cddd
[dd] +0x7d88: 0000006a00000000 -> 0000006f00000000
[dd] +0x7d90: 15f4010100000000 -> 0230000100000000
[dd] +0x7d98: 000000e40ec5802e -> 000000e40f2a7ab7
[dd] +0x7da8: 8c985c3b0000010a -> 000010110000011d
[dd] +0x7db0: 626d3599995b4ba3 -> 0000000000000000
[dd] +0x7db8: 0000000069b758dd -> 0000000000000000
[dd] +0x7dc0: 845e8ab4b4610d23 -> 0000000000000000
[dd] +0x7dc8: 014494203dc33033 -> 0000000000000000
[dd] +0x7dd0: 6e0ed7d733487391 -> 0000000000000000
[dd] +0x7e08: 000000000000006a -> 0000000000000000
[dd] +0x7e10: 0ec5803315fd0101 -> 0f2a7ae218e30001
[dd] +0x7e20: 0000010c00000000 -> 0000013000000000
[dd] +0x7e28: 845e8ab4b4610d23 -> 00000f0400000200
[dd] +0x7e30: 69b758dd626d3599 -> 0000000000000000
[dd] +0x7e38: b4610d2300000000 -> 0000000000000000
[dd] +0x7e40: 3dc33033845e8ab4 -> 0000000000000000
[dd] +0x7e48: 3348739101449420 -> 0000000000000000
[dd] +0x7e50: 000000006e0ed7d7 -> 0000000000000000
[dd] +0x7e80: 0000006a00000000 -> 0000000000000000
[dd] +0x7e88: 16d5000100000000 -> 01a3000100000000
[dd] +0x7e90: 000000e40ec5809f -> 000000e40f2a7b07
[dd] +0x7ea0: 0000100100000135 -> 005101100000012f
[dd] +0x7ea8: 626d359900000000 -> ae7ec3ab00000000
[dd] +0x7eb0: 0000000069b758dd -> 000000005b7cab23
[dd] +0x7eb8: 845e8ab4b4610d23 -> ef367753bc69c389
[dd] +0x7ec0: 014494203dc33033 -> fc365a844ee497d1
[dd] +0x7ed0: 0000000000000000 -> 3440d47f18fde7f1
[dd] +0x7ed8: 0000000000000000 -> 9b59cdddcd89dba1
[dd] +0x7f00: 000000000000006a -> 000000000000006f
[dd] +0x7f08: 0ec580a100aa0001 -> 0f2a7b6f018c0001
[dd] +0x7f18: 0000014200000000 -> 0000020c00000000
[dd] +0x7f20: 0000000000000100 -> 0000000100000000
[dd] +0x7f28: 69b758dd626d3599 -> 5b7cab23ae7ec3ab
[dd] +0x7f30: b4610d2300000000 -> bc69c38900000000
[dd] +0x7f38: 3dc33033845e8ab4 -> 4ee497d1ef367753
[dd] +0x7f40: 3348739101449420 -> 33487391fc365a84
[dd] +0x7f48: 000000006e0ed7d7 -> 18fde7f16e0ed7d7
[dd] +0x7f50: 0000000000000000 -> cd89dba13440d47f
[dd] +0x7f58: 0000000000000000 -> 000000009b59cddd
[dd] +0x7f78: 0000006a00000000 -> 0000006f00000000
[dd] +0x7f80: 00b9000100000000 -> 007b000100000000
[dd] +0x7f88: 000000e40ec580be -> 000000e40f2a884c
[dd] +0x7f98: 0000000100000141 -> 000000000000014d
[dd] +0x7fa0: 0000000000000000 -> ae7ec3ab00000000
[dd] +0x7fa8: 0000000000000000 -> 000000005b7cab23
[dd] +0x7fb0: 0000000000000000 -> ef367753bc69c389
[dd] +0x7fb8: 0000000000000000 -> fc365a844ee497d1
[dd] +0x7fc0: 0000000000000000 -> 6e0ed7d733487391
[dd] +0x7fc8: 0000000000000000 -> 3440d47f18fde7f1
[dd] +0x7fd0: 0000000000000000 -> 9b59cdddcd89dba1
[dd] +0x7ff8: 0000000000000000 -> 000000000000006f
[dd] +0x8000: 0ec5875b00750001 -> 0f2a88d302a40001
[dd] +0x8010: 0000017f00000000 -> 0000014d00000000
[dd] +0x8018: 0000000000dd0100 -> 0000000000000000
[dd] +0x8020: 0000000000000000 -> 5b7cab23ae7ec3ab
[dd] +0x8028: 0000000000000000 -> bc69c38900000000
[dd] +0x8030: 0000000000000000 -> 4ee497d1ef367753
[dd] +0x8038: 0000000000000000 -> 33487391fc365a84
[dd] +0x8040: 0000000000000000 -> 18fde7f16e0ed7d7
[dd] +0x8048: 0000000000000000 -> cd89dba13440d47f
[dd] +0x8050: 0000000000000000 -> 000000009b59cddd
[dd] +0x8070: 0000000000000000 -> 0000006f00000000
[dd] +0x8078: 0230000100000000 -> 13ae000100000000
[dd] +0x8080: 000000e40ec58760 -> 000000e40f2a896c
[dd] +0x8090: 000010010000011d -> 0000000000000107
[dd] +0x8098: 0000000000000000 -> ae7ec3ab0131e11e
[dd] +0x80a0: 0000000000000000 -> 000000005b7cab23
[dd] +0x80a8: 0000000000000000 -> ef367753bc69c389
[dd] +0x80b0: 0000000000000000 -> fc365a844ee497d1
[dd] +0x80b8: 0000000000000000 -> 6e0ed7d733487391
[dd] +0x80c0: 0000000000000000 -> 3440d47f18fde7f1
[dd] +0x80c8: 0000000000000000 -> 9b59cdddcd89dba1
[dd] +0x80f0: 0000000000000000 -> 000000000000006f
[dd] +0x80f8: 0ec58aa800fc0001 -> 0f2a89a9125e0001
[dd] +0x8108: 0000014a00000000 -> 0000012900000000
[dd] +0x8110: 0000000000000010 -> 0000000000001000
[dd] +0x8118: 0000000000000000 -> 5b7cab23ae7ec3ab
[dd] +0x8120: 0000000000000000 -> bc69c38900000000
[dd] +0x8128: 0000000000000000 -> 4ee497d1ef367753
[dd] +0x8130: 0000000000000000 -> 33487391fc365a84
[dd] +0x8138: 0000000000000000 -> 18fde7f16e0ed7d7
[dd] +0x8140: 0000000000000000 -> cd89dba13440d47f
[dd] +0x8148: 0000000000000000 -> 000000009b59cddd
[dd] +0x8168: 0000000000000000 -> 0000006f00000000
[dd] +0x8170: 03ad000100000000 -> 0042000100000000
[dd] +0x8178: 000000e40ec58ac2 -> 000000e40f2a89bd
[dd] +0x8188: 0000000100000127 -> 0000000100000154
[dd] +0x8190: 0000000000000000 -> ae7ec3abfffffffe
[dd] +0x8198: 0000000000000000 -> 000000005b7cab23
[dd] +0x81a0: 0000000000000000 -> ef367753bc69c389
[dd] +0x81a8: 0000000000000000 -> fc365a844ee497d1
[dd] +0x81b0: 0000000000000000 -> 6e0ed7d733487391
[dd] +0x81b8: 0000000000000000 -> 3440d47f18fde7f1
[dd] +0x81c0: 0000000000000000 -> 9b59cdddcd89dba1
[dd] +0x81e8: 0000000000000000 -> 000000000000006f
[dd] +0x81f0: 0ec58aee00a00001 -> 0f2a89e200aa0001
[dd] +0x8200: 0000022400000000 -> 0000014200000000
[dd] +0x8208: 0000000000000000 -> 0000000000000110
[dd] +0x8268: 1b73000100000000 -> 00b8000100000000
[dd] +0x8270: 000000e40ec58cd7 -> 000000e40f2a89e4
[dd] +0x8280: 000000010000014c -> 0002000000000142
[dd] +0x8288: 0000000000000000 -> 0000000000010000
[dd] +0x82e8: 0ec58cd900e00001 -> 0f2a89e701e00001
[dd] +0x82f8: 0000014200000000 -> 0000021400000000
[dd] +0x8300: 0001000000010000 -> 0000000100000000
[dd] +0x8308: 69b758dd626d3599 -> 5b7cab23ae7ec3ab
[dd] +0x8310: b4610d2300000000 -> bc69c38900000000
[dd] +0x8318: 3dc33033845e8ab4 -> 4ee497d1ef367753
[dd] +0x8320: 3348739101449420 -> 33487391fc365a84
[dd] +0x8328: 000000006e0ed7d7 -> 18fde7f16e0ed7d7
[dd] +0x8330: 0000000000000000 -> cd89dba13440d47f
[dd] +0x8338: 0000000000000000 -> 000000009b59cddd
[dd] +0x8358: 0000006a00000000 -> 0000006f00000000
[dd] +0x8360: 16de000100000000 -> 014a000100000000
[dd] +0x8368: 000000e40ec58cda -> 000000e40f2a8a34
[dd] +0x8378: 0000011000000135 -> 0100010000000200
[dd] +0x8380: 626d359900000000 -> ae7ec3ab00000000
[dd] +0x8388: 0000000069b758dd -> 000000005b7cab23
[dd] +0x8390: 845e8ab4b4610d23 -> ef367753bc69c389
[dd] +0x8398: 014494203dc33033 -> fc365a844ee497d1
[dd] +0x83a8: 0000000000000000 -> 3440d47f18fde7f1
[dd] +0x83b0: 0000000000000000 -> 9b59cdddcd89dba1
[dd] +0x83d8: 000000000000006a -> 000000000000006f
[dd] +0x83e0: 0ec58d061ce40101 -> 0f2a8a3a1b730001
[dd] +0x83f0: 0000010b00000000 -> 0000014c00000000
[dd] +0x83f8: ee41eeb606f14103 -> 0000000000000000
[dd] +0x8458: 1d07000100000000 -> 12f3000100000000
[dd] +0x8460: 000000e40ec58d69 -> 000000e40f2a8a5f
[dd] +0x8470: 0000000000000119 -> 0001010000000104
[dd] +0x8478: 0000000001000000 -> 0000000000000001
[dd] +0x84d8: 0ec58e0e1ce40101 -> 0f2a8aa60deb0101
[dd] +0x84e8: 0000010b00000000 -> 0000012600000000
[dd] +0x84f0: 995b4ba38c985c3b -> 5b7cab23ae7ec3ab
[dd] +0x8550: 1d07000100000000 -> 01b8000100000000
[dd] +0x8558: 000000e40ec58e2f -> 000000e40f2a90b1
[dd] +0x8560: 000000000004b3f9 -> 0000000000000400
[dd] +0x8568: 8000000000000119 -> 000100000000021c
[dd] +0x8570: 0000000001000000 -> 0000000000000041
[dd] +0x85d0: 0ec593030dd30101 -> 0f2a90b400aa0001
[dd] +0x85d8: 0004b3f9000000e4 -> 00000400000000e4
[dd] +0x85e0: 0000011e00000000 -> 0000014200000000
[dd] +0x85e8: 69b758dd626d3599 -> 0000000000000120
[dd] +0x8648: 16d5000100000000 -> 00b8000100000000
[dd] +0x8650: 000000e40ec59308 -> 000000e40f2a90ba
[dd] +0x8658: 000000000004b3f9 -> 0000000000000400
[dd] +0x8660: 0001000100000135 -> 0003000000000142
[dd] +0x8668: 626d359900000000 -> 0000000000010000
[dd] +0x8670: 0000000069b758dd -> 0000000000000000
[dd] +0x8678: 845e8ab4b4610d23 -> 0000000000000000
[dd] +0x8680: 014494203dc33033 -> 0000000000000000
[dd] +0x8688: 6e0ed7d733487391 -> 0000000000000000
[dd] +0x86c0: 000000000000006a -> 0000000000000000
[dd] +0x86c8: 0ec5930a00aa0001 -> 0f2a90db02360001
[dd] +0x86d0: 0004b3f9000000e4 -> 00000400000000e4
[dd] +0x86d8: 0000014200000000 -> 0000021800000000
[dd] +0x86e0: 0000000000000010 -> 0000000000010100
[dd] +0x86e8: 69b758dd626d3599 -> 5b7cab23ae7ec3ab
[dd] +0x86f0: b4610d2300000000 -> bc69c38900000000
[dd] +0x86f8: 3dc33033845e8ab4 -> 4ee497d1ef367753
[dd] +0x8700: 3348739101449420 -> 33487391fc365a84
[dd] +0x8708: 000000006e0ed7d7 -> 18fde7f16e0ed7d7
[dd] +0x8710: 0000000000000000 -> cd89dba13440d47f
[dd] +0x8718: 0000000000000000 -> 000000009b59cddd
[dd] +0x8738: 0000006a00000000 -> 0000006f00000000
[dd] +0x8740: 00f6000100000000 -> 00aa000100000000
[dd] +0x8748: 000000e40ec5930b -> 000000e40f2a90e0
[dd] +0x8750: 000000000004b3f9 -> 0000000000000400
[dd] +0x8758: 0000000000000142 -> 0000003000000142
[dd] +0x8760: 626d3599ffff0000 -> 0000000000000000
[dd] +0x8768: 0000000069b758dd -> 0000000000000000
[dd] +0x8770: 845e8ab4b4610d23 -> 0000000000000000
[dd] +0x8778: 014494203dc33033 -> 0000000000000000
[dd] +0x8780: 6e0ed7d733487391 -> 0000000000000000
[dd] +0x87b8: 000000000000006a -> 0000000000000000
[dd] +0x87c0: 0ec594b5008b0001 -> 0f2a90e300f60001
[dd] +0x87c8: 0004b3f9000000e4 -> 00000400000000e4
[dd] +0x87d0: 0000013200000000 -> 0000014200000000
[dd] +0x87d8: 0000000000000001 -> ffff000000020000
[dd] +0x8838: 00b4000100000000 -> 0161000100000000
[dd] +0x8840: 000000e40ec594db -> 000000e40f2a90f8
[dd] +0x8848: 000000000004b3f9 -> 0000000000000400
[dd] +0x8850: 0000010000000132 -> 0101010000000204
[dd] +0x8858: 0000000000000000 -> ae7ec3ab00000000
[dd] +0x8860: 0000000000000000 -> 000000005b7cab23
[dd] +0x8868: 0000000000000000 -> ef367753bc69c389
[dd] +0x8870: 0000000000000000 -> fc365a844ee497d1
[dd] +0x8878: 0000000000000000 -> 6e0ed7d733487391
[dd] +0x8880: 0000000000000000 -> 3440d47f18fde7f1
[dd] +0x8888: 0000000000000000 -> 9b59cdddcd89dba1
[dd] +0x88b0: 0000000000000000 -> 000000000000006f
[dd] +0x88b8: 0ec594dc00bd0001 -> 0f2a90fc01a90001
[dd] +0x88c0: 0004b3f9000000e4 -> 00000400000000e4
[dd] +0x88c8: 0000013200000000 -> 0000021000000000
[dd] +0x88d0: 0000000000000101 -> 0000000100000000
[dd] +0x88d8: 0000000000000000 -> 5b7cab23ae7ec3ab
[dd] +0x88e0: 0000000000000000 -> bc69c38900000000
[dd] +0x88e8: 0000000000000000 -> 4ee497d1ef367753
[dd] +0x88f0: 0000000000000000 -> 33487391fc365a84
[dd] +0x88f8: 0000000000000000 -> 18fde7f16e0ed7d7
[dd] +0x8900: 0000000000000000 -> cd89dba13440d47f
[dd] +0x8908: 0000000000000000 -> 000000009b59cddd
[dd] +0x8928: 0000000000000000 -> 0000006f00000000
[dd] +0x8930: 00b9000100000000 -> 00aa000100000000
[dd] +0x8938: 000000e40ec594de -> 000000e40f2a910e
[dd] +0x8940: 000000000004b3f9 -> 0000000000000400
[dd] +0x8948: 0000000000000141 -> 0000002000000142
[dd] +0x89b0: 0ec594e002300001 -> 0f2a910f00f60001
[dd] +0x89b8: 0004b3f9000000e4 -> 00000400000000e4
[dd] +0x89c0: 0000011d00000000 -> 0000014200000000
[dd] +0x89c8: 0000000000001010 -> ffff000000010000
[dd] +0x8a28: 0075000100000000 -> 1980000100000000
[dd] +0x8a30: 000000e40ec59687 -> 000000e417448a71
[dd] +0x8a38: 000000000004b3f9 -> 00000000000470a2
[dd] +0x8a40: 00dd00000000017f -> 0001010600000186
[dd] +0x8aa8: 0ec599b000fc0001 -> 18b3214a19800001
[dd] +0x8ab0: 0004b3f9000000e4 -> 000470a2000000e4
[dd] +0x8ab8: 0000014a00000000 -> 0000018600000000
[dd] +0x8ac0: 0000000000000000 -> 0000000000010106
[dd] +0x8b20: 1b73000100000000 -> 1980000100000000
[dd] +0x8b28: 000000e40ec599b5 -> 000000e41a21b8d3
[dd] +0x8b30: 000000000004b3f9 -> 00000000000470a2
[dd] +0x8b38: 000000010000014c -> 0001010600000186
[dd] +0x8ba0: 0ec599b716de0001 -> 1b90511319800001
[dd] +0x8ba8: 0004b3f9000000e4 -> 000470a2000000e4
[dd] +0x8bb0: 0000013500000000 -> 0000018600000000
[dd] +0x8bb8: 0000000000000000 -> 0000000000010106
[dd] +0x8bc0: 69b758dd626d3599 -> 0000000000000000
[dd] +0x8bc8: b4610d2300000000 -> 0000000000000000
[dd] +0x8bd0: 3dc33033845e8ab4 -> 0000000000000000
[dd] +0x8bd8: 3348739101449420 -> 0000000000000000
[dd] +0x8be0: 000000006e0ed7d7 -> 0000000000000000
[dd] +0x8c10: 0000006a00000000 -> 0000000000000000
[dd] +0x8c18: 1d27000100000000 -> 1980000100000000
[dd] +0x8c20: 000000e40ec59a25 -> 000000e41cfeeb68
[dd] +0x8c28: 000000000004b3f9 -> 00000000000470a2
[dd] +0x8c30: 000000000000011a -> 0001010600000186
[dd] +0x8c38: 0000000001000000 -> 0000000000000000
[dd] +0x8c98: 0ec59a471d270001 -> 1e6d81d419800001
[dd] +0x8ca0: 0004b3f9000000e4 -> 000470a2000000e4
[dd] +0x8ca8: 0000011a00000000 -> 0000018600000000
[dd] +0x8cb0: 0100000080000000 -> 0000000000010106
[dd] +0x8d10: 1397000100000000 -> 1010000100000000
[dd] +0x8d18: 000000e40ec59a4b -> 000000e41e86bd92
[dd] +0x8d20: 000000000004b3f9 -> 0000000000000400
[dd] +0x8d28: 000000160000010d -> 0000000100000108
[dd] +0x8d30: 626d359900000000 -> 0000000000000002
[dd] +0x8d38: 0000000069b758dd -> 0000000000000000
[dd] +0x8d40: 845e8ab4b4610d23 -> 0000000000000000
[dd] +0x8d48: 014494203dc33033 -> 0000000000000000
[dd] +0x8d50: 6e0ed7d733487391 -> 0000000000000000
[dd] +0x8d88: 000000000000006a -> 0000000000000000
[dd] +0x8d90: 0ec59a9d139d0001 -> 1e86c207104a0001
[dd] +0x8d98: 0004b3f9000000e4 -> 00000400000000e4
[dd] +0x8da0: 0000010d00000000 -> 0000010900000000
[dd] +0x8da8: 0000000000000018 -> 0000000000000060
[dd] +0x8db0: 69b758dd626d3599 -> 0000000000000000
[dd] +0x8db8: b4610d2300000000 -> 0000000000000000
[dd] +0x8dc0: 3dc33033845e8ab4 -> 0000000000000000
[dd] +0x8dc8: 3348739101449420 -> 0000000000000000
[dd] +0x8dd0: 000000006e0ed7d7 -> 0000000000000000
[dd] +0x8e00: 0000006a00000000 -> 0000000000000000
[dd] +0x8e08: 1c1e000100000000 -> 1b73000100000000
[dd] +0x8e10: 000000e40ec59aab -> 000000e41e870b90
[dd] +0x8e18: 000000000004b3f9 -> 0000000000000400
[dd] +0x8e20: 0000000000000183 -> 000000000000014c
[dd] +0x8e28: 00000000f0000f04 -> 0000000000000000
[dd] +0x8e88: 0ec59ab613c80001 -> 1e870b9b11300001
[dd] +0x8e90: 0004b3f9000000e4 -> 00000400000000e4
[dd] +0x8e98: 0000012000000000 -> 0000012100000000
[dd] +0x8ea0: 0000000000000001 -> 0000000000010000
[dd] +0x8ea8: 69b758dd626d3599 -> 0000000000000000
[dd] +0x8eb0: b4610d2300000000 -> 0000000000000000
[dd] +0x8eb8: 3dc33033845e8ab4 -> 0000000000000000
[dd] +0x8ec0: 3348739101449420 -> 0000000000000000
[dd] +0x8ec8: 000000006e0ed7d7 -> 0000000000000000
[dd] +0x8ef8: 0000006a00000000 -> 0000000000000000
[dd] +0x8f00: 0deb010100000000 -> 03ad000100000000
[dd] +0x8f08: 000000e40ec59bd3 -> 000000e41e870bb3
[dd] +0x8f10: 000000000004b3f9 -> 0000000000000400
[dd] +0x8f18: 626d359900000126 -> 0000000200000127
[dd] +0x8f20: 0000000069b758dd -> 0000000000000000
[dd] +0x8f80: 0ec59e40022c0101 -> 1e870bf100a00001
[dd] +0x8f88: 0004b3f9000000e4 -> 00000400000000e4
[dd] +0x8f90: 0000011500000000 -> 0000022400000000
[dd] +0x8f98: 6e0ed7d733487391 -> 0000000000000011
[dd] +0x8ff8: 0aa9000100000000 -> 1b73000100000000
[dd] +0x9000: 000000e40ed9cd56 -> 000000e41e870c4a
[dd] +0x9008: 000000000004b3f9 -> 0000000000000400
[dd] +0x9010: 0131e11a0000011f -> 000000010000014c
[dd] +0x9018: 243840f700000002 -> 0000000000000000
[dd] +0x9020: 00000008248cb1e6 -> 0000000000000000
[dd] +0x9038: 6e0ed7d733487391 -> 0000000000000000
[dd] +0x9070: 000000000000006b -> 0000000000000000
[dd] +0x9078: 0ed9cdae1b200001 -> 1e870cfb11a00001
[dd] +0x9080: 0004b3f9000000e4 -> 00000400000000e4
[dd] +0x9088: 0000014900000000 -> 0000012200000000
[dd] +0x9090: 0000000000000f04 -> 0000e11e00000000
[dd] +0x9098: 248cb1e6243840f7 -> 5b7cab23ae7ec3ab
[dd] +0x90a0: b4610d2300000008 -> bc69c38900000000
[dd] +0x90a8: 3dc33033845e8ab4 -> 4ee497d1ef367753
[dd] +0x90b0: 3348739101449420 -> 33487391fc365a84
[dd] +0x90b8: 000000006e0ed7d7 -> 18fde7f16e0ed7d7
[dd] +0x90c0: 0000000000000000 -> cd89dba13440d47f
[dd] +0x90c8: 0000000000000000 -> 000000009b59cddd
[dd] +0x90e8: 0000006b00000000 -> 0000006f00000000
[dd] +0x90f0: 1c25000100000000 -> 126a000100000000
[dd] +0x90f8: 000000e40ed9cdb3 -> 000000e41e870d46
[dd] +0x9100: 000000000004b3f9 -> 0000000000000400
[dd] +0x9108: 0000f04000000182 -> 000000000000012a
[dd] +0x9110: 0000000010000f04 -> ae7ec3ab00000000
[dd] +0x9118: 0000000000000000 -> 000000005b7cab23
[dd] +0x9120: 0000000000000000 -> ef367753bc69c389
[dd] +0x9128: 0000000000000000 -> fc365a844ee497d1
[dd] +0x9130: 0000000000000000 -> 6e0ed7d733487391
[dd] +0x9138: 0000000000000000 -> 3440d47f18fde7f1
[dd] +0x9140: 0000000000000000 -> 9b59cdddcd89dba1
[dd] +0x9168: 0000000000000000 -> 000000000000006f
[dd] +0x9170: 0ed9cdb41b3e0001 -> 1e870d4911cc0001
[dd] +0x9178: 0004b3f9000000e4 -> 00000400000000e4
[dd] +0x9180: 0000014800000000 -> 0000010600000000
[dd] +0x9188: 0000000000000000 -> 0000000000000101
[dd] +0x9190: 248cb1e6243840f7 -> 5b7cab23ae7ec3ab
[dd] +0x9198: b4610d2300000000 -> bc69c38900000000
[dd] +0x91a0: 3dc33033845e8ab4 -> 4ee497d1ef367753
[dd] +0x91a8: 3348739101449420 -> 33487391fc365a84
[dd] +0x91b0: 000000006e0ed7d7 -> 18fde7f16e0ed7d7
[dd] +0x91b8: 0000000000000000 -> cd89dba13440d47f
[dd] +0x91c0: 0000000000000000 -> 000000009b59cddd
[dd] +0x91e0: 0000006b00000000 -> 0000006f00000000
[dd] +0x91e8: 0cb7000100000000 -> 10c5000100000000
[dd] +0x91f0: 000000e40ed9cdbe -> 000000e41e870d59
[dd] +0x91f8: 000000000004b3f9 -> 0000000000000400
[dd] +0x9200: 0131e11a00000125 -> 0000001000000106
[dd] +0x9208: 243840f700000000 -> ae7ec3ab00000000
[dd] +0x9210: 00000000248cb1e6 -> 000000005b7cab23
[dd] +0x9218: 845e8ab4b4610d23 -> ef367753bc69c389
[dd] +0x9220: 014494203dc33033 -> fc365a844ee497d1
[dd] +0x9230: 0000000000000000 -> 3440d47f18fde7f1
[dd] +0x9238: 0000000000000000 -> 9b59cdddcd89dba1
[dd] +0x9260: 000000000000006b -> 000000000000006f
[dd] +0x9268: 0ed9d61915f40101 -> 1e870dc707bf0001
[dd] +0x9270: 0004b3f9000000e4 -> 00000400000000e4
[dd] +0x9278: 0000010a00000000 -> 0000010500000000
[dd] +0x9280: ee41eeb606f14103 -> 0000000000011010
[dd] +0x9288: 248cb1e6243840f7 -> 5b7cab23ae7ec3ab
[dd] +0x9290: b4610d2300000000 -> bc69c38900000000
[dd] +0x9298: 3dc33033845e8ab4 -> 4ee497d1ef367753
[dd] +0x92a0: 3348739101449420 -> 33487391fc365a84
[dd] +0x92a8: 000000006e0ed7d7 -> 18fde7f16e0ed7d7
[dd] +0x92b0: 0000000000000000 -> cd89dba13440d47f
[dd] +0x92b8: 0000000000000000 -> 000000009b59cddd
[dd] +0x92d8: 0000006b00000000 -> 0000006f00000000
[dd] +0x92e0: 15fd010100000000 -> 00aa000100000000
[dd] +0x92e8: 000000e40ed9d61f -> 000000e41e870e7a
[dd] +0x92f0: 000000000004b3f9 -> 0000000000000400
[dd] +0x92f8: 3dc330330000010c -> 0000001000000142
[dd] +0x9300: 243840f701449420 -> ae7ec3ab00000000
[dd] +0x9308: 00000000248cb1e6 -> 000000005b7cab23
[dd] +0x9310: 845e8ab4b4610d23 -> ef367753bc69c389
[dd] +0x9318: 014494203dc33033 -> fc365a844ee497d1
[dd] +0x9328: 0000000000000000 -> 3440d47f18fde7f1
[dd] +0x9330: 0000000000000000 -> 9b59cdddcd89dba1
[dd] +0x9358: 000000000000006b -> 000000000000006f
[dd] +0x9360: 0ed9d67815f40101 -> 1e870eba00f60001
[dd] +0x9368: 0004b3f9000000e4 -> 00000400000000e4
[dd] +0x9370: 0000010a00000000 -> 0000014200000000
[dd] +0x9378: 995b4ba38c985c3b -> ffff000000000000
[dd] +0x9380: 248cb1e6243840f7 -> 5b7cab23ae7ec3ab
[dd] +0x9388: b4610d2300000000 -> bc69c38900000000
[dd] +0x9390: 3dc33033845e8ab4 -> 4ee497d1ef367753
[dd] +0x9398: 3348739101449420 -> 33487391fc365a84
[dd] +0x93a0: 000000006e0ed7d7 -> 18fde7f16e0ed7d7
[dd] +0x93a8: 0000000000000000 -> cd89dba13440d47f
[dd] +0x93b0: 0000000000000000 -> 000000009b59cddd
[dd] +0x93d0: 0000006b00000000 -> 0000006f00000000
[dd] +0x93d8: 15fd010100000000 -> 008b000100000000
[dd] +0x93e0: 000000e40ed9d67c -> 000000e41e870f73
[dd] +0x93e8: 000000000004b3f9 -> 0000000000000400
[dd] +0x93f0: b4610d230000010c -> 0000000100000132
[dd] +0x93f8: 243840f7845e8ab4 -> 0000000000000000
[dd] +0x9400: 00000000248cb1e6 -> 0000000000000000
[dd] +0x9408: 845e8ab4b4610d23 -> 0000000000000000
[dd] +0x9410: 014494203dc33033 -> 0000000000000000
[dd] +0x9418: 6e0ed7d733487391 -> 0000000000000000
[dd] +0x9450: 000000000000006b -> 0000000000000000
[dd] +0x9458: 0ed9d6ec16d50001 -> 1e870f8b00b40001
[dd] +0x9460: 0004b3f9000000e4 -> 00000400000000e4
[dd] +0x9468: 0000013500000000 -> 0000013200000000
[dd] +0x9470: 0000000000001001 -> 0000000000000100
[dd] +0x9478: 248cb1e6243840f7 -> 0000000000000000
[dd] +0x9480: b4610d2300000000 -> 0000000000000000
[dd] +0x9488: 3dc33033845e8ab4 -> 0000000000000000
[dd] +0x9490: 3348739101449420 -> 0000000000000000
[dd] +0x9498: 000000006e0ed7d7 -> 0000000000000000
[dd] +0x94c8: 0000006b00000000 -> 0000000000000000
[dd] +0x94d0: 00aa000100000000 -> 00bd000100000000
[dd] +0x94d8: 000000e40ed9d6f3 -> 000000e41e870f8c
[dd] +0x94e0: 000000000004b3f9 -> 0000000000000400
[dd] +0x94e8: 0000010000000142 -> 0000010100000132
[dd] +0x94f0: 243840f700000000 -> 0000000000000000
[dd] +0x94f8: 00000000248cb1e6 -> 0000000000000000
[dd] +0x9500: 845e8ab4b4610d23 -> 0000000000000000
[dd] +0x9508: 014494203dc33033 -> 0000000000000000
[dd] +0x9510: 6e0ed7d733487391 -> 0000000000000000
[dd] +0x9548: 000000000000006b -> 0000000000000000
[dd] +0x9550: 0ed9d70d00b90001 -> 1e870f9500b90001
[dd] +0x9558: 0004b3f9000000e4 -> 00000400000000e4
[dd] +0x9568: 0000000000000001 -> 0000000000000000
[dd] +0x95c8: 0075000100000000 -> 0230000100000000
[dd] +0x95d0: 000000e40ed9de29 -> 000000e41e870fa1
[dd] +0x95d8: 000000000004b3f9 -> 0000000000000400
[dd] +0x95e0: 00dd01000000017f -> 000010100000011d
[dd] +0x9648: 0ed9de2d02300001 -> 1e8711ed00750001
[dd] +0x9650: 0004b3f9000000e4 -> 00000400000000e4
[dd] +0x9658: 0000011d00000000 -> 0000017f00000000
[dd] +0x9660: 0000000000001001 -> 0000000000dd0000
[dd] +0x96c8: 000000e40ed9e203 -> 000000e41e871713
[dd] +0x96d0: 000000000004b3f9 -> 0000000000000400
[dd] +0x96d8: 000000100000014a -> 000000000000014a
[dd] +0x9740: 0ed9e22203ad0001 -> 1e8717221b730001
[dd] +0x9748: 0004b3f9000000e4 -> 00000400000000e4
[dd] +0x9750: 0000012700000000 -> 0000014c00000000
[dd] +0x97b8: 00a0000100000000 -> 1353010100000000
[dd] +0x97c0: 000000e40ed9e24f -> 000000e41e871b30
[dd] +0x97c8: 000000000004b3f9 -> 0000000000000400
[dd] +0x97d0: 0000000000000224 -> 0768ef5900000111
[dd] +0x97d8: 0000000000000000 -> ae7ec3ab2e7d7c95
[dd] +0x97e0: 0000000000000000 -> 000000005b7cab23
[dd] +0x97e8: 0000000000000000 -> ef367753bc69c389
[dd] +0x97f0: 0000000000000000 -> fc365a844ee497d1
[dd] +0x97f8: 0000000000000000 -> 6e0ed7d733487391
[dd] +0x9800: 0000000000000000 -> 3440d47f18fde7f1
[dd] +0x9808: 0000000000000000 -> 9b59cdddcd89dba1
[dd] +0x9830: 0000000000000000 -> 000000000000006f
[dd] +0x9838: 0ed9e3f81b730001 -> 1e871c2a13570101
[dd] +0x9840: 0004b3f9000000e4 -> 00000400000000e4
[dd] +0x9848: 0000014c00000000 -> 0000011200000000
[dd] +0x9850: 0000000000000001 -> 2e7d7c950768ef59
[dd] +0x9858: 0000000000000000 -> 5b7cab23ae7ec3ab
[dd] +0x9860: 0000000000000000 -> bc69c38900000000
[dd] +0x9868: 0000000000000000 -> 4ee497d1ef367753
[dd] +0x9870: 0000000000000000 -> 33487391fc365a84
[dd] +0x9878: 0000000000000000 -> 18fde7f16e0ed7d7
[dd] +0x9880: 0000000000000000 -> cd89dba13440d47f
[dd] +0x9888: 0000000000000000 -> 000000009b59cddd
[dd] +0x98a8: 0000000000000000 -> 0000006f00000000
[dd] +0x98b0: 00e0000100000000 -> 1369010100000000
[dd] +0x98b8: 000000e40ed9e3fa -> 000000e41e871c41
[dd] +0x98c0: 000000000004b3f9 -> 0000000000000400
[dd] +0x98c8: 0001000000000142 -> 962c744f00000111
[dd] +0x98d0: 243840f700010000 -> ae7ec3abee93c197
[dd] +0x98d8: 00000000248cb1e6 -> 000000005b7cab23
[dd] +0x98e0: 845e8ab4b4610d23 -> ef367753bc69c389
[dd] +0x98e8: 014494203dc33033 -> fc365a844ee497d1
[dd] +0x9900: 0000000000000000 -> 9b59cdddcd89dba1
[dd] +0x9928: 000000000000006b -> 000000000000006f
[dd] +0x9930: 0ed9e3fb16de0001 -> 1e871c84136d0101
[dd] +0x9938: 0004b3f9000000e4 -> 00000400000000e4
[dd] +0x9940: 0000013500000000 -> 0000011200000000
[dd] +0x9948: 0000000000000110 -> ee93c197962c744f
[dd] +0x9950: 248cb1e6243840f7 -> 5b7cab23ae7ec3ab
[dd] +0x9958: b4610d2300000000 -> bc69c38900000000
[dd] +0x9960: 3dc33033845e8ab4 -> 4ee497d1ef367753
[dd] +0x9968: 3348739101449420 -> 33487391fc365a84
[dd] +0x9978: 0000000000000000 -> cd89dba100000000
[dd] +0x9980: 0000000000000000 -> 000000009b59cddd
[dd] +0x99a0: 0000006b00000000 -> 0000006f00000000
[dd] +0x99a8: 1ce4010100000000 -> 1389000100000000
[dd] +0x99b0: 000000e40ed9e43f -> 000000e41e871cfb
[dd] +0x99b8: 000000000004b3f9 -> 0000000000000400
[dd] +0x99c0: 06f141030000010b -> e00002d600000113
[dd] +0x99c8: 00000000ee41eeb6 -> ae7ec3abffffffff
[dd] +0x99d0: 0000000000000000 -> 000000005b7cab23
[dd] +0x99d8: 0000000000000000 -> ef367753bc69c389
[dd] +0x99e0: 0000000000000000 -> fc365a844ee497d1
[dd] +0x99e8: 0000000000000000 -> 6e0ed7d733487391
[dd] +0x9a20: 0000000000000000 -> 000000000000006f
[dd] +0x9a28: 0ed9e4bf1d070001 -> 1e871e701d270001
[dd] +0x9a30: 0004b3f9000000e4 -> 00000400000000e4
[dd] +0x9a38: 0000011900000000 -> 0000011a00000000
[dd] +0x9a40: 0100000000000000 -> 0100000100000000
[dd] +0x9aa0: 1ce4010100000000 -> 1d27000100000000
[dd] +0x9aa8: 000000e40ed9e4fe -> 000000e41e871eef
[dd] +0x9ab0: 000000000004b3f9 -> 0000000000000400
[dd] +0x9ab8: 8c985c3b0000010b -> 800000000000011a
[dd] +0x9ac0: 00000000995b4ba3 -> 0000000001000001
[v32] done (alive)
[v31a] start triangulation (tall dst)
[tr] dst 64x256 bpr 256 alloc 0x10000
App terminated due to signal 15.
