[main] fuzz harness up, mode=all
[main] sandbox note: VCPDRM open is MACF-denied (iokit-open-user-client VCPDRMUserClient); mach-lookup com.apple.sprr / com.apple.jitbox exist but are sandbox-gated (seen in kernel log)
[open] IOServiceOpen VCPDRMService failed: 0xe00002e2
[open] service VCPDRMServiceUserClient not found
[vcpdrm] no connection, target dead
[open] AppleM2ScalerCSCDriver -> conn 0x5623
[scaler] conn 0x5623, s1 12 s2 13
[probe12] SetNotificationPort -> 0x00000000
[mig] bootstrap-name phase done; add learned names to cand_names[]
[ad] v154 IOSurface sel7 client-memory alias probe
[ad] client buffer 0x107224000 size 0x40000 filled 0xad
[ad] calling sel7 (addr 0x107224000 size 0x40000)...
[ad] sel7 -> kr 0x00000000 osz 0xc68 sid 14 *** SURFACE ALIASES OUR MEMORY ***
[ad] checkpoint: sel7 returned, continuing to lock step
[ad] checkpoint: entering lock step
[ad] sel2 lock sid 14 -> kr 0x00000000 osz 0xc68
[ad] lock result head: 0000000107224000 00000001026c4b60 00000001026e8380 000000000000000e 0000000000040000 0000000000000000
[ad] surface base 0x107224000 sid-word 14 alloc 262144 (client buf 0x107224000 + 0x40000)
[ad] surface content: 262144/262144 bytes == our marker 0xad, 262144 nonzero — alias CONFIRMED (surface aliases our pages)
[ad] done (alive) — surface released; survival-after-death is phase 2
[probe13] afterdeath-only mode, stop
