[main] fuzz harness up, mode=scaler
[main] sandbox note: VCPDRM open is MACF-denied (iokit-open-user-client VCPDRMUserClient); mach-lookup com.apple.sprr / com.apple.jitbox exist but are sandbox-gated (seen in kernel log)
[open] AppleM2ScalerCSCDriver -> conn 0x6c03
[scaler] conn 0x6c03, s1 21 s2 22
[probe12] SetNotificationPort -> 0x00000000
[uat] v108 step 1
[open] IOGPU -> conn 0x6903
[mtlr] resource2 sel8 flags 470 sz 0x1000 -> kr 0x00000000 rid 21 GPUVA 0x10000080000 cpu 10d08c000
[mtlr]   out: 0000010000080000 000000010d08c000 00000001048d4fc0 0000000000000000
[mtlr]   out: 0000001500000000 0000000000004000 0000000016054f32 0000000000006ca9
[mtlr] resource2 sel8 flags 470 sz 0x1000 -> kr 0x00000000 rid 22 GPUVA 0x10000088000 cpu 10d090000
[mtlr]   out: 0000010000088000 000000010d090000 00000001048d5080 0000000000000000
[mtlr]   out: 0000001600000000 0000000000004000 0000000016054f33 0000000000006caa
[mtlr] resource2 sel8 flags 470 sz 0x1000 -> kr 0x00000000 rid 23 GPUVA 0x10000090000 cpu 10d094000
[mtlr]   out: 0000010000090000 000000010d094000 00000001048d5140 0000000000000000
[mtlr]   out: 0000001700000000 0000000000004000 0000000016054f34 0000000000006cab
[mtlr] resource2 sel8 flags 470 sz 0x1000 -> kr 0x00000000 rid 24 GPUVA 0x10000098000 cpu 10d098000
[mtlr]   out: 0000010000098000 000000010d098000 00000001048d5200 0000000000000000
[mtlr]   out: 0000001800000000 0000000000004000 0000000016054f35 0000000000006cac
[mtlr] resource2 sel8 flags 470 sz 0x1000 -> kr 0x00000000 rid 25 GPUVA 0x100000a0000 cpu 10d09c000
[mtlr]   out: 00000100000a0000 000000010d09c000 00000001048d52c0 0000000000000000
[mtlr]   out: 0000001900000000 0000000000004000 0000000016054f36 0000000000006cad
[mtlr] resource2 sel8 flags 470 sz 0x1000 -> kr 0x00000000 rid 26 GPUVA 0x100000a8000 cpu 10d0a0000
[mtlr]   out: 00000100000a8000 000000010d0a0000 00000001048d5380 0000000000000000
[mtlr]   out: 0000001a00000000 0000000000004000 0000000016054f37 0000000000006cae
[mtlr] resource2 sel8 flags 470 sz 0x1000 -> kr 0x00000000 rid 27 GPUVA 0x100000b0000 cpu 10d0a4000
[mtlr]   out: 00000100000b0000 000000010d0a4000 00000001048d5440 0000000000000000
[mtlr]   out: 0000001b00000000 0000000000004000 0000000016054f38 0000000000006caf
[mtlr] resource2 sel8 flags 470 sz 0x1000 -> kr 0x00000000 rid 28 GPUVA 0x100000b8000 cpu 10d0a8000
[mtlr]   out: 00000100000b8000 000000010d0a8000 00000001048d5500 0000000000000000
[mtlr]   out: 0000001c00000000 0000000000004000 0000000016054f39 0000000000006cb0
[mtlr] resource2 sel8 flags 470 sz 0x1000 -> kr 0x00000000 rid 29 GPUVA 0x100000c0000 cpu 10d0ac000
[mtlr]   out: 00000100000c0000 000000010d0ac000 00000001048d55c0 0000000000000000
[mtlr]   out: 0000001d00000000 0000000000004000 0000000016054f3a 0000000000006cb1
[mtlr] resource2 sel8 flags 470 sz 0x1000 -> kr 0x00000000 rid 30 GPUVA 0x100000c8000 cpu 10d0b0000
[mtlr]   out: 00000100000c8000 000000010d0b0000 00000001048d5680 0000000000000000
[mtlr]   out: 0000001e00000000 0000000000004000 0000000016054f3b 0000000000006cb2
[mtlr] resource2 sel8 flags 470 sz 0x1000 -> kr 0x00000000 rid 31 GPUVA 0x100000d0000 cpu 10d0b4000
[mtlr]   out: 00000100000d0000 000000010d0b4000 00000001048d5740 0000000000000000
[mtlr]   out: 0000001f00000000 0000000000004000 0000000016054f3c 0000000000006cb3
[mtlr] resource2 sel8 flags 470 sz 0x1000 -> kr 0x00000000 rid 32 GPUVA 0x100000d8000 cpu 10d0b8000
[mtlr]   out: 00000100000d8000 000000010d0b8000 00000001048d5800 0000000000000000
[mtlr]   out: 0000002000000000 0000000000004000 0000000016054f3d 0000000000006cb4
[mtlr] resource2 sel8 flags 470 sz 0x1000 -> kr 0x00000000 rid 33 GPUVA 0x100000e0000 cpu 10d0bc000
[mtlr]   out: 00000100000e0000 000000010d0bc000 00000001048d58c0 0000000000000000
[mtlr]   out: 0000002100000000 0000000000004000 0000000016054f43 0000000000006cb5
[mtlr] resource2 sel8 flags 470 sz 0x1000 -> kr 0x00000000 rid 34 GPUVA 0x100000e8000 cpu 10d0c0000
[mtlr]   out: 00000100000e8000 000000010d0c0000 00000001048d5980 0000000000000000
[mtlr]   out: 0000002200000000 0000000000004000 0000000016054f58 0000000000006cb6
[mtlr] resource2 sel8 flags 470 sz 0x1000 -> kr 0x00000000 rid 35 GPUVA 0x100000f0000 cpu 10d0c4000
[mtlr]   out: 00000100000f0000 000000010d0c4000 00000001048d5a40 0000000000000000
[mtlr]   out: 0000002300000000 0000000000004000 0000000016054f5d 0000000000006cba
[mtlr] resource2 sel8 flags 470 sz 0x1000 -> kr 0x00000000 rid 36 GPUVA 0x100000f8000 cpu 10d0c8000
[mtlr]   out: 00000100000f8000 000000010d0c8000 00000001048d5b00 0000000000000000
[mtlr]   out: 0000002400000000 0000000000004000 0000000016054f60 0000000000006cbb
[mtlr] resource2 sel8 flags 470 sz 0x1000 -> kr 0x00000000 rid 37 GPUVA 0x10000100000 cpu 10d0cc000
[mtlr]   out: 0000010000100000 000000010d0cc000 00000001048d5bc0 0000000000000000
[mtlr]   out: 0000002500000000 0000000000004000 0000000016054f62 0000000000006cbc
[mtlr] resource2 sel8 flags 470 sz 0x1000 -> kr 0x00000000 rid 38 GPUVA 0x10000108000 cpu 10d0d0000
[mtlr]   out: 0000010000108000 000000010d0d0000 00000001048d5c80 0000000000000000
[mtlr]   out: 0000002600000000 0000000000004000 0000000016054f63 0000000000006cbd
[mtlr] resource2 sel8 flags 470 sz 0x1000 -> kr 0x00000000 rid 39 GPUVA 0x10000110000 cpu 10d0d4000
[mtlr]   out: 0000010000110000 000000010d0d4000 00000001048d5d40 0000000000000000
[mtlr]   out: 0000002700000000 0000000000004000 0000000016054f64 0000000000006cbe
[mtlr] resource2 sel8 flags 470 sz 0x1000 -> kr 0x00000000 rid 40 GPUVA 0x10000118000 cpu 10d0d8000
[mtlr]   out: 0000010000118000 000000010d0d8000 00000001048d5e00 0000000000000000
[mtlr]   out: 0000002800000000 0000000000004000 0000000016054f65 0000000000006cbf
[mtlr] resource2 sel8 flags 470 sz 0x1000 -> kr 0x00000000 rid 41 GPUVA 0x10000120000 cpu 10d0dc000
[mtlr]   out: 0000010000120000 000000010d0dc000 00000001048d5ec0 0000000000000000
[mtlr]   out: 0000002900000000 0000000000004000 0000000016054f66 0000000000006cc0
[mtlr] resource2 sel8 flags 470 sz 0x1000 -> kr 0x00000000 rid 42 GPUVA 0x10000128000 cpu 10d0e0000
[mtlr]   out: 0000010000128000 000000010d0e0000 00000001048d5f80 0000000000000000
[mtlr]   out: 0000002a00000000 0000000000004000 0000000016054f67 0000000000006cc1
[mtlr] resource2 sel8 flags 470 sz 0x1000 -> kr 0x00000000 rid 43 GPUVA 0x10000130000 cpu 10d0e4000
[mtlr]   out: 0000010000130000 000000010d0e4000 00000001048d6040 0000000000000000
[mtlr]   out: 0000002b00000000 0000000000004000 0000000016054f68 0000000000006cc2
[mtlr] resource2 sel8 flags 470 sz 0x1000 -> kr 0x00000000 rid 44 GPUVA 0x10000138000 cpu 10d0e8000
[mtlr]   out: 0000010000138000 000000010d0e8000 00000001048d6100 0000000000000000
[mtlr]   out: 0000002c00000000 0000000000004000 0000000016054f69 0000000000006cc3
[mtlr] resource2 sel8 flags 470 sz 0x1000 -> kr 0x00000000 rid 45 GPUVA 0x10000140000 cpu 10d0ec000
[mtlr]   out: 0000010000140000 000000010d0ec000 00000001048d61c0 0000000000000000
[mtlr]   out: 0000002d00000000 0000000000004000 0000000016054f6a 0000000000006cc4
[mtlr] resource2 sel8 flags 470 sz 0x1000 -> kr 0x00000000 rid 46 GPUVA 0x10000148000 cpu 10d0f0000
[mtlr]   out: 0000010000148000 000000010d0f0000 00000001048d6280 0000000000000000
[mtlr]   out: 0000002e00000000 0000000000004000 0000000016054f6b 0000000000006cc5
[mtlr] resource2 sel8 flags 470 sz 0x1000 -> kr 0x00000000 rid 47 GPUVA 0x10000150000 cpu 10d0f4000
[mtlr]   out: 0000010000150000 000000010d0f4000 00000001048d6340 0000000000000000
[mtlr]   out: 0000002f00000000 0000000000004000 0000000016054f6c 0000000000006cc6
[mtlr] resource2 sel8 flags 470 sz 0x1000 -> kr 0x00000000 rid 48 GPUVA 0x10000158000 cpu 10d0f8000
[mtlr]   out: 0000010000158000 000000010d0f8000 00000001048d6400 0000000000000000
[mtlr]   out: 0000003000000000 0000000000004000 0000000016054f6d 0000000000006cc7
[mtlr] resource2 sel8 flags 470 sz 0x1000 -> kr 0x00000000 rid 49 GPUVA 0x10000160000 cpu 10d0fc000
[mtlr]   out: 0000010000160000 000000010d0fc000 00000001048d64c0 0000000000000000
[mtlr]   out: 0000003100000000 0000000000004000 0000000016054f6e 0000000000006cc8
[mtlr] resource2 sel8 flags 470 sz 0x1000 -> kr 0x00000000 rid 50 GPUVA 0x10000168000 cpu 10d100000
[mtlr]   out: 0000010000168000 000000010d100000 00000001048d6580 0000000000000000
[mtlr]   out: 0000003200000000 0000000000004000 0000000016054f6f 0000000000006cc9
[mtlr] resource2 sel8 flags 470 sz 0x1000 -> kr 0x00000000 rid 51 GPUVA 0x10000170000 cpu 10d104000
[mtlr]   out: 0000010000170000 000000010d104000 00000001048d6640 0000000000000000
[mtlr]   out: 0000003300000000 0000000000004000 0000000016054f70 0000000000006cca
[mtlr] resource2 sel8 flags 470 sz 0x1000 -> kr 0x00000000 rid 52 GPUVA 0x10000178000 cpu 10d108000
[mtlr]   out: 0000010000178000 000000010d108000 00000001048d6700 0000000000000000
[mtlr]   out: 0000003400000000 0000000000004000 0000000016054f71 0000000000006ccb
[mtlr] resource2 sel8 flags 470 sz 0x1000 -> kr 0x00000000 rid 53 GPUVA 0x10000180000 cpu 10d10c000
[mtlr]   out: 0000010000180000 000000010d10c000 00000001048d67c0 0000000000000000
[mtlr]   out: 0000003500000000 0000000000004000 0000000016054f72 0000000000006ccc
[mtlr] resource2 sel8 flags 470 sz 0x1000 -> kr 0x00000000 rid 54 GPUVA 0x10000188000 cpu 10d110000
[mtlr]   out: 0000010000188000 000000010d110000 00000001048d6880 0000000000000000
[mtlr]   out: 0000003600000000 0000000000004000 0000000016054f73 0000000000006ccd
[mtlr] resource2 sel8 flags 470 sz 0x1000 -> kr 0x00000000 rid 55 GPUVA 0x10000190000 cpu 10d114000
[mtlr]   out: 0000010000190000 000000010d114000 00000001048d6940 0000000000000000
[mtlr]   out: 0000003700000000 0000000000004000 0000000016054f74 0000000000006cce
[mtlr] resource2 sel8 flags 470 sz 0x1000 -> kr 0x00000000 rid 56 GPUVA 0x10000198000 cpu 10d118000
[mtlr]   out: 0000010000198000 000000010d118000 00000001048d6a00 0000000000000000
[mtlr]   out: 0000003800000000 0000000000004000 0000000016054f75 0000000000006ccf
[mtlr] resource2 sel8 flags 470 sz 0x1000 -> kr 0x00000000 rid 57 GPUVA 0x100001a0000 cpu 10d11c000
[mtlr]   out: 00000100001a0000 000000010d11c000 00000001048d6ac0 0000000000000000
[mtlr]   out: 0000003900000000 0000000000004000 0000000016054f76 0000000000006cd0
[mtlr] resource2 sel8 flags 470 sz 0x1000 -> kr 0x00000000 rid 58 GPUVA 0x100001a8000 cpu 10d120000
[mtlr]   out: 00000100001a8000 000000010d120000 00000001048d6b80 0000000000000000
[mtlr]   out: 0000003a00000000 0000000000004000 0000000016054f77 0000000000006cd1
[mtlr] resource2 sel8 flags 470 sz 0x1000 -> kr 0x00000000 rid 59 GPUVA 0x100001b0000 cpu 10d124000
[mtlr]   out: 00000100001b0000 000000010d124000 00000001048d6c40 0000000000000000
[mtlr]   out: 0000003b00000000 0000000000004000 0000000016054f78 0000000000006cd2
[mtlr] resource2 sel8 flags 470 sz 0x1000 -> kr 0x00000000 rid 60 GPUVA 0x100001b8000 cpu 10d128000
[mtlr]   out: 00000100001b8000 000000010d128000 00000001048d6d00 0000000000000000
[mtlr]   out: 0000003c00000000 0000000000004000 0000000016054f79 0000000000006cd3
[uat] 40 junk resources ready
[mtlr] resource2 sel8 flags 470 sz 0x10000 -> kr 0x00000000 rid 159 GPUVA 0x100025d0000 cpu 10f4b0000
[mtlr]   out: 00000100025d0000 000000010f4b0000 00000001048db740 0000000000000000
[mtlr]   out: 0000009f00000000 0000000000010000 0000000017054ffd 0000000000006d54
[uat] destroy victim kr 0x00000000 + 40 junk destroys => queueUnmap overflow (force process)
[uat] immediate reclaim set (queue still congested)
[uat] drained (cb status 4), scanning 64 reclaimers
[uat] reclaim scan done: 0 hits
[uat] done (alive)
[probe13] uat-only mode, stop
