[main] fuzz harness up, mode=scaler
[main] sandbox note: VCPDRM open is MACF-denied (iokit-open-user-client VCPDRMUserClient); mach-lookup com.apple.sprr / com.apple.jitbox exist but are sandbox-gated (seen in kernel log)
[open] AppleM2ScalerCSCDriver -> conn 0x6f03
[scaler] conn 0x6f03, s1 295 s2 296
[probe12] SetNotificationPort -> 0x00000000
[dart] v94 DART map probe, step 2
[open] AppleM2ScalerCSCDriver -> conn 0x6c03
[dart] E3 wire dst 1024x1024 -> kr 0x00000000
[dart] E3 dst 1024 (4096kB) shot 0 submitting (PANIC possible)
[dart] E3 dst 1024 shot 0 -> kr 0xe00002d6
[dart] E3 dst 1024 (4096kB) shot 1 submitting (PANIC possible)
[dart] E3 dst 1024 shot 1 -> kr 0xe00002d6
[dart] E3 dst 1024 (4096kB) shot 2 submitting (PANIC possible)
[dart] E3 dst 1024 shot 2 -> kr 0xe00002d6
[dart] E3 dst 1024 (4096kB) shot 3 submitting (PANIC possible)
[dart] E3 dst 1024 shot 3 -> kr 0xe00002d6
[dart] E3 dst 1024 (4096kB) shot 4 submitting (PANIC possible)
[dart] E3 dst 1024 shot 4 -> kr 0xe00002d6
[dart] E3 dst 1024 (4096kB) shot 5 submitting (PANIC possible)
[dart] E3 dst 1024 shot 5 -> kr 0xe00002d6
[dart] E3 dst 1024 done (alive)
[dart] done (alive)
[probe13] dartmap-only mode, stop
