[main] fuzz harness up, mode=scaler
[main] sandbox note: VCPDRM open is MACF-denied (iokit-open-user-client VCPDRMUserClient); mach-lookup com.apple.sprr / com.apple.jitbox exist but are sandbox-gated (seen in kernel log)
[open] AppleM2ScalerCSCDriver -> conn 0x7f07
[scaler] conn 0x7f07, s1 85 s2 161
[probe12] SetNotificationPort -> 0x00000000
[rp2] v127: reference-dump hybrid replay on our type-1 queue
[rp2] asset dsrecon-cfg1-kcmd: /private/var/containers/Bundle/Application/0243BBE2-7A01-425F-9259-4B70A973CE0C/fuzz27.app/dsrecon-cfg1-kcmd.bin (16384 bytes)
[rp2] asset dsrecon-cfg1-seg: /private/var/containers/Bundle/Application/0243BBE2-7A01-425F-9259-4B70A973CE0C/fuzz27.app/dsrecon-cfg1-seg.bin (16384 bytes)
[rp2] asset dsrecon-cfg1-pool0: /private/var/containers/Bundle/Application/0243BBE2-7A01-425F-9259-4B70A973CE0C/fuzz27.app/dsrecon-cfg1-pool0.bin (16384 bytes)
[open] IOGPU -> conn 0x5907
[rp2] sel14 nq -> kr 0x00000000 nqVA 100b6c000 nqid 1
[rp2] qid 1 sel24 bind 0x00000000
[mtlr] resource2 sel8 flags 470 sz 0x10000 -> kr 0x00000000 rid 1 GPUVA 0x10000000000 cpu 100b78000
[mtlr]   out: 0000010000000000 0000000100b78000 0000000100b580c0 0000000000000000
[mtlr]   out: 0000000100000000 0000000000010000 000000001758ae81 00000000000069b8
[mtlr] resource2 sel8 flags 470 sz 0x10000 -> kr 0x00000000 rid 2 GPUVA 0x10000018000 cpu 100b88000
[mtlr]   out: 0000010000018000 0000000100b88000 0000000100b58180 0000000000000000
[mtlr]   out: 0000000200000000 0000000000010000 000000001758ae8a 00000000000069b9
[mtlr] resource2 sel8 flags 470 sz 0x20000 -> kr 0x00000000 rid 3 GPUVA 0x10000030000 cpu 100b98000
[mtlr]   out: 0000010000030000 0000000100b98000 0000000100b58240 0000000000000000
[mtlr]   out: 0000000300000000 0000000000020000 000000001758ae8b 00000000000069ba
[rp2] rids A 1 (0x10000000000) B 2 (0x10000018000) C 3 (0x10000030000)
[mtlr] sel12 size 0x4000 type 0 -> kr 0x00000000 va 100b74000 id 1
[mtlr] sel12 size 0x4000 type 1 -> kr 0x00000000 va 100bb8000 id 2
[rp2] shmems: seg id 1 (type 0) cmd id 2 (type 1)
[rp2] reference GPUVAs pool0+0x14a0/+0x14a8: refA 0x0 refB 0x0
[rp2] refA override 0x100001d0000
[rp2] refB override 0x100001e8000
[rp2] seg +0x108 rids {39,40} +0x120 sizeKB {64,64} -> {1,2} {0x40,0x40}
[rp2] entry form: HISTORICAL v80 {aux1,aux2,+0x20 ridB} (A/B: FUZZ_REPLAY2_OLDENTRY=1)
[rp2] kcmd header {type 0x0000000f, len 0x000000ac}
[rp2] stream walk: 2 records, end @0x404
[rp2] strategy: pool window was Metal-context owned — re-creating pool0 in resource C (gpuva 0x10000030000)
[rp2] resource C: 1 GPUVA slots patched (refA/refB -> ours)
[rp2] var1: kcmd gpuVA-sub 1 abs-rebase 0 rid-sub 1 | seg extra rid-sub 0
[rp2] var1: submit qid 1 entry {cmd 2 seg 1} HIST (PANIC possible)
[rp2] var1 nq+000: value 0000000000001414 status 88
[rp2] var1 nq+010: value 0000000100bc4000 status 1531410418
[rp2] var1 nq+020: value 0000061f5b47d8c9 status 9
[rp2] var1 nq+040: value 5b47d94600000001 status 1567
[rp2] var1 -> kr 0x00000000 outw 00000009 comp st@+18 0 st@+48 0 post{17:e00002c2 15:e00002c2/00000000} | B: 41 0 nz 0 (no write)
[rp2] var1 comp: 0000000000000000 0000000000000000 0000000000000000 0000000000000000 | aux1: 0000000000000000 0000000000000000 aux2: 0000010000018000 0000000100b88000
[rp2] done (alive)
[probe13] replay2-only mode, stop
