[main] fuzz harness up, mode=scaler
[main] sandbox note: VCPDRM open is MACF-denied (iokit-open-user-client VCPDRMUserClient); mach-lookup com.apple.sprr / com.apple.jitbox exist but are sandbox-gated (seen in kernel log)
[open] AppleM2ScalerCSCDriver -> conn 0x6603
[scaler] conn 0x6603, s1 21 s2 22
[probe12] SetNotificationPort -> 0x00000000
[uat] v108 step 1
[open] IOGPU -> conn 0x6b03
[mtlr] resource2 sel8 flags 470 sz 0x1000 -> kr 0x00000000 rid 21 GPUVA 0x10000080000 cpu 109bb8000
[mtlr]   out: 0000010000080000 0000000109bb8000 0000000109b28fc0 0000000000000000
[mtlr]   out: 0000001500000000 0000000000004000 000000001505413d 000000000000657b
[mtlr] resource2 sel8 flags 470 sz 0x1000 -> kr 0x00000000 rid 22 GPUVA 0x10000088000 cpu 109bbc000
[mtlr]   out: 0000010000088000 0000000109bbc000 0000000109b29080 0000000000000000
[mtlr]   out: 0000001600000000 0000000000004000 000000001505413e 000000000000657c
[mtlr] resource2 sel8 flags 470 sz 0x1000 -> kr 0x00000000 rid 23 GPUVA 0x10000090000 cpu 109bc0000
[mtlr]   out: 0000010000090000 0000000109bc0000 0000000109b29140 0000000000000000
[mtlr]   out: 0000001700000000 0000000000004000 000000001505413f 000000000000657d
[mtlr] resource2 sel8 flags 470 sz 0x1000 -> kr 0x00000000 rid 24 GPUVA 0x10000098000 cpu 109bc4000
[mtlr]   out: 0000010000098000 0000000109bc4000 0000000109b29200 0000000000000000
[mtlr]   out: 0000001800000000 0000000000004000 0000000015054140 000000000000657e
[mtlr] resource2 sel8 flags 470 sz 0x1000 -> kr 0x00000000 rid 25 GPUVA 0x100000a0000 cpu 109bc8000
[mtlr]   out: 00000100000a0000 0000000109bc8000 0000000109b292c0 0000000000000000
[mtlr]   out: 0000001900000000 0000000000004000 0000000015054141 000000000000657f
[mtlr] resource2 sel8 flags 470 sz 0x1000 -> kr 0x00000000 rid 26 GPUVA 0x100000a8000 cpu 109bcc000
[mtlr]   out: 00000100000a8000 0000000109bcc000 0000000109b29380 0000000000000000
[mtlr]   out: 0000001a00000000 0000000000004000 0000000015054142 0000000000006580
[mtlr] resource2 sel8 flags 470 sz 0x1000 -> kr 0x00000000 rid 27 GPUVA 0x100000b0000 cpu 109bd0000
[mtlr]   out: 00000100000b0000 0000000109bd0000 0000000109b29440 0000000000000000
[mtlr]   out: 0000001b00000000 0000000000004000 0000000015054143 0000000000006581
[mtlr] resource2 sel8 flags 470 sz 0x1000 -> kr 0x00000000 rid 28 GPUVA 0x100000b8000 cpu 109bd4000
[mtlr]   out: 00000100000b8000 0000000109bd4000 0000000109b29500 0000000000000000
[mtlr]   out: 0000001c00000000 0000000000004000 0000000015054144 0000000000006582
[mtlr] resource2 sel8 flags 470 sz 0x1000 -> kr 0x00000000 rid 29 GPUVA 0x100000c0000 cpu 109bd8000
[mtlr]   out: 00000100000c0000 0000000109bd8000 0000000109b295c0 0000000000000000
[mtlr]   out: 0000001d00000000 0000000000004000 0000000015054145 0000000000006583
[mtlr] resource2 sel8 flags 470 sz 0x1000 -> kr 0x00000000 rid 30 GPUVA 0x100000c8000 cpu 109bdc000
[mtlr]   out: 00000100000c8000 0000000109bdc000 0000000109b29680 0000000000000000
[mtlr]   out: 0000001e00000000 0000000000004000 0000000015054146 0000000000006584
[mtlr] resource2 sel8 flags 470 sz 0x1000 -> kr 0x00000000 rid 31 GPUVA 0x100000d0000 cpu 109be0000
[mtlr]   out: 00000100000d0000 0000000109be0000 0000000109b29740 0000000000000000
[mtlr]   out: 0000001f00000000 0000000000004000 0000000015054147 0000000000006585
[mtlr] resource2 sel8 flags 470 sz 0x1000 -> kr 0x00000000 rid 32 GPUVA 0x100000d8000 cpu 109be4000
[mtlr]   out: 00000100000d8000 0000000109be4000 0000000109b29800 0000000000000000
[mtlr]   out: 0000002000000000 0000000000004000 0000000015054148 0000000000006586
[mtlr] resource2 sel8 flags 470 sz 0x1000 -> kr 0x00000000 rid 33 GPUVA 0x100000e0000 cpu 109be8000
[mtlr]   out: 00000100000e0000 0000000109be8000 0000000109b298c0 0000000000000000
[mtlr]   out: 0000002100000000 0000000000004000 0000000015054149 0000000000006587
[mtlr] resource2 sel8 flags 470 sz 0x1000 -> kr 0x00000000 rid 34 GPUVA 0x100000e8000 cpu 109bec000
[mtlr]   out: 00000100000e8000 0000000109bec000 0000000109b29980 0000000000000000
[mtlr]   out: 0000002200000000 0000000000004000 000000001505414a 0000000000006588
[mtlr] resource2 sel8 flags 470 sz 0x1000 -> kr 0x00000000 rid 35 GPUVA 0x100000f0000 cpu 109bf0000
[mtlr]   out: 00000100000f0000 0000000109bf0000 0000000109b29a40 0000000000000000
[mtlr]   out: 0000002300000000 0000000000004000 000000001505414b 0000000000006589
[mtlr] resource2 sel8 flags 470 sz 0x1000 -> kr 0x00000000 rid 36 GPUVA 0x100000f8000 cpu 109bf4000
[mtlr]   out: 00000100000f8000 0000000109bf4000 0000000109b29b00 0000000000000000
[mtlr]   out: 0000002400000000 0000000000004000 000000001505414c 000000000000658a
[mtlr] resource2 sel8 flags 470 sz 0x1000 -> kr 0x00000000 rid 37 GPUVA 0x10000100000 cpu 109bf8000
[mtlr]   out: 0000010000100000 0000000109bf8000 0000000109b29bc0 0000000000000000
[mtlr]   out: 0000002500000000 0000000000004000 000000001505414d 000000000000658b
[mtlr] resource2 sel8 flags 470 sz 0x1000 -> kr 0x00000000 rid 38 GPUVA 0x10000108000 cpu 109bfc000
[mtlr]   out: 0000010000108000 0000000109bfc000 0000000109b29c80 0000000000000000
[mtlr]   out: 0000002600000000 0000000000004000 000000001505414e 000000000000658c
[mtlr] resource2 sel8 flags 470 sz 0x1000 -> kr 0x00000000 rid 39 GPUVA 0x10000110000 cpu 10c7c4000
[mtlr]   out: 0000010000110000 000000010c7c4000 0000000109b29d40 0000000000000000
[mtlr]   out: 0000002700000000 0000000000004000 000000001505414f 000000000000658d
[mtlr] resource2 sel8 flags 470 sz 0x1000 -> kr 0x00000000 rid 40 GPUVA 0x10000118000 cpu 10c7c8000
[mtlr]   out: 0000010000118000 000000010c7c8000 0000000109b29e00 0000000000000000
[mtlr]   out: 0000002800000000 0000000000004000 0000000015054150 000000000000658e
[mtlr] resource2 sel8 flags 470 sz 0x1000 -> kr 0x00000000 rid 41 GPUVA 0x10000120000 cpu 10c7cc000
[mtlr]   out: 0000010000120000 000000010c7cc000 0000000109b29ec0 0000000000000000
[mtlr]   out: 0000002900000000 0000000000004000 0000000015054151 000000000000658f
[mtlr] resource2 sel8 flags 470 sz 0x1000 -> kr 0x00000000 rid 42 GPUVA 0x10000128000 cpu 10c7d0000
[mtlr]   out: 0000010000128000 000000010c7d0000 0000000109b29f80 0000000000000000
[mtlr]   out: 0000002a00000000 0000000000004000 0000000015054152 0000000000006590
[mtlr] resource2 sel8 flags 470 sz 0x1000 -> kr 0x00000000 rid 43 GPUVA 0x10000130000 cpu 10c7d4000
[mtlr]   out: 0000010000130000 000000010c7d4000 0000000109b2a040 0000000000000000
[mtlr]   out: 0000002b00000000 0000000000004000 0000000015054153 0000000000006591
[mtlr] resource2 sel8 flags 470 sz 0x1000 -> kr 0x00000000 rid 44 GPUVA 0x10000138000 cpu 10c7d8000
[mtlr]   out: 0000010000138000 000000010c7d8000 0000000109b2a100 0000000000000000
[mtlr]   out: 0000002c00000000 0000000000004000 0000000015054154 0000000000006592
[mtlr] resource2 sel8 flags 470 sz 0x1000 -> kr 0x00000000 rid 45 GPUVA 0x10000140000 cpu 10c7dc000
[mtlr]   out: 0000010000140000 000000010c7dc000 0000000109b2a1c0 0000000000000000
[mtlr]   out: 0000002d00000000 0000000000004000 0000000015054155 0000000000006593
[mtlr] resource2 sel8 flags 470 sz 0x1000 -> kr 0x00000000 rid 46 GPUVA 0x10000148000 cpu 10c7e0000
[mtlr]   out: 0000010000148000 000000010c7e0000 0000000109b2a280 0000000000000000
[mtlr]   out: 0000002e00000000 0000000000004000 0000000015054156 0000000000006594
[mtlr] resource2 sel8 flags 470 sz 0x1000 -> kr 0x00000000 rid 47 GPUVA 0x10000150000 cpu 10c7e4000
[mtlr]   out: 0000010000150000 000000010c7e4000 0000000109b2a340 0000000000000000
[mtlr]   out: 0000002f00000000 0000000000004000 0000000015054157 0000000000006595
[mtlr] resource2 sel8 flags 470 sz 0x1000 -> kr 0x00000000 rid 48 GPUVA 0x10000158000 cpu 10c7e8000
[mtlr]   out: 0000010000158000 000000010c7e8000 0000000109b2a400 0000000000000000
[mtlr]   out: 0000003000000000 0000000000004000 0000000015054158 0000000000006596
[mtlr] resource2 sel8 flags 470 sz 0x1000 -> kr 0x00000000 rid 49 GPUVA 0x10000160000 cpu 10c7ec000
[mtlr]   out: 0000010000160000 000000010c7ec000 0000000109b2a4c0 0000000000000000
[mtlr]   out: 0000003100000000 0000000000004000 0000000015054159 0000000000006597
[mtlr] resource2 sel8 flags 470 sz 0x1000 -> kr 0x00000000 rid 50 GPUVA 0x10000168000 cpu 10c7f0000
[mtlr]   out: 0000010000168000 000000010c7f0000 0000000109b2a580 0000000000000000
[mtlr]   out: 0000003200000000 0000000000004000 000000001505415a 0000000000006598
[mtlr] resource2 sel8 flags 470 sz 0x1000 -> kr 0x00000000 rid 51 GPUVA 0x10000170000 cpu 10c7f4000
[mtlr]   out: 0000010000170000 000000010c7f4000 0000000109b2a640 0000000000000000
[mtlr]   out: 0000003300000000 0000000000004000 000000001505415b 0000000000006599
[mtlr] resource2 sel8 flags 470 sz 0x1000 -> kr 0x00000000 rid 52 GPUVA 0x10000178000 cpu 10c7f8000
[mtlr]   out: 0000010000178000 000000010c7f8000 0000000109b2a700 0000000000000000
[mtlr]   out: 0000003400000000 0000000000004000 000000001505415c 000000000000659a
[mtlr] resource2 sel8 flags 470 sz 0x1000 -> kr 0x00000000 rid 53 GPUVA 0x10000180000 cpu 10c7fc000
[mtlr]   out: 0000010000180000 000000010c7fc000 0000000109b2a7c0 0000000000000000
[mtlr]   out: 0000003500000000 0000000000004000 000000001505415d 000000000000659b
[mtlr] resource2 sel8 flags 470 sz 0x1000 -> kr 0x00000000 rid 54 GPUVA 0x10000188000 cpu 10e658000
[mtlr]   out: 0000010000188000 000000010e658000 0000000109b2a880 0000000000000000
[mtlr]   out: 0000003600000000 0000000000004000 000000001505415e 000000000000659c
[mtlr] resource2 sel8 flags 470 sz 0x1000 -> kr 0x00000000 rid 55 GPUVA 0x10000190000 cpu 10e65c000
[mtlr]   out: 0000010000190000 000000010e65c000 0000000109b2a940 0000000000000000
[mtlr]   out: 0000003700000000 0000000000004000 000000001505415f 000000000000659d
[mtlr] resource2 sel8 flags 470 sz 0x1000 -> kr 0x00000000 rid 56 GPUVA 0x10000198000 cpu 10e660000
[mtlr]   out: 0000010000198000 000000010e660000 0000000109b2aa00 0000000000000000
[mtlr]   out: 0000003800000000 0000000000004000 0000000015054160 000000000000659e
[mtlr] resource2 sel8 flags 470 sz 0x1000 -> kr 0x00000000 rid 57 GPUVA 0x100001a0000 cpu 10e664000
[mtlr]   out: 00000100001a0000 000000010e664000 0000000109b2aac0 0000000000000000
[mtlr]   out: 0000003900000000 0000000000004000 0000000015054161 000000000000659f
[mtlr] resource2 sel8 flags 470 sz 0x1000 -> kr 0x00000000 rid 58 GPUVA 0x100001a8000 cpu 10e668000
[mtlr]   out: 00000100001a8000 000000010e668000 0000000109b2ab80 0000000000000000
[mtlr]   out: 0000003a00000000 0000000000004000 0000000015054162 00000000000065a0
[mtlr] resource2 sel8 flags 470 sz 0x1000 -> kr 0x00000000 rid 59 GPUVA 0x100001b0000 cpu 10e66c000
[mtlr]   out: 00000100001b0000 000000010e66c000 0000000109b2ac40 0000000000000000
[mtlr]   out: 0000003b00000000 0000000000004000 0000000015054163 00000000000065a1
[mtlr] resource2 sel8 flags 470 sz 0x1000 -> kr 0x00000000 rid 60 GPUVA 0x100001b8000 cpu 10e670000
[mtlr]   out: 00000100001b8000 000000010e670000 0000000109b2ad00 0000000000000000
[mtlr]   out: 0000003c00000000 0000000000004000 0000000015054164 00000000000065a2
[uat] 40 junk resources ready
[mtlr] resource2 sel8 flags 470 sz 0x10000 -> kr 0x00000000 rid 159 GPUVA 0x100025d0000 cpu 1109f8000
[mtlr]   out: 00000100025d0000 00000001109f8000 0000000109b2f740 0000000000000000
[mtlr]   out: 0000009f00000000 0000000000010000 00000000160541e8 0000000000006623
[uat] destroy victim kr 0x00000000 + 40 junk destroys => queueUnmap overflow (force process)
[uat] immediate spray 8s (queue still congested)
[recl2] spray 8s done, 145 iters, first hit NONE
[uat] done (alive)
[probe13] uat-only mode, stop
