[main] fuzz harness up, mode=scaler
[main] sandbox note: VCPDRM open is MACF-denied (iokit-open-user-client VCPDRMUserClient); mach-lookup com.apple.sprr / com.apple.jitbox exist but are sandbox-gated (seen in kernel log)
[open] AppleM2ScalerCSCDriver -> conn 0x6403
[scaler] conn 0x6403, s1 278 s2 282
[probe12] SetNotificationPort -> 0x00000000
[gscan] v90: GPU VM scan via patched-blit read
[gscan] gpuA 0x10000080000 gpuB 0x10000098000
[gscan] #8 X 0x1000000c000 (low-0x1) -> slots 15 | B nz 4319 41 12 DATA-HIT
[mtls] DATA+1000000c000: 00 00 00 00 00 00 00 00 00 00 00 00 00 00 00 00
[mtls] DATA+1000000c010: 00 00 00 00 00 00 00 00 00 00 00 00 00 00 00 00
[mtls] DATA+1000000c020: 00 00 00 00 00 00 00 00 00 00 00 00 00 00 00 00
[mtls] DATA+1000000c030: 00 00 00 00 00 00 00 00 00 00 00 00 00 00 00 00
[gscan] #9 X 0x10000010000 (low-0x1) -> slots 15 | B nz 5118 41 12 DATA-HIT
[mtls] DATA+10000010000: 00 00 00 00 00 00 00 00 00 00 00 00 00 00 00 00
[mtls] DATA+10000010010: 00 00 00 00 00 00 00 00 00 00 00 00 00 00 00 00
[mtls] DATA+10000010020: 00 00 00 00 00 00 00 00 00 00 00 00 00 00 00 00
[mtls] DATA+10000010030: 00 00 00 00 00 00 00 00 00 00 00 00 00 00 00 00
[gscan] #10 X 0x10000014000 (low-0x1) -> slots 15 | B nz 5118 41 12 DATA-HIT
[mtls] DATA+10000014000: 00 00 00 00 00 00 00 00 00 00 00 00 00 00 00 00
[mtls] DATA+10000014010: 00 00 00 00 00 00 00 00 00 00 00 00 00 00 00 00
[mtls] DATA+10000014020: 00 00 00 00 00 00 00 00 00 00 00 00 00 00 00 00
[mtls] DATA+10000014030: 00 00 00 00 00 00 00 00 00 00 00 00 00 00 00 00
[gscan] #11 X 0x10000018000 (low-0x1) -> slots 15 | B nz 5118 41 12 DATA-HIT
[mtls] DATA+10000018000: 19 00 6d 0b 00 00 00 20 00 58 00 00 10 00 00 00
[mtls] DATA+10000018010: 00 00 00 00 00 00 00 00 00 00 00 00 00 00 00 00
[mtls] DATA+10000018020: 00 00 00 00 00 00 00 00 00 00 00 00 00 00 00 00
[mtls] DATA+10000018030: 00 00 00 00 00 00 00 00 00 00 00 00 00 00 00 00
[gscan] #12 X 0x1000001c000 (low-0x1) -> slots 23 | B nz 799 41 0 DATA-HIT
[mtls] DATA+1000001c000: 38 40 87 97 09 00 00 00 0f 75 5a 97 09 00 00 00
[mtls] DATA+1000001c010: 5a c4 2d 97 09 00 00 00 02 2e 01 97 09 00 00 00
[mtls] DATA+1000001c020: ee b1 d4 96 09 00 00 00 09 50 a8 96 09 00 00 00
[mtls] DATA+1000001c030: 3a 08 7c 96 09 00 00 00 6c da 4f 96 09 00 00 00
[gscan] #13 X 0x10000020000 (low-0x1) -> slots 23 | B nz 0 41 0 unmapped/zero
[gscan] #14 X 0x10000024000 (low-0x1) -> slots 24 | B nz 0 41 0 unmapped/zero
[gscan] #15 X 0x10000028000 (low-0x1) -> slots 24 | B nz 0 41 0 unmapped/zero
[gscan] #16 X 0x1000002c000 (low-0x1) -> slots 24 | B nz 0 41 0 unmapped/zero
[gscan] #17 X 0x10000030000 (low-0x1) -> slots 24 | B nz 0 41 0 unmapped/zero
[gscan] #18 X 0x10000034000 (low-0x1) -> slots 24 | B nz 76 41 0 DATA-HIT
[mtls] DATA+10000034000: 00 00 00 00 00 00 00 00 00 00 00 00 00 00 00 00
[mtls] DATA+10000034010: 00 00 00 00 00 00 00 00 00 00 00 00 00 00 00 00
[mtls] DATA+10000034020: 00 00 00 00 00 00 00 00 00 00 00 00 00 00 00 00
[mtls] DATA+10000034030: 00 00 00 00 00 00 00 00 00 00 00 00 00 00 00 00
[gscan] #19 X 0x10000038000 (low-0x1) -> slots 23 | B nz 76 41 0 DATA-HIT
[mtls] DATA+10000038000: 00 00 00 00 00 00 00 00 00 00 00 00 00 00 00 00
[mtls] DATA+10000038010: 00 00 00 00 00 00 00 00 00 00 00 00 00 00 00 00
[mtls] DATA+10000038020: 00 00 00 00 00 00 00 00 00 00 00 00 00 00 00 00
[mtls] DATA+10000038030: 00 00 00 00 00 00 00 00 00 00 00 00 00 00 00 00
[gscan] #20 X 0x1000003c000 (low-0x1) -> slots 23 | B nz 76 41 0 DATA-HIT
[mtls] DATA+1000003c000: 00 00 00 00 00 00 00 00 00 00 00 00 00 00 00 00
[mtls] DATA+1000003c010: 00 00 00 00 00 00 00 00 00 00 00 00 00 00 00 00
[mtls] DATA+1000003c020: 00 00 00 00 00 00 00 00 00 00 00 00 00 00 00 00
[mtls] DATA+1000003c030: 00 00 00 00 00 00 00 00 00 00 00 00 00 00 00 00
[gscan] #21 X 0x10000040000 (low-0x1) -> slots 23 | B nz 76 41 0 DATA-HIT
[mtls] DATA+10000040000: 40 00 00 00 00 00 00 00 00 00 00 00 00 00 00 00
[mtls] DATA+10000040010: 00 00 00 00 00 00 00 00 00 00 00 00 00 00 00 00
[mtls] DATA+10000040020: 00 00 00 00 00 00 00 00 00 00 00 00 00 00 00 00
[mtls] DATA+10000040030: 00 00 00 00 00 00 00 00 00 00 00 00 00 00 00 00
[gscan] #22 X 0x10000044000 (low-0x1) -> slots 26 | B nz 0 41 0 unmapped/zero
[gscan] #23 X 0x10000048000 (low-0x1) -> slots 27 | B nz 0 41 0 unmapped/zero
[gscan] #24 X 0x1000004c000 (low-0x1) -> slots 27 | B nz 0 41 0 unmapped/zero
[gscan] #25 X 0x10000050000 (low-0x1) -> slots 27 | B nz 0 41 0 unmapped/zero
[gscan] #26 X 0x10000054000 (low-0x1) -> slots 27 | B nz 0 41 0 unmapped/zero
[gscan] #27 X 0x10000058000 (low-0x1) -> slots 27 | B nz 0 41 0 unmapped/zero
[gscan] #28 X 0x1000005c000 (low-0x1) -> slots 33 | B nz 0 41 0 unmapped/zero
[gscan] #29 X 0x10000060000 (low-0x1) -> slots 33 | B nz 0 41 0 unmapped/zero
[gscan] #30 X 0x10000064000 (low-0x1) -> slots 33 | B nz 0 41 0 unmapped/zero
[gscan] #31 X 0x10000068000 (low-0x1) -> slots 33 | B nz 0 41 0 unmapped/zero
[gscan] #32 X 0x1000006c000 (low-0x1) -> slots 33 | B nz 0 41 0 unmapped/zero
[gscan] #33 X 0x10000070000 (low-0x1) -> slots 33 | B nz 0 41 0 unmapped/zero
[gscan] #34 X 0x10000074000 (low-0x1) -> slots 33 | B nz 16384 41 16384 DATA-HIT
[mtls] DATA+10000074000: 00 00 00 00 00 00 00 00 00 00 00 00 00 00 00 00
[mtls] DATA+10000074010: 00 00 00 00 00 00 00 00 00 00 00 00 00 00 00 00
[mtls] DATA+10000074020: 00 00 00 00 00 00 00 00 00 00 00 00 00 00 00 00
[mtls] DATA+10000074030: 00 00 00 00 00 00 00 00 00 00 00 00 00 00 00 00
[gscan] #35 X 0x10000078000 (low-0x1) -> slots 32 | B nz 32768 41 32768 A-passthrough?
[gscan] #36 X 0x1000007c000 (low-0x1) -> slots 33 | B nz 49152 41 49152 A-passthrough?
[gscan] #37 X 0x10000080000 (low-0x1) -> slots 33 | B nz 65536 41 65536 A-passthrough?
[gscan] #38 X 0x10000084000 (low-0x1) -> slots 33 | B nz 49152 41 49152 A-passthrough?
[gscan] #39 X 0x10000088000 (low-0x1) -> slots 33 | B nz 32768 41 32768 A-passthrough?
[gscan] #40 X 0x1000008c000 (low-0x1) -> slots 33 | B nz 16384 41 16384 DATA-HIT
[mtls] DATA+1000008c000: 41 41 41 41 41 41 41 41 41 41 41 41 41 41 41 41
[mtls] DATA+1000008c010: 41 41 41 41 41 41 41 41 41 41 41 41 41 41 41 41
[mtls] DATA+1000008c020: 41 41 41 41 41 41 41 41 41 41 41 41 41 41 41 41
[mtls] DATA+1000008c030: 41 41 41 41 41 41 41 41 41 41 41 41 41 41 41 41
[gscan] #41 X 0x10000090000 (low-0x1) -> slots 33 | B nz 0 41 0 unmapped/zero
[gscan] #42 X 0x10000094000 (low-0x1) -> slots 35 | B nz 0 41 0 unmapped/zero
[gscan] #43 X 0x10000098000 (low-0x1) -> slots 32 | B nz 0 41 0 unmapped/zero
[gscan] #44 X 0x1000009c000 (low-0x1) -> slots 40 | B nz 0 41 0 unmapped/zero
[gscan] #45 X 0x100000a0000 (low-0x1) -> slots 41 | B nz 0 41 0 unmapped/zero
[gscan] #46 X 0x100000a4000 (low-0x1) -> slots 42 | B nz 0 41 0 unmapped/zero
[gscan] #47 X 0x100000a8000 (low-0x1) -> slots 42 | B nz 0 41 0 unmapped/zero
[gscan] #48 X 0x100000ac000 (low-0x1) -> slots 43 | B nz 0 41 0 unmapped/zero
[gscan] #49 X 0x100000b0000 (low-0x1) -> slots 43 | B nz 0 41 0 unmapped/zero
[gscan] #50 X 0x100000b4000 (low-0x1) -> slots 48 | B nz 0 41 0 unmapped/zero
[gscan] #51 X 0x100000b8000 (low-0x1) -> slots 48 | B nz 0 41 0 unmapped/zero
[gscan] #52 X 0x100000bc000 (low-0x1) -> slots 48 | B nz 0 41 0 unmapped/zero
[gscan] #53 X 0x100000c0000 (low-0x1) -> slots 48 | B nz 0 41 0 unmapped/zero
[gscan] #54 X 0x100000c4000 (low-0x1) -> slots 51 | B nz 0 41 0 unmapped/zero
[gscan] #55 X 0x100000c8000 (low-0x1) -> slots 51 | B nz 0 41 0 unmapped/zero
[gscan] #56 X 0x100000cc000 (low-0x1) -> slots 51 | B nz 0 41 0 unmapped/zero
[gscan] #57 X 0x100000d0000 (low-0x1) -> slots 51 | B nz 0 41 0 unmapped/zero
[gscan] #58 X 0x100000d4000 (low-0x1) -> slots 54 | B nz 0 41 0 unmapped/zero
[gscan] #59 X 0x100000d8000 (low-0x1) -> slots 54 | B nz 0 41 0 unmapped/zero
[gscan] #60 X 0x100000dc000 (low-0x1) -> slots 54 | B nz 0 41 0 unmapped/zero
[gscan] #61 X 0x100000e0000 (low-0x1) -> slots 54 | B nz 0 41 0 unmapped/zero
[gscan] #62 X 0x100000e4000 (low-0x1) -> slots 57 | B nz 0 41 0 unmapped/zero
[gscan] #63 X 0x100000e8000 (low-0x1) -> slots 57 | B nz 0 41 0 unmapped/zero
[gscan] #64 X 0x100000ec000 (low-0x1) -> slots 57 | B nz 0 41 0 unmapped/zero
[gscan] #65 X 0x100000f0000 (low-0x1) -> slots 57 | B nz 0 41 0 unmapped/zero
[gscan] #66 X 0x100000f4000 (low-0x1) -> slots 60 | B nz 0 41 0 unmapped/zero
[gscan] #67 X 0x100000f8000 (low-0x1) -> slots 60 | B nz 0 41 0 unmapped/zero
[gscan] #68 X 0x100000fc000 (low-0x1) -> slots 60 | B nz 0 41 0 unmapped/zero
[gscan] #69 X 0x100000bc000 (near-bufs) -> slots 60 | B nz 0 41 0 unmapped/zero
[gscan] #70 X 0x100000c4000 (near-bufs) -> slots 60 | B nz 0 41 0 unmapped/zero
[gscan] #71 X 0x100000cc000 (near-bufs) -> slots 60 | B nz 0 41 0 unmapped/zero
[gscan] #72 X 0x100000d4000 (near-bufs) -> slots 60 | B nz 0 41 0 unmapped/zero
[gscan] #73 X 0x100000dc000 (near-bufs) -> slots 60 | B nz 0 41 0 unmapped/zero
[gscan] #74 X 0x100000e4000 (near-bufs) -> slots 60 | B nz 0 41 0 unmapped/zero
[gscan] #75 X 0x100000ec000 (near-bufs) -> slots 60 | B nz 0 41 0 unmapped/zero
[gscan] #76 X 0x100000f4000 (near-bufs) -> slots 60 | B nz 0 41 0 unmapped/zero
[gscan] #77 X 0x100000fc000 (near-bufs) -> slots 60 | B nz 0 41 0 unmapped/zero
[gscan] #78 X 0x10000104000 (near-bufs) -> slots 60 | B nz 0 41 0 unmapped/zero
[gscan] #79 X 0x1000010c000 (near-bufs) -> slots 60 | B nz 0 41 0 unmapped/zero
[gscan] #80 X 0x10000114000 (near-bufs) -> slots 60 | B nz 0 41 0 unmapped/zero
[gscan] #81 X 0x1000011c000 (near-bufs) -> slots 60 | B nz 0 41 0 unmapped/zero
[gscan] #82 X 0x10000124000 (near-bufs) -> slots 60 | B nz 0 41 0 unmapped/zero
[gscan] #83 X 0x1000012c000 (near-bufs) -> slots 60 | B nz 0 41 0 unmapped/zero
[gscan] #84 X 0x10000134000 (near-bufs) -> slots 60 | B nz 0 41 0 unmapped/zero
[gscan] #85 X 0x1000013c000 (near-bufs) -> slots 60 | B nz 0 41 0 unmapped/zero
[gscan] #86 X 0x10000144000 (near-bufs) -> slots 60 | B nz 0 41 0 unmapped/zero
[gscan] #87 X 0x1000014c000 (near-bufs) -> slots 60 | B nz 0 41 0 unmapped/zero
[gscan] #88 X 0x10000154000 (near-bufs) -> slots 60 | B nz 0 41 0 unmapped/zero
[gscan] #89 X 0x1000015c000 (near-bufs) -> slots 60 | B nz 0 41 0 unmapped/zero
[gscan] #90 X 0x10000164000 (near-bufs) -> slots 60 | B nz 0 41 0 unmapped/zero
[gscan] #91 X 0x1000016c000 (near-bufs) -> slots 60 | B nz 0 41 0 unmapped/zero
[gscan] #92 X 0x10000174000 (near-bufs) -> slots 60 | B nz 0 41 0 unmapped/zero
[gscan] #93 X 0x0 (space-0x0) -> slots 60 | B nz 0 41 0 unmapped/zero
