[main] fuzz harness up, mode=all
[main] sandbox note: VCPDRM open is MACF-denied (iokit-open-user-client VCPDRMUserClient); mach-lookup com.apple.sprr / com.apple.jitbox exist but are sandbox-gated (seen in kernel log)
[mig] bootstrap-name phase done; add learned names to cand_names[]
[open] IOServiceOpen VCPDRMService failed: 0xe00002e2
[open] service VCPDRMServiceUserClient not found
[vcpdrm] no connection, target dead
[open] AppleM2ScalerCSCDriver -> conn 0x7c03
[scaler] conn 0x7c03, s1 13 s2 14
[probe12] SetNotificationPort -> 0x00000000
[ptspray] v149 PT/GART-page reclaim: 3 rounds, 48 reclaimers x 0x10000
[mtlr] resource2 sel8 flags 470 sz 0x1000 -> kr 0x00000000 rid 21 GPUVA 0x10000080000 cpu 107138000
[mtlr]   out: 0000010000080000 0000000107138000 0000000102744fc0 0000000000000000
[mtlr]   out: 0000001500000000 0000000000004000 000000023712955b 0000000000364d44
[mtlr] resource2 sel8 flags 470 sz 0x1000 -> kr 0x00000000 rid 22 GPUVA 0x10000088000 cpu 10713c000
[mtlr]   out: 0000010000088000 000000010713c000 0000000102745080 0000000000000000
[mtlr]   out: 0000001600000000 0000000000004000 000000023712955c 0000000000364d45
[mtlr] resource2 sel8 flags 470 sz 0x1000 -> kr 0x00000000 rid 23 GPUVA 0x10000090000 cpu 107140000
[mtlr]   out: 0000010000090000 0000000107140000 0000000102745140 0000000000000000
[mtlr]   out: 0000001700000000 0000000000004000 000000023712955d 0000000000364d46
[mtlr] resource2 sel8 flags 470 sz 0x1000 -> kr 0x00000000 rid 24 GPUVA 0x10000098000 cpu 107144000
[mtlr]   out: 0000010000098000 0000000107144000 0000000102745200 0000000000000000
[mtlr]   out: 0000001800000000 0000000000004000 000000023712955e 0000000000364d47
[mtlr] resource2 sel8 flags 470 sz 0x1000 -> kr 0x00000000 rid 25 GPUVA 0x100000a0000 cpu 107148000
[mtlr]   out: 00000100000a0000 0000000107148000 00000001027452c0 0000000000000000
[mtlr]   out: 0000001900000000 0000000000004000 000000023712955f 0000000000364d48
[mtlr] resource2 sel8 flags 470 sz 0x1000 -> kr 0x00000000 rid 26 GPUVA 0x100000a8000 cpu 10714c000
[mtlr]   out: 00000100000a8000 000000010714c000 0000000102745380 0000000000000000
[mtlr]   out: 0000001a00000000 0000000000004000 0000000237129560 0000000000364d49
[mtlr] resource2 sel8 flags 470 sz 0x1000 -> kr 0x00000000 rid 27 GPUVA 0x100000b0000 cpu 107150000
[mtlr]   out: 00000100000b0000 0000000107150000 0000000102745440 0000000000000000
[mtlr]   out: 0000001b00000000 0000000000004000 0000000237129561 0000000000364d4a
[mtlr] resource2 sel8 flags 470 sz 0x1000 -> kr 0x00000000 rid 28 GPUVA 0x100000b8000 cpu 107154000
[mtlr]   out: 00000100000b8000 0000000107154000 0000000102745500 0000000000000000
[mtlr]   out: 0000001c00000000 0000000000004000 0000000237129562 0000000000364d4b
[mtlr] resource2 sel8 flags 470 sz 0x1000 -> kr 0x00000000 rid 29 GPUVA 0x100000c0000 cpu 107158000
[mtlr]   out: 00000100000c0000 0000000107158000 00000001027455c0 0000000000000000
[mtlr]   out: 0000001d00000000 0000000000004000 0000000237129563 0000000000364d4c
[mtlr] resource2 sel8 flags 470 sz 0x1000 -> kr 0x00000000 rid 30 GPUVA 0x100000c8000 cpu 10715c000
[mtlr]   out: 00000100000c8000 000000010715c000 0000000102745680 0000000000000000
[mtlr]   out: 0000001e00000000 0000000000004000 0000000237129564 0000000000364d4d
[mtlr] resource2 sel8 flags 470 sz 0x1000 -> kr 0x00000000 rid 31 GPUVA 0x100000d0000 cpu 107160000
[mtlr]   out: 00000100000d0000 0000000107160000 0000000102745740 0000000000000000
[mtlr]   out: 0000001f00000000 0000000000004000 0000000237129565 0000000000364d4e
[mtlr] resource2 sel8 flags 470 sz 0x1000 -> kr 0x00000000 rid 32 GPUVA 0x100000d8000 cpu 107164000
[mtlr]   out: 00000100000d8000 0000000107164000 0000000102745800 0000000000000000
[mtlr]   out: 0000002000000000 0000000000004000 0000000237129566 0000000000364d4f
[mtlr] resource2 sel8 flags 470 sz 0x1000 -> kr 0x00000000 rid 33 GPUVA 0x100000e0000 cpu 107168000
[mtlr]   out: 00000100000e0000 0000000107168000 00000001027458c0 0000000000000000
[mtlr]   out: 0000002100000000 0000000000004000 0000000237129567 0000000000364d50
[mtlr] resource2 sel8 flags 470 sz 0x1000 -> kr 0x00000000 rid 34 GPUVA 0x100000e8000 cpu 10716c000
[mtlr]   out: 00000100000e8000 000000010716c000 0000000102745980 0000000000000000
[mtlr]   out: 0000002200000000 0000000000004000 0000000237129568 0000000000364d51
[mtlr] resource2 sel8 flags 470 sz 0x1000 -> kr 0x00000000 rid 35 GPUVA 0x100000f0000 cpu 107170000
[mtlr]   out: 00000100000f0000 0000000107170000 0000000102745a40 0000000000000000
[mtlr]   out: 0000002300000000 0000000000004000 0000000237129569 0000000000364d52
[mtlr] resource2 sel8 flags 470 sz 0x1000 -> kr 0x00000000 rid 36 GPUVA 0x100000f8000 cpu 107174000
[mtlr]   out: 00000100000f8000 0000000107174000 0000000102745b00 0000000000000000
[mtlr]   out: 0000002400000000 0000000000004000 000000023712956a 0000000000364d53
[mtlr] resource2 sel8 flags 470 sz 0x1000 -> kr 0x00000000 rid 37 GPUVA 0x10000100000 cpu 107178000
[mtlr]   out: 0000010000100000 0000000107178000 0000000102745bc0 0000000000000000
[mtlr]   out: 0000002500000000 0000000000004000 000000023712956b 0000000000364d54
[mtlr] resource2 sel8 flags 470 sz 0x1000 -> kr 0x00000000 rid 38 GPUVA 0x10000108000 cpu 10717c000
[mtlr]   out: 0000010000108000 000000010717c000 0000000102745c80 0000000000000000
[mtlr]   out: 0000002600000000 0000000000004000 000000023712956c 0000000000364d55
[mtlr] resource2 sel8 flags 470 sz 0x1000 -> kr 0x00000000 rid 39 GPUVA 0x10000110000 cpu 107180000
[mtlr]   out: 0000010000110000 0000000107180000 0000000102745d40 0000000000000000
[mtlr]   out: 0000002700000000 0000000000004000 000000023712956d 0000000000364d56
[mtlr] resource2 sel8 flags 470 sz 0x1000 -> kr 0x00000000 rid 40 GPUVA 0x10000118000 cpu 107184000
[mtlr]   out: 0000010000118000 0000000107184000 0000000102745e00 0000000000000000
[mtlr]   out: 0000002800000000 0000000000004000 000000023712956e 0000000000364d57
[mtlr] resource2 sel8 flags 470 sz 0x1000 -> kr 0x00000000 rid 41 GPUVA 0x10000120000 cpu 107188000
[mtlr]   out: 0000010000120000 0000000107188000 0000000102745ec0 0000000000000000
[mtlr]   out: 0000002900000000 0000000000004000 000000023712956f 0000000000364d58
[mtlr] resource2 sel8 flags 470 sz 0x1000 -> kr 0x00000000 rid 42 GPUVA 0x10000128000 cpu 10718c000
[mtlr]   out: 0000010000128000 000000010718c000 0000000102745f80 0000000000000000
[mtlr]   out: 0000002a00000000 0000000000004000 0000000237129570 0000000000364d59
[mtlr] resource2 sel8 flags 470 sz 0x1000 -> kr 0x00000000 rid 43 GPUVA 0x10000130000 cpu 107190000
[mtlr]   out: 0000010000130000 0000000107190000 0000000102746040 0000000000000000
[mtlr]   out: 0000002b00000000 0000000000004000 0000000237129571 0000000000364d5a
[mtlr] resource2 sel8 flags 470 sz 0x1000 -> kr 0x00000000 rid 44 GPUVA 0x10000138000 cpu 107194000
[mtlr]   out: 0000010000138000 0000000107194000 0000000102746100 0000000000000000
[mtlr]   out: 0000002c00000000 0000000000004000 0000000237129572 0000000000364d5b
[mtlr] resource2 sel8 flags 470 sz 0x1000 -> kr 0x00000000 rid 45 GPUVA 0x10000140000 cpu 107198000
[mtlr]   out: 0000010000140000 0000000107198000 00000001027461c0 0000000000000000
[mtlr]   out: 0000002d00000000 0000000000004000 0000000237129573 0000000000364d5c
[mtlr] resource2 sel8 flags 470 sz 0x1000 -> kr 0x00000000 rid 46 GPUVA 0x10000148000 cpu 10719c000
[mtlr]   out: 0000010000148000 000000010719c000 0000000102746280 0000000000000000
[mtlr]   out: 0000002e00000000 0000000000004000 0000000237129574 0000000000364d5d
[mtlr] resource2 sel8 flags 470 sz 0x1000 -> kr 0x00000000 rid 47 GPUVA 0x10000150000 cpu 1071a0000
[mtlr]   out: 0000010000150000 00000001071a0000 0000000102746340 0000000000000000
[mtlr]   out: 0000002f00000000 0000000000004000 0000000237129575 0000000000364d5e
[mtlr] resource2 sel8 flags 470 sz 0x1000 -> kr 0x00000000 rid 48 GPUVA 0x10000158000 cpu 1071a4000
[mtlr]   out: 0000010000158000 00000001071a4000 0000000102746400 0000000000000000
[mtlr]   out: 0000003000000000 0000000000004000 0000000237129576 0000000000364d5f
[mtlr] resource2 sel8 flags 470 sz 0x1000 -> kr 0x00000000 rid 49 GPUVA 0x10000160000 cpu 1071a8000
[mtlr]   out: 0000010000160000 00000001071a8000 00000001027464c0 0000000000000000
[mtlr]   out: 0000003100000000 0000000000004000 0000000237129577 0000000000364d60
[mtlr] resource2 sel8 flags 470 sz 0x1000 -> kr 0x00000000 rid 50 GPUVA 0x10000168000 cpu 1071ac000
[mtlr]   out: 0000010000168000 00000001071ac000 0000000102746580 0000000000000000
[mtlr]   out: 0000003200000000 0000000000004000 0000000237129578 0000000000364d61
[mtlr] resource2 sel8 flags 470 sz 0x1000 -> kr 0x00000000 rid 51 GPUVA 0x10000170000 cpu 1071b0000
[mtlr]   out: 0000010000170000 00000001071b0000 0000000102746640 0000000000000000
[mtlr]   out: 0000003300000000 0000000000004000 0000000237129579 0000000000364d62
[mtlr] resource2 sel8 flags 470 sz 0x1000 -> kr 0x00000000 rid 52 GPUVA 0x10000178000 cpu 1071b4000
[mtlr]   out: 0000010000178000 00000001071b4000 0000000102746700 0000000000000000
[mtlr]   out: 0000003400000000 0000000000004000 000000023712957a 0000000000364d63
[mtlr] resource2 sel8 flags 470 sz 0x1000 -> kr 0x00000000 rid 53 GPUVA 0x10000180000 cpu 1071b8000
[mtlr]   out: 0000010000180000 00000001071b8000 00000001027467c0 0000000000000000
[mtlr]   out: 0000003500000000 0000000000004000 000000023712957b 0000000000364d64
[mtlr] resource2 sel8 flags 470 sz 0x1000 -> kr 0x00000000 rid 54 GPUVA 0x10000188000 cpu 1071bc000
[mtlr]   out: 0000010000188000 00000001071bc000 0000000102746880 0000000000000000
[mtlr]   out: 0000003600000000 0000000000004000 000000023712957c 0000000000364d65
[mtlr] resource2 sel8 flags 470 sz 0x1000 -> kr 0x00000000 rid 55 GPUVA 0x10000190000 cpu 1071c0000
[mtlr]   out: 0000010000190000 00000001071c0000 0000000102746940 0000000000000000
[mtlr]   out: 0000003700000000 0000000000004000 000000023712957d 0000000000364d66
[mtlr] resource2 sel8 flags 470 sz 0x1000 -> kr 0x00000000 rid 56 GPUVA 0x10000198000 cpu 1071c4000
[mtlr]   out: 0000010000198000 00000001071c4000 0000000102746a00 0000000000000000
[mtlr]   out: 0000003800000000 0000000000004000 000000023712957e 0000000000364d67
[mtlr] resource2 sel8 flags 470 sz 0x1000 -> kr 0x00000000 rid 57 GPUVA 0x100001a0000 cpu 1071c8000
[mtlr]   out: 00000100001a0000 00000001071c8000 0000000102746ac0 0000000000000000
[mtlr]   out: 0000003900000000 0000000000004000 000000023712957f 0000000000364d68
[mtlr] resource2 sel8 flags 470 sz 0x1000 -> kr 0x00000000 rid 58 GPUVA 0x100001a8000 cpu 1071cc000
[mtlr]   out: 00000100001a8000 00000001071cc000 0000000102746b80 0000000000000000
[mtlr]   out: 0000003a00000000 0000000000004000 0000000237129580 0000000000364d69
[mtlr] resource2 sel8 flags 470 sz 0x1000 -> kr 0x00000000 rid 59 GPUVA 0x100001b0000 cpu 1071d0000
[mtlr]   out: 00000100001b0000 00000001071d0000 0000000102746c40 0000000000000000
[mtlr]   out: 0000003b00000000 0000000000004000 0000000237129581 0000000000364d6a
[mtlr] resource2 sel8 flags 470 sz 0x1000 -> kr 0x00000000 rid 60 GPUVA 0x100001b8000 cpu 1071d4000
[mtlr]   out: 00000100001b8000 00000001071d4000 0000000102746d00 0000000000000000
[mtlr]   out: 0000003c00000000 0000000000004000 0000000237129582 0000000000364d6b
[mtlr] resource2 sel8 flags 470 sz 0x10000 -> kr 0x00000000 rid 61 GPUVA 0x100001c0000 cpu 1071d8000
[mtlr]   out: 00000100001c0000 00000001071d8000 0000000102746dc0 0000000000000000
[mtlr]   out: 0000003d00000000 0000000000010000 0000000237129583 0000000000364d6c
[ptspray] r0: victim rid 61 gpuva 0x100001c0000 cpu 0x1071d8000 (40 junk ready)
[ptspray] r0: destroy kr 0x00000000 + 40 junk => AGXUAT::process (PT pages -> pool0/pool1, unsrubbed)
[mtlr] resource2 sel8 flags 470 sz 0x10000 -> kr 0x00000000 rid 21 GPUVA 0x10000080000 cpu 107138000
[mtlr]   out: 0000010000080000 0000000107138000 0000000102744fc0 0000000000000000
[mtlr]   out: 0000001500000000 0000000000010000 0000000237129584 0000000000364d6d
[mtlr] resource2 sel8 flags 470 sz 0x10000 -> kr 0x00000000 rid 22 GPUVA 0x10000098000 cpu 107148000
[mtlr]   out: 0000010000098000 0000000107148000 0000000102745080 0000000000000000
[mtlr]   out: 0000001600000000 0000000000010000 0000000237129585 0000000000364d6e
[mtlr] resource2 sel8 flags 470 sz 0x10000 -> kr 0x00000000 rid 23 GPUVA 0x100000b0000 cpu 107158000
[mtlr]   out: 00000100000b0000 0000000107158000 0000000102745140 0000000000000000
[mtlr]   out: 0000001700000000 0000000000010000 0000000237129586 0000000000364d6f
[mtlr] resource2 sel8 flags 470 sz 0x10000 -> kr 0x00000000 rid 24 GPUVA 0x100000c8000 cpu 107168000
[mtlr]   out: 00000100000c8000 0000000107168000 0000000102745200 0000000000000000
[mtlr]   out: 0000001800000000 0000000000010000 0000000237129587 0000000000364d70
[mtlr] resource2 sel8 flags 470 sz 0x10000 -> kr 0x00000000 rid 25 GPUVA 0x100000e0000 cpu 107178000
[mtlr]   out: 00000100000e0000 0000000107178000 00000001027452c0 0000000000000000
[mtlr]   out: 0000001900000000 0000000000010000 0000000237129588 0000000000364d71
[mtlr] resource2 sel8 flags 470 sz 0x10000 -> kr 0x00000000 rid 26 GPUVA 0x100000f8000 cpu 107188000
[mtlr]   out: 00000100000f8000 0000000107188000 0000000102745380 0000000000000000
[mtlr]   out: 0000001a00000000 0000000000010000 0000000237129589 0000000000364d72
[mtlr] resource2 sel8 flags 470 sz 0x10000 -> kr 0x00000000 rid 27 GPUVA 0x10000110000 cpu 107198000
[mtlr]   out: 0000010000110000 0000000107198000 0000000102745440 0000000000000000
[mtlr]   out: 0000001b00000000 0000000000010000 000000023712958a 0000000000364d73
[mtlr] resource2 sel8 flags 470 sz 0x10000 -> kr 0x00000000 rid 28 GPUVA 0x10000128000 cpu 1071a8000
[mtlr]   out: 0000010000128000 00000001071a8000 0000000102745500 0000000000000000
[mtlr]   out: 0000001c00000000 0000000000010000 000000023712958b 0000000000364d74
[mtlr] resource2 sel8 flags 470 sz 0x10000 -> kr 0x00000000 rid 29 GPUVA 0x10000140000 cpu 1071b8000
[mtlr]   out: 0000010000140000 00000001071b8000 00000001027455c0 0000000000000000
[mtlr]   out: 0000001d00000000 0000000000010000 000000023712958c 0000000000364d75
[mtlr] resource2 sel8 flags 470 sz 0x10000 -> kr 0x00000000 rid 30 GPUVA 0x10000158000 cpu 1071c8000
[mtlr]   out: 0000010000158000 00000001071c8000 0000000102745680 0000000000000000
[mtlr]   out: 0000001e00000000 0000000000010000 000000023712958d 0000000000364d76
[mtlr] resource2 sel8 flags 470 sz 0x10000 -> kr 0x00000000 rid 31 GPUVA 0x10000170000 cpu 1071d8000
[mtlr]   out: 0000010000170000 00000001071d8000 0000000102745740 0000000000000000
[mtlr]   out: 0000001f00000000 0000000000010000 000000023712958e 0000000000364d77
[mtlr] resource2 sel8 flags 470 sz 0x10000 -> kr 0x00000000 rid 32 GPUVA 0x10000188000 cpu 1071e8000
[mtlr]   out: 0000010000188000 00000001071e8000 0000000102745800 0000000000000000
[mtlr]   out: 0000002000000000 0000000000010000 000000023712958f 0000000000364d78
[mtlr] resource2 sel8 flags 470 sz 0x10000 -> kr 0x00000000 rid 33 GPUVA 0x100001a0000 cpu 1071f8000
[mtlr]   out: 00000100001a0000 00000001071f8000 00000001027458c0 0000000000000000
[mtlr]   out: 0000002100000000 0000000000010000 0000000237129590 0000000000364d79
[mtlr] resource2 sel8 flags 470 sz 0x10000 -> kr 0x00000000 rid 34 GPUVA 0x100001b8000 cpu 107208000
[mtlr]   out: 00000100001b8000 0000000107208000 0000000102745980 0000000000000000
[mtlr]   out: 0000002200000000 0000000000010000 0000000237129591 0000000000364d7a
[mtlr] resource2 sel8 flags 470 sz 0x10000 -> kr 0x00000000 rid 35 GPUVA 0x100001d0000 cpu 107218000
[mtlr]   out: 00000100001d0000 0000000107218000 0000000102745a40 0000000000000000
[mtlr]   out: 0000002300000000 0000000000010000 0000000237129592 0000000000364d7b
[mtlr] resource2 sel8 flags 470 sz 0x10000 -> kr 0x00000000 rid 36 GPUVA 0x100001e8000 cpu 107228000
[mtlr]   out: 00000100001e8000 0000000107228000 0000000102745b00 0000000000000000
[mtlr]   out: 0000002400000000 0000000000010000 0000000237129593 0000000000364d7c
[mtlr] resource2 sel8 flags 470 sz 0x10000 -> kr 0x00000000 rid 37 GPUVA 0x10000200000 cpu 107238000
[mtlr]   out: 0000010000200000 0000000107238000 0000000102745bc0 0000000000000000
[mtlr]   out: 0000002500000000 0000000000010000 0000000237129594 0000000000364d7d
[mtlr] resource2 sel8 flags 470 sz 0x10000 -> kr 0x00000000 rid 38 GPUVA 0x10000218000 cpu 107248000
[mtlr]   out: 0000010000218000 0000000107248000 0000000102745c80 0000000000000000
[mtlr]   out: 0000002600000000 0000000000010000 0000000237129595 0000000000364d7e
[mtlr] resource2 sel8 flags 470 sz 0x10000 -> kr 0x00000000 rid 39 GPUVA 0x10000230000 cpu 107258000
[mtlr]   out: 0000010000230000 0000000107258000 0000000102745d40 0000000000000000
[mtlr]   out: 0000002700000000 0000000000010000 0000000237129596 0000000000364d7f
[mtlr] resource2 sel8 flags 470 sz 0x10000 -> kr 0x00000000 rid 40 GPUVA 0x10000248000 cpu 107268000
[mtlr]   out: 0000010000248000 0000000107268000 0000000102745e00 0000000000000000
[mtlr]   out: 0000002800000000 0000000000010000 0000000237129597 0000000000364d80
[mtlr] resource2 sel8 flags 470 sz 0x10000 -> kr 0x00000000 rid 41 GPUVA 0x10000260000 cpu 107278000
[mtlr]   out: 0000010000260000 0000000107278000 0000000102745ec0 0000000000000000
[mtlr]   out: 0000002900000000 0000000000010000 0000000237129598 0000000000364d81
[mtlr] resource2 sel8 flags 470 sz 0x10000 -> kr 0x00000000 rid 42 GPUVA 0x10000278000 cpu 107288000
[mtlr]   out: 0000010000278000 0000000107288000 0000000102745f80 0000000000000000
[mtlr]   out: 0000002a00000000 0000000000010000 0000000237129599 0000000000364d82
[mtlr] resource2 sel8 flags 470 sz 0x10000 -> kr 0x00000000 rid 43 GPUVA 0x10000290000 cpu 107298000
[mtlr]   out: 0000010000290000 0000000107298000 0000000102746040 0000000000000000
[mtlr]   out: 0000002b00000000 0000000000010000 000000023712959a 0000000000364d83
[mtlr] resource2 sel8 flags 470 sz 0x10000 -> kr 0x00000000 rid 44 GPUVA 0x100002a8000 cpu 1072a8000
[mtlr]   out: 00000100002a8000 00000001072a8000 0000000102746100 0000000000000000
[mtlr]   out: 0000002c00000000 0000000000010000 000000023712959b 0000000000364d84
[mtlr] resource2 sel8 flags 470 sz 0x10000 -> kr 0x00000000 rid 45 GPUVA 0x100002c0000 cpu 1072b8000
[mtlr]   out: 00000100002c0000 00000001072b8000 00000001027461c0 0000000000000000
[mtlr]   out: 0000002d00000000 0000000000010000 000000023712959e 0000000000364d85
[mtlr] resource2 sel8 flags 470 sz 0x10000 -> kr 0x00000000 rid 46 GPUVA 0x100002d8000 cpu 1072c8000
[mtlr]   out: 00000100002d8000 00000001072c8000 0000000102746280 0000000000000000
[mtlr]   out: 0000002e00000000 0000000000010000 000000023712959f 0000000000364d86
[mtlr] resource2 sel8 flags 470 sz 0x10000 -> kr 0x00000000 rid 47 GPUVA 0x100002f0000 cpu 1072d8000
[mtlr]   out: 00000100002f0000 00000001072d8000 0000000102746340 0000000000000000
[mtlr]   out: 0000002f00000000 0000000000010000 00000002371295a0 0000000000364d87
[mtlr] resource2 sel8 flags 470 sz 0x10000 -> kr 0x00000000 rid 48 GPUVA 0x10000308000 cpu 1072e8000
[mtlr]   out: 0000010000308000 00000001072e8000 0000000102746400 0000000000000000
[mtlr]   out: 0000003000000000 0000000000010000 00000002371295a1 0000000000364d88
[mtlr] resource2 sel8 flags 470 sz 0x10000 -> kr 0x00000000 rid 49 GPUVA 0x10000320000 cpu 1072f8000
[mtlr]   out: 0000010000320000 00000001072f8000 00000001027464c0 0000000000000000
[mtlr]   out: 0000003100000000 0000000000010000 00000002371295a2 0000000000364d89
[mtlr] resource2 sel8 flags 470 sz 0x10000 -> kr 0x00000000 rid 50 GPUVA 0x10000338000 cpu 107308000
[mtlr]   out: 0000010000338000 0000000107308000 0000000102746580 0000000000000000
[mtlr]   out: 0000003200000000 0000000000010000 00000002371295a3 0000000000364d8a
[mtlr] resource2 sel8 flags 470 sz 0x10000 -> kr 0x00000000 rid 51 GPUVA 0x10000350000 cpu 107318000
[mtlr]   out: 0000010000350000 0000000107318000 0000000102746640 0000000000000000
[mtlr]   out: 0000003300000000 0000000000010000 00000002371295a4 0000000000364d8b
[mtlr] resource2 sel8 flags 470 sz 0x10000 -> kr 0x00000000 rid 52 GPUVA 0x10000368000 cpu 107328000
[mtlr]   out: 0000010000368000 0000000107328000 0000000102746700 0000000000000000
[mtlr]   out: 0000003400000000 0000000000010000 00000002371295a5 0000000000364d8c
[mtlr] resource2 sel8 flags 470 sz 0x10000 -> kr 0x00000000 rid 53 GPUVA 0x10000380000 cpu 107338000
[mtlr]   out: 0000010000380000 0000000107338000 00000001027467c0 0000000000000000
[mtlr]   out: 0000003500000000 0000000000010000 00000002371295a6 0000000000364d8d
[mtlr] resource2 sel8 flags 470 sz 0x10000 -> kr 0x00000000 rid 54 GPUVA 0x10000398000 cpu 107348000
[mtlr]   out: 0000010000398000 0000000107348000 0000000102746880 0000000000000000
[mtlr]   out: 0000003600000000 0000000000010000 00000002371295a7 0000000000364d8e
[mtlr] resource2 sel8 flags 470 sz 0x10000 -> kr 0x00000000 rid 55 GPUVA 0x100003b0000 cpu 107358000
[mtlr]   out: 00000100003b0000 0000000107358000 0000000102746940 0000000000000000
[mtlr]   out: 0000003700000000 0000000000010000 00000002371295a8 0000000000364d8f
[mtlr] resource2 sel8 flags 470 sz 0x10000 -> kr 0x00000000 rid 56 GPUVA 0x100003c8000 cpu 107368000
[mtlr]   out: 00000100003c8000 0000000107368000 0000000102746a00 0000000000000000
[mtlr]   out: 0000003800000000 0000000000010000 00000002371295a9 0000000000364d90
[mtlr] resource2 sel8 flags 470 sz 0x10000 -> kr 0x00000000 rid 57 GPUVA 0x100003e0000 cpu 107378000
[mtlr]   out: 00000100003e0000 0000000107378000 0000000102746ac0 0000000000000000
[mtlr]   out: 0000003900000000 0000000000010000 00000002371295aa 0000000000364d91
[mtlr] resource2 sel8 flags 470 sz 0x10000 -> kr 0x00000000 rid 58 GPUVA 0x100003f8000 cpu 107388000
[mtlr]   out: 00000100003f8000 0000000107388000 0000000102746b80 0000000000000000
[mtlr]   out: 0000003a00000000 0000000000010000 00000002371295ab 0000000000364d92
[mtlr] resource2 sel8 flags 470 sz 0x10000 -> kr 0x00000000 rid 59 GPUVA 0x10000410000 cpu 107398000
[mtlr]   out: 0000010000410000 0000000107398000 0000000102746c40 0000000000000000
[mtlr]   out: 0000003b00000000 0000000000010000 00000002371295ac 0000000000364d93
[mtlr] resource2 sel8 flags 470 sz 0x10000 -> kr 0x00000000 rid 60 GPUVA 0x10000428000 cpu 1073a8000
[mtlr]   out: 0000010000428000 00000001073a8000 0000000102746d00 0000000000000000
[mtlr]   out: 0000003c00000000 0000000000010000 00000002371295ad 0000000000364d94
[mtlr] resource2 sel8 flags 470 sz 0x10000 -> kr 0x00000000 rid 61 GPUVA 0x10000440000 cpu 1073b8000
[mtlr]   out: 0000010000440000 00000001073b8000 0000000102746dc0 0000000000000000
[mtlr]   out: 0000003d00000000 0000000000010000 00000002371295ae 0000000000364d95
[mtlr] resource2 sel8 flags 470 sz 0x10000 -> kr 0x00000000 rid 62 GPUVA 0x10000458000 cpu 1073c8000
[mtlr]   out: 0000010000458000 00000001073c8000 0000000102746e80 0000000000000000
[mtlr]   out: 0000003e00000000 0000000000010000 00000002371295af 0000000000364d96
[mtlr] resource2 sel8 flags 470 sz 0x10000 -> kr 0x00000000 rid 63 GPUVA 0x10000470000 cpu 1073d8000
[mtlr]   out: 0000010000470000 00000001073d8000 0000000102746f40 0000000000000000
[mtlr]   out: 0000003f00000000 0000000000010000 00000002371295b0 0000000000364d97
[mtlr] resource2 sel8 flags 470 sz 0x10000 -> kr 0x00000000 rid 64 GPUVA 0x10000488000 cpu 1073e8000
[mtlr]   out: 0000010000488000 00000001073e8000 0000000102747000 0000000000000000
[mtlr]   out: 0000004000000000 0000000000010000 00000002371295b1 0000000000364d98
[mtlr] resource2 sel8 flags 470 sz 0x10000 -> kr 0x00000000 rid 65 GPUVA 0x100004a0000 cpu 10b150000
[mtlr]   out: 00000100004a0000 000000010b150000 00000001027470c0 0000000000000000
[mtlr]   out: 0000004100000000 0000000000010000 00000002371295b2 0000000000364d99
[mtlr] resource2 sel8 flags 470 sz 0x10000 -> kr 0x00000000 rid 66 GPUVA 0x100004b8000 cpu 10b160000
[mtlr]   out: 00000100004b8000 000000010b160000 0000000102747180 0000000000000000
[mtlr]   out: 0000004200000000 0000000000010000 00000002371295b3 0000000000364d9a
[mtlr] resource2 sel8 flags 470 sz 0x10000 -> kr 0x00000000 rid 67 GPUVA 0x100004d0000 cpu 10b170000
[mtlr]   out: 00000100004d0000 000000010b170000 0000000102747240 0000000000000000
[mtlr]   out: 0000004300000000 0000000000010000 00000002371295b4 0000000000364d9b
[mtlr] resource2 sel8 flags 470 sz 0x10000 -> kr 0x00000000 rid 68 GPUVA 0x100004e8000 cpu 10b180000
[mtlr]   out: 00000100004e8000 000000010b180000 0000000102747300 0000000000000000
[mtlr]   out: 0000004400000000 0000000000010000 00000002371295b5 0000000000364d9c
[ptspray] r0 control: victim gpuva 0x100001c0000 — 0/48 reclaimers landed on it (0 = reclaim path not exercised, result inconclusive)
[ptspray] r0 summary: 48 reclaimers | zero 48 | PTE-shaped 0 | data/unknown 0 | (no PT content reachable)
[mtlr] resource2 sel8 flags 470 sz 0x1000 -> kr 0x00000000 rid 69 GPUVA 0x10000500000 cpu 1073f8000
[mtlr]   out: 0000010000500000 00000001073f8000 00000001027473c0 0000000000000000
[mtlr]   out: 0000004500000000 0000000000004000 00000002371295b8 0000000000364d9d
[mtlr] resource2 sel8 flags 470 sz 0x1000 -> kr 0x00000000 rid 70 GPUVA 0x10000508000 cpu 1073fc000
[mtlr]   out: 0000010000508000 00000001073fc000 0000000102747480 0000000000000000
[mtlr]   out: 0000004600000000 0000000000004000 00000002371295b9 0000000000364d9e
[mtlr] resource2 sel8 flags 470 sz 0x1000 -> kr 0x00000000 rid 71 GPUVA 0x10000510000 cpu 10b190000
[mtlr]   out: 0000010000510000 000000010b190000 0000000102747540 0000000000000000
[mtlr]   out: 0000004700000000 0000000000004000 00000002371295ba 0000000000364d9f
[mtlr] resource2 sel8 flags 470 sz 0x1000 -> kr 0x00000000 rid 72 GPUVA 0x10000518000 cpu 10b194000
[mtlr]   out: 0000010000518000 000000010b194000 0000000102747600 0000000000000000
[mtlr]   out: 0000004800000000 0000000000004000 00000002371295bb 0000000000364da0
[mtlr] resource2 sel8 flags 470 sz 0x1000 -> kr 0x00000000 rid 73 GPUVA 0x10000520000 cpu 10b198000
[mtlr]   out: 0000010000520000 000000010b198000 00000001027476c0 0000000000000000
[mtlr]   out: 0000004900000000 0000000000004000 00000002371295bc 0000000000364da1
[mtlr] resource2 sel8 flags 470 sz 0x1000 -> kr 0x00000000 rid 74 GPUVA 0x10000528000 cpu 10b19c000
[mtlr]   out: 0000010000528000 000000010b19c000 0000000102747780 0000000000000000
[mtlr]   out: 0000004a00000000 0000000000004000 00000002371295bd 0000000000364da2
[mtlr] resource2 sel8 flags 470 sz 0x1000 -> kr 0x00000000 rid 75 GPUVA 0x10000530000 cpu 10b1a0000
[mtlr]   out: 0000010000530000 000000010b1a0000 0000000102747840 0000000000000000
[mtlr]   out: 0000004b00000000 0000000000004000 00000002371295be 0000000000364da3
[mtlr] resource2 sel8 flags 470 sz 0x1000 -> kr 0x00000000 rid 76 GPUVA 0x10000538000 cpu 10b1a4000
[mtlr]   out: 0000010000538000 000000010b1a4000 0000000102747900 0000000000000000
[mtlr]   out: 0000004c00000000 0000000000004000 00000002371295bf 0000000000364da4
[mtlr] resource2 sel8 flags 470 sz 0x1000 -> kr 0x00000000 rid 77 GPUVA 0x10000540000 cpu 10b1a8000
[mtlr]   out: 0000010000540000 000000010b1a8000 00000001027479c0 0000000000000000
[mtlr]   out: 0000004d00000000 0000000000004000 00000002371295c0 0000000000364da5
[mtlr] resource2 sel8 flags 470 sz 0x1000 -> kr 0x00000000 rid 78 GPUVA 0x10000548000 cpu 10b1ac000
[mtlr]   out: 0000010000548000 000000010b1ac000 0000000102747a80 0000000000000000
[mtlr]   out: 0000004e00000000 0000000000004000 00000002371295c1 0000000000364da6
[mtlr] resource2 sel8 flags 470 sz 0x1000 -> kr 0x00000000 rid 79 GPUVA 0x10000550000 cpu 10b1b0000
[mtlr]   out: 0000010000550000 000000010b1b0000 0000000102747b40 0000000000000000
[mtlr]   out: 0000004f00000000 0000000000004000 00000002371295c2 0000000000364da7
[mtlr] resource2 sel8 flags 470 sz 0x1000 -> kr 0x00000000 rid 80 GPUVA 0x10000558000 cpu 10b1b4000
[mtlr]   out: 0000010000558000 000000010b1b4000 0000000102747c00 0000000000000000
[mtlr]   out: 0000005000000000 0000000000004000 00000002371295c3 0000000000364da8
[mtlr] resource2 sel8 flags 470 sz 0x1000 -> kr 0x00000000 rid 81 GPUVA 0x10000560000 cpu 10b1b8000
[mtlr]   out: 0000010000560000 000000010b1b8000 0000000102747cc0 0000000000000000
[mtlr]   out: 0000005100000000 0000000000004000 00000002371295c4 0000000000364da9
[mtlr] resource2 sel8 flags 470 sz 0x1000 -> kr 0x00000000 rid 82 GPUVA 0x10000568000 cpu 10b1bc000
[mtlr]   out: 0000010000568000 000000010b1bc000 0000000102747d80 0000000000000000
[mtlr]   out: 0000005200000000 0000000000004000 00000002371295c5 0000000000364daa
[mtlr] resource2 sel8 flags 470 sz 0x1000 -> kr 0x00000000 rid 83 GPUVA 0x10000570000 cpu 10b1c0000
[mtlr]   out: 0000010000570000 000000010b1c0000 0000000102747e40 0000000000000000
[mtlr]   out: 0000005300000000 0000000000004000 00000002371295c6 0000000000364dab
[mtlr] resource2 sel8 flags 470 sz 0x1000 -> kr 0x00000000 rid 84 GPUVA 0x10000578000 cpu 10b1c4000
[mtlr]   out: 0000010000578000 000000010b1c4000 0000000102747f00 0000000000000000
[mtlr]   out: 0000005400000000 0000000000004000 00000002371295c7 0000000000364dac
[mtlr] resource2 sel8 flags 470 sz 0x1000 -> kr 0x00000000 rid 85 GPUVA 0x10000580000 cpu 10b1c8000
[mtlr]   out: 0000010000580000 000000010b1c8000 0000000102747fc0 0000000000000000
[mtlr]   out: 0000005500000000 0000000000004000 00000002371295c8 0000000000364dad
[mtlr] resource2 sel8 flags 470 sz 0x1000 -> kr 0x00000000 rid 86 GPUVA 0x10000588000 cpu 10b1cc000
[mtlr]   out: 0000010000588000 000000010b1cc000 0000000102748080 0000000000000000
[mtlr]   out: 0000005600000000 0000000000004000 00000002371295c9 0000000000364dae
[mtlr] resource2 sel8 flags 470 sz 0x1000 -> kr 0x00000000 rid 87 GPUVA 0x10000590000 cpu 10b1d0000
[mtlr]   out: 0000010000590000 000000010b1d0000 0000000102748140 0000000000000000
[mtlr]   out: 0000005700000000 0000000000004000 00000002371295ca 0000000000364daf
[mtlr] resource2 sel8 flags 470 sz 0x1000 -> kr 0x00000000 rid 88 GPUVA 0x10000598000 cpu 10b1d4000
[mtlr]   out: 0000010000598000 000000010b1d4000 0000000102748200 0000000000000000
[mtlr]   out: 0000005800000000 0000000000004000 00000002371295cb 0000000000364db0
[mtlr] resource2 sel8 flags 470 sz 0x1000 -> kr 0x00000000 rid 89 GPUVA 0x100005a0000 cpu 10b1d8000
[mtlr]   out: 00000100005a0000 000000010b1d8000 00000001027482c0 0000000000000000
[mtlr]   out: 0000005900000000 0000000000004000 00000002371295cc 0000000000364db1
[mtlr] resource2 sel8 flags 470 sz 0x1000 -> kr 0x00000000 rid 90 GPUVA 0x100005a8000 cpu 10b1dc000
[mtlr]   out: 00000100005a8000 000000010b1dc000 0000000102748380 0000000000000000
[mtlr]   out: 0000005a00000000 0000000000004000 00000002371295cd 0000000000364db2
[mtlr] resource2 sel8 flags 470 sz 0x1000 -> kr 0x00000000 rid 91 GPUVA 0x100005b0000 cpu 10b1e0000
[mtlr]   out: 00000100005b0000 000000010b1e0000 0000000102748440 0000000000000000
[mtlr]   out: 0000005b00000000 0000000000004000 00000002371295ce 0000000000364db3
[mtlr] resource2 sel8 flags 470 sz 0x1000 -> kr 0x00000000 rid 92 GPUVA 0x100005b8000 cpu 10b1e4000
[mtlr]   out: 00000100005b8000 000000010b1e4000 0000000102748500 0000000000000000
[mtlr]   out: 0000005c00000000 0000000000004000 00000002371295cf 0000000000364db4
[mtlr] resource2 sel8 flags 470 sz 0x1000 -> kr 0x00000000 rid 93 GPUVA 0x100005c0000 cpu 10b1e8000
[mtlr]   out: 00000100005c0000 000000010b1e8000 00000001027485c0 0000000000000000
[mtlr]   out: 0000005d00000000 0000000000004000 00000002371295d0 0000000000364db5
[mtlr] resource2 sel8 flags 470 sz 0x1000 -> kr 0x00000000 rid 94 GPUVA 0x100005c8000 cpu 10b1ec000
[mtlr]   out: 00000100005c8000 000000010b1ec000 0000000102748680 0000000000000000
[mtlr]   out: 0000005e00000000 0000000000004000 00000002371295d1 0000000000364db6
[mtlr] resource2 sel8 flags 470 sz 0x1000 -> kr 0x00000000 rid 95 GPUVA 0x100005d0000 cpu 10b1f0000
[mtlr]   out: 00000100005d0000 000000010b1f0000 0000000102748740 0000000000000000
[mtlr]   out: 0000005f00000000 0000000000004000 00000002371295d2 0000000000364db7
[mtlr] resource2 sel8 flags 470 sz 0x1000 -> kr 0x00000000 rid 96 GPUVA 0x100005d8000 cpu 10b1f4000
[mtlr]   out: 00000100005d8000 000000010b1f4000 0000000102748800 0000000000000000
[mtlr]   out: 0000006000000000 0000000000004000 00000002371295d3 0000000000364db8
[mtlr] resource2 sel8 flags 470 sz 0x1000 -> kr 0x00000000 rid 97 GPUVA 0x100005e0000 cpu 10b1f8000
[mtlr]   out: 00000100005e0000 000000010b1f8000 00000001027488c0 0000000000000000
[mtlr]   out: 0000006100000000 0000000000004000 00000002371295d4 0000000000364db9
[mtlr] resource2 sel8 flags 470 sz 0x1000 -> kr 0x00000000 rid 98 GPUVA 0x100005e8000 cpu 10b1fc000
[mtlr]   out: 00000100005e8000 000000010b1fc000 0000000102748980 0000000000000000
[mtlr]   out: 0000006200000000 0000000000004000 00000002371295d5 0000000000364dba
[mtlr] resource2 sel8 flags 470 sz 0x1000 -> kr 0x00000000 rid 99 GPUVA 0x100005f0000 cpu 10b200000
[mtlr]   out: 00000100005f0000 000000010b200000 0000000102748a40 0000000000000000
[mtlr]   out: 0000006300000000 0000000000004000 00000002371295d6 0000000000364dbb
[mtlr] resource2 sel8 flags 470 sz 0x1000 -> kr 0x00000000 rid 100 GPUVA 0x100005f8000 cpu 10b204000
[mtlr]   out: 00000100005f8000 000000010b204000 0000000102748b00 0000000000000000
[mtlr]   out: 0000006400000000 0000000000004000 00000002371295d8 0000000000364dbc
[mtlr] resource2 sel8 flags 470 sz 0x1000 -> kr 0x00000000 rid 101 GPUVA 0x10000600000 cpu 10b208000
[mtlr]   out: 0000010000600000 000000010b208000 0000000102748bc0 0000000000000000
[mtlr]   out: 0000006500000000 0000000000004000 00000002371295e4 0000000000364dc8
[mtlr] resource2 sel8 flags 470 sz 0x1000 -> kr 0x00000000 rid 102 GPUVA 0x10000608000 cpu 10b20c000
[mtlr]   out: 0000010000608000 000000010b20c000 0000000102748c80 0000000000000000
[mtlr]   out: 0000006600000000 0000000000004000 00000002371295e5 0000000000364dc9
[mtlr] resource2 sel8 flags 470 sz 0x1000 -> kr 0x00000000 rid 103 GPUVA 0x10000610000 cpu 10b210000
[mtlr]   out: 0000010000610000 000000010b210000 0000000102748d40 0000000000000000
[mtlr]   out: 0000006700000000 0000000000004000 00000002371295e6 0000000000364dca
[mtlr] resource2 sel8 flags 470 sz 0x1000 -> kr 0x00000000 rid 104 GPUVA 0x10000618000 cpu 10b214000
[mtlr]   out: 0000010000618000 000000010b214000 0000000102748e00 0000000000000000
[mtlr]   out: 0000006800000000 0000000000004000 00000002371295e7 0000000000364dcb
[mtlr] resource2 sel8 flags 470 sz 0x1000 -> kr 0x00000000 rid 105 GPUVA 0x10000620000 cpu 10b218000
[mtlr]   out: 0000010000620000 000000010b218000 0000000102748ec0 0000000000000000
[mtlr]   out: 0000006900000000 0000000000004000 00000002371295e8 0000000000364dcc
[mtlr] resource2 sel8 flags 470 sz 0x1000 -> kr 0x00000000 rid 106 GPUVA 0x10000628000 cpu 10b21c000
[mtlr]   out: 0000010000628000 000000010b21c000 0000000102748f80 0000000000000000
[mtlr]   out: 0000006a00000000 0000000000004000 00000002371295e9 0000000000364dcd
[mtlr] resource2 sel8 flags 470 sz 0x1000 -> kr 0x00000000 rid 107 GPUVA 0x10000630000 cpu 10b220000
[mtlr]   out: 0000010000630000 000000010b220000 0000000102749040 0000000000000000
[mtlr]   out: 0000006b00000000 0000000000004000 00000002371295ea 0000000000364dce
[mtlr] resource2 sel8 flags 470 sz 0x1000 -> kr 0x00000000 rid 108 GPUVA 0x10000638000 cpu 10b224000
[mtlr]   out: 0000010000638000 000000010b224000 0000000102749100 0000000000000000
[mtlr]   out: 0000006c00000000 0000000000004000 00000002371295eb 0000000000364dcf
[mtlr] resource2 sel8 flags 470 sz 0x10000 -> kr 0x00000000 rid 109 GPUVA 0x10000640000 cpu 10b228000
[mtlr]   out: 0000010000640000 000000010b228000 00000001027491c0 0000000000000000
[mtlr]   out: 0000006d00000000 0000000000010000 00000002371295ec 0000000000364dd0
[ptspray] r1: victim rid 109 gpuva 0x10000640000 cpu 0x10b228000 (40 junk ready)
[ptspray] r1: destroy kr 0x00000000 + 40 junk => AGXUAT::process (PT pages -> pool0/pool1, unsrubbed)
[mtlr] resource2 sel8 flags 470 sz 0x10000 -> kr 0x00000000 rid 69 GPUVA 0x10000500000 cpu 10b190000
[mtlr]   out: 0000010000500000 000000010b190000 00000001027473c0 0000000000000000
[mtlr]   out: 0000004500000000 0000000000010000 00000002371295ed 0000000000364dd1
[mtlr] resource2 sel8 flags 470 sz 0x10000 -> kr 0x00000000 rid 70 GPUVA 0x10000518000 cpu 10b1a0000
[mtlr]   out: 0000010000518000 000000010b1a0000 0000000102747480 0000000000000000
[mtlr]   out: 0000004600000000 0000000000010000 00000002371295ee 0000000000364dd2
[mtlr] resource2 sel8 flags 470 sz 0x10000 -> kr 0x00000000 rid 71 GPUVA 0x10000530000 cpu 10b1b0000
[mtlr]   out: 0000010000530000 000000010b1b0000 0000000102747540 0000000000000000
[mtlr]   out: 0000004700000000 0000000000010000 00000002371295ef 0000000000364dd3
[mtlr] resource2 sel8 flags 470 sz 0x10000 -> kr 0x00000000 rid 72 GPUVA 0x10000548000 cpu 10b1c0000
[mtlr]   out: 0000010000548000 000000010b1c0000 0000000102747600 0000000000000000
[mtlr]   out: 0000004800000000 0000000000010000 00000002371295f0 0000000000364dd4
[mtlr] resource2 sel8 flags 470 sz 0x10000 -> kr 0x00000000 rid 73 GPUVA 0x10000560000 cpu 10b1d0000
[mtlr]   out: 0000010000560000 000000010b1d0000 00000001027476c0 0000000000000000
[mtlr]   out: 0000004900000000 0000000000010000 00000002371295f1 0000000000364dd5
[mtlr] resource2 sel8 flags 470 sz 0x10000 -> kr 0x00000000 rid 74 GPUVA 0x10000578000 cpu 10b1e0000
[mtlr]   out: 0000010000578000 000000010b1e0000 0000000102747780 0000000000000000
[mtlr]   out: 0000004a00000000 0000000000010000 00000002371295f2 0000000000364dd6
[mtlr] resource2 sel8 flags 470 sz 0x10000 -> kr 0x00000000 rid 75 GPUVA 0x10000590000 cpu 10b1f0000
[mtlr]   out: 0000010000590000 000000010b1f0000 0000000102747840 0000000000000000
[mtlr]   out: 0000004b00000000 0000000000010000 00000002371295f3 0000000000364dd7
[mtlr] resource2 sel8 flags 470 sz 0x10000 -> kr 0x00000000 rid 76 GPUVA 0x100005a8000 cpu 10b200000
[mtlr]   out: 00000100005a8000 000000010b200000 0000000102747900 0000000000000000
[mtlr]   out: 0000004c00000000 0000000000010000 00000002371295f4 0000000000364dd8
[mtlr] resource2 sel8 flags 470 sz 0x10000 -> kr 0x00000000 rid 77 GPUVA 0x100005c0000 cpu 10b210000
[mtlr]   out: 00000100005c0000 000000010b210000 00000001027479c0 0000000000000000
[mtlr]   out: 0000004d00000000 0000000000010000 00000002371295f5 0000000000364dd9
[mtlr] resource2 sel8 flags 470 sz 0x10000 -> kr 0x00000000 rid 78 GPUVA 0x100005d8000 cpu 10b220000
[mtlr]   out: 00000100005d8000 000000010b220000 0000000102747a80 0000000000000000
[mtlr]   out: 0000004e00000000 0000000000010000 00000002371295f6 0000000000364dda
[mtlr] resource2 sel8 flags 470 sz 0x10000 -> kr 0x00000000 rid 79 GPUVA 0x100005f0000 cpu 10b230000
[mtlr]   out: 00000100005f0000 000000010b230000 0000000102747b40 0000000000000000
[mtlr]   out: 0000004f00000000 0000000000010000 00000002371295f7 0000000000364ddb
[mtlr] resource2 sel8 flags 470 sz 0x10000 -> kr 0x00000000 rid 80 GPUVA 0x10000608000 cpu 10b240000
[mtlr]   out: 0000010000608000 000000010b240000 0000000102747c00 0000000000000000
[mtlr]   out: 0000005000000000 0000000000010000 00000002371295f8 0000000000364ddc
[mtlr] resource2 sel8 flags 470 sz 0x10000 -> kr 0x00000000 rid 81 GPUVA 0x10000620000 cpu 10b250000
[mtlr]   out: 0000010000620000 000000010b250000 0000000102747cc0 0000000000000000
[mtlr]   out: 0000005100000000 0000000000010000 00000002371295f9 0000000000364ddd
[mtlr] resource2 sel8 flags 470 sz 0x10000 -> kr 0x00000000 rid 82 GPUVA 0x10000638000 cpu 10b260000
[mtlr]   out: 0000010000638000 000000010b260000 0000000102747d80 0000000000000000
[mtlr]   out: 0000005200000000 0000000000010000 00000002371295fa 0000000000364dde
[mtlr] resource2 sel8 flags 470 sz 0x10000 -> kr 0x00000000 rid 83 GPUVA 0x10000650000 cpu 10b270000
[mtlr]   out: 0000010000650000 000000010b270000 0000000102747e40 0000000000000000
[mtlr]   out: 0000005300000000 0000000000010000 00000002371295fb 0000000000364ddf
[mtlr] resource2 sel8 flags 470 sz 0x10000 -> kr 0x00000000 rid 84 GPUVA 0x10000668000 cpu 10b280000
[mtlr]   out: 0000010000668000 000000010b280000 0000000102747f00 0000000000000000
[mtlr]   out: 0000005400000000 0000000000010000 00000002371295fc 0000000000364de0
[mtlr] resource2 sel8 flags 470 sz 0x10000 -> kr 0x00000000 rid 85 GPUVA 0x10000680000 cpu 10b290000
[mtlr]   out: 0000010000680000 000000010b290000 0000000102747fc0 0000000000000000
[mtlr]   out: 0000005500000000 0000000000010000 00000002371295fd 0000000000364de1
[mtlr] resource2 sel8 flags 470 sz 0x10000 -> kr 0x00000000 rid 86 GPUVA 0x10000698000 cpu 10b2a0000
[mtlr]   out: 0000010000698000 000000010b2a0000 0000000102748080 0000000000000000
[mtlr]   out: 0000005600000000 0000000000010000 00000002371295fe 0000000000364de2
[mtlr] resource2 sel8 flags 470 sz 0x10000 -> kr 0x00000000 rid 87 GPUVA 0x100006b0000 cpu 10b2b0000
[mtlr]   out: 00000100006b0000 000000010b2b0000 0000000102748140 0000000000000000
[mtlr]   out: 0000005700000000 0000000000010000 00000002371295ff 0000000000364de3
[mtlr] resource2 sel8 flags 470 sz 0x10000 -> kr 0x00000000 rid 88 GPUVA 0x100006c8000 cpu 10b2c0000
[mtlr]   out: 00000100006c8000 000000010b2c0000 0000000102748200 0000000000000000
[mtlr]   out: 0000005800000000 0000000000010000 0000000237129600 0000000000364de4
[mtlr] resource2 sel8 flags 470 sz 0x10000 -> kr 0x00000000 rid 89 GPUVA 0x100006e0000 cpu 10b2d0000
[mtlr]   out: 00000100006e0000 000000010b2d0000 00000001027482c0 0000000000000000
[mtlr]   out: 0000005900000000 0000000000010000 0000000237129601 0000000000364de5
[mtlr] resource2 sel8 flags 470 sz 0x10000 -> kr 0x00000000 rid 90 GPUVA 0x100006f8000 cpu 10b2e0000
[mtlr]   out: 00000100006f8000 000000010b2e0000 0000000102748380 0000000000000000
[mtlr]   out: 0000005a00000000 0000000000010000 0000000237129602 0000000000364de6
[mtlr] resource2 sel8 flags 470 sz 0x10000 -> kr 0x00000000 rid 91 GPUVA 0x10000710000 cpu 10b2f0000
[mtlr]   out: 0000010000710000 000000010b2f0000 0000000102748440 0000000000000000
[mtlr]   out: 0000005b00000000 0000000000010000 0000000237129605 0000000000364de7
[mtlr] resource2 sel8 flags 470 sz 0x10000 -> kr 0x00000000 rid 92 GPUVA 0x10000728000 cpu 10b300000
[mtlr]   out: 0000010000728000 000000010b300000 0000000102748500 0000000000000000
[mtlr]   out: 0000005c00000000 0000000000010000 0000000237129606 0000000000364de8
[mtlr] resource2 sel8 flags 470 sz 0x10000 -> kr 0x00000000 rid 93 GPUVA 0x10000740000 cpu 10b310000
[mtlr]   out: 0000010000740000 000000010b310000 00000001027485c0 0000000000000000
[mtlr]   out: 0000005d00000000 0000000000010000 0000000237129607 0000000000364de9
[mtlr] resource2 sel8 flags 470 sz 0x10000 -> kr 0x00000000 rid 94 GPUVA 0x10000758000 cpu 10b320000
[mtlr]   out: 0000010000758000 000000010b320000 0000000102748680 0000000000000000
[mtlr]   out: 0000005e00000000 0000000000010000 0000000237129608 0000000000364dea
[mtlr] resource2 sel8 flags 470 sz 0x10000 -> kr 0x00000000 rid 95 GPUVA 0x10000770000 cpu 10b330000
[mtlr]   out: 0000010000770000 000000010b330000 0000000102748740 0000000000000000
[mtlr]   out: 0000005f00000000 0000000000010000 0000000237129609 0000000000364deb
[mtlr] resource2 sel8 flags 470 sz 0x10000 -> kr 0x00000000 rid 96 GPUVA 0x10000788000 cpu 10b340000
[mtlr]   out: 0000010000788000 000000010b340000 0000000102748800 0000000000000000
[mtlr]   out: 0000006000000000 0000000000010000 000000023712960a 0000000000364dec
[mtlr] resource2 sel8 flags 470 sz 0x10000 -> kr 0x00000000 rid 97 GPUVA 0x100007a0000 cpu 10b350000
[mtlr]   out: 00000100007a0000 000000010b350000 00000001027488c0 0000000000000000
[mtlr]   out: 0000006100000000 0000000000010000 000000023712960b 0000000000364ded
[mtlr] resource2 sel8 flags 470 sz 0x10000 -> kr 0x00000000 rid 98 GPUVA 0x100007b8000 cpu 10b360000
[mtlr]   out: 00000100007b8000 000000010b360000 0000000102748980 0000000000000000
[mtlr]   out: 0000006200000000 0000000000010000 000000023712960c 0000000000364dee
[mtlr] resource2 sel8 flags 470 sz 0x10000 -> kr 0x00000000 rid 99 GPUVA 0x100007d0000 cpu 10b370000
[mtlr]   out: 00000100007d0000 000000010b370000 0000000102748a40 0000000000000000
[mtlr]   out: 0000006300000000 0000000000010000 000000023712960d 0000000000364def
[mtlr] resource2 sel8 flags 470 sz 0x10000 -> kr 0x00000000 rid 100 GPUVA 0x100007e8000 cpu 10b380000
[mtlr]   out: 00000100007e8000 000000010b380000 0000000102748b00 0000000000000000
[mtlr]   out: 0000006400000000 0000000000010000 000000023712960e 0000000000364df0
[mtlr] resource2 sel8 flags 470 sz 0x10000 -> kr 0x00000000 rid 101 GPUVA 0x10000800000 cpu 10b390000
[mtlr]   out: 0000010000800000 000000010b390000 0000000102748bc0 0000000000000000
[mtlr]   out: 0000006500000000 0000000000010000 000000023712960f 0000000000364df1
[mtlr] resource2 sel8 flags 470 sz 0x10000 -> kr 0x00000000 rid 102 GPUVA 0x10000818000 cpu 10b3a0000
[mtlr]   out: 0000010000818000 000000010b3a0000 0000000102748c80 0000000000000000
[mtlr]   out: 0000006600000000 0000000000010000 0000000237129610 0000000000364df2
[mtlr] resource2 sel8 flags 470 sz 0x10000 -> kr 0x00000000 rid 103 GPUVA 0x10000830000 cpu 10b3b0000
[mtlr]   out: 0000010000830000 000000010b3b0000 0000000102748d40 0000000000000000
[mtlr]   out: 0000006700000000 0000000000010000 0000000237129611 0000000000364df3
[mtlr] resource2 sel8 flags 470 sz 0x10000 -> kr 0x00000000 rid 104 GPUVA 0x10000848000 cpu 10b3c0000
[mtlr]   out: 0000010000848000 000000010b3c0000 0000000102748e00 0000000000000000
[mtlr]   out: 0000006800000000 0000000000010000 0000000237129612 0000000000364df4
[mtlr] resource2 sel8 flags 470 sz 0x10000 -> kr 0x00000000 rid 105 GPUVA 0x10000860000 cpu 10b3d0000
[mtlr]   out: 0000010000860000 000000010b3d0000 0000000102748ec0 0000000000000000
[mtlr]   out: 0000006900000000 0000000000010000 0000000237129613 0000000000364df5
[mtlr] resource2 sel8 flags 470 sz 0x10000 -> kr 0x00000000 rid 106 GPUVA 0x10000878000 cpu 10b3e0000
[mtlr]   out: 0000010000878000 000000010b3e0000 0000000102748f80 0000000000000000
[mtlr]   out: 0000006a00000000 0000000000010000 0000000237129614 0000000000364df6
[mtlr] resource2 sel8 flags 470 sz 0x10000 -> kr 0x00000000 rid 107 GPUVA 0x10000890000 cpu 10b3f0000
[mtlr]   out: 0000010000890000 000000010b3f0000 0000000102749040 0000000000000000
[mtlr]   out: 0000006b00000000 0000000000010000 0000000237129615 0000000000364df7
[mtlr] resource2 sel8 flags 470 sz 0x10000 -> kr 0x00000000 rid 108 GPUVA 0x100008a8000 cpu 10b400000
[mtlr]   out: 00000100008a8000 000000010b400000 0000000102749100 0000000000000000
[mtlr]   out: 0000006c00000000 0000000000010000 0000000237129616 0000000000364df8
[mtlr] resource2 sel8 flags 470 sz 0x10000 -> kr 0x00000000 rid 109 GPUVA 0x100008c0000 cpu 10b410000
[mtlr]   out: 00000100008c0000 000000010b410000 00000001027491c0 0000000000000000
[mtlr]   out: 0000006d00000000 0000000000010000 0000000237129617 0000000000364df9
[mtlr] resource2 sel8 flags 470 sz 0x10000 -> kr 0x00000000 rid 110 GPUVA 0x100008d8000 cpu 10b420000
[mtlr]   out: 00000100008d8000 000000010b420000 0000000102749280 0000000000000000
[mtlr]   out: 0000006e00000000 0000000000010000 0000000237129618 0000000000364dfa
[mtlr] resource2 sel8 flags 470 sz 0x10000 -> kr 0x00000000 rid 111 GPUVA 0x100008f0000 cpu 10b430000
[mtlr]   out: 00000100008f0000 000000010b430000 0000000102749340 0000000000000000
[mtlr]   out: 0000006f00000000 0000000000010000 0000000237129619 0000000000364dfb
[mtlr] resource2 sel8 flags 470 sz 0x10000 -> kr 0x00000000 rid 112 GPUVA 0x10000908000 cpu 10b440000
[mtlr]   out: 0000010000908000 000000010b440000 0000000102749400 0000000000000000
[mtlr]   out: 0000007000000000 0000000000010000 000000023712961a 0000000000364dfc
[mtlr] resource2 sel8 flags 470 sz 0x10000 -> kr 0x00000000 rid 113 GPUVA 0x10000920000 cpu 10b450000
[mtlr]   out: 0000010000920000 000000010b450000 00000001027494c0 0000000000000000
[mtlr]   out: 0000007100000000 0000000000010000 000000023712961b 0000000000364dfd
[mtlr] resource2 sel8 flags 470 sz 0x10000 -> kr 0x00000000 rid 114 GPUVA 0x10000938000 cpu 10b460000
[mtlr]   out: 0000010000938000 000000010b460000 0000000102749580 0000000000000000
[mtlr]   out: 0000007200000000 0000000000010000 000000023712961c 0000000000364dfe
[mtlr] resource2 sel8 flags 470 sz 0x10000 -> kr 0x00000000 rid 115 GPUVA 0x10000950000 cpu 10b470000
[mtlr]   out: 0000010000950000 000000010b470000 0000000102749640 0000000000000000
[mtlr]   out: 0000007300000000 0000000000010000 000000023712961d 0000000000364dff
[mtlr] resource2 sel8 flags 470 sz 0x10000 -> kr 0x00000000 rid 116 GPUVA 0x10000968000 cpu 10b480000
[mtlr]   out: 0000010000968000 000000010b480000 0000000102749700 0000000000000000
[mtlr]   out: 0000007400000000 0000000000010000 000000023712961e 0000000000364e00
[ptspray] r1 control: victim gpuva 0x10000640000 — 0/48 reclaimers landed on it (0 = reclaim path not exercised, result inconclusive)
[ptspray] r1 summary: 48 reclaimers | zero 48 | PTE-shaped 0 | data/unknown 0 | (no PT content reachable)
[mtlr] resource2 sel8 flags 470 sz 0x1000 -> kr 0x00000000 rid 117 GPUVA 0x10000980000 cpu 1073f8000
[mtlr]   out: 0000010000980000 00000001073f8000 00000001027497c0 0000000000000000
[mtlr]   out: 0000007500000000 0000000000004000 000000023712961f 0000000000364e01
[mtlr] resource2 sel8 flags 470 sz 0x1000 -> kr 0x00000000 rid 118 GPUVA 0x10000988000 cpu 1073fc000
[mtlr]   out: 0000010000988000 00000001073fc000 0000000102749880 0000000000000000
[mtlr]   out: 0000007600000000 0000000000004000 0000000237129620 0000000000364e02
[mtlr] resource2 sel8 flags 470 sz 0x1000 -> kr 0x00000000 rid 119 GPUVA 0x10000990000 cpu 10b490000
[mtlr]   out: 0000010000990000 000000010b490000 0000000102749940 0000000000000000
[mtlr]   out: 0000007700000000 0000000000004000 0000000237129621 0000000000364e03
[mtlr] resource2 sel8 flags 470 sz 0x1000 -> kr 0x00000000 rid 120 GPUVA 0x10000998000 cpu 10b494000
[mtlr]   out: 0000010000998000 000000010b494000 0000000102749a00 0000000000000000
[mtlr]   out: 0000007800000000 0000000000004000 0000000237129622 0000000000364e04
[mtlr] resource2 sel8 flags 470 sz 0x1000 -> kr 0x00000000 rid 121 GPUVA 0x100009a0000 cpu 10b498000
[mtlr]   out: 00000100009a0000 000000010b498000 0000000102749ac0 0000000000000000
[mtlr]   out: 0000007900000000 0000000000004000 0000000237129623 0000000000364e05
[mtlr] resource2 sel8 flags 470 sz 0x1000 -> kr 0x00000000 rid 122 GPUVA 0x100009a8000 cpu 10b49c000
[mtlr]   out: 00000100009a8000 000000010b49c000 0000000102749b80 0000000000000000
[mtlr]   out: 0000007a00000000 0000000000004000 0000000237129624 0000000000364e06
[mtlr] resource2 sel8 flags 470 sz 0x1000 -> kr 0x00000000 rid 123 GPUVA 0x100009b0000 cpu 10b4a0000
[mtlr]   out: 00000100009b0000 000000010b4a0000 0000000102749c40 0000000000000000
[mtlr]   out: 0000007b00000000 0000000000004000 0000000237129625 0000000000364e07
[mtlr] resource2 sel8 flags 470 sz 0x1000 -> kr 0x00000000 rid 124 GPUVA 0x100009b8000 cpu 10b4a4000
[mtlr]   out: 00000100009b8000 000000010b4a4000 0000000102749d00 0000000000000000
[mtlr]   out: 0000007c00000000 0000000000004000 0000000237129626 0000000000364e08
[mtlr] resource2 sel8 flags 470 sz 0x1000 -> kr 0x00000000 rid 125 GPUVA 0x100009c0000 cpu 10b4a8000
[mtlr]   out: 00000100009c0000 000000010b4a8000 0000000102749dc0 0000000000000000
[mtlr]   out: 0000007d00000000 0000000000004000 0000000237129627 0000000000364e09
[mtlr] resource2 sel8 flags 470 sz 0x1000 -> kr 0x00000000 rid 126 GPUVA 0x100009c8000 cpu 10b4ac000
[mtlr]   out: 00000100009c8000 000000010b4ac000 0000000102749e80 0000000000000000
[mtlr]   out: 0000007e00000000 0000000000004000 0000000237129628 0000000000364e0a
[mtlr] resource2 sel8 flags 470 sz 0x1000 -> kr 0x00000000 rid 127 GPUVA 0x100009d0000 cpu 10b4b0000
[mtlr]   out: 00000100009d0000 000000010b4b0000 0000000102749f40 0000000000000000
[mtlr]   out: 0000007f00000000 0000000000004000 0000000237129629 0000000000364e0b
[mtlr] resource2 sel8 flags 470 sz 0x1000 -> kr 0x00000000 rid 128 GPUVA 0x100009d8000 cpu 10b4b4000
[mtlr]   out: 00000100009d8000 000000010b4b4000 000000010274a000 0000000000000000
[mtlr]   out: 0000008000000000 0000000000004000 000000023712962a 0000000000364e0c
[mtlr] resource2 sel8 flags 470 sz 0x1000 -> kr 0x00000000 rid 129 GPUVA 0x100009e0000 cpu 10b4b8000
[mtlr]   out: 00000100009e0000 000000010b4b8000 000000010274a0c0 0000000000000000
[mtlr]   out: 0000008100000000 0000000000004000 000000023712962b 0000000000364e0d
[mtlr] resource2 sel8 flags 470 sz 0x1000 -> kr 0x00000000 rid 130 GPUVA 0x100009e8000 cpu 10b4bc000
[mtlr]   out: 00000100009e8000 000000010b4bc000 000000010274a180 0000000000000000
[mtlr]   out: 0000008200000000 0000000000004000 000000023712962c 0000000000364e0e
[mtlr] resource2 sel8 flags 470 sz 0x1000 -> kr 0x00000000 rid 131 GPUVA 0x100009f0000 cpu 10b4c0000
[mtlr]   out: 00000100009f0000 000000010b4c0000 000000010274a240 0000000000000000
[mtlr]   out: 0000008300000000 0000000000004000 000000023712962d 0000000000364e0f
[mtlr] resource2 sel8 flags 470 sz 0x1000 -> kr 0x00000000 rid 132 GPUVA 0x100009f8000 cpu 10b4c4000
[mtlr]   out: 00000100009f8000 000000010b4c4000 000000010274a300 0000000000000000
[mtlr]   out: 0000008400000000 0000000000004000 000000023712962e 0000000000364e10
[mtlr] resource2 sel8 flags 470 sz 0x1000 -> kr 0x00000000 rid 133 GPUVA 0x10000a00000 cpu 10b4c8000
[mtlr]   out: 0000010000a00000 000000010b4c8000 000000010274a3c0 0000000000000000
[mtlr]   out: 0000008500000000 0000000000004000 000000023712962f 0000000000364e11
[mtlr] resource2 sel8 flags 470 sz 0x1000 -> kr 0x00000000 rid 134 GPUVA 0x10000a08000 cpu 10b4cc000
[mtlr]   out: 0000010000a08000 000000010b4cc000 000000010274a480 0000000000000000
[mtlr]   out: 0000008600000000 0000000000004000 0000000237129630 0000000000364e12
[mtlr] resource2 sel8 flags 470 sz 0x1000 -> kr 0x00000000 rid 135 GPUVA 0x10000a10000 cpu 10b4d0000
[mtlr]   out: 0000010000a10000 000000010b4d0000 000000010274a540 0000000000000000
[mtlr]   out: 0000008700000000 0000000000004000 0000000237129631 0000000000364e13
[mtlr] resource2 sel8 flags 470 sz 0x1000 -> kr 0x00000000 rid 136 GPUVA 0x10000a18000 cpu 10b4d4000
[mtlr]   out: 0000010000a18000 000000010b4d4000 000000010274a600 0000000000000000
[mtlr]   out: 0000008800000000 0000000000004000 0000000237129632 0000000000364e14
[mtlr] resource2 sel8 flags 470 sz 0x1000 -> kr 0x00000000 rid 137 GPUVA 0x10000a20000 cpu 10b4d8000
[mtlr]   out: 0000010000a20000 000000010b4d8000 000000010274a6c0 0000000000000000
[mtlr]   out: 0000008900000000 0000000000004000 0000000237129633 0000000000364e15
[mtlr] resource2 sel8 flags 470 sz 0x1000 -> kr 0x00000000 rid 138 GPUVA 0x10000a28000 cpu 10b4dc000
[mtlr]   out: 0000010000a28000 000000010b4dc000 000000010274a780 0000000000000000
[mtlr]   out: 0000008a00000000 0000000000004000 0000000237129634 0000000000364e16
[mtlr] resource2 sel8 flags 470 sz 0x1000 -> kr 0x00000000 rid 139 GPUVA 0x10000a30000 cpu 10b4e0000
[mtlr]   out: 0000010000a30000 000000010b4e0000 000000010274a840 0000000000000000
[mtlr]   out: 0000008b00000000 0000000000004000 0000000237129637 0000000000364e17
[mtlr] resource2 sel8 flags 470 sz 0x1000 -> kr 0x00000000 rid 140 GPUVA 0x10000a38000 cpu 10b4e4000
[mtlr]   out: 0000010000a38000 000000010b4e4000 000000010274a900 0000000000000000
[mtlr]   out: 0000008c00000000 0000000000004000 0000000237129638 0000000000364e18
[mtlr] resource2 sel8 flags 470 sz 0x1000 -> kr 0x00000000 rid 141 GPUVA 0x10000a40000 cpu 10b4e8000
[mtlr]   out: 0000010000a40000 000000010b4e8000 000000010274a9c0 0000000000000000
[mtlr]   out: 0000008d00000000 0000000000004000 0000000237129639 0000000000364e19
[mtlr] resource2 sel8 flags 470 sz 0x1000 -> kr 0x00000000 rid 142 GPUVA 0x10000a48000 cpu 10b4ec000
[mtlr]   out: 0000010000a48000 000000010b4ec000 000000010274aa80 0000000000000000
[mtlr]   out: 0000008e00000000 0000000000004000 000000023712963a 0000000000364e1a
[mtlr] resource2 sel8 flags 470 sz 0x1000 -> kr 0x00000000 rid 143 GPUVA 0x10000a50000 cpu 10b4f0000
[mtlr]   out: 0000010000a50000 000000010b4f0000 000000010274ab40 0000000000000000
[mtlr]   out: 0000008f00000000 0000000000004000 000000023712963b 0000000000364e1b
[mtlr] resource2 sel8 flags 470 sz 0x1000 -> kr 0x00000000 rid 144 GPUVA 0x10000a58000 cpu 10b4f4000
[mtlr]   out: 0000010000a58000 000000010b4f4000 000000010274ac00 0000000000000000
[mtlr]   out: 0000009000000000 0000000000004000 000000023712963c 0000000000364e1c
[mtlr] resource2 sel8 flags 470 sz 0x1000 -> kr 0x00000000 rid 145 GPUVA 0x10000a60000 cpu 10b4f8000
[mtlr]   out: 0000010000a60000 000000010b4f8000 000000010274acc0 0000000000000000
[mtlr]   out: 0000009100000000 0000000000004000 000000023712963f 0000000000364e1d
[mtlr] resource2 sel8 flags 470 sz 0x1000 -> kr 0x00000000 rid 146 GPUVA 0x10000a68000 cpu 10b4fc000
[mtlr]   out: 0000010000a68000 000000010b4fc000 000000010274ad80 0000000000000000
[mtlr]   out: 0000009200000000 0000000000004000 0000000237129640 0000000000364e1e
[mtlr] resource2 sel8 flags 470 sz 0x1000 -> kr 0x00000000 rid 147 GPUVA 0x10000a70000 cpu 10b500000
[mtlr]   out: 0000010000a70000 000000010b500000 000000010274ae40 0000000000000000
[mtlr]   out: 0000009300000000 0000000000004000 0000000237129641 0000000000364e1f
[mtlr] resource2 sel8 flags 470 sz 0x1000 -> kr 0x00000000 rid 148 GPUVA 0x10000a78000 cpu 10b504000
[mtlr]   out: 0000010000a78000 000000010b504000 000000010274af00 0000000000000000
[mtlr]   out: 0000009400000000 0000000000004000 0000000237129642 0000000000364e20
[mtlr] resource2 sel8 flags 470 sz 0x1000 -> kr 0x00000000 rid 149 GPUVA 0x10000a80000 cpu 10b508000
[mtlr]   out: 0000010000a80000 000000010b508000 000000010274afc0 0000000000000000
[mtlr]   out: 0000009500000000 0000000000004000 0000000237129643 0000000000364e21
[mtlr] resource2 sel8 flags 470 sz 0x1000 -> kr 0x00000000 rid 150 GPUVA 0x10000a88000 cpu 10b50c000
[mtlr]   out: 0000010000a88000 000000010b50c000 000000010274b080 0000000000000000
[mtlr]   out: 0000009600000000 0000000000004000 0000000237129644 0000000000364e22
[mtlr] resource2 sel8 flags 470 sz 0x1000 -> kr 0x00000000 rid 151 GPUVA 0x10000a90000 cpu 10b510000
[mtlr]   out: 0000010000a90000 000000010b510000 000000010274b140 0000000000000000
[mtlr]   out: 0000009700000000 0000000000004000 0000000237129645 0000000000364e23
[mtlr] resource2 sel8 flags 470 sz 0x1000 -> kr 0x00000000 rid 152 GPUVA 0x10000a98000 cpu 10b514000
[mtlr]   out: 0000010000a98000 000000010b514000 000000010274b200 0000000000000000
[mtlr]   out: 0000009800000000 0000000000004000 0000000237129648 0000000000364e24
[mtlr] resource2 sel8 flags 470 sz 0x1000 -> kr 0x00000000 rid 153 GPUVA 0x10000aa0000 cpu 10b518000
[mtlr]   out: 0000010000aa0000 000000010b518000 000000010274b2c0 0000000000000000
[mtlr]   out: 0000009900000000 0000000000004000 000000023712964c 0000000000364e25
[mtlr] resource2 sel8 flags 470 sz 0x1000 -> kr 0x00000000 rid 154 GPUVA 0x10000aa8000 cpu 10b51c000
[mtlr]   out: 0000010000aa8000 000000010b51c000 000000010274b380 0000000000000000
[mtlr]   out: 0000009a00000000 0000000000004000 000000023712964d 0000000000364e26
[mtlr] resource2 sel8 flags 470 sz 0x1000 -> kr 0x00000000 rid 155 GPUVA 0x10000ab0000 cpu 10b520000
[mtlr]   out: 0000010000ab0000 000000010b520000 000000010274b440 0000000000000000
[mtlr]   out: 0000009b00000000 0000000000004000 0000000237129652 0000000000364e27
[mtlr] resource2 sel8 flags 470 sz 0x1000 -> kr 0x00000000 rid 156 GPUVA 0x10000ab8000 cpu 10b524000
[mtlr]   out: 0000010000ab8000 000000010b524000 000000010274b500 0000000000000000
[mtlr]   out: 0000009c00000000 0000000000004000 0000000237129655 0000000000364e28
[mtlr] resource2 sel8 flags 470 sz 0x10000 -> kr 0x00000000 rid 157 GPUVA 0x10000ac0000 cpu 10b528000
[mtlr]   out: 0000010000ac0000 000000010b528000 000000010274b5c0 0000000000000000
[mtlr]   out: 0000009d00000000 0000000000010000 0000000237129658 0000000000364e29
[ptspray] r2: victim rid 157 gpuva 0x10000ac0000 cpu 0x10b528000 (40 junk ready)
[ptspray] r2: destroy kr 0x00000000 + 40 junk => AGXUAT::process (PT pages -> pool0/pool1, unsrubbed)
[mtlr] resource2 sel8 flags 470 sz 0x10000 -> kr 0x00000000 rid 117 GPUVA 0x10000980000 cpu 10b490000
[mtlr]   out: 0000010000980000 000000010b490000 00000001027497c0 0000000000000000
[mtlr]   out: 0000007500000000 0000000000010000 000000023712965b 0000000000364e2a
[mtlr] resource2 sel8 flags 470 sz 0x10000 -> kr 0x00000000 rid 118 GPUVA 0x10000998000 cpu 10b4a0000
[mtlr]   out: 0000010000998000 000000010b4a0000 0000000102749880 0000000000000000
[mtlr]   out: 0000007600000000 0000000000010000 000000023712965c 0000000000364e2b
[mtlr] resource2 sel8 flags 470 sz 0x10000 -> kr 0x00000000 rid 119 GPUVA 0x100009b0000 cpu 10b4b0000
[mtlr]   out: 00000100009b0000 000000010b4b0000 0000000102749940 0000000000000000
[mtlr]   out: 0000007700000000 0000000000010000 000000023712965d 0000000000364e2c
[mtlr] resource2 sel8 flags 470 sz 0x10000 -> kr 0x00000000 rid 120 GPUVA 0x100009c8000 cpu 10b4c0000
[mtlr]   out: 00000100009c8000 000000010b4c0000 0000000102749a00 0000000000000000
[mtlr]   out: 0000007800000000 0000000000010000 000000023712965e 0000000000364e2d
[mtlr] resource2 sel8 flags 470 sz 0x10000 -> kr 0x00000000 rid 121 GPUVA 0x100009e0000 cpu 10b4d0000
[mtlr]   out: 00000100009e0000 000000010b4d0000 0000000102749ac0 0000000000000000
[mtlr]   out: 0000007900000000 0000000000010000 000000023712965f 0000000000364e2e
[mtlr] resource2 sel8 flags 470 sz 0x10000 -> kr 0x00000000 rid 122 GPUVA 0x100009f8000 cpu 10b4e0000
[mtlr]   out: 00000100009f8000 000000010b4e0000 0000000102749b80 0000000000000000
[mtlr]   out: 0000007a00000000 0000000000010000 0000000237129660 0000000000364e2f
[mtlr] resource2 sel8 flags 470 sz 0x10000 -> kr 0x00000000 rid 123 GPUVA 0x10000a10000 cpu 10b4f0000
[mtlr]   out: 0000010000a10000 000000010b4f0000 0000000102749c40 0000000000000000
[mtlr]   out: 0000007b00000000 0000000000010000 0000000237129661 0000000000364e30
[mtlr] resource2 sel8 flags 470 sz 0x10000 -> kr 0x00000000 rid 124 GPUVA 0x10000a28000 cpu 10b500000
[mtlr]   out: 0000010000a28000 000000010b500000 0000000102749d00 0000000000000000
[mtlr]   out: 0000007c00000000 0000000000010000 0000000237129662 0000000000364e31
[mtlr] resource2 sel8 flags 470 sz 0x10000 -> kr 0x00000000 rid 125 GPUVA 0x10000a40000 cpu 10b510000
[mtlr]   out: 0000010000a40000 000000010b510000 0000000102749dc0 0000000000000000
[mtlr]   out: 0000007d00000000 0000000000010000 0000000237129663 0000000000364e32
[mtlr] resource2 sel8 flags 470 sz 0x10000 -> kr 0x00000000 rid 126 GPUVA 0x10000a58000 cpu 10b520000
[mtlr]   out: 0000010000a58000 000000010b520000 0000000102749e80 0000000000000000
[mtlr]   out: 0000007e00000000 0000000000010000 0000000237129664 0000000000364e33
[mtlr] resource2 sel8 flags 470 sz 0x10000 -> kr 0x00000000 rid 127 GPUVA 0x10000a70000 cpu 10b530000
[mtlr]   out: 0000010000a70000 000000010b530000 0000000102749f40 0000000000000000
[mtlr]   out: 0000007f00000000 0000000000010000 0000000237129665 0000000000364e34
[mtlr] resource2 sel8 flags 470 sz 0x10000 -> kr 0x00000000 rid 128 GPUVA 0x10000a88000 cpu 10b540000
[mtlr]   out: 0000010000a88000 000000010b540000 000000010274a000 0000000000000000
[mtlr]   out: 0000008000000000 0000000000010000 0000000237129666 0000000000364e35
[mtlr] resource2 sel8 flags 470 sz 0x10000 -> kr 0x00000000 rid 129 GPUVA 0x10000aa0000 cpu 10b550000
[mtlr]   out: 0000010000aa0000 000000010b550000 000000010274a0c0 0000000000000000
[mtlr]   out: 0000008100000000 0000000000010000 0000000237129667 0000000000364e36
[mtlr] resource2 sel8 flags 470 sz 0x10000 -> kr 0x00000000 rid 130 GPUVA 0x10000ab8000 cpu 10b560000
[mtlr]   out: 0000010000ab8000 000000010b560000 000000010274a180 0000000000000000
[mtlr]   out: 0000008200000000 0000000000010000 0000000237129668 0000000000364e37
[mtlr] resource2 sel8 flags 470 sz 0x10000 -> kr 0x00000000 rid 131 GPUVA 0x10000ad0000 cpu 10b570000
[mtlr]   out: 0000010000ad0000 000000010b570000 000000010274a240 0000000000000000
[mtlr]   out: 0000008300000000 0000000000010000 0000000237129669 0000000000364e38
[mtlr] resource2 sel8 flags 470 sz 0x10000 -> kr 0x00000000 rid 132 GPUVA 0x10000ae8000 cpu 10b580000
[mtlr]   out: 0000010000ae8000 000000010b580000 000000010274a300 0000000000000000
[mtlr]   out: 0000008400000000 0000000000010000 000000023712966a 0000000000364e39
[mtlr] resource2 sel8 flags 470 sz 0x10000 -> kr 0x00000000 rid 133 GPUVA 0x10000b00000 cpu 10b590000
[mtlr]   out: 0000010000b00000 000000010b590000 000000010274a3c0 0000000000000000
[mtlr]   out: 0000008500000000 0000000000010000 000000023712966b 0000000000364e3a
[mtlr] resource2 sel8 flags 470 sz 0x10000 -> kr 0x00000000 rid 134 GPUVA 0x10000b18000 cpu 10b5a0000
[mtlr]   out: 0000010000b18000 000000010b5a0000 000000010274a480 0000000000000000
[mtlr]   out: 0000008600000000 0000000000010000 000000023712966c 0000000000364e3b
[mtlr] resource2 sel8 flags 470 sz 0x10000 -> kr 0x00000000 rid 135 GPUVA 0x10000b30000 cpu 10b5b0000
[mtlr]   out: 0000010000b30000 000000010b5b0000 000000010274a540 0000000000000000
[mtlr]   out: 0000008700000000 0000000000010000 0000000237129671 0000000000364e3f
[mtlr] resource2 sel8 flags 470 sz 0x10000 -> kr 0x00000000 rid 136 GPUVA 0x10000b48000 cpu 10b5c0000
[mtlr]   out: 0000010000b48000 000000010b5c0000 000000010274a600 0000000000000000
[mtlr]   out: 0000008800000000 0000000000010000 0000000237129672 0000000000364e40
[mtlr] resource2 sel8 flags 470 sz 0x10000 -> kr 0x00000000 rid 137 GPUVA 0x10000b60000 cpu 10b5d0000
[mtlr]   out: 0000010000b60000 000000010b5d0000 000000010274a6c0 0000000000000000
[mtlr]   out: 0000008900000000 0000000000010000 0000000237129673 0000000000364e41
[mtlr] resource2 sel8 flags 470 sz 0x10000 -> kr 0x00000000 rid 138 GPUVA 0x10000b78000 cpu 10b5e0000
[mtlr]   out: 0000010000b78000 000000010b5e0000 000000010274a780 0000000000000000
[mtlr]   out: 0000008a00000000 0000000000010000 0000000237129674 0000000000364e42
[mtlr] resource2 sel8 flags 470 sz 0x10000 -> kr 0x00000000 rid 139 GPUVA 0x10000b90000 cpu 10b5f0000
[mtlr]   out: 0000010000b90000 000000010b5f0000 000000010274a840 0000000000000000
[mtlr]   out: 0000008b00000000 0000000000010000 0000000237129675 0000000000364e43
[mtlr] resource2 sel8 flags 470 sz 0x10000 -> kr 0x00000000 rid 140 GPUVA 0x10000ba8000 cpu 10b600000
[mtlr]   out: 0000010000ba8000 000000010b600000 000000010274a900 0000000000000000
[mtlr]   out: 0000008c00000000 0000000000010000 0000000237129676 0000000000364e44
[mtlr] resource2 sel8 flags 470 sz 0x10000 -> kr 0x00000000 rid 141 GPUVA 0x10000bc0000 cpu 10b610000
[mtlr]   out: 0000010000bc0000 000000010b610000 000000010274a9c0 0000000000000000
[mtlr]   out: 0000008d00000000 0000000000010000 0000000237129677 0000000000364e45
[mtlr] resource2 sel8 flags 470 sz 0x10000 -> kr 0x00000000 rid 142 GPUVA 0x10000bd8000 cpu 10b620000
[mtlr]   out: 0000010000bd8000 000000010b620000 000000010274aa80 0000000000000000
[mtlr]   out: 0000008e00000000 0000000000010000 0000000237129678 0000000000364e46
[mtlr] resource2 sel8 flags 470 sz 0x10000 -> kr 0x00000000 rid 143 GPUVA 0x10000bf0000 cpu 10b630000
[mtlr]   out: 0000010000bf0000 000000010b630000 000000010274ab40 0000000000000000
[mtlr]   out: 0000008f00000000 0000000000010000 0000000237129679 0000000000364e47
[mtlr] resource2 sel8 flags 470 sz 0x10000 -> kr 0x00000000 rid 144 GPUVA 0x10000c08000 cpu 10b640000
[mtlr]   out: 0000010000c08000 000000010b640000 000000010274ac00 0000000000000000
[mtlr]   out: 0000009000000000 0000000000010000 000000023712967a 0000000000364e48
[mtlr] resource2 sel8 flags 470 sz 0x10000 -> kr 0x00000000 rid 145 GPUVA 0x10000c20000 cpu 10b650000
[mtlr]   out: 0000010000c20000 000000010b650000 000000010274acc0 0000000000000000
[mtlr]   out: 0000009100000000 0000000000010000 000000023712967d 0000000000364e49
[mtlr] resource2 sel8 flags 470 sz 0x10000 -> kr 0x00000000 rid 146 GPUVA 0x10000c38000 cpu 10b660000
[mtlr]   out: 0000010000c38000 000000010b660000 000000010274ad80 0000000000000000
[mtlr]   out: 0000009200000000 0000000000010000 000000023712967e 0000000000364e4a
[mtlr] resource2 sel8 flags 470 sz 0x10000 -> kr 0x00000000 rid 147 GPUVA 0x10000c50000 cpu 10b670000
[mtlr]   out: 0000010000c50000 000000010b670000 000000010274ae40 0000000000000000
[mtlr]   out: 0000009300000000 0000000000010000 000000023712967f 0000000000364e4b
[mtlr] resource2 sel8 flags 470 sz 0x10000 -> kr 0x00000000 rid 148 GPUVA 0x10000c68000 cpu 10b680000
[mtlr]   out: 0000010000c68000 000000010b680000 000000010274af00 0000000000000000
[mtlr]   out: 0000009400000000 0000000000010000 0000000237129682 0000000000364e4e
[mtlr] resource2 sel8 flags 470 sz 0x10000 -> kr 0x00000000 rid 149 GPUVA 0x10000c80000 cpu 10b690000
[mtlr]   out: 0000010000c80000 000000010b690000 000000010274afc0 0000000000000000
[mtlr]   out: 0000009500000000 0000000000010000 0000000237129683 0000000000364e4f
[mtlr] resource2 sel8 flags 470 sz 0x10000 -> kr 0x00000000 rid 150 GPUVA 0x10000c98000 cpu 10b6a0000
[mtlr]   out: 0000010000c98000 000000010b6a0000 000000010274b080 0000000000000000
[mtlr]   out: 0000009600000000 0000000000010000 0000000237129684 0000000000364e50
[mtlr] resource2 sel8 flags 470 sz 0x10000 -> kr 0x00000000 rid 151 GPUVA 0x10000cb0000 cpu 10b6b0000
[mtlr]   out: 0000010000cb0000 000000010b6b0000 000000010274b140 0000000000000000
[mtlr]   out: 0000009700000000 0000000000010000 0000000237129685 0000000000364e51
[mtlr] resource2 sel8 flags 470 sz 0x10000 -> kr 0x00000000 rid 152 GPUVA 0x10000cc8000 cpu 10b6c0000
[mtlr]   out: 0000010000cc8000 000000010b6c0000 000000010274b200 0000000000000000
[mtlr]   out: 0000009800000000 0000000000010000 0000000237129686 0000000000364e52
[mtlr] resource2 sel8 flags 470 sz 0x10000 -> kr 0x00000000 rid 153 GPUVA 0x10000ce0000 cpu 10b6d0000
[mtlr]   out: 0000010000ce0000 000000010b6d0000 000000010274b2c0 0000000000000000
[mtlr]   out: 0000009900000000 0000000000010000 0000000237129687 0000000000364e53
[mtlr] resource2 sel8 flags 470 sz 0x10000 -> kr 0x00000000 rid 154 GPUVA 0x10000cf8000 cpu 10b6e0000
[mtlr]   out: 0000010000cf8000 000000010b6e0000 000000010274b380 0000000000000000
[mtlr]   out: 0000009a00000000 0000000000010000 0000000237129688 0000000000364e54
[mtlr] resource2 sel8 flags 470 sz 0x10000 -> kr 0x00000000 rid 155 GPUVA 0x10000d10000 cpu 10b6f0000
[mtlr]   out: 0000010000d10000 000000010b6f0000 000000010274b440 0000000000000000
[mtlr]   out: 0000009b00000000 0000000000010000 0000000237129689 0000000000364e55
[mtlr] resource2 sel8 flags 470 sz 0x10000 -> kr 0x00000000 rid 156 GPUVA 0x10000d28000 cpu 10b700000
[mtlr]   out: 0000010000d28000 000000010b700000 000000010274b500 0000000000000000
[mtlr]   out: 0000009c00000000 0000000000010000 000000023712968a 0000000000364e56
[mtlr] resource2 sel8 flags 470 sz 0x10000 -> kr 0x00000000 rid 157 GPUVA 0x10000d40000 cpu 10b710000
[mtlr]   out: 0000010000d40000 000000010b710000 000000010274b5c0 0000000000000000
[mtlr]   out: 0000009d00000000 0000000000010000 000000023712968b 0000000000364e57
[mtlr] resource2 sel8 flags 470 sz 0x10000 -> kr 0x00000000 rid 158 GPUVA 0x10000d58000 cpu 10b720000
[mtlr]   out: 0000010000d58000 000000010b720000 000000010274b680 0000000000000000
[mtlr]   out: 0000009e00000000 0000000000010000 000000023712968c 0000000000364e58
[mtlr] resource2 sel8 flags 470 sz 0x10000 -> kr 0x00000000 rid 159 GPUVA 0x10000d70000 cpu 10b730000
[mtlr]   out: 0000010000d70000 000000010b730000 000000010274b740 0000000000000000
[mtlr]   out: 0000009f00000000 0000000000010000 000000023712968d 0000000000364e59
[mtlr] resource2 sel8 flags 470 sz 0x10000 -> kr 0x00000000 rid 160 GPUVA 0x10000d88000 cpu 10b740000
[mtlr]   out: 0000010000d88000 000000010b740000 000000010274b800 0000000000000000
[mtlr]   out: 000000a000000000 0000000000010000 000000023712968e 0000000000364e5a
[mtlr] resource2 sel8 flags 470 sz 0x10000 -> kr 0x00000000 rid 161 GPUVA 0x10000da0000 cpu 10b750000
[mtlr]   out: 0000010000da0000 000000010b750000 000000010274b8c0 0000000000000000
[mtlr]   out: 000000a100000000 0000000000010000 000000023712968f 0000000000364e5b
[mtlr] resource2 sel8 flags 470 sz 0x10000 -> kr 0x00000000 rid 162 GPUVA 0x10000db8000 cpu 10b760000
[mtlr]   out: 0000010000db8000 000000010b760000 000000010274b980 0000000000000000
[mtlr]   out: 000000a200000000 0000000000010000 0000000237129690 0000000000364e5c
[mtlr] resource2 sel8 flags 470 sz 0x10000 -> kr 0x00000000 rid 163 GPUVA 0x10000dd0000 cpu 10b770000
[mtlr]   out: 0000010000dd0000 000000010b770000 000000010274ba40 0000000000000000
[mtlr]   out: 000000a300000000 0000000000010000 0000000237129691 0000000000364e5d
[mtlr] resource2 sel8 flags 470 sz 0x10000 -> kr 0x00000000 rid 164 GPUVA 0x10000de8000 cpu 10b780000
[mtlr]   out: 0000010000de8000 000000010b780000 000000010274bb00 0000000000000000
[mtlr]   out: 000000a400000000 0000000000010000 0000000237129692 0000000000364e5e
[ptspray] r2 control: victim gpuva 0x10000ac0000 — 0/48 reclaimers landed on it (0 = reclaim path not exercised, result inconclusive)
[ptspray] r2 summary: 48 reclaimers | zero 48 | PTE-shaped 0 | data/unknown 0 | (no PT content reachable)
[ptspray] done (alive)
[probe13] ptspray-only mode, stop
