[main] fuzz harness up, mode=scaler
[main] sandbox note: VCPDRM open is MACF-denied (iokit-open-user-client VCPDRMUserClient); mach-lookup com.apple.sprr / com.apple.jitbox exist but are sandbox-gated (seen in kernel log)
[open] AppleM2ScalerCSCDriver -> conn 0x5903
[scaler] conn 0x5903, s1 12 s2 13
[probe12] SetNotificationPort -> 0x00000000
[uatrec] v111 step 5 delay 0ms
[open] IOGPU -> conn 0x5b03
[uatrec] mconn 0x6c03 ourc 0x5b03
[uatrec] S5 OOL-reclaim: 4 rounds, cong 24, 128 msgs x 64KB (0x43), delay 0ms
[mtlr] resource2 sel8 flags 470 sz 0x10000 -> kr 0x00000000 rid 311 GPUVA 0x10002c90000 cpu 10ddc8000
[mtlr]   out: 0000010002c90000 000000010ddc8000 000000010dbb6940 0000000000000000
[mtlr]   out: 0000013700000000 0000000000010000 00000000142344c0 00000000000053c8
[uatrec] S5 r0: victim rid 311 gv 0x10002c90000 slots 12 ridpatch 1 — commit, destroy+flush
[mtlr] resource2 sel8 flags 470 sz 0x1000 -> kr 0x00000000 rid 311 GPUVA 0x10002d58000 cpu 10dedc000
[mtlr]   out: 0000010002d58000 000000010dedc000 000000010dbb7480 0000000000000000
[mtlr]   out: 0000013700000000 0000000000004000 0000000014234621 0000000000005410
[mtlr] resource2 sel8 flags 470 sz 0x1000 -> kr 0x00000000 rid 311 GPUVA 0x10002d58000 cpu 10dedc000
[mtlr]   out: 0000010002d58000 000000010dedc000 000000010dbb7480 0000000000000000
[mtlr]   out: 0000013700000000 0000000000004000 0000000014234622 0000000000005411
[mtlr] resource2 sel8 flags 470 sz 0x1000 -> kr 0x00000000 rid 311 GPUVA 0x10002d58000 cpu 10dedc000
[mtlr]   out: 0000010002d58000 000000010dedc000 000000010dbb7480 0000000000000000
[mtlr]   out: 0000013700000000 0000000000004000 0000000014234623 0000000000005412
[mtlr] resource2 sel8 flags 470 sz 0x1000 -> kr 0x00000000 rid 311 GPUVA 0x10002d58000 cpu 10dedc000
[mtlr]   out: 0000010002d58000 000000010dedc000 000000010dbb7480 0000000000000000
[mtlr]   out: 0000013700000000 0000000000004000 0000000014234624 0000000000005413
[mtlr] resource2 sel8 flags 470 sz 0x1000 -> kr 0x00000000 rid 311 GPUVA 0x10002d58000 cpu 10dedc000
[mtlr]   out: 0000010002d58000 000000010dedc000 000000010dbb7480 0000000000000000
[mtlr]   out: 0000013700000000 0000000000004000 0000000014234625 0000000000005414
[mtlr] resource2 sel8 flags 470 sz 0x1000 -> kr 0x00000000 rid 311 GPUVA 0x10002d58000 cpu 10dedc000
[mtlr]   out: 0000010002d58000 000000010dedc000 000000010dbb7480 0000000000000000
[mtlr]   out: 0000013700000000 0000000000004000 0000000014234626 0000000000005415
[mtlr] resource2 sel8 flags 470 sz 0x1000 -> kr 0x00000000 rid 311 GPUVA 0x10002d58000 cpu 10dedc000
[mtlr]   out: 0000010002d58000 000000010dedc000 000000010dbb7480 0000000000000000
[mtlr]   out: 0000013700000000 0000000000004000 0000000014234627 0000000000005416
[mtlr] resource2 sel8 flags 470 sz 0x1000 -> kr 0x00000000 rid 311 GPUVA 0x10002d58000 cpu 10dedc000
[mtlr]   out: 0000010002d58000 000000010dedc000 000000010dbb7480 0000000000000000
[mtlr]   out: 0000013700000000 0000000000004000 0000000014234628 0000000000005417
[mtlr] resource2 sel8 flags 470 sz 0x1000 -> kr 0x00000000 rid 311 GPUVA 0x10002d58000 cpu 10dedc000
[mtlr]   out: 0000010002d58000 000000010dedc000 000000010dbb7480 0000000000000000
[mtlr]   out: 0000013700000000 0000000000004000 0000000014234629 0000000000005418
[mtlr] resource2 sel8 flags 470 sz 0x1000 -> kr 0x00000000 rid 311 GPUVA 0x10002d58000 cpu 10dedc000
[mtlr]   out: 0000010002d58000 000000010dedc000 000000010dbb7480 0000000000000000
[mtlr]   out: 0000013700000000 0000000000004000 000000001423462a 0000000000005419
[mtlr] resource2 sel8 flags 470 sz 0x1000 -> kr 0x00000000 rid 311 GPUVA 0x10002d58000 cpu 10dedc000
[mtlr]   out: 0000010002d58000 000000010dedc000 000000010dbb7480 0000000000000000
[mtlr]   out: 0000013700000000 0000000000004000 000000001423462b 000000000000541a
[mtlr] resource2 sel8 flags 470 sz 0x1000 -> kr 0x00000000 rid 311 GPUVA 0x10002d58000 cpu 10dedc000
[mtlr]   out: 0000010002d58000 000000010dedc000 000000010dbb7480 0000000000000000
[mtlr]   out: 0000013700000000 0000000000004000 000000001423462c 000000000000541b
[mtlr] resource2 sel8 flags 470 sz 0x1000 -> kr 0x00000000 rid 311 GPUVA 0x10002d58000 cpu 10dedc000
[mtlr]   out: 0000010002d58000 000000010dedc000 000000010dbb7480 0000000000000000
[mtlr]   out: 0000013700000000 0000000000004000 000000001423462d 000000000000541c
[mtlr] resource2 sel8 flags 470 sz 0x1000 -> kr 0x00000000 rid 311 GPUVA 0x10002d58000 cpu 10dedc000
[mtlr]   out: 0000010002d58000 000000010dedc000 000000010dbb7480 0000000000000000
[mtlr]   out: 0000013700000000 0000000000004000 000000001423462e 000000000000541d
[mtlr] resource2 sel8 flags 470 sz 0x1000 -> kr 0x00000000 rid 311 GPUVA 0x10002d58000 cpu 10dedc000
[mtlr]   out: 0000010002d58000 000000010dedc000 000000010dbb7480 0000000000000000
[mtlr]   out: 0000013700000000 0000000000004000 000000001423462f 000000000000541e
[mtlr] resource2 sel8 flags 470 sz 0x1000 -> kr 0x00000000 rid 311 GPUVA 0x10002d58000 cpu 10dedc000
[mtlr]   out: 0000010002d58000 000000010dedc000 000000010dbb7480 0000000000000000
[mtlr]   out: 0000013700000000 0000000000004000 0000000014234630 000000000000541f
[mtlr] resource2 sel8 flags 470 sz 0x1000 -> kr 0x00000000 rid 311 GPUVA 0x10002d58000 cpu 10dedc000
[mtlr]   out: 0000010002d58000 000000010dedc000 000000010dbb7480 0000000000000000
[mtlr]   out: 0000013700000000 0000000000004000 0000000014234631 0000000000005420
[mtlr] resource2 sel8 flags 470 sz 0x1000 -> kr 0x00000000 rid 311 GPUVA 0x10002d58000 cpu 10dedc000
[mtlr]   out: 0000010002d58000 000000010dedc000 000000010dbb7480 0000000000000000
[mtlr]   out: 0000013700000000 0000000000004000 0000000014234632 0000000000005421
[mtlr] resource2 sel8 flags 470 sz 0x1000 -> kr 0x00000000 rid 311 GPUVA 0x10002d58000 cpu 10dedc000
[mtlr]   out: 0000010002d58000 000000010dedc000 000000010dbb7480 0000000000000000
[mtlr]   out: 0000013700000000 0000000000004000 0000000014234633 0000000000005422
[mtlr] resource2 sel8 flags 470 sz 0x1000 -> kr 0x00000000 rid 311 GPUVA 0x10002d58000 cpu 10dedc000
[mtlr]   out: 0000010002d58000 000000010dedc000 000000010dbb7480 0000000000000000
[mtlr]   out: 0000013700000000 0000000000004000 0000000014234634 0000000000005423
[mtlr] resource2 sel8 flags 470 sz 0x1000 -> kr 0x00000000 rid 311 GPUVA 0x10002d58000 cpu 10dedc000
[mtlr]   out: 0000010002d58000 000000010dedc000 000000010dbb7480 0000000000000000
[mtlr]   out: 0000013700000000 0000000000004000 0000000014234635 0000000000005424
[mtlr] resource2 sel8 flags 470 sz 0x1000 -> kr 0x00000000 rid 311 GPUVA 0x10002d58000 cpu 10dedc000
[mtlr]   out: 0000010002d58000 000000010dedc000 000000010dbb7480 0000000000000000
[mtlr]   out: 0000013700000000 0000000000004000 0000000014234636 0000000000005425
[mtlr] resource2 sel8 flags 470 sz 0x1000 -> kr 0x00000000 rid 311 GPUVA 0x10002d58000 cpu 10dedc000
[mtlr]   out: 0000010002d58000 000000010dedc000 000000010dbb7480 0000000000000000
[mtlr]   out: 0000013700000000 0000000000004000 0000000014234637 0000000000005426
[mtlr] resource2 sel8 flags 470 sz 0x1000 -> kr 0x00000000 rid 311 GPUVA 0x10002d58000 cpu 10dedc000
[mtlr]   out: 0000010002d58000 000000010dedc000 000000010dbb7480 0000000000000000
[mtlr]   out: 0000013700000000 0000000000004000 0000000014234638 0000000000005427
[mtlr] resource2 sel8 flags 470 sz 0x1000 -> kr 0x00000000 rid 311 GPUVA 0x10002d58000 cpu 10dedc000
[mtlr]   out: 0000010002d58000 000000010dedc000 000000010dbb7480 0000000000000000
[mtlr]   out: 0000013700000000 0000000000004000 0000000014234639 0000000000005428
[mtlr] resource2 sel8 flags 470 sz 0x1000 -> kr 0x00000000 rid 311 GPUVA 0x10002d58000 cpu 10dedc000
[mtlr]   out: 0000010002d58000 000000010dedc000 000000010dbb7480 0000000000000000
[mtlr]   out: 0000013700000000 0000000000004000 000000001423463a 0000000000005429
[mtlr] resource2 sel8 flags 470 sz 0x1000 -> kr 0x00000000 rid 311 GPUVA 0x10002d58000 cpu 10dedc000
[mtlr]   out: 0000010002d58000 000000010dedc000 000000010dbb7480 0000000000000000
[mtlr]   out: 0000013700000000 0000000000004000 000000001423463b 000000000000542a
[mtlr] resource2 sel8 flags 470 sz 0x1000 -> kr 0x00000000 rid 311 GPUVA 0x10002d58000 cpu 10dedc000
[mtlr]   out: 0000010002d58000 000000010dedc000 000000010dbb7480 0000000000000000
[mtlr]   out: 0000013700000000 0000000000004000 000000001423463c 000000000000542b
[mtlr] resource2 sel8 flags 470 sz 0x1000 -> kr 0x00000000 rid 311 GPUVA 0x10002d58000 cpu 10dedc000
[mtlr]   out: 0000010002d58000 000000010dedc000 000000010dbb7480 0000000000000000
[mtlr]   out: 0000013700000000 0000000000004000 000000001423463d 000000000000542c
[mtlr] resource2 sel8 flags 470 sz 0x1000 -> kr 0x00000000 rid 311 GPUVA 0x10002d58000 cpu 10dedc000
[mtlr]   out: 0000010002d58000 000000010dedc000 000000010dbb7480 0000000000000000
[mtlr]   out: 0000013700000000 0000000000004000 000000001423463e 000000000000542d
[mtlr] resource2 sel8 flags 470 sz 0x1000 -> kr 0x00000000 rid 311 GPUVA 0x10002d58000 cpu 10dedc000
[mtlr]   out: 0000010002d58000 000000010dedc000 000000010dbb7480 0000000000000000
[mtlr]   out: 0000013700000000 0000000000004000 000000001423463f 000000000000542e
[mtlr] resource2 sel8 flags 470 sz 0x1000 -> kr 0x00000000 rid 311 GPUVA 0x10002d58000 cpu 10dedc000
[mtlr]   out: 0000010002d58000 000000010dedc000 000000010dbb7480 0000000000000000
[mtlr]   out: 0000013700000000 0000000000004000 0000000014234640 000000000000542f
[mtlr] resource2 sel8 flags 470 sz 0x1000 -> kr 0x00000000 rid 311 GPUVA 0x10002d58000 cpu 10dedc000
[mtlr]   out: 0000010002d58000 000000010dedc000 000000010dbb7480 0000000000000000
[mtlr]   out: 0000013700000000 0000000000004000 0000000014234641 0000000000005430
[mtlr] resource2 sel8 flags 470 sz 0x1000 -> kr 0x00000000 rid 311 GPUVA 0x10002d58000 cpu 10dedc000
[mtlr]   out: 0000010002d58000 000000010dedc000 000000010dbb7480 0000000000000000
[mtlr]   out: 0000013700000000 0000000000004000 0000000014234642 0000000000005431
[mtlr] resource2 sel8 flags 470 sz 0x1000 -> kr 0x00000000 rid 311 GPUVA 0x10002d58000 cpu 10dedc000
[mtlr]   out: 0000010002d58000 000000010dedc000 000000010dbb7480 0000000000000000
[mtlr]   out: 0000013700000000 0000000000004000 0000000014234643 0000000000005432
[mtlr] resource2 sel8 flags 470 sz 0x1000 -> kr 0x00000000 rid 311 GPUVA 0x10002d58000 cpu 10dedc000
[mtlr]   out: 0000010002d58000 000000010dedc000 000000010dbb7480 0000000000000000
[mtlr]   out: 0000013700000000 0000000000004000 0000000014234644 0000000000005433
[mtlr] resource2 sel8 flags 470 sz 0x1000 -> kr 0x00000000 rid 311 GPUVA 0x10002d58000 cpu 10dedc000
[mtlr]   out: 0000010002d58000 000000010dedc000 000000010dbb7480 0000000000000000
[mtlr]   out: 0000013700000000 0000000000004000 0000000014234645 0000000000005434
[mtlr] resource2 sel8 flags 470 sz 0x1000 -> kr 0x00000000 rid 311 GPUVA 0x10002d58000 cpu 10dedc000
[mtlr]   out: 0000010002d58000 000000010dedc000 000000010dbb7480 0000000000000000
[mtlr]   out: 0000013700000000 0000000000004000 0000000014234646 0000000000005435
[mtlr] resource2 sel8 flags 470 sz 0x1000 -> kr 0x00000000 rid 311 GPUVA 0x10002d58000 cpu 10dedc000
[mtlr]   out: 0000010002d58000 000000010dedc000 000000010dbb7480 0000000000000000
[mtlr]   out: 0000013700000000 0000000000004000 0000000014234647 0000000000005436
[mtlr] resource2 sel8 flags 470 sz 0x1000 -> kr 0x00000000 rid 311 GPUVA 0x10002d58000 cpu 10dedc000
[mtlr]   out: 0000010002d58000 000000010dedc000 000000010dbb7480 0000000000000000
[mtlr]   out: 0000013700000000 0000000000004000 0000000014234648 0000000000005437
[uatrec] S5 r0: destroy kr 0x00000000 + 40 junk — OOL reclaim wave (128 msgs)
[uatrec] S5 r0: victim cpu map deallocated — DATA pages freed
[uatrec] S5 r0: 128 OOL msgs queued (8192 KB kernel) — draining blit
[uatrec] S5 r0: drained, cb status 4 — receiving + scanning
[uatrec] S5 r0: receive loop ended kr 0x10004003
[uatrec] S5 r0 summary: 128 received, 0 corrupted, 0x41 total 0 (no reclaim hit)
[uatrec] S5 r0 readback: src slots 10 patched to dead gpuvaV — commit
[uatrec] S5 r0 readback: st 4 | dead-gpuva content: 0x41 0 0x43 0 zero 65536 0x55 0 other 0 — ZEROED CONSUMER / NO WRITE
[mtlr] resource2 sel8 flags 470 sz 0x10000 -> kr 0x00000000 rid 313 GPUVA 0x10002c90000 cpu 10dde8000
[mtlr]   out: 0000010002c90000 000000010dde8000 000000010dbb6ac0 0000000000000000
[mtlr]   out: 0000013900000000 0000000000010000 0000000014234a5c 000000000000543c
[uatrec] S5 r1: victim rid 313 gv 0x10002c90000 slots 10 ridpatch 1 — commit, destroy+flush
[mtlr] resource2 sel8 flags 470 sz 0x1000 -> kr 0x00000000 rid 313 GPUVA 0x10003d90000 cpu 10c158000
[mtlr]   out: 0000010003d90000 000000010c158000 000000010dbb76c0 0000000000000000
[mtlr]   out: 0000013900000000 0000000000004000 0000000014234a8f 000000000000543f
[mtlr] resource2 sel8 flags 470 sz 0x1000 -> kr 0x00000000 rid 313 GPUVA 0x10003d90000 cpu 10c158000
[mtlr]   out: 0000010003d90000 000000010c158000 000000010dbb76c0 0000000000000000
[mtlr]   out: 0000013900000000 0000000000004000 0000000014234a90 0000000000005440
[mtlr] resource2 sel8 flags 470 sz 0x1000 -> kr 0x00000000 rid 313 GPUVA 0x10003d90000 cpu 10c158000
[mtlr]   out: 0000010003d90000 000000010c158000 000000010dbb76c0 0000000000000000
[mtlr]   out: 0000013900000000 0000000000004000 0000000014234a91 0000000000005441
[mtlr] resource2 sel8 flags 470 sz 0x1000 -> kr 0x00000000 rid 313 GPUVA 0x10003d90000 cpu 10c158000
[mtlr]   out: 0000010003d90000 000000010c158000 000000010dbb76c0 0000000000000000
[mtlr]   out: 0000013900000000 0000000000004000 0000000014234a92 0000000000005442
[mtlr] resource2 sel8 flags 470 sz 0x1000 -> kr 0x00000000 rid 313 GPUVA 0x10003d90000 cpu 10c158000
[mtlr]   out: 0000010003d90000 000000010c158000 000000010dbb76c0 0000000000000000
[mtlr]   out: 0000013900000000 0000000000004000 0000000014234a93 0000000000005443
[mtlr] resource2 sel8 flags 470 sz 0x1000 -> kr 0x00000000 rid 313 GPUVA 0x10003d90000 cpu 10c158000
[mtlr]   out: 0000010003d90000 000000010c158000 000000010dbb76c0 0000000000000000
[mtlr]   out: 0000013900000000 0000000000004000 0000000014234a94 0000000000005444
[mtlr] resource2 sel8 flags 470 sz 0x1000 -> kr 0x00000000 rid 313 GPUVA 0x10003d90000 cpu 10c158000
[mtlr]   out: 0000010003d90000 000000010c158000 000000010dbb76c0 0000000000000000
[mtlr]   out: 0000013900000000 0000000000004000 0000000014234a95 0000000000005445
[mtlr] resource2 sel8 flags 470 sz 0x1000 -> kr 0x00000000 rid 313 GPUVA 0x10003d90000 cpu 10c158000
[mtlr]   out: 0000010003d90000 000000010c158000 000000010dbb76c0 0000000000000000
[mtlr]   out: 0000013900000000 0000000000004000 0000000014234a96 0000000000005446
[mtlr] resource2 sel8 flags 470 sz 0x1000 -> kr 0x00000000 rid 313 GPUVA 0x10003d90000 cpu 10c158000
[mtlr]   out: 0000010003d90000 000000010c158000 000000010dbb76c0 0000000000000000
[mtlr]   out: 0000013900000000 0000000000004000 0000000014234a97 0000000000005447
[mtlr] resource2 sel8 flags 470 sz 0x1000 -> kr 0x00000000 rid 313 GPUVA 0x10003d90000 cpu 10c158000
[mtlr]   out: 0000010003d90000 000000010c158000 000000010dbb76c0 0000000000000000
[mtlr]   out: 0000013900000000 0000000000004000 0000000014234a98 0000000000005448
[mtlr] resource2 sel8 flags 470 sz 0x1000 -> kr 0x00000000 rid 313 GPUVA 0x10003d90000 cpu 10c158000
[mtlr]   out: 0000010003d90000 000000010c158000 000000010dbb76c0 0000000000000000
[mtlr]   out: 0000013900000000 0000000000004000 0000000014234a99 0000000000005449
[mtlr] resource2 sel8 flags 470 sz 0x1000 -> kr 0x00000000 rid 313 GPUVA 0x10003d90000 cpu 10c158000
[mtlr]   out: 0000010003d90000 000000010c158000 000000010dbb76c0 0000000000000000
[mtlr]   out: 0000013900000000 0000000000004000 0000000014234a9a 000000000000544a
[mtlr] resource2 sel8 flags 470 sz 0x1000 -> kr 0x00000000 rid 313 GPUVA 0x10003d90000 cpu 10c158000
[mtlr]   out: 0000010003d90000 000000010c158000 000000010dbb76c0 0000000000000000
[mtlr]   out: 0000013900000000 0000000000004000 0000000014234a9b 000000000000544b
[mtlr] resource2 sel8 flags 470 sz 0x1000 -> kr 0x00000000 rid 313 GPUVA 0x10003d90000 cpu 10c158000
[mtlr]   out: 0000010003d90000 000000010c158000 000000010dbb76c0 0000000000000000
[mtlr]   out: 0000013900000000 0000000000004000 0000000014234a9c 000000000000544c
[mtlr] resource2 sel8 flags 470 sz 0x1000 -> kr 0x00000000 rid 313 GPUVA 0x10003d90000 cpu 10c158000
[mtlr]   out: 0000010003d90000 000000010c158000 000000010dbb76c0 0000000000000000
[mtlr]   out: 0000013900000000 0000000000004000 0000000014234a9d 000000000000544d
[mtlr] resource2 sel8 flags 470 sz 0x1000 -> kr 0x00000000 rid 313 GPUVA 0x10003d90000 cpu 10c158000
[mtlr]   out: 0000010003d90000 000000010c158000 000000010dbb76c0 0000000000000000
[mtlr]   out: 0000013900000000 0000000000004000 0000000014234a9e 000000000000544e
[mtlr] resource2 sel8 flags 470 sz 0x1000 -> kr 0x00000000 rid 313 GPUVA 0x10003d90000 cpu 10c158000
[mtlr]   out: 0000010003d90000 000000010c158000 000000010dbb76c0 0000000000000000
[mtlr]   out: 0000013900000000 0000000000004000 0000000014234a9f 000000000000544f
[mtlr] resource2 sel8 flags 470 sz 0x1000 -> kr 0x00000000 rid 313 GPUVA 0x10003d90000 cpu 10c158000
[mtlr]   out: 0000010003d90000 000000010c158000 000000010dbb76c0 0000000000000000
[mtlr]   out: 0000013900000000 0000000000004000 0000000014234aa0 0000000000005450
[mtlr] resource2 sel8 flags 470 sz 0x1000 -> kr 0x00000000 rid 313 GPUVA 0x10003d90000 cpu 10c158000
[mtlr]   out: 0000010003d90000 000000010c158000 000000010dbb76c0 0000000000000000
[mtlr]   out: 0000013900000000 0000000000004000 0000000014234aa1 0000000000005451
[mtlr] resource2 sel8 flags 470 sz 0x1000 -> kr 0x00000000 rid 313 GPUVA 0x10003d90000 cpu 10c158000
[mtlr]   out: 0000010003d90000 000000010c158000 000000010dbb76c0 0000000000000000
[mtlr]   out: 0000013900000000 0000000000004000 0000000014234aa2 0000000000005452
[mtlr] resource2 sel8 flags 470 sz 0x1000 -> kr 0x00000000 rid 313 GPUVA 0x10003d90000 cpu 10c158000
[mtlr]   out: 0000010003d90000 000000010c158000 000000010dbb76c0 0000000000000000
[mtlr]   out: 0000013900000000 0000000000004000 0000000014234aa3 0000000000005453
[mtlr] resource2 sel8 flags 470 sz 0x1000 -> kr 0x00000000 rid 313 GPUVA 0x10003d90000 cpu 10c158000
[mtlr]   out: 0000010003d90000 000000010c158000 000000010dbb76c0 0000000000000000
[mtlr]   out: 0000013900000000 0000000000004000 0000000014234aa4 0000000000005454
[mtlr] resource2 sel8 flags 470 sz 0x1000 -> kr 0x00000000 rid 313 GPUVA 0x10003d90000 cpu 10c158000
[mtlr]   out: 0000010003d90000 000000010c158000 000000010dbb76c0 0000000000000000
[mtlr]   out: 0000013900000000 0000000000004000 0000000014234aa5 0000000000005455
[mtlr] resource2 sel8 flags 470 sz 0x1000 -> kr 0x00000000 rid 313 GPUVA 0x10003d90000 cpu 10c158000
[mtlr]   out: 0000010003d90000 000000010c158000 000000010dbb76c0 0000000000000000
[mtlr]   out: 0000013900000000 0000000000004000 0000000014234aa6 0000000000005456
[mtlr] resource2 sel8 flags 470 sz 0x1000 -> kr 0x00000000 rid 313 GPUVA 0x10003d90000 cpu 10c158000
[mtlr]   out: 0000010003d90000 000000010c158000 000000010dbb76c0 0000000000000000
[mtlr]   out: 0000013900000000 0000000000004000 0000000014234aa7 0000000000005457
[mtlr] resource2 sel8 flags 470 sz 0x1000 -> kr 0x00000000 rid 313 GPUVA 0x10003d90000 cpu 10c158000
[mtlr]   out: 0000010003d90000 000000010c158000 000000010dbb76c0 0000000000000000
[mtlr]   out: 0000013900000000 0000000000004000 0000000014234aa8 0000000000005458
[mtlr] resource2 sel8 flags 470 sz 0x1000 -> kr 0x00000000 rid 313 GPUVA 0x10003d90000 cpu 10c158000
[mtlr]   out: 0000010003d90000 000000010c158000 000000010dbb76c0 0000000000000000
[mtlr]   out: 0000013900000000 0000000000004000 0000000014234aa9 0000000000005459
[mtlr] resource2 sel8 flags 470 sz 0x1000 -> kr 0x00000000 rid 313 GPUVA 0x10003d90000 cpu 10c158000
[mtlr]   out: 0000010003d90000 000000010c158000 000000010dbb76c0 0000000000000000
[mtlr]   out: 0000013900000000 0000000000004000 0000000014234aaa 000000000000545a
[mtlr] resource2 sel8 flags 470 sz 0x1000 -> kr 0x00000000 rid 313 GPUVA 0x10003d90000 cpu 10c158000
[mtlr]   out: 0000010003d90000 000000010c158000 000000010dbb76c0 0000000000000000
[mtlr]   out: 0000013900000000 0000000000004000 0000000014234aab 000000000000545b
[mtlr] resource2 sel8 flags 470 sz 0x1000 -> kr 0x00000000 rid 313 GPUVA 0x10003d90000 cpu 10c158000
[mtlr]   out: 0000010003d90000 000000010c158000 000000010dbb76c0 0000000000000000
[mtlr]   out: 0000013900000000 0000000000004000 0000000014234aac 000000000000545c
[mtlr] resource2 sel8 flags 470 sz 0x1000 -> kr 0x00000000 rid 313 GPUVA 0x10003d90000 cpu 10c158000
[mtlr]   out: 0000010003d90000 000000010c158000 000000010dbb76c0 0000000000000000
[mtlr]   out: 0000013900000000 0000000000004000 0000000014234aad 000000000000545d
[mtlr] resource2 sel8 flags 470 sz 0x1000 -> kr 0x00000000 rid 313 GPUVA 0x10003d90000 cpu 10c158000
[mtlr]   out: 0000010003d90000 000000010c158000 000000010dbb76c0 0000000000000000
[mtlr]   out: 0000013900000000 0000000000004000 0000000014234aae 000000000000545e
[mtlr] resource2 sel8 flags 470 sz 0x1000 -> kr 0x00000000 rid 313 GPUVA 0x10003d90000 cpu 10c158000
[mtlr]   out: 0000010003d90000 000000010c158000 000000010dbb76c0 0000000000000000
[mtlr]   out: 0000013900000000 0000000000004000 0000000014234aaf 000000000000545f
[mtlr] resource2 sel8 flags 470 sz 0x1000 -> kr 0x00000000 rid 313 GPUVA 0x10003d90000 cpu 10c158000
[mtlr]   out: 0000010003d90000 000000010c158000 000000010dbb76c0 0000000000000000
[mtlr]   out: 0000013900000000 0000000000004000 0000000014234ab0 0000000000005460
[mtlr] resource2 sel8 flags 470 sz 0x1000 -> kr 0x00000000 rid 313 GPUVA 0x10003d90000 cpu 10c158000
[mtlr]   out: 0000010003d90000 000000010c158000 000000010dbb76c0 0000000000000000
[mtlr]   out: 0000013900000000 0000000000004000 0000000014234ab1 0000000000005461
[mtlr] resource2 sel8 flags 470 sz 0x1000 -> kr 0x00000000 rid 313 GPUVA 0x10003d90000 cpu 10c158000
[mtlr]   out: 0000010003d90000 000000010c158000 000000010dbb76c0 0000000000000000
[mtlr]   out: 0000013900000000 0000000000004000 0000000014234ab2 0000000000005462
[mtlr] resource2 sel8 flags 470 sz 0x1000 -> kr 0x00000000 rid 313 GPUVA 0x10003d90000 cpu 10c158000
[mtlr]   out: 0000010003d90000 000000010c158000 000000010dbb76c0 0000000000000000
[mtlr]   out: 0000013900000000 0000000000004000 0000000014234ab3 0000000000005463
[mtlr] resource2 sel8 flags 470 sz 0x1000 -> kr 0x00000000 rid 313 GPUVA 0x10003d90000 cpu 10c158000
[mtlr]   out: 0000010003d90000 000000010c158000 000000010dbb76c0 0000000000000000
[mtlr]   out: 0000013900000000 0000000000004000 0000000014234ab4 0000000000005464
[mtlr] resource2 sel8 flags 470 sz 0x1000 -> kr 0x00000000 rid 313 GPUVA 0x10003d90000 cpu 10c158000
[mtlr]   out: 0000010003d90000 000000010c158000 000000010dbb76c0 0000000000000000
[mtlr]   out: 0000013900000000 0000000000004000 0000000014234ab5 0000000000005465
[mtlr] resource2 sel8 flags 470 sz 0x1000 -> kr 0x00000000 rid 313 GPUVA 0x10003d90000 cpu 10c158000
[mtlr]   out: 0000010003d90000 000000010c158000 000000010dbb76c0 0000000000000000
[mtlr]   out: 0000013900000000 0000000000004000 0000000014234ab6 0000000000005466
[uatrec] S5 r1: destroy kr 0x00000000 + 40 junk — OOL reclaim wave (128 msgs)
[uatrec] S5 r1: victim cpu map deallocated — DATA pages freed
[uatrec] S5 r1: 128 OOL msgs queued (8192 KB kernel) — draining blit
[uatrec] S5 r1: drained, cb status 4 — receiving + scanning
[uatrec] S5 r1: receive loop ended kr 0x10004003
[uatrec] S5 r1 summary: 128 received, 0 corrupted, 0x41 total 0 (no reclaim hit)
[uatrec] S5 r1 readback: src slots 9 patched to dead gpuvaV — commit
[uatrec] S5 r1 readback: st 4 | dead-gpuva content: 0x41 0 0x43 0 zero 65536 0x55 0 other 0 — ZEROED CONSUMER / NO WRITE
[mtlr] resource2 sel8 flags 470 sz 0x10000 -> kr 0x00000000 rid 328 GPUVA 0x10002c90000 cpu 10c17c000
[mtlr]   out: 0000010002c90000 000000010c17c000 000000010dbb7600 0000000000000000
[mtlr]   out: 0000014800000000 0000000000010000 0000000014234db2 000000000000546b
[uatrec] S5 r2: victim rid 328 gv 0x10002c90000 slots 11 ridpatch 1 — commit, destroy+flush
[mtlr] resource2 sel8 flags 470 sz 0x1000 -> kr 0x00000000 rid 328 GPUVA 0x10004dc8000 cpu 10c19c000
[mtlr]   out: 0000010004dc8000 000000010c19c000 000000010dbb7900 0000000000000000
[mtlr]   out: 0000014800000000 0000000000004000 0000000014234dfa 000000000000546e
[mtlr] resource2 sel8 flags 470 sz 0x1000 -> kr 0x00000000 rid 328 GPUVA 0x10004dc8000 cpu 10c19c000
[mtlr]   out: 0000010004dc8000 000000010c19c000 000000010dbb7900 0000000000000000
[mtlr]   out: 0000014800000000 0000000000004000 0000000014234e09 000000000000546f
[mtlr] resource2 sel8 flags 470 sz 0x1000 -> kr 0x00000000 rid 328 GPUVA 0x10004dc8000 cpu 10c19c000
[mtlr]   out: 0000010004dc8000 000000010c19c000 000000010dbb7900 0000000000000000
[mtlr]   out: 0000014800000000 0000000000004000 0000000014234e10 0000000000005470
[mtlr] resource2 sel8 flags 470 sz 0x1000 -> kr 0x00000000 rid 328 GPUVA 0x10004dc8000 cpu 10c19c000
[mtlr]   out: 0000010004dc8000 000000010c19c000 000000010dbb7900 0000000000000000
[mtlr]   out: 0000014800000000 0000000000004000 0000000014234e20 0000000000005471
[mtlr] resource2 sel8 flags 470 sz 0x1000 -> kr 0x00000000 rid 328 GPUVA 0x10004dc8000 cpu 10c19c000
[mtlr]   out: 0000010004dc8000 000000010c19c000 000000010dbb7900 0000000000000000
[mtlr]   out: 0000014800000000 0000000000004000 0000000014234e2c 0000000000005472
[mtlr] resource2 sel8 flags 470 sz 0x1000 -> kr 0x00000000 rid 328 GPUVA 0x10004dc8000 cpu 10c19c000
[mtlr]   out: 0000010004dc8000 000000010c19c000 000000010dbb7900 0000000000000000
[mtlr]   out: 0000014800000000 0000000000004000 0000000014234e2e 0000000000005473
[mtlr] resource2 sel8 flags 470 sz 0x1000 -> kr 0x00000000 rid 328 GPUVA 0x10004dc8000 cpu 10c19c000
[mtlr]   out: 0000010004dc8000 000000010c19c000 000000010dbb7900 0000000000000000
[mtlr]   out: 0000014800000000 0000000000004000 0000000014234e2f 0000000000005474
[mtlr] resource2 sel8 flags 470 sz 0x1000 -> kr 0x00000000 rid 328 GPUVA 0x10004dc8000 cpu 10c19c000
[mtlr]   out: 0000010004dc8000 000000010c19c000 000000010dbb7900 0000000000000000
[mtlr]   out: 0000014800000000 0000000000004000 0000000014234e30 0000000000005475
[mtlr] resource2 sel8 flags 470 sz 0x1000 -> kr 0x00000000 rid 328 GPUVA 0x10004dc8000 cpu 10c19c000
[mtlr]   out: 0000010004dc8000 000000010c19c000 000000010dbb7900 0000000000000000
[mtlr]   out: 0000014800000000 0000000000004000 0000000014234e31 0000000000005476
[mtlr] resource2 sel8 flags 470 sz 0x1000 -> kr 0x00000000 rid 328 GPUVA 0x10004dc8000 cpu 10c19c000
[mtlr]   out: 0000010004dc8000 000000010c19c000 000000010dbb7900 0000000000000000
[mtlr]   out: 0000014800000000 0000000000004000 0000000014234e32 0000000000005477
[mtlr] resource2 sel8 flags 470 sz 0x1000 -> kr 0x00000000 rid 328 GPUVA 0x10004dc8000 cpu 10c19c000
[mtlr]   out: 0000010004dc8000 000000010c19c000 000000010dbb7900 0000000000000000
[mtlr]   out: 0000014800000000 0000000000004000 0000000014234e33 0000000000005478
[mtlr] resource2 sel8 flags 470 sz 0x1000 -> kr 0x00000000 rid 328 GPUVA 0x10004dc8000 cpu 10c19c000
[mtlr]   out: 0000010004dc8000 000000010c19c000 000000010dbb7900 0000000000000000
[mtlr]   out: 0000014800000000 0000000000004000 0000000014234e34 0000000000005479
[mtlr] resource2 sel8 flags 470 sz 0x1000 -> kr 0x00000000 rid 328 GPUVA 0x10004dc8000 cpu 10c19c000
[mtlr]   out: 0000010004dc8000 000000010c19c000 000000010dbb7900 0000000000000000
[mtlr]   out: 0000014800000000 0000000000004000 0000000014234e35 000000000000547a
[mtlr] resource2 sel8 flags 470 sz 0x1000 -> kr 0x00000000 rid 328 GPUVA 0x10004dc8000 cpu 10c19c000
[mtlr]   out: 0000010004dc8000 000000010c19c000 000000010dbb7900 0000000000000000
[mtlr]   out: 0000014800000000 0000000000004000 0000000014234e36 000000000000547b
[mtlr] resource2 sel8 flags 470 sz 0x1000 -> kr 0x00000000 rid 328 GPUVA 0x10004dc8000 cpu 10c19c000
[mtlr]   out: 0000010004dc8000 000000010c19c000 000000010dbb7900 0000000000000000
[mtlr]   out: 0000014800000000 0000000000004000 0000000014234e37 000000000000547c
[mtlr] resource2 sel8 flags 470 sz 0x1000 -> kr 0x00000000 rid 328 GPUVA 0x10004dc8000 cpu 10c19c000
[mtlr]   out: 0000010004dc8000 000000010c19c000 000000010dbb7900 0000000000000000
[mtlr]   out: 0000014800000000 0000000000004000 0000000014234e38 000000000000547d
[mtlr] resource2 sel8 flags 470 sz 0x1000 -> kr 0x00000000 rid 328 GPUVA 0x10004dc8000 cpu 10c19c000
[mtlr]   out: 0000010004dc8000 000000010c19c000 000000010dbb7900 0000000000000000
[mtlr]   out: 0000014800000000 0000000000004000 0000000014234e39 000000000000547e
[mtlr] resource2 sel8 flags 470 sz 0x1000 -> kr 0x00000000 rid 328 GPUVA 0x10004dc8000 cpu 10c19c000
[mtlr]   out: 0000010004dc8000 000000010c19c000 000000010dbb7900 0000000000000000
[mtlr]   out: 0000014800000000 0000000000004000 0000000014234e3a 000000000000547f
[mtlr] resource2 sel8 flags 470 sz 0x1000 -> kr 0x00000000 rid 328 GPUVA 0x10004dc8000 cpu 10c19c000
[mtlr]   out: 0000010004dc8000 000000010c19c000 000000010dbb7900 0000000000000000
[mtlr]   out: 0000014800000000 0000000000004000 0000000014234e3b 0000000000005480
[mtlr] resource2 sel8 flags 470 sz 0x1000 -> kr 0x00000000 rid 328 GPUVA 0x10004dc8000 cpu 10c19c000
[mtlr]   out: 0000010004dc8000 000000010c19c000 000000010dbb7900 0000000000000000
[mtlr]   out: 0000014800000000 0000000000004000 0000000014234e3c 0000000000005481
[mtlr] resource2 sel8 flags 470 sz 0x1000 -> kr 0x00000000 rid 328 GPUVA 0x10004dc8000 cpu 10c19c000
[mtlr]   out: 0000010004dc8000 000000010c19c000 000000010dbb7900 0000000000000000
[mtlr]   out: 0000014800000000 0000000000004000 0000000014234e3d 0000000000005482
[mtlr] resource2 sel8 flags 470 sz 0x1000 -> kr 0x00000000 rid 328 GPUVA 0x10004dc8000 cpu 10c19c000
[mtlr]   out: 0000010004dc8000 000000010c19c000 000000010dbb7900 0000000000000000
[mtlr]   out: 0000014800000000 0000000000004000 0000000014234e3e 0000000000005483
[mtlr] resource2 sel8 flags 470 sz 0x1000 -> kr 0x00000000 rid 328 GPUVA 0x10004dc8000 cpu 10c19c000
[mtlr]   out: 0000010004dc8000 000000010c19c000 000000010dbb7900 0000000000000000
[mtlr]   out: 0000014800000000 0000000000004000 0000000014234e3f 0000000000005484
[mtlr] resource2 sel8 flags 470 sz 0x1000 -> kr 0x00000000 rid 328 GPUVA 0x10004dc8000 cpu 10c19c000
[mtlr]   out: 0000010004dc8000 000000010c19c000 000000010dbb7900 0000000000000000
[mtlr]   out: 0000014800000000 0000000000004000 0000000014234e40 0000000000005485
[mtlr] resource2 sel8 flags 470 sz 0x1000 -> kr 0x00000000 rid 328 GPUVA 0x10004dc8000 cpu 10c19c000
[mtlr]   out: 0000010004dc8000 000000010c19c000 000000010dbb7900 0000000000000000
[mtlr]   out: 0000014800000000 0000000000004000 0000000014234e41 0000000000005486
[mtlr] resource2 sel8 flags 470 sz 0x1000 -> kr 0x00000000 rid 328 GPUVA 0x10004dc8000 cpu 10c19c000
[mtlr]   out: 0000010004dc8000 000000010c19c000 000000010dbb7900 0000000000000000
[mtlr]   out: 0000014800000000 0000000000004000 0000000014234e42 0000000000005487
[mtlr] resource2 sel8 flags 470 sz 0x1000 -> kr 0x00000000 rid 328 GPUVA 0x10004dc8000 cpu 10c19c000
[mtlr]   out: 0000010004dc8000 000000010c19c000 000000010dbb7900 0000000000000000
[mtlr]   out: 0000014800000000 0000000000004000 0000000014234e43 0000000000005488
[mtlr] resource2 sel8 flags 470 sz 0x1000 -> kr 0x00000000 rid 328 GPUVA 0x10004dc8000 cpu 10c19c000
[mtlr]   out: 0000010004dc8000 000000010c19c000 000000010dbb7900 0000000000000000
[mtlr]   out: 0000014800000000 0000000000004000 0000000014234e44 0000000000005489
[mtlr] resource2 sel8 flags 470 sz 0x1000 -> kr 0x00000000 rid 328 GPUVA 0x10004dc8000 cpu 10c19c000
[mtlr]   out: 0000010004dc8000 000000010c19c000 000000010dbb7900 0000000000000000
[mtlr]   out: 0000014800000000 0000000000004000 0000000014234e45 000000000000548a
[mtlr] resource2 sel8 flags 470 sz 0x1000 -> kr 0x00000000 rid 328 GPUVA 0x10004dc8000 cpu 10c19c000
[mtlr]   out: 0000010004dc8000 000000010c19c000 000000010dbb7900 0000000000000000
[mtlr]   out: 0000014800000000 0000000000004000 0000000014234e46 000000000000548b
[mtlr] resource2 sel8 flags 470 sz 0x1000 -> kr 0x00000000 rid 328 GPUVA 0x10004dc8000 cpu 10c19c000
[mtlr]   out: 0000010004dc8000 000000010c19c000 000000010dbb7900 0000000000000000
[mtlr]   out: 0000014800000000 0000000000004000 0000000014234e47 000000000000548c
[mtlr] resource2 sel8 flags 470 sz 0x1000 -> kr 0x00000000 rid 328 GPUVA 0x10004dc8000 cpu 10c19c000
[mtlr]   out: 0000010004dc8000 000000010c19c000 000000010dbb7900 0000000000000000
[mtlr]   out: 0000014800000000 0000000000004000 0000000014234e48 000000000000548d
[mtlr] resource2 sel8 flags 470 sz 0x1000 -> kr 0x00000000 rid 328 GPUVA 0x10004dc8000 cpu 10c19c000
[mtlr]   out: 0000010004dc8000 000000010c19c000 000000010dbb7900 0000000000000000
[mtlr]   out: 0000014800000000 0000000000004000 0000000014234e49 000000000000548e
[mtlr] resource2 sel8 flags 470 sz 0x1000 -> kr 0x00000000 rid 328 GPUVA 0x10004dc8000 cpu 10c19c000
[mtlr]   out: 0000010004dc8000 000000010c19c000 000000010dbb7900 0000000000000000
[mtlr]   out: 0000014800000000 0000000000004000 0000000014234e4a 000000000000548f
[mtlr] resource2 sel8 flags 470 sz 0x1000 -> kr 0x00000000 rid 328 GPUVA 0x10004dc8000 cpu 10c19c000
[mtlr]   out: 0000010004dc8000 000000010c19c000 000000010dbb7900 0000000000000000
[mtlr]   out: 0000014800000000 0000000000004000 0000000014234e4b 0000000000005490
[mtlr] resource2 sel8 flags 470 sz 0x1000 -> kr 0x00000000 rid 328 GPUVA 0x10004dc8000 cpu 10c19c000
[mtlr]   out: 0000010004dc8000 000000010c19c000 000000010dbb7900 0000000000000000
[mtlr]   out: 0000014800000000 0000000000004000 0000000014234e4c 0000000000005491
[mtlr] resource2 sel8 flags 470 sz 0x1000 -> kr 0x00000000 rid 328 GPUVA 0x10004dc8000 cpu 10c19c000
[mtlr]   out: 0000010004dc8000 000000010c19c000 000000010dbb7900 0000000000000000
[mtlr]   out: 0000014800000000 0000000000004000 0000000014234e4d 0000000000005492
[mtlr] resource2 sel8 flags 470 sz 0x1000 -> kr 0x00000000 rid 328 GPUVA 0x10004dc8000 cpu 10c19c000
[mtlr]   out: 0000010004dc8000 000000010c19c000 000000010dbb7900 0000000000000000
[mtlr]   out: 0000014800000000 0000000000004000 0000000014234e4e 0000000000005493
[mtlr] resource2 sel8 flags 470 sz 0x1000 -> kr 0x00000000 rid 328 GPUVA 0x10004dc8000 cpu 10c19c000
[mtlr]   out: 0000010004dc8000 000000010c19c000 000000010dbb7900 0000000000000000
[mtlr]   out: 0000014800000000 0000000000004000 0000000014234e4f 0000000000005494
[mtlr] resource2 sel8 flags 470 sz 0x1000 -> kr 0x00000000 rid 328 GPUVA 0x10004dc8000 cpu 10c19c000
[mtlr]   out: 0000010004dc8000 000000010c19c000 000000010dbb7900 0000000000000000
[mtlr]   out: 0000014800000000 0000000000004000 0000000014234e50 0000000000005495
[uatrec] S5 r2: destroy kr 0x00000000 + 40 junk — OOL reclaim wave (128 msgs)
[uatrec] S5 r2: victim cpu map deallocated — DATA pages freed
[uatrec] S5 r2: 128 OOL msgs queued (8192 KB kernel) — draining blit
[uatrec] S5 r2: drained, cb status 4 — receiving + scanning
[uatrec] S5 r2: receive loop ended kr 0x10004003
[uatrec] S5 r2 summary: 128 received, 0 corrupted, 0x41 total 0 (no reclaim hit)
[uatrec] S5 r2 readback: src slots 10 patched to dead gpuvaV — commit
[uatrec] S5 r2 readback: st 4 | dead-gpuva content: 0x41 0 0x43 0 zero 65536 0x55 0 other 0 — ZEROED CONSUMER / NO WRITE
[mtlr] resource2 sel8 flags 470 sz 0x10000 -> kr 0x00000000 rid 331 GPUVA 0x10002c90000 cpu 10c17c000
[mtlr]   out: 0000010002c90000 000000010c17c000 000000010dbb7840 0000000000000000
[mtlr]   out: 0000014b00000000 0000000000010000 0000000014235021 000000000000549a
[uatrec] S5 r3: victim rid 331 gv 0x10002c90000 slots 10 ridpatch 1 — commit, destroy+flush
[mtlr] resource2 sel8 flags 470 sz 0x1000 -> kr 0x00000000 rid 331 GPUVA 0x10005e00000 cpu 10c1bc000
[mtlr]   out: 0000010005e00000 000000010c1bc000 000000010dbb7b40 0000000000000000
[mtlr]   out: 0000014b00000000 0000000000004000 0000000014235054 000000000000549d
[mtlr] resource2 sel8 flags 470 sz 0x1000 -> kr 0x00000000 rid 331 GPUVA 0x10005e00000 cpu 10c1bc000
[mtlr]   out: 0000010005e00000 000000010c1bc000 000000010dbb7b40 0000000000000000
[mtlr]   out: 0000014b00000000 0000000000004000 0000000014235055 000000000000549e
[mtlr] resource2 sel8 flags 470 sz 0x1000 -> kr 0x00000000 rid 331 GPUVA 0x10005e00000 cpu 10c1bc000
[mtlr]   out: 0000010005e00000 000000010c1bc000 000000010dbb7b40 0000000000000000
[mtlr]   out: 0000014b00000000 0000000000004000 0000000014235056 000000000000549f
[mtlr] resource2 sel8 flags 470 sz 0x1000 -> kr 0x00000000 rid 331 GPUVA 0x10005e00000 cpu 10c1bc000
[mtlr]   out: 0000010005e00000 000000010c1bc000 000000010dbb7b40 0000000000000000
[mtlr]   out: 0000014b00000000 0000000000004000 0000000014235057 00000000000054a0
[mtlr] resource2 sel8 flags 470 sz 0x1000 -> kr 0x00000000 rid 331 GPUVA 0x10005e00000 cpu 10c1bc000
[mtlr]   out: 0000010005e00000 000000010c1bc000 000000010dbb7b40 0000000000000000
[mtlr]   out: 0000014b00000000 0000000000004000 0000000014235058 00000000000054a1
[mtlr] resource2 sel8 flags 470 sz 0x1000 -> kr 0x00000000 rid 331 GPUVA 0x10005e00000 cpu 10c1bc000
[mtlr]   out: 0000010005e00000 000000010c1bc000 000000010dbb7b40 0000000000000000
[mtlr]   out: 0000014b00000000 0000000000004000 0000000014235059 00000000000054a2
[mtlr] resource2 sel8 flags 470 sz 0x1000 -> kr 0x00000000 rid 331 GPUVA 0x10005e00000 cpu 10c1bc000
[mtlr]   out: 0000010005e00000 000000010c1bc000 000000010dbb7b40 0000000000000000
[mtlr]   out: 0000014b00000000 0000000000004000 000000001423505a 00000000000054a3
[mtlr] resource2 sel8 flags 470 sz 0x1000 -> kr 0x00000000 rid 331 GPUVA 0x10005e00000 cpu 10c1bc000
[mtlr]   out: 0000010005e00000 000000010c1bc000 000000010dbb7b40 0000000000000000
[mtlr]   out: 0000014b00000000 0000000000004000 000000001423505b 00000000000054a4
[mtlr] resource2 sel8 flags 470 sz 0x1000 -> kr 0x00000000 rid 331 GPUVA 0x10005e00000 cpu 10c1bc000
[mtlr]   out: 0000010005e00000 000000010c1bc000 000000010dbb7b40 0000000000000000
[mtlr]   out: 0000014b00000000 0000000000004000 000000001423505c 00000000000054a5
[mtlr] resource2 sel8 flags 470 sz 0x1000 -> kr 0x00000000 rid 331 GPUVA 0x10005e00000 cpu 10c1bc000
[mtlr]   out: 0000010005e00000 000000010c1bc000 000000010dbb7b40 0000000000000000
[mtlr]   out: 0000014b00000000 0000000000004000 000000001423505d 00000000000054a6
[mtlr] resource2 sel8 flags 470 sz 0x1000 -> kr 0x00000000 rid 331 GPUVA 0x10005e00000 cpu 10c1bc000
[mtlr]   out: 0000010005e00000 000000010c1bc000 000000010dbb7b40 0000000000000000
[mtlr]   out: 0000014b00000000 0000000000004000 000000001423505e 00000000000054a7
[mtlr] resource2 sel8 flags 470 sz 0x1000 -> kr 0x00000000 rid 331 GPUVA 0x10005e00000 cpu 10c1bc000
[mtlr]   out: 0000010005e00000 000000010c1bc000 000000010dbb7b40 0000000000000000
[mtlr]   out: 0000014b00000000 0000000000004000 000000001423505f 00000000000054a8
[mtlr] resource2 sel8 flags 470 sz 0x1000 -> kr 0x00000000 rid 331 GPUVA 0x10005e00000 cpu 10c1bc000
[mtlr]   out: 0000010005e00000 000000010c1bc000 000000010dbb7b40 0000000000000000
[mtlr]   out: 0000014b00000000 0000000000004000 0000000014235060 00000000000054a9
[mtlr] resource2 sel8 flags 470 sz 0x1000 -> kr 0x00000000 rid 331 GPUVA 0x10005e00000 cpu 10c1bc000
[mtlr]   out: 0000010005e00000 000000010c1bc000 000000010dbb7b40 0000000000000000
[mtlr]   out: 0000014b00000000 0000000000004000 0000000014235061 00000000000054aa
[mtlr] resource2 sel8 flags 470 sz 0x1000 -> kr 0x00000000 rid 331 GPUVA 0x10005e00000 cpu 10c1bc000
[mtlr]   out: 0000010005e00000 000000010c1bc000 000000010dbb7b40 0000000000000000
[mtlr]   out: 0000014b00000000 0000000000004000 0000000014235062 00000000000054ab
[mtlr] resource2 sel8 flags 470 sz 0x1000 -> kr 0x00000000 rid 331 GPUVA 0x10005e00000 cpu 10c1bc000
[mtlr]   out: 0000010005e00000 000000010c1bc000 000000010dbb7b40 0000000000000000
[mtlr]   out: 0000014b00000000 0000000000004000 0000000014235063 00000000000054ac
[mtlr] resource2 sel8 flags 470 sz 0x1000 -> kr 0x00000000 rid 331 GPUVA 0x10005e00000 cpu 10c1bc000
[mtlr]   out: 0000010005e00000 000000010c1bc000 000000010dbb7b40 0000000000000000
[mtlr]   out: 0000014b00000000 0000000000004000 0000000014235064 00000000000054ad
[mtlr] resource2 sel8 flags 470 sz 0x1000 -> kr 0x00000000 rid 331 GPUVA 0x10005e00000 cpu 10c1bc000
[mtlr]   out: 0000010005e00000 000000010c1bc000 000000010dbb7b40 0000000000000000
[mtlr]   out: 0000014b00000000 0000000000004000 0000000014235065 00000000000054ae
[mtlr] resource2 sel8 flags 470 sz 0x1000 -> kr 0x00000000 rid 331 GPUVA 0x10005e00000 cpu 10c1bc000
[mtlr]   out: 0000010005e00000 000000010c1bc000 000000010dbb7b40 0000000000000000
[mtlr]   out: 0000014b00000000 0000000000004000 0000000014235066 00000000000054af
[mtlr] resource2 sel8 flags 470 sz 0x1000 -> kr 0x00000000 rid 331 GPUVA 0x10005e00000 cpu 10c1bc000
[mtlr]   out: 0000010005e00000 000000010c1bc000 000000010dbb7b40 0000000000000000
[mtlr]   out: 0000014b00000000 0000000000004000 0000000014235067 00000000000054b0
[mtlr] resource2 sel8 flags 470 sz 0x1000 -> kr 0x00000000 rid 331 GPUVA 0x10005e00000 cpu 10c1bc000
[mtlr]   out: 0000010005e00000 000000010c1bc000 000000010dbb7b40 0000000000000000
[mtlr]   out: 0000014b00000000 0000000000004000 0000000014235068 00000000000054b1
[mtlr] resource2 sel8 flags 470 sz 0x1000 -> kr 0x00000000 rid 331 GPUVA 0x10005e00000 cpu 10c1bc000
[mtlr]   out: 0000010005e00000 000000010c1bc000 000000010dbb7b40 0000000000000000
[mtlr]   out: 0000014b00000000 0000000000004000 0000000014235069 00000000000054b2
[mtlr] resource2 sel8 flags 470 sz 0x1000 -> kr 0x00000000 rid 331 GPUVA 0x10005e00000 cpu 10c1bc000
[mtlr]   out: 0000010005e00000 000000010c1bc000 000000010dbb7b40 0000000000000000
[mtlr]   out: 0000014b00000000 0000000000004000 000000001423506a 00000000000054b3
[mtlr] resource2 sel8 flags 470 sz 0x1000 -> kr 0x00000000 rid 331 GPUVA 0x10005e00000 cpu 10c1bc000
[mtlr]   out: 0000010005e00000 000000010c1bc000 000000010dbb7b40 0000000000000000
[mtlr]   out: 0000014b00000000 0000000000004000 000000001423506e 00000000000054b4
[mtlr] resource2 sel8 flags 470 sz 0x1000 -> kr 0x00000000 rid 331 GPUVA 0x10005e00000 cpu 10c1bc000
[mtlr]   out: 0000010005e00000 000000010c1bc000 000000010dbb7b40 0000000000000000
[mtlr]   out: 0000014b00000000 0000000000004000 0000000014235070 00000000000054b5
[mtlr] resource2 sel8 flags 470 sz 0x1000 -> kr 0x00000000 rid 331 GPUVA 0x10005e00000 cpu 10c1bc000
[mtlr]   out: 0000010005e00000 000000010c1bc000 000000010dbb7b40 0000000000000000
[mtlr]   out: 0000014b00000000 0000000000004000 0000000014235075 00000000000054b6
[mtlr] resource2 sel8 flags 470 sz 0x1000 -> kr 0x00000000 rid 331 GPUVA 0x10005e00000 cpu 10c1bc000
[mtlr]   out: 0000010005e00000 000000010c1bc000 000000010dbb7b40 0000000000000000
[mtlr]   out: 0000014b00000000 0000000000004000 0000000014235081 00000000000054b7
[mtlr] resource2 sel8 flags 470 sz 0x1000 -> kr 0x00000000 rid 331 GPUVA 0x10005e00000 cpu 10c1bc000
[mtlr]   out: 0000010005e00000 000000010c1bc000 000000010dbb7b40 0000000000000000
[mtlr]   out: 0000014b00000000 0000000000004000 0000000014235083 00000000000054b8
[mtlr] resource2 sel8 flags 470 sz 0x1000 -> kr 0x00000000 rid 331 GPUVA 0x10005e00000 cpu 10c1bc000
[mtlr]   out: 0000010005e00000 000000010c1bc000 000000010dbb7b40 0000000000000000
[mtlr]   out: 0000014b00000000 0000000000004000 0000000014235084 00000000000054b9
[mtlr] resource2 sel8 flags 470 sz 0x1000 -> kr 0x00000000 rid 331 GPUVA 0x10005e00000 cpu 10c1bc000
[mtlr]   out: 0000010005e00000 000000010c1bc000 000000010dbb7b40 0000000000000000
[mtlr]   out: 0000014b00000000 0000000000004000 0000000014235085 00000000000054ba
[mtlr] resource2 sel8 flags 470 sz 0x1000 -> kr 0x00000000 rid 331 GPUVA 0x10005e00000 cpu 10c1bc000
[mtlr]   out: 0000010005e00000 000000010c1bc000 000000010dbb7b40 0000000000000000
[mtlr]   out: 0000014b00000000 0000000000004000 0000000014235086 00000000000054bb
[mtlr] resource2 sel8 flags 470 sz 0x1000 -> kr 0x00000000 rid 331 GPUVA 0x10005e00000 cpu 10c1bc000
[mtlr]   out: 0000010005e00000 000000010c1bc000 000000010dbb7b40 0000000000000000
[mtlr]   out: 0000014b00000000 0000000000004000 0000000014235087 00000000000054bc
[mtlr] resource2 sel8 flags 470 sz 0x1000 -> kr 0x00000000 rid 331 GPUVA 0x10005e00000 cpu 10c1bc000
[mtlr]   out: 0000010005e00000 000000010c1bc000 000000010dbb7b40 0000000000000000
[mtlr]   out: 0000014b00000000 0000000000004000 0000000014235088 00000000000054bd
[mtlr] resource2 sel8 flags 470 sz 0x1000 -> kr 0x00000000 rid 331 GPUVA 0x10005e00000 cpu 10c1bc000
[mtlr]   out: 0000010005e00000 000000010c1bc000 000000010dbb7b40 0000000000000000
[mtlr]   out: 0000014b00000000 0000000000004000 0000000014235089 00000000000054be
[mtlr] resource2 sel8 flags 470 sz 0x1000 -> kr 0x00000000 rid 331 GPUVA 0x10005e00000 cpu 10c1bc000
[mtlr]   out: 0000010005e00000 000000010c1bc000 000000010dbb7b40 0000000000000000
[mtlr]   out: 0000014b00000000 0000000000004000 000000001423508a 00000000000054bf
[mtlr] resource2 sel8 flags 470 sz 0x1000 -> kr 0x00000000 rid 331 GPUVA 0x10005e00000 cpu 10c1bc000
[mtlr]   out: 0000010005e00000 000000010c1bc000 000000010dbb7b40 0000000000000000
[mtlr]   out: 0000014b00000000 0000000000004000 000000001423508b 00000000000054c0
[mtlr] resource2 sel8 flags 470 sz 0x1000 -> kr 0x00000000 rid 331 GPUVA 0x10005e00000 cpu 10c1bc000
[mtlr]   out: 0000010005e00000 000000010c1bc000 000000010dbb7b40 0000000000000000
[mtlr]   out: 0000014b00000000 0000000000004000 000000001423508c 00000000000054c1
[mtlr] resource2 sel8 flags 470 sz 0x1000 -> kr 0x00000000 rid 331 GPUVA 0x10005e00000 cpu 10c1bc000
[mtlr]   out: 0000010005e00000 000000010c1bc000 000000010dbb7b40 0000000000000000
[mtlr]   out: 0000014b00000000 0000000000004000 000000001423508d 00000000000054c2
[mtlr] resource2 sel8 flags 470 sz 0x1000 -> kr 0x00000000 rid 331 GPUVA 0x10005e00000 cpu 10c1bc000
[mtlr]   out: 0000010005e00000 000000010c1bc000 000000010dbb7b40 0000000000000000
[mtlr]   out: 0000014b00000000 0000000000004000 000000001423508e 00000000000054c3
[mtlr] resource2 sel8 flags 470 sz 0x1000 -> kr 0x00000000 rid 331 GPUVA 0x10005e00000 cpu 10c1bc000
[mtlr]   out: 0000010005e00000 000000010c1bc000 000000010dbb7b40 0000000000000000
[mtlr]   out: 0000014b00000000 0000000000004000 000000001423508f 00000000000054c4
[uatrec] S5 r3: destroy kr 0x00000000 + 40 junk — OOL reclaim wave (128 msgs)
[uatrec] S5 r3: victim cpu map deallocated — DATA pages freed
[uatrec] S5 r3: 128 OOL msgs queued (8192 KB kernel) — draining blit
[uatrec] S5 r3: drained, cb status 4 — receiving + scanning
[uatrec] S5 r3: receive loop ended kr 0x10004003
[uatrec] S5 r3 summary: 128 received, 0 corrupted, 0x41 total 0 (no reclaim hit)
[uatrec] S5 r3 readback: src slots 9 patched to dead gpuvaV — commit
[uatrec] S5 r3 readback: st 4 | dead-gpuva content: 0x41 0 0x43 0 zero 65536 0x55 0 other 0 — ZEROED CONSUMER / NO WRITE
[uatrec] done (alive)
[probe13] uatrec-only mode, stop
