19:39:42  Acquired tunnel connection to device.
19:39:42  Enabling developer disk image services.
19:39:42  Acquired usage assertion.
Launched application with cancer9725.turquoise1323 bundle identifier.
Waiting for the application to terminate…
[main] fuzz harness up, mode=all
[main] sandbox note: VCPDRM open is MACF-denied (iokit-open-user-client VCPDRMUserClient); mach-lookup com.apple.sprr / com.apple.jitbox exist but are sandbox-gated (seen in kernel log)
[open] IOServiceOpen VCPDRMService failed: 0xe00002e2
[open] service VCPDRMServiceUserClient not found
[vcpdrm] no connection, target dead
[open] AppleM2ScalerCSCDriver -> conn 0x6503
[scaler] conn 0x6503, s1 187 s2 190
[probe12] SetNotificationPort -> 0x00000000
[v52] submit with notif-queue bound
[open] IOGPU -> conn 0xa803
[s2] sel14 count 0x100 -> kr 0x00000000 out {100db8000, 1}
[mig] bootstrap-name phase done; add learned names to cand_names[]
[s2] sel6 -> kr 0x00000000 qid 1
[s2] sel24 bind -> kr 0x00000000
[sm] resource buf 0x100dbc000 sz 0x4000 -> kr 0x00000000 rid 1
[sm] resource buf 0x100dc0000 sz 0x4000 -> kr 0x00000000 rid 2
[s2] trap0 submit -> kr 0x00000000 outw 00000009
[s2] sel25 submit -> kr 0x00000000
[v52] done (alive)
[v53] submit path open — fuzzing command stream
App terminated due to signal 15.
