[main] fuzz harness up, mode=scaler
[main] sandbox note: VCPDRM open is MACF-denied (iokit-open-user-client VCPDRMUserClient); mach-lookup com.apple.sprr / com.apple.jitbox exist but are sandbox-gated (seen in kernel log)
[open] AppleM2ScalerCSCDriver -> conn 0x5813
[scaler] conn 0x5813, s1 85 s2 161
[probe12] SetNotificationPort -> 0x00000000
[rp2] v127: reference-dump hybrid replay on our type-1 queue
[rp2] asset dsrecon-cfg1-kcmd: /private/var/containers/Bundle/Application/F4CEE6B8-F0A2-4748-A0E4-687D26FFEAB9/fuzz27.app/dsrecon-cfg1-kcmd.bin (16384 bytes)
[rp2] asset dsrecon-cfg1-seg: /private/var/containers/Bundle/Application/F4CEE6B8-F0A2-4748-A0E4-687D26FFEAB9/fuzz27.app/dsrecon-cfg1-seg.bin (16384 bytes)
[rp2] asset dsrecon-cfg1-pool0: /private/var/containers/Bundle/Application/F4CEE6B8-F0A2-4748-A0E4-687D26FFEAB9/fuzz27.app/dsrecon-cfg1-pool0.bin (16384 bytes)
[open] IOGPU -> conn 0x5d03
[rp2] sel14 nq -> kr 0x00000000 nqVA 100c9c000 nqid 1
[rp2] qid 1 sel24 bind 0x00000000
[mtlr] resource2 sel8 flags 470 sz 0x10000 -> kr 0x00000000 rid 1 GPUVA 0x10000000000 cpu 100ca8000
[mtlr]   out: 0000010000000000 0000000100ca8000 00000001007a80c0 0000000000000000
[mtlr]   out: 0000000100000000 0000000000010000 00000000164e9c4f 0000000000005d96
[mtlr] resource2 sel8 flags 470 sz 0x10000 -> kr 0x00000000 rid 2 GPUVA 0x10000018000 cpu 100cb8000
[mtlr]   out: 0000010000018000 0000000100cb8000 00000001007a8180 0000000000000000
[mtlr]   out: 0000000200000000 0000000000010000 00000000164e9c50 0000000000005d97
[mtlr] resource2 sel8 flags 470 sz 0x20000 -> kr 0x00000000 rid 3 GPUVA 0x10000030000 cpu 107414000
[mtlr]   out: 0000010000030000 0000000107414000 00000001007a8240 0000000000000000
[mtlr]   out: 0000000300000000 0000000000020000 00000000164e9c51 0000000000005d98
[rp2] rids A 1 (0x10000000000) B 2 (0x10000018000) C 3 (0x10000030000)
[mtlr] sel12 size 0x4000 type 0 -> kr 0x00000000 va 100ca4000 id 1
[mtlr] sel12 size 0x4000 type 1 -> kr 0x00000000 va 100cc8000 id 2
[rp2] shmems: seg id 1 (type 0) cmd id 2 (type 1)
[rp2] reference GPUVAs pool0+0x14a0/+0x14a8: refA 0x10000110000 refB 0x10000128000
[rp2] seg +0x108 rids {35,36} +0x120 sizeKB {64,64} -> {1,2} {0x40,0x40}
[rp2] entry form: HISTORICAL v80 {aux1,aux2,+0x20 ridB} (A/B: FUZZ_REPLAY2_OLDENTRY=1)
[rp2] kcmd header {type 0x0000000f, len 0x000000ac}
[rp2] stream walk: 2 records, end @0x3dc
[rp2] strategy: pool window was Metal-context owned — re-creating pool0 in resource C (gpuva 0x10000030000)
[rp2] resource C: 2 GPUVA slots patched (refA/refB -> ours)
[rp2] var1: kcmd gpuVA-sub 0 abs-rebase 0 rid-sub 0 | seg extra rid-sub 0
[rp2] var1: submit qid 1 entry {cmd 2 seg 1} HIST (PANIC possible)
[rp2] var1 nq+000: value 0000000000001414 status 88
[rp2] var1 nq+010: value 0000000100cd4000 status 861444169
[rp2] var1 nq+020: value 000004eb3358e616 status 10
[rp2] var1 nq+040: value 3358e8b000000001 status 1259
[rp2] var1 -> kr 0x00000000 outw 0000000a comp st@+18 0 st@+48 0 post{17:e00002c2 15:e00002c2/00000000} | B: 41 0 nz 0 (no write)
[rp2] var1 comp: 0000000000000000 0000000000000000 0000000000000000 0000000000000000 | aux1: 0000000000000000 0000000000000000 aux2: 0000010000018000 0000000100cb8000
[rp2] var2: kcmd gpuVA-sub 0 abs-rebase 0 rid-sub 0 | seg extra rid-sub 0
[rp2] var2: kcmd +0x3e0..+0x408 zeroed
[rp2] var2: submit qid 1 entry {cmd 2 seg 1} HIST (PANIC possible)
[rp2] var2 nq+000: value 0000000000001414 status 176
[rp2] var2 nq+010: value 0000000100cd4000 status 861444169
[rp2] var2 nq+020: value 000004eb3358e616 status 10
[rp2] var2 nq+040: value 3358e8b000000001 status 1259
[rp2] var2 -> kr 0x00000000 outw 0000000a comp st@+18 0 st@+48 0 post{17:e00002c2 15:e00002c2/e00002c2} | B: 41 0 nz 0 (no write)
[rp2] var2 comp: 0000000000000000 0000000000000000 0000000000000000 0000000000000000 | aux1: 0000000000000000 0000000000000000 aux2: 0000010000018000 0000000100cb8000
[rp2] var3: kcmd gpuVA-sub 0 abs-rebase 0 rid-sub 0 | seg extra rid-sub 0
[rp2] var3: kcmd +0x3e0..+0x408 zeroed
[rp2] var3: header counters +1 (kcmd/seg first 0x40)
[rp2] var3: submit qid 1 entry {cmd 2 seg 1} HIST (PANIC possible)
[rp2] var3 nq+000: value 0000000000001414 status 264
[rp2] var3 nq+010: value 0000000100cd4000 status 861444169
[rp2] var3 nq+020: value 000004eb3358e616 status 10
[rp2] var3 nq+040: value 3358e8b000000001 status 1259
[rp2] var3 -> kr 0x00000000 outw 0000000a comp st@+18 0 st@+48 0 post{17:e00002c2 15:e00002c2/e00002c2} | B: 41 0 nz 0 (no write)
[rp2] var3 comp: 0000000000000000 0000000000000000 0000000000000000 0000000000000000 | aux1: 0000000000000000 0000000000000000 aux2: 0000010000018000 0000000100cb8000
[rp2] done (alive)
[probe13] replay2-only mode, stop
