[main] fuzz harness up, mode=scaler
[main] sandbox note: VCPDRM open is MACF-denied (iokit-open-user-client VCPDRMUserClient); mach-lookup com.apple.sprr / com.apple.jitbox exist but are sandbox-gated (seen in kernel log)
[open] AppleM2ScalerCSCDriver -> conn 0x580b
[scaler] conn 0x580b, s1 20 s2 21
[probe12] SetNotificationPort -> 0x00000000
[duf] v139 destroy-UAF exploitation check: skip 2
[open] IOGPU -> conn 0x7803
[mtlr] resource2 sel8 flags 470 sz 0x10000 -> kr 0x00000000 rid 1 GPUVA 0x10000000000 cpu 1045f4000
[mtlr]   out: 0000010000000000 00000001045f4000 00000001045dc0c0 0000000000000000
[mtlr]   out: 0000000100000000 0000000000010000 0000000016abcb3d 00000000000083b0
[mtlr] sel12 size 0x4000 type 1 -> kr 0x00000000 va 1045f0000 id 1
[mtlr] resource2 sel8 flags 470 sz 0x10000 -> kr 0x00000000 rid 2 GPUVA 0x10000018000 cpu 104610000
[mtlr]   out: 0000010000018000 0000000104610000 00000001045dc180 0000000000000000
[mtlr]   out: 0000000200000000 0000000000010000 0000000016abcb41 00000000000083b3
[mtlr] sel12 size 0x4000 type 1 -> kr 0x00000000 va 10460c000 id 2
[duf] setup: qM 1 nqM 1 ridM 1 shM 1 | qW 2 nqW 2 ridW 2 shW 2 bind 0x00000000
[duf] === class resource: destroy sel9 (main 0x1 witness 0x2) ===
[duf] after a-bogus: markers bad resM 0/1024 resW 0/1024 shM 0/256 shW 0/256
[duf]   probe rid 1 (sel11): kr 0xe00002c2 DEAD?
[duf]   probe rid 2 (sel11): kr 0xe00002c2 DEAD?
[duf]   probe qid 1 (sel26): kr 0xe00002c2 DEAD?
[duf]   probe qid 2 (sel26): kr 0xe00002c2 DEAD?
[duf]   probe nqid 1 (sel24 bind): kr 0xe00002c9 DEAD?
[duf]   probe nqid 2 (sel24 bind): kr 0xe00002c9 DEAD?
[duf] after a-bogus: markers bad resM 0/1024 resW 0/1024 shM 0/256 shW 0/256
[duf]   probe rid 1 (sel11): kr 0xe00002c2 DEAD?
[duf]   probe rid 2 (sel11): kr 0xe00002c2 DEAD?
[duf]   probe qid 1 (sel26): kr 0xe00002c2 DEAD?
[duf]   probe qid 2 (sel26): kr 0xe00002c2 DEAD?
[duf]   probe nqid 1 (sel24 bind): kr 0xe00002c9 DEAD?
[duf]   probe nqid 2 (sel24 bind): kr 0xe00002c9 DEAD?
[duf] case #2 a-bogus: sel9 {0x3e9} (PANIC possible)
[duf]   -> kr 0xe00002c2 (we survived)
[duf] after a-bogus: markers bad resM 0/1024 resW 0/1024 shM 0/256 shW 0/256
[duf]   probe rid 1 (sel11): kr 0xe00002c2 DEAD?
[duf]   probe rid 2 (sel11): kr 0xe00002c2 DEAD?
[duf]   probe qid 1 (sel26): kr 0xe00002c2 DEAD?
[duf]   probe qid 2 (sel26): kr 0xe00002c2 DEAD?
[duf]   probe nqid 1 (sel24 bind): kr 0xe00002c9 DEAD?
[duf]   probe nqid 2 (sel24 bind): kr 0xe00002c9 DEAD?
[duf] case #3 a-bogus: sel9 {0xffffffff} (PANIC possible)
[duf]   -> kr 0xe00002c2 (we survived)
[duf] after a-bogus: markers bad resM 0/1024 resW 0/1024 shM 0/256 shW 0/256
[duf]   probe rid 1 (sel11): kr 0xe00002c2 DEAD?
[duf]   probe rid 2 (sel11): kr 0xe00002c2 DEAD?
[duf]   probe qid 1 (sel26): kr 0xe00002c2 DEAD?
[duf]   probe qid 2 (sel26): kr 0xe00002c2 DEAD?
[duf]   probe nqid 1 (sel24 bind): kr 0xe00002c9 DEAD?
[duf]   probe nqid 2 (sel24 bind): kr 0xe00002c9 DEAD?
[duf] case #4 b-typeconf: sel9 {0x1} (PANIC possible)
[duf]   -> kr 0x00000000 (we survived)
