[main] fuzz harness up, mode=scaler
[main] sandbox note: VCPDRM open is MACF-denied (iokit-open-user-client VCPDRMUserClient); mach-lookup com.apple.sprr / com.apple.jitbox exist but are sandbox-gated (seen in kernel log)
[open] AppleM2ScalerCSCDriver -> conn 0x8003
[scaler] conn 0x8003, s1 21 s2 22
[probe12] SetNotificationPort -> 0x00000000
[recl2] v107 step 3
[open] IOGPU -> conn 0x8403
[mtlr] resource2 sel8 flags 470 sz 0x10000 -> kr 0x00000000 rid 119 GPUVA 0x10002490000 cpu 10ecac000
[mtlr]   out: 0000010002490000 000000010ecac000 0000000107bd5940 0000000000000000
[mtlr]   out: 0000007700000000 0000000000010000 0000000013046d78 000000000000598f
[mtlr] resource2 sel8 flags 470 sz 0x10000 -> kr 0x00000000 rid 22 GPUVA 0x10001088000 cpu 10ed4c000
[mtlr]   out: 0000010001088000 000000010ed4c000 0000000107bd1080 0000000000000000
[mtlr]   out: 0000001600000000 0000000000010000 0000000013046dd9 00000000000059b7
[mtlr] resource2 sel8 flags 470 sz 0x10000 -> kr 0x00000000 rid 121 GPUVA 0x100010d0000 cpu 10d670000
[mtlr]   out: 00000100010d0000 000000010d670000 0000000107bd5ac0 0000000000000000
[mtlr]   out: 0000007900000000 0000000000010000 0000000013046e18 00000000000059ba
[mtlr] resource2 sel8 flags 470 sz 0x10000 -> kr 0x00000000 rid 135 GPUVA 0x100010b8000 cpu 10d660000
[mtlr]   out: 00000100010b8000 000000010d660000 0000000107bd6540 0000000000000000
[mtlr]   out: 0000008700000000 0000000000010000 0000000013046e3a 00000000000059bd
[mtlr] resource2 sel8 flags 470 sz 0x10000 -> kr 0x00000000 rid 137 GPUVA 0x10001100000 cpu 10d690000
[mtlr]   out: 0000010001100000 000000010d690000 0000000107bd66c0 0000000000000000
[mtlr]   out: 0000008900000000 0000000000010000 0000000013046e7b 00000000000059c0
[mtlr] resource2 sel8 flags 470 sz 0x10000 -> kr 0x00000000 rid 139 GPUVA 0x10001130000 cpu 10d6b0000
[mtlr]   out: 0000010001130000 000000010d6b0000 0000000107bd6840 0000000000000000
[mtlr]   out: 0000008b00000000 0000000000010000 0000000013046e9d 00000000000059c3
[mtlr] resource2 sel8 flags 470 sz 0x10000 -> kr 0x00000000 rid 141 GPUVA 0x10001160000 cpu 10d748000
[mtlr]   out: 0000010001160000 000000010d748000 0000000107bd69c0 0000000000000000
[mtlr]   out: 0000008d00000000 0000000000010000 0000000013046edd 00000000000059c6
[mtlr] resource2 sel8 flags 470 sz 0x10000 -> kr 0x00000000 rid 143 GPUVA 0x10001190000 cpu 10d768000
[mtlr]   out: 0000010001190000 000000010d768000 0000000107bd6b40 0000000000000000
[mtlr]   out: 0000008f00000000 0000000000010000 0000000013046f00 00000000000059c9
[mtlr] resource2 sel8 flags 470 sz 0x10000 -> kr 0x00000000 rid 145 GPUVA 0x100011c0000 cpu 10d788000
[mtlr]   out: 00000100011c0000 000000010d788000 0000000107bd6cc0 0000000000000000
[mtlr]   out: 0000009100000000 0000000000010000 0000000013046f3f 00000000000059cc
[mtlr] resource2 sel8 flags 470 sz 0x10000 -> kr 0x00000000 rid 147 GPUVA 0x100011f0000 cpu 10d7a8000
[mtlr]   out: 00000100011f0000 000000010d7a8000 0000000107bd6e40 0000000000000000
[mtlr]   out: 0000009300000000 0000000000010000 0000000013046f63 00000000000059d0
[mtlr] resource2 sel8 flags 470 sz 0x10000 -> kr 0x00000000 rid 149 GPUVA 0x10001220000 cpu 10d7c8000
[mtlr]   out: 0000010001220000 000000010d7c8000 0000000107bd6fc0 0000000000000000
[mtlr]   out: 0000009500000000 0000000000010000 0000000013046fa2 00000000000059d3
[mtlr] resource2 sel8 flags 470 sz 0x10000 -> kr 0x00000000 rid 151 GPUVA 0x10001250000 cpu 10d7e8000
[mtlr]   out: 0000010001250000 000000010d7e8000 0000000107bd7140 0000000000000000
[mtlr]   out: 0000009700000000 0000000000010000 0000000013046fd0 00000000000059d8
[mtlr] resource2 sel8 flags 470 sz 0x10000 -> kr 0x00000000 rid 153 GPUVA 0x10001280000 cpu 10d808000
[mtlr]   out: 0000010001280000 000000010d808000 0000000107bd72c0 0000000000000000
[mtlr]   out: 0000009900000000 0000000000010000 0000000013047006 00000000000059db
[mtlr] resource2 sel8 flags 470 sz 0x10000 -> kr 0x00000000 rid 155 GPUVA 0x100012b0000 cpu 10d828000
[mtlr]   out: 00000100012b0000 000000010d828000 0000000107bd7440 0000000000000000
[mtlr]   out: 0000009b00000000 0000000000010000 000000001304702e 00000000000059e3
[mtlr] resource2 sel8 flags 470 sz 0x10000 -> kr 0x00000000 rid 157 GPUVA 0x100012e0000 cpu 10d848000
[mtlr]   out: 00000100012e0000 000000010d848000 0000000107bd75c0 0000000000000000
[mtlr]   out: 0000009d00000000 0000000000010000 0000000013047068 00000000000059e6
[mtlr] resource2 sel8 flags 470 sz 0x10000 -> kr 0x00000000 rid 159 GPUVA 0x10001310000 cpu 10d868000
[mtlr]   out: 0000010001310000 000000010d868000 0000000107bd7740 0000000000000000
[mtlr]   out: 0000009f00000000 0000000000010000 000000001304709e 00000000000059e9
[mtlr] resource2 sel8 flags 470 sz 0x10000 -> kr 0x00000000 rid 161 GPUVA 0x10001340000 cpu 10d888000
[mtlr]   out: 0000010001340000 000000010d888000 0000000107bd78c0 0000000000000000
[mtlr]   out: 000000a100000000 0000000000010000 00000000130470bc 00000000000059ec
[mtlr] resource2 sel8 flags 470 sz 0x10000 -> kr 0x00000000 rid 163 GPUVA 0x10001370000 cpu 10d8a8000
[mtlr]   out: 0000010001370000 000000010d8a8000 0000000107bd7a40 0000000000000000
[mtlr]   out: 000000a300000000 0000000000010000 00000000130470f1 00000000000059ef
[mtlr] resource2 sel8 flags 470 sz 0x10000 -> kr 0x00000000 rid 165 GPUVA 0x100013a0000 cpu 10d8c8000
[mtlr]   out: 00000100013a0000 000000010d8c8000 0000000107bd7bc0 0000000000000000
[mtlr]   out: 000000a500000000 0000000000010000 0000000013047127 00000000000059f2
[mtlr] resource2 sel8 flags 470 sz 0x10000 -> kr 0x00000000 rid 167 GPUVA 0x100013d0000 cpu 10d8e8000
[mtlr]   out: 00000100013d0000 000000010d8e8000 0000000107bd7d40 0000000000000000
[mtlr]   out: 000000a700000000 0000000000010000 0000000013047144 00000000000059f5
[mtlr] resource2 sel8 flags 470 sz 0x10000 -> kr 0x00000000 rid 169 GPUVA 0x10001400000 cpu 10d908000
[mtlr]   out: 0000010001400000 000000010d908000 0000000107bd7ec0 0000000000000000
[mtlr]   out: 000000a900000000 0000000000010000 000000001304717a 00000000000059f8
[mtlr] resource2 sel8 flags 470 sz 0x10000 -> kr 0x00000000 rid 171 GPUVA 0x10001430000 cpu 10d928000
[mtlr]   out: 0000010001430000 000000010d928000 0000000107bd8040 0000000000000000
[mtlr]   out: 000000ab00000000 0000000000010000 0000000013047197 00000000000059fb
[mtlr] resource2 sel8 flags 470 sz 0x10000 -> kr 0x00000000 rid 173 GPUVA 0x10001460000 cpu 10d948000
[mtlr]   out: 0000010001460000 000000010d948000 0000000107bd81c0 0000000000000000
[mtlr]   out: 000000ad00000000 0000000000010000 00000000130471cd 00000000000059fe
[mtlr] resource2 sel8 flags 470 sz 0x10000 -> kr 0x00000000 rid 175 GPUVA 0x10001490000 cpu 10d968000
[mtlr]   out: 0000010001490000 000000010d968000 0000000107bd8340 0000000000000000
[mtlr]   out: 000000af00000000 0000000000010000 00000000130471eb 0000000000005a01
[recl2] mass-destroyed 24 victims, starting 10s spray
[recl2] spray 10s done, 179 iters, first hit NONE
[recl2] done (alive)
[probe13] reclaim2-only mode, stop
