Sep  8 05:01:51.289938 kernel(IOGPUFamily)[0] <Fault>: void IOGPUScheduler::signalHardwareError(eRestartRequest, int32_t): GPURestartSignaled stampIdx=128 type=1 prevType=0 numStamps=128
Sep  8 05:01:51.289945 kernel(IOGPUFamily)[0] <Fault>: void IOGPUScheduler::signalHardwareError(eRestartRequest, int32_t): GPURestartEnqueued stampIdx=128 type=1
Sep  8 05:01:51.289982 kernel(IOGPUFamily)[0] <Fault>: void IOGPUScheduler::hardware_error_interrupt(IOInterruptEventSource *, int): setting global restart type to 1
Sep  8 05:01:51.290069 kernel(IOGPUFamily)[0] <Fault>: void IOGPUScheduler::hardware_error_interrupt(IOInterruptEventSource *, int): GPURestartDequeued stampIdx=128 type=1
Sep  8 05:01:51.290102 kernel(IOGPUFamily)[0] <Fault>: void IOGPUScheduler::hardware_error_interrupt(IOInterruptEventSource *, int): GPURestartBegin stampIdx=128 type=1
Sep  8 05:01:51.290124 kernel(IOGPUFamily)[0] <Fault>: void IOGPUScheduler::hardware_error_interrupt(IOInterruptEventSource *, int): global restart. type=1
Sep  8 05:01:51.291314 kernel(IOGPUFamily)[0] <Fault>: void IOGPUScheduler::hardware_error_interrupt(IOInterruptEventSource *, int): GPURestartEnd stampIdx=128 type=1
Sep  8 05:01:51.304510 kernel(IOGPUFamily)[0] <Fault>: void IOGPUScheduler::signalHardwareError(eRestartRequest, int32_t): GPURestartSignaled stampIdx=128 type=1 prevType=0 numStamps=128
Sep  8 05:01:51.304579 kernel(IOGPUFamily)[0] <Fault>: void IOGPUScheduler::signalHardwareError(eRestartRequest, int32_t): GPURestartEnqueued stampIdx=128 type=1
Sep  8 05:01:51.304598 kernel(IOGPUFamily)[0] <Fault>: void IOGPUScheduler::hardware_error_interrupt(IOInterruptEventSource *, int): setting global restart type to 1
Sep  8 05:01:51.304634 kernel(IOGPUFamily)[0] <Fault>: void IOGPUScheduler::hardware_error_interrupt(IOInterruptEventSource *, int): GPURestartDequeued stampIdx=128 type=1
Sep  8 05:01:51.304686 kernel(IOGPUFamily)[0] <Fault>: void IOGPUScheduler::hardware_error_interrupt(IOInterruptEventSource *, int): GPURestartBegin stampIdx=128 type=1
Sep  8 05:01:51.304710 kernel(IOGPUFamily)[0] <Fault>: void IOGPUScheduler::hardware_error_interrupt(IOInterruptEventSource *, int): global restart. type=1
Sep  8 05:01:51.305344 kernel(IOGPUFamily)[0] <Fault>: void IOGPUScheduler::hardware_error_interrupt(IOInterruptEventSource *, int): GPURestartEnd stampIdx=128 type=1
Sep  8 05:01:51.319078 kernel(IOGPUFamily)[0] <Fault>: void IOGPUScheduler::signalHardwareError(eRestartRequest, int32_t): GPURestartSignaled stampIdx=128 type=1 prevType=0 numStamps=128
Sep  8 05:01:51.320588 kernel(IOGPUFamily)[0] <Fault>: void IOGPUScheduler::signalHardwareError(eRestartRequest, int32_t): GPURestartEnqueued stampIdx=128 type=1
Sep  8 05:01:51.320899 kernel(IOGPUFamily)[0] <Fault>: void IOGPUScheduler::hardware_error_interrupt(IOInterruptEventSource *, int): setting global restart type to 1
Sep  8 05:01:51.320993 kernel(IOGPUFamily)[0] <Fault>: void IOGPUScheduler::hardware_error_interrupt(IOInterruptEventSource *, int): GPURestartDequeued stampIdx=128 type=1
Sep  8 05:01:51.321074 kernel(IOGPUFamily)[0] <Fault>: void IOGPUScheduler::hardware_error_interrupt(IOInterruptEventSource *, int): GPURestartBegin stampIdx=128 type=1
Sep  8 05:01:51.321422 kernel(IOGPUFamily)[0] <Fault>: void IOGPUScheduler::hardware_error_interrupt(IOInterruptEventSource *, int): global restart. type=1
Sep  8 05:01:51.321454 kernel(IOGPUFamily)[0] <Fault>: void IOGPUScheduler::hardware_error_interrupt(IOInterruptEventSource *, int): GPURestartEnd stampIdx=128 type=1
Sep  8 05:01:51.329602 kernel(IOGPUFamily)[0] <Fault>: void IOGPUScheduler::signalHardwareError(eRestartRequest, int32_t): GPURestartSignaled stampIdx=128 type=1 prevType=0 numStamps=128
Sep  8 05:01:51.329611 kernel(IOGPUFamily)[0] <Fault>: void IOGPUScheduler::signalHardwareError(eRestartRequest, int32_t): GPURestartEnqueued stampIdx=128 type=1
Sep  8 05:01:51.329618 kernel(IOGPUFamily)[0] <Fault>: void IOGPUScheduler::hardware_error_interrupt(IOInterruptEventSource *, int): setting global restart type to 1
Sep  8 05:01:51.329625 kernel(IOGPUFamily)[0] <Fault>: void IOGPUScheduler::hardware_error_interrupt(IOInterruptEventSource *, int): GPURestartDequeued stampIdx=128 type=1
Sep  8 05:01:51.329648 kernel(IOGPUFamily)[0] <Fault>: void IOGPUScheduler::hardware_error_interrupt(IOInterruptEventSource *, int): GPURestartBegin stampIdx=128 type=1
Sep  8 05:01:51.329680 kernel(IOGPUFamily)[0] <Fault>: void IOGPUScheduler::hardware_error_interrupt(IOInterruptEventSource *, int): global restart. type=1
Sep  8 05:01:51.330126 kernel(IOGPUFamily)[0] <Fault>: void IOGPUScheduler::hardware_error_interrupt(IOInterruptEventSource *, int): GPURestartEnd stampIdx=128 type=1
Sep  8 05:01:51.339925 kernel(IOGPUFamily)[0] <Fault>: void IOGPUScheduler::signalHardwareError(eRestartRequest, int32_t): GPURestartSignaled stampIdx=128 type=1 prevType=0 numStamps=128
Sep  8 05:01:51.339932 kernel(IOGPUFamily)[0] <Fault>: void IOGPUScheduler::signalHardwareError(eRestartRequest, int32_t): GPURestartEnqueued stampIdx=128 type=1
Sep  8 05:01:51.339940 kernel(IOGPUFamily)[0] <Fault>: void IOGPUScheduler::hardware_error_interrupt(IOInterruptEventSource *, int): setting global restart type to 1
Sep  8 05:01:51.339946 kernel(IOGPUFamily)[0] <Fault>: void IOGPUScheduler::hardware_error_interrupt(IOInterruptEventSource *, int): GPURestartDequeued stampIdx=128 type=1
Sep  8 05:01:51.339953 kernel(IOGPUFamily)[0] <Fault>: void IOGPUScheduler::hardware_error_interrupt(IOInterruptEventSource *, int): GPURestartBegin stampIdx=128 type=1
Sep  8 05:01:51.339960 kernel(IOGPUFamily)[0] <Fault>: void IOGPUScheduler::hardware_error_interrupt(IOInterruptEventSource *, int): global restart. type=1
Sep  8 05:01:51.340122 kernel(IOGPUFamily)[0] <Fault>: void IOGPUScheduler::hardware_error_interrupt(IOInterruptEventSource *, int): GPURestartEnd stampIdx=128 type=1
Sep  8 05:01:51.368432 ReportCrashService[675] <Info>: GPURestartReport: event with 4 keys
Sep  8 05:01:51.369998 ReportCrashService[675] <Debug>: GPURestartReport: tailspin log disabled by default
Sep  8 05:01:51.373993 ReportCrashService[676] <Info>: GPURestartReport: event with 4 keys
Sep  8 05:01:51.374786 ReportCrashService[676] <Debug>: GPURestartReport: tailspin log disabled by default
Sep  8 05:01:51.380841 ReportCrashService[678] <Info>: GPURestartReport: event with 4 keys
Sep  8 05:01:51.380852 ReportCrashService[677] <Info>: GPURestartReport: event with 4 keys
Sep  8 05:01:51.381692 ReportCrashService[678] <Debug>: GPURestartReport: tailspin log disabled by default
Sep  8 05:01:51.381893 ReportCrashService[677] <Debug>: GPURestartReport: tailspin log disabled by default
Sep  8 05:01:51.385972 ReportCrashService[679] <Info>: GPURestartReport: event with 4 keys
Sep  8 05:01:51.386898 ReportCrashService[679] <Debug>: GPURestartReport: tailspin log disabled by default
Sep  8 05:01:54.873821 kernel(IOGPUFamily)[0] <Fault>: void IOGPUScheduler::signalHardwareError(eRestartRequest, int32_t): GPURestartSignaled stampIdx=128 type=1 prevType=0 numStamps=128
Sep  8 05:01:54.873859 kernel(IOGPUFamily)[0] <Fault>: void IOGPUScheduler::signalHardwareError(eRestartRequest, int32_t): GPURestartEnqueued stampIdx=128 type=1
Sep  8 05:01:54.873880 kernel(IOGPUFamily)[0] <Fault>: void IOGPUScheduler::hardware_error_interrupt(IOInterruptEventSource *, int): setting global restart type to 1
Sep  8 05:01:54.873899 kernel(IOGPUFamily)[0] <Fault>: void IOGPUScheduler::hardware_error_interrupt(IOInterruptEventSource *, int): GPURestartDequeued stampIdx=128 type=1
Sep  8 05:01:54.873921 kernel(IOGPUFamily)[0] <Fault>: void IOGPUScheduler::hardware_error_interrupt(IOInterruptEventSource *, int): GPURestartBegin stampIdx=128 type=1
Sep  8 05:01:54.873941 kernel(IOGPUFamily)[0] <Fault>: void IOGPUScheduler::hardware_error_interrupt(IOInterruptEventSource *, int): global restart. type=1
Sep  8 05:01:54.874359 kernel(IOGPUFamily)[0] <Fault>: void IOGPUScheduler::hardware_error_interrupt(IOInterruptEventSource *, int): GPURestartEnd stampIdx=128 type=1
Sep  8 05:01:54.879385 kernel(IOGPUFamily)[0] <Fault>: void IOGPUScheduler::signalHardwareError(eRestartRequest, int32_t): GPURestartSignaled stampIdx=128 type=1 prevType=0 numStamps=128
Sep  8 05:01:54.879409 kernel(IOGPUFamily)[0] <Fault>: void IOGPUScheduler::signalHardwareError(eRestartRequest, int32_t): GPURestartEnqueued stampIdx=128 type=1
Sep  8 05:01:54.879416 kernel(IOGPUFamily)[0] <Fault>: void IOGPUScheduler::hardware_error_interrupt(IOInterruptEventSource *, int): setting global restart type to 1
Sep  8 05:01:54.879423 kernel(IOGPUFamily)[0] <Fault>: void IOGPUScheduler::hardware_error_interrupt(IOInterruptEventSource *, int): GPURestartDequeued stampIdx=128 type=1
Sep  8 05:01:54.879430 kernel(IOGPUFamily)[0] <Fault>: void IOGPUScheduler::hardware_error_interrupt(IOInterruptEventSource *, int): GPURestartBegin stampIdx=128 type=1
Sep  8 05:01:54.879457 kernel(IOGPUFamily)[0] <Fault>: void IOGPUScheduler::hardware_error_interrupt(IOInterruptEventSource *, int): global restart. type=1
Sep  8 05:01:54.879661 kernel(IOGPUFamily)[0] <Fault>: void IOGPUScheduler::hardware_error_interrupt(IOInterruptEventSource *, int): GPURestartEnd stampIdx=128 type=1
Sep  8 05:01:54.887874 kernel(IOGPUFamily)[0] <Fault>: void IOGPUScheduler::signalHardwareError(eRestartRequest, int32_t): GPURestartSignaled stampIdx=128 type=1 prevType=0 numStamps=128
Sep  8 05:01:54.887953 kernel(IOGPUFamily)[0] <Fault>: void IOGPUScheduler::signalHardwareError(eRestartRequest, int32_t): GPURestartEnqueued stampIdx=128 type=1
Sep  8 05:01:54.887962 kernel(IOGPUFamily)[0] <Fault>: void IOGPUScheduler::hardware_error_interrupt(IOInterruptEventSource *, int): setting global restart type to 1
Sep  8 05:01:54.887970 kernel(IOGPUFamily)[0] <Fault>: void IOGPUScheduler::hardware_error_interrupt(IOInterruptEventSource *, int): GPURestartDequeued stampIdx=128 type=1
Sep  8 05:01:54.888159 kernel(IOGPUFamily)[0] <Fault>: void IOGPUScheduler::hardware_error_interrupt(IOInterruptEventSource *, int): GPURestartBegin stampIdx=128 type=1
Sep  8 05:01:54.888204 kernel(IOGPUFamily)[0] <Fault>: void IOGPUScheduler::hardware_error_interrupt(IOInterruptEventSource *, int): global restart. type=1
Sep  8 05:01:54.889160 kernel(IOGPUFamily)[0] <Fault>: void IOGPUScheduler::hardware_error_interrupt(IOInterruptEventSource *, int): GPURestartEnd stampIdx=128 type=1
Sep  8 05:01:54.904427 kernel(IOGPUFamily)[0] <Fault>: void IOGPUScheduler::signalHardwareError(eRestartRequest, int32_t): GPURestartSignaled stampIdx=128 type=1 prevType=0 numStamps=128
Sep  8 05:01:54.904445 kernel(IOGPUFamily)[0] <Fault>: void IOGPUScheduler::signalHardwareError(eRestartRequest, int32_t): GPURestartEnqueued stampIdx=128 type=1
Sep  8 05:01:54.904454 kernel(IOGPUFamily)[0] <Fault>: void IOGPUScheduler::hardware_error_interrupt(IOInterruptEventSource *, int): setting global restart type to 1
Sep  8 05:01:54.904465 kernel(IOGPUFamily)[0] <Fault>: void IOGPUScheduler::hardware_error_interrupt(IOInterruptEventSource *, int): GPURestartDequeued stampIdx=128 type=1
Sep  8 05:01:54.904473 kernel(IOGPUFamily)[0] <Fault>: void IOGPUScheduler::hardware_error_interrupt(IOInterruptEventSource *, int): GPURestartBegin stampIdx=128 type=1
Sep  8 05:01:54.904482 kernel(IOGPUFamily)[0] <Fault>: void IOGPUScheduler::hardware_error_interrupt(IOInterruptEventSource *, int): global restart. type=1
Sep  8 05:01:54.904643 kernel(IOGPUFamily)[0] <Fault>: void IOGPUScheduler::hardware_error_interrupt(IOInterruptEventSource *, int): GPURestartEnd stampIdx=128 type=1
Sep  8 05:01:54.913316 kernel(IOGPUFamily)[0] <Fault>: void IOGPUScheduler::signalHardwareError(eRestartRequest, int32_t): GPURestartSignaled stampIdx=128 type=1 prevType=0 numStamps=128
Sep  8 05:01:54.913324 kernel(IOGPUFamily)[0] <Fault>: void IOGPUScheduler::signalHardwareError(eRestartRequest, int32_t): GPURestartEnqueued stampIdx=128 type=1
Sep  8 05:01:54.913335 kernel(IOGPUFamily)[0] <Fault>: void IOGPUScheduler::hardware_error_interrupt(IOInterruptEventSource *, int): setting global restart type to 1
Sep  8 05:01:54.913342 kernel(IOGPUFamily)[0] <Fault>: void IOGPUScheduler::hardware_error_interrupt(IOInterruptEventSource *, int): GPURestartDequeued stampIdx=128 type=1
Sep  8 05:01:54.913349 kernel(IOGPUFamily)[0] <Fault>: void IOGPUScheduler::hardware_error_interrupt(IOInterruptEventSource *, int): GPURestartBegin stampIdx=128 type=1
Sep  8 05:01:54.913355 kernel(IOGPUFamily)[0] <Fault>: void IOGPUScheduler::hardware_error_interrupt(IOInterruptEventSource *, int): global restart. type=1
Sep  8 05:01:54.913689 kernel(IOGPUFamily)[0] <Fault>: void IOGPUScheduler::hardware_error_interrupt(IOInterruptEventSource *, int): GPURestartEnd stampIdx=128 type=1
Sep  8 05:01:54.966515 ReportCrashService[681] <Info>: GPURestartReport: event with 4 keys
Sep  8 05:01:54.966546 ReportCrashService[683] <Info>: GPURestartReport: event with 4 keys
Sep  8 05:01:54.966724 ReportCrashService[683] <Debug>: GPURestartReport: tailspin log disabled by default
Sep  8 05:01:54.966774 ReportCrashService[681] <Debug>: GPURestartReport: tailspin log disabled by default
Sep  8 05:01:54.971389 ReportCrashService[682] <Info>: GPURestartReport: event with 4 keys
Sep  8 05:01:54.971568 ReportCrashService[682] <Debug>: GPURestartReport: tailspin log disabled by default
Sep  8 05:01:54.974649 ReportCrashService[685] <Info>: GPURestartReport: event with 4 keys
Sep  8 05:01:54.975219 ReportCrashService[685] <Debug>: GPURestartReport: tailspin log disabled by default
Sep  8 05:01:54.976092 ReportCrashService[684] <Info>: GPURestartReport: event with 4 keys
Sep  8 05:01:54.976260 ReportCrashService[684] <Debug>: GPURestartReport: tailspin log disabled by default
Sep  8 05:01:56.991726 kernel(IOGPUFamily)[0] <Fault>: void IOGPUScheduler::signalHardwareError(eRestartRequest, int32_t): GPURestartSignaled stampIdx=128 type=1 prevType=0 numStamps=128
Sep  8 05:01:56.991900 kernel(IOGPUFamily)[0] <Fault>: void IOGPUScheduler::signalHardwareError(eRestartRequest, int32_t): GPURestartEnqueued stampIdx=128 type=1
Sep  8 05:01:56.992020 kernel(IOGPUFamily)[0] <Fault>: void IOGPUScheduler::hardware_error_interrupt(IOInterruptEventSource *, int): setting global restart type to 1
Sep  8 05:01:56.992162 kernel(IOGPUFamily)[0] <Fault>: void IOGPUScheduler::hardware_error_interrupt(IOInterruptEventSource *, int): GPURestartDequeued stampIdx=128 type=1
Sep  8 05:01:56.992334 kernel(IOGPUFamily)[0] <Fault>: void IOGPUScheduler::hardware_error_interrupt(IOInterruptEventSource *, int): GPURestartBegin stampIdx=128 type=1
Sep  8 05:01:56.992402 kernel(IOGPUFamily)[0] <Fault>: void IOGPUScheduler::hardware_error_interrupt(IOInterruptEventSource *, int): global restart. type=1
Sep  8 05:01:56.995480 kernel(IOGPUFamily)[0] <Fault>: void IOGPUScheduler::hardware_error_interrupt(IOInterruptEventSource *, int): GPURestartEnd stampIdx=128 type=1
Sep  8 05:01:57.031046 ReportCrashService[686] <Info>: GPURestartReport: event with 4 keys
Sep  8 05:01:57.032284 ReportCrashService[686] <Debug>: GPURestartReport: tailspin log disabled by default
Sep  8 05:02:01.132847 kernel(IOGPUFamily)[0] <Fault>: void IOGPUScheduler::signalHardwareError(eRestartRequest, int32_t): GPURestartSignaled stampIdx=128 type=1 prevType=0 numStamps=128
Sep  8 05:02:01.132864 kernel(IOGPUFamily)[0] <Fault>: void IOGPUScheduler::signalHardwareError(eRestartRequest, int32_t): GPURestartEnqueued stampIdx=128 type=1
Sep  8 05:02:01.132891 kernel(IOGPUFamily)[0] <Fault>: void IOGPUScheduler::hardware_error_interrupt(IOInterruptEventSource *, int): setting global restart type to 1
Sep  8 05:02:01.132914 kernel(IOGPUFamily)[0] <Fault>: void IOGPUScheduler::hardware_error_interrupt(IOInterruptEventSource *, int): GPURestartDequeued stampIdx=128 type=1
Sep  8 05:02:01.132981 kernel(IOGPUFamily)[0] <Fault>: void IOGPUScheduler::hardware_error_interrupt(IOInterruptEventSource *, int): GPURestartBegin stampIdx=128 type=1
Sep  8 05:02:01.133014 kernel(IOGPUFamily)[0] <Fault>: void IOGPUScheduler::hardware_error_interrupt(IOInterruptEventSource *, int): global restart. type=1
Sep  8 05:02:01.135838 kernel(IOGPUFamily)[0] <Fault>: void IOGPUScheduler::hardware_error_interrupt(IOInterruptEventSource *, int): GPURestartEnd stampIdx=128 type=1
Sep  8 05:02:01.170528 ReportCrashService[687] <Info>: GPURestartReport: event with 4 keys
Sep  8 05:02:01.171635 ReportCrashService[687] <Debug>: GPURestartReport: tailspin log disabled by default
Sep  8 05:02:01.436128 kernel(IOGPUFamily)[0] <Fault>: Invalid resource group ID 00000001
Sep  8 05:02:01.742545 kernel(IOGPUFamily)[0] <Fault>: void IOGPUScheduler::signalHardwareError(eRestartRequest, int32_t): GPURestartSignaled stampIdx=128 type=1 prevType=0 numStamps=128
Sep  8 05:02:01.742606 kernel(IOGPUFamily)[0] <Fault>: void IOGPUScheduler::signalHardwareError(eRestartRequest, int32_t): GPURestartEnqueued stampIdx=128 type=1
Sep  8 05:02:01.742629 kernel(IOGPUFamily)[0] <Fault>: void IOGPUScheduler::hardware_error_interrupt(IOInterruptEventSource *, int): setting global restart type to 1
Sep  8 05:02:01.742758 kernel(IOGPUFamily)[0] <Fault>: void IOGPUScheduler::hardware_error_interrupt(IOInterruptEventSource *, int): GPURestartDequeued stampIdx=128 type=1
Sep  8 05:02:01.742790 kernel(IOGPUFamily)[0] <Fault>: void IOGPUScheduler::hardware_error_interrupt(IOInterruptEventSource *, int): GPURestartBegin stampIdx=128 type=1
Sep  8 05:02:01.742865 kernel(IOGPUFamily)[0] <Fault>: void IOGPUScheduler::hardware_error_interrupt(IOInterruptEventSource *, int): global restart. type=1
Sep  8 05:02:01.745460 kernel(IOGPUFamily)[0] <Fault>: void IOGPUScheduler::hardware_error_interrupt(IOInterruptEventSource *, int): GPURestartEnd stampIdx=128 type=1
Sep  8 05:02:01.780358 ReportCrashService[688] <Info>: GPURestartReport: event with 4 keys
Sep  8 05:02:01.781552 ReportCrashService[688] <Debug>: GPURestartReport: tailspin log disabled by default
Sep  8 05:02:02.349254 kernel(IOGPUFamily)[0] <Fault>: void IOGPUScheduler::signalHardwareError(eRestartRequest, int32_t): GPURestartSignaled stampIdx=128 type=1 prevType=0 numStamps=128
Sep  8 05:02:02.349367 kernel(IOGPUFamily)[0] <Fault>: void IOGPUScheduler::signalHardwareError(eRestartRequest, int32_t): GPURestartEnqueued stampIdx=128 type=1
Sep  8 05:02:02.349408 kernel(IOGPUFamily)[0] <Fault>: void IOGPUScheduler::hardware_error_interrupt(IOInterruptEventSource *, int): setting global restart type to 1
Sep  8 05:02:02.349451 kernel(IOGPUFamily)[0] <Fault>: void IOGPUScheduler::hardware_error_interrupt(IOInterruptEventSource *, int): GPURestartDequeued stampIdx=128 type=1
Sep  8 05:02:02.349484 kernel(IOGPUFamily)[0] <Fault>: void IOGPUScheduler::hardware_error_interrupt(IOInterruptEventSource *, int): GPURestartBegin stampIdx=128 type=1
Sep  8 05:02:02.349507 kernel(IOGPUFamily)[0] <Fault>: void IOGPUScheduler::hardware_error_interrupt(IOInterruptEventSource *, int): global restart. type=1
Sep  8 05:02:02.352570 kernel(IOGPUFamily)[0] <Fault>: void IOGPUScheduler::hardware_error_interrupt(IOInterruptEventSource *, int): GPURestartEnd stampIdx=128 type=1
Sep  8 05:02:02.399720 ReportCrashService[689] <Info>: GPURestartReport: event with 4 keys
Sep  8 05:02:02.400940 ReportCrashService[689] <Debug>: GPURestartReport: tailspin log disabled by default
Sep  8 05:02:02.652229 kernel(IOGPUFamily)[0] <Fault>: virtual void IOGPUCommandQueue::processKernelCommand(const sIOGPUKernelCommand *, const sIOGPUKernelCommand *): Invalid eIOGPUKernelCommands enum (command_id=65536 command_size=848bytes)
Sep  8 05:02:02.958019 kernel(IOGPUFamily)[0] <Fault>: virtual void IOGPUCommandQueue::processKernelCommand(const sIOGPUKernelCommand *, const sIOGPUKernelCommand *): Invalid eIOGPUKernelCommands enum (command_id=65536 command_size=848bytes)
Sep  8 05:02:03.258124 kernel(IOGPUFamily)[0] <Fault>: Invalid resource group ID 00000001
Sep  8 05:02:03.570431 kernel(IOGPUFamily)[0] <Fault>: void IOGPUScheduler::signalHardwareError(eRestartRequest, int32_t): GPURestartSignaled stampIdx=128 type=1 prevType=0 numStamps=128
Sep  8 05:02:03.570528 kernel(IOGPUFamily)[0] <Fault>: void IOGPUScheduler::signalHardwareError(eRestartRequest, int32_t): GPURestartEnqueued stampIdx=128 type=1
Sep  8 05:02:03.570562 kernel(IOGPUFamily)[0] <Fault>: void IOGPUScheduler::hardware_error_interrupt(IOInterruptEventSource *, int): setting global restart type to 1
Sep  8 05:02:03.570599 kernel(IOGPUFamily)[0] <Fault>: void IOGPUScheduler::hardware_error_interrupt(IOInterruptEventSource *, int): GPURestartDequeued stampIdx=128 type=1
Sep  8 05:02:03.570629 kernel(IOGPUFamily)[0] <Fault>: void IOGPUScheduler::hardware_error_interrupt(IOInterruptEventSource *, int): GPURestartBegin stampIdx=128 type=1
Sep  8 05:02:03.570650 kernel(IOGPUFamily)[0] <Fault>: void IOGPUScheduler::hardware_error_interrupt(IOInterruptEventSource *, int): global restart. type=1
Sep  8 05:02:03.573773 kernel(IOGPUFamily)[0] <Fault>: void IOGPUScheduler::hardware_error_interrupt(IOInterruptEventSource *, int): GPURestartEnd stampIdx=128 type=1
Sep  8 05:02:03.614761 ReportCrashService[690] <Info>: GPURestartReport: event with 4 keys
Sep  8 05:02:03.616273 ReportCrashService[690] <Debug>: GPURestartReport: tailspin log disabled by default
Sep  8 05:07:40.449768 kernel(IOGPUFamily)[0] <Fault>: void IOGPUScheduler::signalHardwareError(eRestartRequest, int32_t): GPURestartSignaled stampIdx=128 type=1 prevType=0 numStamps=128
Sep  8 05:07:40.449776 kernel(IOGPUFamily)[0] <Fault>: void IOGPUScheduler::signalHardwareError(eRestartRequest, int32_t): GPURestartEnqueued stampIdx=128 type=1
Sep  8 05:07:40.449788 kernel(IOGPUFamily)[0] <Fault>: void IOGPUScheduler::hardware_error_interrupt(IOInterruptEventSource *, int): setting global restart type to 1
Sep  8 05:07:40.449796 kernel(IOGPUFamily)[0] <Fault>: void IOGPUScheduler::hardware_error_interrupt(IOInterruptEventSource *, int): GPURestartDequeued stampIdx=128 type=1
Sep  8 05:07:40.449812 kernel(IOGPUFamily)[0] <Fault>: void IOGPUScheduler::hardware_error_interrupt(IOInterruptEventSource *, int): GPURestartBegin stampIdx=128 type=1
Sep  8 05:07:40.449820 kernel(IOGPUFamily)[0] <Fault>: void IOGPUScheduler::hardware_error_interrupt(IOInterruptEventSource *, int): global restart. type=1
Sep  8 05:07:40.450098 kernel(IOGPUFamily)[0] <Fault>: void IOGPUScheduler::hardware_error_interrupt(IOInterruptEventSource *, int): GPURestartEnd stampIdx=128 type=1
Sep  8 05:07:40.456879 kernel(IOGPUFamily)[0] <Fault>: void IOGPUScheduler::signalHardwareError(eRestartRequest, int32_t): GPURestartSignaled stampIdx=128 type=1 prevType=0 numStamps=128
Sep  8 05:07:40.458591 kernel(IOGPUFamily)[0] <Fault>: void IOGPUScheduler::signalHardwareError(eRestartRequest, int32_t): GPURestartEnqueued stampIdx=128 type=1
Sep  8 05:07:40.458859 kernel(IOGPUFamily)[0] <Fault>: void IOGPUScheduler::hardware_error_interrupt(IOInterruptEventSource *, int): setting global restart type to 1
Sep  8 05:07:40.459017 kernel(IOGPUFamily)[0] <Fault>: void IOGPUScheduler::hardware_error_interrupt(IOInterruptEventSource *, int): GPURestartDequeued stampIdx=128 type=1
Sep  8 05:07:40.460071 kernel(IOGPUFamily)[0] <Fault>: void IOGPUScheduler::hardware_error_interrupt(IOInterruptEventSource *, int): GPURestartBegin stampIdx=128 type=1
Sep  8 05:07:40.460285 kernel(IOGPUFamily)[0] <Fault>: void IOGPUScheduler::hardware_error_interrupt(IOInterruptEventSource *, int): global restart. type=1
Sep  8 05:07:40.462550 kernel(IOGPUFamily)[0] <Fault>: void IOGPUScheduler::hardware_error_interrupt(IOInterruptEventSource *, int): GPURestartEnd stampIdx=128 type=1
Sep  8 05:07:40.481198 kernel(IOGPUFamily)[0] <Fault>: void IOGPUScheduler::signalHardwareError(eRestartRequest, int32_t): GPURestartSignaled stampIdx=128 type=1 prevType=0 numStamps=128
Sep  8 05:07:40.481420 kernel(IOGPUFamily)[0] <Fault>: void IOGPUScheduler::signalHardwareError(eRestartRequest, int32_t): GPURestartEnqueued stampIdx=128 type=1
Sep  8 05:07:40.481427 kernel(IOGPUFamily)[0] <Fault>: void IOGPUScheduler::hardware_error_interrupt(IOInterruptEventSource *, int): setting global restart type to 1
Sep  8 05:07:40.484413 kernel(IOGPUFamily)[0] <Fault>: void IOGPUScheduler::hardware_error_interrupt(IOInterruptEventSource *, int): GPURestartDequeued stampIdx=128 type=1
Sep  8 05:07:40.484485 kernel(IOGPUFamily)[0] <Fault>: void IOGPUScheduler::hardware_error_interrupt(IOInterruptEventSource *, int): GPURestartBegin stampIdx=128 type=1
Sep  8 05:07:40.484689 kernel(IOGPUFamily)[0] <Fault>: void IOGPUScheduler::hardware_error_interrupt(IOInterruptEventSource *, int): global restart. type=1
Sep  8 05:07:40.485437 kernel(IOGPUFamily)[0] <Fault>: void IOGPUScheduler::hardware_error_interrupt(IOInterruptEventSource *, int): GPURestartEnd stampIdx=128 type=1
Sep  8 05:07:40.489678 kernel(IOGPUFamily)[0] <Fault>: void IOGPUScheduler::signalHardwareError(eRestartRequest, int32_t): GPURestartSignaled stampIdx=128 type=1 prevType=0 numStamps=128
Sep  8 05:07:40.489711 kernel(IOGPUFamily)[0] <Fault>: void IOGPUScheduler::signalHardwareError(eRestartRequest, int32_t): GPURestartEnqueued stampIdx=128 type=1
Sep  8 05:07:40.489778 kernel(IOGPUFamily)[0] <Fault>: void IOGPUScheduler::hardware_error_interrupt(IOInterruptEventSource *, int): setting global restart type to 1
Sep  8 05:07:40.489795 kernel(IOGPUFamily)[0] <Fault>: void IOGPUScheduler::hardware_error_interrupt(IOInterruptEventSource *, int): GPURestartDequeued stampIdx=128 type=1
Sep  8 05:07:40.489802 kernel(IOGPUFamily)[0] <Fault>: void IOGPUScheduler::hardware_error_interrupt(IOInterruptEventSource *, int): GPURestartBegin stampIdx=128 type=1
Sep  8 05:07:40.489809 kernel(IOGPUFamily)[0] <Fault>: void IOGPUScheduler::hardware_error_interrupt(IOInterruptEventSource *, int): global restart. type=1
Sep  8 05:07:40.490212 kernel(IOGPUFamily)[0] <Fault>: void IOGPUScheduler::hardware_error_interrupt(IOInterruptEventSource *, int): GPURestartEnd stampIdx=128 type=1
Sep  8 05:07:40.494196 kernel(IOGPUFamily)[0] <Fault>: void IOGPUScheduler::signalHardwareError(eRestartRequest, int32_t): GPURestartSignaled stampIdx=128 type=1 prevType=0 numStamps=128
Sep  8 05:07:40.494204 kernel(IOGPUFamily)[0] <Fault>: void IOGPUScheduler::signalHardwareError(eRestartRequest, int32_t): GPURestartEnqueued stampIdx=128 type=1
Sep  8 05:07:40.494211 kernel(IOGPUFamily)[0] <Fault>: void IOGPUScheduler::hardware_error_interrupt(IOInterruptEventSource *, int): setting global restart type to 1
Sep  8 05:07:40.494224 kernel(IOGPUFamily)[0] <Fault>: void IOGPUScheduler::hardware_error_interrupt(IOInterruptEventSource *, int): GPURestartDequeued stampIdx=128 type=1
Sep  8 05:07:40.494231 kernel(IOGPUFamily)[0] <Fault>: void IOGPUScheduler::hardware_error_interrupt(IOInterruptEventSource *, int): GPURestartBegin stampIdx=128 type=1
Sep  8 05:07:40.494238 kernel(IOGPUFamily)[0] <Fault>: void IOGPUScheduler::hardware_error_interrupt(IOInterruptEventSource *, int): global restart. type=1
Sep  8 05:07:40.494489 kernel(IOGPUFamily)[0] <Fault>: void IOGPUScheduler::hardware_error_interrupt(IOInterruptEventSource *, int): GPURestartEnd stampIdx=128 type=1
Sep  8 05:07:40.507046 ReportCrashService[738] <Info>: GPURestartReport: event with 4 keys
Sep  8 05:07:40.513066 ReportCrashService[738] <Debug>: GPURestartReport: tailspin log disabled by default
Sep  8 05:07:40.521368 ReportCrashService[739] <Info>: GPURestartReport: event with 4 keys
Sep  8 05:07:40.521375 ReportCrashService[740] <Info>: GPURestartReport: event with 4 keys
Sep  8 05:07:40.521550 ReportCrashService[740] <Debug>: GPURestartReport: tailspin log disabled by default
Sep  8 05:07:40.521655 ReportCrashService[739] <Debug>: GPURestartReport: tailspin log disabled by default
Sep  8 05:07:40.525295 ReportCrashService[741] <Info>: GPURestartReport: event with 4 keys
Sep  8 05:07:40.527404 ReportCrashService[741] <Debug>: GPURestartReport: tailspin log disabled by default
Sep  8 05:07:40.531877 ReportCrashService[742] <Info>: GPURestartReport: event with 4 keys
Sep  8 05:07:40.532637 ReportCrashService[742] <Debug>: GPURestartReport: tailspin log disabled by default
Sep  8 05:07:42.563946 kernel(IOGPUFamily)[0] <Fault>: void IOGPUScheduler::signalHardwareError(eRestartRequest, int32_t): GPURestartSignaled stampIdx=128 type=1 prevType=0 numStamps=128
Sep  8 05:07:42.563982 kernel(IOGPUFamily)[0] <Fault>: void IOGPUScheduler::signalHardwareError(eRestartRequest, int32_t): GPURestartEnqueued stampIdx=128 type=1
Sep  8 05:07:42.564004 kernel(IOGPUFamily)[0] <Fault>: void IOGPUScheduler::hardware_error_interrupt(IOInterruptEventSource *, int): setting global restart type to 1
Sep  8 05:07:42.564029 kernel(IOGPUFamily)[0] <Fault>: void IOGPUScheduler::hardware_error_interrupt(IOInterruptEventSource *, int): GPURestartDequeued stampIdx=128 type=1
Sep  8 05:07:42.564053 kernel(IOGPUFamily)[0] <Fault>: void IOGPUScheduler::hardware_error_interrupt(IOInterruptEventSource *, int): GPURestartBegin stampIdx=128 type=1
Sep  8 05:07:42.564092 kernel(IOGPUFamily)[0] <Fault>: void IOGPUScheduler::hardware_error_interrupt(IOInterruptEventSource *, int): global restart. type=1
Sep  8 05:07:42.566112 kernel(IOGPUFamily)[0] <Fault>: void IOGPUScheduler::hardware_error_interrupt(IOInterruptEventSource *, int): GPURestartEnd stampIdx=128 type=1
Sep  8 05:07:42.596706 ReportCrashService[743] <Info>: GPURestartReport: event with 4 keys
Sep  8 05:07:42.597835 ReportCrashService[743] <Debug>: GPURestartReport: tailspin log disabled by default
Sep  8 05:07:50.483862 kernel(IOGPUFamily)[0] <Fault>: void IOGPUScheduler::signalHardwareError(eRestartRequest, int32_t): GPURestartSignaled stampIdx=128 type=1 prevType=0 numStamps=128
Sep  8 05:07:50.483878 kernel(IOGPUFamily)[0] <Fault>: void IOGPUScheduler::signalHardwareError(eRestartRequest, int32_t): GPURestartEnqueued stampIdx=128 type=1
Sep  8 05:07:50.483895 kernel(IOGPUFamily)[0] <Fault>: void IOGPUScheduler::hardware_error_interrupt(IOInterruptEventSource *, int): setting global restart type to 1
Sep  8 05:07:50.483903 kernel(IOGPUFamily)[0] <Fault>: void IOGPUScheduler::hardware_error_interrupt(IOInterruptEventSource *, int): GPURestartDequeued stampIdx=128 type=1
Sep  8 05:07:50.483909 kernel(IOGPUFamily)[0] <Fault>: void IOGPUScheduler::hardware_error_interrupt(IOInterruptEventSource *, int): GPURestartBegin stampIdx=128 type=1
Sep  8 05:07:50.483916 kernel(IOGPUFamily)[0] <Fault>: void IOGPUScheduler::hardware_error_interrupt(IOInterruptEventSource *, int): global restart. type=1
Sep  8 05:07:50.484232 kernel(IOGPUFamily)[0] <Fault>: void IOGPUScheduler::hardware_error_interrupt(IOInterruptEventSource *, int): GPURestartEnd stampIdx=128 type=1
Sep  8 05:07:50.488200 kernel(IOGPUFamily)[0] <Fault>: void IOGPUScheduler::signalHardwareError(eRestartRequest, int32_t): GPURestartSignaled stampIdx=128 type=1 prevType=0 numStamps=128
Sep  8 05:07:50.488236 kernel(IOGPUFamily)[0] <Fault>: void IOGPUScheduler::signalHardwareError(eRestartRequest, int32_t): GPURestartEnqueued stampIdx=128 type=1
Sep  8 05:07:50.488272 kernel(IOGPUFamily)[0] <Fault>: void IOGPUScheduler::hardware_error_interrupt(IOInterruptEventSource *, int): setting global restart type to 1
Sep  8 05:07:50.488292 kernel(IOGPUFamily)[0] <Fault>: void IOGPUScheduler::hardware_error_interrupt(IOInterruptEventSource *, int): GPURestartDequeued stampIdx=128 type=1
Sep  8 05:07:50.488403 kernel(IOGPUFamily)[0] <Fault>: void IOGPUScheduler::hardware_error_interrupt(IOInterruptEventSource *, int): GPURestartBegin stampIdx=128 type=1
Sep  8 05:07:50.488446 kernel(IOGPUFamily)[0] <Fault>: void IOGPUScheduler::hardware_error_interrupt(IOInterruptEventSource *, int): global restart. type=1
Sep  8 05:07:50.488931 kernel(IOGPUFamily)[0] <Fault>: void IOGPUScheduler::hardware_error_interrupt(IOInterruptEventSource *, int): GPURestartEnd stampIdx=128 type=1
Sep  8 05:07:50.496369 kernel(IOGPUFamily)[0] <Fault>: void IOGPUScheduler::signalHardwareError(eRestartRequest, int32_t): GPURestartSignaled stampIdx=128 type=1 prevType=0 numStamps=128
Sep  8 05:07:50.496376 kernel(IOGPUFamily)[0] <Fault>: void IOGPUScheduler::signalHardwareError(eRestartRequest, int32_t): GPURestartEnqueued stampIdx=128 type=1
Sep  8 05:07:50.496392 kernel(IOGPUFamily)[0] <Fault>: void IOGPUScheduler::hardware_error_interrupt(IOInterruptEventSource *, int): setting global restart type to 1
Sep  8 05:07:50.496399 kernel(IOGPUFamily)[0] <Fault>: void IOGPUScheduler::hardware_error_interrupt(IOInterruptEventSource *, int): GPURestartDequeued stampIdx=128 type=1
Sep  8 05:07:50.496683 kernel(IOGPUFamily)[0] <Fault>: void IOGPUScheduler::hardware_error_interrupt(IOInterruptEventSource *, int): GPURestartBegin stampIdx=128 type=1
Sep  8 05:07:50.496704 kernel(IOGPUFamily)[0] <Fault>: void IOGPUScheduler::hardware_error_interrupt(IOInterruptEventSource *, int): global restart. type=1
Sep  8 05:07:50.497494 kernel(IOGPUFamily)[0] <Fault>: void IOGPUScheduler::hardware_error_interrupt(IOInterruptEventSource *, int): GPURestartEnd stampIdx=128 type=1
Sep  8 05:07:50.500924 kernel(IOGPUFamily)[0] <Fault>: void IOGPUScheduler::signalHardwareError(eRestartRequest, int32_t): GPURestartSignaled stampIdx=128 type=1 prevType=0 numStamps=128
Sep  8 05:07:50.500951 kernel(IOGPUFamily)[0] <Fault>: void IOGPUScheduler::signalHardwareError(eRestartRequest, int32_t): GPURestartEnqueued stampIdx=128 type=1
Sep  8 05:07:50.500998 kernel(IOGPUFamily)[0] <Fault>: void IOGPUScheduler::hardware_error_interrupt(IOInterruptEventSource *, int): setting global restart type to 1
Sep  8 05:07:50.501014 kernel(IOGPUFamily)[0] <Fault>: void IOGPUScheduler::hardware_error_interrupt(IOInterruptEventSource *, int): GPURestartDequeued stampIdx=128 type=1
Sep  8 05:07:50.501045 kernel(IOGPUFamily)[0] <Fault>: void IOGPUScheduler::hardware_error_interrupt(IOInterruptEventSource *, int): GPURestartBegin stampIdx=128 type=1
Sep  8 05:07:50.501086 kernel(IOGPUFamily)[0] <Fault>: void IOGPUScheduler::hardware_error_interrupt(IOInterruptEventSource *, int): global restart. type=1
Sep  8 05:07:50.501501 kernel(IOGPUFamily)[0] <Fault>: void IOGPUScheduler::hardware_error_interrupt(IOInterruptEventSource *, int): GPURestartEnd stampIdx=128 type=1
Sep  8 05:07:50.504272 kernel(IOGPUFamily)[0] <Fault>: void IOGPUScheduler::signalHardwareError(eRestartRequest, int32_t): GPURestartSignaled stampIdx=128 type=1 prevType=0 numStamps=128
Sep  8 05:07:50.504279 kernel(IOGPUFamily)[0] <Fault>: void IOGPUScheduler::signalHardwareError(eRestartRequest, int32_t): GPURestartEnqueued stampIdx=128 type=1
Sep  8 05:07:50.504286 kernel(IOGPUFamily)[0] <Fault>: void IOGPUScheduler::hardware_error_interrupt(IOInterruptEventSource *, int): setting global restart type to 1
Sep  8 05:07:50.504293 kernel(IOGPUFamily)[0] <Fault>: void IOGPUScheduler::hardware_error_interrupt(IOInterruptEventSource *, int): GPURestartDequeued stampIdx=128 type=1
Sep  8 05:07:50.504304 kernel(IOGPUFamily)[0] <Fault>: void IOGPUScheduler::hardware_error_interrupt(IOInterruptEventSource *, int): GPURestartBegin stampIdx=128 type=1
Sep  8 05:07:50.504311 kernel(IOGPUFamily)[0] <Fault>: void IOGPUScheduler::hardware_error_interrupt(IOInterruptEventSource *, int): global restart. type=1
Sep  8 05:07:50.504626 kernel(IOGPUFamily)[0] <Fault>: void IOGPUScheduler::hardware_error_interrupt(IOInterruptEventSource *, int): GPURestartEnd stampIdx=128 type=1
Sep  8 05:07:50.524517 ReportCrashService[748] <Info>: GPURestartReport: event with 4 keys
Sep  8 05:07:50.524698 ReportCrashService[747] <Info>: GPURestartReport: event with 4 keys
Sep  8 05:07:50.525555 ReportCrashService[748] <Debug>: GPURestartReport: tailspin log disabled by default
Sep  8 05:07:50.525586 ReportCrashService[747] <Debug>: GPURestartReport: tailspin log disabled by default
Sep  8 05:07:50.536179 ReportCrashService[749] <Info>: GPURestartReport: event with 4 keys
Sep  8 05:07:50.538039 ReportCrashService[749] <Debug>: GPURestartReport: tailspin log disabled by default
Sep  8 05:07:50.538140 ReportCrashService[751] <Info>: GPURestartReport: event with 4 keys
Sep  8 05:07:50.538554 ReportCrashService[750] <Info>: GPURestartReport: event with 4 keys
Sep  8 05:07:50.540811 ReportCrashService[750] <Debug>: GPURestartReport: tailspin log disabled by default
Sep  8 05:07:50.541830 ReportCrashService[751] <Debug>: GPURestartReport: tailspin log disabled by default
Sep  8 05:07:52.585527 kernel(IOGPUFamily)[0] <Fault>: void IOGPUScheduler::signalHardwareError(eRestartRequest, int32_t): GPURestartSignaled stampIdx=128 type=1 prevType=0 numStamps=128
Sep  8 05:07:52.585557 kernel(IOGPUFamily)[0] <Fault>: void IOGPUScheduler::signalHardwareError(eRestartRequest, int32_t): GPURestartEnqueued stampIdx=128 type=1
Sep  8 05:07:52.585621 kernel(IOGPUFamily)[0] <Fault>: void IOGPUScheduler::hardware_error_interrupt(IOInterruptEventSource *, int): setting global restart type to 1
Sep  8 05:07:52.585652 kernel(IOGPUFamily)[0] <Fault>: void IOGPUScheduler::hardware_error_interrupt(IOInterruptEventSource *, int): GPURestartDequeued stampIdx=128 type=1
Sep  8 05:07:52.585737 kernel(IOGPUFamily)[0] <Fault>: void IOGPUScheduler::hardware_error_interrupt(IOInterruptEventSource *, int): GPURestartBegin stampIdx=128 type=1
Sep  8 05:07:52.585767 kernel(IOGPUFamily)[0] <Fault>: void IOGPUScheduler::hardware_error_interrupt(IOInterruptEventSource *, int): global restart. type=1
Sep  8 05:07:52.587333 kernel(IOGPUFamily)[0] <Fault>: void IOGPUScheduler::hardware_error_interrupt(IOInterruptEventSource *, int): GPURestartEnd stampIdx=128 type=1
Sep  8 05:07:52.668831 ReportCrashService[752] <Info>: GPURestartReport: event with 4 keys
Sep  8 05:07:52.670189 ReportCrashService[752] <Debug>: GPURestartReport: tailspin log disabled by default
Sep  8 05:07:56.748370 kernel(IOGPUFamily)[0] <Fault>: void IOGPUScheduler::signalHardwareError(eRestartRequest, int32_t): GPURestartSignaled stampIdx=128 type=1 prevType=0 numStamps=128
Sep  8 05:07:56.748401 kernel(IOGPUFamily)[0] <Fault>: void IOGPUScheduler::signalHardwareError(eRestartRequest, int32_t): GPURestartEnqueued stampIdx=128 type=1
Sep  8 05:07:56.748412 kernel(IOGPUFamily)[0] <Fault>: void IOGPUScheduler::hardware_error_interrupt(IOInterruptEventSource *, int): setting global restart type to 1
Sep  8 05:07:56.748424 kernel(IOGPUFamily)[0] <Fault>: void IOGPUScheduler::hardware_error_interrupt(IOInterruptEventSource *, int): GPURestartDequeued stampIdx=128 type=1
Sep  8 05:07:56.748461 kernel(IOGPUFamily)[0] <Fault>: void IOGPUScheduler::hardware_error_interrupt(IOInterruptEventSource *, int): GPURestartBegin stampIdx=128 type=1
Sep  8 05:07:56.748474 kernel(IOGPUFamily)[0] <Fault>: void IOGPUScheduler::hardware_error_interrupt(IOInterruptEventSource *, int): global restart. type=1
Sep  8 05:07:56.750582 kernel(IOGPUFamily)[0] <Fault>: void IOGPUScheduler::hardware_error_interrupt(IOInterruptEventSource *, int): GPURestartEnd stampIdx=128 type=1
Sep  8 05:07:56.792084 ReportCrashService[753] <Info>: GPURestartReport: event with 4 keys
Sep  8 05:07:56.793277 ReportCrashService[753] <Debug>: GPURestartReport: tailspin log disabled by default
Sep  8 05:07:57.048952 kernel(IOGPUFamily)[0] <Fault>: Invalid resource group ID 00000001
Sep  8 05:07:57.350166 kernel(IOGPUFamily)[0] <Fault>: void IOGPUScheduler::signalHardwareError(eRestartRequest, int32_t): GPURestartSignaled stampIdx=128 type=1 prevType=0 numStamps=128
Sep  8 05:07:57.350199 kernel(IOGPUFamily)[0] <Fault>: void IOGPUScheduler::signalHardwareError(eRestartRequest, int32_t): GPURestartEnqueued stampIdx=128 type=1
Sep  8 05:07:57.350232 kernel(IOGPUFamily)[0] <Fault>: void IOGPUScheduler::hardware_error_interrupt(IOInterruptEventSource *, int): setting global restart type to 1
Sep  8 05:07:57.350272 kernel(IOGPUFamily)[0] <Fault>: void IOGPUScheduler::hardware_error_interrupt(IOInterruptEventSource *, int): GPURestartDequeued stampIdx=128 type=1
Sep  8 05:07:57.350354 kernel(IOGPUFamily)[0] <Fault>: void IOGPUScheduler::hardware_error_interrupt(IOInterruptEventSource *, int): GPURestartBegin stampIdx=128 type=1
Sep  8 05:07:57.350379 kernel(IOGPUFamily)[0] <Fault>: void IOGPUScheduler::hardware_error_interrupt(IOInterruptEventSource *, int): global restart. type=1
Sep  8 05:07:57.353431 kernel(IOGPUFamily)[0] <Fault>: void IOGPUScheduler::hardware_error_interrupt(IOInterruptEventSource *, int): GPURestartEnd stampIdx=128 type=1
Sep  8 05:07:57.399698 ReportCrashService[754] <Info>: GPURestartReport: event with 4 keys
Sep  8 05:07:57.400815 ReportCrashService[754] <Debug>: GPURestartReport: tailspin log disabled by default
Sep  8 05:07:57.961694 kernel(IOGPUFamily)[0] <Fault>: void IOGPUScheduler::signalHardwareError(eRestartRequest, int32_t): GPURestartSignaled stampIdx=128 type=1 prevType=0 numStamps=128
Sep  8 05:07:57.961896 kernel(IOGPUFamily)[0] <Fault>: void IOGPUScheduler::signalHardwareError(eRestartRequest, int32_t): GPURestartEnqueued stampIdx=128 type=1
Sep  8 05:07:57.962004 kernel(IOGPUFamily)[0] <Fault>: void IOGPUScheduler::hardware_error_interrupt(IOInterruptEventSource *, int): setting global restart type to 1
Sep  8 05:07:57.962296 kernel(IOGPUFamily)[0] <Fault>: void IOGPUScheduler::hardware_error_interrupt(IOInterruptEventSource *, int): GPURestartDequeued stampIdx=128 type=1
Sep  8 05:07:57.962651 kernel(IOGPUFamily)[0] <Fault>: void IOGPUScheduler::hardware_error_interrupt(IOInterruptEventSource *, int): GPURestartBegin stampIdx=128 type=1
Sep  8 05:07:57.962768 kernel(IOGPUFamily)[0] <Fault>: void IOGPUScheduler::hardware_error_interrupt(IOInterruptEventSource *, int): global restart. type=1
Sep  8 05:07:57.964739 kernel(IOGPUFamily)[0] <Fault>: void IOGPUScheduler::hardware_error_interrupt(IOInterruptEventSource *, int): GPURestartEnd stampIdx=128 type=1
Sep  8 05:07:58.003347 ReportCrashService[755] <Info>: GPURestartReport: event with 4 keys
Sep  8 05:07:58.004586 ReportCrashService[755] <Debug>: GPURestartReport: tailspin log disabled by default
Sep  8 05:07:58.265845 kernel(IOGPUFamily)[0] <Fault>: virtual void IOGPUCommandQueue::processKernelCommand(const sIOGPUKernelCommand *, const sIOGPUKernelCommand *): Invalid eIOGPUKernelCommands enum (command_id=65536 command_size=848bytes)
Sep  8 05:07:58.570801 kernel(IOGPUFamily)[0] <Fault>: virtual void IOGPUCommandQueue::processKernelCommand(const sIOGPUKernelCommand *, const sIOGPUKernelCommand *): Invalid eIOGPUKernelCommands enum (command_id=65536 command_size=848bytes)
Sep  8 05:07:58.870994 kernel(IOGPUFamily)[0] <Fault>: Invalid resource group ID 00000001
Sep  8 05:07:59.187080 kernel(IOGPUFamily)[0] <Fault>: void IOGPUScheduler::signalHardwareError(eRestartRequest, int32_t): GPURestartSignaled stampIdx=128 type=1 prevType=0 numStamps=128
Sep  8 05:07:59.187142 kernel(IOGPUFamily)[0] <Fault>: void IOGPUScheduler::signalHardwareError(eRestartRequest, int32_t): GPURestartEnqueued stampIdx=128 type=1
Sep  8 05:07:59.187181 kernel(IOGPUFamily)[0] <Fault>: void IOGPUScheduler::hardware_error_interrupt(IOInterruptEventSource *, int): setting global restart type to 1
Sep  8 05:07:59.187207 kernel(IOGPUFamily)[0] <Fault>: void IOGPUScheduler::hardware_error_interrupt(IOInterruptEventSource *, int): GPURestartDequeued stampIdx=128 type=1
Sep  8 05:07:59.187242 kernel(IOGPUFamily)[0] <Fault>: void IOGPUScheduler::hardware_error_interrupt(IOInterruptEventSource *, int): GPURestartBegin stampIdx=128 type=1
Sep  8 05:07:59.187262 kernel(IOGPUFamily)[0] <Fault>: void IOGPUScheduler::hardware_error_interrupt(IOInterruptEventSource *, int): global restart. type=1
Sep  8 05:07:59.190307 kernel(IOGPUFamily)[0] <Fault>: void IOGPUScheduler::hardware_error_interrupt(IOInterruptEventSource *, int): GPURestartEnd stampIdx=128 type=1
Sep  8 05:07:59.225381 ReportCrashService[756] <Info>: GPURestartReport: event with 4 keys
Sep  8 05:07:59.226458 ReportCrashService[756] <Debug>: GPURestartReport: tailspin log disabled by default
Sep  8 05:07:59.653993 kernel(IOGPUFamily)[0] <Fault>: void IOGPUScheduler::signalHardwareError(eRestartRequest, int32_t): GPURestartSignaled stampIdx=1 type=1 prevType=0 numStamps=128
Sep  8 05:07:59.654095 kernel(IOGPUFamily)[0] <Fault>: void IOGPUScheduler::signalHardwareError(eRestartRequest, int32_t): GPURestartEnqueued stampIdx=1 type=1
Sep  8 05:07:59.654145 kernel(IOGPUFamily)[0] <Fault>: void IOGPUScheduler::hardware_error_interrupt(IOInterruptEventSource *, int): setting channel 1 restart type to 1
Sep  8 05:07:59.654182 kernel(IOGPUFamily)[0] <Fault>: void IOGPUScheduler::hardware_error_interrupt(IOInterruptEventSource *, int): GPURestartDequeued stampIdx=1 type=1
Sep  8 05:07:59.654205 kernel(IOGPUFamily)[0] <Fault>: void IOGPUScheduler::hardware_error_interrupt(IOInterruptEventSource *, int): GPURestartBegin stampIdx=1 type=1
Sep  8 05:07:59.656530 kernel(IOGPUFamily)[0] <Fault>: void IOGPUScheduler::hardware_error_interrupt(IOInterruptEventSource *, int): GPURestartEnd stampIdx=1 type=1
Sep  8 05:07:59.657023 kernel(IOGPUFamily)[0] <Fault>: void IOGPUScheduler::signalHardwareError(eRestartRequest, int32_t): GPURestartSignaled stampIdx=1 type=1 prevType=0 numStamps=128
Sep  8 05:07:59.657095 kernel(IOGPUFamily)[0] <Fault>: void IOGPUScheduler::signalHardwareError(eRestartRequest, int32_t): GPURestartEnqueued stampIdx=1 type=1
Sep  8 05:07:59.657125 kernel(IOGPUFamily)[0] <Fault>: void IOGPUScheduler::hardware_error_interrupt(IOInterruptEventSource *, int): setting channel 1 restart type to 1
Sep  8 05:07:59.657167 kernel(IOGPUFamily)[0] <Fault>: void IOGPUScheduler::hardware_error_interrupt(IOInterruptEventSource *, int): GPURestartDequeued stampIdx=1 type=1
Sep  8 05:07:59.657189 kernel(IOGPUFamily)[0] <Fault>: void IOGPUScheduler::hardware_error_interrupt(IOInterruptEventSource *, int): GPURestartBegin stampIdx=1 type=1
Sep  8 05:07:59.660229 kernel(IOGPUFamily)[0] <Fault>: void IOGPUScheduler::hardware_error_interrupt(IOInterruptEventSource *, int): GPURestartEnd stampIdx=1 type=1
Sep  8 05:07:59.660293 kernel(IOGPUFamily)[0] <Fault>: void IOGPUCommandQueue::retireCommandBuffer(IOGPUEventFence *): Immunity for app[backboardd] with 2 GPURestarts in 296 submissions.
Sep  8 05:07:59.705248 ReportCrashService[758] <Info>: GPURestartReport: event with 4 keys
Sep  8 05:07:59.705435 ReportCrashService[757] <Info>: GPURestartReport: event with 4 keys
Sep  8 05:07:59.706627 ReportCrashService[757] <Debug>: GPURestartReport: tailspin log disabled by default
Sep  8 05:07:59.706667 ReportCrashService[758] <Debug>: GPURestartReport: tailspin log disabled by default
Sep  8 05:08:11.404921 kernel(IOGPUFamily)[0] <Fault>: void IOGPUCommandQueue::retireCommandBuffer(IOGPUEventFence *): Clean slate for app[backboardd] with 2 GPURestarts in 0 submissions.
