[main] fuzz harness up, mode=scaler
[main] sandbox note: VCPDRM open is MACF-denied (iokit-open-user-client VCPDRMUserClient); mach-lookup com.apple.sprr / com.apple.jitbox exist but are sandbox-gated (seen in kernel log)
[open] AppleM2ScalerCSCDriver -> conn 0x6803
[scaler] conn 0x6803, s1 297 s2 298
[probe12] SetNotificationPort -> 0x00000000
[jpeg] v93: AppleJPEGDriver recon + selector sweep
[jpeg] open type 0 -> kr 0x00000000 conn 0x6903 class '?'
[jpeg] open type 1 -> kr 0x00000000 conn 0x8003 class '?'
[jpeg] open type 2 -> kr 0x00000000 conn 0x8103 class '?'
[jpeg] open type 3 -> kr 0x00000000 conn 0x8203 class '?'
[jpeg] t0 sel 0: struct=e00002c2 async=e00002c2 scalar=e00002c2 meth=e00002c2
[jpeg] t0 sel 1: struct=e00002c2 async=e00002c2 scalar=e00002c2 meth=e00002c2
[jpeg] t0 sel 2: struct=e00002c2 async=e00002c2 scalar=e00002c2 meth=e00002c2
[jpeg] t0 sel 3: struct=e00002c2 async=e00002c2 scalar=e00002c2 meth=e00002c2
[jpeg] t0 sel 4: struct=e00002c2 async=e00002c2 scalar=e00002c2 meth=e00002c2
[jpeg] t0 sel 5: struct=e00002c2 async=e00002c2 scalar=e00002c2 meth=e00002c2
[jpeg] t0 sel 6: struct=e00002c2 async=e00002c2 scalar=e00002c2 meth=e00002c2
[jpeg] t0 sel 7: struct=e00002c2 async=e00002c2 scalar=e00002c2 meth=e00002c2
[jpeg] t0 sel 8: struct=e00002c2 async=e00002c2 scalar=e00002c2 meth=e00002c2
[jpeg] t0 sel 9: struct=e00002c2 async=e00002c2 scalar=e00002c2 meth=e00002c2
[jpeg] t1 sel 0: struct=e00002c2 async=e00002c2 scalar=e00002c2 meth=e00002c2
[jpeg] t1 sel 1: struct=e00002c2 async=e00002c2 scalar=e00002c2 meth=e00002c2
[jpeg] t1 sel 2: struct=e00002c2 async=e00002c2 scalar=e00002c2 meth=e00002c2
[jpeg] t1 sel 3: struct=e00002c2 async=e00002c2 scalar=e00002c2 meth=e00002c2
[jpeg] t1 sel 4: struct=e00002c2 async=e00002c2 scalar=e00002c2 meth=e00002c2
[jpeg] t1 sel 5: struct=e00002c2 async=e00002c2 scalar=e00002c2 meth=e00002c2
[jpeg] t1 sel 6: struct=e00002c2 async=e00002c2 scalar=e00002c2 meth=e00002c2
[jpeg] t1 sel 7: struct=e00002c2 async=e00002c2 scalar=e00002c2 meth=e00002c2
[jpeg] t1 sel 8: struct=e00002c2 async=e00002c2 scalar=e00002c2 meth=e00002c2
[jpeg] t1 sel 9: struct=e00002c2 async=e00002c2 scalar=e00002c2 meth=e00002c2
[jpeg] t2 sel 0: struct=e00002c2 async=e00002c2 scalar=e00002c2 meth=e00002c2
[jpeg] t2 sel 1: struct=e00002c2 async=e00002c2 scalar=e00002c2 meth=e00002c2
[jpeg] t2 sel 2: struct=e00002c2 async=e00002c2 scalar=e00002c2 meth=e00002c2
[jpeg] t2 sel 3: struct=e00002c2 async=e00002c2 scalar=e00002c2 meth=e00002c2
[jpeg] t2 sel 4: struct=e00002c2 async=e00002c2 scalar=e00002c2 meth=e00002c2
[jpeg] t2 sel 5: struct=e00002c2 async=e00002c2 scalar=e00002c2 meth=e00002c2
[jpeg] t2 sel 6: struct=e00002c2 async=e00002c2 scalar=e00002c2 meth=e00002c2
[jpeg] t2 sel 7: struct=e00002c2 async=e00002c2 scalar=e00002c2 meth=e00002c2
[jpeg] t2 sel 8: struct=e00002c2 async=e00002c2 scalar=e00002c2 meth=e00002c2
[jpeg] t2 sel 9: struct=e00002c2 async=e00002c2 scalar=e00002c2 meth=e00002c2
[jpeg] t3 sel 0: struct=e00002c2 async=e00002c2 scalar=e00002c2 meth=e00002c2
[jpeg] t3 sel 1: struct=e00002c2 async=e00002c2 scalar=e00002c2 meth=e00002c2
[jpeg] t3 sel 2: struct=e00002c2 async=e00002c2 scalar=e00002c2 meth=e00002c2
[jpeg] t3 sel 3: struct=e00002c2 async=e00002c2 scalar=e00002c2 meth=e00002c2
[jpeg] t3 sel 4: struct=e00002c2 async=e00002c2 scalar=e00002c2 meth=e00002c2
[jpeg] t3 sel 5: struct=e00002c2 async=e00002c2 scalar=e00002c2 meth=e00002c2
[jpeg] t3 sel 6: struct=e00002c2 async=e00002c2 scalar=e00002c2 meth=e00002c2
[jpeg] t3 sel 7: struct=e00002c2 async=e00002c2 scalar=e00002c2 meth=e00002c2
[jpeg] t3 sel 8: struct=e00002c2 async=e00002c2 scalar=e00002c2 meth=e00002c2
[jpeg] t3 sel 9: struct=e00002c2 async=e00002c2 scalar=e00002c2 meth=e00002c2
[jpeg] done (alive)
[probe13] jpeg-only mode, stop
