[main] fuzz harness up, mode=scaler
[main] sandbox note: VCPDRM open is MACF-denied (iokit-open-user-client VCPDRMUserClient); mach-lookup com.apple.sprr / com.apple.jitbox exist but are sandbox-gated (seen in kernel log)
[open] AppleM2ScalerCSCDriver -> conn 0x7803
[scaler] conn 0x7803, s1 178 s2 226
[probe12] SetNotificationPort -> 0x00000000
[jpi] v122: jpeg 843 bytes, sof=208 sos=803 dqt=659 dht=227 ff00=822
[jpi] 0 control: size 16x16 drawn=1
[jpi] 1 dims-ffffxffff: decode...
[jpi] 1 dims-ffffxffff: decode rejected
[jpi] 2 dims-fffexfffe: decode...
[jpi] 2 dims-fffexfffe: decode rejected
[jpi] 3 dims-1x-ffff: decode...
[jpi] 3 dims-1x-ffff: decode rejected
[jpi] 4 dims-ffffx1: decode...
[jpi] 4 dims-ffffx1: decode rejected
[jpi] 5 dims-0x0: decode...
[jpi] 5 dims-0x0: decode rejected
[jpi] 6 dims-0x1: decode...
[jpi] 6 dims-0x1: decode rejected
[jpi] 7 dims-1x0: decode...
[jpi] 7 dims-1x0: decode rejected
[jpi] 8 prec-0: decode...
[jpi] 8 prec-0: decode rejected
[jpi] 9 prec-12: decode...
[jpi] 9 prec-12: size 16x16 drawn=1
[jpi] 10 prec-16: decode...
[jpi] 10 prec-16: decode rejected
[jpi] 11 prec-ff: decode...
[jpi] 11 prec-ff: decode rejected
[jpi] 12 ncomp-0: decode...
[jpi] 12 ncomp-0: decode rejected
[jpi] 13 ncomp-1: decode...
[jpi] 13 ncomp-1: decode rejected
[jpi] 14 ncomp-2: decode...
[jpi] 14 ncomp-2: decode rejected
[jpi] 15 ncomp-4: decode...
[jpi] 15 ncomp-4: decode rejected
[jpi] 16 ncomp-ff: decode...
[jpi] 16 ncomp-ff: decode rejected
[jpi] 17 samp-11: decode...
[jpi] 17 samp-11: size 16x16 drawn=1
[jpi] 18 samp-22: decode...
[jpi] 18 samp-22: size 16x16 drawn=1
[jpi] 19 samp-41: decode...
[jpi] 19 samp-41: size 16x16 drawn=1
[jpi] 20 samp-14: decode...
[jpi] 20 samp-14: size 16x16 drawn=1
[jpi] 21 samp-ff: decode...
[jpi] 21 samp-ff: decode rejected
[jpi] 22 ff00-ffff: decode...
[jpi] 22 ff00-ffff: size 16x16 drawn=1
[jpi] 23 ff00-ffd9: decode...
[jpi] 23 ff00-ffd9: size 16x16 drawn=1
[jpi] 24 dqt-len+1: decode...
[jpi] 24 dqt-len+1: decode rejected
[jpi] 25 dqt-len-1: decode...
[jpi] 25 dqt-len-1: decode rejected
[jpi] 26 dht-len+1: decode...
[jpi] 26 dht-len+1: decode rejected
[jpi] 27 dht-len-1: decode...
[jpi] 27 dht-len-1: decode rejected
[jpi] 28 sos-len+10: decode...
[jpi] 28 sos-len+10: decode rejected
[jpi] done (alive), cases 29
[probe13] jpegimg-only mode, stop
