22:45:26  Acquired tunnel connection to device.
22:45:26  Enabling developer disk image services.
22:45:26  Acquired usage assertion.
[main] fuzz harness up, mode=all
[main] sandbox note: VCPDRM open is MACF-denied (iokit-open-user-client VCPDRMUserClient); mach-lookup com.apple.sprr / com.apple.jitbox exist but are sandbox-gated (seen in kernel log)
[open] IOServiceOpen VCPDRMService failed: 0xe00002e2
[open] service VCPDRMServiceUserClient not found
[vcpdrm] no connection, target dead
[mig] bootstrap-name phase done; add learned names to cand_names[]
[open] AppleM2ScalerCSCDriver -> conn 0x6903
[scaler] conn 0x6903, s1 170 s2 171
[probe12] SetNotificationPort -> 0x00000000
[v61] AGX command crafting
[open] IOGPU -> conn 0x6703
[s4] sel12 size 0x4000 -> kr 0x00000000 va 100b1c000 id 1
[s4] sel12 size 0x4000 -> kr 0x00000000 va 100b24000 id 2
[gx] subtype 1 tailLen 0x4 -> kr 0x00000000 outw 0000000a
[gx] subtype 1 tailLen 0x10 -> kr 0x00000000 outw 0000000a
[gx] subtype 1 tailLen 0x40 -> kr 0x00000000 outw 0000000a
[gx] subtype 1 tailLen 0x80 -> kr 0x00000000 outw 0000000a
[gx] subtype 1 tailLen 0xc0 -> kr 0x00000000 outw 0000000a
[gx] subtype 1 tailLen 0x100 -> kr 0x00000000 outw 0000000a
[gx] subtype 2 tailLen 0x4 -> kr 0x00000000 outw 0000000a
[gx] subtype 2 tailLen 0x10 -> kr 0x00000000 outw 0000000a
[gx] subtype 2 tailLen 0x40 -> kr 0x00000000 outw 0000000a
[gx] subtype 2 tailLen 0x80 -> kr 0x00000000 outw 0000000a
[gx] subtype 2 tailLen 0xc0 -> kr 0x00000000 outw 0000000a
[gx] subtype 2 tailLen 0x100 -> kr 0x00000000 outw 0000000a
[gx] subtype 3 tailLen 0x4 -> kr 0x00000000 outw 0000000a
[gx] subtype 3 tailLen 0x10 -> kr 0x00000000 outw 0000000a
[gx] subtype 3 tailLen 0x40 -> kr 0x00000000 outw 0000000a
[gx] subtype 3 tailLen 0x80 -> kr 0x00000000 outw 0000000a
[gx] subtype 3 tailLen 0xc0 -> kr 0x00000000 outw 0000000a
[gx] subtype 3 tailLen 0x100 -> kr 0x00000000 outw 0000000a
[gx] subtype 6 tailLen 0x4 -> kr 0x00000000 outw 0000000a
[gx] subtype 6 tailLen 0x10 -> kr 0x00000000 outw 0000000a
[gx] subtype 6 tailLen 0x40 -> kr 0x00000000 outw 0000000a
[gx] subtype 6 tailLen 0x80 -> kr 0x00000000 outw 0000000a
[gx] subtype 6 tailLen 0xc0 -> kr 0x00000000 outw 0000000a
[gx] subtype 6 tailLen 0x100 -> kr 0x00000000 outw 0000000a
[gx] subtype 7 tailLen 0x4 -> kr 0x00000000 outw 0000000a
Launched application with cancer9725.turquoise1323 bundle identifier.
[gx] subtype 7 tailLen 0x10 -> kr 0x00000000 outw 0000000a
Waiting for the application to terminate…
[gx] subtype 7 tailLen 0x40 -> kr 0x00000000 outw 0000000a
[gx] subtype 7 tailLen 0x80 -> kr 0x00000000 outw 0000000a
[gx] subtype 7 tailLen 0xc0 -> kr 0x00000000 outw 0000000a
[gx] subtype 7 tailLen 0x100 -> kr 0x00000000 outw 0000000a
[v61] done (alive)
[v58] stateful command sequences, 1000000 rounds
[open] IOGPU -> conn 0x475b
[s4] sel12 size 0x4000 -> kr 0x00000000 va 100cb4000 id 1
[s4] sel12 size 0x4000 -> kr 0x00000000 va 100cbc000 id 2
[v58] done (alive)
[v57] IOMFB crop wrap test
[open] IOMobileFramebufferAP -> conn 0xa61b
[mfb] sel5 iter 0 swap 2 -> kr 0xe00002d1
[mfb] sel5 iter 1 swap 3 -> kr 0xe00002d1
[mfb] sel5 iter 2 swap 4 -> kr 0xe00002d1
[mfb] sel5 iter 3 swap 5 -> kr 0xe00002d1
[mfb] sel5 iter 4 swap 6 -> kr 0xe00002d1
[mfb] sel5 iter 5 swap 7 -> kr 0xe00002d1
[mfb] sel5 iter 6 swap 8 -> kr 0xe00002d1
[mfb] sel5 iter 7 swap 9 -> kr 0xe00002d1
[v57] done (alive)
[v56] grammar-aware command fuzz, 2000000 rounds
[open] IOGPU -> conn 0x5c1b
[s4] sel12 size 0x4000 -> kr 0x00000000 va 100cf4000 id 1
[s4] sel12 size 0x4000 -> kr 0x00000000 va 100cfc000 id 2
[s6] created 16 events
[s6] sanity type2 -> kr 0x00000000 outw 00000000 (expect 0)
ERROR: An error occurred while communicating with a remote process. (com.apple.dt.CoreDeviceError error 3 (0x03))
       ----------------------------------------
           The connection was invalidated. (com.apple.Mercury.error error 1001 (0x3E9))
           XPCConnectionDescription = <RemoteXPCPeerConnection 0x7bf6c78360> { <remote connection: 0x7bf6d78500> { type = preconnected, state = canceled, remote service name = (null), server mode = 0, protocol version number = 1, protocol feature flags = 0x6, local service version = 0, remote service version = 0, traffic class = 0, (root, reply) helo received = (1, 1), next msg id = 5, first msg id = 1, send in progress = 0, preexisting socket = -1 }
