10:56:07  Acquired tunnel connection to device.
10:56:07  Enabling developer disk image services.
10:56:07  Acquired usage assertion.
Launched application with cancer9725.turquoise1323 bundle identifier.
Waiting for the application to terminate…
[main] fuzz harness up, mode=all
[main] sandbox note: VCPDRM open is MACF-denied (iokit-open-user-client VCPDRMUserClient); mach-lookup com.apple.sprr / com.apple.jitbox exist but are sandbox-gated (seen in kernel log)
[open] IOServiceOpen VCPDRMService failed: 0xe00002e2
[open] service VCPDRMServiceUserClient not found
[vcpdrm] no connection, target dead
[open] AppleM2ScalerCSCDriver -> conn 0x6b07
[scaler] conn 0x6b07, s1 20 s2 21
[probe12] SetNotificationPort -> 0x00000000
[v37] IOService open scan
[sc] VCPDRMService                    exists, open -> 0xe00002e2
[sc] VCPDRMServiceUserClient          NOT FOUND
[sc] AppleImage4                      exists, open -> 0xe00002c2
[sc] Image4                           exists, open -> 0xe00002c2
[sc] AppleEncryptedArchive            NOT FOUND
[sc] AFKHIDTBDevice                   NOT FOUND
[sc] IOGPU                            exists, open -> 0xe00002c7
[sc] IOGPU                            OPEN OK type 1 conn 0x6203
[sc] AGXDevice                        NOT FOUND
[sc] AGXDeviceUserClient              NOT FOUND
[sc] IOGPUDevice                      NOT FOUND
[sc] AppleH16ANEInterface             NOT FOUND
[sc] ANEDevice                        NOT FOUND
[sc] AppleANE                         NOT FOUND
[sc] NeuralEngine                     NOT FOUND
[mig] bootstrap-name phase done; add learned names to cand_names[]
[sc] AppleAVD                         exists, open -> 0xe00002c1
[sc] AppleAVE2                        NOT FOUND
[sc] AppleJPEGDriver                  OPEN OK type 0 conn 0x730f
[sc] AppleJPEGDriver                  OPEN OK type 1 conn 0x731b
[sc] AppleJPEGDriver                  OPEN OK type 2 conn 0x7327
[sc] AppleJPEGDriver                  OPEN OK type 3 conn 0x7333
[sc] AppleProRes                      NOT FOUND
[sc] AppleMobileFramebuffer           NOT FOUND
[sc] IOMobileFramebufferAP            OPEN OK type 0 conn 0x733f
[sc] IOMobileFramebufferAP            OPEN OK type 1 conn 0x734b
[sc] IOMobileFramebufferAP            OPEN OK type 2 conn 0x7357
[sc] IOMobileFramebufferAP            OPEN OK type 3 conn 0x7363
[sc] AppleDisplayPipe                 NOT FOUND
[sc] AppleDPAF                        NOT FOUND
[sc] AppleDPDevice                    NOT FOUND
[sc] AppleCDM                         NOT FOUND
[sc] AppleFairPlayIOKit               NOT FOUND
[sc] AppleCredentialManager           exists, open -> 0xe00002e2
[sc] AppleSEPManager                  exists, open -> 0xe00002c2
[sc] AppleSSE                         exists, open -> 0xe00002c2
[sc] IOAudio2Device                   exists, open -> 0xe00002c1
[sc] AppleSPU                         exists, open -> 0xe00002c7
[sc] AppleSMC                         exists, open -> 0xe00002e2
[sc] ApplePMGR                        exists, open -> 0xe00002c1
[sc] AppleNVMeController              exists, open -> 0xe00002e2
[sc] AppleEmbeddedNVMeController      exists, open -> 0xe00002e2
[sc] AppleUSBHostController           exists, open -> 0xe00002c7
[sc] AppleT8132USBXHCI                NOT FOUND
[sc] AppleConvergedIPCDevice          exists, open -> 0xe00002c7
[sc] AFKSharedMemoryResource          NOT FOUND
[sc] IOSurfaceRoot                    OPEN OK type 0 conn 0x6613
[sc] IOSurface                        NOT FOUND
[sc] AppleM2ScalerCSCDriver           OPEN OK type 0 conn 0x62ab
[sc] AppleM2ScalerCSCDriver           OPEN OK type 1 conn 0x62b7
[sc] AppleM2ScalerCSCDriver           OPEN OK type 2 conn 0x62c3
[sc] AppleM2ScalerCSCDriver           OPEN OK type 3 conn 0x62cf
[sc] AppleM2ScalerParavirtDriver      NOT FOUND
[sc] AppleH16CameraInterface          NOT FOUND
[sc] AppleH13CamIn                    NOT FOUND
[sc] AppleCameraInterface             NOT FOUND
[sc] AppleBaseband                    exists, open -> 0xe00002e2
[sc] AppleBCMWLANCore                 NOT FOUND
[sc] AppleWiFi                        NOT FOUND
[sc] AppleS5L8960XUSBArbitrator       NOT FOUND
[sc] AppleAuthCP                      exists, open -> 0xe00002e2
[sc] AppleKeyStore                    OPEN OK type 0 conn 0x512b
[sc] AppleKeyStore                    OPEN OK type 1 conn 0x5133
[sc] AppleKeyStore                    OPEN OK type 2 conn 0x513b
[sc] AppleKeyStore                    OPEN OK type 3 conn 0x5143
[sc] AppleARMWatchdogTimer            exists, open -> 0xe00002c2
[sc] AppleSART                        NOT FOUND
[sc] ApplePMU                         NOT FOUND
[v37] done
[v36] histogram path probes
[hg] baseline (no histogram transform):
[hg] GetHistogram -> kr 0x00000000, written(bytes != 0xAA) 1536
[hg] no ptr-like qwords
[hg] transform binmode1-region64 -> kr 0x00000000
[hg] GetHistogram -> kr 0x00000000, written(bytes != 0xAA) 1536
[hg] no ptr-like qwords
[hg] transform binmode2-8bins -> kr 0x00000000
[hg] GetHistogram -> kr 0x00000000, written(bytes != 0xAA) 1536
[hg] no ptr-like qwords
[hg] transform binmode1-region4096 -> kr 0xe00002c2
[hg] GetHistogram -> kr 0x00000000, written(bytes != 0xAA) 1536
[hg] no ptr-like qwords
[hg] transform binmode2-region64k -> kr 0xe00002c2
[hg] GetHistogram -> kr 0x00000000, written(bytes != 0xAA) 1536
[hg] no ptr-like qwords
[v36] done (alive)
[v35] SetCustomFilter probes
[flt] type 0 a1 08000 -> kr 0xe00002c2
[flt] type 1 a1 07000 -> kr 0xe00002c2
[flt] type 2 a1 06000 -> kr 0xe00002c2
[flt] type 3 a1 05000 -> kr 0xe00002c2
[flt] type 4 a1 04000 -> kr 0xe00002c2
[flt] type 5 a1 03000 -> kr 0xe00002c2
[flt] type 6 a1 02000 -> kr 0xe00002c2
[flt] type 7 a1 01000 -> kr 0xe00002c2
[flt] combo 0 {1 1 1 1 1 1} -> kr 0xe00002c2
[flt] combo 1 {4 4 10 4 8 10} -> kr 0xe00002c2
[flt] combo 2 {100 4 10 100 8 10} -> kr 0xe00002c2
[flt] combo 3 {7000 4 10 7000 8 10} -> kr 0xe00002c2
[flt] combo 4 {ffff ff ff ffff ff ff} -> kr 0xe00002c2
[flt] set for transform -> kr 0xe00002c2
[flt] transform+customfilter 0 -> kr 0xe00002c2 checksum 4eeacbc000650383
[flt] transform+customfilter 1 -> kr 0xe00002c2 checksum 4eeacbc000650383
[flt] transform+customfilter 2 -> kr 0xe00002c2 checksum 4eeacbc000650383
[flt] transform+customfilter 3 -> kr 0xe00002c2 checksum 4eeacbc000650383
[v35] done (alive)
[v34] cross-request race v2 30s
[cr2] baseline kr 0x00000000 expect 6592108d262f3383
[open] AppleM2ScalerCSCDriver -> conn 0x5923
[cr2] 4 iters, 0 corrupted
[v34] done (alive)
[v33] fault-oracle mapping
[or] bfX 0x00000 -> kr 0x00000000 changed 8192 first 0x0
[or] bfX 0x01000 -> kr 0x00000000 changed 8192 first 0x0
[or] bfX 0x02000 -> kr 0x00000000 changed 8192 first 0x0
[or] bfX 0x03000 -> kr 0x00000000 changed 8192 first 0x0
[or] bfX 0x04000 -> kr 0x00000000 changed 8192 first 0x0
[or] bfX 0x05000 -> kr 0x00000000 changed 8192 first 0x0
[or] bfX 0x06000 -> kr 0x00000000 changed 8192 first 0x0
[or] bfX 0x07000 -> kr 0x00000000 changed 8192 first 0x0
[or] bfX 0x08000 -> kr 0x00000000 changed 8192 first 0x0
[or] bfX 0x09000 -> kr 0x00000000 changed 8192 first 0x0
[or] bfX 0x0a000 -> kr 0x00000000 changed 8192 first 0x0
[or] bfX 0x0b000 -> kr 0x00000000 changed 8192 first 0x0
[or] bfX 0x0c000 -> kr 0x00000000 changed 8192 first 0x0
[or] bfX 0x0d000 -> kr 0x00000000 changed 8192 first 0x0
[or] bfX 0x0e000 -> kr 0x00000000 changed 8192 first 0x0
[or] bfX 0x0f000 -> kr 0x00000000 changed 8192 first 0x0
[or] bfX 0x10000 -> kr 0x00000000 changed 8192 first 0x0
[or] bfX 0x11000 -> kr 0x00000000 changed 8192 first 0x0
[or] bfX 0x12000 -> kr 0x00000000 changed 8192 first 0x0
[or] bfX 0x13000 -> kr 0x00000000 changed 8192 first 0x0
[or] bfX 0x14000 -> kr 0x00000000 changed 8192 first 0x0
[or] bfX 0x15000 -> kr 0x00000000 changed 8192 first 0x0
[or] bfX 0x16000 -> kr 0x00000000 changed 8192 first 0x0
[or] bfX 0x17000 -> kr 0x00000000 changed 8192 first 0x0
[or] bfX 0x18000 -> kr 0x00000000 changed 8192 first 0x0
[or] bfX 0x19000 -> kr 0x00000000 changed 8192 first 0x0
[or] bfX 0x1a000 -> kr 0x00000000 changed 8192 first 0x0
[or] bfX 0x1b000 -> kr 0x00000000 changed 8192 first 0x0
[or] bfX 0x1c000 -> kr 0x00000000 changed 8192 first 0x0
[or] bfX 0x1d000 -> kr 0x00000000 changed 8192 first 0x0
[or] bfX 0x1e000 -> kr 0x00000000 changed 8192 first 0x0
[or] bfX 0x1f000 -> kr 0x00000000 changed 8192 first 0x0
[or] bfY 0x00000 -> kr 0xe00002c2 changed -1 first 0xffffffffffffffff
[or] bfY 0x00800 -> kr 0xe00002c2 changed -1 first 0xffffffffffffffff
[or] bfY 0x01000 -> kr 0xe00002c2 changed -1 first 0xffffffffffffffff
[or] bfY 0x01800 -> kr 0xe00002c2 changed -1 first 0xffffffffffffffff
[or] bfY 0x02000 -> kr 0xe00002c2 changed -1 first 0xffffffffffffffff
[or] bfY 0x02800 -> kr 0xe00002c2 changed -1 first 0xffffffffffffffff
[or] bfY 0x03000 -> kr 0xe00002c2 changed -1 first 0xffffffffffffffff
[or] bfY 0x03800 -> kr 0xe00002c2 changed -1 first 0xffffffffffffffff
[or] bfY 0x04000 -> kr 0xe00002c2 changed -1 first 0xffffffffffffffff
[or] bfY 0x04800 -> kr 0xe00002c2 changed -1 first 0xffffffffffffffff
[or] bfY 0x05000 -> kr 0xe00002c2 changed -1 first 0xffffffffffffffff
[or] bfY 0x05800 -> kr 0xe00002c2 changed -1 first 0xffffffffffffffff
[or] bfY 0x06000 -> kr 0xe00002c2 changed -1 first 0xffffffffffffffff
[or] bfY 0x06800 -> kr 0xe00002c2 changed -1 first 0xffffffffffffffff
[or] bfY 0x07000 -> kr 0xe00002c2 changed -1 first 0xffffffffffffffff
[or] bfY 0x07800 -> kr 0xe00002c2 changed -1 first 0xffffffffffffffff
[or] bfY 0x08000 -> kr 0xe00002c2 changed -1 first 0xffffffffffffffff
[or] bfY 0x08800 -> kr 0xe00002c2 changed -1 first 0xffffffffffffffff
[or] bfY 0x09000 -> kr 0xe00002c2 changed -1 first 0xffffffffffffffff
[or] bfY 0x09800 -> kr 0xe00002c2 changed -1 first 0xffffffffffffffff
[or] bfY 0x0a000 -> kr 0xe00002c2 changed -1 first 0xffffffffffffffff
[or] bfY 0x0a800 -> kr 0xe00002c2 changed -1 first 0xffffffffffffffff
[or] bfY 0x0b000 -> kr 0xe00002c2 changed -1 first 0xffffffffffffffff
[or] bfY 0x0b800 -> kr 0xe00002c2 changed -1 first 0xffffffffffffffff
[or] bfY 0x0c000 -> kr 0xe00002c2 changed -1 first 0xffffffffffffffff
[or] bfY 0x0c800 -> kr 0xe00002c2 changed -1 first 0xffffffffffffffff
[or] bfY 0x0d000 -> kr 0xe00002c2 changed -1 first 0xffffffffffffffff
[or] bfY 0x0d800 -> kr 0xe00002c2 changed -1 first 0xffffffffffffffff
[or] bfY 0x0e000 -> kr 0xe00002c2 changed -1 first 0xffffffffffffffff
[or] bfY 0x0e800 -> kr 0xe00002c2 changed -1 first 0xffffffffffffffff
[or] bfY 0x0f000 -> kr 0xe00002c2 changed -1 first 0xffffffffffffffff
[or] bfY 0x0f800 -> kr 0xe00002c2 changed -1 first 0xffffffffffffffff
[or] bfY 0x10000 -> kr 0xe00002c2 changed -1 first 0xffffffffffffffff
[or] bfY 0x10800 -> kr 0xe00002c2 changed -1 first 0xffffffffffffffff
[or] bfY 0x11000 -> kr 0xe00002c2 changed -1 first 0xffffffffffffffff
[or] bfY 0x11800 -> kr 0xe00002c2 changed -1 first 0xffffffffffffffff
[or] bfY 0x12000 -> kr 0xe00002c2 changed -1 first 0xffffffffffffffff
[or] bfY 0x12800 -> kr 0xe00002c2 changed -1 first 0xffffffffffffffff
[or] bfY 0x13000 -> kr 0xe00002c2 changed -1 first 0xffffffffffffffff
[or] bfY 0x13800 -> kr 0xe00002c2 changed -1 first 0xffffffffffffffff
[or] bfY 0x14000 -> kr 0xe00002c2 changed -1 first 0xffffffffffffffff
[or] bfY 0x14800 -> kr 0xe00002c2 changed -1 first 0xffffffffffffffff
[or] bfY 0x15000 -> kr 0xe00002c2 changed -1 first 0xffffffffffffffff
[or] bfY 0x15800 -> kr 0xe00002c2 changed -1 first 0xffffffffffffffff
[or] bfY 0x16000 -> kr 0xe00002c2 changed -1 first 0xffffffffffffffff
[or] bfY 0x16800 -> kr 0xe00002c2 changed -1 first 0xffffffffffffffff
[or] bfY 0x17000 -> kr 0xe00002c2 changed -1 first 0xffffffffffffffff
[or] bfY 0x17800 -> kr 0xe00002c2 changed -1 first 0xffffffffffffffff
[or] bfY 0x18000 -> kr 0xe00002c2 changed -1 first 0xffffffffffffffff
[or] bfY 0x18800 -> kr 0xe00002c2 changed -1 first 0xffffffffffffffff
[or] bfY 0x19000 -> kr 0xe00002c2 changed -1 first 0xffffffffffffffff
[or] bfY 0x19800 -> kr 0xe00002c2 changed -1 first 0xffffffffffffffff
[or] bfY 0x1a000 -> kr 0xe00002c2 changed -1 first 0xffffffffffffffff
[or] bfY 0x1a800 -> kr 0xe00002c2 changed -1 first 0xffffffffffffffff
[or] bfY 0x1b000 -> kr 0xe00002c2 changed -1 first 0xffffffffffffffff
[or] bfY 0x1b800 -> kr 0xe00002c2 changed -1 first 0xffffffffffffffff
[or] bfY 0x1c000 -> kr 0xe00002c2 changed -1 first 0xffffffffffffffff
[or] bfY 0x1c800 -> kr 0xe00002c2 changed -1 first 0xffffffffffffffff
[or] bfY 0x1d000 -> kr 0xe00002c2 changed -1 first 0xffffffffffffffff
[or] bfY 0x1d800 -> kr 0xe00002c2 changed -1 first 0xffffffffffffffff
[or] bfY 0x1e000 -> kr 0xe00002c2 changed -1 first 0xffffffffffffffff
[or] bfY 0x1e800 -> kr 0xe00002c2 changed -1 first 0xffffffffffffffff
[or] bfY 0x1f000 -> kr 0xe00002c2 changed -1 first 0xffffffffffffffff
[or] bfY 0x1f800 -> kr 0xe00002c2 changed -1 first 0xffffffffffffffff
[v33] done (alive)
[v32] diag dart-error capture
[s] kill-shot -> kr 0xe00002d6
[dd] +0x1f20: e149d04b1b730001 -> e1affda900b80001
[dd] +0x1f30: 0000014c00000000 -> 0000014200000000
[dd] +0x1f38: 0000000000000001 -> 0001000000020000
[dd] +0x1f98: 00e0000100000000 -> 01e0000100000000
[dd] +0x1fa0: 00000045e149d04d -> 00000045e1affdbd
[dd] +0x1fb0: 0001000000000142 -> 0000000000000214
[dd] +0x1fb8: 626d359900010000 -> 243840f700000001
[dd] +0x1fc0: 0000000069b758dd -> 00000000248cb1e6
[dd] +0x1fc8: a15aa48c3422faf7 -> 45be10db4c851447
[dd] +0x1fd0: 67ee2c33ee669279 -> c53b0ae6fcadc16f
[dd] +0x1fe0: 0000000000000000 -> 4f3e6a36e11e84e1
[dd] +0x1fe8: 0000000000000000 -> dcddf521102c221b
[dd] +0x2010: 000000000000006a -> 000000000000006f
[dd] +0x2018: e149d04e16de0001 -> e1affdf0014a0001
[dd] +0x2028: 0000013500000000 -> 0000020000000000
[dd] +0x2030: 0000000000000110 -> 0000000001000100
[dd] +0x2038: 69b758dd626d3599 -> 248cb1e6243840f7
[dd] +0x2040: 3422faf700000000 -> 4c85144700000000
[dd] +0x2048: ee669279a15aa48c -> fcadc16f45be10db
[dd] +0x2050: 38636ae167ee2c33 -> 38636ae1c53b0ae6
[dd] +0x2058: 00000000ed8a12c0 -> e11e84e1ed8a12c0
[dd] +0x2060: 0000000000000000 -> 102c221b4f3e6a36
[dd] +0x2068: 0000000000000000 -> 00000000dcddf521
[dd] +0x2088: 0000006a00000000 -> 0000006f00000000
[dd] +0x2090: 1ce4010100000000 -> 1b73000100000000
[dd] +0x2098: 00000045e149d08a -> 00000045e1affdf6
[dd] +0x20a8: 1ce8f6a70000010b -> 000000000000014c
[dd] +0x20b0: 0000000068afbc80 -> 0000000000000000
[dd] +0x2110: e149d1121d070001 -> e1affe1812f30001
[dd] +0x2120: 0000011900000000 -> 0000010400000000
[dd] +0x2128: 0100000000000000 -> 0000000100010100
[dd] +0x2188: 1ce4010100000000 -> 0deb010100000000
[dd] +0x2190: 00000045e149d1b7 -> 00000045e1affe73
[dd] +0x21a0: 94275fd30000010b -> 243840f700000126
[dd] +0x21a8: 00000000db6f0911 -> 00000000248cb1e6
[dd] +0x2208: e149d1d51d070001 -> e1b0050401b80001
[dd] +0x2210: 0001c34f00000045 -> 0000040000000045
[dd] +0x2218: 0000011900000000 -> 0000021c00000000
[dd] +0x2220: 0100000080000000 -> 0000004100010000
[dd] +0x2280: 0dd3010100000000 -> 00aa000100000000
[dd] +0x2288: 00000045e149d5cf -> 00000045e1b0050c
[dd] +0x2290: 000000000001c34f -> 0000000000000400
[dd] +0x2298: 626d35990000011e -> 0000012000000142
[dd] +0x22a0: 0000000069b758dd -> 0000000000000000
[dd] +0x2300: e149d5d416d50001 -> e1b0050f00b80001
[dd] +0x2308: 0001c34f00000045 -> 0000040000000045
[dd] +0x2310: 0000013500000000 -> 0000014200000000
[dd] +0x2318: 0000000000010001 -> 0001000000030000
[dd] +0x2320: 69b758dd626d3599 -> 0000000000000000
[dd] +0x2328: 3422faf700000000 -> 0000000000000000
[dd] +0x2330: ee669279a15aa48c -> 0000000000000000
[dd] +0x2338: 38636ae167ee2c33 -> 0000000000000000
[dd] +0x2340: 00000000ed8a12c0 -> 0000000000000000
[dd] +0x2370: 0000006a00000000 -> 0000000000000000
[dd] +0x2378: 00aa000100000000 -> 0236000100000000
[dd] +0x2380: 00000045e149d5d5 -> 00000045e1b00536
[dd] +0x2388: 000000000001c34f -> 0000000000000400
[dd] +0x2390: 0000001000000142 -> 0001010000000218
[dd] +0x2398: 626d359900000000 -> 243840f700000000
[dd] +0x23a0: 0000000069b758dd -> 00000000248cb1e6
[dd] +0x23a8: a15aa48c3422faf7 -> 45be10db4c851447
[dd] +0x23b0: 67ee2c33ee669279 -> c53b0ae6fcadc16f
[dd] +0x23c0: 0000000000000000 -> 4f3e6a36e11e84e1
[dd] +0x23c8: 0000000000000000 -> dcddf521102c221b
[dd] +0x23f0: 000000000000006a -> 000000000000006f
[dd] +0x23f8: e149d5d700f60001 -> e1b0053b00aa0001
[dd] +0x2400: 0001c34f00000045 -> 0000040000000045
[dd] +0x2410: ffff000000000000 -> 0000000000000030
[dd] +0x2418: 69b758dd626d3599 -> 0000000000000000
[dd] +0x2420: 3422faf700000000 -> 0000000000000000
[dd] +0x2428: ee669279a15aa48c -> 0000000000000000
[dd] +0x2430: 38636ae167ee2c33 -> 0000000000000000
[dd] +0x2438: 00000000ed8a12c0 -> 0000000000000000
[dd] +0x2468: 0000006a00000000 -> 0000000000000000
[dd] +0x2470: 008b000100000000 -> 00f6000100000000
[dd] +0x2478: 00000045e149d682 -> 00000045e1b0053d
[dd] +0x2480: 000000000001c34f -> 0000000000000400
[dd] +0x2488: 0000000100000132 -> 0002000000000142
[dd] +0x2490: 0000000000000000 -> 00000000ffff0000
[dd] +0x24f0: e149d69b00b40001 -> e1b0055201610001
[dd] +0x24f8: 0001c34f00000045 -> 0000040000000045
[dd] +0x2500: 0000013200000000 -> 0000020400000000
[dd] +0x2508: 0000000000000100 -> 0000000001010100
[dd] +0x2510: 0000000000000000 -> 248cb1e6243840f7
[dd] +0x2518: 0000000000000000 -> 4c85144700000000
[dd] +0x2520: 0000000000000000 -> fcadc16f45be10db
[dd] +0x2528: 0000000000000000 -> 38636ae1c53b0ae6
[dd] +0x2530: 0000000000000000 -> e11e84e1ed8a12c0
[dd] +0x2538: 0000000000000000 -> 102c221b4f3e6a36
[dd] +0x2540: 0000000000000000 -> 00000000dcddf521
[dd] +0x2560: 0000000000000000 -> 0000006f00000000
[dd] +0x2568: 00bd000100000000 -> 01a9000100000000
[dd] +0x2570: 00000045e149d69c -> 00000045e1b00563
[dd] +0x2578: 000000000001c34f -> 0000000000000400
[dd] +0x2580: 0000010100000132 -> 0000000000000210
[dd] +0x2588: 0000000000000000 -> 243840f700000001
[dd] +0x2590: 0000000000000000 -> 00000000248cb1e6
[dd] +0x2598: 0000000000000000 -> 45be10db4c851447
[dd] +0x25a0: 0000000000000000 -> c53b0ae6fcadc16f
[dd] +0x25a8: 0000000000000000 -> ed8a12c038636ae1
[dd] +0x25b0: 0000000000000000 -> 4f3e6a36e11e84e1
[dd] +0x25b8: 0000000000000000 -> dcddf521102c221b
[dd] +0x25e0: 0000000000000000 -> 000000000000006f
[dd] +0x25e8: e149d69e00b90001 -> e1b0057300aa0001
[dd] +0x25f0: 0001c34f00000045 -> 0000040000000045
[dd] +0x25f8: 0000014100000000 -> 0000014200000000
[dd] +0x2600: 0000000000000000 -> 0000000000000020
[dd] +0x2660: 0230000100000000 -> 00f6000100000000
[dd] +0x2668: 00000045e149d6a0 -> 00000045e1b00574
[dd] +0x2670: 000000000001c34f -> 0000000000000400
[dd] +0x2678: 000010100000011d -> 0001000000000142
[dd] +0x2680: 0000000000000000 -> 00000000ffff0000
[dd] +0x26e0: e149d84b00750001 -> e9d3610a19800001
[dd] +0x26e8: 0001c34f00000045 -> 0001297900000045
[dd] +0x26f0: 0000017f00000000 -> 0000018600000000
[dd] +0x26f8: 0000000000dd0000 -> 0000000000010106
[dd] +0x2758: 00fc000100000000 -> 1980000100000000
[dd] +0x2760: 00000045e149db98 -> 00000045eb41fa26
[dd] +0x2768: 000000000001c34f -> 0000000000012979
[dd] +0x2770: 000000000000014a -> 0001010600000186
[dd] +0x27d8: e149dba31b730001 -> ecb0952019800001
[dd] +0x27e0: 0001c34f00000045 -> 0001297900000045
[dd] +0x27e8: 0000014c00000000 -> 0000018600000000
[dd] +0x27f0: 0000000000000001 -> 0000000000010106
[dd] +0x2850: 16de000100000000 -> 1980000100000000
[dd] +0x2858: 00000045e149dba5 -> 00000045ee1f2d11
[dd] +0x2860: 000000000001c34f -> 0000000000012979
[dd] +0x2868: 0000000000000135 -> 0001010600000186
[dd] +0x2870: 626d359900000000 -> 0000000000000000
[dd] +0x2878: 0000000069b758dd -> 0000000000000000
[dd] +0x2880: a15aa48c3422faf7 -> 0000000000000000
[dd] +0x2888: 67ee2c33ee669279 -> 0000000000000000
[dd] +0x2890: ed8a12c038636ae1 -> 0000000000000000
[dd] +0x28c8: 000000000000006a -> 0000000000000000
[dd] +0x28d0: e149dc3e1d270001 -> ef8dc44d19800001
[dd] +0x28d8: 0001c34f00000045 -> 0001297900000045
[dd] +0x28e0: 0000011a00000000 -> 0000018600000000
[dd] +0x28e8: 0100000000000000 -> 0000000000010106
[dd] +0x2948: 1d27000100000000 -> 1980000100000000
[dd] +0x2950: 00000045e149dc5f -> 00000045f0fc5bef
[dd] +0x2958: 000000000001c34f -> 0000000000012979
[dd] +0x2960: 800000000000011a -> 0001010600000186
[dd] +0x2968: 0000000001000000 -> 0000000000000000
[dd] +0x29c8: e149dc6313970001 -> f10c31af10100001
[dd] +0x29d0: 0001c34f00000045 -> 0000040000000045
[dd] +0x29d8: 0000010d00000000 -> 0000010800000000
[dd] +0x29e0: 0000000000000019 -> 0000000200000001
[dd] +0x29e8: 69b758dd626d3599 -> 0000000000000000
[dd] +0x29f0: 3422faf700000000 -> 0000000000000000
[dd] +0x29f8: ee669279a15aa48c -> 0000000000000000
[dd] +0x2a00: 38636ae167ee2c33 -> 0000000000000000
[dd] +0x2a08: 00000000ed8a12c0 -> 0000000000000000
[dd] +0x2a38: 0000006a00000000 -> 0000000000000000
[dd] +0x2a40: 139d000100000000 -> 104a000100000000
[dd] +0x2a48: 00000045e149dc6a -> 00000045f10c3630
[dd] +0x2a50: 000000000001c34f -> 0000000000000400
[dd] +0x2a58: 0000001a0000010d -> 0000006000000109
[dd] +0x2a60: 626d359900000000 -> 0000000000000000
[dd] +0x2a68: 0000000069b758dd -> 0000000000000000
[dd] +0x2a70: a15aa48c3422faf7 -> 0000000000000000
[dd] +0x2a78: 67ee2c33ee669279 -> 0000000000000000
[dd] +0x2a80: ed8a12c038636ae1 -> 0000000000000000
[dd] +0x2ab8: 000000000000006a -> 0000000000000000
[dd] +0x2ac0: e149dc751c1e0001 -> f10c79011b730001
[dd] +0x2ac8: 0001c34f00000045 -> 0000040000000045
[dd] +0x2ad0: 0000018300000000 -> 0000014c00000000
[dd] +0x2ad8: f0000f0400000000 -> 0000000000000000
[dd] +0x2b38: 13c8000100000000 -> 1130000100000000
[dd] +0x2b40: 00000045e149dc7d -> 00000045f10c7913
[dd] +0x2b48: 000000000001c34f -> 0000000000000400
[dd] +0x2b50: 0000000100000120 -> 0001000000000121
[dd] +0x2b58: 626d359900000000 -> 0000000000000000
[dd] +0x2b60: 0000000069b758dd -> 0000000000000000
[dd] +0x2b68: a15aa48c3422faf7 -> 0000000000000000
[dd] +0x2b70: 67ee2c33ee669279 -> 0000000000000000
[dd] +0x2b78: ed8a12c038636ae1 -> 0000000000000000
[dd] +0x2bb0: 000000000000006a -> 0000000000000000
[dd] +0x2bb8: e149deb60deb0101 -> f10c792e03ad0001
[dd] +0x2bc0: 0001c34f00000045 -> 0000040000000045
[dd] +0x2bc8: 0000012600000000 -> 0000012700000000
[dd] +0x2bd0: 69b758dd626d3599 -> 0000000000000002
[dd] +0x2c30: 022c010100000000 -> 00a0000100000000
[dd] +0x2c38: 00000045e149dfa3 -> 00000045f10c7a01
[dd] +0x2c40: 000000000001c34f -> 0000000000000400
[dd] +0x2c48: 38636ae100000115 -> 0000001100000224
[dd] +0x2c50: 00000000ed8a12c0 -> 0000000000000000
[dd] +0x2cb0: e15e0da80aa90001 -> f10c7a401b730001
[dd] +0x2cb8: 0001c34f00000045 -> 0000040000000045
[dd] +0x2cc0: 0000011f00000000 -> 0000014c00000000
[dd] +0x2cc8: 000000020044c3bc -> 0000000000000001
[dd] +0x2cd0: 248cb1e6243840f7 -> 0000000000000000
[dd] +0x2cd8: 0000000000000008 -> 0000000000000000
[dd] +0x2ce8: 38636ae100000000 -> 0000000000000000
[dd] +0x2cf0: 00000000ed8a12c0 -> 0000000000000000
[dd] +0x2d20: 0000006b00000000 -> 0000000000000000
[dd] +0x2d28: 1b20000100000000 -> 11a0000100000000
[dd] +0x2d30: 00000045e15e0e03 -> 00000045f10c7acb
[dd] +0x2d38: 000000000001c34f -> 0000000000000400
[dd] +0x2d40: 00000f0400000149 -> 0000000000000122
[dd] +0x2d48: 243840f700000000 -> 243840f70000c3c0
[dd] +0x2d50: 00000008248cb1e6 -> 00000000248cb1e6
[dd] +0x2d58: a15aa48c3422faf7 -> 45be10db4c851447
[dd] +0x2d60: 67ee2c33ee669279 -> c53b0ae6fcadc16f
[dd] +0x2d70: 0000000000000000 -> 4f3e6a36e11e84e1
[dd] +0x2d78: 0000000000000000 -> dcddf521102c221b
[dd] +0x2da0: 000000000000006b -> 000000000000006f
[dd] +0x2da8: e15e0e051c250001 -> f10c7b4c126a0001
[dd] +0x2db0: 0001c34f00000045 -> 0000040000000045
[dd] +0x2db8: 0000018200000000 -> 0000012a00000000
[dd] +0x2dc0: 10000f040000f040 -> 0000000000000000
[dd] +0x2dc8: 0000000000000000 -> 248cb1e6243840f7
[dd] +0x2dd0: 0000000000000000 -> 4c85144700000000
[dd] +0x2dd8: 0000000000000000 -> fcadc16f45be10db
[dd] +0x2de0: 0000000000000000 -> 38636ae1c53b0ae6
[dd] +0x2de8: 0000000000000000 -> e11e84e1ed8a12c0
[dd] +0x2df0: 0000000000000000 -> 102c221b4f3e6a36
[dd] +0x2df8: 0000000000000000 -> 00000000dcddf521
[dd] +0x2e18: 0000000000000000 -> 0000006f00000000
[dd] +0x2e20: 1b3e000100000000 -> 11cc000100000000
[dd] +0x2e28: 00000045e15e0e06 -> 00000045f10c7b50
[dd] +0x2e30: 000000000001c34f -> 0000000000000400
[dd] +0x2e38: 0000000000000148 -> 0000010100000106
[dd] +0x2e50: a15aa48c3422faf7 -> 45be10db4c851447
[dd] +0x2e58: 67ee2c33ee669279 -> c53b0ae6fcadc16f
[dd] +0x2e68: 0000000000000000 -> 4f3e6a36e11e84e1
[dd] +0x2e70: 0000000000000000 -> dcddf521102c221b
[dd] +0x2e98: 000000000000006b -> 000000000000006f
[dd] +0x2ea0: e15e0e0b0cb70001 -> f10c7b6710c50001
[dd] +0x2ea8: 0001c34f00000045 -> 0000040000000045
[dd] +0x2eb0: 0000012500000000 -> 0000010600000000
[dd] +0x2eb8: 000000000044c3bc -> 0000000000000010
[dd] +0x2ec8: 3422faf700000000 -> 4c85144700000000
[dd] +0x2ed0: ee669279a15aa48c -> fcadc16f45be10db
[dd] +0x2ed8: 38636ae167ee2c33 -> 38636ae1c53b0ae6
[dd] +0x2ee0: 00000000ed8a12c0 -> e11e84e1ed8a12c0
[dd] +0x2ee8: 0000000000000000 -> 102c221b4f3e6a36
[dd] +0x2ef0: 0000000000000000 -> 00000000dcddf521
[dd] +0x2f10: 0000006b00000000 -> 0000006f00000000
[dd] +0x2f18: 15f4010100000000 -> 07bf000100000000
[dd] +0x2f20: 00000045e15e1570 -> 00000045f10c7bb5
[dd] +0x2f28: 000000000001c34f -> 0000000000000400
[dd] +0x2f30: 1ce8f6a70000010a -> 0001101000000105
[dd] +0x2f38: 243840f768afbc80 -> 243840f700000000
[dd] +0x2f48: a15aa48c3422faf7 -> 45be10db4c851447
[dd] +0x2f50: 67ee2c33ee669279 -> c53b0ae6fcadc16f
[dd] +0x2f60: 0000000000000000 -> 4f3e6a36e11e84e1
[dd] +0x2f68: 0000000000000000 -> dcddf521102c221b
[dd] +0x2f90: 000000000000006b -> 000000000000006f
[dd] +0x2f98: e15e157615fd0101 -> f10c7cd400aa0001
[dd] +0x2fa0: 0001c34f00000045 -> 0000040000000045
[dd] +0x2fa8: 0000010c00000000 -> 0000014200000000
[dd] +0x2fb0: 67ee2c33ee669279 -> 0000000000000010
[dd] +0x2fc0: 3422faf700000000 -> 4c85144700000000
[dd] +0x2fc8: ee669279a15aa48c -> fcadc16f45be10db
[dd] +0x2fd0: 38636ae167ee2c33 -> 38636ae1c53b0ae6
[dd] +0x2fd8: 00000000ed8a12c0 -> e11e84e1ed8a12c0
[dd] +0x2fe0: 0000000000000000 -> 102c221b4f3e6a36
[dd] +0x2fe8: 0000000000000000 -> 00000000dcddf521
[dd] +0x3008: 0000006b00000000 -> 0000006f00000000
[dd] +0x3010: 15f4010100000000 -> 00f6000100000000
[dd] +0x3018: 00000045e15e15de -> 00000045f10c7cee
[dd] +0x3020: 000000000001c34f -> 0000000000000400
[dd] +0x3028: 94275fd30000010a -> 0000000000000142
[dd] +0x3030: 243840f7db6f0911 -> 243840f7ffff0000
[dd] +0x3040: a15aa48c3422faf7 -> 45be10db4c851447
[dd] +0x3048: 67ee2c33ee669279 -> c53b0ae6fcadc16f
[dd] +0x3058: 0000000000000000 -> 4f3e6a36e11e84e1
[dd] +0x3060: 0000000000000000 -> dcddf521102c221b
[dd] +0x3088: 000000000000006b -> 000000000000006f
[dd] +0x3090: e15e15e315fd0101 -> f10c7dc8008b0001
[dd] +0x3098: 0001c34f00000045 -> 0000040000000045
[dd] +0x30a0: 0000010c00000000 -> 0000013200000000
[dd] +0x30a8: a15aa48c3422faf7 -> 0000000000000001
[dd] +0x30b0: 248cb1e6243840f7 -> 0000000000000000
[dd] +0x30b8: 3422faf700000000 -> 0000000000000000
[dd] +0x30c0: ee669279a15aa48c -> 0000000000000000
[dd] +0x30c8: 38636ae167ee2c33 -> 0000000000000000
[dd] +0x30d0: 00000000ed8a12c0 -> 0000000000000000
[dd] +0x3100: 0000006b00000000 -> 0000000000000000
[dd] +0x3108: 16d5000100000000 -> 00b4000100000000
[dd] +0x3110: 00000045e15e168d -> 00000045f10c7dea
[dd] +0x3118: 000000000001c34f -> 0000000000000400
[dd] +0x3120: 0000100100000135 -> 0000010000000132
[dd] +0x3128: 243840f700000000 -> 0000000000000000
[dd] +0x3130: 00000000248cb1e6 -> 0000000000000000
[dd] +0x3138: a15aa48c3422faf7 -> 0000000000000000
[dd] +0x3140: 67ee2c33ee669279 -> 0000000000000000
[dd] +0x3148: ed8a12c038636ae1 -> 0000000000000000
[dd] +0x3180: 000000000000006b -> 0000000000000000
[dd] +0x3188: e15e16a200aa0001 -> f10c7dec00bd0001
[dd] +0x3190: 0001c34f00000045 -> 0000040000000045
[dd] +0x3198: 0000014200000000 -> 0000013200000000
[dd] +0x31a0: 0000000000000100 -> 0000000000000101
[dd] +0x31a8: 248cb1e6243840f7 -> 0000000000000000
[dd] +0x31b0: 3422faf700000000 -> 0000000000000000
[dd] +0x31b8: ee669279a15aa48c -> 0000000000000000
[dd] +0x31c0: 38636ae167ee2c33 -> 0000000000000000
[dd] +0x31c8: 00000000ed8a12c0 -> 0000000000000000
[dd] +0x31f8: 0000006b00000000 -> 0000000000000000
[dd] +0x3208: 00000045e15e16b0 -> 00000045f10c7e5b
[dd] +0x3210: 000000000001c34f -> 0000000000000400
[dd] +0x3218: 0000000100000141 -> 0000000000000141
[dd] +0x3280: e15e1f8600750001 -> f10c7e5e02300001
[dd] +0x3288: 0001c34f00000045 -> 0000040000000045
[dd] +0x3290: 0000017f00000000 -> 0000011d00000000
[dd] +0x3298: 0000000000dd0100 -> 0000000000001010
[dd] +0x32f8: 0230000100000000 -> 0075000100000000
[dd] +0x3300: 00000045e15e1f8d -> 00000045f10c81ac
[dd] +0x3308: 000000000001c34f -> 0000000000000400
[dd] +0x3310: 000010010000011d -> 00dd00000000017f
[dd] +0x3378: e15e22ef00fc0001 -> f10c87a600fc0001
[dd] +0x3380: 0001c34f00000045 -> 0000040000000045
[dd] +0x3390: 0000000000000010 -> 0000000000000000
[dd] +0x33f0: 03ad000100000000 -> 1b73000100000000
[dd] +0x33f8: 00000045e15e2304 -> 00000045f10c87ad
[dd] +0x3400: 000000000001c34f -> 0000000000000400
[dd] +0x3408: 0000000100000127 -> 000000010000014c
[dd] +0x3470: e15e232f00a00001 -> f10c8c5a13530101
[dd] +0x3478: 0001c34f00000045 -> 0000040000000045
[dd] +0x3480: 0000022400000000 -> 0000011100000000
[dd] +0x3488: 0000000000000000 -> c5ea6e42ffdfbfb9
[dd] +0x3490: 0000000000000000 -> 248cb1e6243840f7
[dd] +0x3498: 0000000000000000 -> 4c85144700000000
[dd] +0x34a0: 0000000000000000 -> fcadc16f45be10db
[dd] +0x34a8: 0000000000000000 -> 38636ae1c53b0ae6
[dd] +0x34b0: 0000000000000000 -> e11e84e1ed8a12c0
[dd] +0x34b8: 0000000000000000 -> 102c221b4f3e6a36
[dd] +0x34c0: 0000000000000000 -> 00000000dcddf521
[dd] +0x34e0: 0000000000000000 -> 0000006f00000000
[dd] +0x34e8: 1b73000100000000 -> 1357010100000000
[dd] +0x34f0: 00000045e15e24cf -> 00000045f10c8dbf
[dd] +0x34f8: 000000000001c34f -> 0000000000000400
[dd] +0x3500: 000000010000014c -> ffdfbfb900000112
[dd] +0x3508: 0000000000000000 -> 243840f7c5ea6e42
[dd] +0x3510: 0000000000000000 -> 00000000248cb1e6
[dd] +0x3518: 0000000000000000 -> 45be10db4c851447
[dd] +0x3520: 0000000000000000 -> c53b0ae6fcadc16f
[dd] +0x3528: 0000000000000000 -> ed8a12c038636ae1
[dd] +0x3530: 0000000000000000 -> 4f3e6a36e11e84e1
[dd] +0x3538: 0000000000000000 -> dcddf521102c221b
[dd] +0x3560: 0000000000000000 -> 000000000000006f
[dd] +0x3568: e15e24d000e00001 -> f10c8dc413690101
[dd] +0x3570: 0001c34f00000045 -> 0000040000000045
[dd] +0x3578: 0000014200000000 -> 0000011100000000
[dd] +0x3580: 0001000000010000 -> 659eb93c5342351f
[dd] +0x3590: 3422faf700000000 -> 4c85144700000000
[dd] +0x3598: ee669279a15aa48c -> fcadc16f45be10db
[dd] +0x35a0: 38636ae167ee2c33 -> 38636ae1c53b0ae6
[dd] +0x35b0: 0000000000000000 -> 102c221b00000000
[dd] +0x35b8: 0000000000000000 -> 00000000dcddf521
[dd] +0x35d8: 0000006b00000000 -> 0000006f00000000
[dd] +0x35e0: 16de000100000000 -> 136d010100000000
[dd] +0x35e8: 00000045e15e24d1 -> 00000045f10c8df4
[dd] +0x35f0: 000000000001c34f -> 0000000000000400
[dd] +0x35f8: 0000011000000135 -> 5342351f00000112
[dd] +0x3600: 243840f700000000 -> 243840f7659eb93c
[dd] +0x3610: a15aa48c3422faf7 -> 45be10db4c851447
[dd] +0x3618: 67ee2c33ee669279 -> c53b0ae6fcadc16f
[dd] +0x3630: 0000000000000000 -> dcddf521102c221b
[dd] +0x3658: 000000000000006b -> 000000000000006f
[dd] +0x3660: e15e25021ce40101 -> f10c8e1613890001
[dd] +0x3668: 0001c34f00000045 -> 0000040000000045
[dd] +0x3670: 0000010b00000000 -> 0000011300000000
[dd] +0x3678: 68afbc801ce8f6a7 -> ffffffffe00002d6
[dd] +0x3680: 0000000000000000 -> 248cb1e6243840f7
[dd] +0x3688: 0000000000000000 -> 4c85144700000000
[dd] +0x3690: 0000000000000000 -> fcadc16f45be10db
[dd] +0x3698: 0000000000000000 -> 38636ae1c53b0ae6
[dd] +0x36a0: 0000000000000000 -> 00000000ed8a12c0
[dd] +0x36d0: 0000000000000000 -> 0000006f00000000
[dd] +0x36d8: 1d07000100000000 -> 1d27000100000000
[dd] +0x36e0: 00000045e15e2580 -> 00000045f10c9039
[dd] +0x36e8: 000000000001c34f -> 0000000000000400
[dd] +0x36f0: 0000000000000119 -> 000000000000011a
[dd] +0x36f8: 0000000001000000 -> 0000000001000001
[dd] +0x3758: e15e25a21ce40101 -> f10c90ab1d270001
[dd] +0x3760: 0001c34f00000045 -> 0000040000000045
[dd] +0x3768: 0000010b00000000 -> 0000011a00000000
[dd] +0x3770: db6f091194275fd3 -> 0100000180000000
[dd] +0x37d0: 1d07000100000000 -> 1397000100000000
[dd] +0x37d8: 00000045e15e25be -> 00000045f10c90c8
[dd] +0x37e0: 000000000001c34f -> 0000000000000400
[dd] +0x37e8: 8000000000000119 -> 000000c10000010d
[dd] +0x37f0: 0000000001000000 -> 243840f700000000
[dd] +0x37f8: 0000000000000000 -> 00000000248cb1e6
[dd] +0x3800: 0000000000000000 -> 45be10db4c851447
[dd] +0x3808: 0000000000000000 -> c53b0ae6fcadc16f
[dd] +0x3810: 0000000000000000 -> ed8a12c038636ae1
[dd] +0x3848: 0000000000000000 -> 000000000000006f
[dd] +0x3850: e15e2a2c0dd30101 -> f10c90d6139d0001
[dd] +0x3858: 0001c34f00000045 -> 0000040000000045
[dd] +0x3860: 0000011e00000000 -> 0000010d00000000
[dd] +0x3868: 248cb1e6243840f7 -> 00000000000000c3
[dd] +0x3870: 0000000000000000 -> 248cb1e6243840f7
[dd] +0x3878: 0000000000000000 -> 4c85144700000000
[dd] +0x3880: 0000000000000000 -> fcadc16f45be10db
[dd] +0x3888: 0000000000000000 -> 38636ae1c53b0ae6
[dd] +0x3890: 0000000000000000 -> 00000000ed8a12c0
[dd] +0x38c0: 0000000000000000 -> 0000006f00000000
[dd] +0x38c8: 16d5000100000000 -> 1c1e000100000000
[dd] +0x38d0: 00000045e15e2a31 -> 00000045f10c90e4
[dd] +0x38d8: 000000000001c34f -> 0000000000000400
[dd] +0x38e0: 0001000100000135 -> 0000000000000183
[dd] +0x38e8: 243840f700000000 -> 00000000f0000f04
[dd] +0x38f0: 00000000248cb1e6 -> 0000000000000000
[dd] +0x38f8: a15aa48c3422faf7 -> 0000000000000000
[dd] +0x3900: 67ee2c33ee669279 -> 0000000000000000
[dd] +0x3908: ed8a12c038636ae1 -> 0000000000000000
[dd] +0x3940: 000000000000006b -> 0000000000000000
[dd] +0x3948: e15e2a5f00aa0001 -> f10c90f513c80001
[dd] +0x3950: 0001c34f00000045 -> 0000040000000045
[dd] +0x3958: 0000014200000000 -> 0000012000000000
[dd] +0x3960: 0000000000000010 -> 0000000000000001
[dd] +0x3970: 3422faf700000000 -> 4c85144700000000
[dd] +0x3978: ee669279a15aa48c -> fcadc16f45be10db
[dd] +0x3980: 38636ae167ee2c33 -> 38636ae1c53b0ae6
[dd] +0x39b8: 0000006b00000000 -> 0000006f00000000
[dd] +0x39c0: 00f6000100000000 -> 11f1000100000000
[dd] +0x39c8: 00000045e15e2a61 -> 00000045f10c9709
[dd] +0x39d0: 000000000001c34f -> 0000000000000400
[dd] +0x39d8: 0000000000000142 -> 0000000000000123
[dd] +0x39e0: 243840f7ffff0000 -> 0000000000000000
[dd] +0x39e8: 00000000248cb1e6 -> 0000000000000000
[dd] +0x39f0: a15aa48c3422faf7 -> 0000000000000000
[dd] +0x39f8: 67ee2c33ee669279 -> 0000000000000000
[dd] +0x3a00: ed8a12c038636ae1 -> 0000000000000000
[dd] +0x3a38: 000000000000006b -> 0000000000000000
[dd] +0x3a40: e15e2b10008b0001 -> f10c970c1b730001
[dd] +0x3a48: 0001c34f00000045 -> 0000040000000045
[dd] +0x3a50: 0000013200000000 -> 0000014c00000000
[dd] +0x3ab8: 00b4000100000000 -> 022c010100000000
[dd] +0x3ac0: 00000045e15e2b2d -> 00000045f10c98c6
[dd] +0x3ad0: 0000010000000132 -> 38636ae100000115
[dd] +0x3ad8: 0000000000000000 -> 00000000ed8a12c0
[dd] +0x83e0: e1357c5200fc0001 -> e1afc6aa0aa90001
[dd] +0x83f0: 0000014a00000000 -> 0000011f00000000
[dd] +0x83f8: 0000000000000010 -> 000000020044c3c0
[dd] +0x8400: 0000000000000000 -> 248cb1e6243840f7
[dd] +0x8408: 0000000000000000 -> 0000000000000008
[dd] +0x8418: 0000000000000000 -> 38636ae100000000
[dd] +0x8420: 0000000000000000 -> 00000000ed8a12c0
[dd] +0x8450: 0000000000000000 -> 0000006f00000000
[dd] +0x8458: 03ad000100000000 -> 1b20000100000000
[dd] +0x8460: 00000045e1357c6c -> 00000045e1afc716
[dd] +0x8470: 0000000100000127 -> 00000f0400000149
[dd] +0x8478: 0000000000000000 -> 243840f700000000
[dd] +0x8480: 0000000000000000 -> 00000008248cb1e6
[dd] +0x8488: 0000000000000000 -> 45be10db4c851447
[dd] +0x8490: 0000000000000000 -> c53b0ae6fcadc16f
[dd] +0x8498: 0000000000000000 -> ed8a12c038636ae1
[dd] +0x84d0: 0000000000000000 -> 000000000000006f
[dd] +0x84d8: e1357c9800a00001 -> e1afc71b1c250001
[dd] +0x84e8: 0000022400000000 -> 0000018200000000
[dd] +0x84f0: 0000000000000000 -> 10000f040000f040
[dd] +0x8550: 1b73000100000000 -> 1b3e000100000000
[dd] +0x8558: 00000045e1357e57 -> 00000045e1afc71d
[dd] +0x8568: 000000010000014c -> 0000000000000148
[dd] +0x8570: 0000000000000000 -> 243840f700000000
[dd] +0x8578: 0000000000000000 -> 00000000248cb1e6
[dd] +0x8580: 0000000000000000 -> 45be10db4c851447
[dd] +0x8588: 0000000000000000 -> c53b0ae6fcadc16f
[dd] +0x8590: 0000000000000000 -> ed8a12c038636ae1
[dd] +0x85c8: 0000000000000000 -> 000000000000006f
[dd] +0x85d0: e1357e5800e00001 -> e1afc7290cb70001
[dd] +0x85e0: 0000014200000000 -> 0000012500000000
[dd] +0x85e8: 0001000000010000 -> 000000000044c3c0
[dd] +0x85f0: 5b7cab23ae7ec3ab -> 248cb1e6243840f7
[dd] +0x85f8: 3422faf700000000 -> 4c85144700000000
[dd] +0x8600: ee669279a15aa48c -> fcadc16f45be10db
[dd] +0x8608: 38636ae167ee2c33 -> 38636ae1c53b0ae6
[dd] +0x8640: 0000006900000000 -> 0000006f00000000
[dd] +0x8648: 16de000100000000 -> 15f4010100000000
[dd] +0x8650: 00000045e1357e5a -> 00000045e1afd090
[dd] +0x8660: 0000011000000135 -> 99e3ab3d0000010a
[dd] +0x8668: ae7ec3ab00000000 -> 243840f7c91decc3
[dd] +0x8670: 000000005b7cab23 -> 00000000248cb1e6
[dd] +0x8678: a15aa48c3422faf7 -> 45be10db4c851447
[dd] +0x8680: 67ee2c33ee669279 -> c53b0ae6fcadc16f
[dd] +0x86c0: 0000000000000069 -> 000000000000006f
[dd] +0x86c8: e1357ec81ce40101 -> e1afd10815fd0101
[dd] +0x86d8: 0000010b00000000 -> 0000010c00000000
[dd] +0x86e0: 68afbc801ce8f6a7 -> c53b0ae6fcadc16f
[dd] +0x86e8: 0000000000000000 -> 248cb1e6243840f7
[dd] +0x86f0: 0000000000000000 -> 4c85144700000000
[dd] +0x86f8: 0000000000000000 -> fcadc16f45be10db
[dd] +0x8700: 0000000000000000 -> 38636ae1c53b0ae6
[dd] +0x8708: 0000000000000000 -> 00000000ed8a12c0
[dd] +0x8738: 0000000000000000 -> 0000006f00000000
[dd] +0x8740: 1d07000100000000 -> 15f4010100000000
[dd] +0x8748: 00000045e1357f46 -> 00000045e1afd1f7
[dd] +0x8758: 0000000000000119 -> 746b53fb0000010a
[dd] +0x8760: 0000000001000000 -> 243840f77e777e16
[dd] +0x8768: 0000000000000000 -> 00000000248cb1e6
[dd] +0x8770: 0000000000000000 -> 45be10db4c851447
[dd] +0x8778: 0000000000000000 -> c53b0ae6fcadc16f
[dd] +0x8780: 0000000000000000 -> ed8a12c038636ae1
[dd] +0x87b8: 0000000000000000 -> 000000000000006f
[dd] +0x87c0: e1357f711ce40101 -> e1afd1fa15fd0101
[dd] +0x87d0: 0000010b00000000 -> 0000010c00000000
[dd] +0x87d8: db6f091194275fd3 -> 45be10db4c851447
[dd] +0x87e0: 0000000000000000 -> 248cb1e6243840f7
[dd] +0x87e8: 0000000000000000 -> 4c85144700000000
[dd] +0x87f0: 0000000000000000 -> fcadc16f45be10db
[dd] +0x87f8: 0000000000000000 -> 38636ae1c53b0ae6
[dd] +0x8800: 0000000000000000 -> 00000000ed8a12c0
[dd] +0x8830: 0000000000000000 -> 0000006f00000000
[dd] +0x8838: 1d07000100000000 -> 16d5000100000000
[dd] +0x8840: 00000045e1357f8e -> 00000045e1afd281
[dd] +0x8850: 8000000000000119 -> 0000100100000135
[dd] +0x8858: 0000000001000000 -> 243840f700000000
[dd] +0x8860: 0000000000000000 -> 00000000248cb1e6
[dd] +0x8868: 0000000000000000 -> 45be10db4c851447
[dd] +0x8870: 0000000000000000 -> c53b0ae6fcadc16f
[dd] +0x8878: 0000000000000000 -> ed8a12c038636ae1
[dd] +0x88b0: 0000000000000000 -> 000000000000006f
[dd] +0x88b8: e13583be0dd30101 -> e1afd28800aa0001
[dd] +0x88c8: 0000011e00000000 -> 0000014200000000
[dd] +0x88d0: 5b7cab23ae7ec3ab -> 0000000000000100
[dd] +0x88d8: 0000000000000000 -> 248cb1e6243840f7
[dd] +0x88e0: 0000000000000000 -> 4c85144700000000
[dd] +0x88e8: 0000000000000000 -> fcadc16f45be10db
[dd] +0x88f0: 0000000000000000 -> 38636ae1c53b0ae6
[dd] +0x88f8: 0000000000000000 -> 00000000ed8a12c0
[dd] +0x8928: 0000000000000000 -> 0000006f00000000
[dd] +0x8930: 16d5000100000000 -> 00b9000100000000
[dd] +0x8938: 00000045e13583c3 -> 00000045e1afd2ac
[dd] +0x8948: 0001000100000135 -> 0000000100000141
[dd] +0x8950: ae7ec3ab00000000 -> 0000000000000000
[dd] +0x8958: 000000005b7cab23 -> 0000000000000000
[dd] +0x8960: a15aa48c3422faf7 -> 0000000000000000
[dd] +0x8968: 67ee2c33ee669279 -> 0000000000000000
[dd] +0x8970: ed8a12c038636ae1 -> 0000000000000000
[dd] +0x89a8: 0000000000000069 -> 0000000000000000
[dd] +0x89b0: e13583c500aa0001 -> e1afdbfa00750001
[dd] +0x89c0: 0000014200000000 -> 0000017f00000000
[dd] +0x89c8: 0000000000000010 -> 0000000000dd0100
[dd] +0x89d0: 5b7cab23ae7ec3ab -> 0000000000000000
[dd] +0x89d8: 3422faf700000000 -> 0000000000000000
[dd] +0x89e0: ee669279a15aa48c -> 0000000000000000
[dd] +0x89e8: 38636ae167ee2c33 -> 0000000000000000
[dd] +0x89f0: 00000000ed8a12c0 -> 0000000000000000
[dd] +0x8a20: 0000006900000000 -> 0000000000000000
[dd] +0x8a28: 00f6000100000000 -> 0230000100000000
[dd] +0x8a30: 00000045e13583c8 -> 00000045e1afdbfd
[dd] +0x8a40: 0000000000000142 -> 000010010000011d
[dd] +0x8a48: ae7ec3abffff0000 -> 0000000000000000
[dd] +0x8a50: 000000005b7cab23 -> 0000000000000000
[dd] +0x8a58: a15aa48c3422faf7 -> 0000000000000000
[dd] +0x8a60: 67ee2c33ee669279 -> 0000000000000000
[dd] +0x8a68: ed8a12c038636ae1 -> 0000000000000000
[dd] +0x8aa0: 0000000000000069 -> 0000000000000000
[dd] +0x8aa8: e1358447008b0001 -> e1afe10500fc0001
[dd] +0x8ab8: 0000013200000000 -> 0000014a00000000
[dd] +0x8ac0: 0000000000000001 -> 0000000000000010
[dd] +0x8b20: 00b4000100000000 -> 03ad000100000000
[dd] +0x8b28: 00000045e135845a -> 00000045e1afe11f
[dd] +0x8b38: 0000010000000132 -> 0000000100000127
[dd] +0x8ba0: e135845b00bd0001 -> e1afe14900a00001
[dd] +0x8bb0: 0000013200000000 -> 0000022400000000
[dd] +0x8bb8: 0000000000000101 -> 0000000000000000
[dd] +0x8c18: 00b9000100000000 -> 1b73000100000000
[dd] +0x8c20: 00000045e135845d -> 00000045e1afe3b9
[dd] +0x8c30: 0000000000000141 -> 000000010000014c
[dd] +0x8c98: e135847802300001 -> e1afe3bb00e00001
[dd] +0x8ca8: 0000011d00000000 -> 0000014200000000
[dd] +0x8cb0: 0000000000001010 -> 0001000000010000
[dd] +0x8cb8: 0000000000000000 -> 248cb1e6243840f7
[dd] +0x8cc0: 0000000000000000 -> 4c85144700000000
[dd] +0x8cc8: 0000000000000000 -> fcadc16f45be10db
[dd] +0x8cd0: 0000000000000000 -> 38636ae1c53b0ae6
[dd] +0x8cd8: 0000000000000000 -> 00000000ed8a12c0
[dd] +0x8d08: 0000000000000000 -> 0000006f00000000
[dd] +0x8d10: 0075000100000000 -> 16de000100000000
[dd] +0x8d18: 00000045e1358649 -> 00000045e1afe3bc
[dd] +0x8d28: 00dd00000000017f -> 0000011000000135
[dd] +0x8d30: 0000000000000000 -> 243840f700000000
[dd] +0x8d38: 0000000000000000 -> 00000000248cb1e6
[dd] +0x8d40: 0000000000000000 -> 45be10db4c851447
[dd] +0x8d48: 0000000000000000 -> c53b0ae6fcadc16f
[dd] +0x8d50: 0000000000000000 -> ed8a12c038636ae1
[dd] +0x8d88: 0000000000000000 -> 000000000000006f
[dd] +0x8d90: e13589d700fc0001 -> e1afe4111ce40101
[dd] +0x8da0: 0000014a00000000 -> 0000010b00000000
[dd] +0x8da8: 0000000000000000 -> c91decc399e3ab3d
[dd] +0x8e08: 1b73000100000000 -> 1d07000100000000
[dd] +0x8e10: 00000045e13589e9 -> 00000045e1afe6f1
[dd] +0x8e20: 000000010000014c -> 0000000000000119
[dd] +0x8e28: 0000000000000000 -> 0000000001000001
[dd] +0x8e88: e13589eb16de0001 -> e1afe7451ce40101
[dd] +0x8e98: 0000013500000000 -> 0000010b00000000
[dd] +0x8ea0: 0000000000000000 -> 7e777e16746b53fb
[dd] +0x8ea8: 5b7cab23ae7ec3ab -> 0000000000000000
[dd] +0x8eb0: 3422faf700000000 -> 0000000000000000
[dd] +0x8eb8: ee669279a15aa48c -> 0000000000000000
[dd] +0x8ec0: 38636ae167ee2c33 -> 0000000000000000
[dd] +0x8ec8: 00000000ed8a12c0 -> 0000000000000000
[dd] +0x8ef8: 0000006900000000 -> 0000000000000000
[dd] +0x8f00: 1d27000100000000 -> 1d07000100000000
[dd] +0x8f08: 00000045e1358aea -> 00000045e1afe85e
[dd] +0x8f18: 000000000000011a -> 8000000000000119
[dd] +0x8f20: 0000000001000000 -> 0000000001000001
[dd] +0x8f80: e1358b0d1d270001 -> e1afe97616d50001
[dd] +0x8f90: 0000011a00000000 -> 0000013500000000
[dd] +0x8f98: 0100000080000000 -> 0000000000010101
[dd] +0x8fa0: 0000000000000000 -> 248cb1e6243840f7
[dd] +0x8fa8: 0000000000000000 -> 4c85144700000000
[dd] +0x8fb0: 0000000000000000 -> fcadc16f45be10db
[dd] +0x8fb8: 0000000000000000 -> 38636ae1c53b0ae6
[dd] +0x8fc0: 0000000000000000 -> 00000000ed8a12c0
[dd] +0x8ff0: 0000000000000000 -> 0000006f00000000
[dd] +0x8ff8: 1397000100000000 -> 00aa000100000000
[dd] +0x9000: 00000045e1358b13 -> 00000045e1afe978
[dd] +0x9010: 000000190000010d -> 0000001000000142
[dd] +0x9018: ae7ec3ab00000000 -> 243840f700000000
[dd] +0x9020: 000000005b7cab23 -> 00000000248cb1e6
[dd] +0x9028: a15aa48c3422faf7 -> 45be10db4c851447
[dd] +0x9030: 67ee2c33ee669279 -> c53b0ae6fcadc16f
[dd] +0x9070: 0000000000000069 -> 000000000000006f
[dd] +0x9078: e1358b19139d0001 -> e1afe98200f60001
[dd] +0x9088: 0000010d00000000 -> 0000014200000000
[dd] +0x9090: 000000000000001a -> ffff000000000000
[dd] +0x9098: 5b7cab23ae7ec3ab -> 248cb1e6243840f7
[dd] +0x90a0: 3422faf700000000 -> 4c85144700000000
[dd] +0x90a8: ee669279a15aa48c -> fcadc16f45be10db
[dd] +0x90b0: 38636ae167ee2c33 -> 38636ae1c53b0ae6
[dd] +0x90e8: 0000006900000000 -> 0000006f00000000
[dd] +0x90f0: 1c1e000100000000 -> 16de000100000000
[dd] +0x90f8: 00000045e1358b35 -> 00000045e1afe9eb
[dd] +0x9108: 0000000000000183 -> 0000000000000135
[dd] +0x9110: 00000000f0000f04 -> 243840f700000000
[dd] +0x9118: 0000000000000000 -> 00000000248cb1e6
[dd] +0x9120: 0000000000000000 -> 45be10db4c851447
[dd] +0x9128: 0000000000000000 -> c53b0ae6fcadc16f
[dd] +0x9130: 0000000000000000 -> ed8a12c038636ae1
[dd] +0x9168: 0000000000000000 -> 000000000000006f
[dd] +0x9170: e1358b3d13c80001 -> e1afe9f411580001
[dd] +0x9180: 0000012000000000 -> 0000010100000000
[dd] +0x9188: 0000000000000001 -> 0000000000000000
[dd] +0x9190: 5b7cab23ae7ec3ab -> 248cb1e6243840f7
[dd] +0x9198: 3422faf700000000 -> 4c85144700000000
[dd] +0x91a0: ee669279a15aa48c -> fcadc16f45be10db
[dd] +0x91a8: 38636ae167ee2c33 -> 38636ae1c53b0ae6
[dd] +0x91e0: 0000006900000000 -> 0000006f00000000
[dd] +0x91e8: 0deb010100000000 -> 1178010100000000
[dd] +0x91f0: 00000045e1358d0b -> 00000045e1afea59
[dd] +0x9200: ae7ec3ab00000126 -> 4c8514470000010e
[dd] +0x9208: 000000005b7cab23 -> 243840f745be10db
[dd] +0x9210: 0000000000000000 -> 00000000248cb1e6
[dd] +0x9218: 0000000000000000 -> 45be10db4c851447
[dd] +0x9220: 0000000000000000 -> c53b0ae6fcadc16f
[dd] +0x9228: 0000000000000000 -> ed8a12c038636ae1
[dd] +0x9260: 0000000000000000 -> 000000000000006f
[dd] +0x9268: e1358e08022c0101 -> e1afeb9411970101
[dd] +0x9278: 0000011500000000 -> 0000010e00000000
[dd] +0x9280: ed8a12c038636ae1 -> c53b0ae6fcadc16f
[dd] +0x9288: 0000000000000000 -> 248cb1e6243840f7
[dd] +0x9290: 0000000000000000 -> 4c85144700000000
[dd] +0x9298: 0000000000000000 -> fcadc16f45be10db
[dd] +0x92a0: 0000000000000000 -> 38636ae1c53b0ae6
[dd] +0x92a8: 0000000000000000 -> e11e84e1ed8a12c0
[dd] +0x92b0: 0000000000000000 -> 000000004f3e6a36
[dd] +0x92d8: 0000000000000000 -> 0000006f00000000
[dd] +0x92e0: 0aa9000100000000 -> 10b1000100000000
[dd] +0x92e8: 00000045e149bbae -> 00000045e1afeca2
[dd] +0x92f8: 0044c3bb0000011f -> 0002000100000102
[dd] +0x9300: 626d359900000002 -> 243840f700000000
[dd] +0x9308: 0000000869b758dd -> 00000000248cb1e6
[dd] +0x9310: 0000000000000000 -> 45be10db4c851447
[dd] +0x9318: 0000000000000000 -> c53b0ae6fcadc16f
[dd] +0x9328: 0000000000000000 -> 4f3e6a36e11e84e1
[dd] +0x9330: 0000000000000000 -> dcddf521102c221b
[dd] +0x9358: 000000000000006a -> 000000000000006f
[dd] +0x9360: e149bc0a1b200001 -> e1afed1411fe0001
[dd] +0x9370: 0000014900000000 -> 0000014700000000
[dd] +0x9378: 0000000000000f04 -> 0000000000001001
[dd] +0x9380: 69b758dd626d3599 -> 248cb1e6243840f7
[dd] +0x9388: 3422faf700000008 -> 4c85144700000000
[dd] +0x9390: ee669279a15aa48c -> fcadc16f45be10db
[dd] +0x9398: 38636ae167ee2c33 -> 38636ae1c53b0ae6
[dd] +0x93a0: 00000000ed8a12c0 -> e11e84e1ed8a12c0
[dd] +0x93a8: 0000000000000000 -> 102c221b4f3e6a36
[dd] +0x93b0: 0000000000000000 -> 00000000dcddf521
[dd] +0x93d0: 0000006a00000000 -> 0000006f00000000
[dd] +0x93d8: 1c25000100000000 -> 12b2000100000000
[dd] +0x93e0: 00000045e149bc0c -> 00000045e1afed15
[dd] +0x93f0: 0000f04000000182 -> 0000101100000103
[dd] +0x93f8: 0000000010000f04 -> 243840f700000000
[dd] +0x9400: 0000000000000000 -> 00000000248cb1e6
[dd] +0x9408: 0000000000000000 -> 45be10db4c851447
[dd] +0x9410: 0000000000000000 -> c53b0ae6fcadc16f
[dd] +0x9418: 0000000000000000 -> ed8a12c038636ae1
[dd] +0x9420: 0000000000000000 -> 4f3e6a36e11e84e1
[dd] +0x9428: 0000000000000000 -> dcddf521102c221b
[dd] +0x9450: 0000000000000000 -> 000000000000006f
[dd] +0x9458: e149bc0e1b3e0001 -> e1afed1f1baa0001
[dd] +0x9468: 0000014800000000 -> 0000015c00000000
[dd] +0x9470: 0000000000000000 -> 0000000000000102
[dd] +0x9478: 69b758dd626d3599 -> 248cb1e6243840f7
[dd] +0x9480: 3422faf700000000 -> 4c85144700000000
[dd] +0x9488: ee669279a15aa48c -> fcadc16f45be10db
[dd] +0x9490: 38636ae167ee2c33 -> 38636ae1c53b0ae6
[dd] +0x9498: 00000000ed8a12c0 -> e11e84e1ed8a12c0
[dd] +0x94a0: 0000000000000000 -> 102c221b4f3e6a36
[dd] +0x94a8: 0000000000000000 -> 00000000dcddf521
[dd] +0x94c8: 0000006a00000000 -> 0000006f00000000
[dd] +0x94d0: 0cb7000100000000 -> 122e000100000000
[dd] +0x94d8: 00000045e149bc19 -> 00000045e1afed21
[dd] +0x94e8: 0044c3bb00000125 -> 000000100000013a
[dd] +0x94f0: 626d359900000000 -> 243840f70044c3c0
[dd] +0x94f8: 0000000069b758dd -> 00000000248cb1e6
[dd] +0x9500: a15aa48c3422faf7 -> 45be10db4c851447
[dd] +0x9508: 67ee2c33ee669279 -> c53b0ae6fcadc16f
[dd] +0x9518: 0000000000000000 -> 4f3e6a36e11e84e1
[dd] +0x9520: 0000000000000000 -> dcddf521102c221b
[dd] +0x9548: 000000000000006a -> 000000000000006f
[dd] +0x9550: e149c31b15f40101 -> e1afed2400aa0001
[dd] +0x9560: 0000010a00000000 -> 0000014200000000
[dd] +0x9568: 68afbc801ce8f6a7 -> 0000000000000100
[dd] +0x9570: 69b758dd626d3599 -> 248cb1e6243840f7
[dd] +0x9578: 3422faf700000000 -> 4c85144700000000
[dd] +0x9580: ee669279a15aa48c -> fcadc16f45be10db
[dd] +0x9588: 38636ae167ee2c33 -> 38636ae1c53b0ae6
[dd] +0x9590: 00000000ed8a12c0 -> e11e84e1ed8a12c0
[dd] +0x9598: 0000000000000000 -> 102c221b4f3e6a36
[dd] +0x95a0: 0000000000000000 -> 00000000dcddf521
[dd] +0x95c0: 0000006a00000000 -> 0000006f00000000
[dd] +0x95c8: 15fd010100000000 -> 00b8000100000000
[dd] +0x95d0: 00000045e149c323 -> 00000045e1afed26
[dd] +0x95e0: ee6692790000010c -> 0001000000000142
[dd] +0x95e8: 626d359967ee2c33 -> 243840f700010000
[dd] +0x95f0: 0000000069b758dd -> 00000000248cb1e6
[dd] +0x95f8: a15aa48c3422faf7 -> 45be10db4c851447
[dd] +0x9600: 67ee2c33ee669279 -> c53b0ae6fcadc16f
[dd] +0x9610: 0000000000000000 -> 4f3e6a36e11e84e1
[dd] +0x9618: 0000000000000000 -> dcddf521102c221b
[dd] +0x9640: 000000000000006a -> 000000000000006f
[dd] +0x9648: e149c37a15f40101 -> e1afed3002300001
[dd] +0x9658: 0000010a00000000 -> 0000011d00000000
[dd] +0x9660: db6f091194275fd3 -> 0000000000001011
[dd] +0x9668: 69b758dd626d3599 -> 0000000000000000
[dd] +0x9670: 3422faf700000000 -> 0000000000000000
[dd] +0x9678: ee669279a15aa48c -> 0000000000000000
[dd] +0x9680: 38636ae167ee2c33 -> 0000000000000000
[dd] +0x9688: 00000000ed8a12c0 -> 0000000000000000
[dd] +0x96b8: 0000006a00000000 -> 0000000000000000
[dd] +0x96c0: 15fd010100000000 -> 18e3000100000000
[dd] +0x96c8: 00000045e149c380 -> 00000045e1afed50
[dd] +0x96d8: 3422faf70000010c -> 0000020000000130
[dd] +0x96e0: 626d3599a15aa48c -> 0000000000000f04
[dd] +0x96e8: 0000000069b758dd -> 0000000000000000
[dd] +0x96f0: a15aa48c3422faf7 -> 0000000000000000
[dd] +0x96f8: 67ee2c33ee669279 -> 0000000000000000
[dd] +0x9700: ed8a12c038636ae1 -> 0000000000000000
[dd] +0x9738: 000000000000006a -> 0000000000000000
[dd] +0x9740: e149c3d216d50001 -> e1afed8a01a30001
[dd] +0x9750: 0000013500000000 -> 0000012f00000000
[dd] +0x9758: 0000000000001001 -> 0000000000510110
[dd] +0x9760: 69b758dd626d3599 -> 248cb1e6243840f7
[dd] +0x9768: 3422faf700000000 -> 4c85144700000000
[dd] +0x9770: ee669279a15aa48c -> fcadc16f45be10db
[dd] +0x9778: 38636ae167ee2c33 -> 38636ae1c53b0ae6
[dd] +0x9780: 00000000ed8a12c0 -> e11e84e1ed8a12c0
[dd] +0x9788: 0000000000000000 -> 102c221b4f3e6a36
[dd] +0x9790: 0000000000000000 -> 00000000dcddf521
[dd] +0x97b0: 0000006a00000000 -> 0000006f00000000
[dd] +0x97b8: 00aa000100000000 -> 018c000100000000
[dd] +0x97c0: 00000045e149c3da -> 00000045e1afedf6
[dd] +0x97d0: 0000010000000142 -> 000000000000020c
[dd] +0x97d8: 626d359900000000 -> 243840f700000001
[dd] +0x97e0: 0000000069b758dd -> 00000000248cb1e6
[dd] +0x97e8: a15aa48c3422faf7 -> 45be10db4c851447
[dd] +0x97f0: 67ee2c33ee669279 -> c53b0ae6fcadc16f
[dd] +0x9800: 0000000000000000 -> 4f3e6a36e11e84e1
[dd] +0x9808: 0000000000000000 -> dcddf521102c221b
[dd] +0x9830: 000000000000006a -> 000000000000006f
[dd] +0x9838: e149c46400b90001 -> e1affbc9007b0001
[dd] +0x9848: 0000014100000000 -> 0000014d00000000
[dd] +0x9850: 0000000000000001 -> 0000000000000000
[dd] +0x9858: 0000000000000000 -> 248cb1e6243840f7
[dd] +0x9860: 0000000000000000 -> 4c85144700000000
[dd] +0x9868: 0000000000000000 -> fcadc16f45be10db
[dd] +0x9870: 0000000000000000 -> 38636ae1c53b0ae6
[dd] +0x9878: 0000000000000000 -> e11e84e1ed8a12c0
[dd] +0x9880: 0000000000000000 -> 102c221b4f3e6a36
[dd] +0x9888: 0000000000000000 -> 00000000dcddf521
[dd] +0x98a8: 0000000000000000 -> 0000006f00000000
[dd] +0x98b0: 0075000100000000 -> 02a4000100000000
[dd] +0x98b8: 00000045e149cb5b -> 00000045e1affc38
[dd] +0x98c8: 00dd01000000017f -> 000000000000014d
[dd] +0x98d0: 0000000000000000 -> 243840f700000000
[dd] +0x98d8: 0000000000000000 -> 00000000248cb1e6
[dd] +0x98e0: 0000000000000000 -> 45be10db4c851447
[dd] +0x98e8: 0000000000000000 -> c53b0ae6fcadc16f
[dd] +0x98f0: 0000000000000000 -> ed8a12c038636ae1
[dd] +0x98f8: 0000000000000000 -> 4f3e6a36e11e84e1
[dd] +0x9900: 0000000000000000 -> dcddf521102c221b
[dd] +0x9928: 0000000000000000 -> 000000000000006f
[dd] +0x9930: e149cb5c02300001 -> e1affce813ae0001
[dd] +0x9940: 0000011d00000000 -> 0000010700000000
[dd] +0x9948: 0000000000001001 -> 0044c3c000000000
[dd] +0x9950: 0000000000000000 -> 248cb1e6243840f7
[dd] +0x9958: 0000000000000000 -> 4c85144700000000
[dd] +0x9960: 0000000000000000 -> fcadc16f45be10db
[dd] +0x9968: 0000000000000000 -> 38636ae1c53b0ae6
[dd] +0x9970: 0000000000000000 -> e11e84e1ed8a12c0
[dd] +0x9978: 0000000000000000 -> 102c221b4f3e6a36
[dd] +0x9980: 0000000000000000 -> 00000000dcddf521
[dd] +0x99a0: 0000000000000000 -> 0000006f00000000
[dd] +0x99a8: 00fc000100000000 -> 125e000100000000
[dd] +0x99b0: 00000045e149ce70 -> 00000045e1affd0c
[dd] +0x99c0: 000000100000014a -> 0000100000000129
[dd] +0x99c8: 0000000000000000 -> 243840f700000000
[dd] +0x99d0: 0000000000000000 -> 00000000248cb1e6
[dd] +0x99d8: 0000000000000000 -> 45be10db4c851447
[dd] +0x99e0: 0000000000000000 -> c53b0ae6fcadc16f
[dd] +0x99e8: 0000000000000000 -> ed8a12c038636ae1
[dd] +0x99f0: 0000000000000000 -> 4f3e6a36e11e84e1
[dd] +0x99f8: 0000000000000000 -> dcddf521102c221b
[dd] +0x9a20: 0000000000000000 -> 000000000000006f
[dd] +0x9a28: e149ce8803ad0001 -> e1affd1c00420001
[dd] +0x9a38: 0000012700000000 -> 0000015400000000
[dd] +0x9a40: 0000000000000001 -> fffffffe00000001
[dd] +0x9a48: 0000000000000000 -> 248cb1e6243840f7
[dd] +0x9a50: 0000000000000000 -> 4c85144700000000
[dd] +0x9a58: 0000000000000000 -> fcadc16f45be10db
[dd] +0x9a60: 0000000000000000 -> 38636ae1c53b0ae6
[dd] +0x9a68: 0000000000000000 -> e11e84e1ed8a12c0
[dd] +0x9a70: 0000000000000000 -> 102c221b4f3e6a36
[dd] +0x9a78: 0000000000000000 -> 00000000dcddf521
[dd] +0x9a98: 0000000000000000 -> 0000006f00000000
[dd] +0x9aa0: 00a0000100000000 -> 00aa000100000000
[dd] +0x9aa8: 00000045e149ceb2 -> 00000045e1affda6
[dd] +0x9ab8: 0000000000000224 -> 0000011000000142
[v32] done (alive)
[v31a] start triangulation (tall dst)
[tr] dst 64x256 bpr 256 alloc 0x10000
[tr] bfY=32 -> kr 0xe00002d6, changed 0, first 0xffffffffffffffff (row -1 col-byte -1)
App terminated due to signal 15.
