[main] fuzz harness up, mode=scaler
[main] sandbox note: VCPDRM open is MACF-denied (iokit-open-user-client VCPDRMUserClient); mach-lookup com.apple.sprr / com.apple.jitbox exist but are sandbox-gated (seen in kernel log)
[open] AppleM2ScalerCSCDriver -> conn 0x6b0f
[scaler] conn 0x6b0f, s1 278 s2 282
[probe12] SetNotificationPort -> 0x00000000
[mtls] v86: Metal self-reference discrimination
[mtls] device: Apple A17 Pro GPU
[mtls] queue class AGXG16PFamilyCommandQueue
[mtls] cb class AGXG16PFamilyCommandBuffer
[mtls]   cb ivar _previousBlitCommandEncoder @680
[mtls]   cb ivar _previousComputeCommandEncoder @688
[mtls]   cb ivar _previousRenderCommandEncoder @696
[mtls]   cb ivar _telemetryUsage @704
[mtls]   cb ivar _impl @720
[mtls]   cb ivar _disableDeferredEndEncoding @728
[mtls]   cb ivar texturesToEvaluate @736
[mtls]   cb ivar _captureProgramAddressTable @760
[mtls]   cb ivar _cloneIntersectionFunctionTablesPerDispatch @761
[mtls]   cb ivar hasEncoded @762
[mtls]   cb ivar enableContentProtection @763
[mtls]   cb ivar needsProtectedContentBarrier @764
[mtls]   cb ivar oldProtectionOptions @768
[mtls]   cb ivar deadline_namespace_id @776
[mtls]   cb ivar deadline @784
[mtls]   cb ivar _device @608
[mtls]   cb ivar _storage @616
[mtls]   cb ivar _submitToHardwareTimeStampPointer @624
[mtls]   cb ivar _protectionOptions @632
[mtls]   cb ivar _scheduledCallbackBlockPtr @640
[mtls]   cb ivar _completedCallbackBlockPtr @648
[mtls]   cb ivar _commitAndResetSem @656
[mtls]   cb ivar _purgedResources @664
[mtls]   cb ivar _gpuFaultAddress @672
[mtls] storage 0x11278e400
[mtls] storage: kcmdVA 104720000 (shmem id 2) seglistVA 10471c000 (shmem id 1)
[mtls] REF-kcmd+000: 0f 00 00 00 ac 00 00 00 00 00 00 00 00 00 00 00
[mtls] REF-kcmd+010: 00 00 00 00 00 00 00 00 00 00 00 00 00 00 00 00
[mtls] REF-kcmd+020: 00 00 00 00 00 00 00 00 00 00 00 00 00 00 00 00
[mtls] REF-kcmd+030: 00 00 00 00 00 00 00 00 00 00 00 00 00 00 00 00
[mtls] REF-kcmd+040: 00 00 00 00 00 00 00 00 00 00 00 00 00 00 00 00
[mtls] REF-kcmd+050: 00 00 00 00 00 00 00 00 00 00 00 00 00 00 00 00
[mtls] REF-kcmd+060: 00 00 00 00 00 00 00 00 00 00 00 00 00 00 00 00
[mtls] REF-kcmd+070: 00 00 00 00 00 00 00 00 00 00 00 00 00 00 00 00
[mtls] REF-kcmd+080: 00 00 00 00 00 00 00 00 00 00 00 00 00 00 00 00
[mtls] REF-kcmd+090: 00 00 00 00 00 00 00 00 00 00 00 00 00 00 00 00
[mtls] REF-kcmd+0a0: 00 00 00 00 00 00 00 00 00 00 00 00 00 00 01 00
[mtls] REF-kcmd+0b0: 30 03 00 00 00 00 00 00 00 00 00 00 00 00 00 00
[mtls] REF-kcmd+0c0: 00 00 00 00 00 00 00 00 00 00 00 00 00 00 00 00
[mtls] REF-kcmd+0d0: 00 00 00 00 00 00 00 00 00 00 00 00 00 00 00 00
[mtls] REF-kcmd+0e0: 00 00 00 00 00 00 00 00 00 00 00 00 00 00 00 00
[mtls] REF-kcmd+0f0: 00 00 00 00 00 00 00 00 00 00 00 00 00 00 00 00
[mtls] REF-kcmd+100: 00 00 00 00 00 00 00 00 00 00 00 00 00 00 00 00
[mtls] REF-kcmd+110: 00 00 00 00 00 00 00 00 00 00 00 00 00 00 00 00
[mtls] REF-kcmd+120: 00 00 00 00 00 00 00 00 00 00 00 00 00 00 00 00
[mtls] REF-kcmd+130: 00 00 00 00 04 00 00 00 00 00 00 00 00 00 00 00
[mtls] REF-kcmd+140: 00 00 00 00 00 00 00 00 00 00 00 00 00 00 00 00
[mtls] REF-kcmd+150: 68 02 00 00 03 00 00 00 00 00 00 00 00 00 00 00
[mtls] REF-kcmd+160: 00 00 00 00 00 00 00 00 00 00 00 00 00 00 00 00
[mtls] REF-kcmd+170: 00 00 00 00 00 00 11 00 00 01 00 00 00 00 00 00
[mtls] REF-kcmd+180: 00 00 00 00 00 00 00 00 00 00 00 00 00 00 00 00
[mtls] REF-kcmd+190: 00 00 00 00 00 00 00 00 00 00 00 00 00 00 00 00
[mtls] REF-kcmd+1a0: 00 00 00 00 00 00 00 00 00 00 00 00 00 00 00 00
[mtls] REF-kcmd+1b0: 00 00 00 00 00 00 00 00 00 00 00 00 00 00 00 00
[mtls] REF-kcmd+1c0: 00 00 00 00 00 00 00 00 00 00 00 00 00 00 12 00
[mtls] REF-kcmd+1d0: 00 01 00 00 00 00 00 00 00 00 00 00 00 00 00 00
[mtls] REF-kcmd+1e0: 00 00 00 00 80 14 12 00 00 01 00 00 88 14 12 00
[mtls] REF-kcmd+1f0: 00 01 00 00 90 14 12 00 00 01 00 00 98 14 12 00
[mtls] REF-kcmd+200: 00 01 00 00 01 00 00 00 00 00 00 00 00 00 00 00
[mtls] REF-kcmd+210: 00 00 00 00 00 00 00 00 1c 00 00 00 00 00 00 00
[mtls] REF-kcmd+220: 00 00 00 00 00 00 00 00 00 00 00 00 00 00 00 00
[mtls] REF-kcmd+230: 00 00 00 00 00 00 00 00 00 00 00 00 00 00 00 00
[mtls] REF-kcmd+240: 00 00 00 00 00 00 00 00 00 00 00 00 00 00 00 00
[mtls] REF-kcmd+250: 00 00 00 00 00 00 00 00 00 00 00 00 00 00 00 00
[mtls] REF-kcmd+260: 00 00 00 00 00 00 00 00 00 00 00 00 00 00 00 00
[mtls] REF-kcmd+270: 00 00 00 00 00 00 00 00 00 00 00 00 00 00 00 00
[mtls] REF-kcmd+280: 00 00 00 00 00 00 00 00 00 00 00 00 00 00 00 00
[mtls] REF-kcmd+290: 00 00 00 00 00 00 00 00 00 00 00 00 00 00 00 00
[mtls] REF-kcmd+2a0: 00 00 00 00 00 00 00 00 00 00 00 00 00 00 00 00
[mtls] REF-kcmd+2b0: 00 00 00 00 00 00 00 00 00 00 00 00 00 00 00 00
[mtls] REF-kcmd+2c0: 00 00 00 00 00 80 b2 00 00 00 00 00 00 80 05 01
[mtls] REF-kcmd+2d0: 00 00 00 00 02 02 00 00 00 00 00 00 00 00 00 00
[mtls] REF-kcmd+2e0: 00 00 00 00 00 00 00 00 00 00 00 00 00 00 00 00
[mtls] REF-kcmd+2f0: 00 00 00 00 00 00 00 00 00 00 00 00 00 00 00 00
[mtls] REF-kcmd+300: 00 00 00 00 00 00 00 00 00 00 00 00 00 00 00 00
[mtls] REF-kcmd+310: 00 00 00 00 00 00 00 00 00 00 00 00 00 00 00 00
[mtls] REF-kcmd+320: 00 00 00 00 00 00 00 00 00 00 00 00 00 00 00 00
[mtls] REF-kcmd+330: 00 00 00 00 00 00 00 00 00 00 00 00 00 00 00 00
[mtls] REF-kcmd+340: 00 00 00 00 00 00 00 00 00 00 00 00 00 00 00 00
[mtls] REF-kcmd+350: 00 00 00 00 00 00 00 00 00 00 00 00 00 00 00 00
[mtls] REF-kcmd+360: 00 00 00 00 00 00 00 00 00 00 00 00 00 00 00 00
[mtls] REF-kcmd+370: 00 00 00 00 00 00 00 00 00 00 00 00 00 00 00 00
[mtls] REF-kcmd+380: 00 00 00 00 00 00 00 00 00 00 00 00 00 00 00 00
[mtls] REF-kcmd+390: 00 00 00 00 00 00 00 00 00 00 00 00 00 00 00 00
[mtls] REF-kcmd+3a0: 00 00 00 00 00 00 00 00 00 00 00 00 00 00 00 00
[mtls] REF-kcmd+3b0: 00 00 00 00 00 00 00 00 00 00 00 00 00 00 00 00
[mtls] REF-kcmd+3c0: 00 00 00 00 00 00 00 00 00 00 00 00 00 00 00 00
[mtls] REF-kcmd+3d0: 00 00 00 00 00 00 00 00 00 00 00 00 00 00 00 00
[mtls] REF-kcmd+3e0: 00 00 00 00 00 00 00 00 00 00 00 00 00 00 00 00
[mtls] REF-kcmd+3f0: 00 00 00 00 00 00 00 00 00 00 00 00 00 00 00 00
[mtls] REF-seg +000: 8c b4 1a 1b 00 00 00 00 01 00 00 00 01 00 00 40
[mtls] REF-seg +010: 00 00 00 00 ac 00 00 00 8c b4 1a 1b 00 00 00 00
[mtls] REF-seg +020: 00 00 00 00 00 00 00 00 8d b4 1a 1b 00 00 00 00
[mtls] REF-seg +030: ac 00 00 00 00 00 00 00 00 00 00 00 00 00 00 00
[mtls] REF-seg +040: 00 00 00 00 00 00 00 00 17 00 00 00 18 00 00 00
[mtls] REF-seg +050: 19 00 00 00 1a 00 00 00 1b 00 00 00 1c 00 00 00
[mtls] REF-seg +060: 20 00 00 00 20 00 00 00 20 00 00 00 20 00 00 00
[mtls] REF-seg +070: 20 00 00 00 20 00 00 00 01 00 01 00 04 00 01 00
[mtls] REF-seg +080: 04 00 04 00 00 00 06 00 1d 00 00 00 1e 00 00 00
[mtls] REF-seg +090: 1f 00 00 00 20 00 00 00 21 00 00 00 01 00 00 00
[mtls] REF-seg +0a0: 20 00 00 00 20 00 00 00 20 00 00 00 20 00 00 00
[mtls] REF-seg +0b0: 30 00 00 00 40 00 00 00 01 00 04 00 01 00 01 00
[mtls] REF-seg +0c0: 01 00 80 00 00 00 06 00 22 00 00 00 11 00 00 00
[mtls] REF-seg +0d0: 14 00 00 00 0c 00 00 00 0b 00 00 00 10 00 00 00
[mtls] REF-seg +0e0: 30 00 00 00 40 00 00 00 80 00 00 00 80 00 00 00
[mtls] REF-seg +0f0: 80 00 00 00 40 00 00 00 01 00 80 00 80 00 80 00
[mtls] REF-seg +100: 80 00 80 00 00 00 06 00 15 00 00 00 16 00 00 00
[mtls] REF-seg +110: 00 00 00 00 00 00 00 00 00 00 00 00 00 00 00 00
[mtls] REF-seg +120: 40 00 00 00 40 00 00 00 00 00 00 00 00 00 00 00
[mtls] REF-seg +130: 00 00 00 00 00 00 00 00 01 00 03 00 00 00 00 00
[mtls] REF-seg +140: 00 00 00 00 00 00 02 00 00 00 00 00 00 00 00 00
[mtls] REF-seg +150: 00 00 00 00 00 00 00 00 00 00 00 00 00 00 00 00
[mtls] REF-seg +160: 00 00 00 00 00 00 00 00 00 00 00 00 00 00 00 00
[mtls] REF-seg +170: 00 00 00 00 00 00 00 00 00 00 00 00 00 00 00 00
[mtls] REF-seg +180: 00 00 00 00 00 00 00 00 00 00 00 00 00 00 00 00
[mtls] REF-seg +190: 00 00 00 00 00 00 00 00 00 00 00 00 00 00 00 00
[mtls] REF-seg +1a0: 00 00 00 00 00 00 00 00 00 00 00 00 00 00 00 00
[mtls] REF-seg +1b0: 00 00 00 00 00 00 00 00 00 00 00 00 00 00 00 00
[mtls] REF-seg +1c0: 00 00 00 00 00 00 00 00 00 00 00 00 00 00 00 00
[mtls] REF-seg +1d0: 00 00 00 00 00 00 00 00 00 00 00 00 00 00 00 00
[mtls] REF-seg +1e0: 00 00 00 00 00 00 00 00 00 00 00 00 00 00 00 00
[mtls] REF-seg +1f0: 00 00 00 00 00 00 00 00 00 00 00 00 00 00 00 00
[mtls] REF vs agx_A4_image: 59/0x400 bytes differ (first at b0,144,168,175,176,1cd)
[mtls] REF vs agx_B4_image: 82/0x200 bytes differ
[mtls] committing...
[mtls] committed, waiting...
[mtls] waitUntilCompleted returned
[mtls] bufB contents ptr 0x10470c000
[mtls] bufB scan done, 0x41 bytes 65536
[mtls] cb status 4
[mtls] cb error @
[mtls] Metal commit: bufB 0x41 bytes 65536/0x10000 GPU WRITE OK (sanity)
[mtls] POST-kcmd+000: 0f 00 00 00 ac 00 00 00 00 00 00 00 00 00 00 00
[mtls] POST-kcmd+010: 00 00 00 00 00 00 00 00 00 00 00 00 00 00 00 00
[mtls] POST-kcmd+020: 00 00 00 00 00 00 00 00 00 00 00 00 00 00 00 00
[mtls] POST-kcmd+030: 00 00 00 00 00 00 00 00 00 00 00 00 00 00 00 00
[mtls] POST-kcmd+040: 00 00 00 00 00 00 00 00 00 00 00 00 00 00 00 00
[mtls] POST-kcmd+050: 00 00 00 00 00 00 00 00 00 00 00 00 00 00 00 00
[mtls] POST-kcmd+060: 00 00 00 00 00 00 00 00 00 00 00 00 00 00 00 00
[mtls] POST-kcmd+070: 00 00 00 00 00 00 00 00 00 00 00 00 00 00 00 00
[mtls] POST-kcmd+080: 00 00 00 00 00 00 00 00 00 00 00 00 00 00 00 00
[mtls] POST-kcmd+090: 00 00 00 00 00 00 00 00 00 00 00 00 00 00 00 00
[mtls] POST-kcmd+0a0: 00 00 00 00 00 00 00 00 00 00 00 00 00 00 01 00
[mtls] POST-kcmd+0b0: 58 03 00 00 00 00 00 00 00 00 00 00 00 00 00 00
[mtls] POST-kcmd+0c0: 00 00 00 00 00 00 00 00 00 00 00 00 00 00 00 00
[mtls] POST-kcmd+0d0: 00 00 00 00 00 00 00 00 00 00 00 00 00 00 00 00
[mtls] POST-kcmd+0e0: 00 00 00 00 00 00 00 00 00 00 00 00 00 00 00 00
[mtls] POST-kcmd+0f0: 00 00 00 00 00 00 00 00 00 00 00 00 00 00 00 00
[mtls] POST-seg +000: 8c b4 1a 1b 00 00 00 00 01 00 00 00 01 00 00 40
[mtls] POST-seg +010: 00 00 00 00 ac 00 00 00 8c b4 1a 1b 00 00 00 00
[mtls] POST-seg +020: 01 00 00 00 30 01 00 80 8d b4 1a 1b 00 00 00 00
[mtls] POST-seg +030: ac 00 00 00 04 04 00 00 00 00 00 00 00 00 00 00
[mtls] POST-seg +040: 14 00 00 00 04 00 00 00 17 00 00 00 18 00 00 00
[mtls] POST-seg +050: 19 00 00 00 1a 00 00 00 1b 00 00 00 1c 00 00 00
[mtls] POST-seg +060: 20 00 00 00 20 00 00 00 20 00 00 00 20 00 00 00
[mtls] POST-seg +070: 20 00 00 00 20 00 00 00 01 00 01 00 04 00 01 00
[mtls] POST-seg +080: 04 00 04 00 00 00 06 00 1d 00 00 00 1e 00 00 00
[mtls] POST-seg +090: 1f 00 00 00 20 00 00 00 21 00 00 00 01 00 00 00
[mtls] POST-seg +0a0: 20 00 00 00 20 00 00 00 20 00 00 00 20 00 00 00
[mtls] POST-seg +0b0: 30 00 00 00 40 00 00 00 01 00 04 00 01 00 01 00
[mtls] POST-seg +0c0: 01 00 80 00 00 00 06 00 22 00 00 00 11 00 00 00
[mtls] POST-seg +0d0: 14 00 00 00 0c 00 00 00 0b 00 00 00 10 00 00 00
[mtls] POST-seg +0e0: 30 00 00 00 40 00 00 00 80 00 00 00 80 00 00 00
[mtls] POST-seg +0f0: 80 00 00 00 40 00 00 00 01 00 80 00 80 00 80 00
[mtls] POST-seg +100: 80 00 80 00 00 00 06 00 15 00 00 00 16 00 00 00
[mtls] POST-seg +110: 00 00 00 00 00 00 00 00 00 00 00 00 00 00 00 00
[mtls] POST-seg +120: 40 00 00 00 40 00 00 00 00 00 00 00 00 00 00 00
[mtls] POST-seg +130: 00 00 00 00 00 00 00 00 01 00 03 00 00 00 00 00
[mtls] POST-seg +140: 00 00 00 00 00 00 02 00 00 00 00 00 00 00 00 00
[mtls] POST-seg +150: 00 00 00 00 00 00 00 00 00 00 00 00 00 00 00 00
[mtls] POST-seg +160: 00 00 00 00 00 00 00 00 00 00 00 00 00 00 00 00
[mtls] POST-seg +170: 00 00 00 00 00 00 00 00 00 00 00 00 00 00 00 00
[mtls] POST-seg +180: 00 00 00 00 00 00 00 00 00 00 00 00 00 00 00 00
[mtls] POST-seg +190: 00 00 00 00 00 00 00 00 00 00 00 00 00 00 00 00
[mtls] POST-seg +1a0: 00 00 00 00 00 00 00 00 00 00 00 00 00 00 00 00
[mtls] POST-seg +1b0: 00 00 00 00 00 00 00 00 00 00 00 00 00 00 00 00
[mtls] POST-seg +1c0: 00 00 00 00 00 00 00 00 00 00 00 00 00 00 00 00
[mtls] POST-seg +1d0: 00 00 00 00 00 00 00 00 00 00 00 00 00 00 00 00
[mtls] POST-seg +1e0: 00 00 00 00 00 00 00 00 00 00 00 00 00 00 00 00
[mtls] POST-seg +1f0: 00 00 00 00 00 00 00 00 00 00 00 00 00 00 00 00
[mtls] Metal gpuAddress: bufA 0x10000080000 bufB 0x10000098000
[open] IOGPU -> conn 0xa803
[mtls] our queue: qid 1 nqid 1 nqVA 104864000 bind 0x00000000 notif 0x00000000
[mtlr] sel12 size 0x4000 type 0 -> kr 0x00000000 va 104c70000 id 1
[mtlr] sel12 size 0x4000 type 1 -> kr 0x00000000 va 104c74000 id 2
[mtlr] resource2 sel8 flags 470 sz 0x10000 -> kr 0x00000000 rid 1 GPUVA 0x10000000000 cpu 104c88000
[mtlr]   out: 0000010000000000 0000000104c88000 00000001048500c0 0000000000000000
[mtlr]   out: 0000000100000000 0000000000010000 000000001c1ab4bd 0000000000017686
[mtlr] resource2 sel8 flags 470 sz 0x10000 -> kr 0x00000000 rid 2 GPUVA 0x10000018000 cpu 104c98000
[mtlr]   out: 0000010000018000 0000000104c98000 0000000104850180 0000000000000000
[mtlr]   out: 0000000200000000 0000000000010000 000000001c1ab4be 0000000000017687
[mtls] our resources: ridA 1 gpuva 10000000000 | ridB 2 gpuva 10000018000
[mtls] R1 -> kr 0x00000000 outU32 00000009 wrIdx 58 statuses {9, 9} | ourB nz 0 0x41 0 
[mtls] R2: count-2 group @108 rids -> 1,2
[mtls] R2 -> kr 0x00000000 outU32 00000009 wrIdx b0 statuses {9, 9} | ourB nz 0 0x41 0 
[mtls] R3: count-2 group @108 rids -> 1,2
[mtlr] resource2 sel8 flags 470 sz 0x8000 -> kr 0x00000000 rid 3 GPUVA 0x10000030000 cpu 10d094000
[mtlr]   out: 0000010000030000 000000010d094000 0000000104850240 0000000000000000
[mtlr]   out: 0000000300000000 0000000000008000 000000001c1ab680 00000000000176c0
[mtlr] resource2 sel8 flags 470 sz 0x8000 -> kr 0x00000000 rid 4 GPUVA 0x10000040000 cpu 10d09c000
[mtlr]   out: 0000010000040000 000000010d09c000 0000000104850300 0000000000000000
[mtlr]   out: 0000000400000000 0000000000008000 000000001c1ab681 00000000000176c1
[mtlr] resource2 sel8 flags 470 sz 0x8000 -> kr 0x00000000 rid 5 GPUVA 0x10000050000 cpu 10d0a4000
[mtlr]   out: 0000010000050000 000000010d0a4000 00000001048503c0 0000000000000000
[mtlr]   out: 0000000500000000 0000000000008000 000000001c1ab682 00000000000176c2
[mtlr] resource2 sel8 flags 470 sz 0x8000 -> kr 0x00000000 rid 6 GPUVA 0x10000060000 cpu 10d0ac000
[mtlr]   out: 0000010000060000 000000010d0ac000 0000000104850480 0000000000000000
[mtlr]   out: 0000000600000000 0000000000008000 000000001c1ab683 00000000000176c3
[mtlr] resource2 sel8 flags 470 sz 0x8000 -> kr 0x00000000 rid 7 GPUVA 0x10000070000 cpu 10d0b4000
[mtlr]   out: 0000010000070000 000000010d0b4000 0000000104850540 0000000000000000
[mtlr]   out: 0000000700000000 0000000000008000 000000001c1ab684 00000000000176c4
[mtlr] resource2 sel8 flags 470 sz 0x8000 -> kr 0x00000000 rid 8 GPUVA 0x10000080000 cpu 10d0bc000
[mtlr]   out: 0000010000080000 000000010d0bc000 0000000104850600 0000000000000000
[mtlr]   out: 0000000800000000 0000000000008000 000000001c1ab685 00000000000176c5
[mtlr] resource2 sel8 flags 470 sz 0x8000 -> kr 0x00000000 rid 9 GPUVA 0x10000090000 cpu 10d0c4000
[mtlr]   out: 0000010000090000 000000010d0c4000 00000001048506c0 0000000000000000
[mtlr]   out: 0000000900000000 0000000000008000 000000001c1ab686 00000000000176c6
[mtlr] resource2 sel8 flags 470 sz 0x8000 -> kr 0x00000000 rid 10 GPUVA 0x100000a0000 cpu 10d0cc000
[mtlr]   out: 00000100000a0000 000000010d0cc000 0000000104850780 0000000000000000
[mtlr]   out: 0000000a00000000 0000000000008000 000000001c1ab687 00000000000176c7
[mtlr] resource2 sel8 flags 470 sz 0x8000 -> kr 0x00000000 rid 11 GPUVA 0x100000b0000 cpu 10d0d4000
[mtlr]   out: 00000100000b0000 000000010d0d4000 0000000104850840 0000000000000000
[mtlr]   out: 0000000b00000000 0000000000008000 000000001c1ab688 00000000000176c8
[mtlr] resource2 sel8 flags 470 sz 0x8000 -> kr 0x00000000 rid 12 GPUVA 0x100000c0000 cpu 10d0dc000
[mtlr]   out: 00000100000c0000 000000010d0dc000 0000000104850900 0000000000000000
[mtlr]   out: 0000000c00000000 0000000000008000 000000001c1ab689 00000000000176c9
[mtlr] resource2 sel8 flags 470 sz 0xc000 -> kr 0x00000000 rid 13 GPUVA 0x100000d0000 cpu 10d0e4000
[mtlr]   out: 00000100000d0000 000000010d0e4000 00000001048509c0 0000000000000000
[mtlr]   out: 0000000d00000000 000000000000c000 000000001c1ab68a 00000000000176ca
[mtlr] resource2 sel8 flags 470 sz 0x10000 -> kr 0x00000000 rid 14 GPUVA 0x100000e0000 cpu 10d0f0000
[mtlr]   out: 00000100000e0000 000000010d0f0000 0000000104850a80 0000000000000000
[mtlr]   out: 0000000e00000000 0000000000010000 000000001c1ab68b 00000000000176cb
[mtlr] resource2 sel8 flags 470 sz 0xc000 -> kr 0x00000000 rid 15 GPUVA 0x100000f8000 cpu 10d100000
[mtlr]   out: 00000100000f8000 000000010d100000 0000000104850b40 0000000000000000
[mtlr]   out: 0000000f00000000 000000000000c000 000000001c1ab68c 00000000000176cc
[mtlr] resource2 sel8 flags 470 sz 0x10000 -> kr 0x00000000 rid 16 GPUVA 0x10000108000 cpu 10d10c000
[mtlr]   out: 0000010000108000 000000010d10c000 0000000104850c00 0000000000000000
[mtlr]   out: 0000001000000000 0000000000010000 000000001c1ab68d 00000000000176cd
[mtlr] resource2 sel8 flags 470 sz 0x20000 -> kr 0x00000000 rid 17 GPUVA 0x10000120000 cpu 10d11c000
[mtlr]   out: 0000010000120000 000000010d11c000 0000000104850cc0 0000000000000000
[mtlr]   out: 0000001100000000 0000000000020000 000000001c1ab68e 00000000000176ce
[mtlr] resource2 sel8 flags 470 sz 0x20000 -> kr 0x00000000 rid 18 GPUVA 0x10000148000 cpu 10d13c000
[mtlr]   out: 0000010000148000 000000010d13c000 0000000104850d80 0000000000000000
[mtlr]   out: 0000001200000000 0000000000020000 000000001c1ab68f 00000000000176cf
[mtlr] resource2 sel8 flags 470 sz 0x20000 -> kr 0x00000000 rid 19 GPUVA 0x10000170000 cpu 10d15c000
[mtlr]   out: 0000010000170000 000000010d15c000 0000000104850e40 0000000000000000
[mtlr]   out: 0000001300000000 0000000000020000 000000001c1ab690 00000000000176d0
[mtlr] resource2 sel8 flags 470 sz 0x10000 -> kr 0x00000000 rid 20 GPUVA 0x10000198000 cpu 10d17c000
[mtlr]   out: 0000010000198000 000000010d17c000 0000000104850f00 0000000000000000
[mtlr]   out: 0000001400000000 0000000000010000 000000001c1ab691 00000000000176d1
[mtls] R3: recreated/patched 20 resource slots
[mtls] R3 -> kr 0x00000000 outU32 00000000 wrIdx 108 statuses {0, 5} | ourB nz 0 0x41 0 
[mtls] nq +000: 14 14 00 00 00 00 00 00 08 01 00 00 28 00 00 00
[mtls] nq +010: 00 c0 c7 04 01 00 00 00 d5 06 de da bf 12 00 00
[mtls] nq +020: 50 38 de da bf 12 00 00 09 00 00 00 00 00 00 00
[mtls] nq +030: 00 00 00 00 00 00 00 00 28 00 00 00 30 c0 c7 04
[mtls] nq +040: 01 00 00 00 c7 39 de da bf 12 00 00 1a 3a de da
[mtls] nq +050: bf 12 00 00 09 00 00 00 00 00 00 00 00 00 00 00
[mtls] nq +060: 00 00 00 00 28 00 00 00 00 c0 c7 04 01 00 00 00
[mtls] nq +070: 90 82 17 de bf 12 00 00 11 a5 17 de bf 12 00 00
[mtls] nq +080: 09 00 00 00 00 00 00 00 00 00 00 00 00 00 00 00
[mtls] nq +090: 28 00 00 00 30 c0 c7 04 01 00 00 00 0b a6 17 de
[mtls] nq +0a0: bf 12 00 00 5f a6 17 de bf 12 00 00 09 00 00 00
[mtls] nq +0b0: 00 00 00 00 00 00 00 00 00 00 00 00 28 00 00 00
[mtls] nq +0c0: 00 c0 c7 04 01 00 00 00 66 1f 54 e1 bf 12 00 00
[mtls] nq +0d0: 55 65 85 e1 bf 12 00 00 00 00 00 00 00 00 00 00
[mtls] nq +0e0: 00 00 00 00 00 00 00 00 28 00 00 00 30 c0 c7 04
[mtls] nq +0f0: 01 00 00 00 d8 6b 85 e1 bf 12 00 00 c1 bb b1 e1
[mtls] done (alive)
[probe13] mtlself-only mode, stop
