[main] fuzz harness up, mode=scaler
[main] sandbox note: VCPDRM open is MACF-denied (iokit-open-user-client VCPDRMUserClient); mach-lookup com.apple.sprr / com.apple.jitbox exist but are sandbox-gated (seen in kernel log)
[open] AppleM2ScalerCSCDriver -> conn 0x7f0b
[scaler] conn 0x7f0b, s1 14 s2 15
[probe12] SetNotificationPort -> 0x00000000
[dsr] v124: N1 baseline-template diff + N2 pointer discrimination
[dsr] cfg0 size 0x4000 gpuA 0x10000080000 gpuB 0x10000088000
[dsr] cfg0 storage 0x10a1c0c00 kcmd 0x109cb8000 seg 0x109cb4000 (pre-endEncoding)
[dsr]   pool region 0x109d18000 sz 0xc000 (hit gpuA+0x14a0)
[dsr]   pool region 0x10a000000 sz 0x400000 (hit gpuA+0xf388)
[dsr]   pool region 0x10dc00000 sz 0x400000 (hit gpuA+0x1a790)
[dsr]   pool region 0x16b898000 sz 0x88000 (hit gpuA+0x7fb50)
[dsr]   pool region 0x109d18000 sz 0xc000 (hit gpuA+0x14a0)
[dsr]   pool region 0x10a000000 sz 0x400000 (hit gpuA+0xf388)
[dsr]   pool region 0x10dc00000 sz 0x400000 (hit gpuA+0x1a790)
[dsr]   pool region 0x16b898000 sz 0x88000 (hit gpuA+0x7fb50)
[dsr] cfg0 kcmd: 0 changed lines
[dsr] cfg0 seg: 0 changed lines
[dsr] cfg0 pool: 0 changed lines
[dsr] cfg0 pool: 0 changed lines
[dsr] cfg0 pool: 0 changed lines
[dsr] cfg0 pool: 0 changed lines
[dsr]   wrote /var/mobile/Containers/Data/Application/F8A76C3D-8809-49F4-BFB1-EA61F0186422/Documents/dsrecon-cfg0-kcmd.bin (16384 bytes) ok
[dsr]   wrote /var/mobile/Containers/Data/Application/F8A76C3D-8809-49F4-BFB1-EA61F0186422/Documents/dsrecon-cfg0-kcmd-pre.bin (16384 bytes) ok
[dsr]   wrote /var/mobile/Containers/Data/Application/F8A76C3D-8809-49F4-BFB1-EA61F0186422/Documents/dsrecon-cfg0-seg.bin (16384 bytes) ok
[dsr]   wrote /var/mobile/Containers/Data/Application/F8A76C3D-8809-49F4-BFB1-EA61F0186422/Documents/dsrecon-cfg0-seg-pre.bin (16384 bytes) ok
[dsr]   wrote /var/mobile/Containers/Data/Application/F8A76C3D-8809-49F4-BFB1-EA61F0186422/Documents/dsrecon-cfg0-pool0.bin (16384 bytes) ok
[dsr]   wrote /var/mobile/Containers/Data/Application/F8A76C3D-8809-49F4-BFB1-EA61F0186422/Documents/dsrecon-cfg0-pool1.bin (16384 bytes) ok
[dsr]   wrote /var/mobile/Containers/Data/Application/F8A76C3D-8809-49F4-BFB1-EA61F0186422/Documents/dsrecon-cfg0-pool2.bin (16384 bytes) ok
[dsr]   wrote /var/mobile/Containers/Data/Application/F8A76C3D-8809-49F4-BFB1-EA61F0186422/Documents/dsrecon-cfg0-pool3.bin (16384 bytes) ok
[dsr] cfg0 pool0 +0x14a0 = gpuA (POINTER)
[dsr] cfg0 pool0 +0x14a8 = gpuB (POINTER)
[dsr] cfg0 pool0: pointer hits A 1 B 1
[dsr] cfg1 size 0x10000 gpuA 0x10000110000 gpuB 0x10000128000
[dsr] cfg1 storage 0x10a1c0c00 kcmd 0x109cb8000 seg 0x109cb4000 (pre-endEncoding)
[dsr]   pool region 0x109d18000 sz 0xc000 (hit gpuA+0x14a0)
[dsr]   pool region 0x10a000000 sz 0x400000 (hit gpuB+0xfe28)
[dsr]   pool region 0x10dc00000 sz 0x400000 (hit gpuA+0x26790)
[dsr]   pool region 0x16b898000 sz 0x88000 (hit gpuB+0x7e788)
[dsr]   pool region 0x288000000 sz 0x1420000 (hit gpuA+0x10d7478)
[dsr]   pool region 0x109d18000 sz 0xc000 (hit gpuA+0x14a0)
[dsr]   pool region 0x10a000000 sz 0x400000 (hit gpuB+0xfe28)
[dsr]   pool region 0x10dc00000 sz 0x400000 (hit gpuA+0x26790)
[dsr]   pool region 0x16b898000 sz 0x88000 (hit gpuB+0x7e788)
[dsr]   pool region 0x288000000 sz 0x1420000 (hit gpuA+0x10d7478)
[dsr] cfg1 kcmd: 0 changed lines
[dsr] cfg1 seg: 0 changed lines
[dsr] cfg1 pool: 0 changed lines
[dsr] cfg1 pool: 0 changed lines
[dsr] cfg1 pool: 0 changed lines
[dsr] cfg1 pool: 0 changed lines
[dsr] cfg1 pool: 0 changed lines
[dsr]   wrote /var/mobile/Containers/Data/Application/F8A76C3D-8809-49F4-BFB1-EA61F0186422/Documents/dsrecon-cfg1-kcmd.bin (16384 bytes) ok
[dsr]   wrote /var/mobile/Containers/Data/Application/F8A76C3D-8809-49F4-BFB1-EA61F0186422/Documents/dsrecon-cfg1-kcmd-pre.bin (16384 bytes) ok
[dsr]   wrote /var/mobile/Containers/Data/Application/F8A76C3D-8809-49F4-BFB1-EA61F0186422/Documents/dsrecon-cfg1-seg.bin (16384 bytes) ok
[dsr]   wrote /var/mobile/Containers/Data/Application/F8A76C3D-8809-49F4-BFB1-EA61F0186422/Documents/dsrecon-cfg1-seg-pre.bin (16384 bytes) ok
[dsr]   wrote /var/mobile/Containers/Data/Application/F8A76C3D-8809-49F4-BFB1-EA61F0186422/Documents/dsrecon-cfg1-pool0.bin (16384 bytes) ok
[dsr]   wrote /var/mobile/Containers/Data/Application/F8A76C3D-8809-49F4-BFB1-EA61F0186422/Documents/dsrecon-cfg1-pool1.bin (16384 bytes) ok
[dsr]   wrote /var/mobile/Containers/Data/Application/F8A76C3D-8809-49F4-BFB1-EA61F0186422/Documents/dsrecon-cfg1-pool2.bin (16384 bytes) ok
[dsr]   wrote /var/mobile/Containers/Data/Application/F8A76C3D-8809-49F4-BFB1-EA61F0186422/Documents/dsrecon-cfg1-pool3.bin (16384 bytes) ok
[dsr]   wrote /var/mobile/Containers/Data/Application/F8A76C3D-8809-49F4-BFB1-EA61F0186422/Documents/dsrecon-cfg1-pool4.bin (16384 bytes) ok
[dsr] cfg1 pool0 +0x14a0 = gpuA (POINTER)
[dsr] cfg1 pool0 +0x14a8 = gpuB (POINTER)
[dsr] cfg1 pool0: pointer hits A 1 B 1
[dsr] cfg2 size 0x40000 gpuA 0x10000140000 gpuB 0x10000188000
[dsr] cfg2 storage 0x10a1c0c00 kcmd 0x109cb8000 seg 0x109cb4000 (pre-endEncoding)
[dsr]   pool region 0x109d18000 sz 0xc000 (hit gpuA+0x14a0)
[dsr]   pool region 0x10a000000 sz 0x400000 (hit gpuA+0x253920)
[dsr]   pool region 0x10dc00000 sz 0x400000 (hit gpuA+0x32790)
[dsr]   pool region 0x10e000000 sz 0x400000 (hit gpuA+0x1d4a0)
[dsr]   pool region 0x16b898000 sz 0x88000 (hit gpuB+0x7e788)
[dsr]   pool region 0x109d18000 sz 0xc000 (hit gpuA+0x14a0)
[dsr]   pool region 0x10a000000 sz 0x400000 (hit gpuA+0x253920)
[dsr]   pool region 0x10dc00000 sz 0x400000 (hit gpuA+0x32790)
[dsr]   pool region 0x10e000000 sz 0x400000 (hit gpuA+0x1d4a0)
[dsr]   pool region 0x16b898000 sz 0x88000 (hit gpuB+0x7e788)
[dsr] cfg2 kcmd: 0 changed lines
[dsr] cfg2 seg: 0 changed lines
[dsr] cfg2 pool: 0 changed lines
[dsr] cfg2 pool: 0 changed lines
[dsr] cfg2 pool: 0 changed lines
[dsr] cfg2 pool: 0 changed lines
[dsr] cfg2 pool: 0 changed lines
[dsr]   wrote /var/mobile/Containers/Data/Application/F8A76C3D-8809-49F4-BFB1-EA61F0186422/Documents/dsrecon-cfg2-kcmd.bin (16384 bytes) ok
[dsr]   wrote /var/mobile/Containers/Data/Application/F8A76C3D-8809-49F4-BFB1-EA61F0186422/Documents/dsrecon-cfg2-kcmd-pre.bin (16384 bytes) ok
[dsr]   wrote /var/mobile/Containers/Data/Application/F8A76C3D-8809-49F4-BFB1-EA61F0186422/Documents/dsrecon-cfg2-seg.bin (16384 bytes) ok
[dsr]   wrote /var/mobile/Containers/Data/Application/F8A76C3D-8809-49F4-BFB1-EA61F0186422/Documents/dsrecon-cfg2-seg-pre.bin (16384 bytes) ok
[dsr]   wrote /var/mobile/Containers/Data/Application/F8A76C3D-8809-49F4-BFB1-EA61F0186422/Documents/dsrecon-cfg2-pool0.bin (16384 bytes) ok
[dsr]   wrote /var/mobile/Containers/Data/Application/F8A76C3D-8809-49F4-BFB1-EA61F0186422/Documents/dsrecon-cfg2-pool1.bin (16384 bytes) ok
[dsr]   wrote /var/mobile/Containers/Data/Application/F8A76C3D-8809-49F4-BFB1-EA61F0186422/Documents/dsrecon-cfg2-pool2.bin (16384 bytes) ok
[dsr]   wrote /var/mobile/Containers/Data/Application/F8A76C3D-8809-49F4-BFB1-EA61F0186422/Documents/dsrecon-cfg2-pool3.bin (16384 bytes) ok
[dsr]   wrote /var/mobile/Containers/Data/Application/F8A76C3D-8809-49F4-BFB1-EA61F0186422/Documents/dsrecon-cfg2-pool4.bin (16384 bytes) ok
[dsr] cfg2 pool0 +0x14a0 = gpuA (POINTER)
[dsr] cfg2 pool0 +0x14a8 = gpuB (POINTER)
[dsr] cfg2 pool0: pointer hits A 1 B 1
[dsr] x0v1 kcmd: 0 changed lines
[dsr] x0v1 seg +0x0000: 231a2c1200000000 -> 251a2c1200000000
[dsr] x0v1 seg +0x0010: 00000000ac000000 -> 00000000ac000000
[dsr] x0v1 seg +0x0020: 0000000000000000 -> 0000000000000000
[dsr] x0v1 seg +0x0100: 8000800000000600 -> 8000800000000600
[dsr] x0v1 seg +0x0120: 1000000010000000 -> 4000000040000000
[dsr] x0v1 seg: 5 changed lines
[dsr] x0v2 kcmd: 0 changed lines
[dsr] x0v2 seg +0x0000: 231a2c1200000000 -> 271a2c1200000000
[dsr] x0v2 seg +0x0010: 00000000ac000000 -> 00000000ac000000
[dsr] x0v2 seg +0x0020: 0000000000000000 -> 0000000000000000
[dsr] x0v2 seg +0x0100: 8000800000000600 -> 8000800000000600
[dsr] x0v2 seg +0x0120: 1000000010000000 -> 0001000000010000
[dsr] x0v2 seg: 5 changed lines
[dsri3] session VA-map location -> E/P harvest (§2.4)
[dsri3] blit status 4 gpuA 0x100001d0000 gpuB 0x100001e8000 kcmd_cpu 0x109cb8000
[dsri3] region 0x10a000000+0x400000: 8 split-entries (new top)
[dsri3] scan: 8 entries, 0 gpuA/gpuB confirmations, top region 0x10a000000 (8)
[dsri3] VA-map NOT confirmed — fallback: anchor qword scan
[dsri3] fallback: anchor 0x100000f0000 @region 0x10a000000+0xf9c8
[dsr]   wrote /var/mobile/Containers/Data/Application/F8A76C3D-8809-49F4-BFB1-EA61F0186422/Documents/dsrecon-int3-FB0.bin (262144 bytes) ok
[dsri3] fallback done: 1 region dumps
[dsri3] done (alive)
[dsr] done (alive)
[probe13] dsrecon-only mode, stop
