[main] fuzz harness up, mode=scaler
[main] sandbox note: VCPDRM open is MACF-denied (iokit-open-user-client VCPDRMUserClient); mach-lookup com.apple.sprr / com.apple.jitbox exist but are sandbox-gated (seen in kernel log)
[open] AppleM2ScalerCSCDriver -> conn 0x7003
[scaler] conn 0x7003, s1 278 s2 282
[probe12] SetNotificationPort -> 0x00000000
[connp] v87: connection/type probe
[connp] Metal conn 0x6f0f: class '?' (kr e00002c2) path '?' (kr e00002c2)
[open] IOGPU -> conn 0x6a03
[connp] our type1 conn 0x6a03: class '?' (kr e00002c2) path '?' (kr e00002c2)
[connp] match IOGPU               : name 'AGXAcceleratorG16P' class 'AGXAcceleratorG16P' path 'IOService:/AppleARMPE/arm-io@10F00000/AppleH16IO/sgx@80000000/AGXAcceleratorG16P'
[connp] match IOGPUDevice: none
[connp] match AGXAccelerator      : name 'AGXAcceleratorG16P' class 'AGXAcceleratorG16P' path 'IOService:/AppleARMPE/arm-io@10F00000/AppleH16IO/sgx@80000000/AGXAcceleratorG16P'
[connp] match AGXAcceleratorG16P  : name 'AGXAcceleratorG16P' class 'AGXAcceleratorG16P' path 'IOService:/AppleARMPE/arm-io@10F00000/AppleH16IO/sgx@80000000/AGXAcceleratorG16P'
[connp] match AGXAcceleratorG16   : name 'AGXAcceleratorG16P' class 'AGXAcceleratorG16P' path 'IOService:/AppleARMPE/arm-io@10F00000/AppleH16IO/sgx@80000000/AGXAcceleratorG16P'
[connp] match AGXDevice: none
[connp] #1 open IOGPU type 0x0 -> kr 0xe00002c7 conn 0x0
[connp] #2 open IOGPU type 0x1 -> kr 0x00000000 conn 0x6a53
[mtlr] resource2 sel8 flags 470 sz 0x10000 -> kr 0x00000000 rid 1 GPUVA 0x10000000000 cpu 1070ec000
[mtlr]   out: 0000010000000000 00000001070ec000 00000001070d00c0 0000000000000000
[mtlr]   out: 0000000100000000 0000000000010000 00000000281b95ab 000000000001a13a
[mtlr] resource2 sel8 flags 470 sz 0x10000 -> kr 0x00000000 rid 2 GPUVA 0x10000018000 cpu 1070fc000
[mtlr]   out: 0000010000018000 00000001070fc000 00000001070d0180 0000000000000000
[mtlr]   out: 0000000200000000 0000000000010000 00000000281b95ac 000000000001a13b
[mtlr] sel12 size 0x4000 type 0 -> kr 0x00000000 va 1070e8000 id 1
[mtlr] sel12 size 0x4000 type 1 -> kr 0x00000000 va 10710c000 id 2
[connp] IOGPU/0x1: submitting (qid 1, rA 1 rB 2)...
[connp] IOGPU/0x1 -> kr 0x00000000 outU32 00000000 wrIdx 58 statuses {0, 0} | B nz 0 5A 0 
[connp] #3 open IOGPU type 0x2 -> kr 0xe00002c7 conn 0x0
[connp] #4 open IOGPU type 0x3 -> kr 0xe00002c7 conn 0x0
[connp] #5 open IOGPU type 0x4 -> kr 0xe00002c7 conn 0x0
[connp] #6 open IOGPU type 0x5 -> kr 0xe00002c7 conn 0x0
[connp] #7 open IOGPU type 0x6 -> kr 0xe00002c7 conn 0x0
[connp] #8 open IOGPU type 0x7 -> kr 0xe00002c7 conn 0x0
[connp] #9 open IOGPU type 0x8 -> kr 0xe00002c7 conn 0x0
[connp] #10 open IOGPU type 0x9 -> kr 0xe00002c7 conn 0x0
[connp] #11 open IOGPU type 0xa -> kr 0xe00002c7 conn 0x0
[connp] #12 open IOGPU type 0xb -> kr 0xe00002c7 conn 0x0
[connp] #13 open IOGPU type 0xc -> kr 0xe00002c7 conn 0x0
[connp] #14 open IOGPU type 0xd -> kr 0xe00002c7 conn 0x0
[connp] #15 open IOGPU type 0xe -> kr 0xe00002c7 conn 0x0
[connp] #16 open IOGPU type 0xf -> kr 0xe00002c7 conn 0x0
[connp] #17 open IOGPU type 0x10 -> kr 0xe00002c7 conn 0x0
[connp] #18 open IOGPU type 0x11 -> kr 0xe00002c7 conn 0x0
[connp] #19 open IOGPU type 0x12 -> kr 0xe00002c7 conn 0x0
[connp] #20 open IOGPU type 0x13 -> kr 0xe00002c7 conn 0x0
[connp] #21 open IOGPU type 0x14 -> kr 0xe00002c7 conn 0x0
[connp] #22 open IOGPU type 0x15 -> kr 0xe00002c7 conn 0x0
[connp] #23 open IOGPU type 0x16 -> kr 0xe00002c7 conn 0x0
[connp] #24 open IOGPU type 0x17 -> kr 0xe00002c7 conn 0x0
[connp] #25 open IOGPU type 0x18 -> kr 0xe00002c7 conn 0x0
[connp] #26 open IOGPU type 0x19 -> kr 0xe00002c7 conn 0x0
[connp] #27 open IOGPU type 0x1a -> kr 0xe00002c7 conn 0x0
[connp] #28 open IOGPU type 0x1b -> kr 0xe00002c7 conn 0x0
[connp] #29 open IOGPU type 0x1c -> kr 0xe00002c7 conn 0x0
[connp] #30 open IOGPU type 0x1d -> kr 0xe00002c7 conn 0x0
[connp] #31 open IOGPU type 0x1e -> kr 0xe00002c7 conn 0x0
[connp] #32 open IOGPU type 0x1f -> kr 0xe00002c7 conn 0x0
[connp] #33 open IOGPU type 0x20 -> kr 0xe00002c7 conn 0x0
[connp] #34 open IOGPU type 0x100 -> kr 0xe00002c7 conn 0x0
[connp] #35 open IOGPU type 0x1000 -> kr 0xe00002c7 conn 0x0
[connp] #36 open IOGPU type 0x10000 -> kr 0xe00002c7 conn 0x0
[connp] #37 open IOGPU type 0x100000 -> kr 0xe00002c7 conn 0x0
[connp] #38 open IOGPU type 0x100001 -> kr 0x00000000 conn 0x6a63
[mtlr] resource2 sel8 flags 470 sz 0x10000 -> kr 0x00000000 rid 1 GPUVA 0x10000000000 cpu 107140000
[mtlr]   out: 0000010000000000 0000000107140000 00000001071200c0 0000000000000000
[mtlr]   out: 0000000100000000 0000000000010000 00000000281b96f4 000000000001a199
[mtlr] resource2 sel8 flags 470 sz 0x10000 -> kr 0x00000000 rid 2 GPUVA 0x10000018000 cpu 107150000
[mtlr]   out: 0000010000018000 0000000107150000 0000000107120180 0000000000000000
[mtlr]   out: 0000000200000000 0000000000010000 00000000281b970a 000000000001a19a
[mtlr] sel12 size 0x4000 type 0 -> kr 0x00000000 va 10713c000 id 1
[mtlr] sel12 size 0x4000 type 1 -> kr 0x00000000 va 107160000 id 2
[connp] IOGPU/0x100001: submitting (qid 1, rA 1 rB 2)...
[connp] IOGPU/0x100001 -> kr 0x00000000 outU32 00000000 wrIdx 58 statuses {0, 0} | B nz 0 5A 0 
[connp] #39 open IOGPU type 0x100002 -> kr 0xe00002c7 conn 0x0
[connp] #40 open IOGPU type 0x100003 -> kr 0xe00002c7 conn 0x0
[connp] #41 open IOGPU type 0x100004 -> kr 0xe00002c7 conn 0x0
[connp] #42 open IOGPU type 0x100005 -> kr 0xe00002c7 conn 0x0
[connp] #43 open AGXAcceleratorG16P type 0x0 -> kr 0xe00002c7 conn 0x0
[connp] #44 open AGXAcceleratorG16P type 0x1 -> kr 0x00000000 conn 0x6a73
[mtlr] resource2 sel8 flags 470 sz 0x10000 -> kr 0x00000000 rid 1 GPUVA 0x10000000000 cpu 1070f8000
[mtlr]   out: 0000010000000000 00000001070f8000 00000001070d00c0 0000000000000000
[mtlr]   out: 0000000100000000 0000000000010000 00000000281b980c 000000000001a1c7
[mtlr] resource2 sel8 flags 470 sz 0x10000 -> kr 0x00000000 rid 2 GPUVA 0x10000018000 cpu 10716c000
[mtlr]   out: 0000010000018000 000000010716c000 00000001070d0180 0000000000000000
[mtlr]   out: 0000000200000000 0000000000010000 00000000281b980d 000000000001a1c8
[mtlr] sel12 size 0x4000 type 0 -> kr 0x00000000 va 1070f4000 id 1
[mtlr] sel12 size 0x4000 type 1 -> kr 0x00000000 va 107108000 id 2
[connp] AGXAcceleratorG16P/0x1: submitting (qid 1, rA 1 rB 2)...
[connp] AGXAcceleratorG16P/0x1 -> kr 0x00000000 outU32 00000000 wrIdx 58 statuses {0, 0} | B nz 0 5A 0 
[connp] #45 open AGXAcceleratorG16P type 0x2 -> kr 0xe00002c7 conn 0x0
[connp] #46 open AGXAcceleratorG16P type 0x3 -> kr 0xe00002c7 conn 0x0
[connp] #47 open AGXAcceleratorG16P type 0x4 -> kr 0xe00002c7 conn 0x0
[connp] #48 open AGXAcceleratorG16P type 0x5 -> kr 0xe00002c7 conn 0x0
[connp] #49 open AGXAcceleratorG16P type 0x6 -> kr 0xe00002c7 conn 0x0
[connp] #50 open AGXAcceleratorG16P type 0x7 -> kr 0xe00002c7 conn 0x0
[connp] #51 open AGXAcceleratorG16P type 0x8 -> kr 0xe00002c7 conn 0x0
[connp] #52 open AGXAcceleratorG16P type 0x9 -> kr 0xe00002c7 conn 0x0
[connp] #53 open AGXAcceleratorG16P type 0xa -> kr 0xe00002c7 conn 0x0
[connp] #54 open AGXAcceleratorG16P type 0xb -> kr 0xe00002c7 conn 0x0
[connp] #55 open AGXAcceleratorG16P type 0xc -> kr 0xe00002c7 conn 0x0
[connp] #56 open AGXAcceleratorG16P type 0xd -> kr 0xe00002c7 conn 0x0
[connp] #57 open AGXAcceleratorG16P type 0xe -> kr 0xe00002c7 conn 0x0
[connp] #58 open AGXAcceleratorG16P type 0xf -> kr 0xe00002c7 conn 0x0
[connp] #59 open AGXAcceleratorG16P type 0x10 -> kr 0xe00002c7 conn 0x0
[connp] #60 open AGXAcceleratorG16P type 0x11 -> kr 0xe00002c7 conn 0x0
[connp] #61 open AGXAcceleratorG16P type 0x12 -> kr 0xe00002c7 conn 0x0
[connp] #62 open AGXAcceleratorG16P type 0x13 -> kr 0xe00002c7 conn 0x0
[connp] #63 open AGXAcceleratorG16P type 0x14 -> kr 0xe00002c7 conn 0x0
[connp] #64 open AGXAcceleratorG16P type 0x15 -> kr 0xe00002c7 conn 0x0
[connp] #65 open AGXAcceleratorG16P type 0x16 -> kr 0xe00002c7 conn 0x0
[connp] #66 open AGXAcceleratorG16P type 0x17 -> kr 0xe00002c7 conn 0x0
[connp] #67 open AGXAcceleratorG16P type 0x18 -> kr 0xe00002c7 conn 0x0
[connp] #68 open AGXAcceleratorG16P type 0x19 -> kr 0xe00002c7 conn 0x0
[connp] #69 open AGXAcceleratorG16P type 0x1a -> kr 0xe00002c7 conn 0x0
[connp] #70 open AGXAcceleratorG16P type 0x1b -> kr 0xe00002c7 conn 0x0
[connp] #71 open AGXAcceleratorG16P type 0x1c -> kr 0xe00002c7 conn 0x0
[connp] #72 open AGXAcceleratorG16P type 0x1d -> kr 0xe00002c7 conn 0x0
[connp] #73 open AGXAcceleratorG16P type 0x1e -> kr 0xe00002c7 conn 0x0
[connp] #74 open AGXAcceleratorG16P type 0x1f -> kr 0xe00002c7 conn 0x0
[connp] #75 open AGXAcceleratorG16P type 0x20 -> kr 0xe00002c7 conn 0x0
[connp] #76 open AGXAcceleratorG16P type 0x100 -> kr 0xe00002c7 conn 0x0
[connp] #77 open AGXAcceleratorG16P type 0x1000 -> kr 0xe00002c7 conn 0x0
[connp] #78 open AGXAcceleratorG16P type 0x10000 -> kr 0xe00002c7 conn 0x0
[connp] #79 open AGXAcceleratorG16P type 0x100000 -> kr 0xe00002c7 conn 0x0
[connp] #80 open AGXAcceleratorG16P type 0x100001 -> kr 0x00000000 conn 0x6a83
[mtlr] resource2 sel8 flags 470 sz 0x10000 -> kr 0x00000000 rid 1 GPUVA 0x10000000000 cpu 10714c000
[mtlr]   out: 0000010000000000 000000010714c000 000000010713c0c0 0000000000000000
[mtlr]   out: 0000000100000000 0000000000010000 00000000281b9927 000000000001a1f5
[mtlr] resource2 sel8 flags 470 sz 0x10000 -> kr 0x00000000 rid 2 GPUVA 0x10000018000 cpu 107180000
[mtlr]   out: 0000010000018000 0000000107180000 000000010713c180 0000000000000000
[mtlr]   out: 0000000200000000 0000000000010000 00000000281b9928 000000000001a1f6
[mtlr] sel12 size 0x4000 type 0 -> kr 0x00000000 va 1070d0000 id 1
[mtlr] sel12 size 0x4000 type 1 -> kr 0x00000000 va 1070d4000 id 2
[connp] AGXAcceleratorG16P/0x100001: submitting (qid 1, rA 1 rB 2)...
[connp] AGXAcceleratorG16P/0x100001 -> kr 0x00000000 outU32 00000000 wrIdx 58 statuses {0, 0} | B nz 0 5A 0 
[connp] #81 open AGXAcceleratorG16P type 0x100002 -> kr 0xe00002c7 conn 0x0
[connp] #82 open AGXAcceleratorG16P type 0x100003 -> kr 0xe00002c7 conn 0x0
[connp] #83 open AGXAcceleratorG16P type 0x100004 -> kr 0xe00002c7 conn 0x0
[connp] #84 open AGXAcceleratorG16P type 0x100005 -> kr 0xe00002c7 conn 0x0
[connp] done (alive)
[probe13] connprobe-only mode, stop
