[main] fuzz harness up, mode=scaler
[main] sandbox note: VCPDRM open is MACF-denied (iokit-open-user-client VCPDRMUserClient); mach-lookup com.apple.sprr / com.apple.jitbox exist but are sandbox-gated (seen in kernel log)
[open] AppleM2ScalerCSCDriver -> conn 0x7f07
[scaler] conn 0x7f07, s1 15 s2 16
[probe12] SetNotificationPort -> 0x00000000
[ptl] v114 ptleak mode spray skip 0 churn 6
[ptl] mconn 0x5b03
[ptl] spray block: cong 8x16MB, 8 victims x 0x100000, marker 0x535445454c454b43, fill 0x43
[mtlr] resource2 sel8 flags 470 sz 0x100000 -> kr 0x00000000 rid 119 GPUVA 0x10002490000 cpu 109bb8000
[mtlr]   out: 0000010002490000 0000000109bb8000 0000000102b51940 0000000000000000
[mtlr]   out: 0000007700000000 0000000000100000 00000000536704ac 0000000000022f36
[ptl] victim[0] rid 119 gpuva 0x10002490000
[mtlr] resource2 sel8 flags 470 sz 0x100000 -> kr 0x00000000 rid 120 GPUVA 0x10002598000 cpu 109d04000
[mtlr]   out: 0000010002598000 0000000109d04000 0000000102b51a00 0000000000000000
[mtlr]   out: 0000007800000000 0000000000100000 00000000536704ad 0000000000022f37
[ptl] victim[1] rid 120 gpuva 0x10002598000
[mtlr] resource2 sel8 flags 470 sz 0x100000 -> kr 0x00000000 rid 121 GPUVA 0x100026a0000 cpu 109e04000
[mtlr]   out: 00000100026a0000 0000000109e04000 0000000102b51ac0 0000000000000000
[mtlr]   out: 0000007900000000 0000000000100000 00000000536704ae 0000000000022f38
[ptl] victim[2] rid 121 gpuva 0x100026a0000
[mtlr] resource2 sel8 flags 470 sz 0x100000 -> kr 0x00000000 rid 122 GPUVA 0x100027a8000 cpu 10dae0000
[mtlr]   out: 00000100027a8000 000000010dae0000 0000000102b51b80 0000000000000000
[mtlr]   out: 0000007a00000000 0000000000100000 00000000536704af 0000000000022f39
[ptl] victim[3] rid 122 gpuva 0x100027a8000
[mtlr] resource2 sel8 flags 470 sz 0x100000 -> kr 0x00000000 rid 123 GPUVA 0x100028b0000 cpu 10e000000
[mtlr]   out: 00000100028b0000 000000010e000000 0000000102b51c40 0000000000000000
[mtlr]   out: 0000007b00000000 0000000000100000 00000000536704b0 0000000000022f3a
[ptl] victim[4] rid 123 gpuva 0x100028b0000
[mtlr] resource2 sel8 flags 470 sz 0x100000 -> kr 0x00000000 rid 124 GPUVA 0x100029b8000 cpu 10e100000
[mtlr]   out: 00000100029b8000 000000010e100000 0000000102b51d00 0000000000000000
[mtlr]   out: 0000007c00000000 0000000000100000 00000000536704b1 0000000000022f3b
[ptl] victim[5] rid 124 gpuva 0x100029b8000
[mtlr] resource2 sel8 flags 470 sz 0x100000 -> kr 0x00000000 rid 125 GPUVA 0x10002ac0000 cpu 10e200000
[mtlr]   out: 0000010002ac0000 000000010e200000 0000000102b51dc0 0000000000000000
[mtlr]   out: 0000007d00000000 0000000000100000 00000000536704b2 0000000000022f3c
[ptl] victim[6] rid 125 gpuva 0x10002ac0000
[mtlr] resource2 sel8 flags 470 sz 0x100000 -> kr 0x00000000 rid 126 GPUVA 0x10002bc8000 cpu 10e300000
[mtlr]   out: 0000010002bc8000 000000010e300000 0000000102b51e80 0000000000000000
[mtlr]   out: 0000007e00000000 0000000000100000 00000000536704b3 0000000000022f3d
[ptl] victim[7] rid 126 gpuva 0x10002bc8000
[ptl] blit[0] slots 12 ridp 1
[ptl] blit[1] slots 10 ridp 1
[ptl] blit[2] slots 10 ridp 1
[ptl] blit[3] slots 10 ridp 1
[ptl] blit[4] slots 10 ridp 1
[ptl] blit[5] slots 10 ridp 1
[ptl] blit[6] slots 10 ridp 1
[ptl] blit[7] slots 10 ridp 1
[mtlr] resource2 sel8 flags 470 sz 0x1000 -> kr 0x00000000 rid 119 GPUVA 0x10002490000 cpu 109fa4000
[mtlr]   out: 0000010002490000 0000000109fa4000 0000000102b51940 0000000000000000
[mtlr]   out: 0000007700000000 0000000000004000 0000000053670624 0000000000022f8d
[mtlr] resource2 sel8 flags 470 sz 0x1000 -> kr 0x00000000 rid 119 GPUVA 0x10002490000 cpu 109fa4000
[mtlr]   out: 0000010002490000 0000000109fa4000 0000000102b51940 0000000000000000
[mtlr]   out: 0000007700000000 0000000000004000 0000000053670625 0000000000022f8e
[mtlr] resource2 sel8 flags 470 sz 0x1000 -> kr 0x00000000 rid 119 GPUVA 0x10002490000 cpu 109fa4000
[mtlr]   out: 0000010002490000 0000000109fa4000 0000000102b51940 0000000000000000
[mtlr]   out: 0000007700000000 0000000000004000 0000000053670626 0000000000022f8f
[mtlr] resource2 sel8 flags 470 sz 0x1000 -> kr 0x00000000 rid 119 GPUVA 0x10002490000 cpu 109fa4000
[mtlr]   out: 0000010002490000 0000000109fa4000 0000000102b51940 0000000000000000
[mtlr]   out: 0000007700000000 0000000000004000 0000000053670627 0000000000022f90
[mtlr] resource2 sel8 flags 470 sz 0x1000 -> kr 0x00000000 rid 119 GPUVA 0x10002490000 cpu 109fa4000
[mtlr]   out: 0000010002490000 0000000109fa4000 0000000102b51940 0000000000000000
[mtlr]   out: 0000007700000000 0000000000004000 0000000053670628 0000000000022f91
[mtlr] resource2 sel8 flags 470 sz 0x1000 -> kr 0x00000000 rid 119 GPUVA 0x10002490000 cpu 109fa4000
[mtlr]   out: 0000010002490000 0000000109fa4000 0000000102b51940 0000000000000000
[mtlr]   out: 0000007700000000 0000000000004000 0000000053670629 0000000000022f92
[mtlr] resource2 sel8 flags 470 sz 0x1000 -> kr 0x00000000 rid 119 GPUVA 0x10002490000 cpu 109fa4000
[mtlr]   out: 0000010002490000 0000000109fa4000 0000000102b51940 0000000000000000
[mtlr]   out: 0000007700000000 0000000000004000 000000005367062a 0000000000022f93
[mtlr] resource2 sel8 flags 470 sz 0x1000 -> kr 0x00000000 rid 119 GPUVA 0x10002490000 cpu 109fa4000
[mtlr]   out: 0000010002490000 0000000109fa4000 0000000102b51940 0000000000000000
[mtlr]   out: 0000007700000000 0000000000004000 000000005367062b 0000000000022f94
[mtlr] resource2 sel8 flags 470 sz 0x1000 -> kr 0x00000000 rid 119 GPUVA 0x10002490000 cpu 109fa4000
[mtlr]   out: 0000010002490000 0000000109fa4000 0000000102b51940 0000000000000000
[mtlr]   out: 0000007700000000 0000000000004000 000000005367062c 0000000000022f95
[mtlr] resource2 sel8 flags 470 sz 0x1000 -> kr 0x00000000 rid 119 GPUVA 0x10002490000 cpu 109fa4000
[mtlr]   out: 0000010002490000 0000000109fa4000 0000000102b51940 0000000000000000
[mtlr]   out: 0000007700000000 0000000000004000 000000005367062d 0000000000022f96
[mtlr] resource2 sel8 flags 470 sz 0x1000 -> kr 0x00000000 rid 119 GPUVA 0x10002490000 cpu 109fa4000
[mtlr]   out: 0000010002490000 0000000109fa4000 0000000102b51940 0000000000000000
[mtlr]   out: 0000007700000000 0000000000004000 000000005367062e 0000000000022f97
[mtlr] resource2 sel8 flags 470 sz 0x1000 -> kr 0x00000000 rid 119 GPUVA 0x10002490000 cpu 109fa4000
[mtlr]   out: 0000010002490000 0000000109fa4000 0000000102b51940 0000000000000000
[mtlr]   out: 0000007700000000 0000000000004000 000000005367062f 0000000000022f98
[mtlr] resource2 sel8 flags 470 sz 0x1000 -> kr 0x00000000 rid 119 GPUVA 0x10002490000 cpu 109fa4000
[mtlr]   out: 0000010002490000 0000000109fa4000 0000000102b51940 0000000000000000
[mtlr]   out: 0000007700000000 0000000000004000 0000000053670630 0000000000022f99
[mtlr] resource2 sel8 flags 470 sz 0x1000 -> kr 0x00000000 rid 119 GPUVA 0x10002490000 cpu 109fa4000
[mtlr]   out: 0000010002490000 0000000109fa4000 0000000102b51940 0000000000000000
[mtlr]   out: 0000007700000000 0000000000004000 0000000053670631 0000000000022f9a
[mtlr] resource2 sel8 flags 470 sz 0x1000 -> kr 0x00000000 rid 119 GPUVA 0x10002490000 cpu 109fa4000
[mtlr]   out: 0000010002490000 0000000109fa4000 0000000102b51940 0000000000000000
[mtlr]   out: 0000007700000000 0000000000004000 0000000053670632 0000000000022f9b
[mtlr] resource2 sel8 flags 470 sz 0x1000 -> kr 0x00000000 rid 119 GPUVA 0x10002490000 cpu 109fa4000
[mtlr]   out: 0000010002490000 0000000109fa4000 0000000102b51940 0000000000000000
[mtlr]   out: 0000007700000000 0000000000004000 0000000053670633 0000000000022f9c
[mtlr] resource2 sel8 flags 470 sz 0x1000 -> kr 0x00000000 rid 119 GPUVA 0x10002490000 cpu 109fa4000
[mtlr]   out: 0000010002490000 0000000109fa4000 0000000102b51940 0000000000000000
[mtlr]   out: 0000007700000000 0000000000004000 0000000053670634 0000000000022f9d
[mtlr] resource2 sel8 flags 470 sz 0x1000 -> kr 0x00000000 rid 119 GPUVA 0x10002490000 cpu 109fa4000
[mtlr]   out: 0000010002490000 0000000109fa4000 0000000102b51940 0000000000000000
[mtlr]   out: 0000007700000000 0000000000004000 0000000053670635 0000000000022f9e
[mtlr] resource2 sel8 flags 470 sz 0x1000 -> kr 0x00000000 rid 119 GPUVA 0x10002490000 cpu 109fa4000
[mtlr]   out: 0000010002490000 0000000109fa4000 0000000102b51940 0000000000000000
[mtlr]   out: 0000007700000000 0000000000004000 0000000053670636 0000000000022f9f
[mtlr] resource2 sel8 flags 470 sz 0x1000 -> kr 0x00000000 rid 119 GPUVA 0x10002490000 cpu 109fa4000
[mtlr]   out: 0000010002490000 0000000109fa4000 0000000102b51940 0000000000000000
[mtlr]   out: 0000007700000000 0000000000004000 0000000053670637 0000000000022fa0
[mtlr] resource2 sel8 flags 470 sz 0x1000 -> kr 0x00000000 rid 119 GPUVA 0x10002490000 cpu 109fa4000
[mtlr]   out: 0000010002490000 0000000109fa4000 0000000102b51940 0000000000000000
[mtlr]   out: 0000007700000000 0000000000004000 0000000053670638 0000000000022fa1
[mtlr] resource2 sel8 flags 470 sz 0x1000 -> kr 0x00000000 rid 119 GPUVA 0x10002490000 cpu 109fa4000
[mtlr]   out: 0000010002490000 0000000109fa4000 0000000102b51940 0000000000000000
[mtlr]   out: 0000007700000000 0000000000004000 0000000053670639 0000000000022fa2
[mtlr] resource2 sel8 flags 470 sz 0x1000 -> kr 0x00000000 rid 119 GPUVA 0x10002490000 cpu 109fa4000
[mtlr]   out: 0000010002490000 0000000109fa4000 0000000102b51940 0000000000000000
[mtlr]   out: 0000007700000000 0000000000004000 000000005367063a 0000000000022fa3
[mtlr] resource2 sel8 flags 470 sz 0x1000 -> kr 0x00000000 rid 119 GPUVA 0x10002490000 cpu 109fa4000
[mtlr]   out: 0000010002490000 0000000109fa4000 0000000102b51940 0000000000000000
[mtlr]   out: 0000007700000000 0000000000004000 000000005367063b 0000000000022fa4
[mtlr] resource2 sel8 flags 470 sz 0x1000 -> kr 0x00000000 rid 119 GPUVA 0x10002490000 cpu 109fa4000
[mtlr]   out: 0000010002490000 0000000109fa4000 0000000102b51940 0000000000000000
[mtlr]   out: 0000007700000000 0000000000004000 000000005367063c 0000000000022fa5
[mtlr] resource2 sel8 flags 470 sz 0x1000 -> kr 0x00000000 rid 119 GPUVA 0x10002490000 cpu 109fa4000
[mtlr]   out: 0000010002490000 0000000109fa4000 0000000102b51940 0000000000000000
[mtlr]   out: 0000007700000000 0000000000004000 000000005367063d 0000000000022fa6
[mtlr] resource2 sel8 flags 470 sz 0x1000 -> kr 0x00000000 rid 119 GPUVA 0x10002490000 cpu 109fa4000
[mtlr]   out: 0000010002490000 0000000109fa4000 0000000102b51940 0000000000000000
[mtlr]   out: 0000007700000000 0000000000004000 000000005367063e 0000000000022fa7
[mtlr] resource2 sel8 flags 470 sz 0x1000 -> kr 0x00000000 rid 119 GPUVA 0x10002490000 cpu 109fa4000
[mtlr]   out: 0000010002490000 0000000109fa4000 0000000102b51940 0000000000000000
[mtlr]   out: 0000007700000000 0000000000004000 000000005367063f 0000000000022fa8
[mtlr] resource2 sel8 flags 470 sz 0x1000 -> kr 0x00000000 rid 119 GPUVA 0x10002490000 cpu 109fa4000
[mtlr]   out: 0000010002490000 0000000109fa4000 0000000102b51940 0000000000000000
[mtlr]   out: 0000007700000000 0000000000004000 0000000053670640 0000000000022fa9
[mtlr] resource2 sel8 flags 470 sz 0x1000 -> kr 0x00000000 rid 119 GPUVA 0x10002490000 cpu 109fa4000
[mtlr]   out: 0000010002490000 0000000109fa4000 0000000102b51940 0000000000000000
[mtlr]   out: 0000007700000000 0000000000004000 0000000053670641 0000000000022faa
[mtlr] resource2 sel8 flags 470 sz 0x1000 -> kr 0x00000000 rid 119 GPUVA 0x10002490000 cpu 109fa4000
[mtlr]   out: 0000010002490000 0000000109fa4000 0000000102b51940 0000000000000000
[mtlr]   out: 0000007700000000 0000000000004000 0000000053670642 0000000000022fab
[mtlr] resource2 sel8 flags 470 sz 0x1000 -> kr 0x00000000 rid 119 GPUVA 0x10002490000 cpu 109fa4000
[mtlr]   out: 0000010002490000 0000000109fa4000 0000000102b51940 0000000000000000
[mtlr]   out: 0000007700000000 0000000000004000 0000000053670643 0000000000022fac
[mtlr] resource2 sel8 flags 470 sz 0x1000 -> kr 0x00000000 rid 119 GPUVA 0x10002490000 cpu 109fa4000
[mtlr]   out: 0000010002490000 0000000109fa4000 0000000102b51940 0000000000000000
[mtlr]   out: 0000007700000000 0000000000004000 0000000053670644 0000000000022fad
[mtlr] resource2 sel8 flags 470 sz 0x1000 -> kr 0x00000000 rid 119 GPUVA 0x10002490000 cpu 109fa4000
[mtlr]   out: 0000010002490000 0000000109fa4000 0000000102b51940 0000000000000000
[mtlr]   out: 0000007700000000 0000000000004000 0000000053670645 0000000000022fae
[mtlr] resource2 sel8 flags 470 sz 0x1000 -> kr 0x00000000 rid 119 GPUVA 0x10002490000 cpu 109fa4000
[mtlr]   out: 0000010002490000 0000000109fa4000 0000000102b51940 0000000000000000
[mtlr]   out: 0000007700000000 0000000000004000 0000000053670646 0000000000022faf
[mtlr] resource2 sel8 flags 470 sz 0x1000 -> kr 0x00000000 rid 119 GPUVA 0x10002490000 cpu 109fa4000
[mtlr]   out: 0000010002490000 0000000109fa4000 0000000102b51940 0000000000000000
[mtlr]   out: 0000007700000000 0000000000004000 0000000053670647 0000000000022fb0
[mtlr] resource2 sel8 flags 470 sz 0x1000 -> kr 0x00000000 rid 119 GPUVA 0x10002490000 cpu 109fa4000
[mtlr]   out: 0000010002490000 0000000109fa4000 0000000102b51940 0000000000000000
[mtlr]   out: 0000007700000000 0000000000004000 0000000053670648 0000000000022fb1
[mtlr] resource2 sel8 flags 470 sz 0x1000 -> kr 0x00000000 rid 119 GPUVA 0x10002490000 cpu 109fa4000
[mtlr]   out: 0000010002490000 0000000109fa4000 0000000102b51940 0000000000000000
[mtlr]   out: 0000007700000000 0000000000004000 0000000053670649 0000000000022fb2
[mtlr] resource2 sel8 flags 470 sz 0x1000 -> kr 0x00000000 rid 119 GPUVA 0x10002490000 cpu 109fa4000
[mtlr]   out: 0000010002490000 0000000109fa4000 0000000102b51940 0000000000000000
[mtlr]   out: 0000007700000000 0000000000004000 000000005367064a 0000000000022fb3
[mtlr] resource2 sel8 flags 470 sz 0x1000 -> kr 0x00000000 rid 119 GPUVA 0x10002490000 cpu 109fa4000
[mtlr]   out: 0000010002490000 0000000109fa4000 0000000102b51940 0000000000000000
[mtlr]   out: 0000007700000000 0000000000004000 000000005367064b 0000000000022fb4
[ptl] spray done: nvv 8 ncb 8 destroy0 kr 0x00000000 nj 40
[ptl] deliberate SIGSEGV now — relaunch with FUZZ_PTLEAK=scan
