[main] fuzz harness up, mode=scaler
[main] sandbox note: VCPDRM open is MACF-denied (iokit-open-user-client VCPDRMUserClient); mach-lookup com.apple.sprr / com.apple.jitbox exist but are sandbox-gated (seen in kernel log)
[open] AppleM2ScalerCSCDriver -> conn 0x6803
[scaler] conn 0x6803, s1 297 s2 298
[probe12] SetNotificationPort -> 0x00000000
[xyw] v100: X/Y-wrap sweep (skip 0)
[open] AppleM2ScalerCSCDriver -> conn 0x6a03
[xyw] wire -> kr 0x00000000
[xyw] fine #1 Y=0xffffffe0 H=0x00000030: shot
[xyw] fine #1 -> kr 0xe00002c7 | bad qwords 0, pages 0x0..0x0, first 00 00 00 00 00 00 00 00
[xyw] fine #2 Y=0xffffffe8 H=0x00000028: shot
[xyw] fine #2 -> kr 0xe00002c7 | bad qwords 0, pages 0x0..0x0, first 00 00 00 00 00 00 00 00
[xyw] fine #3 Y=0xfffffff0 H=0x00000020: shot
[xyw] fine #3 -> kr 0xe00002c2 | bad qwords 0, pages 0x0..0x0, first 00 00 00 00 00 00 00 00
[xyw] fine #4 Y=0xfffffff4 H=0x0000001c: shot
[xyw] fine #4 -> kr 0xe00002c7 | bad qwords 0, pages 0x0..0x0, first 00 00 00 00 00 00 00 00
[xyw] fine #5 Y=0xfffffff8 H=0x00000018: shot
[xyw] fine #5 -> kr 0xe00002c7 | bad qwords 0, pages 0x0..0x0, first 00 00 00 00 00 00 00 00
[xyw] fine #6 Y=0xfffffffc H=0x00000014: shot
[xyw] fine #6 -> kr 0xe00002c7 | bad qwords 0, pages 0x0..0x0, first 00 00 00 00 00 00 00 00
[xyw] fine #7 Y=0xffffffff H=0x00000011: shot
[xyw] fine #7 -> kr 0xe00002c7 | bad qwords 0, pages 0x0..0x0, first 00 00 00 00 00 00 00 00
[xyw] fine done (alive)
[probe13] xywrap-only mode, stop
