[main] fuzz harness up, mode=scaler
[main] sandbox note: VCPDRM open is MACF-denied (iokit-open-user-client VCPDRMUserClient); mach-lookup com.apple.sprr / com.apple.jitbox exist but are sandbox-gated (seen in kernel log)
[open] AppleM2ScalerCSCDriver -> conn 0x5713
[scaler] conn 0x5713, s1 469 s2 470
[probe12] SetNotificationPort -> 0x00000000
[mtlr2] v84 matrix: {nq entrySize} x {trap entrySize}, capture-faithful
[open] IOGPU -> conn 0x7903
[mtlr2] sel14 {0x100, 0x10} -> kr 0x00000000 nqVA 105548000 nqid 1 osz 0x10
[mtlr2] queue: kr 0x00000000 qid 1 bind 0x00000000 notifport 0x00000000 proc 'fuzz27'
[mtlr] resource2 sel8 flags 470 sz 0x10000 -> kr 0x00000000 rid 1 GPUVA 0x10000000000 cpu 109b0c000
[mtlr]   out: 0000010000000000 0000000109b0c000 00000001055340c0 0000000000000000
[mtlr]   out: 0000000100000000 0000000000010000 00000000af36df44 000000000004d1a6
[mtlr] resource2 sel8 flags 470 sz 0x10000 -> kr 0x00000000 rid 2 GPUVA 0x10000018000 cpu 109b1c000
[mtlr]   out: 0000010000018000 0000000109b1c000 0000000105534180 0000000000000000
[mtlr]   out: 0000000200000000 0000000000010000 00000000af36df45 000000000004d1a7
[mtlr] resource2 sel8 flags 470 sz 0x20000 -> kr 0x00000000 rid 3 GPUVA 0x10000030000 cpu 109b2c000
[mtlr]   out: 0000010000030000 0000000109b2c000 0000000105534240 0000000000000000
[mtlr]   out: 0000000300000000 0000000000020000 00000000af36df46 000000000004d1a8
[mtlr2] GPUVA A 10000000000 B 10000018000 C 10000030000 (capture match 1/1/1)
[mtlr] sel12 size 0x4000 type 0 -> kr 0x00000000 va 105550000 id 1
[mtlr] sel12 size 0x4000 type 1 -> kr 0x00000000 va 109b08000 id 2
[mtlr2] seg hdr: 0000000000000000 0000000000000000 0000000000000000 0000000000000000
[mtlr2]          0000000000000000 0000000000000000 0000000000000000 0000000000000000
[mtlr2] cmd hdr: 0000000000000000 0000000000000000 0000000000000000 0000000000000000
[mtlr2]          0000000000000000 0000000000000000 0000000000000000 0000000000000000
[mtlr2] nq base: 0000000000001414 0000000000000000 0000000000000000 0000000000000000
[mtlr2] nq10/trap30 -> kr 0x00000000 outU32 00000000 | rec off 0 status 0x6fb7a5fb | B(sampled) nz 0 5A 0 
[mtlr2]   rec@0: 0000000000001414 0000002800000058 0000000109b50000 000027206fb7a5fb
[mtlr2]   nq+000: 14 14 00 00 00 00 00 00 58 00 00 00 28 00 00 00
[mtlr2]   nq+010: 00 00 b5 09 01 00 00 00 fb a5 b7 6f 20 27 00 00
[mtlr2]   nq+020: 52 e1 f6 6f 20 27 00 00 00 00 00 00 00 00 00 00
[mtlr2]   nq+030: 00 00 00 00 00 00 00 00 28 00 00 00 30 00 b5 09
[mtlr2]   nq+040: 01 00 00 00 22 e9 f6 6f 20 27 00 00 98 c7 13 70
[mtlr2]   nq+050: 20 27 00 00 05 00 00 00 00 00 00 00 00 00 00 00
[mtlr2]   nq+060: 00 00 00 00 00 00 00 00 00 00 00 00 00 00 00 00
[mtlr2]   nq+070: 00 00 00 00 00 00 00 00 00 00 00 00 00 00 00 00
[mtlr2]   nq+080: 00 00 00 00 00 00 00 00 00 00 00 00 00 00 00 00
[mtlr2]   nq+090: 00 00 00 00 00 00 00 00 00 00 00 00 00 00 00 00
[mtlr2]   nq+0a0: 00 00 00 00 00 00 00 00 00 00 00 00 00 00 00 00
[mtlr2]   nq+0b0: 00 00 00 00 00 00 00 00 00 00 00 00 00 00 00 00
[mtlr2]   nq+0c0: 00 00 00 00 00 00 00 00 00 00 00 00 00 00 00 00
[mtlr2]   nq+0d0: 00 00 00 00 00 00 00 00 00 00 00 00 00 00 00 00
[mtlr2]   nq+0e0: 00 00 00 00 00 00 00 00 00 00 00 00 00 00 00 00
[mtlr2]   nq+0f0: 00 00 00 00 00 00 00 00 00 00 00 00 00 00 00 00
[mtlr2]   comp: 0000000000000000 0000000000000000 | comp+30: 0000000000000000 0000000000000000 | outw[1] 00000000
[mtlr2] nq10/trap40 -> kr 0x00000000 outU32 00000000 | rec off 0 status 0x6fb7a5fb | B(sampled) nz 0 5A 0 
[mtlr2]   rec@0: 0000000000001414 0000002800000084 0000000109b50000 000027206fb7a5fb
[mtlr2]   nq+000: 14 14 00 00 00 00 00 00 b0 00 00 00 28 00 00 00
[mtlr2]   nq+010: 00 00 b5 09 01 00 00 00 fb a5 b7 6f 20 27 00 00
[mtlr2]   nq+020: 52 e1 f6 6f 20 27 00 00 00 00 00 00 00 00 00 00
[mtlr2]   nq+030: 00 00 00 00 00 00 00 00 28 00 00 00 30 00 b5 09
[mtlr2]   nq+040: 01 00 00 00 22 e9 f6 6f 20 27 00 00 98 c7 13 70
[mtlr2]   nq+050: 20 27 00 00 05 00 00 00 00 00 00 00 00 00 00 00
[mtlr2]   nq+060: 00 00 00 00 28 00 00 00 00 00 b5 09 01 00 00 00
[mtlr2]   nq+070: a5 81 83 70 20 27 00 00 83 5e 84 70 20 27 00 00
[mtlr2]   nq+080: 00 00 00 00 00 00 00 00 00 00 00 00 00 00 00 00
[mtlr2]   nq+090: 28 00 00 00 30 00 b5 09 01 00 00 00 77 60 84 70
[mtlr2]   nq+0a0: 20 27 00 00 7e 5e a8 70 20 27 00 00 05 00 00 00
[mtlr2]   nq+0b0: 00 00 00 00 00 00 00 00 00 00 00 00 00 00 00 00
[mtlr2]   nq+0c0: 00 00 00 00 00 00 00 00 00 00 00 00 00 00 00 00
[mtlr2]   nq+0d0: 00 00 00 00 00 00 00 00 00 00 00 00 00 00 00 00
[mtlr2]   nq+0e0: 00 00 00 00 00 00 00 00 00 00 00 00 00 00 00 00
[mtlr2]   nq+0f0: 00 00 00 00 00 00 00 00 00 00 00 00 00 00 00 00
[mtlr2]   comp: 0000000000000000 0000000000000000 | comp+30: 0000000000000000 0000000000000000 | outw[1] 00000000
[open] IOGPU -> conn 0x6c0b
[mtlr2] sel14 {0x100, 0x28} -> kr 0x00000000 nqVA 109b70000 nqid 1 osz 0x10
[mtlr2] queue: kr 0x00000000 qid 1 bind 0x00000000 notifport 0x00000000 proc 'fuzz27'
[mtlr] resource2 sel8 flags 470 sz 0x10000 -> kr 0x00000000 rid 1 GPUVA 0x10000000000 cpu 109b7c000
[mtlr]   out: 0000010000000000 0000000109b7c000 0000000109b5c0c0 0000000000000000
[mtlr]   out: 0000000100000000 0000000000010000 00000000af36df92 000000000004d1d8
[mtlr] resource2 sel8 flags 470 sz 0x10000 -> kr 0x00000000 rid 2 GPUVA 0x10000018000 cpu 109b8c000
[mtlr]   out: 0000010000018000 0000000109b8c000 0000000109b5c180 0000000000000000
[mtlr]   out: 0000000200000000 0000000000010000 00000000af36df93 000000000004d1d9
[mtlr] resource2 sel8 flags 470 sz 0x20000 -> kr 0x00000000 rid 3 GPUVA 0x10000030000 cpu 109b9c000
[mtlr]   out: 0000010000030000 0000000109b9c000 0000000109b5c240 0000000000000000
[mtlr]   out: 0000000300000000 0000000000020000 00000000af36df94 000000000004d1da
[mtlr2] GPUVA A 10000000000 B 10000018000 C 10000030000 (capture match 1/1/1)
[mtlr] sel12 size 0x4000 type 0 -> kr 0x00000000 va 109b78000 id 1
[mtlr] sel12 size 0x4000 type 1 -> kr 0x00000000 va 109bbc000 id 2
[mtlr2] seg hdr: 0000000000000000 0000000000000000 0000000000000000 0000000000000000
[mtlr2]          0000000000000000 0000000000000000 0000000000000000 0000000000000000
[mtlr2] cmd hdr: 0000000000000000 0000000000000000 0000000000000000 0000000000000000
[mtlr2]          0000000000000000 0000000000000000 0000000000000000 0000000000000000
[mtlr2] nq base: 0000000000002c2c 0000000000000000 0000000000000000 0000000000000000
[mtlr2] nq28/trap30 -> kr 0x00000000 outU32 00000000 | rec off 0 status 0x70f85750 | B(sampled) nz 0 5A 0 
[mtlr2]   rec@0: 0000000000002c2c 000000280000002c 0000000109bc4000 0000272070f85750
[mtlr2]   nq+000: 2c 2c 00 00 00 00 00 00 58 00 00 00 28 00 00 00
[mtlr2]   nq+010: 00 40 bc 09 01 00 00 00 50 57 f8 70 20 27 00 00
[mtlr2]   nq+020: 81 3c 4b 71 20 27 00 00 00 00 00 00 00 00 00 00
[mtlr2]   nq+030: 00 00 00 00 00 00 00 00 28 00 00 00 30 40 bc 09
[mtlr2]   nq+040: 01 00 00 00 63 41 4b 71 20 27 00 00 6e 77 70 71
[mtlr2]   nq+050: 20 27 00 00 05 00 00 00 00 00 00 00 00 00 00 00
[mtlr2]   nq+060: 00 00 00 00 00 00 00 00 00 00 00 00 00 00 00 00
[mtlr2]   nq+070: 00 00 00 00 00 00 00 00 00 00 00 00 00 00 00 00
[mtlr2]   nq+080: 00 00 00 00 00 00 00 00 00 00 00 00 00 00 00 00
[mtlr2]   nq+090: 00 00 00 00 00 00 00 00 00 00 00 00 00 00 00 00
[mtlr2]   nq+0a0: 00 00 00 00 00 00 00 00 00 00 00 00 00 00 00 00
[mtlr2]   nq+0b0: 00 00 00 00 00 00 00 00 00 00 00 00 00 00 00 00
[mtlr2]   nq+0c0: 00 00 00 00 00 00 00 00 00 00 00 00 00 00 00 00
[mtlr2]   nq+0d0: 00 00 00 00 00 00 00 00 00 00 00 00 00 00 00 00
[mtlr2]   nq+0e0: 00 00 00 00 00 00 00 00 00 00 00 00 00 00 00 00
[mtlr2]   nq+0f0: 00 00 00 00 00 00 00 00 00 00 00 00 00 00 00 00
[mtlr2]   comp: 0000000000000000 0000000000000000 | comp+30: 0000000000000000 0000000000000000 | outw[1] 00000000
[mtlr2] nq28/trap40 -> kr 0x00000000 outU32 00000000 | rec off 0 status 0x70f85750 | B(sampled) nz 0 5A 0 
[mtlr2]   rec@0: 0000000000002c2c 0000002800000084 0000000109bc4000 0000272070f85750
[mtlr2]   nq+000: 2c 2c 00 00 00 00 00 00 b0 00 00 00 28 00 00 00
[mtlr2]   nq+010: 00 40 bc 09 01 00 00 00 50 57 f8 70 20 27 00 00
[mtlr2]   nq+020: 81 3c 4b 71 20 27 00 00 00 00 00 00 00 00 00 00
[mtlr2]   nq+030: 00 00 00 00 00 00 00 00 28 00 00 00 30 40 bc 09
[mtlr2]   nq+040: 01 00 00 00 63 41 4b 71 20 27 00 00 6e 77 70 71
[mtlr2]   nq+050: 20 27 00 00 05 00 00 00 00 00 00 00 00 00 00 00
[mtlr2]   nq+060: 00 00 00 00 28 00 00 00 00 40 bc 09 01 00 00 00
[mtlr2]   nq+070: cd 94 bd 71 20 27 00 00 d2 25 be 71 20 27 00 00
[mtlr2]   nq+080: 00 00 00 00 00 00 00 00 00 00 00 00 00 00 00 00
[mtlr2]   nq+090: 28 00 00 00 30 40 bc 09 01 00 00 00 49 27 be 71
[mtlr2]   nq+0a0: 20 27 00 00 87 a0 e2 71 20 27 00 00 05 00 00 00
[mtlr2]   nq+0b0: 00 00 00 00 00 00 00 00 00 00 00 00 00 00 00 00
[mtlr2]   nq+0c0: 00 00 00 00 00 00 00 00 00 00 00 00 00 00 00 00
[mtlr2]   nq+0d0: 00 00 00 00 00 00 00 00 00 00 00 00 00 00 00 00
[mtlr2]   nq+0e0: 00 00 00 00 00 00 00 00 00 00 00 00 00 00 00 00
[mtlr2]   nq+0f0: 00 00 00 00 00 00 00 00 00 00 00 00 00 00 00 00
[mtlr2]   comp: 0000000000000000 0000000000000000 | comp+30: 0000000000000000 0000000000000000 | outw[1] 00000000
[mtlr2] done (alive)
[mtlr] Metal-format replay: format-B resources + 6-pack segment list
[open] IOGPU -> conn 0x6813
[mtlr] setup: nq 1 qid 1
[mtlr] resource2 sel8 flags 470 sz 0x10000 -> kr 0x00000000 rid 1 GPUVA 0x10000000000 cpu 109b14000
[mtlr]   out: 0000010000000000 0000000109b14000 00000001055340c0 0000000000000000
[mtlr]   out: 0000000100000000 0000000000010000 00000000af36e00f 000000000004d207
[mtlr] resource2 sel8 flags 470 sz 0x10000 -> kr 0x00000000 rid 2 GPUVA 0x10000018000 cpu 109b24000
[mtlr]   out: 0000010000018000 0000000109b24000 0000000105534180 0000000000000000
[mtlr]   out: 0000000200000000 0000000000010000 00000000af36e010 000000000004d208
[mtlr] resource2 sel8 flags 470 sz 0x20000 -> kr 0x00000000 rid 3 GPUVA 0x10000030000 cpu 109bc8000
[mtlr]   out: 0000010000030000 0000000109bc8000 0000000105534240 0000000000000000
[mtlr]   out: 0000000300000000 0000000000020000 00000000af36e011 000000000004d209
[mtlr] A: rid 1 GPUVA 0x10000000000 cpu 0x109b14000 | B: rid 2 GPUVA 0x10000018000 cpu 0x109b24000 | C: rid 3 GPUVA 0x10000030000 cpu 0x109bc8000
[mtlr] space-0x1 check: A 1 B 1 C 1 (hi dword 0x100 expected)
[mtlr] capture-offset check: A==0x1_00000000:1 B==0x1_00018000:1 C==0x1_00030000:1
[mtlr] assets: captured contents loaded
[mtlr] sel12 size 0x4000 type 0 -> kr 0x00000000 va 109b10000 id 1
[mtlr] sel12 size 0x4000 type 1 -> kr 0x00000000 va 109b34000 id 2
[s4] sel12 size 0x4000 -> kr 0x00000000 va 109b38000 id 3
[mtlr] FULL t1 u3 -> kr 0x00000000 outw 00000000 post{17:e00002c2 15:e00002c2/00000000} | B(sampled): nonzero 0, 0x5A 0 (no write)
[mtlr] B[0..15] 00 00 00 00 00 00 00 00 00 00 00 00 00 00 00 00
[mtlr] comp: 0000000000000000 0000000000000000 0000000000000000 0000000000000000 | comp+30: 0000000000000000 0000000000000000
[mtlr] FULL t0 u3 -> kr 0x00000000 outw 00000000 post{17:e00002c2 15:e00002c2/e00002c2} | B(sampled): nonzero 0, 0x5A 0 (no write)
[mtlr] B[0..15] 00 00 00 00 00 00 00 00 00 00 00 00 00 00 00 00
[mtlr] comp: 0000000000000000 0000000000000000 0000000000000000 0000000000000000 | comp+30: 0000000000000000 0000000000000000
[mtlr] FULL t1 u6 -> kr 0x00000000 outw 00000009 post{17:e00002c2 15:e00002c2/e00002c2} | B(sampled): nonzero 0, 0x5A 0 (no write)
[mtlr] B[0..15] 00 00 00 00 00 00 00 00 00 00 00 00 00 00 00 00
[mtlr] comp: 0000000000000000 0000000000000000 0000000000000000 0000000000000000 | comp+30: 0000000000000000 0000000000000000
[mtlr] combo S1 capseg+6pk u3 -> kr 0x00000000 outw 00000000 | B: nonzero 0, pattern(0x41) 0 / 0x10000 (no write)
[mtlr] B[0..15] 00 00 00 00 00 00 00 00 00 00 00 00 00 00 00 00
[mtlr] combo S2 S1+residnop -> kr 0x00000000 outw 0000000a | B: nonzero 0, pattern(0x41) 0 / 0x10000 (no write)
[mtlr] B[0..15] 00 00 00 00 00 00 00 00 00 00 00 00 00 00 00 00
[mtlr] combo S3 S1 cmdtype1 -> kr 0x00000000 outw 00000000 | B: nonzero 0, pattern(0x41) 0 / 0x10000 (no write)
[mtlr] B[0..15] 00 00 00 00 00 00 00 00 00 00 00 00 00 00 00 00
[mtlr] combo S4 S1 uFFFF -> kr 0x00000000 outw 00000009 | B: nonzero 0, pattern(0x41) 0 / 0x10000 (no write)
[mtlr] B[0..15] 00 00 00 00 00 00 00 00 00 00 00 00 00 00 00 00
[mtlr] combo S5 S1 noaux no20 -> kr 0x00000000 outw 00000000 | B: nonzero 0, pattern(0x41) 0 / 0x10000 (no write)
[mtlr] B[0..15] 00 00 00 00 00 00 00 00 00 00 00 00 00 00 00 00
[mtlr] combo S6 handseg u3 -> kr 0x00000000 outw 0000000a | B: nonzero 0, pattern(0x41) 0 / 0x10000 (no write)
[mtlr] B[0..15] 00 00 00 00 00 00 00 00 00 00 00 00 00 00 00 00
[mtlr] combo S7 handseg cmdtype1 bare -> kr 0x00000000 outw 0000000a | B: nonzero 0, pattern(0x41) 0 / 0x10000 (no write)
[mtlr] B[0..15] 00 00 00 00 00 00 00 00 00 00 00 00 00 00 00 00
[mtlr] combo S8 handseg t1 resid uFFFF -> kr 0x00000000 outw 0000000a | B: nonzero 0, pattern(0x41) 0 / 0x10000 (no write)
[mtlr] B[0..15] 00 00 00 00 00 00 00 00 00 00 00 00 00 00 00 00
[mtlr] done (alive)
[v80] GPUVA-correct blit redirect
[open] IOGPU -> conn 0x6107
[gw] flagged resource: kr 0x00000000 rid 1 GPUVA 0x10000000000 (cpuptr 0)
[s4] sel12 size 0x4000 -> kr 0x00000000 va 109ba0000 id 1
[s4] sel12 size 0x4000 -> kr 0x00000000 va 109ba8000 id 2
[gw] submit GPUVA 0x10000000000 -> kr 0x00000000 outw 00000000
[gw] *** target 0x5A bytes: 0 / 0x10000 (no write)
[v80] done (alive)
[v79] isolated kill-shot loop (watch screen!)
[open] AppleM2ScalerCSCDriver -> conn 0x6d0b
[ks] shot 0 -> kr 0xe00002d6
[ks] shot 1 -> kr 0xe00002d6
[ks] shot 2 -> kr 0xe00002d6
[ks] shot 3 -> kr 0xe00002d6
[ks] shot 4 -> kr 0xe00002d6
[ks] shot 5 -> kr 0xe00002d6
[ks] shot 6 -> kr 0xe00002d6
[ks] shot 7 -> kr 0xe00002d6
[ks] shot 8 -> kr 0xe00002d6
[ks] shot 9 -> kr 0xe00002d6
