[main] fuzz harness up, mode=all
[main] sandbox note: VCPDRM open is MACF-denied (iokit-open-user-client VCPDRMUserClient); mach-lookup com.apple.sprr / com.apple.jitbox exist but are sandbox-gated (seen in kernel log)
[open] IOServiceOpen VCPDRMService failed: 0xe00002e2
[open] service VCPDRMServiceUserClient not found
[vcpdrm] no connection, target dead
[mig] bootstrap-name phase done; add learned names to cand_names[]
[open] AppleM2ScalerCSCDriver -> conn 0x5a23
[scaler] conn 0x5a23, s1 12 s2 13
[probe12] SetNotificationPort -> 0x00000000
[idp] v150 IOSurfaceID cross-process lookup probe: 1..40 step 1
[idp] own surface id 14 (control)
[idp] own surface id 16 (control)
[idp] own surface id 17 (control)
[idp] own surface id 18 (control)
[idp] IOSurfaceRoot open -> kr 0x00000000 conn 0x5b0b
[idp] same-connection control surface: sel6 -> kr 0x00000000 sid 22
[idp] sel4 lookup of that same sid -> kr 0xe00002c2 osz 0xc68 — control FAILED (proves call path + gate semantics)
[idp] [CONTROL] own id 14 lookup -> kr 0xe00002c2 osz 0 (control FAILED)
[idp] [CONTROL] own id 16 lookup -> kr 0xe00002c2 osz 0 (control FAILED)
[idp] [CONTROL] own id 17 lookup -> kr 0xe00002c2 osz 0 (control FAILED)
[idp] [CONTROL] own id 18 lookup -> kr 0xe00002c2 osz 0 (control FAILED)
[idp] summary: 0 foreign IDs resolved, 36 gated (0x2c2 expected), 4 own-ID controls
[idp] verdict: registry lookup properly gated by find_surface
[idp] done (alive)
[probe13] idprobe-only mode, stop
