[main] fuzz harness up, mode=all
[main] sandbox note: VCPDRM open is MACF-denied (iokit-open-user-client VCPDRMUserClient); mach-lookup com.apple.sprr / com.apple.jitbox exist but are sandbox-gated (seen in kernel log)
[open] IOServiceOpen VCPDRMService failed: 0xe00002e2
[open] service VCPDRMServiceUserClient not found
[vcpdrm] no connection, target dead
[open] AppleM2ScalerCSCDriver -> conn 0x5c03
[scaler] conn 0x5c03, s1 12 s2 13
[mig] bootstrap-name phase done; add learned names to cand_names[]
[probe12] SetNotificationPort -> 0x00000000
[sdst] v151 scaler-foreign-dst probe: ids 1..1500 step 1 fire 0
[open] AppleM2ScalerCSCDriver -> conn 0x7403
[sdst] src id 14, own dst id 16
[sdst] CONTROL own dst id 16 -> kr 0x00000000 (request shape is valid)
[sdst] CONTROL own dst + zero-fill shot (double-wrap) -> kr 0x00000000
[sdst] CONTROL own surface after shot: 10080 modified qwords — primitive still live
[sdst] known-owned ids (4):
[sdst]   own id 14
[sdst]   own id 16
[sdst]   own id 12
[sdst]   own id 13
[sdst] foreign id 1 -> kr 0xe00002f0 (other)
[sdst] foreign id 2 -> kr 0xe00002f0 (other)
[sdst] foreign id 3 -> kr 0xe00002f0 (other)
[sdst] foreign id 4 -> kr 0xe00002f0 (other)
[sdst] foreign id 5 -> kr 0xe00002f0 (other)
[sdst] foreign id 6 -> kr 0xe00002f0 (other)
[sdst] foreign id 7 -> kr 0xe00002f0 (other)
[sdst] foreign id 8 -> kr 0xe00002f0 (other)
[sdst] foreign id 9 -> kr 0xe00002f0 (other)
[sdst] foreign id 10 -> kr 0xe00002f0 (other)
[sdst] foreign id 11 -> kr 0xe00002f0 (other)
[sdst] foreign id 15 -> kr 0xe00002f0 (other)
[sdst] foreign id 17 -> kr 0xe00002f0 (other)
[sdst] foreign id 18 -> kr 0xe00002f0 (other)
[sdst] foreign id 19 -> kr 0xe00002f0 (other)
[sdst] foreign id 20 -> kr 0xe00002f0 (other)
[sdst] foreign id 21 -> kr 0xe00002f0 (other)
[sdst] foreign id 22 -> kr 0xe00002f0 (other)
[sdst] foreign id 23 -> kr 0xe00002f0 (other)
[sdst] foreign id 24 -> kr 0xe00002f0 (other)
[sdst] foreign id 25 -> kr 0xe00002f0 (other)
[sdst] foreign id 26 -> kr 0xe00002f0 (other)
[sdst] progress id 26 — foreign-accepted 0 refused 0 other 22 (own 4)
[sdst] foreign id 27 -> kr 0xe00002f0 (other)
[sdst] foreign id 28 -> kr 0xe00002f0 (other)
[sdst] foreign id 29 -> kr 0xe00002f0 (other)
[sdst] foreign id 30 -> kr 0xe00002f0 (other)
[sdst] foreign id 31 -> kr 0xe00002f0 (other)
[sdst] foreign id 32 -> kr 0xe00002f0 (other)
[sdst] foreign id 33 -> kr 0xe00002f0 (other)
[sdst] foreign id 34 -> kr 0xe00002f0 (other)
[sdst] foreign id 35 -> kr 0xe00002f0 (other)
[sdst] foreign id 36 -> kr 0xe00002f0 (other)
[sdst] foreign id 37 -> kr 0xe00002f0 (other)
[sdst] foreign id 38 -> kr 0xe00002f0 (other)
[sdst] foreign id 39 -> kr 0xe00002f0 (other)
[sdst] foreign id 40 -> kr 0xe00002f0 (other)
[sdst] foreign id 41 -> kr 0xe00002f0 (other)
[sdst] foreign id 42 -> kr 0xe00002f0 (other)
[sdst] foreign id 43 -> kr 0xe00002f0 (other)
[sdst] foreign id 44 -> kr 0xe00002f0 (other)
[sdst] foreign id 45 -> kr 0xe00002f0 (other)
[sdst] foreign id 46 -> kr 0xe00002f0 (other)
[sdst] foreign id 47 -> kr 0xe00002f0 (other)
[sdst] foreign id 48 -> kr 0xe00002f0 (other)
[sdst] foreign id 49 -> kr 0xe00002f0 (other)
[sdst] foreign id 50 -> kr 0xe00002f0 (other)
[sdst] foreign id 51 -> kr 0xe00002f0 (other)
[sdst] progress id 51 — foreign-accepted 0 refused 0 other 47 (own 4)
[sdst] foreign id 52 -> kr 0xe00002f0 (other)
[sdst] foreign id 53 -> kr 0xe00002f0 (other)
[sdst] foreign id 54 -> kr 0xe00002f0 (other)
[sdst] foreign id 55 -> kr 0xe00002f0 (other)
[sdst] foreign id 56 -> kr 0xe00002f0 (other)
[sdst] foreign id 57 -> kr 0xe00002f0 (other)
[sdst] foreign id 58 -> kr 0xe00002f0 (other)
[sdst] foreign id 59 -> kr 0xe00002f0 (other)
[sdst] foreign id 60 -> kr 0xe00002f0 (other)
[sdst] foreign id 61 -> kr 0xe00002f0 (other)
[sdst] foreign id 62 -> kr 0xe00002f0 (other)
[sdst] foreign id 63 -> kr 0xe00002f0 (other)
[sdst] foreign id 64 -> kr 0xe00002f0 (other)
[sdst] foreign id 65 -> kr 0xe00002f0 (other)
[sdst] foreign id 66 -> kr 0xe00002f0 (other)
[sdst] foreign id 67 -> kr 0xe00002f0 (other)
[sdst] foreign id 68 -> kr 0xe00002f0 (other)
[sdst] foreign id 69 -> kr 0xe00002f0 (other)
[sdst] foreign id 70 -> kr 0xe00002f0 (other)
[sdst] foreign id 71 -> kr 0xe00002f0 (other)
[sdst] foreign id 72 -> kr 0xe00002f0 (other)
[sdst] foreign id 73 -> kr 0xe00002f0 (other)
[sdst] foreign id 74 -> kr 0xe00002f0 (other)
[sdst] foreign id 75 -> kr 0xe00002f0 (other)
[sdst] foreign id 76 -> kr 0xe00002f0 (other)
[sdst] progress id 76 — foreign-accepted 0 refused 0 other 72 (own 4)
[sdst] foreign id 77 -> kr 0xe00002f0 (other)
[sdst] foreign id 78 -> kr 0xe00002f0 (other)
[sdst] foreign id 79 -> kr 0xe00002f0 (other)
[sdst] foreign id 80 -> kr 0xe00002f0 (other)
[sdst] foreign id 81 -> kr 0xe00002f0 (other)
[sdst] foreign id 82 -> kr 0xe00002f0 (other)
[sdst] foreign id 83 -> kr 0xe00002f0 (other)
[sdst] foreign id 84 -> kr 0xe00002f0 (other)
[sdst] foreign id 85 -> kr 0xe00002f0 (other)
[sdst] foreign id 86 -> kr 0xe00002f0 (other)
[sdst] foreign id 87 -> kr 0xe00002f0 (other)
[sdst] foreign id 88 -> kr 0xe00002f0 (other)
[sdst] foreign id 89 -> kr 0xe00002f0 (other)
[sdst] foreign id 90 -> kr 0xe00002f0 (other)
[sdst] foreign id 91 -> kr 0xe00002f0 (other)
[sdst] foreign id 92 -> kr 0xe00002f0 (other)
[sdst] foreign id 93 -> kr 0xe00002f0 (other)
[sdst] foreign id 94 -> kr 0xe00002f0 (other)
[sdst] foreign id 95 -> kr 0xe00002f0 (other)
[sdst] foreign id 96 -> kr 0xe00002f0 (other)
[sdst] foreign id 97 -> kr 0xe00002f0 (other)
[sdst] foreign id 98 -> kr 0xe00002f0 (other)
[sdst] foreign id 99 -> kr 0xe00002f0 (other)
[sdst] foreign id 100 -> kr 0xe00002f0 (other)
[sdst] foreign id 101 -> kr 0xe00002f0 (other)
[sdst] progress id 101 — foreign-accepted 0 refused 0 other 97 (own 4)
[sdst] foreign id 102 -> kr 0xe00002f0 (other)
[sdst] foreign id 103 -> kr 0xe00002f0 (other)
[sdst] foreign id 104 -> kr 0xe00002f0 (other)
[sdst] foreign id 105 -> kr 0xe00002f0 (other)
[sdst] foreign id 106 -> kr 0xe00002f0 (other)
[sdst] foreign id 107 -> kr 0xe00002f0 (other)
[sdst] foreign id 108 -> kr 0xe00002f0 (other)
[sdst] foreign id 109 -> kr 0xe00002f0 (other)
[sdst] foreign id 110 -> kr 0xe00002f0 (other)
[sdst] foreign id 111 -> kr 0xe00002f0 (other)
[sdst] foreign id 112 -> kr 0xe00002f0 (other)
[sdst] foreign id 113 -> kr 0xe00002f0 (other)
[sdst] foreign id 114 -> kr 0xe00002f0 (other)
[sdst] foreign id 115 -> kr 0xe00002f0 (other)
[sdst] foreign id 116 -> kr 0xe00002f0 (other)
[sdst] foreign id 117 -> kr 0xe00002f0 (other)
[sdst] foreign id 118 -> kr 0xe00002f0 (other)
[sdst] foreign id 119 -> kr 0xe00002f0 (other)
[sdst] foreign id 120 -> kr 0xe00002f0 (other)
[sdst] foreign id 121 -> kr 0xe00002f0 (other)
[sdst] foreign id 122 -> kr 0xe00002f0 (other)
[sdst] foreign id 123 -> kr 0xe00002f0 (other)
[sdst] foreign id 124 -> kr 0xe00002f0 (other)
[sdst] foreign id 125 -> kr 0xe00002f0 (other)
[sdst] foreign id 126 -> kr 0xe00002f0 (other)
[sdst] progress id 126 — foreign-accepted 0 refused 0 other 122 (own 4)
[sdst] foreign id 127 -> kr 0xe00002f0 (other)
[sdst] foreign id 128 -> kr 0xe00002f0 (other)
[sdst] foreign id 129 -> kr 0xe00002f0 (other)
[sdst] foreign id 130 -> kr 0xe00002f0 (other)
[sdst] foreign id 131 -> kr 0xe00002f0 (other)
[sdst] foreign id 132 -> kr 0xe00002f0 (other)
[sdst] foreign id 133 -> kr 0xe00002f0 (other)
[sdst] foreign id 134 -> kr 0xe00002f0 (other)
[sdst] foreign id 135 -> kr 0xe00002f0 (other)
[sdst] foreign id 136 -> kr 0xe00002f0 (other)
[sdst] foreign id 137 -> kr 0xe00002f0 (other)
[sdst] foreign id 138 -> kr 0xe00002f0 (other)
[sdst] foreign id 139 -> kr 0xe00002f0 (other)
[sdst] foreign id 140 -> kr 0xe00002f0 (other)
[sdst] foreign id 141 -> kr 0xe00002f0 (other)
[sdst] foreign id 142 -> kr 0xe00002f0 (other)
[sdst] foreign id 143 -> kr 0xe00002f0 (other)
[sdst] foreign id 144 -> kr 0xe00002f0 (other)
[sdst] foreign id 145 -> kr 0xe00002f0 (other)
[sdst] foreign id 146 -> kr 0xe00002f0 (other)
[sdst] foreign id 147 -> kr 0xe00002f0 (other)
[sdst] foreign id 148 -> kr 0xe00002f0 (other)
[sdst] foreign id 149 -> kr 0xe00002f0 (other)
[sdst] foreign id 150 -> kr 0xe00002f0 (other)
[sdst] foreign id 151 -> kr 0xe00002f0 (other)
[sdst] progress id 151 — foreign-accepted 0 refused 0 other 147 (own 4)
[sdst] foreign id 152 -> kr 0xe00002f0 (other)
[sdst] foreign id 153 -> kr 0xe00002f0 (other)
[sdst] foreign id 154 -> kr 0xe00002f0 (other)
[sdst] foreign id 155 -> kr 0xe00002f0 (other)
[sdst] foreign id 156 -> kr 0xe00002f0 (other)
[sdst] foreign id 157 -> kr 0xe00002f0 (other)
[sdst] foreign id 158 -> kr 0xe00002f0 (other)
[sdst] foreign id 159 -> kr 0xe00002f0 (other)
[sdst] foreign id 160 -> kr 0xe00002f0 (other)
[sdst] foreign id 161 -> kr 0xe00002f0 (other)
[sdst] foreign id 162 -> kr 0xe00002f0 (other)
[sdst] foreign id 163 -> kr 0xe00002f0 (other)
[sdst] foreign id 164 -> kr 0xe00002f0 (other)
[sdst] foreign id 165 -> kr 0xe00002f0 (other)
[sdst] foreign id 166 -> kr 0xe00002f0 (other)
[sdst] foreign id 167 -> kr 0xe00002f0 (other)
[sdst] foreign id 168 -> kr 0xe00002f0 (other)
[sdst] foreign id 169 -> kr 0xe00002f0 (other)
[sdst] foreign id 170 -> kr 0xe00002f0 (other)
[sdst] foreign id 171 -> kr 0xe00002f0 (other)
[sdst] foreign id 172 -> kr 0xe00002f0 (other)
[sdst] foreign id 173 -> kr 0xe00002f0 (other)
[sdst] foreign id 174 -> kr 0xe00002f0 (other)
[sdst] foreign id 175 -> kr 0xe00002f0 (other)
[sdst] foreign id 176 -> kr 0xe00002f0 (other)
[sdst] progress id 176 — foreign-accepted 0 refused 0 other 172 (own 4)
[sdst] foreign id 177 -> kr 0xe00002f0 (other)
[sdst] foreign id 178 -> kr 0xe00002f0 (other)
[sdst] foreign id 179 -> kr 0xe00002f0 (other)
[sdst] foreign id 180 -> kr 0xe00002f0 (other)
[sdst] foreign id 181 -> kr 0xe00002f0 (other)
[sdst] foreign id 182 -> kr 0xe00002f0 (other)
[sdst] foreign id 183 -> kr 0xe00002f0 (other)
[sdst] foreign id 184 -> kr 0xe00002f0 (other)
[sdst] foreign id 185 -> kr 0xe00002f0 (other)
[sdst] foreign id 186 -> kr 0xe00002f0 (other)
[sdst] foreign id 187 -> kr 0xe00002f0 (other)
[sdst] foreign id 188 -> kr 0xe00002f0 (other)
[sdst] foreign id 189 -> kr 0xe00002f0 (other)
[sdst] foreign id 190 -> kr 0xe00002f0 (other)
[sdst] foreign id 191 -> kr 0xe00002f0 (other)
[sdst] foreign id 192 -> kr 0xe00002f0 (other)
[sdst] foreign id 193 -> kr 0xe00002f0 (other)
[sdst] foreign id 194 -> kr 0xe00002f0 (other)
[sdst] foreign id 195 -> kr 0xe00002f0 (other)
[sdst] foreign id 196 -> kr 0xe00002f0 (other)
[sdst] foreign id 197 -> kr 0xe00002f0 (other)
[sdst] foreign id 198 -> kr 0xe00002f0 (other)
[sdst] foreign id 199 -> kr 0xe00002f0 (other)
[sdst] foreign id 200 -> kr 0xe00002f0 (other)
[sdst] foreign id 201 -> kr 0xe00002f0 (other)
[sdst] progress id 201 — foreign-accepted 0 refused 0 other 197 (own 4)
[sdst] foreign id 202 -> kr 0xe00002f0 (other)
[sdst] foreign id 203 -> kr 0xe00002f0 (other)
[sdst] foreign id 204 -> kr 0xe00002f0 (other)
[sdst] foreign id 205 -> kr 0xe00002f0 (other)
[sdst] foreign id 206 -> kr 0xe00002f0 (other)
[sdst] foreign id 207 -> kr 0xe00002f0 (other)
[sdst] foreign id 208 -> kr 0xe00002f0 (other)
[sdst] foreign id 209 -> kr 0xe00002f0 (other)
[sdst] foreign id 210 -> kr 0xe00002f0 (other)
[sdst] foreign id 211 -> kr 0xe00002f0 (other)
[sdst] foreign id 212 -> kr 0xe00002f0 (other)
[sdst] foreign id 213 -> kr 0xe00002f0 (other)
[sdst] foreign id 214 -> kr 0xe00002f0 (other)
[sdst] foreign id 215 -> kr 0xe00002f0 (other)
[sdst] foreign id 216 -> kr 0xe00002f0 (other)
[sdst] foreign id 217 -> kr 0xe00002f0 (other)
[sdst] foreign id 218 -> kr 0xe00002f0 (other)
[sdst] foreign id 219 -> kr 0xe00002f0 (other)
[sdst] foreign id 220 -> kr 0xe00002f0 (other)
[sdst] foreign id 221 -> kr 0xe00002f0 (other)
[sdst] foreign id 222 -> kr 0xe00002f0 (other)
[sdst] foreign id 223 -> kr 0xe00002f0 (other)
[sdst] foreign id 224 -> kr 0xe00002f0 (other)
[sdst] foreign id 225 -> kr 0xe00002f0 (other)
[sdst] foreign id 226 -> kr 0xe00002f0 (other)
[sdst] progress id 226 — foreign-accepted 0 refused 0 other 222 (own 4)
[sdst] foreign id 227 -> kr 0xe00002f0 (other)
[sdst] foreign id 228 -> kr 0xe00002f0 (other)
[sdst] foreign id 229 -> kr 0xe00002f0 (other)
[sdst] foreign id 230 -> kr 0xe00002f0 (other)
[sdst] foreign id 231 -> kr 0xe00002f0 (other)
[sdst] foreign id 232 -> kr 0xe00002f0 (other)
[sdst] foreign id 233 -> kr 0xe00002f0 (other)
[sdst] foreign id 234 -> kr 0xe00002f0 (other)
[sdst] foreign id 235 -> kr 0xe00002f0 (other)
[sdst] foreign id 236 -> kr 0xe00002f0 (other)
[sdst] foreign id 237 -> kr 0xe00002f0 (other)
[sdst] foreign id 238 -> kr 0xe00002f0 (other)
[sdst] foreign id 239 -> kr 0xe00002f0 (other)
[sdst] foreign id 240 -> kr 0xe00002f0 (other)
[sdst] foreign id 241 -> kr 0xe00002f0 (other)
[sdst] foreign id 242 -> kr 0xe00002f0 (other)
[sdst] foreign id 243 -> kr 0xe00002f0 (other)
[sdst] foreign id 244 -> kr 0xe00002f0 (other)
[sdst] foreign id 245 -> kr 0xe00002f0 (other)
[sdst] foreign id 246 -> kr 0xe00002f0 (other)
[sdst] foreign id 247 -> kr 0xe00002f0 (other)
[sdst] foreign id 248 -> kr 0xe00002f0 (other)
[sdst] foreign id 249 -> kr 0xe00002f0 (other)
[sdst] foreign id 250 -> kr 0xe00002f0 (other)
[sdst] foreign id 251 -> kr 0xe00002f0 (other)
[sdst] progress id 251 — foreign-accepted 0 refused 0 other 247 (own 4)
[sdst] foreign id 252 -> kr 0xe00002f0 (other)
[sdst] foreign id 253 -> kr 0xe00002f0 (other)
[sdst] foreign id 254 -> kr 0xe00002f0 (other)
[sdst] foreign id 255 -> kr 0xe00002f0 (other)
[sdst] foreign id 256 -> kr 0xe00002f0 (other)
[sdst] foreign id 257 -> kr 0xe00002f0 (other)
[sdst] foreign id 258 -> kr 0xe00002f0 (other)
[sdst] foreign id 259 -> kr 0xe00002f0 (other)
[sdst] foreign id 260 -> kr 0xe00002f0 (other)
[sdst] foreign id 261 -> kr 0xe00002f0 (other)
[sdst] foreign id 262 -> kr 0xe00002f0 (other)
[sdst] foreign id 263 -> kr 0xe00002f0 (other)
[sdst] foreign id 264 -> kr 0xe00002f0 (other)
[sdst] foreign id 265 -> kr 0xe00002f0 (other)
[sdst] foreign id 266 -> kr 0xe00002f0 (other)
[sdst] foreign id 267 -> kr 0xe00002f0 (other)
[sdst] foreign id 268 -> kr 0xe00002f0 (other)
[sdst] foreign id 269 -> kr 0xe00002f0 (other)
[sdst] foreign id 270 -> kr 0xe00002f0 (other)
[sdst] foreign id 271 -> kr 0xe00002f0 (other)
[sdst] foreign id 272 -> kr 0xe00002f0 (other)
[sdst] foreign id 273 -> kr 0xe00002f0 (other)
[sdst] foreign id 274 -> kr 0xe00002f0 (other)
[sdst] foreign id 275 -> kr 0xe00002f0 (other)
[sdst] foreign id 276 -> kr 0xe00002f0 (other)
[sdst] progress id 276 — foreign-accepted 0 refused 0 other 272 (own 4)
[sdst] foreign id 277 -> kr 0xe00002f0 (other)
[sdst] foreign id 278 -> kr 0xe00002f0 (other)
[sdst] foreign id 279 -> kr 0xe00002f0 (other)
[sdst] foreign id 280 -> kr 0xe00002f0 (other)
[sdst] foreign id 281 -> kr 0xe00002f0 (other)
[sdst] foreign id 282 -> kr 0xe00002f0 (other)
[sdst] foreign id 283 -> kr 0xe00002f0 (other)
[sdst] foreign id 284 -> kr 0xe00002f0 (other)
[sdst] foreign id 285 -> kr 0xe00002f0 (other)
[sdst] foreign id 286 -> kr 0xe00002f0 (other)
[sdst] foreign id 287 -> kr 0xe00002f0 (other)
[sdst] foreign id 288 -> kr 0xe00002f0 (other)
[sdst] foreign id 289 -> kr 0xe00002f0 (other)
[sdst] foreign id 290 -> kr 0xe00002f0 (other)
[sdst] foreign id 291 -> kr 0xe00002f0 (other)
[sdst] foreign id 292 -> kr 0xe00002f0 (other)
[sdst] foreign id 293 -> kr 0xe00002f0 (other)
[sdst] foreign id 294 -> kr 0xe00002f0 (other)
[sdst] foreign id 295 -> kr 0xe00002f0 (other)
[sdst] foreign id 296 -> kr 0xe00002f0 (other)
[sdst] foreign id 297 -> kr 0xe00002f0 (other)
[sdst] foreign id 298 -> kr 0xe00002f0 (other)
[sdst] foreign id 299 -> kr 0xe00002f0 (other)
[sdst] foreign id 300 -> kr 0xe00002f0 (other)
[sdst] foreign id 301 -> kr 0xe00002f0 (other)
[sdst] progress id 301 — foreign-accepted 0 refused 0 other 297 (own 4)
[sdst] foreign id 302 -> kr 0xe00002f0 (other)
[sdst] foreign id 303 -> kr 0xe00002f0 (other)
[sdst] foreign id 304 -> kr 0xe00002f0 (other)
[sdst] foreign id 305 -> kr 0xe00002f0 (other)
[sdst] foreign id 306 -> kr 0xe00002f0 (other)
[sdst] foreign id 307 -> kr 0xe00002f0 (other)
[sdst] foreign id 308 -> kr 0xe00002f0 (other)
[sdst] foreign id 309 -> kr 0xe00002f0 (other)
[sdst] foreign id 310 -> kr 0xe00002f0 (other)
[sdst] foreign id 311 -> kr 0xe00002f0 (other)
[sdst] foreign id 312 -> kr 0xe00002f0 (other)
[sdst] foreign id 313 -> kr 0xe00002f0 (other)
[sdst] foreign id 314 -> kr 0xe00002f0 (other)
[sdst] foreign id 315 -> kr 0xe00002f0 (other)
[sdst] foreign id 316 -> kr 0xe00002f0 (other)
[sdst] foreign id 317 -> kr 0xe00002f0 (other)
[sdst] foreign id 318 -> kr 0xe00002f0 (other)
[sdst] foreign id 319 -> kr 0xe00002f0 (other)
[sdst] foreign id 320 -> kr 0xe00002f0 (other)
[sdst] foreign id 321 -> kr 0xe00002f0 (other)
[sdst] foreign id 322 -> kr 0xe00002f0 (other)
[sdst] foreign id 323 -> kr 0xe00002f0 (other)
[sdst] foreign id 324 -> kr 0xe00002f0 (other)
[sdst] foreign id 325 -> kr 0xe00002f0 (other)
[sdst] foreign id 326 -> kr 0xe00002f0 (other)
[sdst] progress id 326 — foreign-accepted 0 refused 0 other 322 (own 4)
[sdst] foreign id 327 -> kr 0xe00002f0 (other)
[sdst] foreign id 328 -> kr 0xe00002f0 (other)
[sdst] foreign id 329 -> kr 0xe00002f0 (other)
[sdst] foreign id 330 -> kr 0xe00002f0 (other)
[sdst] foreign id 331 -> kr 0xe00002f0 (other)
[sdst] foreign id 332 -> kr 0xe00002f0 (other)
[sdst] foreign id 333 -> kr 0xe00002f0 (other)
[sdst] foreign id 334 -> kr 0xe00002f0 (other)
[sdst] foreign id 335 -> kr 0xe00002f0 (other)
[sdst] foreign id 336 -> kr 0xe00002f0 (other)
[sdst] foreign id 337 -> kr 0xe00002f0 (other)
[sdst] foreign id 338 -> kr 0xe00002f0 (other)
[sdst] foreign id 339 -> kr 0xe00002f0 (other)
[sdst] foreign id 340 -> kr 0xe00002f0 (other)
[sdst] foreign id 341 -> kr 0xe00002f0 (other)
[sdst] foreign id 342 -> kr 0xe00002f0 (other)
[sdst] foreign id 343 -> kr 0xe00002f0 (other)
[sdst] foreign id 344 -> kr 0xe00002f0 (other)
[sdst] foreign id 345 -> kr 0xe00002f0 (other)
[sdst] foreign id 346 -> kr 0xe00002f0 (other)
[sdst] foreign id 347 -> kr 0xe00002f0 (other)
[sdst] foreign id 348 -> kr 0xe00002f0 (other)
[sdst] foreign id 349 -> kr 0xe00002f0 (other)
[sdst] foreign id 350 -> kr 0xe00002f0 (other)
[sdst] foreign id 351 -> kr 0xe00002f0 (other)
[sdst] progress id 351 — foreign-accepted 0 refused 0 other 347 (own 4)
[sdst] foreign id 352 -> kr 0xe00002f0 (other)
[sdst] foreign id 353 -> kr 0xe00002f0 (other)
[sdst] foreign id 354 -> kr 0xe00002f0 (other)
[sdst] foreign id 355 -> kr 0xe00002f0 (other)
[sdst] foreign id 356 -> kr 0xe00002f0 (other)
[sdst] foreign id 357 -> kr 0xe00002f0 (other)
[sdst] foreign id 358 -> kr 0xe00002f0 (other)
[sdst] foreign id 359 -> kr 0xe00002f0 (other)
[sdst] foreign id 360 -> kr 0xe00002f0 (other)
[sdst] foreign id 361 -> kr 0xe00002f0 (other)
[sdst] foreign id 362 -> kr 0xe00002f0 (other)
[sdst] foreign id 363 -> kr 0xe00002f0 (other)
[sdst] foreign id 364 -> kr 0xe00002f0 (other)
[sdst] foreign id 365 -> kr 0xe00002f0 (other)
[sdst] foreign id 366 -> kr 0xe00002f0 (other)
[sdst] foreign id 367 -> kr 0xe00002f0 (other)
[sdst] foreign id 368 -> kr 0xe00002f0 (other)
[sdst] foreign id 369 -> kr 0xe00002f0 (other)
[sdst] foreign id 370 -> kr 0xe00002f0 (other)
[sdst] foreign id 371 -> kr 0xe00002f0 (other)
[sdst] foreign id 372 -> kr 0xe00002f0 (other)
[sdst] foreign id 373 -> kr 0xe00002f0 (other)
[sdst] foreign id 374 -> kr 0xe00002f0 (other)
[sdst] foreign id 375 -> kr 0xe00002f0 (other)
[sdst] foreign id 376 -> kr 0xe00002f0 (other)
[sdst] progress id 376 — foreign-accepted 0 refused 0 other 372 (own 4)
[sdst] foreign id 377 -> kr 0xe00002f0 (other)
[sdst] foreign id 378 -> kr 0xe00002f0 (other)
[sdst] foreign id 379 -> kr 0xe00002f0 (other)
[sdst] foreign id 380 -> kr 0xe00002f0 (other)
[sdst] foreign id 381 -> kr 0xe00002f0 (other)
[sdst] foreign id 382 -> kr 0xe00002f0 (other)
[sdst] foreign id 383 -> kr 0xe00002f0 (other)
[sdst] foreign id 384 -> kr 0xe00002f0 (other)
[sdst] foreign id 385 -> kr 0xe00002f0 (other)
[sdst] foreign id 386 -> kr 0xe00002f0 (other)
[sdst] foreign id 387 -> kr 0xe00002f0 (other)
[sdst] foreign id 388 -> kr 0xe00002f0 (other)
[sdst] foreign id 389 -> kr 0xe00002f0 (other)
[sdst] foreign id 390 -> kr 0xe00002f0 (other)
[sdst] foreign id 391 -> kr 0xe00002f0 (other)
[sdst] foreign id 392 -> kr 0xe00002f0 (other)
[sdst] foreign id 393 -> kr 0xe00002f0 (other)
[sdst] foreign id 394 -> kr 0xe00002f0 (other)
[sdst] foreign id 395 -> kr 0xe00002f0 (other)
[sdst] foreign id 396 -> kr 0xe00002f0 (other)
[sdst] foreign id 397 -> kr 0xe00002f0 (other)
[sdst] foreign id 398 -> kr 0xe00002f0 (other)
[sdst] foreign id 399 -> kr 0xe00002f0 (other)
[sdst] foreign id 400 -> kr 0xe00002f0 (other)
[sdst] foreign id 401 -> kr 0xe00002f0 (other)
[sdst] progress id 401 — foreign-accepted 0 refused 0 other 397 (own 4)
[sdst] foreign id 402 -> kr 0xe00002f0 (other)
[sdst] foreign id 403 -> kr 0xe00002f0 (other)
[sdst] foreign id 404 -> kr 0xe00002f0 (other)
[sdst] foreign id 405 -> kr 0xe00002f0 (other)
[sdst] foreign id 406 -> kr 0xe00002f0 (other)
[sdst] foreign id 407 -> kr 0xe00002f0 (other)
[sdst] foreign id 408 -> kr 0xe00002f0 (other)
[sdst] foreign id 409 -> kr 0xe00002f0 (other)
[sdst] foreign id 410 -> kr 0xe00002f0 (other)
[sdst] foreign id 411 -> kr 0xe00002f0 (other)
[sdst] foreign id 412 -> kr 0xe00002f0 (other)
[sdst] foreign id 413 -> kr 0xe00002f0 (other)
[sdst] foreign id 414 -> kr 0xe00002f0 (other)
[sdst] foreign id 415 -> kr 0xe00002f0 (other)
[sdst] foreign id 416 -> kr 0xe00002f0 (other)
[sdst] foreign id 417 -> kr 0xe00002f0 (other)
[sdst] foreign id 418 -> kr 0xe00002f0 (other)
[sdst] foreign id 419 -> kr 0xe00002f0 (other)
[sdst] foreign id 420 -> kr 0xe00002f0 (other)
[sdst] foreign id 421 -> kr 0xe00002f0 (other)
[sdst] foreign id 422 -> kr 0xe00002f0 (other)
[sdst] foreign id 423 -> kr 0xe00002f0 (other)
[sdst] foreign id 424 -> kr 0xe00002f0 (other)
[sdst] foreign id 425 -> kr 0xe00002f0 (other)
[sdst] foreign id 426 -> kr 0xe00002f0 (other)
[sdst] progress id 426 — foreign-accepted 0 refused 0 other 422 (own 4)
[sdst] foreign id 427 -> kr 0xe00002f0 (other)
[sdst] foreign id 428 -> kr 0xe00002f0 (other)
[sdst] foreign id 429 -> kr 0xe00002f0 (other)
[sdst] foreign id 430 -> kr 0xe00002f0 (other)
[sdst] foreign id 431 -> kr 0xe00002f0 (other)
[sdst] foreign id 432 -> kr 0xe00002f0 (other)
[sdst] foreign id 433 -> kr 0xe00002f0 (other)
[sdst] foreign id 434 -> kr 0xe00002f0 (other)
[sdst] foreign id 435 -> kr 0xe00002f0 (other)
[sdst] foreign id 436 -> kr 0xe00002f0 (other)
[sdst] foreign id 437 -> kr 0xe00002f0 (other)
[sdst] foreign id 438 -> kr 0xe00002f0 (other)
[sdst] foreign id 439 -> kr 0xe00002f0 (other)
[sdst] foreign id 440 -> kr 0xe00002f0 (other)
[sdst] foreign id 441 -> kr 0xe00002f0 (other)
[sdst] foreign id 442 -> kr 0xe00002f0 (other)
[sdst] foreign id 443 -> kr 0xe00002f0 (other)
[sdst] foreign id 444 -> kr 0xe00002f0 (other)
[sdst] foreign id 445 -> kr 0xe00002f0 (other)
[sdst] foreign id 446 -> kr 0xe00002f0 (other)
[sdst] foreign id 447 -> kr 0xe00002f0 (other)
[sdst] foreign id 448 -> kr 0xe00002f0 (other)
[sdst] foreign id 449 -> kr 0xe00002f0 (other)
[sdst] foreign id 450 -> kr 0xe00002f0 (other)
[sdst] foreign id 451 -> kr 0xe00002f0 (other)
[sdst] progress id 451 — foreign-accepted 0 refused 0 other 447 (own 4)
[sdst] foreign id 452 -> kr 0xe00002f0 (other)
[sdst] foreign id 453 -> kr 0xe00002f0 (other)
[sdst] foreign id 454 -> kr 0xe00002f0 (other)
[sdst] foreign id 455 -> kr 0xe00002f0 (other)
[sdst] foreign id 456 -> kr 0xe00002f0 (other)
[sdst] foreign id 457 -> kr 0xe00002f0 (other)
[sdst] foreign id 458 -> kr 0xe00002f0 (other)
[sdst] foreign id 459 -> kr 0xe00002f0 (other)
[sdst] foreign id 460 -> kr 0xe00002f0 (other)
[sdst] foreign id 461 -> kr 0xe00002f0 (other)
[sdst] foreign id 462 -> kr 0xe00002f0 (other)
[sdst] foreign id 463 -> kr 0xe00002f0 (other)
[sdst] foreign id 464 -> kr 0xe00002f0 (other)
[sdst] foreign id 465 -> kr 0xe00002f0 (other)
[sdst] foreign id 466 -> kr 0xe00002f0 (other)
[sdst] foreign id 467 -> kr 0xe00002f0 (other)
[sdst] foreign id 468 -> kr 0xe00002f0 (other)
[sdst] foreign id 469 -> kr 0xe00002f0 (other)
[sdst] foreign id 470 -> kr 0xe00002f0 (other)
[sdst] foreign id 471 -> kr 0xe00002f0 (other)
[sdst] foreign id 472 -> kr 0xe00002f0 (other)
[sdst] foreign id 473 -> kr 0xe00002f0 (other)
[sdst] foreign id 474 -> kr 0xe00002f0 (other)
[sdst] foreign id 475 -> kr 0xe00002f0 (other)
[sdst] foreign id 476 -> kr 0xe00002f0 (other)
[sdst] progress id 476 — foreign-accepted 0 refused 0 other 472 (own 4)
[sdst] foreign id 477 -> kr 0xe00002f0 (other)
[sdst] foreign id 478 -> kr 0xe00002f0 (other)
[sdst] foreign id 479 -> kr 0xe00002f0 (other)
[sdst] foreign id 480 -> kr 0xe00002f0 (other)
[sdst] foreign id 481 -> kr 0xe00002f0 (other)
[sdst] foreign id 482 -> kr 0xe00002f0 (other)
[sdst] foreign id 483 -> kr 0xe00002f0 (other)
[sdst] foreign id 484 -> kr 0xe00002f0 (other)
[sdst] foreign id 485 -> kr 0xe00002f0 (other)
[sdst] foreign id 486 -> kr 0xe00002f0 (other)
[sdst] foreign id 487 -> kr 0xe00002f0 (other)
[sdst] foreign id 488 -> kr 0xe00002f0 (other)
[sdst] foreign id 489 -> kr 0xe00002f0 (other)
[sdst] foreign id 490 -> kr 0xe00002f0 (other)
[sdst] foreign id 491 -> kr 0xe00002f0 (other)
[sdst] foreign id 492 -> kr 0xe00002f0 (other)
[sdst] foreign id 493 -> kr 0xe00002f0 (other)
[sdst] foreign id 494 -> kr 0xe00002f0 (other)
[sdst] foreign id 495 -> kr 0xe00002f0 (other)
[sdst] foreign id 496 -> kr 0xe00002f0 (other)
[sdst] foreign id 497 -> kr 0xe00002f0 (other)
[sdst] foreign id 498 -> kr 0xe00002f0 (other)
[sdst] foreign id 499 -> kr 0xe00002f0 (other)
[sdst] foreign id 500 -> kr 0xe00002f0 (other)
[sdst] foreign id 501 -> kr 0xe00002f0 (other)
[sdst] progress id 501 — foreign-accepted 0 refused 0 other 497 (own 4)
[sdst] foreign id 502 -> kr 0xe00002f0 (other)
[sdst] foreign id 503 -> kr 0xe00002f0 (other)
[sdst] foreign id 504 -> kr 0xe00002f0 (other)
[sdst] foreign id 505 -> kr 0xe00002f0 (other)
[sdst] foreign id 506 -> kr 0xe00002f0 (other)
[sdst] foreign id 507 -> kr 0xe00002f0 (other)
[sdst] foreign id 508 -> kr 0xe00002f0 (other)
[sdst] foreign id 509 -> kr 0xe00002f0 (other)
[sdst] foreign id 510 -> kr 0xe00002f0 (other)
[sdst] foreign id 511 -> kr 0xe00002f0 (other)
[sdst] foreign id 512 -> kr 0xe00002f0 (other)
[sdst] foreign id 513 -> kr 0xe00002f0 (other)
[sdst] foreign id 514 -> kr 0xe00002f0 (other)
[sdst] foreign id 515 -> kr 0xe00002f0 (other)
[sdst] foreign id 516 -> kr 0xe00002f0 (other)
[sdst] foreign id 517 -> kr 0xe00002f0 (other)
[sdst] foreign id 518 -> kr 0xe00002f0 (other)
[sdst] foreign id 519 -> kr 0xe00002f0 (other)
[sdst] foreign id 520 -> kr 0xe00002f0 (other)
[sdst] foreign id 521 -> kr 0xe00002f0 (other)
[sdst] foreign id 522 -> kr 0xe00002f0 (other)
[sdst] foreign id 523 -> kr 0xe00002f0 (other)
[sdst] foreign id 524 -> kr 0xe00002f0 (other)
[sdst] foreign id 525 -> kr 0xe00002f0 (other)
[sdst] foreign id 526 -> kr 0xe00002f0 (other)
[sdst] progress id 526 — foreign-accepted 0 refused 0 other 522 (own 4)
[sdst] foreign id 527 -> kr 0xe00002f0 (other)
[sdst] foreign id 528 -> kr 0xe00002f0 (other)
[sdst] foreign id 529 -> kr 0xe00002f0 (other)
[sdst] foreign id 530 -> kr 0xe00002f0 (other)
[sdst] foreign id 531 -> kr 0xe00002f0 (other)
[sdst] foreign id 532 -> kr 0xe00002f0 (other)
[sdst] foreign id 533 -> kr 0xe00002f0 (other)
[sdst] foreign id 534 -> kr 0xe00002f0 (other)
[sdst] foreign id 535 -> kr 0xe00002f0 (other)
[sdst] foreign id 536 -> kr 0xe00002f0 (other)
[sdst] foreign id 537 -> kr 0xe00002f0 (other)
[sdst] foreign id 538 -> kr 0xe00002f0 (other)
[sdst] foreign id 539 -> kr 0xe00002f0 (other)
[sdst] foreign id 540 -> kr 0xe00002f0 (other)
[sdst] foreign id 541 -> kr 0xe00002f0 (other)
[sdst] foreign id 542 -> kr 0xe00002f0 (other)
[sdst] foreign id 543 -> kr 0xe00002f0 (other)
[sdst] foreign id 544 -> kr 0xe00002f0 (other)
[sdst] foreign id 545 -> kr 0xe00002f0 (other)
[sdst] foreign id 546 -> kr 0xe00002f0 (other)
[sdst] foreign id 547 -> kr 0xe00002f0 (other)
[sdst] foreign id 548 -> kr 0xe00002f0 (other)
[sdst] foreign id 549 -> kr 0xe00002f0 (other)
[sdst] foreign id 550 -> kr 0xe00002f0 (other)
[sdst] foreign id 551 -> kr 0xe00002f0 (other)
[sdst] progress id 551 — foreign-accepted 0 refused 0 other 547 (own 4)
[sdst] foreign id 552 -> kr 0xe00002f0 (other)
[sdst] foreign id 553 -> kr 0xe00002f0 (other)
[sdst] foreign id 554 -> kr 0xe00002f0 (other)
[sdst] foreign id 555 -> kr 0xe00002f0 (other)
[sdst] foreign id 556 -> kr 0xe00002f0 (other)
[sdst] foreign id 557 -> kr 0xe00002f0 (other)
[sdst] foreign id 558 -> kr 0xe00002f0 (other)
[sdst] foreign id 559 -> kr 0xe00002f0 (other)
[sdst] foreign id 560 -> kr 0xe00002f0 (other)
[sdst] foreign id 561 -> kr 0xe00002f0 (other)
[sdst] foreign id 562 -> kr 0xe00002f0 (other)
[sdst] foreign id 563 -> kr 0xe00002f0 (other)
[sdst] foreign id 564 -> kr 0xe00002f0 (other)
[sdst] foreign id 565 -> kr 0xe00002f0 (other)
[sdst] foreign id 566 -> kr 0xe00002f0 (other)
[sdst] foreign id 567 -> kr 0xe00002f0 (other)
[sdst] foreign id 568 -> kr 0xe00002f0 (other)
[sdst] foreign id 569 -> kr 0xe00002f0 (other)
[sdst] foreign id 570 -> kr 0xe00002f0 (other)
[sdst] foreign id 571 -> kr 0xe00002f0 (other)
[sdst] foreign id 572 -> kr 0xe00002f0 (other)
[sdst] foreign id 573 -> kr 0xe00002f0 (other)
[sdst] foreign id 574 -> kr 0xe00002f0 (other)
[sdst] foreign id 575 -> kr 0xe00002f0 (other)
[sdst] foreign id 576 -> kr 0xe00002f0 (other)
[sdst] progress id 576 — foreign-accepted 0 refused 0 other 572 (own 4)
[sdst] foreign id 577 -> kr 0xe00002f0 (other)
[sdst] foreign id 578 -> kr 0xe00002f0 (other)
[sdst] foreign id 579 -> kr 0xe00002f0 (other)
[sdst] foreign id 580 -> kr 0xe00002f0 (other)
[sdst] foreign id 581 -> kr 0xe00002f0 (other)
[sdst] foreign id 582 -> kr 0xe00002f0 (other)
[sdst] foreign id 583 -> kr 0xe00002f0 (other)
[sdst] foreign id 584 -> kr 0xe00002f0 (other)
[sdst] foreign id 585 -> kr 0xe00002f0 (other)
[sdst] foreign id 586 -> kr 0xe00002f0 (other)
[sdst] foreign id 587 -> kr 0xe00002f0 (other)
[sdst] foreign id 588 -> kr 0xe00002f0 (other)
[sdst] foreign id 589 -> kr 0xe00002f0 (other)
[sdst] foreign id 590 -> kr 0xe00002f0 (other)
[sdst] foreign id 591 -> kr 0xe00002f0 (other)
[sdst] foreign id 592 -> kr 0xe00002f0 (other)
[sdst] foreign id 593 -> kr 0xe00002f0 (other)
[sdst] foreign id 594 -> kr 0xe00002f0 (other)
[sdst] foreign id 595 -> kr 0xe00002f0 (other)
[sdst] foreign id 596 -> kr 0xe00002f0 (other)
[sdst] foreign id 597 -> kr 0xe00002f0 (other)
[sdst] foreign id 598 -> kr 0xe00002f0 (other)
[sdst] foreign id 599 -> kr 0xe00002f0 (other)
[sdst] foreign id 600 -> kr 0xe00002f0 (other)
[sdst] foreign id 601 -> kr 0xe00002f0 (other)
[sdst] progress id 601 — foreign-accepted 0 refused 0 other 597 (own 4)
[sdst] foreign id 602 -> kr 0xe00002f0 (other)
[sdst] foreign id 603 -> kr 0xe00002f0 (other)
[sdst] foreign id 604 -> kr 0xe00002f0 (other)
[sdst] foreign id 605 -> kr 0xe00002f0 (other)
[sdst] foreign id 606 -> kr 0xe00002f0 (other)
[sdst] foreign id 607 -> kr 0xe00002f0 (other)
[sdst] foreign id 608 -> kr 0xe00002f0 (other)
[sdst] foreign id 609 -> kr 0xe00002f0 (other)
[sdst] foreign id 610 -> kr 0xe00002f0 (other)
[sdst] foreign id 611 -> kr 0xe00002f0 (other)
[sdst] foreign id 612 -> kr 0xe00002f0 (other)
[sdst] foreign id 613 -> kr 0xe00002f0 (other)
[sdst] foreign id 614 -> kr 0xe00002f0 (other)
[sdst] foreign id 615 -> kr 0xe00002f0 (other)
[sdst] foreign id 616 -> kr 0xe00002f0 (other)
[sdst] foreign id 617 -> kr 0xe00002f0 (other)
[sdst] foreign id 618 -> kr 0xe00002f0 (other)
[sdst] foreign id 619 -> kr 0xe00002f0 (other)
[sdst] foreign id 620 -> kr 0xe00002f0 (other)
[sdst] foreign id 621 -> kr 0xe00002f0 (other)
[sdst] foreign id 622 -> kr 0xe00002f0 (other)
[sdst] foreign id 623 -> kr 0xe00002f0 (other)
[sdst] foreign id 624 -> kr 0xe00002f0 (other)
[sdst] foreign id 625 -> kr 0xe00002f0 (other)
[sdst] foreign id 626 -> kr 0xe00002f0 (other)
[sdst] progress id 626 — foreign-accepted 0 refused 0 other 622 (own 4)
[sdst] foreign id 627 -> kr 0xe00002f0 (other)
[sdst] foreign id 628 -> kr 0xe00002f0 (other)
[sdst] foreign id 629 -> kr 0xe00002f0 (other)
[sdst] foreign id 630 -> kr 0xe00002f0 (other)
[sdst] foreign id 631 -> kr 0xe00002f0 (other)
[sdst] foreign id 632 -> kr 0xe00002f0 (other)
[sdst] foreign id 633 -> kr 0xe00002f0 (other)
[sdst] foreign id 634 -> kr 0xe00002f0 (other)
[sdst] foreign id 635 -> kr 0xe00002f0 (other)
[sdst] foreign id 636 -> kr 0xe00002f0 (other)
[sdst] foreign id 637 -> kr 0xe00002f0 (other)
[sdst] foreign id 638 -> kr 0xe00002f0 (other)
[sdst] foreign id 639 -> kr 0xe00002f0 (other)
[sdst] foreign id 640 -> kr 0xe00002f0 (other)
[sdst] foreign id 641 -> kr 0xe00002f0 (other)
[sdst] foreign id 642 -> kr 0xe00002f0 (other)
[sdst] foreign id 643 -> kr 0xe00002f0 (other)
[sdst] foreign id 644 -> kr 0xe00002f0 (other)
[sdst] foreign id 645 -> kr 0xe00002f0 (other)
[sdst] foreign id 646 -> kr 0xe00002f0 (other)
[sdst] foreign id 647 -> kr 0xe00002f0 (other)
[sdst] foreign id 648 -> kr 0xe00002f0 (other)
[sdst] foreign id 649 -> kr 0xe00002f0 (other)
[sdst] foreign id 650 -> kr 0xe00002f0 (other)
[sdst] foreign id 651 -> kr 0xe00002f0 (other)
[sdst] progress id 651 — foreign-accepted 0 refused 0 other 647 (own 4)
[sdst] foreign id 652 -> kr 0xe00002f0 (other)
[sdst] foreign id 653 -> kr 0xe00002f0 (other)
[sdst] foreign id 654 -> kr 0xe00002f0 (other)
[sdst] foreign id 655 -> kr 0xe00002f0 (other)
[sdst] foreign id 656 -> kr 0xe00002f0 (other)
[sdst] foreign id 657 -> kr 0xe00002f0 (other)
[sdst] foreign id 658 -> kr 0xe00002f0 (other)
[sdst] foreign id 659 -> kr 0xe00002f0 (other)
[sdst] foreign id 660 -> kr 0xe00002f0 (other)
[sdst] foreign id 661 -> kr 0xe00002f0 (other)
[sdst] foreign id 662 -> kr 0xe00002f0 (other)
[sdst] foreign id 663 -> kr 0xe00002f0 (other)
[sdst] foreign id 664 -> kr 0xe00002f0 (other)
[sdst] foreign id 665 -> kr 0xe00002f0 (other)
[sdst] foreign id 666 -> kr 0xe00002f0 (other)
[sdst] foreign id 667 -> kr 0xe00002f0 (other)
[sdst] foreign id 668 -> kr 0xe00002f0 (other)
[sdst] foreign id 669 -> kr 0xe00002f0 (other)
[sdst] foreign id 670 -> kr 0xe00002f0 (other)
[sdst] foreign id 671 -> kr 0xe00002f0 (other)
[sdst] foreign id 672 -> kr 0xe00002f0 (other)
[sdst] foreign id 673 -> kr 0xe00002f0 (other)
[sdst] foreign id 674 -> kr 0xe00002f0 (other)
[sdst] foreign id 675 -> kr 0xe00002f0 (other)
[sdst] foreign id 676 -> kr 0xe00002f0 (other)
[sdst] progress id 676 — foreign-accepted 0 refused 0 other 672 (own 4)
[sdst] foreign id 677 -> kr 0xe00002f0 (other)
[sdst] foreign id 678 -> kr 0xe00002f0 (other)
[sdst] foreign id 679 -> kr 0xe00002f0 (other)
[sdst] foreign id 680 -> kr 0xe00002f0 (other)
[sdst] foreign id 681 -> kr 0xe00002f0 (other)
[sdst] foreign id 682 -> kr 0xe00002f0 (other)
[sdst] foreign id 683 -> kr 0xe00002f0 (other)
[sdst] foreign id 684 -> kr 0xe00002f0 (other)
[sdst] foreign id 685 -> kr 0xe00002f0 (other)
[sdst] foreign id 686 -> kr 0xe00002f0 (other)
[sdst] foreign id 687 -> kr 0xe00002f0 (other)
[sdst] foreign id 688 -> kr 0xe00002f0 (other)
[sdst] foreign id 689 -> kr 0xe00002f0 (other)
[sdst] foreign id 690 -> kr 0xe00002f0 (other)
[sdst] foreign id 691 -> kr 0xe00002f0 (other)
[sdst] foreign id 692 -> kr 0xe00002f0 (other)
[sdst] foreign id 693 -> kr 0xe00002f0 (other)
[sdst] foreign id 694 -> kr 0xe00002f0 (other)
[sdst] foreign id 695 -> kr 0xe00002f0 (other)
[sdst] foreign id 696 -> kr 0xe00002f0 (other)
[sdst] foreign id 697 -> kr 0xe00002f0 (other)
[sdst] foreign id 698 -> kr 0xe00002f0 (other)
[sdst] foreign id 699 -> kr 0xe00002f0 (other)
[sdst] foreign id 700 -> kr 0xe00002f0 (other)
[sdst] foreign id 701 -> kr 0xe00002f0 (other)
[sdst] progress id 701 — foreign-accepted 0 refused 0 other 697 (own 4)
[sdst] foreign id 702 -> kr 0xe00002f0 (other)
[sdst] foreign id 703 -> kr 0xe00002f0 (other)
[sdst] foreign id 704 -> kr 0xe00002f0 (other)
[sdst] foreign id 705 -> kr 0xe00002f0 (other)
[sdst] foreign id 706 -> kr 0xe00002f0 (other)
[sdst] foreign id 707 -> kr 0xe00002f0 (other)
[sdst] foreign id 708 -> kr 0xe00002f0 (other)
[sdst] foreign id 709 -> kr 0xe00002f0 (other)
[sdst] foreign id 710 -> kr 0xe00002f0 (other)
[sdst] foreign id 711 -> kr 0xe00002f0 (other)
[sdst] foreign id 712 -> kr 0xe00002f0 (other)
[sdst] foreign id 713 -> kr 0xe00002f0 (other)
[sdst] foreign id 714 -> kr 0xe00002f0 (other)
[sdst] foreign id 715 -> kr 0xe00002f0 (other)
[sdst] foreign id 716 -> kr 0xe00002f0 (other)
[sdst] foreign id 717 -> kr 0xe00002f0 (other)
[sdst] foreign id 718 -> kr 0xe00002f0 (other)
[sdst] foreign id 719 -> kr 0xe00002f0 (other)
[sdst] foreign id 720 -> kr 0xe00002f0 (other)
[sdst] foreign id 721 -> kr 0xe00002f0 (other)
[sdst] foreign id 722 -> kr 0xe00002f0 (other)
[sdst] foreign id 723 -> kr 0xe00002f0 (other)
[sdst] foreign id 724 -> kr 0xe00002f0 (other)
[sdst] foreign id 725 -> kr 0xe00002f0 (other)
[sdst] foreign id 726 -> kr 0xe00002f0 (other)
[sdst] progress id 726 — foreign-accepted 0 refused 0 other 722 (own 4)
[sdst] foreign id 727 -> kr 0xe00002f0 (other)
[sdst] foreign id 728 -> kr 0xe00002f0 (other)
[sdst] foreign id 729 -> kr 0xe00002f0 (other)
[sdst] foreign id 730 -> kr 0xe00002f0 (other)
[sdst] foreign id 731 -> kr 0xe00002f0 (other)
[sdst] foreign id 732 -> kr 0xe00002f0 (other)
[sdst] foreign id 733 -> kr 0xe00002f0 (other)
[sdst] foreign id 734 -> kr 0xe00002f0 (other)
[sdst] foreign id 735 -> kr 0xe00002f0 (other)
[sdst] foreign id 736 -> kr 0xe00002f0 (other)
[sdst] foreign id 737 -> kr 0xe00002f0 (other)
[sdst] foreign id 738 -> kr 0xe00002f0 (other)
[sdst] foreign id 739 -> kr 0xe00002f0 (other)
[sdst] foreign id 740 -> kr 0xe00002f0 (other)
[sdst] foreign id 741 -> kr 0xe00002f0 (other)
[sdst] foreign id 742 -> kr 0xe00002f0 (other)
[sdst] foreign id 743 -> kr 0xe00002f0 (other)
[sdst] foreign id 744 -> kr 0xe00002f0 (other)
[sdst] foreign id 745 -> kr 0xe00002f0 (other)
[sdst] foreign id 746 -> kr 0xe00002f0 (other)
[sdst] foreign id 747 -> kr 0xe00002f0 (other)
[sdst] foreign id 748 -> kr 0xe00002f0 (other)
[sdst] foreign id 749 -> kr 0xe00002f0 (other)
[sdst] foreign id 750 -> kr 0xe00002f0 (other)
[sdst] foreign id 751 -> kr 0xe00002f0 (other)
[sdst] progress id 751 — foreign-accepted 0 refused 0 other 747 (own 4)
[sdst] foreign id 752 -> kr 0xe00002f0 (other)
[sdst] foreign id 753 -> kr 0xe00002f0 (other)
[sdst] foreign id 754 -> kr 0xe00002f0 (other)
[sdst] foreign id 755 -> kr 0xe00002f0 (other)
[sdst] foreign id 756 -> kr 0xe00002f0 (other)
[sdst] foreign id 757 -> kr 0xe00002f0 (other)
[sdst] foreign id 758 -> kr 0xe00002f0 (other)
[sdst] foreign id 759 -> kr 0xe00002f0 (other)
[sdst] foreign id 760 -> kr 0xe00002f0 (other)
[sdst] foreign id 761 -> kr 0xe00002f0 (other)
[sdst] foreign id 762 -> kr 0xe00002f0 (other)
[sdst] foreign id 763 -> kr 0xe00002f0 (other)
[sdst] foreign id 764 -> kr 0xe00002f0 (other)
[sdst] foreign id 765 -> kr 0xe00002f0 (other)
[sdst] foreign id 766 -> kr 0xe00002f0 (other)
[sdst] foreign id 767 -> kr 0xe00002f0 (other)
[sdst] foreign id 768 -> kr 0xe00002f0 (other)
[sdst] foreign id 769 -> kr 0xe00002f0 (other)
[sdst] foreign id 770 -> kr 0xe00002f0 (other)
[sdst] foreign id 771 -> kr 0xe00002f0 (other)
[sdst] foreign id 772 -> kr 0xe00002f0 (other)
[sdst] foreign id 773 -> kr 0xe00002f0 (other)
[sdst] foreign id 774 -> kr 0xe00002f0 (other)
[sdst] foreign id 775 -> kr 0xe00002f0 (other)
[sdst] foreign id 776 -> kr 0xe00002f0 (other)
[sdst] progress id 776 — foreign-accepted 0 refused 0 other 772 (own 4)
[sdst] foreign id 777 -> kr 0xe00002f0 (other)
[sdst] foreign id 778 -> kr 0xe00002f0 (other)
[sdst] foreign id 779 -> kr 0xe00002f0 (other)
[sdst] foreign id 780 -> kr 0xe00002f0 (other)
[sdst] foreign id 781 -> kr 0xe00002f0 (other)
[sdst] foreign id 782 -> kr 0xe00002f0 (other)
[sdst] foreign id 783 -> kr 0xe00002f0 (other)
[sdst] foreign id 784 -> kr 0xe00002f0 (other)
[sdst] foreign id 785 -> kr 0xe00002f0 (other)
[sdst] foreign id 786 -> kr 0xe00002f0 (other)
[sdst] foreign id 787 -> kr 0xe00002f0 (other)
[sdst] foreign id 788 -> kr 0xe00002f0 (other)
[sdst] foreign id 789 -> kr 0xe00002f0 (other)
[sdst] foreign id 790 -> kr 0xe00002f0 (other)
[sdst] foreign id 791 -> kr 0xe00002f0 (other)
[sdst] foreign id 792 -> kr 0xe00002f0 (other)
[sdst] foreign id 793 -> kr 0xe00002f0 (other)
[sdst] foreign id 794 -> kr 0xe00002f0 (other)
[sdst] foreign id 795 -> kr 0xe00002f0 (other)
[sdst] foreign id 796 -> kr 0xe00002f0 (other)
[sdst] foreign id 797 -> kr 0xe00002f0 (other)
[sdst] foreign id 798 -> kr 0xe00002f0 (other)
[sdst] foreign id 799 -> kr 0xe00002f0 (other)
[sdst] foreign id 800 -> kr 0xe00002f0 (other)
[sdst] foreign id 801 -> kr 0xe00002f0 (other)
[sdst] progress id 801 — foreign-accepted 0 refused 0 other 797 (own 4)
[sdst] foreign id 802 -> kr 0xe00002f0 (other)
[sdst] foreign id 803 -> kr 0xe00002f0 (other)
[sdst] foreign id 804 -> kr 0xe00002f0 (other)
[sdst] foreign id 805 -> kr 0xe00002f0 (other)
[sdst] foreign id 806 -> kr 0xe00002f0 (other)
[sdst] foreign id 807 -> kr 0xe00002f0 (other)
[sdst] foreign id 808 -> kr 0xe00002f0 (other)
[sdst] foreign id 809 -> kr 0xe00002f0 (other)
[sdst] foreign id 810 -> kr 0xe00002f0 (other)
[sdst] foreign id 811 -> kr 0xe00002f0 (other)
[sdst] foreign id 812 -> kr 0xe00002f0 (other)
[sdst] foreign id 813 -> kr 0xe00002f0 (other)
[sdst] foreign id 814 -> kr 0xe00002f0 (other)
[sdst] foreign id 815 -> kr 0xe00002f0 (other)
[sdst] foreign id 816 -> kr 0xe00002f0 (other)
[sdst] foreign id 817 -> kr 0xe00002f0 (other)
[sdst] foreign id 818 -> kr 0xe00002f0 (other)
[sdst] foreign id 819 -> kr 0xe00002f0 (other)
[sdst] foreign id 820 -> kr 0xe00002f0 (other)
[sdst] foreign id 821 -> kr 0xe00002f0 (other)
[sdst] foreign id 822 -> kr 0xe00002f0 (other)
[sdst] foreign id 823 -> kr 0xe00002f0 (other)
[sdst] foreign id 824 -> kr 0xe00002f0 (other)
[sdst] foreign id 825 -> kr 0xe00002f0 (other)
[sdst] foreign id 826 -> kr 0xe00002f0 (other)
[sdst] progress id 826 — foreign-accepted 0 refused 0 other 822 (own 4)
[sdst] foreign id 827 -> kr 0xe00002f0 (other)
[sdst] foreign id 828 -> kr 0xe00002f0 (other)
[sdst] foreign id 829 -> kr 0xe00002f0 (other)
[sdst] foreign id 830 -> kr 0xe00002f0 (other)
[sdst] foreign id 831 -> kr 0xe00002f0 (other)
[sdst] foreign id 832 -> kr 0xe00002f0 (other)
[sdst] foreign id 833 -> kr 0xe00002f0 (other)
[sdst] foreign id 834 -> kr 0xe00002f0 (other)
[sdst] foreign id 835 -> kr 0xe00002f0 (other)
[sdst] foreign id 836 -> kr 0xe00002f0 (other)
[sdst] foreign id 837 -> kr 0xe00002f0 (other)
[sdst] foreign id 838 -> kr 0xe00002f0 (other)
[sdst] foreign id 839 -> kr 0xe00002f0 (other)
[sdst] foreign id 840 -> kr 0xe00002f0 (other)
[sdst] foreign id 841 -> kr 0xe00002f0 (other)
[sdst] foreign id 842 -> kr 0xe00002f0 (other)
[sdst] foreign id 843 -> kr 0xe00002f0 (other)
[sdst] foreign id 844 -> kr 0xe00002f0 (other)
[sdst] foreign id 845 -> kr 0xe00002f0 (other)
[sdst] foreign id 846 -> kr 0xe00002f0 (other)
[sdst] foreign id 847 -> kr 0xe00002f0 (other)
[sdst] foreign id 848 -> kr 0xe00002f0 (other)
[sdst] foreign id 849 -> kr 0xe00002f0 (other)
[sdst] foreign id 850 -> kr 0xe00002f0 (other)
[sdst] foreign id 851 -> kr 0xe00002f0 (other)
[sdst] progress id 851 — foreign-accepted 0 refused 0 other 847 (own 4)
[sdst] foreign id 852 -> kr 0xe00002f0 (other)
[sdst] foreign id 853 -> kr 0xe00002f0 (other)
[sdst] foreign id 854 -> kr 0xe00002f0 (other)
[sdst] foreign id 855 -> kr 0xe00002f0 (other)
[sdst] foreign id 856 -> kr 0xe00002f0 (other)
[sdst] foreign id 857 -> kr 0xe00002f0 (other)
[sdst] foreign id 858 -> kr 0xe00002f0 (other)
[sdst] foreign id 859 -> kr 0xe00002f0 (other)
[sdst] foreign id 860 -> kr 0xe00002f0 (other)
[sdst] foreign id 861 -> kr 0xe00002f0 (other)
[sdst] foreign id 862 -> kr 0xe00002f0 (other)
[sdst] foreign id 863 -> kr 0xe00002f0 (other)
[sdst] foreign id 864 -> kr 0xe00002f0 (other)
[sdst] foreign id 865 -> kr 0xe00002f0 (other)
[sdst] foreign id 866 -> kr 0xe00002f0 (other)
[sdst] foreign id 867 -> kr 0xe00002f0 (other)
[sdst] foreign id 868 -> kr 0xe00002f0 (other)
[sdst] foreign id 869 -> kr 0xe00002f0 (other)
[sdst] foreign id 870 -> kr 0xe00002f0 (other)
[sdst] foreign id 871 -> kr 0xe00002f0 (other)
[sdst] foreign id 872 -> kr 0xe00002f0 (other)
[sdst] foreign id 873 -> kr 0xe00002f0 (other)
[sdst] foreign id 874 -> kr 0xe00002f0 (other)
[sdst] foreign id 875 -> kr 0xe00002f0 (other)
[sdst] foreign id 876 -> kr 0xe00002f0 (other)
[sdst] progress id 876 — foreign-accepted 0 refused 0 other 872 (own 4)
[sdst] foreign id 877 -> kr 0xe00002f0 (other)
[sdst] foreign id 878 -> kr 0xe00002f0 (other)
[sdst] foreign id 879 -> kr 0xe00002f0 (other)
[sdst] foreign id 880 -> kr 0xe00002f0 (other)
[sdst] foreign id 881 -> kr 0xe00002f0 (other)
[sdst] foreign id 882 -> kr 0xe00002f0 (other)
[sdst] foreign id 883 -> kr 0xe00002f0 (other)
[sdst] foreign id 884 -> kr 0xe00002f0 (other)
[sdst] foreign id 885 -> kr 0xe00002f0 (other)
[sdst] foreign id 886 -> kr 0xe00002f0 (other)
[sdst] foreign id 887 -> kr 0xe00002f0 (other)
[sdst] foreign id 888 -> kr 0xe00002f0 (other)
[sdst] foreign id 889 -> kr 0xe00002f0 (other)
[sdst] foreign id 890 -> kr 0xe00002f0 (other)
[sdst] foreign id 891 -> kr 0xe00002f0 (other)
[sdst] foreign id 892 -> kr 0xe00002f0 (other)
[sdst] foreign id 893 -> kr 0xe00002f0 (other)
[sdst] foreign id 894 -> kr 0xe00002f0 (other)
[sdst] foreign id 895 -> kr 0xe00002f0 (other)
[sdst] foreign id 896 -> kr 0xe00002f0 (other)
[sdst] foreign id 897 -> kr 0xe00002f0 (other)
[sdst] foreign id 898 -> kr 0xe00002f0 (other)
[sdst] foreign id 899 -> kr 0xe00002f0 (other)
[sdst] foreign id 900 -> kr 0xe00002f0 (other)
[sdst] foreign id 901 -> kr 0xe00002f0 (other)
[sdst] progress id 901 — foreign-accepted 0 refused 0 other 897 (own 4)
[sdst] foreign id 902 -> kr 0xe00002f0 (other)
[sdst] foreign id 903 -> kr 0xe00002f0 (other)
[sdst] foreign id 904 -> kr 0xe00002f0 (other)
[sdst] foreign id 905 -> kr 0xe00002f0 (other)
[sdst] foreign id 906 -> kr 0xe00002f0 (other)
[sdst] foreign id 907 -> kr 0xe00002f0 (other)
[sdst] foreign id 908 -> kr 0xe00002f0 (other)
[sdst] foreign id 909 -> kr 0xe00002f0 (other)
[sdst] foreign id 910 -> kr 0xe00002f0 (other)
[sdst] foreign id 911 -> kr 0xe00002f0 (other)
[sdst] foreign id 912 -> kr 0xe00002f0 (other)
[sdst] foreign id 913 -> kr 0xe00002f0 (other)
[sdst] foreign id 914 -> kr 0xe00002f0 (other)
[sdst] foreign id 915 -> kr 0xe00002f0 (other)
[sdst] foreign id 916 -> kr 0xe00002f0 (other)
[sdst] foreign id 917 -> kr 0xe00002f0 (other)
[sdst] foreign id 918 -> kr 0xe00002f0 (other)
[sdst] foreign id 919 -> kr 0xe00002f0 (other)
[sdst] foreign id 920 -> kr 0xe00002f0 (other)
[sdst] foreign id 921 -> kr 0xe00002f0 (other)
[sdst] foreign id 922 -> kr 0xe00002f0 (other)
[sdst] foreign id 923 -> kr 0xe00002f0 (other)
[sdst] foreign id 924 -> kr 0xe00002f0 (other)
[sdst] foreign id 925 -> kr 0xe00002f0 (other)
[sdst] foreign id 926 -> kr 0xe00002f0 (other)
[sdst] progress id 926 — foreign-accepted 0 refused 0 other 922 (own 4)
[sdst] foreign id 927 -> kr 0xe00002f0 (other)
[sdst] foreign id 928 -> kr 0xe00002f0 (other)
[sdst] foreign id 929 -> kr 0xe00002f0 (other)
[sdst] foreign id 930 -> kr 0xe00002f0 (other)
[sdst] foreign id 931 -> kr 0xe00002f0 (other)
[sdst] foreign id 932 -> kr 0xe00002f0 (other)
[sdst] foreign id 933 -> kr 0xe00002f0 (other)
[sdst] foreign id 934 -> kr 0xe00002f0 (other)
[sdst] foreign id 935 -> kr 0xe00002f0 (other)
[sdst] foreign id 936 -> kr 0xe00002f0 (other)
[sdst] foreign id 937 -> kr 0xe00002f0 (other)
[sdst] foreign id 938 -> kr 0xe00002f0 (other)
[sdst] foreign id 939 -> kr 0xe00002f0 (other)
[sdst] foreign id 940 -> kr 0xe00002f0 (other)
[sdst] foreign id 941 -> kr 0xe00002f0 (other)
[sdst] foreign id 942 -> kr 0xe00002f0 (other)
[sdst] foreign id 943 -> kr 0xe00002f0 (other)
[sdst] foreign id 944 -> kr 0xe00002f0 (other)
[sdst] foreign id 945 -> kr 0xe00002f0 (other)
[sdst] foreign id 946 -> kr 0xe00002f0 (other)
[sdst] foreign id 947 -> kr 0xe00002f0 (other)
[sdst] foreign id 948 -> kr 0xe00002f0 (other)
[sdst] foreign id 949 -> kr 0xe00002f0 (other)
[sdst] foreign id 950 -> kr 0xe00002f0 (other)
[sdst] foreign id 951 -> kr 0xe00002f0 (other)
[sdst] progress id 951 — foreign-accepted 0 refused 0 other 947 (own 4)
[sdst] foreign id 952 -> kr 0xe00002f0 (other)
[sdst] foreign id 953 -> kr 0xe00002f0 (other)
[sdst] foreign id 954 -> kr 0xe00002f0 (other)
[sdst] foreign id 955 -> kr 0xe00002f0 (other)
[sdst] foreign id 956 -> kr 0xe00002f0 (other)
[sdst] foreign id 957 -> kr 0xe00002f0 (other)
[sdst] foreign id 958 -> kr 0xe00002f0 (other)
[sdst] foreign id 959 -> kr 0xe00002f0 (other)
[sdst] foreign id 960 -> kr 0xe00002f0 (other)
[sdst] foreign id 961 -> kr 0xe00002f0 (other)
[sdst] foreign id 962 -> kr 0xe00002f0 (other)
[sdst] foreign id 963 -> kr 0xe00002f0 (other)
[sdst] foreign id 964 -> kr 0xe00002f0 (other)
[sdst] foreign id 965 -> kr 0xe00002f0 (other)
[sdst] foreign id 966 -> kr 0xe00002f0 (other)
[sdst] foreign id 967 -> kr 0xe00002f0 (other)
[sdst] foreign id 968 -> kr 0xe00002f0 (other)
[sdst] foreign id 969 -> kr 0xe00002f0 (other)
[sdst] foreign id 970 -> kr 0xe00002f0 (other)
[sdst] foreign id 971 -> kr 0xe00002f0 (other)
[sdst] foreign id 972 -> kr 0xe00002f0 (other)
[sdst] foreign id 973 -> kr 0xe00002f0 (other)
[sdst] foreign id 974 -> kr 0xe00002f0 (other)
[sdst] foreign id 975 -> kr 0xe00002f0 (other)
[sdst] foreign id 976 -> kr 0xe00002f0 (other)
[sdst] progress id 976 — foreign-accepted 0 refused 0 other 972 (own 4)
[sdst] foreign id 977 -> kr 0xe00002f0 (other)
[sdst] foreign id 978 -> kr 0xe00002f0 (other)
[sdst] foreign id 979 -> kr 0xe00002f0 (other)
[sdst] foreign id 980 -> kr 0xe00002f0 (other)
[sdst] foreign id 981 -> kr 0xe00002f0 (other)
[sdst] foreign id 982 -> kr 0xe00002f0 (other)
[sdst] foreign id 983 -> kr 0xe00002f0 (other)
[sdst] foreign id 984 -> kr 0xe00002f0 (other)
[sdst] foreign id 985 -> kr 0xe00002f0 (other)
[sdst] foreign id 986 -> kr 0xe00002f0 (other)
[sdst] foreign id 987 -> kr 0xe00002f0 (other)
[sdst] foreign id 988 -> kr 0xe00002f0 (other)
[sdst] foreign id 989 -> kr 0xe00002f0 (other)
[sdst] foreign id 990 -> kr 0xe00002f0 (other)
[sdst] foreign id 991 -> kr 0xe00002f0 (other)
[sdst] foreign id 992 -> kr 0xe00002f0 (other)
[sdst] foreign id 993 -> kr 0xe00002f0 (other)
[sdst] foreign id 994 -> kr 0xe00002f0 (other)
[sdst] foreign id 995 -> kr 0xe00002f0 (other)
[sdst] foreign id 996 -> kr 0xe00002f0 (other)
[sdst] foreign id 997 -> kr 0xe00002f0 (other)
[sdst] foreign id 998 -> kr 0xe00002f0 (other)
[sdst] foreign id 999 -> kr 0xe00002f0 (other)
[sdst] foreign id 1000 -> kr 0xe00002f0 (other)
[sdst] foreign id 1001 -> kr 0xe00002f0 (other)
[sdst] progress id 1001 — foreign-accepted 0 refused 0 other 997 (own 4)
[sdst] foreign id 1002 -> kr 0xe00002f0 (other)
[sdst] foreign id 1003 -> kr 0xe00002f0 (other)
[sdst] foreign id 1004 -> kr 0xe00002f0 (other)
[sdst] foreign id 1005 -> kr 0xe00002f0 (other)
[sdst] foreign id 1006 -> kr 0xe00002f0 (other)
[sdst] foreign id 1007 -> kr 0xe00002f0 (other)
[sdst] foreign id 1008 -> kr 0xe00002f0 (other)
[sdst] foreign id 1009 -> kr 0xe00002f0 (other)
[sdst] foreign id 1010 -> kr 0xe00002f0 (other)
[sdst] foreign id 1011 -> kr 0xe00002f0 (other)
[sdst] foreign id 1012 -> kr 0xe00002f0 (other)
[sdst] foreign id 1013 -> kr 0xe00002f0 (other)
[sdst] foreign id 1014 -> kr 0xe00002f0 (other)
[sdst] foreign id 1015 -> kr 0xe00002f0 (other)
[sdst] foreign id 1016 -> kr 0xe00002f0 (other)
[sdst] foreign id 1017 -> kr 0xe00002f0 (other)
[sdst] foreign id 1018 -> kr 0xe00002f0 (other)
[sdst] foreign id 1019 -> kr 0xe00002f0 (other)
[sdst] foreign id 1020 -> kr 0xe00002f0 (other)
[sdst] foreign id 1021 -> kr 0xe00002f0 (other)
[sdst] foreign id 1022 -> kr 0xe00002f0 (other)
[sdst] foreign id 1023 -> kr 0xe00002f0 (other)
[sdst] foreign id 1024 -> kr 0xe00002f0 (other)
[sdst] foreign id 1025 -> kr 0xe00002f0 (other)
[sdst] foreign id 1026 -> kr 0xe00002f0 (other)
[sdst] progress id 1026 — foreign-accepted 0 refused 0 other 1022 (own 4)
[sdst] foreign id 1027 -> kr 0xe00002f0 (other)
[sdst] foreign id 1028 -> kr 0xe00002f0 (other)
[sdst] foreign id 1029 -> kr 0xe00002f0 (other)
[sdst] foreign id 1030 -> kr 0xe00002f0 (other)
[sdst] foreign id 1031 -> kr 0xe00002f0 (other)
[sdst] foreign id 1032 -> kr 0xe00002f0 (other)
[sdst] foreign id 1033 -> kr 0xe00002f0 (other)
[sdst] foreign id 1034 -> kr 0xe00002f0 (other)
[sdst] foreign id 1035 -> kr 0xe00002f0 (other)
[sdst] foreign id 1036 -> kr 0xe00002f0 (other)
[sdst] foreign id 1037 -> kr 0xe00002f0 (other)
[sdst] foreign id 1038 -> kr 0xe00002f0 (other)
[sdst] foreign id 1039 -> kr 0xe00002f0 (other)
[sdst] foreign id 1040 -> kr 0xe00002f0 (other)
[sdst] foreign id 1041 -> kr 0xe00002f0 (other)
[sdst] foreign id 1042 -> kr 0xe00002f0 (other)
[sdst] foreign id 1043 -> kr 0xe00002f0 (other)
[sdst] foreign id 1044 -> kr 0xe00002f0 (other)
[sdst] foreign id 1045 -> kr 0xe00002f0 (other)
[sdst] foreign id 1046 -> kr 0xe00002f0 (other)
[sdst] foreign id 1047 -> kr 0xe00002f0 (other)
[sdst] foreign id 1048 -> kr 0xe00002f0 (other)
[sdst] foreign id 1049 -> kr 0xe00002f0 (other)
[sdst] foreign id 1050 -> kr 0xe00002f0 (other)
[sdst] foreign id 1051 -> kr 0xe00002f0 (other)
[sdst] progress id 1051 — foreign-accepted 0 refused 0 other 1047 (own 4)
[sdst] foreign id 1052 -> kr 0xe00002f0 (other)
[sdst] foreign id 1053 -> kr 0xe00002f0 (other)
[sdst] foreign id 1054 -> kr 0xe00002f0 (other)
[sdst] foreign id 1055 -> kr 0xe00002f0 (other)
[sdst] foreign id 1056 -> kr 0xe00002f0 (other)
[sdst] foreign id 1057 -> kr 0xe00002f0 (other)
[sdst] foreign id 1058 -> kr 0xe00002f0 (other)
[sdst] foreign id 1059 -> kr 0xe00002f0 (other)
[sdst] foreign id 1060 -> kr 0xe00002f0 (other)
[sdst] foreign id 1061 -> kr 0xe00002f0 (other)
[sdst] foreign id 1062 -> kr 0xe00002f0 (other)
[sdst] foreign id 1063 -> kr 0xe00002f0 (other)
[sdst] foreign id 1064 -> kr 0xe00002f0 (other)
[sdst] foreign id 1065 -> kr 0xe00002f0 (other)
[sdst] foreign id 1066 -> kr 0xe00002f0 (other)
[sdst] foreign id 1067 -> kr 0xe00002f0 (other)
[sdst] foreign id 1068 -> kr 0xe00002f0 (other)
[sdst] foreign id 1069 -> kr 0xe00002f0 (other)
[sdst] foreign id 1070 -> kr 0xe00002f0 (other)
[sdst] foreign id 1071 -> kr 0xe00002f0 (other)
[sdst] foreign id 1072 -> kr 0xe00002f0 (other)
[sdst] foreign id 1073 -> kr 0xe00002f0 (other)
[sdst] foreign id 1074 -> kr 0xe00002f0 (other)
[sdst] foreign id 1075 -> kr 0xe00002f0 (other)
[sdst] foreign id 1076 -> kr 0xe00002f0 (other)
[sdst] progress id 1076 — foreign-accepted 0 refused 0 other 1072 (own 4)
[sdst] foreign id 1077 -> kr 0xe00002f0 (other)
[sdst] foreign id 1078 -> kr 0xe00002f0 (other)
[sdst] foreign id 1079 -> kr 0xe00002f0 (other)
[sdst] foreign id 1080 -> kr 0xe00002f0 (other)
[sdst] foreign id 1081 -> kr 0xe00002f0 (other)
[sdst] foreign id 1082 -> kr 0xe00002f0 (other)
[sdst] foreign id 1083 -> kr 0xe00002f0 (other)
[sdst] foreign id 1084 -> kr 0xe00002f0 (other)
[sdst] foreign id 1085 -> kr 0xe00002f0 (other)
[sdst] foreign id 1086 -> kr 0xe00002f0 (other)
[sdst] foreign id 1087 -> kr 0xe00002f0 (other)
[sdst] foreign id 1088 -> kr 0xe00002f0 (other)
[sdst] foreign id 1089 -> kr 0xe00002f0 (other)
[sdst] foreign id 1090 -> kr 0xe00002f0 (other)
[sdst] foreign id 1091 -> kr 0xe00002f0 (other)
[sdst] foreign id 1092 -> kr 0xe00002f0 (other)
[sdst] foreign id 1093 -> kr 0xe00002f0 (other)
[sdst] foreign id 1094 -> kr 0xe00002f0 (other)
[sdst] foreign id 1095 -> kr 0xe00002f0 (other)
[sdst] foreign id 1096 -> kr 0xe00002f0 (other)
[sdst] foreign id 1097 -> kr 0xe00002f0 (other)
[sdst] foreign id 1098 -> kr 0xe00002f0 (other)
[sdst] foreign id 1099 -> kr 0xe00002f0 (other)
[sdst] foreign id 1100 -> kr 0xe00002f0 (other)
[sdst] foreign id 1101 -> kr 0xe00002f0 (other)
[sdst] progress id 1101 — foreign-accepted 0 refused 0 other 1097 (own 4)
[sdst] foreign id 1102 -> kr 0xe00002f0 (other)
[sdst] foreign id 1103 -> kr 0xe00002f0 (other)
[sdst] foreign id 1104 -> kr 0xe00002f0 (other)
[sdst] foreign id 1105 -> kr 0xe00002f0 (other)
[sdst] foreign id 1106 -> kr 0xe00002f0 (other)
[sdst] foreign id 1107 -> kr 0xe00002f0 (other)
[sdst] foreign id 1108 -> kr 0xe00002f0 (other)
[sdst] foreign id 1109 -> kr 0xe00002f0 (other)
[sdst] foreign id 1110 -> kr 0xe00002f0 (other)
[sdst] foreign id 1111 -> kr 0xe00002f0 (other)
[sdst] foreign id 1112 -> kr 0xe00002f0 (other)
[sdst] foreign id 1113 -> kr 0xe00002f0 (other)
[sdst] foreign id 1114 -> kr 0xe00002f0 (other)
[sdst] foreign id 1115 -> kr 0xe00002f0 (other)
[sdst] foreign id 1116 -> kr 0xe00002f0 (other)
[sdst] foreign id 1117 -> kr 0xe00002f0 (other)
[sdst] foreign id 1118 -> kr 0xe00002f0 (other)
[sdst] foreign id 1119 -> kr 0xe00002f0 (other)
[sdst] foreign id 1120 -> kr 0xe00002f0 (other)
[sdst] foreign id 1121 -> kr 0xe00002f0 (other)
[sdst] foreign id 1122 -> kr 0xe00002f0 (other)
[sdst] foreign id 1123 -> kr 0xe00002f0 (other)
[sdst] foreign id 1124 -> kr 0xe00002f0 (other)
[sdst] foreign id 1125 -> kr 0xe00002f0 (other)
[sdst] foreign id 1126 -> kr 0xe00002f0 (other)
[sdst] progress id 1126 — foreign-accepted 0 refused 0 other 1122 (own 4)
[sdst] foreign id 1127 -> kr 0xe00002f0 (other)
[sdst] foreign id 1128 -> kr 0xe00002f0 (other)
[sdst] foreign id 1129 -> kr 0xe00002f0 (other)
[sdst] foreign id 1130 -> kr 0xe00002f0 (other)
[sdst] foreign id 1131 -> kr 0xe00002f0 (other)
[sdst] foreign id 1132 -> kr 0xe00002f0 (other)
[sdst] foreign id 1133 -> kr 0xe00002f0 (other)
[sdst] foreign id 1134 -> kr 0xe00002f0 (other)
[sdst] foreign id 1135 -> kr 0xe00002f0 (other)
[sdst] foreign id 1136 -> kr 0xe00002f0 (other)
[sdst] foreign id 1137 -> kr 0xe00002f0 (other)
[sdst] foreign id 1138 -> kr 0xe00002f0 (other)
[sdst] foreign id 1139 -> kr 0xe00002f0 (other)
[sdst] foreign id 1140 -> kr 0xe00002f0 (other)
[sdst] foreign id 1141 -> kr 0xe00002f0 (other)
[sdst] foreign id 1142 -> kr 0xe00002f0 (other)
[sdst] foreign id 1143 -> kr 0xe00002f0 (other)
[sdst] foreign id 1144 -> kr 0xe00002f0 (other)
[sdst] foreign id 1145 -> kr 0xe00002f0 (other)
[sdst] foreign id 1146 -> kr 0xe00002f0 (other)
[sdst] foreign id 1147 -> kr 0xe00002f0 (other)
[sdst] foreign id 1148 -> kr 0xe00002f0 (other)
[sdst] foreign id 1149 -> kr 0xe00002f0 (other)
[sdst] foreign id 1150 -> kr 0xe00002f0 (other)
[sdst] foreign id 1151 -> kr 0xe00002f0 (other)
[sdst] progress id 1151 — foreign-accepted 0 refused 0 other 1147 (own 4)
[sdst] foreign id 1152 -> kr 0xe00002f0 (other)
[sdst] foreign id 1153 -> kr 0xe00002f0 (other)
[sdst] foreign id 1154 -> kr 0xe00002f0 (other)
[sdst] foreign id 1155 -> kr 0xe00002f0 (other)
[sdst] foreign id 1156 -> kr 0xe00002f0 (other)
[sdst] foreign id 1157 -> kr 0xe00002f0 (other)
[sdst] foreign id 1158 -> kr 0xe00002f0 (other)
[sdst] foreign id 1159 -> kr 0xe00002f0 (other)
[sdst] foreign id 1160 -> kr 0xe00002f0 (other)
[sdst] foreign id 1161 -> kr 0xe00002f0 (other)
[sdst] foreign id 1162 -> kr 0xe00002f0 (other)
[sdst] foreign id 1163 -> kr 0xe00002f0 (other)
[sdst] foreign id 1164 -> kr 0xe00002f0 (other)
[sdst] foreign id 1165 -> kr 0xe00002f0 (other)
[sdst] foreign id 1166 -> kr 0xe00002f0 (other)
[sdst] foreign id 1167 -> kr 0xe00002f0 (other)
[sdst] foreign id 1168 -> kr 0xe00002f0 (other)
[sdst] foreign id 1169 -> kr 0xe00002f0 (other)
[sdst] foreign id 1170 -> kr 0xe00002f0 (other)
[sdst] foreign id 1171 -> kr 0xe00002f0 (other)
[sdst] foreign id 1172 -> kr 0xe00002f0 (other)
[sdst] foreign id 1173 -> kr 0xe00002f0 (other)
[sdst] foreign id 1174 -> kr 0xe00002f0 (other)
[sdst] foreign id 1175 -> kr 0xe00002f0 (other)
[sdst] foreign id 1176 -> kr 0xe00002f0 (other)
[sdst] progress id 1176 — foreign-accepted 0 refused 0 other 1172 (own 4)
[sdst] foreign id 1177 -> kr 0xe00002f0 (other)
[sdst] foreign id 1178 -> kr 0xe00002f0 (other)
[sdst] foreign id 1179 -> kr 0xe00002f0 (other)
[sdst] foreign id 1180 -> kr 0xe00002f0 (other)
[sdst] foreign id 1181 -> kr 0xe00002f0 (other)
[sdst] foreign id 1182 -> kr 0xe00002f0 (other)
[sdst] foreign id 1183 -> kr 0xe00002f0 (other)
[sdst] foreign id 1184 -> kr 0xe00002f0 (other)
[sdst] foreign id 1185 -> kr 0xe00002f0 (other)
[sdst] foreign id 1186 -> kr 0xe00002f0 (other)
[sdst] foreign id 1187 -> kr 0xe00002f0 (other)
[sdst] foreign id 1188 -> kr 0xe00002f0 (other)
[sdst] foreign id 1189 -> kr 0xe00002f0 (other)
[sdst] foreign id 1190 -> kr 0xe00002f0 (other)
[sdst] foreign id 1191 -> kr 0xe00002f0 (other)
[sdst] foreign id 1192 -> kr 0xe00002f0 (other)
[sdst] foreign id 1193 -> kr 0xe00002f0 (other)
[sdst] foreign id 1194 -> kr 0xe00002f0 (other)
[sdst] foreign id 1195 -> kr 0xe00002f0 (other)
[sdst] foreign id 1196 -> kr 0xe00002f0 (other)
[sdst] foreign id 1197 -> kr 0xe00002f0 (other)
[sdst] foreign id 1198 -> kr 0xe00002f0 (other)
[sdst] foreign id 1199 -> kr 0xe00002f0 (other)
[sdst] foreign id 1200 -> kr 0xe00002f0 (other)
[sdst] foreign id 1201 -> kr 0xe00002f0 (other)
[sdst] progress id 1201 — foreign-accepted 0 refused 0 other 1197 (own 4)
[sdst] foreign id 1202 -> kr 0xe00002f0 (other)
[sdst] foreign id 1203 -> kr 0xe00002f0 (other)
[sdst] foreign id 1204 -> kr 0xe00002f0 (other)
[sdst] foreign id 1205 -> kr 0xe00002f0 (other)
[sdst] foreign id 1206 -> kr 0xe00002f0 (other)
[sdst] foreign id 1207 -> kr 0xe00002f0 (other)
[sdst] foreign id 1208 -> kr 0xe00002f0 (other)
[sdst] foreign id 1209 -> kr 0xe00002f0 (other)
[sdst] foreign id 1210 -> kr 0xe00002f0 (other)
[sdst] foreign id 1211 -> kr 0xe00002f0 (other)
[sdst] foreign id 1212 -> kr 0xe00002f0 (other)
[sdst] foreign id 1213 -> kr 0xe00002f0 (other)
[sdst] foreign id 1214 -> kr 0xe00002f0 (other)
[sdst] foreign id 1215 -> kr 0xe00002f0 (other)
[sdst] foreign id 1216 -> kr 0xe00002f0 (other)
[sdst] foreign id 1217 -> kr 0xe00002f0 (other)
[sdst] foreign id 1218 -> kr 0xe00002f0 (other)
[sdst] foreign id 1219 -> kr 0xe00002f0 (other)
[sdst] foreign id 1220 -> kr 0xe00002f0 (other)
[sdst] foreign id 1221 -> kr 0xe00002f0 (other)
[sdst] foreign id 1222 -> kr 0xe00002f0 (other)
[sdst] foreign id 1223 -> kr 0xe00002f0 (other)
[sdst] foreign id 1224 -> kr 0xe00002f0 (other)
[sdst] foreign id 1225 -> kr 0xe00002f0 (other)
[sdst] foreign id 1226 -> kr 0xe00002f0 (other)
[sdst] progress id 1226 — foreign-accepted 0 refused 0 other 1222 (own 4)
[sdst] foreign id 1227 -> kr 0xe00002f0 (other)
[sdst] foreign id 1228 -> kr 0xe00002f0 (other)
[sdst] foreign id 1229 -> kr 0xe00002f0 (other)
[sdst] foreign id 1230 -> kr 0xe00002f0 (other)
[sdst] foreign id 1231 -> kr 0xe00002f0 (other)
[sdst] foreign id 1232 -> kr 0xe00002f0 (other)
[sdst] foreign id 1233 -> kr 0xe00002f0 (other)
[sdst] foreign id 1234 -> kr 0xe00002f0 (other)
[sdst] foreign id 1235 -> kr 0xe00002f0 (other)
[sdst] foreign id 1236 -> kr 0xe00002f0 (other)
[sdst] foreign id 1237 -> kr 0xe00002f0 (other)
[sdst] foreign id 1238 -> kr 0xe00002f0 (other)
[sdst] foreign id 1239 -> kr 0xe00002f0 (other)
[sdst] foreign id 1240 -> kr 0xe00002f0 (other)
[sdst] foreign id 1241 -> kr 0xe00002f0 (other)
[sdst] foreign id 1242 -> kr 0xe00002f0 (other)
[sdst] foreign id 1243 -> kr 0xe00002f0 (other)
[sdst] foreign id 1244 -> kr 0xe00002f0 (other)
[sdst] foreign id 1245 -> kr 0xe00002f0 (other)
[sdst] foreign id 1246 -> kr 0xe00002f0 (other)
[sdst] foreign id 1247 -> kr 0xe00002f0 (other)
[sdst] foreign id 1248 -> kr 0xe00002f0 (other)
[sdst] foreign id 1249 -> kr 0xe00002f0 (other)
[sdst] foreign id 1250 -> kr 0xe00002f0 (other)
[sdst] foreign id 1251 -> kr 0xe00002f0 (other)
[sdst] progress id 1251 — foreign-accepted 0 refused 0 other 1247 (own 4)
[sdst] foreign id 1252 -> kr 0xe00002f0 (other)
[sdst] foreign id 1253 -> kr 0xe00002f0 (other)
[sdst] foreign id 1254 -> kr 0xe00002f0 (other)
[sdst] foreign id 1255 -> kr 0xe00002f0 (other)
[sdst] foreign id 1256 -> kr 0xe00002f0 (other)
[sdst] foreign id 1257 -> kr 0xe00002f0 (other)
[sdst] foreign id 1258 -> kr 0xe00002f0 (other)
[sdst] foreign id 1259 -> kr 0xe00002f0 (other)
[sdst] foreign id 1260 -> kr 0xe00002f0 (other)
[sdst] foreign id 1261 -> kr 0xe00002f0 (other)
[sdst] foreign id 1262 -> kr 0xe00002f0 (other)
[sdst] foreign id 1263 -> kr 0xe00002f0 (other)
[sdst] foreign id 1264 -> kr 0xe00002f0 (other)
[sdst] foreign id 1265 -> kr 0xe00002f0 (other)
[sdst] foreign id 1266 -> kr 0xe00002f0 (other)
[sdst] foreign id 1267 -> kr 0xe00002f0 (other)
[sdst] foreign id 1268 -> kr 0xe00002f0 (other)
[sdst] foreign id 1269 -> kr 0xe00002f0 (other)
[sdst] foreign id 1270 -> kr 0xe00002f0 (other)
[sdst] foreign id 1271 -> kr 0xe00002f0 (other)
[sdst] foreign id 1272 -> kr 0xe00002f0 (other)
[sdst] foreign id 1273 -> kr 0xe00002f0 (other)
[sdst] foreign id 1274 -> kr 0xe00002f0 (other)
[sdst] foreign id 1275 -> kr 0xe00002f0 (other)
[sdst] foreign id 1276 -> kr 0xe00002f0 (other)
[sdst] progress id 1276 — foreign-accepted 0 refused 0 other 1272 (own 4)
[sdst] foreign id 1277 -> kr 0xe00002f0 (other)
[sdst] foreign id 1278 -> kr 0xe00002f0 (other)
[sdst] foreign id 1279 -> kr 0xe00002f0 (other)
[sdst] foreign id 1280 -> kr 0xe00002f0 (other)
[sdst] foreign id 1281 -> kr 0xe00002f0 (other)
[sdst] foreign id 1282 -> kr 0xe00002f0 (other)
[sdst] foreign id 1283 -> kr 0xe00002f0 (other)
[sdst] foreign id 1284 -> kr 0xe00002f0 (other)
[sdst] foreign id 1285 -> kr 0xe00002f0 (other)
[sdst] foreign id 1286 -> kr 0xe00002f0 (other)
[sdst] foreign id 1287 -> kr 0xe00002f0 (other)
[sdst] foreign id 1288 -> kr 0xe00002f0 (other)
[sdst] foreign id 1289 -> kr 0xe00002f0 (other)
[sdst] foreign id 1290 -> kr 0xe00002f0 (other)
[sdst] foreign id 1291 -> kr 0xe00002f0 (other)
[sdst] foreign id 1292 -> kr 0xe00002f0 (other)
[sdst] foreign id 1293 -> kr 0xe00002f0 (other)
[sdst] foreign id 1294 -> kr 0xe00002f0 (other)
[sdst] foreign id 1295 -> kr 0xe00002f0 (other)
[sdst] foreign id 1296 -> kr 0xe00002f0 (other)
[sdst] foreign id 1297 -> kr 0xe00002f0 (other)
[sdst] foreign id 1298 -> kr 0xe00002f0 (other)
[sdst] foreign id 1299 -> kr 0xe00002f0 (other)
[sdst] foreign id 1300 -> kr 0xe00002f0 (other)
[sdst] foreign id 1301 -> kr 0xe00002f0 (other)
[sdst] progress id 1301 — foreign-accepted 0 refused 0 other 1297 (own 4)
[sdst] foreign id 1302 -> kr 0xe00002f0 (other)
[sdst] foreign id 1303 -> kr 0xe00002f0 (other)
[sdst] foreign id 1304 -> kr 0xe00002f0 (other)
[sdst] foreign id 1305 -> kr 0xe00002f0 (other)
[sdst] foreign id 1306 -> kr 0xe00002f0 (other)
[sdst] foreign id 1307 -> kr 0xe00002f0 (other)
[sdst] foreign id 1308 -> kr 0xe00002f0 (other)
[sdst] foreign id 1309 -> kr 0xe00002f0 (other)
[sdst] foreign id 1310 -> kr 0xe00002f0 (other)
[sdst] foreign id 1311 -> kr 0xe00002f0 (other)
[sdst] foreign id 1312 -> kr 0xe00002f0 (other)
[sdst] foreign id 1313 -> kr 0xe00002f0 (other)
[sdst] foreign id 1314 -> kr 0xe00002f0 (other)
[sdst] foreign id 1315 -> kr 0xe00002f0 (other)
[sdst] foreign id 1316 -> kr 0xe00002f0 (other)
[sdst] foreign id 1317 -> kr 0xe00002f0 (other)
[sdst] foreign id 1318 -> kr 0xe00002f0 (other)
[sdst] foreign id 1319 -> kr 0xe00002f0 (other)
[sdst] foreign id 1320 -> kr 0xe00002f0 (other)
[sdst] foreign id 1321 -> kr 0xe00002f0 (other)
[sdst] foreign id 1322 -> kr 0xe00002f0 (other)
[sdst] foreign id 1323 -> kr 0xe00002f0 (other)
[sdst] foreign id 1324 -> kr 0xe00002f0 (other)
[sdst] foreign id 1325 -> kr 0xe00002f0 (other)
[sdst] foreign id 1326 -> kr 0xe00002f0 (other)
[sdst] progress id 1326 — foreign-accepted 0 refused 0 other 1322 (own 4)
[sdst] foreign id 1327 -> kr 0xe00002f0 (other)
[sdst] foreign id 1328 -> kr 0xe00002f0 (other)
[sdst] foreign id 1329 -> kr 0xe00002f0 (other)
[sdst] foreign id 1330 -> kr 0xe00002f0 (other)
[sdst] foreign id 1331 -> kr 0xe00002f0 (other)
[sdst] foreign id 1332 -> kr 0xe00002f0 (other)
[sdst] foreign id 1333 -> kr 0xe00002f0 (other)
[sdst] foreign id 1334 -> kr 0xe00002f0 (other)
[sdst] foreign id 1335 -> kr 0xe00002f0 (other)
[sdst] foreign id 1336 -> kr 0xe00002f0 (other)
[sdst] foreign id 1337 -> kr 0xe00002f0 (other)
[sdst] foreign id 1338 -> kr 0xe00002f0 (other)
[sdst] foreign id 1339 -> kr 0xe00002f0 (other)
[sdst] foreign id 1340 -> kr 0xe00002f0 (other)
[sdst] foreign id 1341 -> kr 0xe00002f0 (other)
[sdst] foreign id 1342 -> kr 0xe00002f0 (other)
[sdst] foreign id 1343 -> kr 0xe00002f0 (other)
[sdst] foreign id 1344 -> kr 0xe00002f0 (other)
[sdst] foreign id 1345 -> kr 0xe00002f0 (other)
[sdst] foreign id 1346 -> kr 0xe00002f0 (other)
[sdst] foreign id 1347 -> kr 0xe00002f0 (other)
[sdst] foreign id 1348 -> kr 0xe00002f0 (other)
[sdst] foreign id 1349 -> kr 0xe00002f0 (other)
[sdst] foreign id 1350 -> kr 0xe00002f0 (other)
[sdst] foreign id 1351 -> kr 0xe00002f0 (other)
[sdst] progress id 1351 — foreign-accepted 0 refused 0 other 1347 (own 4)
[sdst] foreign id 1352 -> kr 0xe00002f0 (other)
[sdst] foreign id 1353 -> kr 0xe00002f0 (other)
[sdst] foreign id 1354 -> kr 0xe00002f0 (other)
[sdst] foreign id 1355 -> kr 0xe00002f0 (other)
[sdst] foreign id 1356 -> kr 0xe00002f0 (other)
[sdst] foreign id 1357 -> kr 0xe00002f0 (other)
[sdst] foreign id 1358 -> kr 0xe00002f0 (other)
[sdst] foreign id 1359 -> kr 0xe00002f0 (other)
[sdst] foreign id 1360 -> kr 0xe00002f0 (other)
[sdst] foreign id 1361 -> kr 0xe00002f0 (other)
[sdst] foreign id 1362 -> kr 0xe00002f0 (other)
[sdst] foreign id 1363 -> kr 0xe00002f0 (other)
[sdst] foreign id 1364 -> kr 0xe00002f0 (other)
[sdst] foreign id 1365 -> kr 0xe00002f0 (other)
[sdst] foreign id 1366 -> kr 0xe00002f0 (other)
[sdst] foreign id 1367 -> kr 0xe00002f0 (other)
[sdst] foreign id 1368 -> kr 0xe00002f0 (other)
[sdst] foreign id 1369 -> kr 0xe00002f0 (other)
[sdst] foreign id 1370 -> kr 0xe00002f0 (other)
[sdst] foreign id 1371 -> kr 0xe00002f0 (other)
[sdst] foreign id 1372 -> kr 0xe00002f0 (other)
[sdst] foreign id 1373 -> kr 0xe00002f0 (other)
[sdst] foreign id 1374 -> kr 0xe00002f0 (other)
[sdst] foreign id 1375 -> kr 0xe00002f0 (other)
[sdst] foreign id 1376 -> kr 0xe00002f0 (other)
[sdst] progress id 1376 — foreign-accepted 0 refused 0 other 1372 (own 4)
[sdst] foreign id 1377 -> kr 0xe00002f0 (other)
[sdst] foreign id 1378 -> kr 0xe00002f0 (other)
[sdst] foreign id 1379 -> kr 0xe00002f0 (other)
[sdst] foreign id 1380 -> kr 0xe00002f0 (other)
[sdst] foreign id 1381 -> kr 0xe00002f0 (other)
[sdst] foreign id 1382 -> kr 0xe00002f0 (other)
[sdst] foreign id 1383 -> kr 0xe00002f0 (other)
[sdst] foreign id 1384 -> kr 0xe00002f0 (other)
[sdst] foreign id 1385 -> kr 0xe00002f0 (other)
[sdst] foreign id 1386 -> kr 0xe00002f0 (other)
[sdst] foreign id 1387 -> kr 0xe00002f0 (other)
[sdst] foreign id 1388 -> kr 0xe00002f0 (other)
[sdst] foreign id 1389 -> kr 0xe00002f0 (other)
[sdst] foreign id 1390 -> kr 0xe00002f0 (other)
[sdst] foreign id 1391 -> kr 0xe00002f0 (other)
[sdst] foreign id 1392 -> kr 0xe00002f0 (other)
[sdst] foreign id 1393 -> kr 0xe00002f0 (other)
[sdst] foreign id 1394 -> kr 0xe00002f0 (other)
[sdst] foreign id 1395 -> kr 0xe00002f0 (other)
[sdst] foreign id 1396 -> kr 0xe00002f0 (other)
[sdst] foreign id 1397 -> kr 0xe00002f0 (other)
[sdst] foreign id 1398 -> kr 0xe00002f0 (other)
[sdst] foreign id 1399 -> kr 0xe00002f0 (other)
[sdst] foreign id 1400 -> kr 0xe00002f0 (other)
[sdst] foreign id 1401 -> kr 0xe00002f0 (other)
[sdst] progress id 1401 — foreign-accepted 0 refused 0 other 1397 (own 4)
[sdst] foreign id 1402 -> kr 0xe00002f0 (other)
[sdst] foreign id 1403 -> kr 0xe00002f0 (other)
[sdst] foreign id 1404 -> kr 0xe00002f0 (other)
[sdst] foreign id 1405 -> kr 0xe00002f0 (other)
[sdst] foreign id 1406 -> kr 0xe00002f0 (other)
[sdst] foreign id 1407 -> kr 0xe00002f0 (other)
[sdst] foreign id 1408 -> kr 0xe00002f0 (other)
[sdst] foreign id 1409 -> kr 0xe00002f0 (other)
[sdst] foreign id 1410 -> kr 0xe00002f0 (other)
[sdst] foreign id 1411 -> kr 0xe00002f0 (other)
[sdst] foreign id 1412 -> kr 0xe00002f0 (other)
[sdst] foreign id 1413 -> kr 0xe00002f0 (other)
[sdst] foreign id 1414 -> kr 0xe00002f0 (other)
[sdst] foreign id 1415 -> kr 0xe00002f0 (other)
[sdst] foreign id 1416 -> kr 0xe00002f0 (other)
[sdst] foreign id 1417 -> kr 0xe00002f0 (other)
[sdst] foreign id 1418 -> kr 0xe00002f0 (other)
[sdst] foreign id 1419 -> kr 0xe00002f0 (other)
[sdst] foreign id 1420 -> kr 0xe00002f0 (other)
[sdst] foreign id 1421 -> kr 0xe00002f0 (other)
[sdst] foreign id 1422 -> kr 0xe00002f0 (other)
[sdst] foreign id 1423 -> kr 0xe00002f0 (other)
[sdst] foreign id 1424 -> kr 0xe00002f0 (other)
[sdst] foreign id 1425 -> kr 0xe00002f0 (other)
[sdst] foreign id 1426 -> kr 0xe00002f0 (other)
[sdst] progress id 1426 — foreign-accepted 0 refused 0 other 1422 (own 4)
[sdst] foreign id 1427 -> kr 0xe00002f0 (other)
[sdst] foreign id 1428 -> kr 0xe00002f0 (other)
[sdst] foreign id 1429 -> kr 0xe00002f0 (other)
[sdst] foreign id 1430 -> kr 0xe00002f0 (other)
[sdst] foreign id 1431 -> kr 0xe00002f0 (other)
[sdst] foreign id 1432 -> kr 0xe00002f0 (other)
[sdst] foreign id 1433 -> kr 0xe00002f0 (other)
[sdst] foreign id 1434 -> kr 0xe00002f0 (other)
[sdst] foreign id 1435 -> kr 0xe00002f0 (other)
[sdst] foreign id 1436 -> kr 0xe00002f0 (other)
[sdst] foreign id 1437 -> kr 0xe00002f0 (other)
[sdst] foreign id 1438 -> kr 0xe00002f0 (other)
[sdst] foreign id 1439 -> kr 0xe00002f0 (other)
[sdst] foreign id 1440 -> kr 0xe00002f0 (other)
[sdst] foreign id 1441 -> kr 0xe00002f0 (other)
[sdst] foreign id 1442 -> kr 0xe00002f0 (other)
[sdst] foreign id 1443 -> kr 0xe00002f0 (other)
[sdst] foreign id 1444 -> kr 0xe00002f0 (other)
[sdst] foreign id 1445 -> kr 0xe00002f0 (other)
[sdst] foreign id 1446 -> kr 0xe00002f0 (other)
[sdst] foreign id 1447 -> kr 0xe00002f0 (other)
[sdst] foreign id 1448 -> kr 0xe00002f0 (other)
[sdst] foreign id 1449 -> kr 0xe00002f0 (other)
[sdst] foreign id 1450 -> kr 0xe00002f0 (other)
[sdst] foreign id 1451 -> kr 0xe00002f0 (other)
[sdst] progress id 1451 — foreign-accepted 0 refused 0 other 1447 (own 4)
[sdst] foreign id 1452 -> kr 0xe00002f0 (other)
[sdst] foreign id 1453 -> kr 0xe00002f0 (other)
[sdst] foreign id 1454 -> kr 0xe00002f0 (other)
[sdst] foreign id 1455 -> kr 0xe00002f0 (other)
[sdst] foreign id 1456 -> kr 0xe00002f0 (other)
[sdst] foreign id 1457 -> kr 0xe00002f0 (other)
[sdst] foreign id 1458 -> kr 0xe00002f0 (other)
[sdst] foreign id 1459 -> kr 0xe00002f0 (other)
[sdst] foreign id 1460 -> kr 0xe00002f0 (other)
[sdst] foreign id 1461 -> kr 0xe00002f0 (other)
[sdst] foreign id 1462 -> kr 0xe00002f0 (other)
[sdst] foreign id 1463 -> kr 0xe00002f0 (other)
[sdst] foreign id 1464 -> kr 0xe00002f0 (other)
[sdst] foreign id 1465 -> kr 0xe00002f0 (other)
[sdst] foreign id 1466 -> kr 0xe00002f0 (other)
[sdst] foreign id 1467 -> kr 0xe00002f0 (other)
[sdst] foreign id 1468 -> kr 0xe00002f0 (other)
[sdst] foreign id 1469 -> kr 0xe00002f0 (other)
[sdst] foreign id 1470 -> kr 0xe00002f0 (other)
[sdst] foreign id 1471 -> kr 0xe00002f0 (other)
[sdst] foreign id 1472 -> kr 0xe00002f0 (other)
[sdst] foreign id 1473 -> kr 0xe00002f0 (other)
[sdst] foreign id 1474 -> kr 0xe00002f0 (other)
[sdst] foreign id 1475 -> kr 0xe00002f0 (other)
[sdst] foreign id 1476 -> kr 0xe00002f0 (other)
[sdst] progress id 1476 — foreign-accepted 0 refused 0 other 1472 (own 4)
[sdst] foreign id 1477 -> kr 0xe00002f0 (other)
[sdst] foreign id 1478 -> kr 0xe00002f0 (other)
[sdst] foreign id 1479 -> kr 0xe00002f0 (other)
[sdst] foreign id 1480 -> kr 0xe00002f0 (other)
[sdst] foreign id 1481 -> kr 0xe00002f0 (other)
[sdst] foreign id 1482 -> kr 0xe00002f0 (other)
[sdst] foreign id 1483 -> kr 0xe00002f0 (other)
[sdst] foreign id 1484 -> kr 0xe00002f0 (other)
[sdst] foreign id 1485 -> kr 0xe00002f0 (other)
[sdst] foreign id 1486 -> kr 0xe00002f0 (other)
[sdst] foreign id 1487 -> kr 0xe00002f0 (other)
[sdst] foreign id 1488 -> kr 0xe00002f0 (other)
[sdst] foreign id 1489 -> kr 0xe00002f0 (other)
[sdst] foreign id 1490 -> kr 0xe00002f0 (other)
[sdst] foreign id 1491 -> kr 0xe00002f0 (other)
[sdst] foreign id 1492 -> kr 0xe00002f0 (other)
[sdst] foreign id 1493 -> kr 0xe00002f0 (other)
[sdst] foreign id 1494 -> kr 0xe00002f0 (other)
[sdst] foreign id 1495 -> kr 0xe00002f0 (other)
[sdst] foreign id 1496 -> kr 0xe00002f0 (other)
[sdst] foreign id 1497 -> kr 0xe00002f0 (other)
[sdst] foreign id 1498 -> kr 0xe00002f0 (other)
[sdst] foreign id 1499 -> kr 0xe00002f0 (other)
[sdst] foreign id 1500 -> kr 0xe00002f0 (other)
[sdst] summary: FOREIGN accepted 0 | refused(0x2c2/2bc) 0 | other 1496 | own-ids-in-range 4 | range 1..1500
[sdst] verdict: scaler's find_surface gate holds for foreign dst ids
[sdst] done (alive)
[probe13] scalerdst-only mode, stop
