[main] fuzz harness up, mode=scaler
[main] sandbox note: VCPDRM open is MACF-denied (iokit-open-user-client VCPDRMUserClient); mach-lookup com.apple.sprr / com.apple.jitbox exist but are sandbox-gated (seen in kernel log)
[open] AppleM2ScalerCSCDriver -> conn 0x6503
[scaler] conn 0x6503, s1 278 s2 282
[probe12] SetNotificationPort -> 0x00000000
[mtls] v86: Metal self-reference discrimination
[mtls] device: Apple A17 Pro GPU
[mtls] queue class AGXG16PFamilyCommandQueue
[mtls]   mq ivar _telemetryInternalClientMask @444 = 0x500000000
[mtls]   mq ivar _commandQueueBTInfo @448 = 0x5
[mtls]   mq ivar _hasLoggedBacktraceTelemetry @968 = 0x0
[mtls]   mq ivar _currentPriority @972 = 0x0
[mtls]   mq ivar _commandQueue @384 = 0x109428ec0
[mtls]   mq ivar _device @392 = 0x109774000
[mtls]   mq ivar _disableAsyncCompletionDispatch @400 = 0x0
[mtls]   mq ivar _priority @408 = 0x1
[mtls]   mq ivar _backgroundPriority @416 = 0x3
[mtls]   mq ivar _resourceGroups @424 = 0x0
[mtls]   mq ivar _resourceGroupsLock @440 = 0x0
[mtls]   mq ivar _dev @24 = 0x109774000
[mtls]   mq ivar _pendingQueue @32 = 0x109597c90
[mtls]   mq ivar _submittedQueue @40 = 0x1095946f0
[mtls]   mq ivar _pendingQueueLock @48 = 0x4d55545a
[mtls]   mq ivar _submittedQueueLock @112 = 0x4d55545a
[mtls]   mq ivar _submittedGroup @176 = 0x10955bcf0
[mtls]   mq ivar _commandQueueDispatch @184 = 0x1097c0400
[mtls]   mq ivar _completionQueueDispatch @192 = 0x1097c0100
[mtls]   mq ivar _commandQueueEventSource @200 = 0x1097c0080
[mtls]   mq ivar _commandBufferSemaphore @208 = 0x10955bd90
[mtls]   mq ivar _backgroundTrackingPID @216 = 0x1152
[mtls]   mq ivar _globalTraceObjectID @224 = 0x1d1ac88e
[mtls]   mq ivar _labelTraceID @232 = 0x0
[mtls]   mq ivar _profilingEnabled @240 = 0x0
[mtls]   mq ivar _logState @248 = 0x0
[mtls]   mq ivar _StatEnabled @256 = 0x0
[mtls]   mq ivar _StatOptions @264 = 0x0
[mtls]   mq ivar _StatLocations @272 = 0x0
[mtls]   mq ivar _numCommandBuffers @280 = 0x0
[mtls]   mq ivar _perfSampleHandlerBlock @288 = 0x0
[mtls]   mq ivar _listIndex @296 = 0x0
[mtls]   mq ivar _maxCommandBufferCount @304 = 0x40
[mtls]   mq ivar _qosLevel @312 = 0x2
[mtls]   mq ivar _commitQueue @320 = 0x0
[mtls]   mq ivar _commitSynchronously @328 = 0x0
[mtls]   mq ivar _completionQueue @336 = 0x0
[mtls]   mq ivar _disableCrossQueueHazardTracking @344 = 0x100
[mtls]   mq ivar _executionEnabled @345 = 0x8000000000000001
[mtls]   mq ivar _skipRender @346 = 0xb480000000000000
[mtls]   mq ivar _openGLQueue @347 = 0x55b4800000000000
[mtls]   mq ivar _presentScheduledSemaphore @352 = 0x10955b480
[mtls]   mq ivar _forceImmediateSubmissionOnCommitThread @360 = 0x0
[mtls]   mq ivar _privateDataTable @368 = 0x1095a0e90
[mtls]   mq ivar _commitsWithQoS @376 = 0x0
[mtls]   mq ivar _label @8 = 0x0
[mtls]   mq ivar _labelLock @16 = 0x0
[mtls]   mq ivar isa @0 = 0x1000002951cb3c1
[mtls]   cqobj +000: 0100000202a41779 000017ba31006800 0000000109720610 0000000000000001
[mtls]   cqobj +020: 000000001d1ac88e 00000001097b8f70 0000000000000000 0000000000000000
[mtls]   cqobj +040: 0000000202a36640 0000000000000003 0000000000000000 0000000000000001
[mtls]   cqobj +060: 0000012000000000 4000000109429400 0000000000000004 0000000000000000
[mtls]   cqobj +080: 0000000000000000 0000000000000000 0000000202a36a18 0000000000000003
[mtls]   cqobj +0a0: 0000000104ad2050 00000000000002a0 0000000000000348 0000000000000000
[mtls]   cqobj +0c0: 0000000000000000 0000000000000000 0000000000000001 0000000000000000
[mtls]   cqobj +0e0: 0000000109588440 0000000000000000 00000001d7c3c880 00000001d7b7ffec
[mtls]   cqobj +100: 00000001d7b6ee88 00000001d7b8363c 00000001d7b81cd8 00000001d7b6eec8
[mtls]   cqobj +120: 00000001d7c3c91c 0000000000000000 00000002048e1620 0000000109588880
[mtls]   cqobj +140: 995920b4133732e2 0000000109588c00 000000010947be70 000000010947b180
[mtls]   cqobj +160: 99977dee668f4382 0000000000000000 0000000000000000 0000000000000000
[mtls]   cqobj +180: 00000001097090e0 0000000000000000 0000000000010000 0000000000000000
[mtls]   cqobj +1a0: 0000000000000000 095949f000000000 0000000000000001 0001000000000000
[mtls]   cqobj +1c0: 0000000000000000 0000000000000000 0000000207b81b90 fffffffef6a0b07f
[mtls]   cqobj +1e0: 00000001094f0541 000001f200000000 800005ff00000007 00000001095dd0c0
[mtls] cb class AGXG16PFamilyCommandBuffer
[mtls]   cb ivar _previousBlitCommandEncoder @680
[mtls]   cb ivar _previousComputeCommandEncoder @688
[mtls]   cb ivar _previousRenderCommandEncoder @696
[mtls]   cb ivar _telemetryUsage @704
[mtls]   cb ivar _impl @720
[mtls]   cb ivar _disableDeferredEndEncoding @728
[mtls]   cb ivar texturesToEvaluate @736
[mtls]   cb ivar _captureProgramAddressTable @760
[mtls]   cb ivar _cloneIntersectionFunctionTablesPerDispatch @761
[mtls]   cb ivar hasEncoded @762
[mtls]   cb ivar enableContentProtection @763
[mtls]   cb ivar needsProtectedContentBarrier @764
[mtls]   cb ivar oldProtectionOptions @768
[mtls]   cb ivar deadline_namespace_id @776
[mtls]   cb ivar deadline @784
[mtls]   cb ivar _device @608
[mtls]   cb ivar _storage @616
[mtls]   cb ivar _submitToHardwareTimeStampPointer @624
[mtls]   cb ivar _protectionOptions @632
[mtls]   cb ivar _scheduledCallbackBlockPtr @640
[mtls]   cb ivar _completedCallbackBlockPtr @648
[mtls]   cb ivar _commitAndResetSem @656
[mtls]   cb ivar _purgedResources @664
[mtls]   cb ivar _gpuFaultAddress @672
[mtls] storage 0x1097bc400
[mtls] storage: kcmdVA 1044e4000 (shmem id 2) seglistVA 1044e0000 (shmem id 1)
[mtls] REF-kcmd+000: 0f 00 00 00 ac 00 00 00 00 00 00 00 00 00 00 00
[mtls] REF-kcmd+010: 00 00 00 00 00 00 00 00 00 00 00 00 00 00 00 00
[mtls] REF-kcmd+020: 00 00 00 00 00 00 00 00 00 00 00 00 00 00 00 00
[mtls] REF-kcmd+030: 00 00 00 00 00 00 00 00 00 00 00 00 00 00 00 00
[mtls] REF-kcmd+040: 00 00 00 00 00 00 00 00 00 00 00 00 00 00 00 00
[mtls] REF-kcmd+050: 00 00 00 00 00 00 00 00 00 00 00 00 00 00 00 00
[mtls] REF-kcmd+060: 00 00 00 00 00 00 00 00 00 00 00 00 00 00 00 00
[mtls] REF-kcmd+070: 00 00 00 00 00 00 00 00 00 00 00 00 00 00 00 00
[mtls] REF-kcmd+080: 00 00 00 00 00 00 00 00 00 00 00 00 00 00 00 00
[mtls] REF-kcmd+090: 00 00 00 00 00 00 00 00 00 00 00 00 00 00 00 00
[mtls] REF-kcmd+0a0: 00 00 00 00 00 00 00 00 00 00 00 00 00 00 01 00
[mtls] REF-kcmd+0b0: 30 03 00 00 00 00 00 00 00 00 00 00 00 00 00 00
[mtls] REF-kcmd+0c0: 00 00 00 00 00 00 00 00 00 00 00 00 00 00 00 00
[mtls] REF-kcmd+0d0: 00 00 00 00 00 00 00 00 00 00 00 00 00 00 00 00
[mtls] REF-kcmd+0e0: 00 00 00 00 00 00 00 00 00 00 00 00 00 00 00 00
[mtls] REF-kcmd+0f0: 00 00 00 00 00 00 00 00 00 00 00 00 00 00 00 00
[mtls] REF-kcmd+100: 00 00 00 00 00 00 00 00 00 00 00 00 00 00 00 00
[mtls] REF-kcmd+110: 00 00 00 00 00 00 00 00 00 00 00 00 00 00 00 00
[mtls] REF-kcmd+120: 00 00 00 00 00 00 00 00 00 00 00 00 00 00 00 00
[mtls] REF-kcmd+130: 00 00 00 00 04 00 00 00 00 00 00 00 00 00 00 00
[mtls] REF-kcmd+140: 00 00 00 00 00 00 00 00 00 00 00 00 00 00 00 00
[mtls] REF-kcmd+150: 68 02 00 00 03 00 00 00 00 00 00 00 00 00 00 00
[mtls] REF-kcmd+160: 00 00 00 00 00 00 00 00 00 00 00 00 00 00 00 00
[mtls] REF-kcmd+170: 00 00 00 00 00 00 11 00 00 01 00 00 00 00 00 00
[mtls] REF-kcmd+180: 00 00 00 00 00 00 00 00 00 00 00 00 00 00 00 00
[mtls] REF-kcmd+190: 00 00 00 00 00 00 00 00 00 00 00 00 00 00 00 00
[mtls] REF-kcmd+1a0: 00 00 00 00 00 00 00 00 00 00 00 00 00 00 00 00
[mtls] REF-kcmd+1b0: 00 00 00 00 00 00 00 00 00 00 00 00 00 00 00 00
[mtls] REF-kcmd+1c0: 00 00 00 00 00 00 00 00 00 00 00 00 00 00 12 00
[mtls] REF-kcmd+1d0: 00 01 00 00 00 00 00 00 00 00 00 00 00 00 00 00
[mtls] REF-kcmd+1e0: 00 00 00 00 80 14 12 00 00 01 00 00 88 14 12 00
[mtls] REF-kcmd+1f0: 00 01 00 00 90 14 12 00 00 01 00 00 98 14 12 00
[mtls] REF-kcmd+200: 00 01 00 00 01 00 00 00 00 00 00 00 00 00 00 00
[mtls] REF-kcmd+210: 00 00 00 00 00 00 00 00 1c 00 00 00 00 00 00 00
[mtls] REF-kcmd+220: 00 00 00 00 00 00 00 00 00 00 00 00 00 00 00 00
[mtls] REF-kcmd+230: 00 00 00 00 00 00 00 00 00 00 00 00 00 00 00 00
[mtls] REF-kcmd+240: 00 00 00 00 00 00 00 00 00 00 00 00 00 00 00 00
[mtls] REF-kcmd+250: 00 00 00 00 00 00 00 00 00 00 00 00 00 00 00 00
[mtls] REF-kcmd+260: 00 00 00 00 00 00 00 00 00 00 00 00 00 00 00 00
[mtls] REF-kcmd+270: 00 00 00 00 00 00 00 00 00 00 00 00 00 00 00 00
[mtls] REF-kcmd+280: 00 00 00 00 00 00 00 00 00 00 00 00 00 00 00 00
[mtls] REF-kcmd+290: 00 00 00 00 00 00 00 00 00 00 00 00 00 00 00 00
[mtls] REF-kcmd+2a0: 00 00 00 00 00 00 00 00 00 00 00 00 00 00 00 00
[mtls] REF-kcmd+2b0: 00 00 00 00 00 00 00 00 00 00 00 00 00 00 00 00
[mtls] REF-kcmd+2c0: 00 00 00 00 00 80 b2 00 00 00 00 00 00 80 05 01
[mtls] REF-kcmd+2d0: 00 00 00 00 02 02 00 00 00 00 00 00 00 00 00 00
[mtls] REF-kcmd+2e0: 00 00 00 00 00 00 00 00 00 00 00 00 00 00 00 00
[mtls] REF-kcmd+2f0: 00 00 00 00 00 00 00 00 00 00 00 00 00 00 00 00
[mtls] REF-kcmd+300: 00 00 00 00 00 00 00 00 00 00 00 00 00 00 00 00
[mtls] REF-kcmd+310: 00 00 00 00 00 00 00 00 00 00 00 00 00 00 00 00
[mtls] REF-kcmd+320: 00 00 00 00 00 00 00 00 00 00 00 00 00 00 00 00
[mtls] REF-kcmd+330: 00 00 00 00 00 00 00 00 00 00 00 00 00 00 00 00
[mtls] REF-kcmd+340: 00 00 00 00 00 00 00 00 00 00 00 00 00 00 00 00
[mtls] REF-kcmd+350: 00 00 00 00 00 00 00 00 00 00 00 00 00 00 00 00
[mtls] REF-kcmd+360: 00 00 00 00 00 00 00 00 00 00 00 00 00 00 00 00
[mtls] REF-kcmd+370: 00 00 00 00 00 00 00 00 00 00 00 00 00 00 00 00
[mtls] REF-kcmd+380: 00 00 00 00 00 00 00 00 00 00 00 00 00 00 00 00
[mtls] REF-kcmd+390: 00 00 00 00 00 00 00 00 00 00 00 00 00 00 00 00
[mtls] REF-kcmd+3a0: 00 00 00 00 00 00 00 00 00 00 00 00 00 00 00 00
[mtls] REF-kcmd+3b0: 00 00 00 00 00 00 00 00 00 00 00 00 00 00 00 00
[mtls] REF-kcmd+3c0: 00 00 00 00 00 00 00 00 00 00 00 00 00 00 00 00
[mtls] REF-kcmd+3d0: 00 00 00 00 00 00 00 00 00 00 00 00 00 00 00 00
[mtls] REF-kcmd+3e0: 00 00 00 00 00 00 00 00 00 00 00 00 00 00 00 00
[mtls] REF-kcmd+3f0: 00 00 00 00 00 00 00 00 00 00 00 00 00 00 00 00
[mtls] REF-seg +000: a6 c8 1a 1d 00 00 00 00 01 00 00 00 01 00 00 40
[mtls] REF-seg +010: 00 00 00 00 ac 00 00 00 a6 c8 1a 1d 00 00 00 00
[mtls] REF-seg +020: 00 00 00 00 00 00 00 00 a7 c8 1a 1d 00 00 00 00
[mtls] REF-seg +030: ac 00 00 00 00 00 00 00 00 00 00 00 00 00 00 00
[mtls] REF-seg +040: 00 00 00 00 00 00 00 00 17 00 00 00 18 00 00 00
[mtls] REF-seg +050: 19 00 00 00 1a 00 00 00 1b 00 00 00 1c 00 00 00
[mtls] REF-seg +060: 20 00 00 00 20 00 00 00 20 00 00 00 20 00 00 00
[mtls] REF-seg +070: 20 00 00 00 20 00 00 00 01 00 01 00 04 00 01 00
[mtls] REF-seg +080: 04 00 04 00 00 00 06 00 1d 00 00 00 1e 00 00 00
[mtls] REF-seg +090: 1f 00 00 00 20 00 00 00 21 00 00 00 01 00 00 00
[mtls] REF-seg +0a0: 20 00 00 00 20 00 00 00 20 00 00 00 20 00 00 00
[mtls] REF-seg +0b0: 30 00 00 00 40 00 00 00 01 00 04 00 01 00 01 00
[mtls] REF-seg +0c0: 01 00 80 00 00 00 06 00 22 00 00 00 11 00 00 00
[mtls] REF-seg +0d0: 14 00 00 00 0c 00 00 00 0b 00 00 00 10 00 00 00
[mtls] REF-seg +0e0: 30 00 00 00 40 00 00 00 80 00 00 00 80 00 00 00
[mtls] REF-seg +0f0: 80 00 00 00 40 00 00 00 01 00 80 00 80 00 80 00
[mtls] REF-seg +100: 80 00 80 00 00 00 06 00 15 00 00 00 16 00 00 00
[mtls] REF-seg +110: 00 00 00 00 00 00 00 00 00 00 00 00 00 00 00 00
[mtls] REF-seg +120: 40 00 00 00 40 00 00 00 00 00 00 00 00 00 00 00
[mtls] REF-seg +130: 00 00 00 00 00 00 00 00 01 00 03 00 00 00 00 00
[mtls] REF-seg +140: 00 00 00 00 00 00 02 00 00 00 00 00 00 00 00 00
[mtls] REF-seg +150: 00 00 00 00 00 00 00 00 00 00 00 00 00 00 00 00
[mtls] REF-seg +160: 00 00 00 00 00 00 00 00 00 00 00 00 00 00 00 00
[mtls] REF-seg +170: 00 00 00 00 00 00 00 00 00 00 00 00 00 00 00 00
[mtls] REF-seg +180: 00 00 00 00 00 00 00 00 00 00 00 00 00 00 00 00
[mtls] REF-seg +190: 00 00 00 00 00 00 00 00 00 00 00 00 00 00 00 00
[mtls] REF-seg +1a0: 00 00 00 00 00 00 00 00 00 00 00 00 00 00 00 00
[mtls] REF-seg +1b0: 00 00 00 00 00 00 00 00 00 00 00 00 00 00 00 00
[mtls] REF-seg +1c0: 00 00 00 00 00 00 00 00 00 00 00 00 00 00 00 00
[mtls] REF-seg +1d0: 00 00 00 00 00 00 00 00 00 00 00 00 00 00 00 00
[mtls] REF-seg +1e0: 00 00 00 00 00 00 00 00 00 00 00 00 00 00 00 00
[mtls] REF-seg +1f0: 00 00 00 00 00 00 00 00 00 00 00 00 00 00 00 00
[mtls] REF vs agx_A4_image: 59/0x400 bytes differ (first at b0,144,168,175,176,1cd)
[mtls] REF vs agx_B4_image: 82/0x200 bytes differ
[mtls] committing...
[mtls] committed, waiting...
[mtls] waitUntilCompleted returned
[mtls] bufB contents ptr 0x1044d0000
[mtls] bufB scan done, 0x41 bytes 65536
[mtls] cb status 4
[mtls] cb error @
[mtls] Metal commit: bufB 0x41 bytes 65536/0x10000 GPU WRITE OK (sanity)
[mtls] POST-kcmd+000: 0f 00 00 00 ac 00 00 00 00 00 00 00 00 00 00 00
[mtls] POST-kcmd+010: 00 00 00 00 00 00 00 00 00 00 00 00 00 00 00 00
[mtls] POST-kcmd+020: 00 00 00 00 00 00 00 00 00 00 00 00 00 00 00 00
[mtls] POST-kcmd+030: 00 00 00 00 00 00 00 00 00 00 00 00 00 00 00 00
[mtls] POST-kcmd+040: 00 00 00 00 00 00 00 00 00 00 00 00 00 00 00 00
[mtls] POST-kcmd+050: 00 00 00 00 00 00 00 00 00 00 00 00 00 00 00 00
[mtls] POST-kcmd+060: 00 00 00 00 00 00 00 00 00 00 00 00 00 00 00 00
[mtls] POST-kcmd+070: 00 00 00 00 00 00 00 00 00 00 00 00 00 00 00 00
[mtls] POST-kcmd+080: 00 00 00 00 00 00 00 00 00 00 00 00 00 00 00 00
[mtls] POST-kcmd+090: 00 00 00 00 00 00 00 00 00 00 00 00 00 00 00 00
[mtls] POST-kcmd+0a0: 00 00 00 00 00 00 00 00 00 00 00 00 00 00 01 00
[mtls] POST-kcmd+0b0: 58 03 00 00 00 00 00 00 00 00 00 00 00 00 00 00
[mtls] POST-kcmd+0c0: 00 00 00 00 00 00 00 00 00 00 00 00 00 00 00 00
[mtls] POST-kcmd+0d0: 00 00 00 00 00 00 00 00 00 00 00 00 00 00 00 00
[mtls] POST-kcmd+0e0: 00 00 00 00 00 00 00 00 00 00 00 00 00 00 00 00
[mtls] POST-kcmd+0f0: 00 00 00 00 00 00 00 00 00 00 00 00 00 00 00 00
[mtls] POST-seg +000: a6 c8 1a 1d 00 00 00 00 01 00 00 00 01 00 00 40
[mtls] POST-seg +010: 00 00 00 00 ac 00 00 00 a6 c8 1a 1d 00 00 00 00
[mtls] POST-seg +020: 01 00 00 00 30 01 00 80 a7 c8 1a 1d 00 00 00 00
[mtls] POST-seg +030: ac 00 00 00 04 04 00 00 00 00 00 00 00 00 00 00
[mtls] POST-seg +040: 14 00 00 00 04 00 00 00 17 00 00 00 18 00 00 00
[mtls] POST-seg +050: 19 00 00 00 1a 00 00 00 1b 00 00 00 1c 00 00 00
[mtls] POST-seg +060: 20 00 00 00 20 00 00 00 20 00 00 00 20 00 00 00
[mtls] POST-seg +070: 20 00 00 00 20 00 00 00 01 00 01 00 04 00 01 00
[mtls] POST-seg +080: 04 00 04 00 00 00 06 00 1d 00 00 00 1e 00 00 00
[mtls] POST-seg +090: 1f 00 00 00 20 00 00 00 21 00 00 00 01 00 00 00
[mtls] POST-seg +0a0: 20 00 00 00 20 00 00 00 20 00 00 00 20 00 00 00
[mtls] POST-seg +0b0: 30 00 00 00 40 00 00 00 01 00 04 00 01 00 01 00
[mtls] POST-seg +0c0: 01 00 80 00 00 00 06 00 22 00 00 00 11 00 00 00
[mtls] POST-seg +0d0: 14 00 00 00 0c 00 00 00 0b 00 00 00 10 00 00 00
[mtls] POST-seg +0e0: 30 00 00 00 40 00 00 00 80 00 00 00 80 00 00 00
[mtls] POST-seg +0f0: 80 00 00 00 40 00 00 00 01 00 80 00 80 00 80 00
[mtls] POST-seg +100: 80 00 80 00 00 00 06 00 15 00 00 00 16 00 00 00
[mtls] POST-seg +110: 00 00 00 00 00 00 00 00 00 00 00 00 00 00 00 00
[mtls] POST-seg +120: 40 00 00 00 40 00 00 00 00 00 00 00 00 00 00 00
[mtls] POST-seg +130: 00 00 00 00 00 00 00 00 01 00 03 00 00 00 00 00
[mtls] POST-seg +140: 00 00 00 00 00 00 02 00 00 00 00 00 00 00 00 00
[mtls] POST-seg +150: 00 00 00 00 00 00 00 00 00 00 00 00 00 00 00 00
[mtls] POST-seg +160: 00 00 00 00 00 00 00 00 00 00 00 00 00 00 00 00
[mtls] POST-seg +170: 00 00 00 00 00 00 00 00 00 00 00 00 00 00 00 00
[mtls] POST-seg +180: 00 00 00 00 00 00 00 00 00 00 00 00 00 00 00 00
[mtls] POST-seg +190: 00 00 00 00 00 00 00 00 00 00 00 00 00 00 00 00
[mtls] POST-seg +1a0: 00 00 00 00 00 00 00 00 00 00 00 00 00 00 00 00
[mtls] POST-seg +1b0: 00 00 00 00 00 00 00 00 00 00 00 00 00 00 00 00
[mtls] POST-seg +1c0: 00 00 00 00 00 00 00 00 00 00 00 00 00 00 00 00
[mtls] POST-seg +1d0: 00 00 00 00 00 00 00 00 00 00 00 00 00 00 00 00
[mtls] POST-seg +1e0: 00 00 00 00 00 00 00 00 00 00 00 00 00 00 00 00
[mtls] POST-seg +1f0: 00 00 00 00 00 00 00 00 00 00 00 00 00 00 00 00
[mtls] Metal gpuAddress: bufA 0x10000080000 bufB 0x10000098000
[open] IOGPU -> conn 0x8703
[mtls] our queue: qid 1 nqid 1 nqVA 1049cc000 bind 0x00000000 notif 0x00000000
[mtlr] sel12 size 0x4000 type 0 -> kr 0x00000000 va 1049d4000 id 1
[mtlr] sel12 size 0x4000 type 1 -> kr 0x00000000 va 1049d8000 id 2
[mtlr] resource2 sel8 flags 470 sz 0x10000 -> kr 0x00000000 rid 1 GPUVA 0x10000000000 cpu 108f28000
[mtlr]   out: 0000010000000000 0000000108f28000 00000001049b80c0 0000000000000000
[mtlr]   out: 0000000100000000 0000000000010000 000000001e1ac8d7 0000000000017d16
[mtlr] resource2 sel8 flags 470 sz 0x10000 -> kr 0x00000000 rid 2 GPUVA 0x10000018000 cpu 108f38000
[mtlr]   out: 0000010000018000 0000000108f38000 00000001049b8180 0000000000000000
[mtlr]   out: 0000000200000000 0000000000010000 000000001e1ac8d8 0000000000017d17
[mtls] our resources: ridA 1 gpuva 10000000000 | ridB 2 gpuva 10000018000
[mtls] R1 -> kr 0x00000000 outU32 00000009 wrIdx 58 statuses {9, 9} | ourB nz 0 0x41 0 
[mtls] R2: count-2 group @108 rids -> 1,2
[mtls] R2 -> kr 0x00000000 outU32 00000009 wrIdx b0 statuses {9, 9} | ourB nz 0 0x41 0 
[mtls] R3: count-2 group @108 rids -> 1,2
[mtlr] resource2 sel8 flags 470 sz 0x8000 -> kr 0x00000000 rid 3 GPUVA 0x10000030000 cpu 108fc0000
[mtlr]   out: 0000010000030000 0000000108fc0000 00000001049b8240 0000000000000000
[mtlr]   out: 0000000300000000 0000000000008000 000000001e1aca99 0000000000017d50
[mtlr] resource2 sel8 flags 470 sz 0x8000 -> kr 0x00000000 rid 4 GPUVA 0x10000040000 cpu 108fc8000
[mtlr]   out: 0000010000040000 0000000108fc8000 00000001049b8300 0000000000000000
[mtlr]   out: 0000000400000000 0000000000008000 000000001e1aca9a 0000000000017d51
[mtlr] resource2 sel8 flags 470 sz 0x8000 -> kr 0x00000000 rid 5 GPUVA 0x10000050000 cpu 108fd0000
[mtlr]   out: 0000010000050000 0000000108fd0000 00000001049b83c0 0000000000000000
[mtlr]   out: 0000000500000000 0000000000008000 000000001e1aca9b 0000000000017d52
[mtlr] resource2 sel8 flags 470 sz 0x8000 -> kr 0x00000000 rid 6 GPUVA 0x10000060000 cpu 108fd8000
[mtlr]   out: 0000010000060000 0000000108fd8000 00000001049b8480 0000000000000000
[mtlr]   out: 0000000600000000 0000000000008000 000000001e1aca9c 0000000000017d53
[mtlr] resource2 sel8 flags 470 sz 0x8000 -> kr 0x00000000 rid 7 GPUVA 0x10000070000 cpu 108fe0000
[mtlr]   out: 0000010000070000 0000000108fe0000 00000001049b8540 0000000000000000
[mtlr]   out: 0000000700000000 0000000000008000 000000001e1aca9d 0000000000017d54
[mtlr] resource2 sel8 flags 470 sz 0x8000 -> kr 0x00000000 rid 8 GPUVA 0x10000080000 cpu 108fe8000
[mtlr]   out: 0000010000080000 0000000108fe8000 00000001049b8600 0000000000000000
[mtlr]   out: 0000000800000000 0000000000008000 000000001e1aca9e 0000000000017d55
[mtlr] resource2 sel8 flags 470 sz 0x8000 -> kr 0x00000000 rid 9 GPUVA 0x10000090000 cpu 108ff0000
[mtlr]   out: 0000010000090000 0000000108ff0000 00000001049b86c0 0000000000000000
[mtlr]   out: 0000000900000000 0000000000008000 000000001e1aca9f 0000000000017d56
[mtlr] resource2 sel8 flags 470 sz 0x8000 -> kr 0x00000000 rid 10 GPUVA 0x100000a0000 cpu 108ff8000
[mtlr]   out: 00000100000a0000 0000000108ff8000 00000001049b8780 0000000000000000
[mtlr]   out: 0000000a00000000 0000000000008000 000000001e1acaa0 0000000000017d57
[mtlr] resource2 sel8 flags 470 sz 0x8000 -> kr 0x00000000 rid 11 GPUVA 0x100000b0000 cpu 10ba70000
[mtlr]   out: 00000100000b0000 000000010ba70000 00000001049b8840 0000000000000000
[mtlr]   out: 0000000b00000000 0000000000008000 000000001e1acaa1 0000000000017d58
[mtlr] resource2 sel8 flags 470 sz 0x8000 -> kr 0x00000000 rid 12 GPUVA 0x100000c0000 cpu 10ba78000
[mtlr]   out: 00000100000c0000 000000010ba78000 00000001049b8900 0000000000000000
[mtlr]   out: 0000000c00000000 0000000000008000 000000001e1acaa2 0000000000017d59
[mtlr] resource2 sel8 flags 470 sz 0xc000 -> kr 0x00000000 rid 13 GPUVA 0x100000d0000 cpu 10ba80000
[mtlr]   out: 00000100000d0000 000000010ba80000 00000001049b89c0 0000000000000000
[mtlr]   out: 0000000d00000000 000000000000c000 000000001e1acaa3 0000000000017d5a
[mtlr] resource2 sel8 flags 470 sz 0x10000 -> kr 0x00000000 rid 14 GPUVA 0x100000e0000 cpu 10ba8c000
[mtlr]   out: 00000100000e0000 000000010ba8c000 00000001049b8a80 0000000000000000
[mtlr]   out: 0000000e00000000 0000000000010000 000000001e1acaa4 0000000000017d5b
[mtlr] resource2 sel8 flags 470 sz 0xc000 -> kr 0x00000000 rid 15 GPUVA 0x100000f8000 cpu 10ba9c000
[mtlr]   out: 00000100000f8000 000000010ba9c000 00000001049b8b40 0000000000000000
[mtlr]   out: 0000000f00000000 000000000000c000 000000001e1acaa5 0000000000017d5c
[mtlr] resource2 sel8 flags 470 sz 0x10000 -> kr 0x00000000 rid 16 GPUVA 0x10000108000 cpu 10baa8000
[mtlr]   out: 0000010000108000 000000010baa8000 00000001049b8c00 0000000000000000
[mtlr]   out: 0000001000000000 0000000000010000 000000001e1acaa6 0000000000017d5d
[mtlr] resource2 sel8 flags 470 sz 0x20000 -> kr 0x00000000 rid 17 GPUVA 0x10000120000 cpu 10bab8000
[mtlr]   out: 0000010000120000 000000010bab8000 00000001049b8cc0 0000000000000000
[mtlr]   out: 0000001100000000 0000000000020000 000000001e1acaa8 0000000000017d5e
[mtlr] resource2 sel8 flags 470 sz 0x20000 -> kr 0x00000000 rid 18 GPUVA 0x10000148000 cpu 10bad8000
[mtlr]   out: 0000010000148000 000000010bad8000 00000001049b8d80 0000000000000000
[mtlr]   out: 0000001200000000 0000000000020000 000000001e1acaa9 0000000000017d5f
[mtlr] resource2 sel8 flags 470 sz 0x20000 -> kr 0x00000000 rid 19 GPUVA 0x10000170000 cpu 10baf8000
[mtlr]   out: 0000010000170000 000000010baf8000 00000001049b8e40 0000000000000000
[mtlr]   out: 0000001300000000 0000000000020000 000000001e1acaac 0000000000017d60
[mtlr] resource2 sel8 flags 470 sz 0x10000 -> kr 0x00000000 rid 20 GPUVA 0x10000198000 cpu 10bb18000
[mtlr]   out: 0000010000198000 000000010bb18000 00000001049b8f00 0000000000000000
[mtlr]   out: 0000001400000000 0000000000010000 000000001e1acac0 0000000000017d61
[mtls] R3: recreated/patched 20 resource slots
[mtls] R3 -> kr 0x00000000 outU32 00000000 wrIdx 108 statuses {0, 5} | ourB nz 0 0x41 0 
[mtls] nq +000: 14 14 00 00 00 00 00 00 08 01 00 00 28 00 00 00
[mtls] nq +010: 00 00 9e 04 01 00 00 00 18 d3 11 7d fb 12 00 00
[mtls] nq +020: 45 0a 12 7d fb 12 00 00 09 00 00 00 00 00 00 00
[mtls] nq +030: 00 00 00 00 00 00 00 00 28 00 00 00 30 00 9e 04
[mtls] nq +040: 01 00 00 00 8d 0c 12 7d fb 12 00 00 5d 0d 12 7d
[mtls] nq +050: fb 12 00 00 09 00 00 00 00 00 00 00 00 00 00 00
[mtls] nq +060: 00 00 00 00 28 00 00 00 00 00 9e 04 01 00 00 00
[mtls] nq +070: 4d 14 22 80 fb 12 00 00 b7 33 22 80 fb 12 00 00
[mtls] nq +080: 09 00 00 00 00 00 00 00 00 00 00 00 00 00 00 00
[mtls] nq +090: 28 00 00 00 30 00 9e 04 01 00 00 00 da 34 22 80
[mtls] nq +0a0: fb 12 00 00 81 35 22 80 fb 12 00 00 09 00 00 00
[mtls] nq +0b0: 00 00 00 00 00 00 00 00 00 00 00 00 28 00 00 00
[mtls] nq +0c0: 00 00 9e 04 01 00 00 00 9a d4 98 83 fb 12 00 00
[mtls] nq +0d0: 01 f3 ca 83 fb 12 00 00 00 00 00 00 00 00 00 00
[mtls] nq +0e0: 00 00 00 00 00 00 00 00 28 00 00 00 30 00 9e 04
[mtls] nq +0f0: 01 00 00 00 07 f9 ca 83 fb 12 00 00 8c a7 f9 83
[mtls] done (alive)
[probe13] mtlself-only mode, stop
