19:38:25  Acquired tunnel connection to device.
19:38:25  Enabling developer disk image services.
19:38:25  Acquired usage assertion.
Launched application with cancer9725.turquoise1323 bundle identifier.
Waiting for the application to terminate…
[main] fuzz harness up, mode=all
[main] sandbox note: VCPDRM open is MACF-denied (iokit-open-user-client VCPDRMUserClient); mach-lookup com.apple.sprr / com.apple.jitbox exist but are sandbox-gated (seen in kernel log)
[open] IOServiceOpen VCPDRMService failed: 0xe00002e2
[open] service VCPDRMServiceUserClient not found
[vcpdrm] no connection, target dead
[mig] bootstrap-name phase done; add learned names to cand_names[]
[open] AppleM2ScalerCSCDriver -> conn 0x7403
[scaler] conn 0x7403, s1 77 s2 181
[probe12] SetNotificationPort -> 0x00000000
[v52] submit with notif-queue bound
[open] IOGPU -> conn 0x7103
[s2] sel14 count 0x4000 -> kr 0xe00002c2 out {0, 0}
[s2] sel14 count 0x100 -> kr 0xe00002c2 out {0, 0}
[s2] sel14 count 0x1000 -> kr 0xe00002c2 out {0, 0}
[s2] sel14 count 0x40 -> kr 0xe00002c2 out {0, 0}
[s2] sel14 count 0x400 -> kr 0xe00002c2 out {0, 0}
[s2] sel14 count 0x1 -> kr 0xe00002c2 out {0, 0}
[s2] sel6 -> kr 0x00000000 qid 1
[s2] missing pieces
[v50] end-to-end submit
[open] IOGPU -> conn 0x720f
[sm] queue kr 0x00000000 qid 1
[sm] resource buf 0x101244000 sz 0x4000 -> kr 0x00000000 rid 1
[sm] resource buf 0x101248000 sz 0x4000 -> kr 0x00000000 rid 2
[sm] sel25 stOut 0x0 -> kr 0xe00002bc scOut 0 osz2 0x0
[sm] sel25 stOut 0x10 -> kr 0xe00002c2 scOut 0 osz2 0x10
[sm] sel25 stOut 0x40 -> kr 0xe00002c2 scOut 0 osz2 0x40
[sm] sel25 stOut 0x100 -> kr 0xe00002c2 scOut 0 osz2 0x100
[sm] trap0 submit -> kr 0xe00002bc outw 00000000
[sm] stream just-end (hdr 80000000) -> kr 0xe00002bc scOut 0
[sm] stream type1-end (hdr 80000001) -> kr 0xe00002bc scOut 0
[sm] stream type2-end (hdr 80000002) -> kr 0xe00002bc scOut 0
[sm] stream type1-noend (hdr 00000001) -> kr 0xe00002bc scOut 0
[v50] done (alive)
[v49] queue shmem drive
[open] IOGPU -> conn 0xa31b
[qd] qid 1 tok 220b3443
[qd] candidate pages: 4
[qd] ctrl 0x101008000 data 0x100fb0000
[qd] ctrl+00: 0000006e 00000013 00000001 00000001
[qd] ctrl+10: 00000008 00000001 00000001 00000001
[qd] ctrl+20: 00000001 00000001 00000001 00000001
[qd] ctrl+30: 00000001 00000001 00000001 00000001
[qd] data+00: 73703464 9593b355 00000b30 00000001
[qd] data+10: 00000050 00000000 00000000 00000054
[qd] data+20: 00000000 00000000 00000000 000008e0
[qd] data+30: 00000a08 00000000 66cacc08 00000000
[qd] trap1(1, 1) -> kr 0xe00002c2 | ctrl now 0000006e 00000013 00000001 00000001
[qd] trap1(1, 2) -> kr 0xe00002c2 | ctrl now 0000006e 00000013 00000001 00000001
[qd] trap1(1, 3) -> kr 0xe00002c2 | ctrl now 0000006e 00000013 00000001 00000001
[v49] done (alive)
[v48] queue shmem via region diff
[open] IOGPU -> conn 0x6117
[qs] regions before: 143
[qs] sel6 -> kr 0x00000000 qid 1 tok 220b3449
[qs] NEW region 101288000 size 4000: 00 00 00 00 00 00 00 00
[qs] NEW region 10128c000 size 4000: 01 00 00 00 00 00 00 00
[qs] new regions: 2
[v48] done
[v47] getter dump
[open] IOGPU -> conn 0x8403
[gt] sel  0 -> kr 0x00000000 osz 0x40 soc 0
[gt]   +00: 0000000000004340 0000000000000000 0000000000000000 0000000000000002
[gt]   +20: 0000000155558000 0000000100000000 0000000000000000 0000000000000000
[gt]   +40: aaaaaaaaaaaaaaaa aaaaaaaaaaaaaaaa aaaaaaaaaaaaaaaa aaaaaaaaaaaaaaaa
[gt] sel  1 -> kr 0x00000000 osz 0x40 soc 0
[gt]   +00: 0050363147584741 0000000000000000 0000000000000000 0000000000000000
[gt]   +20: 0000000000000000 0000000000000000 0000000000000000 0000000000000000
[gt]   +40: aaaaaaaaaaaaaaaa aaaaaaaaaaaaaaaa aaaaaaaaaaaaaaaa aaaaaaaaaaaaaaaa
[gt] sel  2 -> kr 0x00000000 osz 0x218 soc 0
[gt]   +00: 0000000101290000 0000000800000008 0000008000000000 0000000400000000
[gt]   +20: 0000000c00000008 0000001400000010 0000001c00000018 0000002400000020
[gt]   +40: 0000002c00000028 0000003400000030 0000003c00000038 0000004400000040
[gt] sel  3 -> kr 0x00000000 osz 0x8 soc 0
[gt]   +00: 0000000000000000 aaaaaaaaaaaaaaaa aaaaaaaaaaaaaaaa aaaaaaaaaaaaaaaa
[gt]   +20: aaaaaaaaaaaaaaaa aaaaaaaaaaaaaaaa aaaaaaaaaaaaaaaa aaaaaaaaaaaaaaaa
[gt]   +40: aaaaaaaaaaaaaaaa aaaaaaaaaaaaaaaa aaaaaaaaaaaaaaaa aaaaaaaaaaaaaaaa
[gt] sel  4 -> kr 0x00000000 osz 0x20 soc 0
[gt]   +00: 00000000220b344d 00000001012a8000 0000000101298000 0000000000004000
[gt]   +20: aaaaaaaaaaaaaaaa aaaaaaaaaaaaaaaa aaaaaaaaaaaaaaaa aaaaaaaaaaaaaaaa
[gt]   +40: aaaaaaaaaaaaaaaa aaaaaaaaaaaaaaaa aaaaaaaaaaaaaaaa aaaaaaaaaaaaaaaa
[gt] sel  5 -> kr 0x00000000 osz 0x10 soc 0
[gt]   +00: 00000000220b344e 00000000230b344e aaaaaaaaaaaaaaaa aaaaaaaaaaaaaaaa
[gt]   +20: aaaaaaaaaaaaaaaa aaaaaaaaaaaaaaaa aaaaaaaaaaaaaaaa aaaaaaaaaaaaaaaa
[gt]   +40: aaaaaaaaaaaaaaaa aaaaaaaaaaaaaaaa aaaaaaaaaaaaaaaa aaaaaaaaaaaaaaaa
[gt] sel 16 -> kr 0x00000000 osz 0x8 soc 0
[gt]   +00: 00000000220b344c aaaaaaaaaaaaaaaa aaaaaaaaaaaaaaaa aaaaaaaaaaaaaaaa
[gt]   +20: aaaaaaaaaaaaaaaa aaaaaaaaaaaaaaaa aaaaaaaaaaaaaaaa aaaaaaaaaaaaaaaa
[gt]   +40: aaaaaaaaaaaaaaaa aaaaaaaaaaaaaaaa aaaaaaaaaaaaaaaa aaaaaaaaaaaaaaaa
[gt] sel 21 -> kr 0x00000000 osz 0x30 soc 0
[gt]   +00: 0000000000000000 0000000000000000 0000000000000000 0000000000000000
[gt]   +20: 0000000000000000 0000000000000000 aaaaaaaaaaaaaaaa aaaaaaaaaaaaaaaa
[gt]   +40: aaaaaaaaaaaaaaaa aaaaaaaaaaaaaaaa aaaaaaaaaaaaaaaa aaaaaaaaaaaaaaaa
[gt] sel 22 -> kr 0xe00002c7 osz 0x400 soc 0
[gt] sel 28 -> kr 0xe00002c2 osz 0x0 soc 0
[v47] done
[v46] shmem selector probes
[open] IOGPU -> conn 0x8503
[sh] --- IOGPU/1 conn 0x8503
[open] AGXAcceleratorG16P -> conn 0x6227
[sh] --- AGXAcceleratorG16P/1 conn 0x6227
[open] AGXAcceleratorG16P -> conn 0x851b
[sh] --- AGXAcceleratorG16P/100001 conn 0x851b
[v46] done
[v45] IOGPU.framework drive
[fw] DeviceCreate 0x21405a744 QueueCreate 0x214042690 GetConnect 0x21405a7f4
[fw] device 0x0
[v44] IOGPU submit path
[open] IOGPU -> conn 0x622f
[sub] sel6 stIn 0x410 -> kr 0x00000000 out {1 230b3456}
[sub] queue: qid 1 tok 230b3456
[sub] sel25 count=0 -> kr 0xe00002c2 out 0
[v44] done (alive)
[v43] AGX Metal-sequence replay
[open] AGXAcceleratorG16P -> conn 0xa423
[agx] conn 0xa423
[agx] sel9 alloc -> kr 0xe00002c2 osz 0x100 out {0000000000000000 0000000000000000 0000000000000000}
[agx] sel14 {0x4000,0} -> kr 0xe00002c2 out {0000000000000000 0000000000000000 0000000000000000 0000000000000000}
[agx] sel14 {0x4000,1} -> kr 0xe00002c2 out {0000000000000000 0000000000000000 0000000000000000 0000000000000000}
[agx] sel16 -> kr 0xe00002c2 out {0000000000000000 0000000000000000 0000000000000000 0000000000000000}
[agx] sel28 {1,1} -> kr 0xe00002c2
[agx] sel17 {1} -> kr 0xe00002c2
[agx] sel8 {1} -> kr 0xe00002c2
[agx] sel15 {2} -> kr 0xe00002c2 out {0 0}
[v43] done (alive)
[v42] AGX service scan
[agx] AGXAcceleratorG16P       type 0x0 -> 0xe00002c7
[agx] AGXAcceleratorG16P       OPEN OK type 0x1 conn 0x8533
[agx] AGXAcceleratorG16P       type 0x100005 -> 0xe00002c7
[agx] AGXAcceleratorG16P       type 0x5 -> 0xe00002c7
[agx] AGXAcceleratorG16P       OPEN OK type 0x100001 conn 0x853f
[agx] AGXAcceleratorG16        type 0x0 -> 0xe00002c7
[agx] AGXAcceleratorG16        OPEN OK type 0x1 conn 0x854b
[agx] AGXAcceleratorG16        type 0x100005 -> 0xe00002c7
[agx] AGXAcceleratorG16        type 0x5 -> 0xe00002c7
[agx] AGXAcceleratorG16        OPEN OK type 0x100001 conn 0x8557
[agx] AGXAccelerator           type 0x0 -> 0xe00002c7
[agx] AGXAccelerator           OPEN OK type 0x1 conn 0x8563
[agx] AGXAccelerator           type 0x100005 -> 0xe00002c7
[agx] AGXAccelerator           type 0x5 -> 0xe00002c7
[agx] AGXAccelerator           OPEN OK type 0x100001 conn 0x856f
[agx] AGXAcceleratorG15P       NOT FOUND
[agx] AGXAcceleratorG16G       NOT FOUND
[agx] AGXG16P                  NOT FOUND
[agx] AGXControl               NOT FOUND
[agx] AGXDevice                NOT FOUND
[agx] AGXService               NOT FOUND
[agx] AppleAGXControl          NOT FOUND
[v42] done
[v41] IOGPU VM full path
[open] IOGPU -> conn 0x857b
[vm2] sel8 -> kr 0x00000000 rid 1
[vm2] sel14 sweep done, unusual krs 0
[vm2] sel42 -> kr 0x00000000 vmid 1 tok 230b34fc
[vm2] missing pieces, abort
[v40] IOGPU VM map probes
[open] IOGPU -> conn 0x8603
[vm] sel8 -> kr 0x00000000 rid 1
[vm] sel42 -> kr 0x00000000 out {1, 230b3504}
[vm] sel6 new_cmd_queue -> kr 0xe00002c2 out {0, 0}
[vm] sel44 attach vmtok (230b3504) -> kr 0xe00002c2
[vm] sel44 attach rid (1) -> kr 0xe00002c2
[vm] sel44 attach qid (0) -> kr 0xe00002c2
[vm] no attach, abort
[v39] IOGPU resource games
[open] IOGPU -> conn 0xa203
[gpu] conn 0xa203
[gpu] sel8 insz 0x58 outsz 0x58 -> kr 0xe00002bc
[gpu] sel8 insz 0x58 outsz 0x80 -> kr 0xe00002bc
[gpu] sel8 insz 0x58 outsz 0x100 -> kr 0xe00002bc
[gpu] sel8 insz 0x58 outsz 0x220 -> kr 0xe00002bc
[gpu] sel8 insz 0x58 outsz 0x400 -> kr 0xe00002bc
[gpu] sel8 insz 0x58 outsz 0x1000 -> kr 0xe00002bc
[gpu] sel8 insz 0x60 outsz 0x58 -> kr 0xe00002bc
[gpu] sel8 insz 0x60 outsz 0x80 -> kr 0xe00002bc
[gpu] sel8 insz 0x60 outsz 0x100 -> kr 0xe00002bc
[gpu] sel8 insz 0x60 outsz 0x220 -> kr 0xe00002bc
[gpu] sel8 insz 0x60 outsz 0x400 -> kr 0xe00002bc
[gpu] sel8 insz 0x60 outsz 0x1000 -> kr 0xe00002bc
[gpu] sel8 insz 0x68 outsz 0x58 -> kr 0x00000000
[gpu] sel8 normal -> kr 0x00000000 rid 1
[gpu] sel8 inflated -> kr 0x00000000 rid 2 (out+28 4000)
[gpu] inflated out: 0000010000108000 0000000000004000 00000000230b351c
[gpu] sel8 f15 00 f16 01 -> kr 0x00000000 rid 3
[gpu]   sel38 on rid 3 -> kr 0xe00002c2
[gpu] sel8 f15 08 f16 00 -> kr 0xe00002c2 rid 0
[gpu] sel8 f15 00 f16 06 -> kr 0x00000000 rid 4
[gpu]   sel38 on rid 4 -> kr 0xe00002c2
[gpu] sel39 replace_ranges -> kr 0xe00002c2
[gpu] sel42 new_queue -> kr 0x00000000 out 1 230b351f
[v39] done (alive)
[v38] method-table probes
[open] AppleJPEGDriver -> conn 0xa103
[mp] AppleJPEGDriver/0 sel  0: scalar 0xe00002c2 (cnt 4) | s00 0x00000000 | s1000 0xe00002c2 osz 0x1000
[mp] AppleJPEGDriver/0 sel  1: scalar 0xe00002c2 (cnt 4) | s00 0xe00002c2 | s1000 0xe00002c2 osz 0x1000
[mp] AppleJPEGDriver/0 sel  2: scalar 0xe00002c2 (cnt 4) | s00 0x00000000 | s1000 0xe00002c2 osz 0x1000
[mp] AppleJPEGDriver/0 sel  3: scalar 0xe00002c2 (cnt 4) | s00 0xe00002c2 | s1000 0xe00002c2 osz 0x1000
[mp] AppleJPEGDriver/0 sel  4: scalar 0xe00002c2 (cnt 4) | s00 0xe00002c2 | s1000 0xe00002bc osz 0x1000
[mp] AppleJPEGDriver/0 sel  5: scalar 0xe00002c2 (cnt 4) | s00 0xe00002c2 | s1000 0xe00002cc osz 0x1000
[mp] AppleJPEGDriver/0 sel  6: scalar 0xe00002c2 (cnt 4) | s00 0xe00002c2 | s1000 0xe00002c2 osz 0x1000
[mp] AppleJPEGDriver/0 sel  7: scalar 0xe00002c2 (cnt 4) | s00 0xe00002c2 | s1000 0xe00002c2 osz 0x1000
[mp] AppleJPEGDriver/0 sel  8: scalar 0xe00002c2 (cnt 4) | s00 0xe00002c2 | s1000 0xe00002c2 osz 0x1000
[mp] AppleJPEGDriver/0 sel  9: scalar 0xe00002c2 (cnt 4) | s00 0xe00002bc | s1000 0xe00002c2 osz 0x1000
[mp] AppleJPEGDriver/0 sel 10: scalar 0xe00002c2 (cnt 4) | s00 0xe00002c2 | s1000 0xe00002c2 osz 0x1000
[mp] AppleJPEGDriver/0 sel 11: scalar 0xe00002c2 (cnt 4) | s00 0xe00002c2 | s1000 0xe00002c2 osz 0x1000
[mp] AppleJPEGDriver/0 sel 12: scalar 0xe00002c2 (cnt 4) | s00 0xe00002c2 | s1000 0xe00002c2 osz 0x1000
[mp] AppleJPEGDriver/0 sel 13: scalar 0xe00002c2 (cnt 4) | s00 0xe00002c2 | s1000 0xe00002c2 osz 0x1000
[mp] AppleJPEGDriver/0 sel 14: scalar 0xe00002c2 (cnt 4) | s00 0xe00002c2 | s1000 0xe00002c2 osz 0x1000
[mp] AppleJPEGDriver/0 sel 15: scalar 0xe00002c2 (cnt 4) | s00 0xe00002c2 | s1000 0xe00002c2 osz 0x1000
[mp] AppleJPEGDriver/0 sel 16: scalar 0xe00002c2 (cnt 4) | s00 0xe00002c2 | s1000 0xe00002c2 osz 0x1000
[mp] AppleJPEGDriver/0 sel 17: scalar 0xe00002c2 (cnt 4) | s00 0xe00002c2 | s1000 0xe00002c2 osz 0x1000
[mp] AppleJPEGDriver/0 sel 18: scalar 0xe00002c2 (cnt 4) | s00 0xe00002c2 | s1000 0xe00002c2 osz 0x1000
[mp] AppleJPEGDriver/0 sel 19: scalar 0xe00002c2 (cnt 4) | s00 0xe00002c2 | s1000 0xe00002c2 osz 0x1000
[mp] AppleJPEGDriver/0 sel 20: scalar 0xe00002c2 (cnt 4) | s00 0xe00002c2 | s1000 0xe00002c2 osz 0x1000
[mp] AppleJPEGDriver/0 sel 21: scalar 0xe00002c2 (cnt 4) | s00 0xe00002c2 | s1000 0xe00002c2 osz 0x1000
[mp] AppleJPEGDriver/0 sel 22: scalar 0xe00002c2 (cnt 4) | s00 0xe00002c2 | s1000 0xe00002c2 osz 0x1000
[mp] AppleJPEGDriver/0 sel 23: scalar 0xe00002c2 (cnt 4) | s00 0xe00002c2 | s1000 0xe00002c2 osz 0x1000
[mp] AppleJPEGDriver/0 sel 24: scalar 0xe00002c2 (cnt 4) | s00 0xe00002c2 | s1000 0xe00002c2 osz 0x1000
[mp] AppleJPEGDriver/0 sel 25: scalar 0xe00002c2 (cnt 4) | s00 0xe00002c2 | s1000 0xe00002c2 osz 0x1000
[mp] AppleJPEGDriver/0 sel 26: scalar 0xe00002c2 (cnt 4) | s00 0xe00002c2 | s1000 0xe00002c2 osz 0x1000
[mp] AppleJPEGDriver/0 sel 27: scalar 0xe00002c2 (cnt 4) | s00 0xe00002c2 | s1000 0xe00002c2 osz 0x1000
[mp] AppleJPEGDriver/0 sel 28: scalar 0xe00002c2 (cnt 4) | s00 0xe00002c2 | s1000 0xe00002c2 osz 0x1000
[mp] AppleJPEGDriver/0 sel 29: scalar 0xe00002c2 (cnt 4) | s00 0xe00002c2 | s1000 0xe00002c2 osz 0x1000
[mp] AppleJPEGDriver/0 sel 30: scalar 0xe00002c2 (cnt 4) | s00 0xe00002c2 | s1000 0xe00002c2 osz 0x1000
[mp] AppleJPEGDriver/0 sel 31: scalar 0xe00002c2 (cnt 4) | s00 0xe00002c2 | s1000 0xe00002c2 osz 0x1000
[mp] AppleJPEGDriver/0 sel 32: scalar 0xe00002c2 (cnt 4) | s00 0xe00002c2 | s1000 0xe00002c2 osz 0x1000
[mp] AppleJPEGDriver/0 sel 33: scalar 0xe00002c2 (cnt 4) | s00 0xe00002c2 | s1000 0xe00002c2 osz 0x1000
[mp] AppleJPEGDriver/0 sel 34: scalar 0xe00002c2 (cnt 4) | s00 0xe00002c2 | s1000 0xe00002c2 osz 0x1000
[mp] AppleJPEGDriver/0 sel 35: scalar 0xe00002c2 (cnt 4) | s00 0xe00002c2 | s1000 0xe00002c2 osz 0x1000
[mp] AppleJPEGDriver/0 sel 36: scalar 0xe00002c2 (cnt 4) | s00 0xe00002c2 | s1000 0xe00002c2 osz 0x1000
[mp] AppleJPEGDriver/0 sel 37: scalar 0xe00002c2 (cnt 4) | s00 0xe00002c2 | s1000 0xe00002c2 osz 0x1000
[mp] AppleJPEGDriver/0 sel 38: scalar 0xe00002c2 (cnt 4) | s00 0xe00002c2 | s1000 0xe00002c2 osz 0x1000
[mp] AppleJPEGDriver/0 sel 39: scalar 0xe00002c2 (cnt 4) | s00 0xe00002c2 | s1000 0xe00002c2 osz 0x1000
[mp] AppleJPEGDriver/0: 40 live selectors
[open] AppleJPEGDriver -> conn 0x6ccf
[mp] AppleJPEGDriver/1 sel  0: scalar 0xe00002c2 (cnt 4) | s00 0x00000000 | s1000 0xe00002c2 osz 0x1000
[mp] AppleJPEGDriver/1 sel  1: scalar 0xe00002c2 (cnt 4) | s00 0xe00002c2 | s1000 0xe00002c2 osz 0x1000
[mp] AppleJPEGDriver/1 sel  2: scalar 0xe00002c2 (cnt 4) | s00 0x00000000 | s1000 0xe00002c2 osz 0x1000
[mp] AppleJPEGDriver/1 sel  3: scalar 0xe00002c2 (cnt 4) | s00 0xe00002c2 | s1000 0xe00002c2 osz 0x1000
[mp] AppleJPEGDriver/1 sel  4: scalar 0xe00002c2 (cnt 4) | s00 0xe00002c2 | s1000 0xe00002bc osz 0x1000
[mp] AppleJPEGDriver/1 sel  5: scalar 0xe00002c2 (cnt 4) | s00 0xe00002c2 | s1000 0xe00002cc osz 0x1000
[mp] AppleJPEGDriver/1 sel  6: scalar 0xe00002c2 (cnt 4) | s00 0xe00002c2 | s1000 0xe00002c2 osz 0x1000
[mp] AppleJPEGDriver/1 sel  7: scalar 0xe00002c2 (cnt 4) | s00 0xe00002c2 | s1000 0xe00002c2 osz 0x1000
[mp] AppleJPEGDriver/1 sel  8: scalar 0xe00002c2 (cnt 4) | s00 0xe00002c2 | s1000 0xe00002c2 osz 0x1000
[mp] AppleJPEGDriver/1 sel  9: scalar 0xe00002c2 (cnt 4) | s00 0xe00002bc | s1000 0xe00002c2 osz 0x1000
[mp] AppleJPEGDriver/1 sel 10: scalar 0xe00002c2 (cnt 4) | s00 0xe00002c2 | s1000 0xe00002c2 osz 0x1000
[mp] AppleJPEGDriver/1 sel 11: scalar 0xe00002c2 (cnt 4) | s00 0xe00002c2 | s1000 0xe00002c2 osz 0x1000
[mp] AppleJPEGDriver/1 sel 12: scalar 0xe00002c2 (cnt 4) | s00 0xe00002c2 | s1000 0xe00002c2 osz 0x1000
[mp] AppleJPEGDriver/1 sel 13: scalar 0xe00002c2 (cnt 4) | s00 0xe00002c2 | s1000 0xe00002c2 osz 0x1000
[mp] AppleJPEGDriver/1 sel 14: scalar 0xe00002c2 (cnt 4) | s00 0xe00002c2 | s1000 0xe00002c2 osz 0x1000
[mp] AppleJPEGDriver/1 sel 15: scalar 0xe00002c2 (cnt 4) | s00 0xe00002c2 | s1000 0xe00002c2 osz 0x1000
[mp] AppleJPEGDriver/1 sel 16: scalar 0xe00002c2 (cnt 4) | s00 0xe00002c2 | s1000 0xe00002c2 osz 0x1000
[mp] AppleJPEGDriver/1 sel 17: scalar 0xe00002c2 (cnt 4) | s00 0xe00002c2 | s1000 0xe00002c2 osz 0x1000
[mp] AppleJPEGDriver/1 sel 18: scalar 0xe00002c2 (cnt 4) | s00 0xe00002c2 | s1000 0xe00002c2 osz 0x1000
[mp] AppleJPEGDriver/1 sel 19: scalar 0xe00002c2 (cnt 4) | s00 0xe00002c2 | s1000 0xe00002c2 osz 0x1000
[mp] AppleJPEGDriver/1 sel 20: scalar 0xe00002c2 (cnt 4) | s00 0xe00002c2 | s1000 0xe00002c2 osz 0x1000
[mp] AppleJPEGDriver/1 sel 21: scalar 0xe00002c2 (cnt 4) | s00 0xe00002c2 | s1000 0xe00002c2 osz 0x1000
[mp] AppleJPEGDriver/1 sel 22: scalar 0xe00002c2 (cnt 4) | s00 0xe00002c2 | s1000 0xe00002c2 osz 0x1000
[mp] AppleJPEGDriver/1 sel 23: scalar 0xe00002c2 (cnt 4) | s00 0xe00002c2 | s1000 0xe00002c2 osz 0x1000
[mp] AppleJPEGDriver/1 sel 24: scalar 0xe00002c2 (cnt 4) | s00 0xe00002c2 | s1000 0xe00002c2 osz 0x1000
[mp] AppleJPEGDriver/1 sel 25: scalar 0xe00002c2 (cnt 4) | s00 0xe00002c2 | s1000 0xe00002c2 osz 0x1000
[mp] AppleJPEGDriver/1 sel 26: scalar 0xe00002c2 (cnt 4) | s00 0xe00002c2 | s1000 0xe00002c2 osz 0x1000
[mp] AppleJPEGDriver/1 sel 27: scalar 0xe00002c2 (cnt 4) | s00 0xe00002c2 | s1000 0xe00002c2 osz 0x1000
[mp] AppleJPEGDriver/1 sel 28: scalar 0xe00002c2 (cnt 4) | s00 0xe00002c2 | s1000 0xe00002c2 osz 0x1000
[mp] AppleJPEGDriver/1 sel 29: scalar 0xe00002c2 (cnt 4) | s00 0xe00002c2 | s1000 0xe00002c2 osz 0x1000
[mp] AppleJPEGDriver/1 sel 30: scalar 0xe00002c2 (cnt 4) | s00 0xe00002c2 | s1000 0xe00002c2 osz 0x1000
[mp] AppleJPEGDriver/1 sel 31: scalar 0xe00002c2 (cnt 4) | s00 0xe00002c2 | s1000 0xe00002c2 osz 0x1000
[mp] AppleJPEGDriver/1 sel 32: scalar 0xe00002c2 (cnt 4) | s00 0xe00002c2 | s1000 0xe00002c2 osz 0x1000
[mp] AppleJPEGDriver/1 sel 33: scalar 0xe00002c2 (cnt 4) | s00 0xe00002c2 | s1000 0xe00002c2 osz 0x1000
[mp] AppleJPEGDriver/1 sel 34: scalar 0xe00002c2 (cnt 4) | s00 0xe00002c2 | s1000 0xe00002c2 osz 0x1000
[mp] AppleJPEGDriver/1 sel 35: scalar 0xe00002c2 (cnt 4) | s00 0xe00002c2 | s1000 0xe00002c2 osz 0x1000
[mp] AppleJPEGDriver/1 sel 36: scalar 0xe00002c2 (cnt 4) | s00 0xe00002c2 | s1000 0xe00002c2 osz 0x1000
[mp] AppleJPEGDriver/1 sel 37: scalar 0xe00002c2 (cnt 4) | s00 0xe00002c2 | s1000 0xe00002c2 osz 0x1000
[mp] AppleJPEGDriver/1 sel 38: scalar 0xe00002c2 (cnt 4) | s00 0xe00002c2 | s1000 0xe00002c2 osz 0x1000
[mp] AppleJPEGDriver/1 sel 39: scalar 0xe00002c2 (cnt 4) | s00 0xe00002c2 | s1000 0xe00002c2 osz 0x1000
[mp] AppleJPEGDriver/1: 40 live selectors
[open] IOMobileFramebufferAP -> conn 0xa113
[mp] IOMobileFramebufferAP/0 sel  0: scalar 0xe00002c2 (cnt 4) | s00 0xe00002c2 | s1000 0xe00002c2 osz 0x1000
[mp] IOMobileFramebufferAP/0 sel  1: scalar 0xe00002c2 (cnt 4) | s00 0xe00002c7 | s1000 0xe00002c2 osz 0x1000
[mp] IOMobileFramebufferAP/0 sel  2: scalar 0xe00002c2 (cnt 4) | s00 0xe00002c7 | s1000 0xe00002c2 osz 0x1000
[mp] IOMobileFramebufferAP/0 sel  3: scalar 0xe00002c2 (cnt 4) | s00 0xe00002c2 | s1000 0xe00002c2 osz 0x1000
[mp] IOMobileFramebufferAP/0 sel  4: scalar 0xe00002c2 (cnt 4) | s00 0xe00002c2 | s1000 0xe00002c2 osz 0x1000
[mp] IOMobileFramebufferAP/0 sel  5: scalar 0xe00002c2 (cnt 4) | s00 0xe00002c2 | s1000 0xe00002c2 osz 0x1000
[mp] IOMobileFramebufferAP/0 sel  6: scalar 0xe00002c2 (cnt 4) | s00 0xe00002c2 | s1000 0xe00002c2 osz 0x1000
[mp] IOMobileFramebufferAP/0 sel  7: scalar 0xe00002c2 (cnt 4) | s00 0xe00002c2 | s1000 0xe00002c2 osz 0x1000
[mp] IOMobileFramebufferAP/0 sel  8: scalar 0xe00002c2 (cnt 4) | s00 0xe00002c2 | s1000 0xe00002c2 osz 0x1000
[mp] IOMobileFramebufferAP/0 sel  9: scalar 0xe00002c2 (cnt 4) | s00 0xe00002c2 | s1000 0xe00002c2 osz 0x1000
[mp] IOMobileFramebufferAP/0 sel 10: scalar 0xe00002c2 (cnt 4) | s00 0xe00002c2 | s1000 0xe00002c2 osz 0x1000
[mp] IOMobileFramebufferAP/0 sel 11: scalar 0xe00002c2 (cnt 4) | s00 0xe00002c2 | s1000 0xe00002c2 osz 0x1000
[mp] IOMobileFramebufferAP/0 sel 12: scalar 0xe00002c2 (cnt 4) | s00 0xe00002c2 | s1000 0xe00002c2 osz 0x1000
[mp] IOMobileFramebufferAP/0 sel 13: scalar 0xe00002c2 (cnt 4) | s00 0xe00002c2 | s1000 0xe00002c2 osz 0x1000
[mp] IOMobileFramebufferAP/0 sel 14: scalar 0xe00002c2 (cnt 4) | s00 0xe00002c2 | s1000 0xe00002c2 osz 0x1000
[mp] IOMobileFramebufferAP/0 sel 15: scalar 0xe00002c2 (cnt 4) | s00 0xe00002c2 | s1000 0xe00002c2 osz 0x1000
[mp] IOMobileFramebufferAP/0 sel 16: scalar 0xe00002c2 (cnt 4) | s00 0xe00002c2 | s1000 0xe00002c2 osz 0x1000
[mp] IOMobileFramebufferAP/0 sel 17: scalar 0xe00002c2 (cnt 4) | s00 0xe00002c2 | s1000 0xe00002c2 osz 0x1000
[mp] IOMobileFramebufferAP/0 sel 18: scalar 0xe00002c2 (cnt 4) | s00 0xe00002c2 | s1000 0xe00002c2 osz 0x1000
[mp] IOMobileFramebufferAP/0 sel 19: scalar 0xe00002c2 (cnt 4) | s00 0xe00002c2 | s1000 0xe00002c2 osz 0x1000
[mp] IOMobileFramebufferAP/0 sel 20: scalar 0xe00002c2 (cnt 4) | s00 0xe00002c2 | s1000 0xe00002c2 osz 0x1000
[mp] IOMobileFramebufferAP/0 sel 21: scalar 0xe00002c2 (cnt 4) | s00 0xe00002c2 | s1000 0xe00002c2 osz 0x1000
[mp] IOMobileFramebufferAP/0 sel 22: scalar 0xe00002c2 (cnt 4) | s00 0xe00002c2 | s1000 0xe00002c2 osz 0x1000
[mp] IOMobileFramebufferAP/0 sel 23: scalar 0xe00002c2 (cnt 4) | s00 0xe00002c2 | s1000 0xe00002c2 osz 0x1000
[mp] IOMobileFramebufferAP/0 sel 24: scalar 0xe00002c2 (cnt 4) | s00 0xe00002c2 | s1000 0xe00002c2 osz 0x1000
[mp] IOMobileFramebufferAP/0 sel 25: scalar 0xe00002c2 (cnt 4) | s00 0xe00002c2 | s1000 0xe00002c2 osz 0x1000
[mp] IOMobileFramebufferAP/0 sel 26: scalar 0xe00002c2 (cnt 4) | s00 0x00000000 | s1000 0xe00002c2 osz 0x1000
[mp] IOMobileFramebufferAP/0 sel 27: scalar 0xe00002c2 (cnt 4) | s00 0xe00002c2 | s1000 0xe00002c2 osz 0x1000
[mp] IOMobileFramebufferAP/0 sel 28: scalar 0xe00002c2 (cnt 4) | s00 0xe00002c2 | s1000 0xe00002c2 osz 0x1000
[mp] IOMobileFramebufferAP/0 sel 29: scalar 0xe00002c2 (cnt 4) | s00 0xe00002c2 | s1000 0xe00002c2 osz 0x1000
[mp] IOMobileFramebufferAP/0 sel 30: scalar 0xe00002c2 (cnt 4) | s00 0xe00002c2 | s1000 0xe00002c2 osz 0x1000
[mp] IOMobileFramebufferAP/0 sel 31: scalar 0xe00002c2 (cnt 4) | s00 0xe00002c2 | s1000 0xe00002c2 osz 0x1000
[mp] IOMobileFramebufferAP/0 sel 32: scalar 0xe00002c2 (cnt 4) | s00 0xe00002c2 | s1000 0xe00002c2 osz 0x1000
[mp] IOMobileFramebufferAP/0 sel 33: scalar 0xe00002c2 (cnt 4) | s00 0xe00002c2 | s1000 0xe00002c2 osz 0x1000
[mp] IOMobileFramebufferAP/0 sel 34: scalar 0xe00002c2 (cnt 4) | s00 0xe00002c2 | s1000 0xe00002c2 osz 0x1000
[mp] IOMobileFramebufferAP/0 sel 35: scalar 0xe00002c2 (cnt 4) | s00 0xe00002c2 | s1000 0xe00002c2 osz 0x1000
[mp] IOMobileFramebufferAP/0 sel 36: scalar 0xe00002c2 (cnt 4) | s00 0xe00002c7 | s1000 0xe00002c2 osz 0x1000
[mp] IOMobileFramebufferAP/0 sel 37: scalar 0xe00002c2 (cnt 4) | s00 0xe00002c7 | s1000 0xe00002c2 osz 0x1000
[mp] IOMobileFramebufferAP/0 sel 38: scalar 0xe00002c2 (cnt 4) | s00 0xe00002c7 | s1000 0xe00002c2 osz 0x1000
[mp] IOMobileFramebufferAP/0 sel 39: scalar 0xe00002c2 (cnt 4) | s00 0xe00002c7 | s1000 0xe00002c2 osz 0x1000
[mp] IOMobileFramebufferAP/0: 40 live selectors
[open] IOGPU -> conn 0x6ce7
[mp] IOGPU/1 sel  0: scalar 0xe00002c2 (cnt 4) | s00 0xe00002c2 | s1000 0xe00002c2 osz 0x1000
[mp] IOGPU/1 sel  1: scalar 0xe00002c2 (cnt 4) | s00 0xe00002c2 | s1000 0xe00002c2 osz 0x1000
[mp] IOGPU/1 sel  2: scalar 0xe00002c2 (cnt 4) | s00 0xe00002c2 | s1000 0xe00002c2 osz 0x1000
[mp] IOGPU/1 sel  3: scalar 0xe00002c2 (cnt 4) | s00 0xe00002c2 | s1000 0xe00002c2 osz 0x1000
[mp] IOGPU/1 sel  4: scalar 0xe00002c2 (cnt 4) | s00 0xe00002c2 | s1000 0xe00002c2 osz 0x1000
[mp] IOGPU/1 sel  5: scalar 0xe00002c2 (cnt 4) | s00 0xe00002c2 | s1000 0xe00002c2 osz 0x1000
[mp] IOGPU/1 sel  6: scalar 0xe00002c2 (cnt 4) | s00 0xe00002c2 | s1000 0xe00002c2 osz 0x1000
[mp] IOGPU/1 sel  7: scalar 0xe00002c2 (cnt 4) | s00 0xe00002c2 | s1000 0xe00002c2 osz 0x1000
[mp] IOGPU/1 sel  8: scalar 0xe00002c2 (cnt 4) | s00 0xe00002c2 | s1000 0xe00002be osz 0x1000
[mp] IOGPU/1 sel  9: scalar 0xe00002c2 (cnt 4) | s00 0xe00002c2 | s1000 0xe00002c2 osz 0x1000
[mp] IOGPU/1 sel 10: scalar 0xe00002c2 (cnt 4) | s00 0xe00002c2 | s1000 0xe00002c2 osz 0x1000
[mp] IOGPU/1 sel 11: scalar 0xe00002c2 (cnt 4) | s00 0xe00002c2 | s1000 0xe00002c2 osz 0x1000
[mp] IOGPU/1 sel 12: scalar 0xe00002c2 (cnt 4) | s00 0xe00002c2 | s1000 0xe00002c2 osz 0x1000
[mp] IOGPU/1 sel 13: scalar 0xe00002c2 (cnt 4) | s00 0xe00002c2 | s1000 0xe00002c2 osz 0x1000
[mp] IOGPU/1 sel 14: scalar 0xe00002c2 (cnt 4) | s00 0xe00002c2 | s1000 0xe00002c2 osz 0x1000
[mp] IOGPU/1 sel 15: scalar 0xe00002c2 (cnt 4) | s00 0xe00002c2 | s1000 0xe00002c2 osz 0x1000
[mp] IOGPU/1 sel 16: scalar 0xe00002c2 (cnt 4) | s00 0xe00002c2 | s1000 0xe00002c2 osz 0x1000
[mp] IOGPU/1 sel 17: scalar 0xe00002c2 (cnt 4) | s00 0xe00002c2 | s1000 0xe00002c2 osz 0x1000
[mp] IOGPU/1 sel 18: scalar 0xe00002c2 (cnt 4) | s00 0xe00002c2 | s1000 0xe00002c2 osz 0x1000
[mp] IOGPU/1 sel 19: scalar 0xe00002c2 (cnt 4) | s00 0xe00002c2 | s1000 0xe00002c2 osz 0x1000
[mp] IOGPU/1 sel 20: scalar 0xe00002c2 (cnt 4) | s00 0xe00002c2 | s1000 0xe00002c2 osz 0x1000
[mp] IOGPU/1 sel 21: scalar 0xe00002c2 (cnt 4) | s00 0xe00002c2 | s1000 0xe00002c2 osz 0x1000
[mp] IOGPU/1 sel 22: scalar 0xe00002c2 (cnt 4) | s00 0xe00002c7 | s1000 0xe00002c2 osz 0x1000
[mp] IOGPU/1 sel 23: scalar 0xe00002c2 (cnt 4) | s00 0xe00002c2 | s1000 0xe00002c2 osz 0x1000
[mp] IOGPU/1 sel 24: scalar 0xe00002c2 (cnt 4) | s00 0xe00002c2 | s1000 0xe00002c2 osz 0x1000
[mp] IOGPU/1 sel 25: scalar 0xe00002c2 (cnt 4) | s00 0xe00002c2 | s1000 0xe00002c2 osz 0x1000
[mp] IOGPU/1 sel 26: scalar 0xe00002c2 (cnt 4) | s00 0xe00002c2 | s1000 0xe00002c2 osz 0x1000
[mp] IOGPU/1 sel 27: scalar 0xe00002c2 (cnt 4) | s00 0xe00002c2 | s1000 0xe00002c2 osz 0x1000
[mp] IOGPU/1 sel 28: scalar 0xe00002c2 (cnt 4) | s00 0xe00002c2 | s1000 0xe00002c2 osz 0x1000
[mp] IOGPU/1 sel 29: scalar 0xe00002c2 (cnt 4) | s00 0xe00002c2 | s1000 0xe00002c2 osz 0x1000
[mp] IOGPU/1 sel 30: scalar 0xe00002c2 (cnt 4) | s00 0xe00002c2 | s1000 0xe00002c2 osz 0x1000
[mp] IOGPU/1 sel 31: scalar 0xe00002c2 (cnt 4) | s00 0xe00002c2 | s1000 0xe00002c2 osz 0x1000
[mp] IOGPU/1 sel 32: scalar 0xe00002c2 (cnt 4) | s00 0xe00002c2 | s1000 0xe00002c2 osz 0x1000
[mp] IOGPU/1 sel 33: scalar 0xe00002c2 (cnt 4) | s00 0xe00002c2 | s1000 0xe00002c2 osz 0x1000
[mp] IOGPU/1 sel 34: scalar 0xe00002c2 (cnt 4) | s00 0xe00002c2 | s1000 0xe00002c2 osz 0x1000
[mp] IOGPU/1 sel 35: scalar 0xe00002c2 (cnt 4) | s00 0xe00002c2 | s1000 0xe00002c2 osz 0x1000
[mp] IOGPU/1 sel 36: scalar 0xe00002c2 (cnt 4) | s00 0xe00002c2 | s1000 0xe00002c2 osz 0x1000
[mp] IOGPU/1 sel 37: scalar 0xe00002c2 (cnt 4) | s00 0xe00002c2 | s1000 0xe00002c2 osz 0x1000
[mp] IOGPU/1 sel 38: scalar 0xe00002c2 (cnt 4) | s00 0xe00002c2 | s1000 0xe00002c2 osz 0x1000
[mp] IOGPU/1 sel 39: scalar 0xe00002c2 (cnt 4) | s00 0xe00002c2 | s1000 0xe00002c2 osz 0x1000
[mp] IOGPU/1: 40 live selectors
[open] AppleKeyStore -> conn 0xa123
[mp] AppleKeyStore/0 sel  0: scalar 0x00000000 (cnt 4) | s00 0x00000000 | s1000 0x00000000 osz 0x1000
[mp] AppleKeyStore/0 sel  1: scalar 0x00000000 (cnt 4) | s00 0x00000000 | s1000 0x00000000 osz 0x1000
[mp] AppleKeyStore/0 sel  2: scalar 0xe00002c2 (cnt 4) | s00 0xe00002c2 | s1000 0xe00002c2 osz 0x1000
[mp] AppleKeyStore/0 sel  3: scalar 0xe00002c2 (cnt 4) | s00 0xe00002c2 | s1000 0xe00002c2 osz 0x1000
[mp] AppleKeyStore/0 sel  4: scalar 0xe00002c2 (cnt 4) | s00 0xe00002c2 | s1000 0xe00002c2 osz 0x1000
[mp] AppleKeyStore/0 sel  5: scalar 0xe00002c1 (cnt 4) | s00 0xe00002c1 | s1000 0xe00002c1 osz 0x1000
[mp] AppleKeyStore/0 sel  6: scalar 0xe00002c1 (cnt 4) | s00 0xe00002c1 | s1000 0xe00002c1 osz 0x1000
[mp] AppleKeyStore/0 sel  7: scalar 0xe00002c2 (cnt 4) | s00 0xe00002c2 | s1000 0xe00002c2 osz 0x1000
[mp] AppleKeyStore/0 sel  8: scalar 0xe00002c2 (cnt 4) | s00 0xe00002e2 | s1000 0xe00002e2 osz 0x1000
[mp] AppleKeyStore/0 sel  9: scalar 0xe00002c2 (cnt 4) | s00 0xe00002c2 | s1000 0xe00002c2 osz 0x1000
[mp] AppleKeyStore/0 sel 10: scalar 0xe00002c2 (cnt 4) | s00 0xe00002c2 | s1000 0xe00002c2 osz 0x1000
[mp] AppleKeyStore/0 sel 11: scalar 0xe00002c2 (cnt 4) | s00 0xe00002c2 | s1000 0xe00002c2 osz 0x1000
[mp] AppleKeyStore/0 sel 12: scalar 0xe00002c2 (cnt 4) | s00 0xe00002c2 | s1000 0xe00002c2 osz 0x1000
[mp] AppleKeyStore/0 sel 13: scalar 0xe00002c2 (cnt 4) | s00 0xe00002c2 | s1000 0xe00002c2 osz 0x1000
[mp] AppleKeyStore/0 sel 14: scalar 0xe00002c2 (cnt 4) | s00 0xe00002c2 | s1000 0xe00002c2 osz 0x1000
[mp] AppleKeyStore/0 sel 15: scalar 0xe00002c2 (cnt 4) | s00 0xe00002c2 | s1000 0xe00002c2 osz 0x1000
[mp] AppleKeyStore/0 sel 16: scalar 0x00000000 (cnt 4) | s00 0x00000000 | s1000 0x00000000 osz 0x1000
[mp] AppleKeyStore/0 sel 17: scalar 0xe00002c2 (cnt 4) | s00 0xe00002f0 | s1000 0xe00002f0 osz 0x1000
[mp] AppleKeyStore/0 sel 18: scalar 0xe00002c2 (cnt 4) | s00 0xe00002c2 | s1000 0xe00002c2 osz 0x1000
[mp] AppleKeyStore/0 sel 19: scalar 0xe00002e2 (cnt 4) | s00 0xe00002e2 | s1000 0xe00002e2 osz 0x1000
[mp] AppleKeyStore/0 sel 20: scalar 0xe00002c1 (cnt 4) | s00 0xe00002c1 | s1000 0xe00002c1 osz 0x1000
[mp] AppleKeyStore/0 sel 21: scalar 0xe00002c1 (cnt 4) | s00 0xe00002c1 | s1000 0xe00002c1 osz 0x1000
[mp] AppleKeyStore/0 sel 22: scalar 0xe00002c1 (cnt 4) | s00 0xe00002c1 | s1000 0xe00002c1 osz 0x1000
[mp] AppleKeyStore/0 sel 23: scalar 0xe00002c2 (cnt 4) | s00 0xe00002c2 | s1000 0xe00002c2 osz 0x1000
[mp] AppleKeyStore/0 sel 24: scalar 0xe00002c2 (cnt 4) | s00 0xe00002c2 | s1000 0xe00002c2 osz 0x1000
[mp] AppleKeyStore/0 sel 25: scalar 0xe00002c2 (cnt 4) | s00 0xe00002c2 | s1000 0xe00002c2 osz 0x1000
[mp] AppleKeyStore/0 sel 26: scalar 0xe00002c2 (cnt 4) | s00 0xe00002c2 | s1000 0xe00002c2 osz 0x1000
[mp] AppleKeyStore/0 sel 27: scalar 0xe00002c2 (cnt 4) | s00 0xe00002c2 | s1000 0xe00002c2 osz 0x1000
[mp] AppleKeyStore/0 sel 28: scalar 0xe00002c2 (cnt 4) | s00 0xe00002c2 | s1000 0xe00002c2 osz 0x1000
[mp] AppleKeyStore/0 sel 29: scalar 0xe00002c2 (cnt 4) | s00 0xe00002c2 | s1000 0xe00002c2 osz 0x1000
[mp] AppleKeyStore/0 sel 30: scalar 0xe00002c2 (cnt 4) | s00 0xe00002c2 | s1000 0xe00002c2 osz 0x1000
[mp] AppleKeyStore/0 sel 31: scalar 0xe00002c2 (cnt 4) | s00 0xe00002c2 | s1000 0xe00002c2 osz 0x1000
[mp] AppleKeyStore/0 sel 32: scalar 0xe00002c2 (cnt 4) | s00 0xe00002e2 | s1000 0xe00002e2 osz 0x1000
[mp] AppleKeyStore/0 sel 33: scalar 0xe00002c1 (cnt 4) | s00 0xe00002c1 | s1000 0xe00002c1 osz 0x1000
[mp] AppleKeyStore/0 sel 34: scalar 0xe00002c1 (cnt 4) | s00 0xe00002c1 | s1000 0xe00002c1 osz 0x1000
[mp] AppleKeyStore/0 sel 35: scalar 0xe00002c2 (cnt 4) | s00 0xe00002f0 | s1000 0xe00002f0 osz 0x1000
[mp] AppleKeyStore/0 sel 36: scalar 0xe00002c1 (cnt 4) | s00 0xe00002c1 | s1000 0xe00002c1 osz 0x1000
[mp] AppleKeyStore/0 sel 37: scalar 0xe00002c1 (cnt 4) | s00 0xe00002c1 | s1000 0xe00002c1 osz 0x1000
[mp] AppleKeyStore/0 sel 38: scalar 0xe00002c1 (cnt 4) | s00 0xe00002c1 | s1000 0xe00002c1 osz 0x1000
[mp] AppleKeyStore/0 sel 39: scalar 0xe00002c1 (cnt 4) | s00 0xe00002c1 | s1000 0xe00002c1 osz 0x1000
[mp] AppleKeyStore/0: 40 live selectors
[v38] done
[v37] IOService open scan
[sc] VCPDRMService                    exists, open -> 0xe00002e2
[sc] VCPDRMServiceUserClient          NOT FOUND
[sc] AppleImage4                      exists, open -> 0xe00002c2
[sc] Image4                           exists, open -> 0xe00002c2
[sc] AppleEncryptedArchive            NOT FOUND
[sc] AFKHIDTBDevice                   NOT FOUND
[sc] IOGPU                            exists, open -> 0xe00002c7
[sc] IOGPU                            OPEN OK type 1 conn 0x6cff
[sc] AGXDevice                        NOT FOUND
[sc] AGXDeviceUserClient              NOT FOUND
[sc] IOGPUDevice                      NOT FOUND
[sc] AppleH16ANEInterface             NOT FOUND
[sc] ANEDevice                        NOT FOUND
[sc] AppleANE                         NOT FOUND
[sc] NeuralEngine                     NOT FOUND
[sc] AppleAVD                         exists, open -> 0xe00002c1
[sc] AppleAVE2                        NOT FOUND
[sc] AppleJPEGDriver                  OPEN OK type 0 conn 0x6c03
[sc] AppleJPEGDriver                  OPEN OK type 1 conn 0x6c07
[sc] AppleJPEGDriver                  OPEN OK type 2 conn 0x6c0b
[sc] AppleJPEGDriver                  OPEN OK type 3 conn 0x6c0f
[sc] AppleProRes                      NOT FOUND
[sc] AppleMobileFramebuffer           NOT FOUND
[sc] IOMobileFramebufferAP            OPEN OK type 0 conn 0x6c13
[sc] IOMobileFramebufferAP            OPEN OK type 1 conn 0x6c17
[sc] IOMobileFramebufferAP            OPEN OK type 2 conn 0x6c1b
[sc] IOMobileFramebufferAP            OPEN OK type 3 conn 0x6c1f
[sc] AppleDisplayPipe                 NOT FOUND
[sc] AppleDPAF                        NOT FOUND
[sc] AppleDPDevice                    NOT FOUND
[sc] AppleCDM                         NOT FOUND
[sc] AppleFairPlayIOKit               NOT FOUND
[sc] AppleCredentialManager           exists, open -> 0xe00002e2
[sc] AppleSEPManager                  exists, open -> 0xe00002c2
[sc] AppleSSE                         exists, open -> 0xe00002c2
[sc] IOAudio2Device                   exists, open -> 0xe00002c1
[sc] AppleSPU                         exists, open -> 0xe00002c7
[sc] AppleSMC                         exists, open -> 0xe00002e2
[sc] ApplePMGR                        exists, open -> 0xe00002c1
[sc] AppleNVMeController              exists, open -> 0xe00002e2
[sc] AppleEmbeddedNVMeController      exists, open -> 0xe00002e2
[sc] AppleUSBHostController           exists, open -> 0xe00002c7
[sc] AppleT8132USBXHCI                NOT FOUND
[sc] AppleConvergedIPCDevice          exists, open -> 0xe00002c7
[sc] AFKSharedMemoryResource          NOT FOUND
[sc] IOSurfaceRoot                    OPEN OK type 0 conn 0xa1bb
[sc] IOSurface                        NOT FOUND
[sc] AppleM2ScalerCSCDriver           OPEN OK type 0 conn 0x6c23
[sc] AppleM2ScalerCSCDriver           OPEN OK type 1 conn 0x6c27
[sc] AppleM2ScalerCSCDriver           OPEN OK type 2 conn 0x6c2b
[sc] AppleM2ScalerCSCDriver           OPEN OK type 3 conn 0x6c2f
[sc] AppleM2ScalerParavirtDriver      NOT FOUND
[sc] AppleH16CameraInterface          NOT FOUND
[sc] AppleH13CamIn                    NOT FOUND
[sc] AppleCameraInterface             NOT FOUND
[sc] AppleBaseband                    exists, open -> 0xe00002e2
[sc] AppleBCMWLANCore                 NOT FOUND
[sc] AppleWiFi                        NOT FOUND
[sc] AppleS5L8960XUSBArbitrator       NOT FOUND
[sc] AppleAuthCP                      exists, open -> 0xe00002e2
[sc] AppleKeyStore                    OPEN OK type 0 conn 0x6c33
[sc] AppleKeyStore                    OPEN OK type 1 conn 0x6c37
[sc] AppleKeyStore                    OPEN OK type 2 conn 0x6c3b
[sc] AppleKeyStore                    OPEN OK type 3 conn 0x6c3f
[sc] AppleARMWatchdogTimer            exists, open -> 0xe00002c2
[sc] AppleSART                        NOT FOUND
[sc] ApplePMU                         NOT FOUND
[v37] done
[v36] histogram path probes
[hg] baseline (no histogram transform):
[hg] GetHistogram -> kr 0x00000000, written(bytes != 0xAA) 1536
[hg] no ptr-like qwords
[hg] transform binmode1-region64 -> kr 0x00000000
[hg] GetHistogram -> kr 0x00000000, written(bytes != 0xAA) 1536
[hg] no ptr-like qwords
[hg] transform binmode2-8bins -> kr 0x00000000
[hg] GetHistogram -> kr 0x00000000, written(bytes != 0xAA) 1536
[hg] no ptr-like qwords
[hg] transform binmode1-region4096 -> kr 0xe00002c2
[hg] GetHistogram -> kr 0x00000000, written(bytes != 0xAA) 1536
[hg] no ptr-like qwords
[hg] transform binmode2-region64k -> kr 0xe00002c2
[hg] GetHistogram -> kr 0x00000000, written(bytes != 0xAA) 1536
[hg] no ptr-like qwords
[v36] done (alive)
[v35] SetCustomFilter probes
[flt] type 0 a1 08000 -> kr 0xe00002c2
[flt] type 1 a1 07000 -> kr 0xe00002c2
[flt] type 2 a1 06000 -> kr 0xe00002c2
[flt] type 3 a1 05000 -> kr 0xe00002c2
[flt] type 4 a1 04000 -> kr 0xe00002c2
[flt] type 5 a1 03000 -> kr 0xe00002c2
[flt] type 6 a1 02000 -> kr 0xe00002c2
[flt] type 7 a1 01000 -> kr 0xe00002c2
[flt] combo 0 {1 1 1 1 1 1} -> kr 0xe00002c2
[flt] combo 1 {4 4 10 4 8 10} -> kr 0xe00002c2
[flt] combo 2 {100 4 10 100 8 10} -> kr 0xe00002c2
[flt] combo 3 {7000 4 10 7000 8 10} -> kr 0xe00002c2
[flt] combo 4 {ffff ff ff ffff ff ff} -> kr 0xe00002c2
[flt] set for transform -> kr 0xe00002c2
[flt] transform+customfilter 0 -> kr 0xe00002c2 checksum 4eeacbc000650383
[flt] transform+customfilter 1 -> kr 0xe00002c2 checksum 4eeacbc000650383
[flt] transform+customfilter 2 -> kr 0xe00002c2 checksum 4eeacbc000650383
[flt] transform+customfilter 3 -> kr 0xe00002c2 checksum 4eeacbc000650383
[v35] done (alive)
[v34] cross-request race v2 30s
[cr2] baseline kr 0x00000000 expect 6592108d262f3383
[open] AppleM2ScalerCSCDriver -> conn 0x181b
[cr2] 4 iters, 0 corrupted
[v34] done (alive)
[v33] fault-oracle mapping
[or] bfX 0x00000 -> kr 0x00000000 changed 8192 first 0x0
[or] bfX 0x01000 -> kr 0x00000000 changed 8192 first 0x0
[or] bfX 0x02000 -> kr 0x00000000 changed 8192 first 0x0
[or] bfX 0x03000 -> kr 0x00000000 changed 8192 first 0x0
[or] bfX 0x04000 -> kr 0x00000000 changed 8192 first 0x0
[or] bfX 0x05000 -> kr 0x00000000 changed 8192 first 0x0
[or] bfX 0x06000 -> kr 0x00000000 changed 8192 first 0x0
[or] bfX 0x07000 -> kr 0x00000000 changed 8192 first 0x0
[or] bfX 0x08000 -> kr 0x00000000 changed 8192 first 0x0
[or] bfX 0x09000 -> kr 0x00000000 changed 8192 first 0x0
[or] bfX 0x0a000 -> kr 0x00000000 changed 8192 first 0x0
[or] bfX 0x0b000 -> kr 0x00000000 changed 8192 first 0x0
[or] bfX 0x0c000 -> kr 0x00000000 changed 8192 first 0x0
[or] bfX 0x0d000 -> kr 0x00000000 changed 8192 first 0x0
[or] bfX 0x0e000 -> kr 0x00000000 changed 8192 first 0x0
[or] bfX 0x0f000 -> kr 0x00000000 changed 8192 first 0x0
[or] bfX 0x10000 -> kr 0x00000000 changed 8192 first 0x0
[or] bfX 0x11000 -> kr 0x00000000 changed 8192 first 0x0
[or] bfX 0x12000 -> kr 0x00000000 changed 8192 first 0x0
[or] bfX 0x13000 -> kr 0x00000000 changed 8192 first 0x0
[or] bfX 0x14000 -> kr 0x00000000 changed 8192 first 0x0
[or] bfX 0x15000 -> kr 0x00000000 changed 8192 first 0x0
[or] bfX 0x16000 -> kr 0x00000000 changed 8192 first 0x0
[or] bfX 0x17000 -> kr 0x00000000 changed 8192 first 0x0
[or] bfX 0x18000 -> kr 0x00000000 changed 8192 first 0x0
[or] bfX 0x19000 -> kr 0x00000000 changed 8192 first 0x0
[or] bfX 0x1a000 -> kr 0x00000000 changed 8192 first 0x0
[or] bfX 0x1b000 -> kr 0x00000000 changed 8192 first 0x0
[or] bfX 0x1c000 -> kr 0x00000000 changed 8192 first 0x0
[or] bfX 0x1d000 -> kr 0x00000000 changed 8192 first 0x0
[or] bfX 0x1e000 -> kr 0x00000000 changed 8192 first 0x0
[or] bfX 0x1f000 -> kr 0x00000000 changed 8192 first 0x0
[or] bfY 0x00000 -> kr 0xe00002c2 changed -1 first 0xffffffffffffffff
[or] bfY 0x00800 -> kr 0xe00002c2 changed -1 first 0xffffffffffffffff
[or] bfY 0x01000 -> kr 0xe00002c2 changed -1 first 0xffffffffffffffff
[or] bfY 0x01800 -> kr 0xe00002c2 changed -1 first 0xffffffffffffffff
[or] bfY 0x02000 -> kr 0xe00002c2 changed -1 first 0xffffffffffffffff
[or] bfY 0x02800 -> kr 0xe00002c2 changed -1 first 0xffffffffffffffff
[or] bfY 0x03000 -> kr 0xe00002c2 changed -1 first 0xffffffffffffffff
[or] bfY 0x03800 -> kr 0xe00002c2 changed -1 first 0xffffffffffffffff
[or] bfY 0x04000 -> kr 0xe00002c2 changed -1 first 0xffffffffffffffff
[or] bfY 0x04800 -> kr 0xe00002c2 changed -1 first 0xffffffffffffffff
[or] bfY 0x05000 -> kr 0xe00002c2 changed -1 first 0xffffffffffffffff
[or] bfY 0x05800 -> kr 0xe00002c2 changed -1 first 0xffffffffffffffff
[or] bfY 0x06000 -> kr 0xe00002c2 changed -1 first 0xffffffffffffffff
[or] bfY 0x06800 -> kr 0xe00002c2 changed -1 first 0xffffffffffffffff
[or] bfY 0x07000 -> kr 0xe00002c2 changed -1 first 0xffffffffffffffff
[or] bfY 0x07800 -> kr 0xe00002c2 changed -1 first 0xffffffffffffffff
[or] bfY 0x08000 -> kr 0xe00002c2 changed -1 first 0xffffffffffffffff
[or] bfY 0x08800 -> kr 0xe00002c2 changed -1 first 0xffffffffffffffff
[or] bfY 0x09000 -> kr 0xe00002c2 changed -1 first 0xffffffffffffffff
[or] bfY 0x09800 -> kr 0xe00002c2 changed -1 first 0xffffffffffffffff
[or] bfY 0x0a000 -> kr 0xe00002c2 changed -1 first 0xffffffffffffffff
[or] bfY 0x0a800 -> kr 0xe00002c2 changed -1 first 0xffffffffffffffff
[or] bfY 0x0b000 -> kr 0xe00002c2 changed -1 first 0xffffffffffffffff
[or] bfY 0x0b800 -> kr 0xe00002c2 changed -1 first 0xffffffffffffffff
[or] bfY 0x0c000 -> kr 0xe00002c2 changed -1 first 0xffffffffffffffff
[or] bfY 0x0c800 -> kr 0xe00002c2 changed -1 first 0xffffffffffffffff
[or] bfY 0x0d000 -> kr 0xe00002c2 changed -1 first 0xffffffffffffffff
[or] bfY 0x0d800 -> kr 0xe00002c2 changed -1 first 0xffffffffffffffff
[or] bfY 0x0e000 -> kr 0xe00002c2 changed -1 first 0xffffffffffffffff
[or] bfY 0x0e800 -> kr 0xe00002c2 changed -1 first 0xffffffffffffffff
[or] bfY 0x0f000 -> kr 0xe00002c2 changed -1 first 0xffffffffffffffff
[or] bfY 0x0f800 -> kr 0xe00002c2 changed -1 first 0xffffffffffffffff
[or] bfY 0x10000 -> kr 0xe00002c2 changed -1 first 0xffffffffffffffff
[or] bfY 0x10800 -> kr 0xe00002c2 changed -1 first 0xffffffffffffffff
[or] bfY 0x11000 -> kr 0xe00002c2 changed -1 first 0xffffffffffffffff
[or] bfY 0x11800 -> kr 0xe00002c2 changed -1 first 0xffffffffffffffff
[or] bfY 0x12000 -> kr 0xe00002c2 changed -1 first 0xffffffffffffffff
[or] bfY 0x12800 -> kr 0xe00002c2 changed -1 first 0xffffffffffffffff
[or] bfY 0x13000 -> kr 0xe00002c2 changed -1 first 0xffffffffffffffff
[or] bfY 0x13800 -> kr 0xe00002c2 changed -1 first 0xffffffffffffffff
[or] bfY 0x14000 -> kr 0xe00002c2 changed -1 first 0xffffffffffffffff
[or] bfY 0x14800 -> kr 0xe00002c2 changed -1 first 0xffffffffffffffff
[or] bfY 0x15000 -> kr 0xe00002c2 changed -1 first 0xffffffffffffffff
[or] bfY 0x15800 -> kr 0xe00002c2 changed -1 first 0xffffffffffffffff
[or] bfY 0x16000 -> kr 0xe00002c2 changed -1 first 0xffffffffffffffff
[or] bfY 0x16800 -> kr 0xe00002c2 changed -1 first 0xffffffffffffffff
[or] bfY 0x17000 -> kr 0xe00002c2 changed -1 first 0xffffffffffffffff
[or] bfY 0x17800 -> kr 0xe00002c2 changed -1 first 0xffffffffffffffff
[or] bfY 0x18000 -> kr 0xe00002c2 changed -1 first 0xffffffffffffffff
[or] bfY 0x18800 -> kr 0xe00002c2 changed -1 first 0xffffffffffffffff
[or] bfY 0x19000 -> kr 0xe00002c2 changed -1 first 0xffffffffffffffff
[or] bfY 0x19800 -> kr 0xe00002c2 changed -1 first 0xffffffffffffffff
[or] bfY 0x1a000 -> kr 0xe00002c2 changed -1 first 0xffffffffffffffff
[or] bfY 0x1a800 -> kr 0xe00002c2 changed -1 first 0xffffffffffffffff
[or] bfY 0x1b000 -> kr 0xe00002c2 changed -1 first 0xffffffffffffffff
[or] bfY 0x1b800 -> kr 0xe00002c2 changed -1 first 0xffffffffffffffff
[or] bfY 0x1c000 -> kr 0xe00002c2 changed -1 first 0xffffffffffffffff
[or] bfY 0x1c800 -> kr 0xe00002c2 changed -1 first 0xffffffffffffffff
[or] bfY 0x1d000 -> kr 0xe00002c2 changed -1 first 0xffffffffffffffff
[or] bfY 0x1d800 -> kr 0xe00002c2 changed -1 first 0xffffffffffffffff
[or] bfY 0x1e000 -> kr 0xe00002c2 changed -1 first 0xffffffffffffffff
[or] bfY 0x1e800 -> kr 0xe00002c2 changed -1 first 0xffffffffffffffff
[or] bfY 0x1f000 -> kr 0xe00002c2 changed -1 first 0xffffffffffffffff
[or] bfY 0x1f800 -> kr 0xe00002c2 changed -1 first 0xffffffffffffffff
[v33] done (alive)
[v32] diag dart-error capture
[s] kill-shot -> kr 0xe00002d6
[dd] +0x1f20: 04d6f4081b3e0001 -> 053d1b6e1baa0001
[dd] +0x1f30: 0000014800000000 -> 0000015c00000000
[dd] +0x1f38: 0000000000000000 -> 0000000000000102
[dd] +0x1f40: 3c70550b76bffcc3 -> 5b7cab23ae7ec3ab
[dd] +0x1f48: ab75393500000000 -> d60058f100000000
[dd] +0x1f50: 3e9a7f97b4bf822b -> 9e7d2c87fc803e96
[dd] +0x1f58: 7b2435e3c75f140c -> 7b2435e308ca9899
[dd] +0x1f60: 0000000029b91e81 -> c8d12b5129b91e81
[dd] +0x1f68: 0000000000000000 -> ab3133c9bb72da59
[dd] +0x1f70: 0000000000000000 -> 000000002f073838
[dd] +0x1f90: 0000006a00000000 -> 0000006f00000000
[dd] +0x1f98: 0cb7000100000000 -> 122e000100000000
[dd] +0x1fa0: 000000f504d6f414 -> 000000f5053d1b71
[dd] +0x1fb0: 013338cc00000125 -> 000000100000013a
[dd] +0x1fb8: 76bffcc300000000 -> ae7ec3ab013338d1
[dd] +0x1fc0: 000000003c70550b -> 000000005b7cab23
[dd] +0x1fc8: b4bf822bab753935 -> fc803e96d60058f1
[dd] +0x1fd0: c75f140c3e9a7f97 -> 08ca98999e7d2c87
[dd] +0x1fe0: 0000000000000000 -> bb72da59c8d12b51
[dd] +0x1fe8: 0000000000000000 -> 2f073838ab3133c9
[dd] +0x2010: 000000000000006a -> 000000000000006f
[dd] +0x2018: 04d6fc6c15f40101 -> 053d1b7400aa0001
[dd] +0x2028: 0000010a00000000 -> 0000014200000000
[dd] +0x2030: f751f94be9d6c379 -> 0000000000000100
[dd] +0x2038: 3c70550b76bffcc3 -> 5b7cab23ae7ec3ab
[dd] +0x2040: ab75393500000000 -> d60058f100000000
[dd] +0x2048: 3e9a7f97b4bf822b -> 9e7d2c87fc803e96
[dd] +0x2050: 7b2435e3c75f140c -> 7b2435e308ca9899
[dd] +0x2058: 0000000029b91e81 -> c8d12b5129b91e81
[dd] +0x2060: 0000000000000000 -> ab3133c9bb72da59
[dd] +0x2068: 0000000000000000 -> 000000002f073838
[dd] +0x2088: 0000006a00000000 -> 0000006f00000000
[dd] +0x2090: 15fd010100000000 -> 00b8000100000000
[dd] +0x2098: 000000f504d6fc72 -> 000000f5053d1b75
[dd] +0x20a8: 3e9a7f970000010c -> 0001000000000142
[dd] +0x20b0: 76bffcc3c75f140c -> ae7ec3ab00010000
[dd] +0x20b8: 000000003c70550b -> 000000005b7cab23
[dd] +0x20c0: b4bf822bab753935 -> fc803e96d60058f1
[dd] +0x20c8: c75f140c3e9a7f97 -> 08ca98999e7d2c87
[dd] +0x20d8: 0000000000000000 -> bb72da59c8d12b51
[dd] +0x20e0: 0000000000000000 -> 2f073838ab3133c9
[dd] +0x2108: 000000000000006a -> 000000000000006f
[dd] +0x2110: 04d6fd4415f40101 -> 053d1b7a02300001
[dd] +0x2120: 0000010a00000000 -> 0000011d00000000
[dd] +0x2128: 45b93e38123df0cf -> 0000000000001011
[dd] +0x2130: 3c70550b76bffcc3 -> 0000000000000000
[dd] +0x2138: ab75393500000000 -> 0000000000000000
[dd] +0x2140: 3e9a7f97b4bf822b -> 0000000000000000
[dd] +0x2148: 7b2435e3c75f140c -> 0000000000000000
[dd] +0x2150: 0000000029b91e81 -> 0000000000000000
[dd] +0x2180: 0000006a00000000 -> 0000000000000000
[dd] +0x2188: 15fd010100000000 -> 18e3000100000000
[dd] +0x2190: 000000f504d6fd4a -> 000000f5053d1b9b
[dd] +0x21a0: ab7539350000010c -> 0000020000000130
[dd] +0x21a8: 76bffcc3b4bf822b -> 0000000000000f04
[dd] +0x21b0: 000000003c70550b -> 0000000000000000
[dd] +0x21b8: b4bf822bab753935 -> 0000000000000000
[dd] +0x21c0: c75f140c3e9a7f97 -> 0000000000000000
[dd] +0x21c8: 29b91e817b2435e3 -> 0000000000000000
[dd] +0x2200: 000000000000006a -> 0000000000000000
[dd] +0x2208: 04d6fda316d50001 -> 053d1bbd01a30001
[dd] +0x2218: 0000013500000000 -> 0000012f00000000
[dd] +0x2220: 0000000000001001 -> 0000000000510110
[dd] +0x2228: 3c70550b76bffcc3 -> 5b7cab23ae7ec3ab
[dd] +0x2230: ab75393500000000 -> d60058f100000000
[dd] +0x2238: 3e9a7f97b4bf822b -> 9e7d2c87fc803e96
[dd] +0x2240: 7b2435e3c75f140c -> 7b2435e308ca9899
[dd] +0x2248: 0000000029b91e81 -> c8d12b5129b91e81
[dd] +0x2250: 0000000000000000 -> ab3133c9bb72da59
[dd] +0x2258: 0000000000000000 -> 000000002f073838
[dd] +0x2278: 0000006a00000000 -> 0000006f00000000
[dd] +0x2280: 00aa000100000000 -> 018c000100000000
[dd] +0x2288: 000000f504d6fda9 -> 000000f5053d1c2f
[dd] +0x2298: 0000010000000142 -> 000000000000020c
[dd] +0x22a0: 76bffcc300000000 -> ae7ec3ab00000001
[dd] +0x22a8: 000000003c70550b -> 000000005b7cab23
[dd] +0x22b0: b4bf822bab753935 -> fc803e96d60058f1
[dd] +0x22b8: c75f140c3e9a7f97 -> 08ca98999e7d2c87
[dd] +0x22c8: 0000000000000000 -> bb72da59c8d12b51
[dd] +0x22d0: 0000000000000000 -> 2f073838ab3133c9
[dd] +0x22f8: 000000000000006a -> 000000000000006f
[dd] +0x2300: 04d6fdc700b90001 -> 053d28a2007b0001
[dd] +0x2310: 0000014100000000 -> 0000014d00000000
[dd] +0x2318: 0000000000000001 -> 0000000000000000
[dd] +0x2320: 0000000000000000 -> 5b7cab23ae7ec3ab
[dd] +0x2328: 0000000000000000 -> d60058f100000000
[dd] +0x2330: 0000000000000000 -> 9e7d2c87fc803e96
[dd] +0x2338: 0000000000000000 -> 7b2435e308ca9899
[dd] +0x2340: 0000000000000000 -> c8d12b5129b91e81
[dd] +0x2348: 0000000000000000 -> ab3133c9bb72da59
[dd] +0x2350: 0000000000000000 -> 000000002f073838
[dd] +0x2370: 0000000000000000 -> 0000006f00000000
[dd] +0x2378: 0075000100000000 -> 02a4000100000000
[dd] +0x2380: 000000f504d7046b -> 000000f5053d293d
[dd] +0x2390: 00dd01000000017f -> 000000000000014d
[dd] +0x2398: 0000000000000000 -> ae7ec3ab00000000
[dd] +0x23a0: 0000000000000000 -> 000000005b7cab23
[dd] +0x23a8: 0000000000000000 -> fc803e96d60058f1
[dd] +0x23b0: 0000000000000000 -> 08ca98999e7d2c87
[dd] +0x23b8: 0000000000000000 -> 29b91e817b2435e3
[dd] +0x23c0: 0000000000000000 -> bb72da59c8d12b51
[dd] +0x23c8: 0000000000000000 -> 2f073838ab3133c9
[dd] +0x23f0: 0000000000000000 -> 000000000000006f
[dd] +0x23f8: 04d7047302300001 -> 053d2a2513ae0001
[dd] +0x2408: 0000011d00000000 -> 0000010700000000
[dd] +0x2410: 0000000000001001 -> 013338d100000000
[dd] +0x2418: 0000000000000000 -> 5b7cab23ae7ec3ab
[dd] +0x2420: 0000000000000000 -> d60058f100000000
[dd] +0x2428: 0000000000000000 -> 9e7d2c87fc803e96
[dd] +0x2430: 0000000000000000 -> 7b2435e308ca9899
[dd] +0x2438: 0000000000000000 -> c8d12b5129b91e81
[dd] +0x2440: 0000000000000000 -> ab3133c9bb72da59
[dd] +0x2448: 0000000000000000 -> 000000002f073838
[dd] +0x2468: 0000000000000000 -> 0000006f00000000
[dd] +0x2470: 00fc000100000000 -> 125e000100000000
[dd] +0x2478: 000000f504d7090f -> 000000f5053d2a53
[dd] +0x2488: 000000100000014a -> 0000100000000129
[dd] +0x2490: 0000000000000000 -> ae7ec3ab00000000
[dd] +0x2498: 0000000000000000 -> 000000005b7cab23
[dd] +0x24a0: 0000000000000000 -> fc803e96d60058f1
[dd] +0x24a8: 0000000000000000 -> 08ca98999e7d2c87
[dd] +0x24b0: 0000000000000000 -> 29b91e817b2435e3
[dd] +0x24b8: 0000000000000000 -> bb72da59c8d12b51
[dd] +0x24c0: 0000000000000000 -> 2f073838ab3133c9
[dd] +0x24e8: 0000000000000000 -> 000000000000006f
[dd] +0x24f0: 04d7093103ad0001 -> 053d2a6e00420001
[dd] +0x2500: 0000012700000000 -> 0000015400000000
[dd] +0x2508: 0000000000000001 -> fffffffe00000001
[dd] +0x2510: 0000000000000000 -> 5b7cab23ae7ec3ab
[dd] +0x2518: 0000000000000000 -> d60058f100000000
[dd] +0x2520: 0000000000000000 -> 9e7d2c87fc803e96
[dd] +0x2528: 0000000000000000 -> 7b2435e308ca9899
[dd] +0x2530: 0000000000000000 -> c8d12b5129b91e81
[dd] +0x2538: 0000000000000000 -> ab3133c9bb72da59
[dd] +0x2540: 0000000000000000 -> 000000002f073838
[dd] +0x2560: 0000000000000000 -> 0000006f00000000
[dd] +0x2568: 00a0000100000000 -> 00aa000100000000
[dd] +0x2570: 000000f504d7095a -> 000000f5053d2a99
[dd] +0x2580: 0000000000000224 -> 0000011000000142
[dd] +0x25e8: 04d70b341b730001 -> 053d2a9f00b80001
[dd] +0x25f8: 0000014c00000000 -> 0000014200000000
[dd] +0x2600: 0000000000000001 -> 0001000000020000
[dd] +0x2660: 00e0000100000000 -> 01e0000100000000
[dd] +0x2668: 000000f504d70b35 -> 000000f5053d2aac
[dd] +0x2678: 0001000000000142 -> 0000000000000214
[dd] +0x2680: 76bffcc300010000 -> ae7ec3ab00000001
[dd] +0x2688: 000000003c70550b -> 000000005b7cab23
[dd] +0x2690: b4bf822bab753935 -> fc803e96d60058f1
[dd] +0x2698: c75f140c3e9a7f97 -> 08ca98999e7d2c87
[dd] +0x26a8: 0000000000000000 -> bb72da59c8d12b51
[dd] +0x26b0: 0000000000000000 -> 2f073838ab3133c9
[dd] +0x26d8: 000000000000006a -> 000000000000006f
[dd] +0x26e0: 04d70b3616de0001 -> 053d2afb014a0001
[dd] +0x26f0: 0000013500000000 -> 0000020000000000
[dd] +0x26f8: 0000000000000110 -> 0000000001000100
[dd] +0x2700: 3c70550b76bffcc3 -> 5b7cab23ae7ec3ab
[dd] +0x2708: ab75393500000000 -> d60058f100000000
[dd] +0x2710: 3e9a7f97b4bf822b -> 9e7d2c87fc803e96
[dd] +0x2718: 7b2435e3c75f140c -> 7b2435e308ca9899
[dd] +0x2720: 0000000029b91e81 -> c8d12b5129b91e81
[dd] +0x2728: 0000000000000000 -> ab3133c9bb72da59
[dd] +0x2730: 0000000000000000 -> 000000002f073838
[dd] +0x2750: 0000006a00000000 -> 0000006f00000000
[dd] +0x2758: 1ce4010100000000 -> 1b73000100000000
[dd] +0x2760: 000000f504d70b79 -> 000000f5053d2b01
[dd] +0x2770: e9d6c3790000010b -> 000000000000014c
[dd] +0x2778: 00000000f751f94b -> 0000000000000000
[dd] +0x27d8: 04d70c001d070001 -> 053d2b3212f30001
[dd] +0x27e8: 0000011900000000 -> 0000010400000000
[dd] +0x27f0: 0100000000000000 -> 0000000100010100
[dd] +0x2850: 1ce4010100000000 -> 0deb010100000000
[dd] +0x2858: 000000f504d70c32 -> 000000f5053d2b84
[dd] +0x2868: 123df0cf0000010b -> ae7ec3ab00000126
[dd] +0x2870: 0000000045b93e38 -> 000000005b7cab23
[dd] +0x28d0: 04d70c521d070001 -> 053d306b01b80001
[dd] +0x28d8: 00055a76000000f5 -> 00000400000000f5
[dd] +0x28e0: 0000011900000000 -> 0000021c00000000
[dd] +0x28e8: 0100000080000000 -> 0000004100010000
[dd] +0x2948: 0dd3010100000000 -> 00aa000100000000
[dd] +0x2950: 000000f504d711a9 -> 000000f5053d306d
[dd] +0x2958: 0000000000055a76 -> 0000000000000400
[dd] +0x2960: 76bffcc30000011e -> 0000012000000142
[dd] +0x2968: 000000003c70550b -> 0000000000000000
[dd] +0x29c8: 04d711be16d50001 -> 053d306e00b80001
[dd] +0x29d0: 00055a76000000f5 -> 00000400000000f5
[dd] +0x29d8: 0000013500000000 -> 0000014200000000
[dd] +0x29e0: 0000000000010001 -> 0001000000030000
[dd] +0x29e8: 3c70550b76bffcc3 -> 0000000000000000
[dd] +0x29f0: ab75393500000000 -> 0000000000000000
[dd] +0x29f8: 3e9a7f97b4bf822b -> 0000000000000000
[dd] +0x2a00: 7b2435e3c75f140c -> 0000000000000000
[dd] +0x2a08: 0000000029b91e81 -> 0000000000000000
[dd] +0x2a38: 0000006a00000000 -> 0000000000000000
[dd] +0x2a40: 00aa000100000000 -> 0236000100000000
[dd] +0x2a48: 000000f504d711c1 -> 000000f5053d308c
[dd] +0x2a50: 0000000000055a76 -> 0000000000000400
[dd] +0x2a58: 0000001000000142 -> 0001010000000218
[dd] +0x2a60: 76bffcc300000000 -> ae7ec3ab00000000
[dd] +0x2a68: 000000003c70550b -> 000000005b7cab23
[dd] +0x2a70: b4bf822bab753935 -> fc803e96d60058f1
[dd] +0x2a78: c75f140c3e9a7f97 -> 08ca98999e7d2c87
[dd] +0x2a88: 0000000000000000 -> bb72da59c8d12b51
[dd] +0x2a90: 0000000000000000 -> 2f073838ab3133c9
[dd] +0x2ab8: 000000000000006a -> 000000000000006f
[dd] +0x2ac0: 04d711c400f60001 -> 053d309200aa0001
[dd] +0x2ac8: 00055a76000000f5 -> 00000400000000f5
[dd] +0x2ad8: ffff000000000000 -> 0000000000000030
[dd] +0x2ae0: 3c70550b76bffcc3 -> 0000000000000000
[dd] +0x2ae8: ab75393500000000 -> 0000000000000000
[dd] +0x2af0: 3e9a7f97b4bf822b -> 0000000000000000
[dd] +0x2af8: 7b2435e3c75f140c -> 0000000000000000
[dd] +0x2b00: 0000000029b91e81 -> 0000000000000000
[dd] +0x2b30: 0000006a00000000 -> 0000000000000000
[dd] +0x2b38: 008b000100000000 -> 00f6000100000000
[dd] +0x2b40: 000000f504d71221 -> 000000f5053d3095
[dd] +0x2b48: 0000000000055a76 -> 0000000000000400
[dd] +0x2b50: 0000000100000132 -> 0002000000000142
[dd] +0x2b58: 0000000000000000 -> 00000000ffff0000
[dd] +0x2bb8: 04d7124100b40001 -> 053d30ab01610001
[dd] +0x2bc0: 00055a76000000f5 -> 00000400000000f5
[dd] +0x2bc8: 0000013200000000 -> 0000020400000000
[dd] +0x2bd0: 0000000000000100 -> 0000000001010100
[dd] +0x2bd8: 0000000000000000 -> 5b7cab23ae7ec3ab
[dd] +0x2be0: 0000000000000000 -> d60058f100000000
[dd] +0x2be8: 0000000000000000 -> 9e7d2c87fc803e96
[dd] +0x2bf0: 0000000000000000 -> 7b2435e308ca9899
[dd] +0x2bf8: 0000000000000000 -> c8d12b5129b91e81
[dd] +0x2c00: 0000000000000000 -> ab3133c9bb72da59
[dd] +0x2c08: 0000000000000000 -> 000000002f073838
[dd] +0x2c28: 0000000000000000 -> 0000006f00000000
[dd] +0x2c30: 00bd000100000000 -> 01a9000100000000
[dd] +0x2c38: 000000f504d71242 -> 000000f5053d30ae
[dd] +0x2c40: 0000000000055a76 -> 0000000000000400
[dd] +0x2c48: 0000010100000132 -> 0000000000000210
[dd] +0x2c50: 0000000000000000 -> ae7ec3ab00000001
[dd] +0x2c58: 0000000000000000 -> 000000005b7cab23
[dd] +0x2c60: 0000000000000000 -> fc803e96d60058f1
[dd] +0x2c68: 0000000000000000 -> 08ca98999e7d2c87
[dd] +0x2c70: 0000000000000000 -> 29b91e817b2435e3
[dd] +0x2c78: 0000000000000000 -> bb72da59c8d12b51
[dd] +0x2c80: 0000000000000000 -> 2f073838ab3133c9
[dd] +0x2ca8: 0000000000000000 -> 000000000000006f
[dd] +0x2cb0: 04d7124400b90001 -> 053d30c300aa0001
[dd] +0x2cb8: 00055a76000000f5 -> 00000400000000f5
[dd] +0x2cc0: 0000014100000000 -> 0000014200000000
[dd] +0x2cc8: 0000000000000000 -> 0000000000000020
[dd] +0x2d28: 0230000100000000 -> 00f6000100000000
[dd] +0x2d30: 000000f504d71246 -> 000000f5053d30c5
[dd] +0x2d38: 0000000000055a76 -> 0000000000000400
[dd] +0x2d40: 000010100000011d -> 0001000000000142
[dd] +0x2d48: 0000000000000000 -> 00000000ffff0000
[dd] +0x2da8: 04d7143200750001 -> 0d64db1419800001
[dd] +0x2db0: 00055a76000000f5 -> 000545f1000000f5
[dd] +0x2db8: 0000017f00000000 -> 0000018600000000
[dd] +0x2dc0: 0000000000dd0000 -> 0000000000010105
[dd] +0x2e20: 00fc000100000000 -> 1980000100000000
[dd] +0x2e28: 000000f504d71806 -> 000000f50ed372f8
[dd] +0x2e30: 0000000000055a76 -> 00000000000545f1
[dd] +0x2e38: 000000000000014a -> 0001010500000186
[dd] +0x2ea0: 04d7180b1b730001 -> 10420b3d19800001
[dd] +0x2ea8: 00055a76000000f5 -> 000545f1000000f5
[dd] +0x2eb0: 0000014c00000000 -> 0000018600000000
[dd] +0x2eb8: 0000000000000001 -> 0000000000010105
[dd] +0x2f18: 16de000100000000 -> 1980000100000000
[dd] +0x2f20: 000000f504d7180d -> 000000f511b0a1bc
[dd] +0x2f28: 0000000000055a76 -> 00000000000545f1
[dd] +0x2f30: 0000000000000135 -> 0001010500000186
[dd] +0x2f38: 76bffcc300000000 -> 0000000000000000
[dd] +0x2f40: 000000003c70550b -> 0000000000000000
[dd] +0x2f48: b4bf822bab753935 -> 0000000000000000
[dd] +0x2f50: c75f140c3e9a7f97 -> 0000000000000000
[dd] +0x2f58: 29b91e817b2435e3 -> 0000000000000000
[dd] +0x2f90: 000000000000006a -> 0000000000000000
[dd] +0x2f98: 04d718761d270001 -> 131f369119800001
[dd] +0x2fa0: 00055a76000000f5 -> 000545f1000000f5
[dd] +0x2fa8: 0000011a00000000 -> 0000018600000000
[dd] +0x2fb0: 0100000000000000 -> 0000000000010105
[dd] +0x3010: 1d27000100000000 -> 1010000100000000
[dd] +0x3018: 000000f504d718aa -> 000000f5147a08d5
[dd] +0x3020: 0000000000055a76 -> 0000000000000400
[dd] +0x3028: 800000000000011a -> 0000000100000108
[dd] +0x3030: 0000000001000000 -> 0000000000000002
[dd] +0x3090: 04d718ae13970001 -> 147a0e5a104a0001
[dd] +0x3098: 00055a76000000f5 -> 00000400000000f5
[dd] +0x30a0: 0000010d00000000 -> 0000010900000000
[dd] +0x30a8: 000000000000001a -> 0000000000000060
[dd] +0x30b0: 3c70550b76bffcc3 -> 0000000000000000
[dd] +0x30b8: ab75393500000000 -> 0000000000000000
[dd] +0x30c0: 3e9a7f97b4bf822b -> 0000000000000000
[dd] +0x30c8: 7b2435e3c75f140c -> 0000000000000000
[dd] +0x30d0: 0000000029b91e81 -> 0000000000000000
[dd] +0x3100: 0000006a00000000 -> 0000000000000000
[dd] +0x3108: 139d000100000000 -> 1b73000100000000
[dd] +0x3110: 000000f504d718b2 -> 000000f5147a63b9
[dd] +0x3118: 0000000000055a76 -> 0000000000000400
[dd] +0x3120: 000000b70000010d -> 000000000000014c
[dd] +0x3128: 76bffcc300000000 -> 0000000000000000
[dd] +0x3130: 000000003c70550b -> 0000000000000000
[dd] +0x3138: b4bf822bab753935 -> 0000000000000000
[dd] +0x3140: c75f140c3e9a7f97 -> 0000000000000000
[dd] +0x3148: 29b91e817b2435e3 -> 0000000000000000
[dd] +0x3180: 000000000000006a -> 0000000000000000
[dd] +0x3188: 04d718bc1c1e0001 -> 147a63cb11300001
[dd] +0x3190: 00055a76000000f5 -> 00000400000000f5
[dd] +0x3198: 0000018300000000 -> 0000012100000000
[dd] +0x31a0: f0000f0400000000 -> 0000000000010000
[dd] +0x3200: 13c8000100000000 -> 03ad000100000000
[dd] +0x3208: 000000f504d718c4 -> 000000f5147a63f5
[dd] +0x3210: 0000000000055a76 -> 0000000000000400
[dd] +0x3218: 0000000100000120 -> 0000000200000127
[dd] +0x3220: 76bffcc300000000 -> 0000000000000000
[dd] +0x3228: 000000003c70550b -> 0000000000000000
[dd] +0x3230: b4bf822bab753935 -> 0000000000000000
[dd] +0x3238: c75f140c3e9a7f97 -> 0000000000000000
[dd] +0x3240: 29b91e817b2435e3 -> 0000000000000000
[dd] +0x3278: 000000000000006a -> 0000000000000000
[dd] +0x3280: 04d71a740deb0101 -> 147a64d400a00001
[dd] +0x3288: 00055a76000000f5 -> 00000400000000f5
[dd] +0x3290: 0000012600000000 -> 0000022400000000
[dd] +0x3298: 3c70550b76bffcc3 -> 0000000000000011
[dd] +0x32f8: 022c010100000000 -> 1b73000100000000
[dd] +0x3300: 000000f504d71bde -> 000000f5147a6521
[dd] +0x3308: 0000000000055a76 -> 0000000000000400
[dd] +0x3310: 7b2435e300000115 -> 000000010000014c
[dd] +0x3318: 0000000029b91e81 -> 0000000000000000
[dd] +0x3378: 04eb4a740aa90001 -> 147a659e11a00001
[dd] +0x3380: 00055a76000000f5 -> 00000400000000f5
[dd] +0x3388: 0000011f00000000 -> 0000012200000000
[dd] +0x3390: 00000002013338cd -> 000038d100000000
[dd] +0x33a0: 0000000000000008 -> d60058f100000000
[dd] +0x33a8: 0000000000000000 -> 9e7d2c87fc803e96
[dd] +0x33b0: 7b2435e300000000 -> 7b2435e308ca9899
[dd] +0x33b8: 0000000029b91e81 -> c8d12b5129b91e81
[dd] +0x33c0: 0000000000000000 -> ab3133c9bb72da59
[dd] +0x33c8: 0000000000000000 -> 000000002f073838
[dd] +0x33e8: 0000006b00000000 -> 0000006f00000000
[dd] +0x33f0: 1b20000100000000 -> 126a000100000000
[dd] +0x33f8: 000000f504eb4ac5 -> 000000f5147a660b
[dd] +0x3400: 0000000000055a76 -> 0000000000000400
[dd] +0x3408: 00000f0400000149 -> 000000000000012a
[dd] +0x3418: 000000085b7cab23 -> 000000005b7cab23
[dd] +0x3420: b4bf822bab753935 -> fc803e96d60058f1
[dd] +0x3428: c75f140c3e9a7f97 -> 08ca98999e7d2c87
[dd] +0x3438: 0000000000000000 -> bb72da59c8d12b51
[dd] +0x3440: 0000000000000000 -> 2f073838ab3133c9
[dd] +0x3468: 000000000000006b -> 000000000000006f
[dd] +0x3470: 04eb4acc1c250001 -> 147a660c11cc0001
[dd] +0x3478: 00055a76000000f5 -> 00000400000000f5
[dd] +0x3480: 0000018200000000 -> 0000010600000000
[dd] +0x3488: 10000f040000f040 -> 0000000000000101
[dd] +0x3490: 0000000000000000 -> 5b7cab23ae7ec3ab
[dd] +0x3498: 0000000000000000 -> d60058f100000000
[dd] +0x34a0: 0000000000000000 -> 9e7d2c87fc803e96
[dd] +0x34a8: 0000000000000000 -> 7b2435e308ca9899
[dd] +0x34b0: 0000000000000000 -> c8d12b5129b91e81
[dd] +0x34b8: 0000000000000000 -> ab3133c9bb72da59
[dd] +0x34c0: 0000000000000000 -> 000000002f073838
[dd] +0x34e0: 0000000000000000 -> 0000006f00000000
[dd] +0x34e8: 1b3e000100000000 -> 10c5000100000000
[dd] +0x34f0: 000000f504eb4ace -> 000000f5147a6637
[dd] +0x34f8: 0000000000055a76 -> 0000000000000400
[dd] +0x3500: 0000000000000148 -> 0000001000000106
[dd] +0x3518: b4bf822bab753935 -> fc803e96d60058f1
[dd] +0x3520: c75f140c3e9a7f97 -> 08ca98999e7d2c87
[dd] +0x3530: 0000000000000000 -> bb72da59c8d12b51
[dd] +0x3538: 0000000000000000 -> 2f073838ab3133c9
[dd] +0x3560: 000000000000006b -> 000000000000006f
[dd] +0x3568: 04eb4ad60cb70001 -> 147a669907bf0001
[dd] +0x3570: 00055a76000000f5 -> 00000400000000f5
[dd] +0x3578: 0000012500000000 -> 0000010500000000
[dd] +0x3580: 00000000013338cd -> 0000000000011010
[dd] +0x3590: ab75393500000000 -> d60058f100000000
[dd] +0x3598: 3e9a7f97b4bf822b -> 9e7d2c87fc803e96
[dd] +0x35a0: 7b2435e3c75f140c -> 7b2435e308ca9899
[dd] +0x35a8: 0000000029b91e81 -> c8d12b5129b91e81
[dd] +0x35b0: 0000000000000000 -> ab3133c9bb72da59
[dd] +0x35b8: 0000000000000000 -> 000000002f073838
[dd] +0x35d8: 0000006b00000000 -> 0000006f00000000
[dd] +0x35e0: 15f4010100000000 -> 00aa000100000000
[dd] +0x35e8: 000000f504eb52fe -> 000000f5147a67ca
[dd] +0x35f0: 0000000000055a76 -> 0000000000000400
[dd] +0x35f8: e9d6c3790000010a -> 0000001000000142
[dd] +0x3600: ae7ec3abf751f94b -> ae7ec3ab00000000
[dd] +0x3610: b4bf822bab753935 -> fc803e96d60058f1
[dd] +0x3618: c75f140c3e9a7f97 -> 08ca98999e7d2c87
[dd] +0x3628: 0000000000000000 -> bb72da59c8d12b51
[dd] +0x3630: 0000000000000000 -> 2f073838ab3133c9
[dd] +0x3658: 000000000000006b -> 000000000000006f
[dd] +0x3660: 04eb530415fd0101 -> 147a67e500f60001
[dd] +0x3668: 00055a76000000f5 -> 00000400000000f5
[dd] +0x3670: 0000010c00000000 -> 0000014200000000
[dd] +0x3678: c75f140c3e9a7f97 -> ffff000000000000
[dd] +0x3688: ab75393500000000 -> d60058f100000000
[dd] +0x3690: 3e9a7f97b4bf822b -> 9e7d2c87fc803e96
[dd] +0x3698: 7b2435e3c75f140c -> 7b2435e308ca9899
[dd] +0x36a0: 0000000029b91e81 -> c8d12b5129b91e81
[dd] +0x36a8: 0000000000000000 -> ab3133c9bb72da59
[dd] +0x36b0: 0000000000000000 -> 000000002f073838
[dd] +0x36d0: 0000006b00000000 -> 0000006f00000000
[dd] +0x36d8: 15f4010100000000 -> 008b000100000000
[dd] +0x36e0: 000000f504eb5358 -> 000000f5147a68c1
[dd] +0x36e8: 0000000000055a76 -> 0000000000000400
[dd] +0x36f0: 123df0cf0000010a -> 0000000100000132
[dd] +0x36f8: ae7ec3ab45b93e38 -> 0000000000000000
[dd] +0x3700: 000000005b7cab23 -> 0000000000000000
[dd] +0x3708: b4bf822bab753935 -> 0000000000000000
[dd] +0x3710: c75f140c3e9a7f97 -> 0000000000000000
[dd] +0x3718: 29b91e817b2435e3 -> 0000000000000000
[dd] +0x3750: 000000000000006b -> 0000000000000000
[dd] +0x3758: 04eb535c15fd0101 -> 147a692b00b40001
[dd] +0x3760: 00055a76000000f5 -> 00000400000000f5
[dd] +0x3768: 0000010c00000000 -> 0000013200000000
[dd] +0x3770: b4bf822bab753935 -> 0000000000000100
[dd] +0x3778: 5b7cab23ae7ec3ab -> 0000000000000000
[dd] +0x3780: ab75393500000000 -> 0000000000000000
[dd] +0x3788: 3e9a7f97b4bf822b -> 0000000000000000
[dd] +0x3790: 7b2435e3c75f140c -> 0000000000000000
[dd] +0x3798: 0000000029b91e81 -> 0000000000000000
[dd] +0x37c8: 0000006b00000000 -> 0000000000000000
[dd] +0x37d0: 16d5000100000000 -> 00bd000100000000
[dd] +0x37d8: 000000f504eb53cc -> 000000f5147a692c
[dd] +0x37e0: 0000000000055a76 -> 0000000000000400
[dd] +0x37e8: 0000100100000135 -> 0000010100000132
[dd] +0x37f0: ae7ec3ab00000000 -> 0000000000000000
[dd] +0x37f8: 000000005b7cab23 -> 0000000000000000
[dd] +0x3800: b4bf822bab753935 -> 0000000000000000
[dd] +0x3808: c75f140c3e9a7f97 -> 0000000000000000
[dd] +0x3810: 29b91e817b2435e3 -> 0000000000000000
[dd] +0x3848: 000000000000006b -> 0000000000000000
[dd] +0x3850: 04eb53d100aa0001 -> 147a693700b90001
[dd] +0x3858: 00055a76000000f5 -> 00000400000000f5
[dd] +0x3860: 0000014200000000 -> 0000014100000000
[dd] +0x3868: 0000000000000100 -> 0000000000000000
[dd] +0x3870: 5b7cab23ae7ec3ab -> 0000000000000000
[dd] +0x3878: ab75393500000000 -> 0000000000000000
[dd] +0x3880: 3e9a7f97b4bf822b -> 0000000000000000
[dd] +0x3888: 7b2435e3c75f140c -> 0000000000000000
[dd] +0x3890: 0000000029b91e81 -> 0000000000000000
[dd] +0x38c0: 0000006b00000000 -> 0000000000000000
[dd] +0x38c8: 00b9000100000000 -> 0230000100000000
[dd] +0x38d0: 000000f504eb53f4 -> 000000f5147a693a
[dd] +0x38d8: 0000000000055a76 -> 0000000000000400
[dd] +0x38e0: 0000000100000141 -> 000010100000011d
[dd] +0x3948: 04eb5bac00750001 -> 147a6df200750001
[dd] +0x3950: 00055a76000000f5 -> 00000400000000f5
[dd] +0x3960: 0000000000dd0100 -> 0000000000dd0000
[dd] +0x39c0: 0230000100000000 -> 00fc000100000000
[dd] +0x39c8: 000000f504eb5bb3 -> 000000f5147a74c9
[dd] +0x39d0: 0000000000055a76 -> 0000000000000400
[dd] +0x39d8: 000010010000011d -> 000000000000014a
[dd] +0x3a40: 04eb5f6300fc0001 -> 147a74d51b730001
[dd] +0x3a48: 00055a76000000f5 -> 00000400000000f5
[dd] +0x3a50: 0000014a00000000 -> 0000014c00000000
[dd] +0x3a58: 0000000000000010 -> 0000000000000001
[dd] +0x3ab8: 03ad000100000000 -> 1353010100000000
[dd] +0x3ac0: 000000f504eb5f86 -> 000000f5147a77d4
[dd] +0x3ac8: 0000000000055a76 -> 0000000000000400
[dd] +0x3ad0: 0000000100000127 -> 0768ef5900000111
[dd] +0x3ad8: 0000000000000000 -> ae7ec3ab2e7d7c95
[dd] +0x3ae0: 0000000000000000 -> 000000005b7cab23
[dd] +0x3ae8: 0000000000000000 -> fc803e96d60058f1
[dd] +0x3af0: 0000000000000000 -> 08ca98999e7d2c87
[dd] +0x3af8: 0000000000000000 -> 29b91e817b2435e3
[dd] +0x3b00: 0000000000000000 -> bb72da59c8d12b51
[dd] +0x3b08: 0000000000000000 -> 2f073838ab3133c9
[dd] +0x3b30: 0000000000000000 -> 000000000000006f
[dd] +0x3b38: 04eb5fb000a00001 -> 147a78dc13570101
[dd] +0x3b40: 00055a76000000f5 -> 00000400000000f5
[dd] +0x3b48: 0000022400000000 -> 0000011200000000
[dd] +0x3b50: 0000000000000000 -> 2e7d7c950768ef59
[dd] +0x3b58: 0000000000000000 -> 5b7cab23ae7ec3ab
[dd] +0x3b60: 0000000000000000 -> d60058f100000000
[dd] +0x3b68: 0000000000000000 -> 9e7d2c87fc803e96
[dd] +0x3b70: 0000000000000000 -> 7b2435e308ca9899
[dd] +0x3b78: 0000000000000000 -> c8d12b5129b91e81
[dd] +0x3b80: 0000000000000000 -> ab3133c9bb72da59
[dd] +0x3b88: 0000000000000000 -> 000000002f073838
[dd] +0x3ba8: 0000000000000000 -> 0000006f00000000
[dd] +0x3bb0: 1b73000100000000 -> 1369010100000000
[dd] +0x3bb8: 000000f504eb61eb -> 000000f5147a78f1
[dd] +0x3bc0: 0000000000055a76 -> 0000000000000400
[dd] +0x3bc8: 000000010000014c -> 962c744f00000111
[dd] +0x3bd0: 0000000000000000 -> ae7ec3abee93c197
[dd] +0x3bd8: 0000000000000000 -> 000000005b7cab23
[dd] +0x3be0: 0000000000000000 -> fc803e96d60058f1
[dd] +0x3be8: 0000000000000000 -> 08ca98999e7d2c87
[dd] +0x3bf0: 0000000000000000 -> 29b91e817b2435e3
[dd] +0x3c00: 0000000000000000 -> 2f073838ab3133c9
[dd] +0x3c28: 0000000000000000 -> 000000000000006f
[dd] +0x3c30: 04eb61ed00e00001 -> 147a7917136d0101
[dd] +0x3c38: 00055a76000000f5 -> 00000400000000f5
[dd] +0x3c40: 0000014200000000 -> 0000011200000000
[dd] +0x3c48: 0001000000010000 -> ee93c197962c744f
[dd] +0x3c58: ab75393500000000 -> d60058f100000000
[dd] +0x3c60: 3e9a7f97b4bf822b -> 9e7d2c87fc803e96
[dd] +0x3c68: 7b2435e3c75f140c -> 7b2435e308ca9899
[dd] +0x3c78: 0000000000000000 -> ab3133c900000000
[dd] +0x3c80: 0000000000000000 -> 000000002f073838
[dd] +0x3ca0: 0000006b00000000 -> 0000006f00000000
[dd] +0x3ca8: 16de000100000000 -> 1389000100000000
[dd] +0x3cb0: 000000f504eb61ee -> 000000f5147a7987
[dd] +0x3cb8: 0000000000055a76 -> 0000000000000400
[dd] +0x3cc0: 0000011000000135 -> e00002d600000113
[dd] +0x3cc8: ae7ec3ab00000000 -> ae7ec3abffffffff
[dd] +0x3cd8: b4bf822bab753935 -> fc803e96d60058f1
[dd] +0x3ce0: c75f140c3e9a7f97 -> 08ca98999e7d2c87
[dd] +0x3d20: 000000000000006b -> 000000000000006f
[dd] +0x3d28: 04eb623f1ce40101 -> 147a7b721d270001
[dd] +0x3d30: 00055a76000000f5 -> 00000400000000f5
[dd] +0x3d38: 0000010b00000000 -> 0000011a00000000
[dd] +0x3d40: f751f94be9d6c379 -> 0100000100000000
[dd] +0x3da0: 1d07000100000000 -> 1d27000100000000
[dd] +0x3da8: 000000f504eb62b1 -> 000000f5147a7be7
[dd] +0x3db0: 0000000000055a76 -> 0000000000000400
[dd] +0x3db8: 0000000000000119 -> 800000000000011a
[dd] +0x3dc0: 0000000001000000 -> 0000000001000001
[dd] +0x3e20: 04eb63591ce40101 -> 147a7bff13970001
[dd] +0x3e28: 00055a76000000f5 -> 00000400000000f5
[dd] +0x3e30: 0000010b00000000 -> 0000010d00000000
[dd] +0x3e38: 45b93e38123df0cf -> 00000000000000bb
[dd] +0x3e40: 0000000000000000 -> 5b7cab23ae7ec3ab
[dd] +0x3e48: 0000000000000000 -> d60058f100000000
[dd] +0x3e50: 0000000000000000 -> 9e7d2c87fc803e96
[dd] +0x3e58: 0000000000000000 -> 7b2435e308ca9899
[dd] +0x3e60: 0000000000000000 -> 0000000029b91e81
[dd] +0x3e90: 0000000000000000 -> 0000006f00000000
[dd] +0x3e98: 1d07000100000000 -> 139d000100000000
[dd] +0x3ea0: 000000f504eb637b -> 000000f5147a7c12
[dd] +0x3ea8: 0000000000055a76 -> 0000000000000400
[dd] +0x3eb0: 8000000000000119 -> 000000c90000010d
[dd] +0x3eb8: 0000000001000000 -> ae7ec3ab00000000
[dd] +0x3ec0: 0000000000000000 -> 000000005b7cab23
[dd] +0x3ec8: 0000000000000000 -> fc803e96d60058f1
[dd] +0x3ed0: 0000000000000000 -> 08ca98999e7d2c87
[dd] +0x3ed8: 0000000000000000 -> 29b91e817b2435e3
[dd] +0x3f10: 0000000000000000 -> 000000000000006f
[dd] +0x3f18: 04eb68b40dd30101 -> 147a7c2e1c1e0001
[dd] +0x3f20: 00055a76000000f5 -> 00000400000000f5
[dd] +0x3f28: 0000011e00000000 -> 0000018300000000
[dd] +0x3f30: 5b7cab23ae7ec3ab -> f0000f0400000000
[dd] +0x3f90: 16d5000100000000 -> 13c8000100000000
[dd] +0x3f98: 000000f504eb68bd -> 000000f5147a7c38
[dd] +0x3fa0: 0000000000055a76 -> 0000000000000400
[dd] +0x3fa8: 0001000100000135 -> 0000000100000120
[dd] +0x3fc0: b4bf822bab753935 -> fc803e96d60058f1
[dd] +0x3fc8: c75f140c3e9a7f97 -> 08ca98999e7d2c87
[dd] +0x4008: 000000000000006b -> 000000000000006f
[dd] +0x4010: 04eb693000aa0001 -> 147a813511f10001
[dd] +0x4018: 00055a76000000f5 -> 00000400000000f5
[dd] +0x4020: 0000014200000000 -> 0000012300000000
[dd] +0x4028: 0000000000000010 -> 0000000000000000
[dd] +0x4030: 5b7cab23ae7ec3ab -> 0000000000000000
[dd] +0x4038: ab75393500000000 -> 0000000000000000
[dd] +0x4040: 3e9a7f97b4bf822b -> 0000000000000000
[dd] +0x4048: 7b2435e3c75f140c -> 0000000000000000
[dd] +0x4050: 0000000029b91e81 -> 0000000000000000
[dd] +0x4080: 0000006b00000000 -> 0000000000000000
[dd] +0x4088: 00f6000100000000 -> 1b73000100000000
[dd] +0x4090: 000000f504eb6932 -> 000000f5147a8138
[dd] +0x4098: 0000000000055a76 -> 0000000000000400
[dd] +0x40a0: 0000000000000142 -> 000000010000014c
[dd] +0x40a8: ae7ec3abffff0000 -> 0000000000000000
[dd] +0x40b0: 000000005b7cab23 -> 0000000000000000
[dd] +0x40b8: b4bf822bab753935 -> 0000000000000000
[dd] +0x40c0: c75f140c3e9a7f97 -> 0000000000000000
[dd] +0x40c8: 29b91e817b2435e3 -> 0000000000000000
[dd] +0x4100: 000000000000006b -> 0000000000000000
[dd] +0x4108: 04eb6994008b0001 -> 147a8251022c0101
[dd] +0x4118: 0000013200000000 -> 0000011500000000
[dd] +0x4120: 0000000000000001 -> 29b91e817b2435e3
[dd] +0x4180: 00b4000100000000 -> 1980000100000000
[dd] +0x4188: 000000f504eb69ad -> 000000f5148dd1d1
[dd] +0x4190: 0000000000055a76 -> 00000000000545f1
[dd] +0x4198: 0000010000000132 -> 0001010500000186
[dd] +0x8aa8: 04c2af5a00fc0001 -> 053cfbcf0aa90001
[dd] +0x8ab8: 0000014a00000000 -> 0000011f00000000
[dd] +0x8ac0: 0000000000000010 -> 00000002013338d1
[dd] +0x8ac8: 0000000000000000 -> 5b7cab23ae7ec3ab
[dd] +0x8ad0: 0000000000000000 -> 0000000000000008
[dd] +0x8ae0: 0000000000000000 -> 7b2435e300000000
[dd] +0x8ae8: 0000000000000000 -> 0000000029b91e81
[dd] +0x8b18: 0000000000000000 -> 0000006f00000000
[dd] +0x8b20: 03ad000100000000 -> 1b20000100000000
[dd] +0x8b28: 000000f504c2af7d -> 000000f5053cfc34
[dd] +0x8b38: 0000000100000127 -> 00000f0400000149
[dd] +0x8b40: 0000000000000000 -> ae7ec3ab00000000
[dd] +0x8b48: 0000000000000000 -> 000000085b7cab23
[dd] +0x8b50: 0000000000000000 -> fc803e96d60058f1
[dd] +0x8b58: 0000000000000000 -> 08ca98999e7d2c87
[dd] +0x8b60: 0000000000000000 -> 29b91e817b2435e3
[dd] +0x8b98: 0000000000000000 -> 000000000000006f
[dd] +0x8ba0: 04c2afa800a00001 -> 053cfc3d1c250001
[dd] +0x8bb0: 0000022400000000 -> 0000018200000000
[dd] +0x8bb8: 0000000000000000 -> 10000f040000f040
[dd] +0x8c18: 1b73000100000000 -> 1b3e000100000000
[dd] +0x8c20: 000000f504c2b12c -> 000000f5053cfc3e
[dd] +0x8c30: 000000010000014c -> 0000000000000148
[dd] +0x8c38: 0000000000000000 -> ae7ec3ab00000000
[dd] +0x8c40: 0000000000000000 -> 000000005b7cab23
[dd] +0x8c48: 0000000000000000 -> fc803e96d60058f1
[dd] +0x8c50: 0000000000000000 -> 08ca98999e7d2c87
[dd] +0x8c58: 0000000000000000 -> 29b91e817b2435e3
[dd] +0x8c90: 0000000000000000 -> 000000000000006f
[dd] +0x8c98: 04c2b12e00e00001 -> 053cfc470cb70001
[dd] +0x8ca8: 0000014200000000 -> 0000012500000000
[dd] +0x8cb0: 0001000000010000 -> 00000000013338d1
[dd] +0x8cb8: 248cb1e6243840f7 -> 5b7cab23ae7ec3ab
[dd] +0x8cc0: ab75393500000000 -> d60058f100000000
[dd] +0x8cc8: 3e9a7f97b4bf822b -> 9e7d2c87fc803e96
[dd] +0x8cd0: 7b2435e3c75f140c -> 7b2435e308ca9899
[dd] +0x8d08: 0000006900000000 -> 0000006f00000000
[dd] +0x8d10: 16de000100000000 -> 15f4010100000000
[dd] +0x8d18: 000000f504c2b12f -> 000000f5053d038d
[dd] +0x8d28: 0000011000000135 -> e84e766b0000010a
[dd] +0x8d30: 243840f700000000 -> ae7ec3abc516f3b8
[dd] +0x8d38: 00000000248cb1e6 -> 000000005b7cab23
[dd] +0x8d40: b4bf822bab753935 -> fc803e96d60058f1
[dd] +0x8d48: c75f140c3e9a7f97 -> 08ca98999e7d2c87
[dd] +0x8d88: 0000000000000069 -> 000000000000006f
[dd] +0x8d90: 04c2b17e1ce40101 -> 053d039115fd0101
[dd] +0x8da0: 0000010b00000000 -> 0000010c00000000
[dd] +0x8da8: f751f94be9d6c379 -> 08ca98999e7d2c87
[dd] +0x8db0: 0000000000000000 -> 5b7cab23ae7ec3ab
[dd] +0x8db8: 0000000000000000 -> d60058f100000000
[dd] +0x8dc0: 0000000000000000 -> 9e7d2c87fc803e96
[dd] +0x8dc8: 0000000000000000 -> 7b2435e308ca9899
[dd] +0x8dd0: 0000000000000000 -> 0000000029b91e81
[dd] +0x8e00: 0000000000000000 -> 0000006f00000000
[dd] +0x8e08: 1d07000100000000 -> 15f4010100000000
[dd] +0x8e10: 000000f504c2b1ed -> 000000f5053d0467
[dd] +0x8e20: 0000000000000119 -> 6c8b41dd0000010a
[dd] +0x8e28: 0000000001000000 -> ae7ec3ab53e55433
[dd] +0x8e30: 0000000000000000 -> 000000005b7cab23
[dd] +0x8e38: 0000000000000000 -> fc803e96d60058f1
[dd] +0x8e40: 0000000000000000 -> 08ca98999e7d2c87
[dd] +0x8e48: 0000000000000000 -> 29b91e817b2435e3
[dd] +0x8e80: 0000000000000000 -> 000000000000006f
[dd] +0x8e88: 04c2b28d1ce40101 -> 053d046915fd0101
[dd] +0x8e98: 0000010b00000000 -> 0000010c00000000
[dd] +0x8ea0: 45b93e38123df0cf -> fc803e96d60058f1
[dd] +0x8ea8: 0000000000000000 -> 5b7cab23ae7ec3ab
[dd] +0x8eb0: 0000000000000000 -> d60058f100000000
[dd] +0x8eb8: 0000000000000000 -> 9e7d2c87fc803e96
[dd] +0x8ec0: 0000000000000000 -> 7b2435e308ca9899
[dd] +0x8ec8: 0000000000000000 -> 0000000029b91e81
[dd] +0x8ef8: 0000000000000000 -> 0000006f00000000
[dd] +0x8f00: 1d07000100000000 -> 16d5000100000000
[dd] +0x8f08: 000000f504c2b2ac -> 000000f5053d0524
[dd] +0x8f18: 8000000000000119 -> 0000100100000135
[dd] +0x8f20: 0000000001000000 -> ae7ec3ab00000000
[dd] +0x8f28: 0000000000000000 -> 000000005b7cab23
[dd] +0x8f30: 0000000000000000 -> fc803e96d60058f1
[dd] +0x8f38: 0000000000000000 -> 08ca98999e7d2c87
[dd] +0x8f40: 0000000000000000 -> 29b91e817b2435e3
[dd] +0x8f78: 0000000000000000 -> 000000000000006f
[dd] +0x8f80: 04c2b7ce0dd30101 -> 053d052900aa0001
[dd] +0x8f90: 0000011e00000000 -> 0000014200000000
[dd] +0x8f98: 248cb1e6243840f7 -> 0000000000000100
[dd] +0x8fa0: 0000000000000000 -> 5b7cab23ae7ec3ab
[dd] +0x8fa8: 0000000000000000 -> d60058f100000000
[dd] +0x8fb0: 0000000000000000 -> 9e7d2c87fc803e96
[dd] +0x8fb8: 0000000000000000 -> 7b2435e308ca9899
[dd] +0x8fc0: 0000000000000000 -> 0000000029b91e81
[dd] +0x8ff0: 0000000000000000 -> 0000006f00000000
[dd] +0x8ff8: 16d5000100000000 -> 00b9000100000000
[dd] +0x9000: 000000f504c2b7d7 -> 000000f5053d0540
[dd] +0x9010: 0001000100000135 -> 0000000100000141
[dd] +0x9018: 243840f700000000 -> 0000000000000000
[dd] +0x9020: 00000000248cb1e6 -> 0000000000000000
[dd] +0x9028: b4bf822bab753935 -> 0000000000000000
[dd] +0x9030: c75f140c3e9a7f97 -> 0000000000000000
[dd] +0x9038: 29b91e817b2435e3 -> 0000000000000000
[dd] +0x9070: 0000000000000069 -> 0000000000000000
[dd] +0x9078: 04c2b83e00aa0001 -> 053d0c9700750001
[dd] +0x9088: 0000014200000000 -> 0000017f00000000
[dd] +0x9090: 0000000000000010 -> 0000000000dd0100
[dd] +0x9098: 248cb1e6243840f7 -> 0000000000000000
[dd] +0x90a0: ab75393500000000 -> 0000000000000000
[dd] +0x90a8: 3e9a7f97b4bf822b -> 0000000000000000
[dd] +0x90b0: 7b2435e3c75f140c -> 0000000000000000
[dd] +0x90b8: 0000000029b91e81 -> 0000000000000000
[dd] +0x90e8: 0000006900000000 -> 0000000000000000
[dd] +0x90f0: 00f6000100000000 -> 0230000100000000
[dd] +0x90f8: 000000f504c2b840 -> 000000f5053d0c99
[dd] +0x9108: 0000000000000142 -> 000010010000011d
[dd] +0x9110: 243840f7ffff0000 -> 0000000000000000
[dd] +0x9118: 00000000248cb1e6 -> 0000000000000000
[dd] +0x9120: b4bf822bab753935 -> 0000000000000000
[dd] +0x9128: c75f140c3e9a7f97 -> 0000000000000000
[dd] +0x9130: 29b91e817b2435e3 -> 0000000000000000
[dd] +0x9168: 0000000000000069 -> 0000000000000000
[dd] +0x9170: 04c2b8bf008b0001 -> 053d0fdb00fc0001
[dd] +0x9180: 0000013200000000 -> 0000014a00000000
[dd] +0x9188: 0000000000000001 -> 0000000000000010
[dd] +0x91e8: 00b4000100000000 -> 03ad000100000000
[dd] +0x91f0: 000000f504c2b8d6 -> 000000f5053d1002
[dd] +0x9200: 0000010000000132 -> 0000000100000127
[dd] +0x9268: 04c2b8d700bd0001 -> 053d103700a00001
[dd] +0x9278: 0000013200000000 -> 0000022400000000
[dd] +0x9280: 0000000000000101 -> 0000000000000000
[dd] +0x92e0: 00b9000100000000 -> 1b73000100000000
[dd] +0x92e8: 000000f504c2b8d9 -> 000000f5053d12c0
[dd] +0x92f8: 0000000000000141 -> 000000010000014c
[dd] +0x9360: 04c2b8dc02300001 -> 053d12c200e00001
[dd] +0x9370: 0000011d00000000 -> 0000014200000000
[dd] +0x9378: 0000000000001010 -> 0001000000010000
[dd] +0x9380: 0000000000000000 -> 5b7cab23ae7ec3ab
[dd] +0x9388: 0000000000000000 -> d60058f100000000
[dd] +0x9390: 0000000000000000 -> 9e7d2c87fc803e96
[dd] +0x9398: 0000000000000000 -> 7b2435e308ca9899
[dd] +0x93a0: 0000000000000000 -> 0000000029b91e81
[dd] +0x93d0: 0000000000000000 -> 0000006f00000000
[dd] +0x93d8: 0075000100000000 -> 16de000100000000
[dd] +0x93e0: 000000f504c2bac9 -> 000000f5053d12c3
[dd] +0x93f0: 00dd00000000017f -> 0000011000000135
[dd] +0x93f8: 0000000000000000 -> ae7ec3ab00000000
[dd] +0x9400: 0000000000000000 -> 000000005b7cab23
[dd] +0x9408: 0000000000000000 -> fc803e96d60058f1
[dd] +0x9410: 0000000000000000 -> 08ca98999e7d2c87
[dd] +0x9418: 0000000000000000 -> 29b91e817b2435e3
[dd] +0x9450: 0000000000000000 -> 000000000000006f
[dd] +0x9458: 04c2bf8d00fc0001 -> 053d130e1ce40101
[dd] +0x9468: 0000014a00000000 -> 0000010b00000000
[dd] +0x9470: 0000000000000000 -> c516f3b8e84e766b
[dd] +0x94d0: 1b73000100000000 -> 1d07000100000000
[dd] +0x94d8: 000000f504c2bf93 -> 000000f5053d15ba
[dd] +0x94e8: 000000010000014c -> 0000000000000119
[dd] +0x94f0: 0000000000000000 -> 0000000001000001
[dd] +0x9550: 04c2bf9516de0001 -> 053d161a1ce40101
[dd] +0x9560: 0000013500000000 -> 0000010b00000000
[dd] +0x9568: 0000000000000000 -> 53e554336c8b41dd
[dd] +0x9570: 248cb1e6243840f7 -> 0000000000000000
[dd] +0x9578: ab75393500000000 -> 0000000000000000
[dd] +0x9580: 3e9a7f97b4bf822b -> 0000000000000000
[dd] +0x9588: 7b2435e3c75f140c -> 0000000000000000
[dd] +0x9590: 0000000029b91e81 -> 0000000000000000
[dd] +0x95c0: 0000006900000000 -> 0000000000000000
[dd] +0x95c8: 1d27000100000000 -> 1d07000100000000
[dd] +0x95d0: 000000f504c2c011 -> 000000f5053d16e9
[dd] +0x95e0: 000000000000011a -> 8000000000000119
[dd] +0x95e8: 0000000001000000 -> 0000000001000001
[dd] +0x9648: 04c2c03b1d270001 -> 053d187e16d50001
[dd] +0x9658: 0000011a00000000 -> 0000013500000000
[dd] +0x9660: 0100000080000000 -> 0000000000010101
[dd] +0x9668: 0000000000000000 -> 5b7cab23ae7ec3ab
[dd] +0x9670: 0000000000000000 -> d60058f100000000
[dd] +0x9678: 0000000000000000 -> 9e7d2c87fc803e96
[dd] +0x9680: 0000000000000000 -> 7b2435e308ca9899
[dd] +0x9688: 0000000000000000 -> 0000000029b91e81
[dd] +0x96b8: 0000000000000000 -> 0000006f00000000
[dd] +0x96c0: 1397000100000000 -> 00aa000100000000
[dd] +0x96c8: 000000f504c2c03f -> 000000f5053d1886
[dd] +0x96d8: 0000001a0000010d -> 0000001000000142
[dd] +0x96e0: 243840f700000000 -> ae7ec3ab00000000
[dd] +0x96e8: 00000000248cb1e6 -> 000000005b7cab23
[dd] +0x96f0: b4bf822bab753935 -> fc803e96d60058f1
[dd] +0x96f8: c75f140c3e9a7f97 -> 08ca98999e7d2c87
[dd] +0x9738: 0000000000000069 -> 000000000000006f
[dd] +0x9740: 04c2c043139d0001 -> 053d188800f60001
[dd] +0x9750: 0000010d00000000 -> 0000014200000000
[dd] +0x9758: 00000000000000b7 -> ffff000000000000
[dd] +0x9760: 248cb1e6243840f7 -> 5b7cab23ae7ec3ab
[dd] +0x9768: ab75393500000000 -> d60058f100000000
[dd] +0x9770: 3e9a7f97b4bf822b -> 9e7d2c87fc803e96
[dd] +0x9778: 7b2435e3c75f140c -> 7b2435e308ca9899
[dd] +0x97b0: 0000006900000000 -> 0000006f00000000
[dd] +0x97b8: 1c1e000100000000 -> 16de000100000000
[dd] +0x97c0: 000000f504c2c04d -> 000000f5053d18c3
[dd] +0x97d0: 0000000000000183 -> 0000000000000135
[dd] +0x97d8: 00000000f0000f04 -> ae7ec3ab00000000
[dd] +0x97e0: 0000000000000000 -> 000000005b7cab23
[dd] +0x97e8: 0000000000000000 -> fc803e96d60058f1
[dd] +0x97f0: 0000000000000000 -> 08ca98999e7d2c87
[dd] +0x97f8: 0000000000000000 -> 29b91e817b2435e3
[dd] +0x9830: 0000000000000000 -> 000000000000006f
[dd] +0x9838: 04c2c05713c80001 -> 053d18d611580001
[dd] +0x9848: 0000012000000000 -> 0000010100000000
[dd] +0x9850: 0000000000000001 -> 0000000000000000
[dd] +0x9858: 248cb1e6243840f7 -> 5b7cab23ae7ec3ab
[dd] +0x9860: ab75393500000000 -> d60058f100000000
[dd] +0x9868: 3e9a7f97b4bf822b -> 9e7d2c87fc803e96
[dd] +0x9870: 7b2435e3c75f140c -> 7b2435e308ca9899
[dd] +0x98a8: 0000006900000000 -> 0000006f00000000
[dd] +0x98b0: 0deb010100000000 -> 1178010100000000
[dd] +0x98b8: 000000f504c2c253 -> 000000f5053d191d
[dd] +0x98c8: 243840f700000126 -> d60058f10000010e
[dd] +0x98d0: 00000000248cb1e6 -> ae7ec3abfc803e96
[dd] +0x98d8: 0000000000000000 -> 000000005b7cab23
[dd] +0x98e0: 0000000000000000 -> fc803e96d60058f1
[dd] +0x98e8: 0000000000000000 -> 08ca98999e7d2c87
[dd] +0x98f0: 0000000000000000 -> 29b91e817b2435e3
[dd] +0x9928: 0000000000000000 -> 000000000000006f
[dd] +0x9930: 04c2c36a022c0101 -> 053d1a0011970101
[dd] +0x9940: 0000011500000000 -> 0000010e00000000
[dd] +0x9948: 29b91e817b2435e3 -> 08ca98999e7d2c87
[dd] +0x9950: 0000000000000000 -> 5b7cab23ae7ec3ab
[dd] +0x9958: 0000000000000000 -> d60058f100000000
[dd] +0x9960: 0000000000000000 -> 9e7d2c87fc803e96
[dd] +0x9968: 0000000000000000 -> 7b2435e308ca9899
[dd] +0x9970: 0000000000000000 -> c8d12b5129b91e81
[dd] +0x9978: 0000000000000000 -> 00000000bb72da59
[dd] +0x99a0: 0000000000000000 -> 0000006f00000000
[dd] +0x99a8: 0aa9000100000000 -> 10b1000100000000
[dd] +0x99b0: 000000f504d6f3b4 -> 000000f5053d1b08
[dd] +0x99c0: 013338cc0000011f -> 0002000100000102
[dd] +0x99c8: 76bffcc300000002 -> ae7ec3ab00000000
[dd] +0x99d0: 000000083c70550b -> 000000005b7cab23
[dd] +0x99d8: 0000000000000000 -> fc803e96d60058f1
[dd] +0x99e0: 0000000000000000 -> 08ca98999e7d2c87
[dd] +0x99f0: 0000000000000000 -> bb72da59c8d12b51
[dd] +0x99f8: 0000000000000000 -> 2f073838ab3133c9
[dd] +0x9a20: 000000000000006a -> 000000000000006f
[dd] +0x9a28: 04d6f3ff1b200001 -> 053d1b6511fe0001
[dd] +0x9a38: 0000014900000000 -> 0000014700000000
[dd] +0x9a40: 0000000000000f04 -> 0000000000001001
[dd] +0x9a48: 3c70550b76bffcc3 -> 5b7cab23ae7ec3ab
[dd] +0x9a50: ab75393500000008 -> d60058f100000000
[dd] +0x9a58: 3e9a7f97b4bf822b -> 9e7d2c87fc803e96
[dd] +0x9a60: 7b2435e3c75f140c -> 7b2435e308ca9899
[dd] +0x9a68: 0000000029b91e81 -> c8d12b5129b91e81
[dd] +0x9a70: 0000000000000000 -> ab3133c9bb72da59
[dd] +0x9a78: 0000000000000000 -> 000000002f073838
[dd] +0x9a98: 0000006a00000000 -> 0000006f00000000
[dd] +0x9aa0: 1c25000100000000 -> 12b2000100000000
[dd] +0x9aa8: 000000f504d6f407 -> 000000f5053d1b67
[dd] +0x9ab8: 0000f04000000182 -> 0000101100000103
[dd] +0x9ac0: 0000000010000f04 -> ae7ec3ab00000000
[dd] +0x9ac8: 0000000000000000 -> 000000005b7cab23
[dd] +0x9ad0: 0000000000000000 -> fc803e96d60058f1
[dd] +0x9ad8: 0000000000000000 -> 08ca98999e7d2c87
[dd] +0x9ae0: 0000000000000000 -> 29b91e817b2435e3
[dd] +0x9ae8: 0000000000000000 -> bb72da59c8d12b51
[dd] +0x9af0: 0000000000000000 -> 2f073838ab3133c9
[dd] +0x9b18: 0000000000000000 -> 000000000000006f
[v32] done (alive)
[v31a] start triangulation (tall dst)
[tr] dst 64x256 bpr 256 alloc 0x10000
App terminated due to signal 15.
