[main] fuzz harness up, mode=all
[main] sandbox note: VCPDRM open is MACF-denied (iokit-open-user-client VCPDRMUserClient); mach-lookup com.apple.sprr / com.apple.jitbox exist but are sandbox-gated (seen in kernel log)
[open] IOServiceOpen VCPDRMService failed: 0xe00002e2
[open] service VCPDRMServiceUserClient not found
[vcpdrm] no connection, target dead
[mig] bootstrap-name phase done; add learned names to cand_names[]
[open] AppleM2ScalerCSCDriver -> conn 0x570b
[scaler] conn 0x570b, s1 30 s2 32
[probe12] SetNotificationPort -> 0x00000000
[ptspray] v149 PT/GART-page reclaim: 3 rounds, 48 reclaimers x 0x10000
[mtlr] resource2 sel8 flags 470 sz 0x1000 -> kr 0x00000000 rid 21 GPUVA 0x10000080000 cpu 100ee4000
[mtlr]   out: 0000010000080000 0000000100ee4000 0000000100e54fc0 0000000000000000
[mtlr]   out: 0000001500000000 0000000000004000 0000000237128733 0000000000364682
[mtlr] resource2 sel8 flags 470 sz 0x1000 -> kr 0x00000000 rid 22 GPUVA 0x10000088000 cpu 100fa0000
[mtlr]   out: 0000010000088000 0000000100fa0000 0000000100e55080 0000000000000000
[mtlr]   out: 0000001600000000 0000000000004000 0000000237128734 0000000000364683
[mtlr] resource2 sel8 flags 470 sz 0x1000 -> kr 0x00000000 rid 23 GPUVA 0x10000090000 cpu 100fa4000
[mtlr]   out: 0000010000090000 0000000100fa4000 0000000100e55140 0000000000000000
[mtlr]   out: 0000001700000000 0000000000004000 0000000237128735 0000000000364684
[mtlr] resource2 sel8 flags 470 sz 0x1000 -> kr 0x00000000 rid 24 GPUVA 0x10000098000 cpu 100fa8000
[mtlr]   out: 0000010000098000 0000000100fa8000 0000000100e55200 0000000000000000
[mtlr]   out: 0000001800000000 0000000000004000 0000000237128736 0000000000364685
[mtlr] resource2 sel8 flags 470 sz 0x1000 -> kr 0x00000000 rid 25 GPUVA 0x100000a0000 cpu 100fac000
[mtlr]   out: 00000100000a0000 0000000100fac000 0000000100e552c0 0000000000000000
[mtlr]   out: 0000001900000000 0000000000004000 0000000237128737 0000000000364686
[mtlr] resource2 sel8 flags 470 sz 0x1000 -> kr 0x00000000 rid 26 GPUVA 0x100000a8000 cpu 100fb0000
[mtlr]   out: 00000100000a8000 0000000100fb0000 0000000100e55380 0000000000000000
[mtlr]   out: 0000001a00000000 0000000000004000 0000000237128738 0000000000364687
[mtlr] resource2 sel8 flags 470 sz 0x1000 -> kr 0x00000000 rid 27 GPUVA 0x100000b0000 cpu 100fb4000
[mtlr]   out: 00000100000b0000 0000000100fb4000 0000000100e55440 0000000000000000
[mtlr]   out: 0000001b00000000 0000000000004000 0000000237128739 0000000000364688
[mtlr] resource2 sel8 flags 470 sz 0x1000 -> kr 0x00000000 rid 28 GPUVA 0x100000b8000 cpu 100fb8000
[mtlr]   out: 00000100000b8000 0000000100fb8000 0000000100e55500 0000000000000000
[mtlr]   out: 0000001c00000000 0000000000004000 000000023712873a 0000000000364689
[mtlr] resource2 sel8 flags 470 sz 0x1000 -> kr 0x00000000 rid 29 GPUVA 0x100000c0000 cpu 100fbc000
[mtlr]   out: 00000100000c0000 0000000100fbc000 0000000100e555c0 0000000000000000
[mtlr]   out: 0000001d00000000 0000000000004000 000000023712873b 000000000036468a
[mtlr] resource2 sel8 flags 470 sz 0x1000 -> kr 0x00000000 rid 30 GPUVA 0x100000c8000 cpu 100fc0000
[mtlr]   out: 00000100000c8000 0000000100fc0000 0000000100e55680 0000000000000000
[mtlr]   out: 0000001e00000000 0000000000004000 000000023712873c 000000000036468b
[mtlr] resource2 sel8 flags 470 sz 0x1000 -> kr 0x00000000 rid 31 GPUVA 0x100000d0000 cpu 100fc4000
[mtlr]   out: 00000100000d0000 0000000100fc4000 0000000100e55740 0000000000000000
[mtlr]   out: 0000001f00000000 0000000000004000 000000023712873d 000000000036468c
[mtlr] resource2 sel8 flags 470 sz 0x1000 -> kr 0x00000000 rid 32 GPUVA 0x100000d8000 cpu 100fc8000
[mtlr]   out: 00000100000d8000 0000000100fc8000 0000000100e55800 0000000000000000
[mtlr]   out: 0000002000000000 0000000000004000 000000023712873e 000000000036468d
[mtlr] resource2 sel8 flags 470 sz 0x1000 -> kr 0x00000000 rid 33 GPUVA 0x100000e0000 cpu 100fcc000
[mtlr]   out: 00000100000e0000 0000000100fcc000 0000000100e558c0 0000000000000000
[mtlr]   out: 0000002100000000 0000000000004000 000000023712873f 000000000036468e
[mtlr] resource2 sel8 flags 470 sz 0x1000 -> kr 0x00000000 rid 34 GPUVA 0x100000e8000 cpu 100fd0000
[mtlr]   out: 00000100000e8000 0000000100fd0000 0000000100e55980 0000000000000000
[mtlr]   out: 0000002200000000 0000000000004000 0000000237128740 000000000036468f
[mtlr] resource2 sel8 flags 470 sz 0x1000 -> kr 0x00000000 rid 35 GPUVA 0x100000f0000 cpu 100fd4000
[mtlr]   out: 00000100000f0000 0000000100fd4000 0000000100e55a40 0000000000000000
[mtlr]   out: 0000002300000000 0000000000004000 0000000237128741 0000000000364690
[mtlr] resource2 sel8 flags 470 sz 0x1000 -> kr 0x00000000 rid 36 GPUVA 0x100000f8000 cpu 1013cc000
[mtlr]   out: 00000100000f8000 00000001013cc000 0000000100e55b00 0000000000000000
[mtlr]   out: 0000002400000000 0000000000004000 0000000237128742 0000000000364691
[mtlr] resource2 sel8 flags 470 sz 0x1000 -> kr 0x00000000 rid 37 GPUVA 0x10000100000 cpu 1013d0000
[mtlr]   out: 0000010000100000 00000001013d0000 0000000100e55bc0 0000000000000000
[mtlr]   out: 0000002500000000 0000000000004000 0000000237128743 0000000000364692
[mtlr] resource2 sel8 flags 470 sz 0x1000 -> kr 0x00000000 rid 38 GPUVA 0x10000108000 cpu 1013d4000
[mtlr]   out: 0000010000108000 00000001013d4000 0000000100e55c80 0000000000000000
[mtlr]   out: 0000002600000000 0000000000004000 0000000237128744 0000000000364693
[mtlr] resource2 sel8 flags 470 sz 0x1000 -> kr 0x00000000 rid 39 GPUVA 0x10000110000 cpu 1013d8000
[mtlr]   out: 0000010000110000 00000001013d8000 0000000100e55d40 0000000000000000
[mtlr]   out: 0000002700000000 0000000000004000 0000000237128745 0000000000364694
[mtlr] resource2 sel8 flags 470 sz 0x1000 -> kr 0x00000000 rid 40 GPUVA 0x10000118000 cpu 1013dc000
[mtlr]   out: 0000010000118000 00000001013dc000 0000000100e55e00 0000000000000000
[mtlr]   out: 0000002800000000 0000000000004000 0000000237128746 0000000000364695
[mtlr] resource2 sel8 flags 470 sz 0x1000 -> kr 0x00000000 rid 41 GPUVA 0x10000120000 cpu 1013e0000
[mtlr]   out: 0000010000120000 00000001013e0000 0000000100e55ec0 0000000000000000
[mtlr]   out: 0000002900000000 0000000000004000 0000000237128747 0000000000364696
[mtlr] resource2 sel8 flags 470 sz 0x1000 -> kr 0x00000000 rid 42 GPUVA 0x10000128000 cpu 1013e4000
[mtlr]   out: 0000010000128000 00000001013e4000 0000000100e55f80 0000000000000000
[mtlr]   out: 0000002a00000000 0000000000004000 0000000237128748 0000000000364697
[mtlr] resource2 sel8 flags 470 sz 0x1000 -> kr 0x00000000 rid 43 GPUVA 0x10000130000 cpu 1013e8000
[mtlr]   out: 0000010000130000 00000001013e8000 0000000100e56040 0000000000000000
[mtlr]   out: 0000002b00000000 0000000000004000 0000000237128749 0000000000364698
[mtlr] resource2 sel8 flags 470 sz 0x1000 -> kr 0x00000000 rid 44 GPUVA 0x10000138000 cpu 1013ec000
[mtlr]   out: 0000010000138000 00000001013ec000 0000000100e56100 0000000000000000
[mtlr]   out: 0000002c00000000 0000000000004000 000000023712874a 0000000000364699
[mtlr] resource2 sel8 flags 470 sz 0x1000 -> kr 0x00000000 rid 45 GPUVA 0x10000140000 cpu 1013f0000
[mtlr]   out: 0000010000140000 00000001013f0000 0000000100e561c0 0000000000000000
[mtlr]   out: 0000002d00000000 0000000000004000 000000023712874b 000000000036469a
[mtlr] resource2 sel8 flags 470 sz 0x1000 -> kr 0x00000000 rid 46 GPUVA 0x10000148000 cpu 1013f4000
[mtlr]   out: 0000010000148000 00000001013f4000 0000000100e56280 0000000000000000
[mtlr]   out: 0000002e00000000 0000000000004000 000000023712874c 000000000036469b
[mtlr] resource2 sel8 flags 470 sz 0x1000 -> kr 0x00000000 rid 47 GPUVA 0x10000150000 cpu 1013f8000
[mtlr]   out: 0000010000150000 00000001013f8000 0000000100e56340 0000000000000000
[mtlr]   out: 0000002f00000000 0000000000004000 000000023712874d 000000000036469c
[mtlr] resource2 sel8 flags 470 sz 0x1000 -> kr 0x00000000 rid 48 GPUVA 0x10000158000 cpu 1013fc000
[mtlr]   out: 0000010000158000 00000001013fc000 0000000100e56400 0000000000000000
[mtlr]   out: 0000003000000000 0000000000004000 000000023712874e 000000000036469d
[mtlr] resource2 sel8 flags 470 sz 0x1000 -> kr 0x00000000 rid 49 GPUVA 0x10000160000 cpu 101400000
[mtlr]   out: 0000010000160000 0000000101400000 0000000100e564c0 0000000000000000
[mtlr]   out: 0000003100000000 0000000000004000 000000023712874f 000000000036469e
[mtlr] resource2 sel8 flags 470 sz 0x1000 -> kr 0x00000000 rid 50 GPUVA 0x10000168000 cpu 101404000
[mtlr]   out: 0000010000168000 0000000101404000 0000000100e56580 0000000000000000
[mtlr]   out: 0000003200000000 0000000000004000 0000000237128750 000000000036469f
[mtlr] resource2 sel8 flags 470 sz 0x1000 -> kr 0x00000000 rid 51 GPUVA 0x10000170000 cpu 101408000
[mtlr]   out: 0000010000170000 0000000101408000 0000000100e56640 0000000000000000
[mtlr]   out: 0000003300000000 0000000000004000 0000000237128751 00000000003646a0
[mtlr] resource2 sel8 flags 470 sz 0x1000 -> kr 0x00000000 rid 52 GPUVA 0x10000178000 cpu 105950000
[mtlr]   out: 0000010000178000 0000000105950000 0000000100e56700 0000000000000000
[mtlr]   out: 0000003400000000 0000000000004000 0000000237128752 00000000003646a1
[mtlr] resource2 sel8 flags 470 sz 0x1000 -> kr 0x00000000 rid 53 GPUVA 0x10000180000 cpu 105954000
[mtlr]   out: 0000010000180000 0000000105954000 0000000100e567c0 0000000000000000
[mtlr]   out: 0000003500000000 0000000000004000 0000000237128753 00000000003646a2
[mtlr] resource2 sel8 flags 470 sz 0x1000 -> kr 0x00000000 rid 54 GPUVA 0x10000188000 cpu 105958000
[mtlr]   out: 0000010000188000 0000000105958000 0000000100e56880 0000000000000000
[mtlr]   out: 0000003600000000 0000000000004000 0000000237128754 00000000003646a3
[mtlr] resource2 sel8 flags 470 sz 0x1000 -> kr 0x00000000 rid 55 GPUVA 0x10000190000 cpu 10595c000
[mtlr]   out: 0000010000190000 000000010595c000 0000000100e56940 0000000000000000
[mtlr]   out: 0000003700000000 0000000000004000 0000000237128755 00000000003646a4
[mtlr] resource2 sel8 flags 470 sz 0x1000 -> kr 0x00000000 rid 56 GPUVA 0x10000198000 cpu 105960000
[mtlr]   out: 0000010000198000 0000000105960000 0000000100e56a00 0000000000000000
[mtlr]   out: 0000003800000000 0000000000004000 0000000237128756 00000000003646a5
[mtlr] resource2 sel8 flags 470 sz 0x1000 -> kr 0x00000000 rid 57 GPUVA 0x100001a0000 cpu 105964000
[mtlr]   out: 00000100001a0000 0000000105964000 0000000100e56ac0 0000000000000000
[mtlr]   out: 0000003900000000 0000000000004000 0000000237128757 00000000003646a6
[mtlr] resource2 sel8 flags 470 sz 0x1000 -> kr 0x00000000 rid 58 GPUVA 0x100001a8000 cpu 105968000
[mtlr]   out: 00000100001a8000 0000000105968000 0000000100e56b80 0000000000000000
[mtlr]   out: 0000003a00000000 0000000000004000 0000000237128758 00000000003646a7
[mtlr] resource2 sel8 flags 470 sz 0x1000 -> kr 0x00000000 rid 59 GPUVA 0x100001b0000 cpu 10596c000
[mtlr]   out: 00000100001b0000 000000010596c000 0000000100e56c40 0000000000000000
[mtlr]   out: 0000003b00000000 0000000000004000 0000000237128759 00000000003646a8
[mtlr] resource2 sel8 flags 470 sz 0x1000 -> kr 0x00000000 rid 60 GPUVA 0x100001b8000 cpu 105970000
[mtlr]   out: 00000100001b8000 0000000105970000 0000000100e56d00 0000000000000000
[mtlr]   out: 0000003c00000000 0000000000004000 000000023712875a 00000000003646a9
[mtlr] resource2 sel8 flags 470 sz 0x10000 -> kr 0x00000000 rid 61 GPUVA 0x100001c0000 cpu 105974000
[mtlr]   out: 00000100001c0000 0000000105974000 0000000100e56dc0 0000000000000000
[mtlr]   out: 0000003d00000000 0000000000010000 000000023712875b 00000000003646aa
[ptspray] r0: victim rid 61 gpuva 0x100001c0000 cpu 0x105974000 (40 junk ready)
[ptspray] r0: destroy kr 0x00000000 + 40 junk => AGXUAT::process (PT pages -> pool0/pool1, unsrubbed)
[mtlr] resource2 sel8 flags 470 sz 0x10000 -> kr 0x00000000 rid 21 GPUVA 0x10000080000 cpu 100fa0000
[mtlr]   out: 0000010000080000 0000000100fa0000 0000000100e54fc0 0000000000000000
[mtlr]   out: 0000001500000000 0000000000010000 000000023712875c 00000000003646ab
[mtlr] resource2 sel8 flags 470 sz 0x10000 -> kr 0x00000000 rid 22 GPUVA 0x10000098000 cpu 100fb0000
[mtlr]   out: 0000010000098000 0000000100fb0000 0000000100e55080 0000000000000000
[mtlr]   out: 0000001600000000 0000000000010000 000000023712875d 00000000003646ac
[mtlr] resource2 sel8 flags 470 sz 0x10000 -> kr 0x00000000 rid 23 GPUVA 0x100000b0000 cpu 100fc0000
[mtlr]   out: 00000100000b0000 0000000100fc0000 0000000100e55140 0000000000000000
[mtlr]   out: 0000001700000000 0000000000010000 000000023712875e 00000000003646ad
[mtlr] resource2 sel8 flags 470 sz 0x10000 -> kr 0x00000000 rid 24 GPUVA 0x100000c8000 cpu 1013cc000
[mtlr]   out: 00000100000c8000 00000001013cc000 0000000100e55200 0000000000000000
[mtlr]   out: 0000001800000000 0000000000010000 000000023712875f 00000000003646ae
[mtlr] resource2 sel8 flags 470 sz 0x10000 -> kr 0x00000000 rid 25 GPUVA 0x100000e0000 cpu 1013dc000
[mtlr]   out: 00000100000e0000 00000001013dc000 0000000100e552c0 0000000000000000
[mtlr]   out: 0000001900000000 0000000000010000 0000000237128760 00000000003646af
[mtlr] resource2 sel8 flags 470 sz 0x10000 -> kr 0x00000000 rid 26 GPUVA 0x100000f8000 cpu 1013ec000
[mtlr]   out: 00000100000f8000 00000001013ec000 0000000100e55380 0000000000000000
[mtlr]   out: 0000001a00000000 0000000000010000 0000000237128761 00000000003646b0
[mtlr] resource2 sel8 flags 470 sz 0x10000 -> kr 0x00000000 rid 27 GPUVA 0x10000110000 cpu 1013fc000
[mtlr]   out: 0000010000110000 00000001013fc000 0000000100e55440 0000000000000000
[mtlr]   out: 0000001b00000000 0000000000010000 0000000237128762 00000000003646b1
[mtlr] resource2 sel8 flags 470 sz 0x10000 -> kr 0x00000000 rid 28 GPUVA 0x10000128000 cpu 105950000
[mtlr]   out: 0000010000128000 0000000105950000 0000000100e55500 0000000000000000
[mtlr]   out: 0000001c00000000 0000000000010000 0000000237128763 00000000003646b2
[mtlr] resource2 sel8 flags 470 sz 0x10000 -> kr 0x00000000 rid 29 GPUVA 0x10000140000 cpu 105960000
[mtlr]   out: 0000010000140000 0000000105960000 0000000100e555c0 0000000000000000
[mtlr]   out: 0000001d00000000 0000000000010000 0000000237128764 00000000003646b3
[mtlr] resource2 sel8 flags 470 sz 0x10000 -> kr 0x00000000 rid 30 GPUVA 0x10000158000 cpu 105970000
[mtlr]   out: 0000010000158000 0000000105970000 0000000100e55680 0000000000000000
[mtlr]   out: 0000001e00000000 0000000000010000 0000000237128765 00000000003646b4
[mtlr] resource2 sel8 flags 470 sz 0x10000 -> kr 0x00000000 rid 31 GPUVA 0x10000170000 cpu 105980000
[mtlr]   out: 0000010000170000 0000000105980000 0000000100e55740 0000000000000000
[mtlr]   out: 0000001f00000000 0000000000010000 0000000237128766 00000000003646b5
[mtlr] resource2 sel8 flags 470 sz 0x10000 -> kr 0x00000000 rid 32 GPUVA 0x10000188000 cpu 105990000
[mtlr]   out: 0000010000188000 0000000105990000 0000000100e55800 0000000000000000
[mtlr]   out: 0000002000000000 0000000000010000 0000000237128767 00000000003646b6
[mtlr] resource2 sel8 flags 470 sz 0x10000 -> kr 0x00000000 rid 33 GPUVA 0x100001a0000 cpu 1059a0000
[mtlr]   out: 00000100001a0000 00000001059a0000 0000000100e558c0 0000000000000000
[mtlr]   out: 0000002100000000 0000000000010000 0000000237128768 00000000003646b7
[mtlr] resource2 sel8 flags 470 sz 0x10000 -> kr 0x00000000 rid 34 GPUVA 0x100001b8000 cpu 1059b0000
[mtlr]   out: 00000100001b8000 00000001059b0000 0000000100e55980 0000000000000000
[mtlr]   out: 0000002200000000 0000000000010000 0000000237128769 00000000003646b8
[mtlr] resource2 sel8 flags 470 sz 0x10000 -> kr 0x00000000 rid 35 GPUVA 0x100001d0000 cpu 1059c0000
[mtlr]   out: 00000100001d0000 00000001059c0000 0000000100e55a40 0000000000000000
[mtlr]   out: 0000002300000000 0000000000010000 000000023712876a 00000000003646b9
[mtlr] resource2 sel8 flags 470 sz 0x10000 -> kr 0x00000000 rid 36 GPUVA 0x100001e8000 cpu 1059d0000
[mtlr]   out: 00000100001e8000 00000001059d0000 0000000100e55b00 0000000000000000
[mtlr]   out: 0000002400000000 0000000000010000 000000023712876b 00000000003646ba
[mtlr] resource2 sel8 flags 470 sz 0x10000 -> kr 0x00000000 rid 37 GPUVA 0x10000200000 cpu 1059e0000
[mtlr]   out: 0000010000200000 00000001059e0000 0000000100e55bc0 0000000000000000
[mtlr]   out: 0000002500000000 0000000000010000 000000023712876c 00000000003646bb
[mtlr] resource2 sel8 flags 470 sz 0x10000 -> kr 0x00000000 rid 38 GPUVA 0x10000218000 cpu 1059f0000
[mtlr]   out: 0000010000218000 00000001059f0000 0000000100e55c80 0000000000000000
[mtlr]   out: 0000002600000000 0000000000010000 000000023712876d 00000000003646bc
[mtlr] resource2 sel8 flags 470 sz 0x10000 -> kr 0x00000000 rid 39 GPUVA 0x10000230000 cpu 105a00000
[mtlr]   out: 0000010000230000 0000000105a00000 0000000100e55d40 0000000000000000
[mtlr]   out: 0000002700000000 0000000000010000 000000023712876e 00000000003646bd
[mtlr] resource2 sel8 flags 470 sz 0x10000 -> kr 0x00000000 rid 40 GPUVA 0x10000248000 cpu 105a10000
[mtlr]   out: 0000010000248000 0000000105a10000 0000000100e55e00 0000000000000000
[mtlr]   out: 0000002800000000 0000000000010000 000000023712876f 00000000003646be
[mtlr] resource2 sel8 flags 470 sz 0x10000 -> kr 0x00000000 rid 41 GPUVA 0x10000260000 cpu 105a20000
[mtlr]   out: 0000010000260000 0000000105a20000 0000000100e55ec0 0000000000000000
[mtlr]   out: 0000002900000000 0000000000010000 0000000237128770 00000000003646bf
[mtlr] resource2 sel8 flags 470 sz 0x10000 -> kr 0x00000000 rid 42 GPUVA 0x10000278000 cpu 105a30000
[mtlr]   out: 0000010000278000 0000000105a30000 0000000100e55f80 0000000000000000
[mtlr]   out: 0000002a00000000 0000000000010000 0000000237128771 00000000003646c0
[mtlr] resource2 sel8 flags 470 sz 0x10000 -> kr 0x00000000 rid 43 GPUVA 0x10000290000 cpu 105a40000
[mtlr]   out: 0000010000290000 0000000105a40000 0000000100e56040 0000000000000000
[mtlr]   out: 0000002b00000000 0000000000010000 0000000237128772 00000000003646c1
[mtlr] resource2 sel8 flags 470 sz 0x10000 -> kr 0x00000000 rid 44 GPUVA 0x100002a8000 cpu 105a50000
[mtlr]   out: 00000100002a8000 0000000105a50000 0000000100e56100 0000000000000000
[mtlr]   out: 0000002c00000000 0000000000010000 0000000237128773 00000000003646c2
[mtlr] resource2 sel8 flags 470 sz 0x10000 -> kr 0x00000000 rid 45 GPUVA 0x100002c0000 cpu 105a60000
[mtlr]   out: 00000100002c0000 0000000105a60000 0000000100e561c0 0000000000000000
[mtlr]   out: 0000002d00000000 0000000000010000 0000000237128774 00000000003646c3
[mtlr] resource2 sel8 flags 470 sz 0x10000 -> kr 0x00000000 rid 46 GPUVA 0x100002d8000 cpu 105a70000
[mtlr]   out: 00000100002d8000 0000000105a70000 0000000100e56280 0000000000000000
[mtlr]   out: 0000002e00000000 0000000000010000 0000000237128775 00000000003646c4
[mtlr] resource2 sel8 flags 470 sz 0x10000 -> kr 0x00000000 rid 47 GPUVA 0x100002f0000 cpu 105a80000
[mtlr]   out: 00000100002f0000 0000000105a80000 0000000100e56340 0000000000000000
[mtlr]   out: 0000002f00000000 0000000000010000 0000000237128776 00000000003646c5
[mtlr] resource2 sel8 flags 470 sz 0x10000 -> kr 0x00000000 rid 48 GPUVA 0x10000308000 cpu 105a90000
[mtlr]   out: 0000010000308000 0000000105a90000 0000000100e56400 0000000000000000
[mtlr]   out: 0000003000000000 0000000000010000 0000000237128777 00000000003646c6
[mtlr] resource2 sel8 flags 470 sz 0x10000 -> kr 0x00000000 rid 49 GPUVA 0x10000320000 cpu 105aa0000
[mtlr]   out: 0000010000320000 0000000105aa0000 0000000100e564c0 0000000000000000
[mtlr]   out: 0000003100000000 0000000000010000 0000000237128778 00000000003646c7
[mtlr] resource2 sel8 flags 470 sz 0x10000 -> kr 0x00000000 rid 50 GPUVA 0x10000338000 cpu 105ab0000
[mtlr]   out: 0000010000338000 0000000105ab0000 0000000100e56580 0000000000000000
[mtlr]   out: 0000003200000000 0000000000010000 0000000237128779 00000000003646c8
[mtlr] resource2 sel8 flags 470 sz 0x10000 -> kr 0x00000000 rid 51 GPUVA 0x10000350000 cpu 105ac0000
[mtlr]   out: 0000010000350000 0000000105ac0000 0000000100e56640 0000000000000000
[mtlr]   out: 0000003300000000 0000000000010000 000000023712877a 00000000003646c9
[mtlr] resource2 sel8 flags 470 sz 0x10000 -> kr 0x00000000 rid 52 GPUVA 0x10000368000 cpu 105ad0000
[mtlr]   out: 0000010000368000 0000000105ad0000 0000000100e56700 0000000000000000
[mtlr]   out: 0000003400000000 0000000000010000 000000023712877b 00000000003646ca
[mtlr] resource2 sel8 flags 470 sz 0x10000 -> kr 0x00000000 rid 53 GPUVA 0x10000380000 cpu 105ae0000
[mtlr]   out: 0000010000380000 0000000105ae0000 0000000100e567c0 0000000000000000
[mtlr]   out: 0000003500000000 0000000000010000 000000023712877c 00000000003646cb
[mtlr] resource2 sel8 flags 470 sz 0x10000 -> kr 0x00000000 rid 54 GPUVA 0x10000398000 cpu 105af0000
[mtlr]   out: 0000010000398000 0000000105af0000 0000000100e56880 0000000000000000
[mtlr]   out: 0000003600000000 0000000000010000 000000023712877d 00000000003646cc
[mtlr] resource2 sel8 flags 470 sz 0x10000 -> kr 0x00000000 rid 55 GPUVA 0x100003b0000 cpu 105b00000
[mtlr]   out: 00000100003b0000 0000000105b00000 0000000100e56940 0000000000000000
[mtlr]   out: 0000003700000000 0000000000010000 000000023712877e 00000000003646cd
[mtlr] resource2 sel8 flags 470 sz 0x10000 -> kr 0x00000000 rid 56 GPUVA 0x100003c8000 cpu 105b10000
[mtlr]   out: 00000100003c8000 0000000105b10000 0000000100e56a00 0000000000000000
[mtlr]   out: 0000003800000000 0000000000010000 000000023712877f 00000000003646ce
[mtlr] resource2 sel8 flags 470 sz 0x10000 -> kr 0x00000000 rid 57 GPUVA 0x100003e0000 cpu 105b20000
[mtlr]   out: 00000100003e0000 0000000105b20000 0000000100e56ac0 0000000000000000
[mtlr]   out: 0000003900000000 0000000000010000 0000000237128780 00000000003646cf
[mtlr] resource2 sel8 flags 470 sz 0x10000 -> kr 0x00000000 rid 58 GPUVA 0x100003f8000 cpu 105b30000
[mtlr]   out: 00000100003f8000 0000000105b30000 0000000100e56b80 0000000000000000
[mtlr]   out: 0000003a00000000 0000000000010000 0000000237128781 00000000003646d0
[mtlr] resource2 sel8 flags 470 sz 0x10000 -> kr 0x00000000 rid 59 GPUVA 0x10000410000 cpu 105b40000
[mtlr]   out: 0000010000410000 0000000105b40000 0000000100e56c40 0000000000000000
[mtlr]   out: 0000003b00000000 0000000000010000 0000000237128782 00000000003646d1
[mtlr] resource2 sel8 flags 470 sz 0x10000 -> kr 0x00000000 rid 60 GPUVA 0x10000428000 cpu 105b50000
[mtlr]   out: 0000010000428000 0000000105b50000 0000000100e56d00 0000000000000000
[mtlr]   out: 0000003c00000000 0000000000010000 0000000237128783 00000000003646d2
[mtlr] resource2 sel8 flags 470 sz 0x10000 -> kr 0x00000000 rid 61 GPUVA 0x10000440000 cpu 105b60000
[mtlr]   out: 0000010000440000 0000000105b60000 0000000100e56dc0 0000000000000000
[mtlr]   out: 0000003d00000000 0000000000010000 0000000237128784 00000000003646d3
[mtlr] resource2 sel8 flags 470 sz 0x10000 -> kr 0x00000000 rid 62 GPUVA 0x10000458000 cpu 105b70000
[mtlr]   out: 0000010000458000 0000000105b70000 0000000100e56e80 0000000000000000
[mtlr]   out: 0000003e00000000 0000000000010000 0000000237128785 00000000003646d4
[mtlr] resource2 sel8 flags 470 sz 0x10000 -> kr 0x00000000 rid 63 GPUVA 0x10000470000 cpu 105b80000
[mtlr]   out: 0000010000470000 0000000105b80000 0000000100e56f40 0000000000000000
[mtlr]   out: 0000003f00000000 0000000000010000 0000000237128786 00000000003646d5
[mtlr] resource2 sel8 flags 470 sz 0x10000 -> kr 0x00000000 rid 64 GPUVA 0x10000488000 cpu 105b90000
[mtlr]   out: 0000010000488000 0000000105b90000 0000000100e57000 0000000000000000
[mtlr]   out: 0000004000000000 0000000000010000 0000000237128787 00000000003646d6
[mtlr] resource2 sel8 flags 470 sz 0x10000 -> kr 0x00000000 rid 65 GPUVA 0x100004a0000 cpu 105ba0000
[mtlr]   out: 00000100004a0000 0000000105ba0000 0000000100e570c0 0000000000000000
[mtlr]   out: 0000004100000000 0000000000010000 0000000237128788 00000000003646d7
[mtlr] resource2 sel8 flags 470 sz 0x10000 -> kr 0x00000000 rid 66 GPUVA 0x100004b8000 cpu 105bb0000
[mtlr]   out: 00000100004b8000 0000000105bb0000 0000000100e57180 0000000000000000
[mtlr]   out: 0000004200000000 0000000000010000 0000000237128789 00000000003646d8
[mtlr] resource2 sel8 flags 470 sz 0x10000 -> kr 0x00000000 rid 67 GPUVA 0x100004d0000 cpu 105bc0000
[mtlr]   out: 00000100004d0000 0000000105bc0000 0000000100e57240 0000000000000000
[mtlr]   out: 0000004300000000 0000000000010000 000000023712878a 00000000003646d9
[mtlr] resource2 sel8 flags 470 sz 0x10000 -> kr 0x00000000 rid 68 GPUVA 0x100004e8000 cpu 105bd0000
[mtlr]   out: 00000100004e8000 0000000105bd0000 0000000100e57300 0000000000000000
[mtlr]   out: 0000004400000000 0000000000010000 000000023712878b 00000000003646da
[ptspray] r0 summary: 48 reclaimers | zero 48 | PTE-shaped 0 | data/unknown 0 | (no PT content reachable)
[mtlr] resource2 sel8 flags 470 sz 0x1000 -> kr 0x00000000 rid 69 GPUVA 0x10000500000 cpu 100ee4000
[mtlr]   out: 0000010000500000 0000000100ee4000 0000000100e573c0 0000000000000000
[mtlr]   out: 0000004500000000 0000000000004000 000000023712878c 00000000003646db
[mtlr] resource2 sel8 flags 470 sz 0x1000 -> kr 0x00000000 rid 70 GPUVA 0x10000508000 cpu 100fd0000
[mtlr]   out: 0000010000508000 0000000100fd0000 0000000100e57480 0000000000000000
[mtlr]   out: 0000004600000000 0000000000004000 000000023712878d 00000000003646dc
[mtlr] resource2 sel8 flags 470 sz 0x1000 -> kr 0x00000000 rid 71 GPUVA 0x10000510000 cpu 100fd4000
[mtlr]   out: 0000010000510000 0000000100fd4000 0000000100e57540 0000000000000000
[mtlr]   out: 0000004700000000 0000000000004000 000000023712878e 00000000003646dd
[mtlr] resource2 sel8 flags 470 sz 0x1000 -> kr 0x00000000 rid 72 GPUVA 0x10000518000 cpu 105be0000
[mtlr]   out: 0000010000518000 0000000105be0000 0000000100e57600 0000000000000000
[mtlr]   out: 0000004800000000 0000000000004000 000000023712878f 00000000003646de
[mtlr] resource2 sel8 flags 470 sz 0x1000 -> kr 0x00000000 rid 73 GPUVA 0x10000520000 cpu 105be4000
[mtlr]   out: 0000010000520000 0000000105be4000 0000000100e576c0 0000000000000000
[mtlr]   out: 0000004900000000 0000000000004000 0000000237128790 00000000003646df
[mtlr] resource2 sel8 flags 470 sz 0x1000 -> kr 0x00000000 rid 74 GPUVA 0x10000528000 cpu 105be8000
[mtlr]   out: 0000010000528000 0000000105be8000 0000000100e57780 0000000000000000
[mtlr]   out: 0000004a00000000 0000000000004000 0000000237128791 00000000003646e0
[mtlr] resource2 sel8 flags 470 sz 0x1000 -> kr 0x00000000 rid 75 GPUVA 0x10000530000 cpu 105bec000
[mtlr]   out: 0000010000530000 0000000105bec000 0000000100e57840 0000000000000000
[mtlr]   out: 0000004b00000000 0000000000004000 0000000237128792 00000000003646e1
[mtlr] resource2 sel8 flags 470 sz 0x1000 -> kr 0x00000000 rid 76 GPUVA 0x10000538000 cpu 105bf0000
[mtlr]   out: 0000010000538000 0000000105bf0000 0000000100e57900 0000000000000000
[mtlr]   out: 0000004c00000000 0000000000004000 0000000237128793 00000000003646e2
[mtlr] resource2 sel8 flags 470 sz 0x1000 -> kr 0x00000000 rid 77 GPUVA 0x10000540000 cpu 105bf4000
[mtlr]   out: 0000010000540000 0000000105bf4000 0000000100e579c0 0000000000000000
[mtlr]   out: 0000004d00000000 0000000000004000 0000000237128794 00000000003646e3
[mtlr] resource2 sel8 flags 470 sz 0x1000 -> kr 0x00000000 rid 78 GPUVA 0x10000548000 cpu 105bf8000
[mtlr]   out: 0000010000548000 0000000105bf8000 0000000100e57a80 0000000000000000
[mtlr]   out: 0000004e00000000 0000000000004000 0000000237128795 00000000003646e4
[mtlr] resource2 sel8 flags 470 sz 0x1000 -> kr 0x00000000 rid 79 GPUVA 0x10000550000 cpu 105bfc000
[mtlr]   out: 0000010000550000 0000000105bfc000 0000000100e57b40 0000000000000000
[mtlr]   out: 0000004f00000000 0000000000004000 0000000237128796 00000000003646e5
[mtlr] resource2 sel8 flags 470 sz 0x1000 -> kr 0x00000000 rid 80 GPUVA 0x10000558000 cpu 109950000
[mtlr]   out: 0000010000558000 0000000109950000 0000000100e57c00 0000000000000000
[mtlr]   out: 0000005000000000 0000000000004000 0000000237128797 00000000003646e6
[mtlr] resource2 sel8 flags 470 sz 0x1000 -> kr 0x00000000 rid 81 GPUVA 0x10000560000 cpu 109954000
[mtlr]   out: 0000010000560000 0000000109954000 0000000100e57cc0 0000000000000000
[mtlr]   out: 0000005100000000 0000000000004000 0000000237128798 00000000003646e7
[mtlr] resource2 sel8 flags 470 sz 0x1000 -> kr 0x00000000 rid 82 GPUVA 0x10000568000 cpu 109958000
[mtlr]   out: 0000010000568000 0000000109958000 0000000100e57d80 0000000000000000
[mtlr]   out: 0000005200000000 0000000000004000 0000000237128799 00000000003646e8
[mtlr] resource2 sel8 flags 470 sz 0x1000 -> kr 0x00000000 rid 83 GPUVA 0x10000570000 cpu 10995c000
[mtlr]   out: 0000010000570000 000000010995c000 0000000100e57e40 0000000000000000
[mtlr]   out: 0000005300000000 0000000000004000 000000023712879a 00000000003646e9
[mtlr] resource2 sel8 flags 470 sz 0x1000 -> kr 0x00000000 rid 84 GPUVA 0x10000578000 cpu 109960000
[mtlr]   out: 0000010000578000 0000000109960000 0000000100e57f00 0000000000000000
[mtlr]   out: 0000005400000000 0000000000004000 000000023712879b 00000000003646ea
[mtlr] resource2 sel8 flags 470 sz 0x1000 -> kr 0x00000000 rid 85 GPUVA 0x10000580000 cpu 109964000
[mtlr]   out: 0000010000580000 0000000109964000 0000000100e57fc0 0000000000000000
[mtlr]   out: 0000005500000000 0000000000004000 000000023712879c 00000000003646eb
[mtlr] resource2 sel8 flags 470 sz 0x1000 -> kr 0x00000000 rid 86 GPUVA 0x10000588000 cpu 109968000
[mtlr]   out: 0000010000588000 0000000109968000 0000000100e58080 0000000000000000
[mtlr]   out: 0000005600000000 0000000000004000 000000023712879d 00000000003646ec
[mtlr] resource2 sel8 flags 470 sz 0x1000 -> kr 0x00000000 rid 87 GPUVA 0x10000590000 cpu 10996c000
[mtlr]   out: 0000010000590000 000000010996c000 0000000100e58140 0000000000000000
[mtlr]   out: 0000005700000000 0000000000004000 000000023712879e 00000000003646ed
[mtlr] resource2 sel8 flags 470 sz 0x1000 -> kr 0x00000000 rid 88 GPUVA 0x10000598000 cpu 109970000
[mtlr]   out: 0000010000598000 0000000109970000 0000000100e58200 0000000000000000
[mtlr]   out: 0000005800000000 0000000000004000 000000023712879f 00000000003646ee
[mtlr] resource2 sel8 flags 470 sz 0x1000 -> kr 0x00000000 rid 89 GPUVA 0x100005a0000 cpu 109974000
[mtlr]   out: 00000100005a0000 0000000109974000 0000000100e582c0 0000000000000000
[mtlr]   out: 0000005900000000 0000000000004000 00000002371287a0 00000000003646ef
[mtlr] resource2 sel8 flags 470 sz 0x1000 -> kr 0x00000000 rid 90 GPUVA 0x100005a8000 cpu 109978000
[mtlr]   out: 00000100005a8000 0000000109978000 0000000100e58380 0000000000000000
[mtlr]   out: 0000005a00000000 0000000000004000 00000002371287a1 00000000003646f0
[mtlr] resource2 sel8 flags 470 sz 0x1000 -> kr 0x00000000 rid 91 GPUVA 0x100005b0000 cpu 10997c000
[mtlr]   out: 00000100005b0000 000000010997c000 0000000100e58440 0000000000000000
[mtlr]   out: 0000005b00000000 0000000000004000 00000002371287a2 00000000003646f1
[mtlr] resource2 sel8 flags 470 sz 0x1000 -> kr 0x00000000 rid 92 GPUVA 0x100005b8000 cpu 109980000
[mtlr]   out: 00000100005b8000 0000000109980000 0000000100e58500 0000000000000000
[mtlr]   out: 0000005c00000000 0000000000004000 00000002371287a3 00000000003646f2
[mtlr] resource2 sel8 flags 470 sz 0x1000 -> kr 0x00000000 rid 93 GPUVA 0x100005c0000 cpu 109984000
[mtlr]   out: 00000100005c0000 0000000109984000 0000000100e585c0 0000000000000000
[mtlr]   out: 0000005d00000000 0000000000004000 00000002371287a4 00000000003646f3
[mtlr] resource2 sel8 flags 470 sz 0x1000 -> kr 0x00000000 rid 94 GPUVA 0x100005c8000 cpu 109988000
[mtlr]   out: 00000100005c8000 0000000109988000 0000000100e58680 0000000000000000
[mtlr]   out: 0000005e00000000 0000000000004000 00000002371287a5 00000000003646f4
[mtlr] resource2 sel8 flags 470 sz 0x1000 -> kr 0x00000000 rid 95 GPUVA 0x100005d0000 cpu 10998c000
[mtlr]   out: 00000100005d0000 000000010998c000 0000000100e58740 0000000000000000
[mtlr]   out: 0000005f00000000 0000000000004000 00000002371287a6 00000000003646f5
[mtlr] resource2 sel8 flags 470 sz 0x1000 -> kr 0x00000000 rid 96 GPUVA 0x100005d8000 cpu 109990000
[mtlr]   out: 00000100005d8000 0000000109990000 0000000100e58800 0000000000000000
[mtlr]   out: 0000006000000000 0000000000004000 00000002371287a7 00000000003646f6
[mtlr] resource2 sel8 flags 470 sz 0x1000 -> kr 0x00000000 rid 97 GPUVA 0x100005e0000 cpu 109994000
[mtlr]   out: 00000100005e0000 0000000109994000 0000000100e588c0 0000000000000000
[mtlr]   out: 0000006100000000 0000000000004000 00000002371287a8 00000000003646f7
[mtlr] resource2 sel8 flags 470 sz 0x1000 -> kr 0x00000000 rid 98 GPUVA 0x100005e8000 cpu 109998000
[mtlr]   out: 00000100005e8000 0000000109998000 0000000100e58980 0000000000000000
[mtlr]   out: 0000006200000000 0000000000004000 00000002371287a9 00000000003646f8
[mtlr] resource2 sel8 flags 470 sz 0x1000 -> kr 0x00000000 rid 99 GPUVA 0x100005f0000 cpu 10999c000
[mtlr]   out: 00000100005f0000 000000010999c000 0000000100e58a40 0000000000000000
[mtlr]   out: 0000006300000000 0000000000004000 00000002371287aa 00000000003646f9
[mtlr] resource2 sel8 flags 470 sz 0x1000 -> kr 0x00000000 rid 100 GPUVA 0x100005f8000 cpu 1099a0000
[mtlr]   out: 00000100005f8000 00000001099a0000 0000000100e58b00 0000000000000000
[mtlr]   out: 0000006400000000 0000000000004000 00000002371287ab 00000000003646fa
[mtlr] resource2 sel8 flags 470 sz 0x1000 -> kr 0x00000000 rid 101 GPUVA 0x10000600000 cpu 1099a4000
[mtlr]   out: 0000010000600000 00000001099a4000 0000000100e58bc0 0000000000000000
[mtlr]   out: 0000006500000000 0000000000004000 00000002371287ac 00000000003646fb
[mtlr] resource2 sel8 flags 470 sz 0x1000 -> kr 0x00000000 rid 102 GPUVA 0x10000608000 cpu 1099a8000
[mtlr]   out: 0000010000608000 00000001099a8000 0000000100e58c80 0000000000000000
[mtlr]   out: 0000006600000000 0000000000004000 00000002371287ad 00000000003646fc
[mtlr] resource2 sel8 flags 470 sz 0x1000 -> kr 0x00000000 rid 103 GPUVA 0x10000610000 cpu 1099ac000
[mtlr]   out: 0000010000610000 00000001099ac000 0000000100e58d40 0000000000000000
[mtlr]   out: 0000006700000000 0000000000004000 00000002371287ae 00000000003646fd
[mtlr] resource2 sel8 flags 470 sz 0x1000 -> kr 0x00000000 rid 104 GPUVA 0x10000618000 cpu 1099b0000
[mtlr]   out: 0000010000618000 00000001099b0000 0000000100e58e00 0000000000000000
[mtlr]   out: 0000006800000000 0000000000004000 00000002371287af 00000000003646fe
[mtlr] resource2 sel8 flags 470 sz 0x1000 -> kr 0x00000000 rid 105 GPUVA 0x10000620000 cpu 1099b4000
[mtlr]   out: 0000010000620000 00000001099b4000 0000000100e58ec0 0000000000000000
[mtlr]   out: 0000006900000000 0000000000004000 00000002371287b0 00000000003646ff
[mtlr] resource2 sel8 flags 470 sz 0x1000 -> kr 0x00000000 rid 106 GPUVA 0x10000628000 cpu 1099b8000
[mtlr]   out: 0000010000628000 00000001099b8000 0000000100e58f80 0000000000000000
[mtlr]   out: 0000006a00000000 0000000000004000 00000002371287b1 0000000000364700
[mtlr] resource2 sel8 flags 470 sz 0x1000 -> kr 0x00000000 rid 107 GPUVA 0x10000630000 cpu 1099bc000
[mtlr]   out: 0000010000630000 00000001099bc000 0000000100e59040 0000000000000000
[mtlr]   out: 0000006b00000000 0000000000004000 00000002371287b2 0000000000364701
[mtlr] resource2 sel8 flags 470 sz 0x1000 -> kr 0x00000000 rid 108 GPUVA 0x10000638000 cpu 1099c0000
[mtlr]   out: 0000010000638000 00000001099c0000 0000000100e59100 0000000000000000
[mtlr]   out: 0000006c00000000 0000000000004000 00000002371287b3 0000000000364702
[mtlr] resource2 sel8 flags 470 sz 0x10000 -> kr 0x00000000 rid 109 GPUVA 0x10000640000 cpu 1099c4000
[mtlr]   out: 0000010000640000 00000001099c4000 0000000100e591c0 0000000000000000
[mtlr]   out: 0000006d00000000 0000000000010000 00000002371287b4 0000000000364703
[ptspray] r1: victim rid 109 gpuva 0x10000640000 cpu 0x1099c4000 (40 junk ready)
[ptspray] r1: destroy kr 0x00000000 + 40 junk => AGXUAT::process (PT pages -> pool0/pool1, unsrubbed)
[mtlr] resource2 sel8 flags 470 sz 0x10000 -> kr 0x00000000 rid 69 GPUVA 0x10000500000 cpu 105be0000
[mtlr]   out: 0000010000500000 0000000105be0000 0000000100e573c0 0000000000000000
[mtlr]   out: 0000004500000000 0000000000010000 00000002371287b5 0000000000364704
[mtlr] resource2 sel8 flags 470 sz 0x10000 -> kr 0x00000000 rid 70 GPUVA 0x10000518000 cpu 105bf0000
[mtlr]   out: 0000010000518000 0000000105bf0000 0000000100e57480 0000000000000000
[mtlr]   out: 0000004600000000 0000000000010000 00000002371287b6 0000000000364705
[mtlr] resource2 sel8 flags 470 sz 0x10000 -> kr 0x00000000 rid 71 GPUVA 0x10000530000 cpu 109950000
[mtlr]   out: 0000010000530000 0000000109950000 0000000100e57540 0000000000000000
[mtlr]   out: 0000004700000000 0000000000010000 00000002371287b7 0000000000364706
[mtlr] resource2 sel8 flags 470 sz 0x10000 -> kr 0x00000000 rid 72 GPUVA 0x10000548000 cpu 109960000
[mtlr]   out: 0000010000548000 0000000109960000 0000000100e57600 0000000000000000
[mtlr]   out: 0000004800000000 0000000000010000 00000002371287b8 0000000000364707
[mtlr] resource2 sel8 flags 470 sz 0x10000 -> kr 0x00000000 rid 73 GPUVA 0x10000560000 cpu 109970000
[mtlr]   out: 0000010000560000 0000000109970000 0000000100e576c0 0000000000000000
[mtlr]   out: 0000004900000000 0000000000010000 00000002371287b9 0000000000364708
[mtlr] resource2 sel8 flags 470 sz 0x10000 -> kr 0x00000000 rid 74 GPUVA 0x10000578000 cpu 109980000
[mtlr]   out: 0000010000578000 0000000109980000 0000000100e57780 0000000000000000
[mtlr]   out: 0000004a00000000 0000000000010000 00000002371287ba 0000000000364709
[mtlr] resource2 sel8 flags 470 sz 0x10000 -> kr 0x00000000 rid 75 GPUVA 0x10000590000 cpu 109990000
[mtlr]   out: 0000010000590000 0000000109990000 0000000100e57840 0000000000000000
[mtlr]   out: 0000004b00000000 0000000000010000 00000002371287bb 000000000036470a
[mtlr] resource2 sel8 flags 470 sz 0x10000 -> kr 0x00000000 rid 76 GPUVA 0x100005a8000 cpu 1099a0000
[mtlr]   out: 00000100005a8000 00000001099a0000 0000000100e57900 0000000000000000
[mtlr]   out: 0000004c00000000 0000000000010000 00000002371287bc 000000000036470b
[mtlr] resource2 sel8 flags 470 sz 0x10000 -> kr 0x00000000 rid 77 GPUVA 0x100005c0000 cpu 1099b0000
[mtlr]   out: 00000100005c0000 00000001099b0000 0000000100e579c0 0000000000000000
[mtlr]   out: 0000004d00000000 0000000000010000 00000002371287bd 000000000036470c
[mtlr] resource2 sel8 flags 470 sz 0x10000 -> kr 0x00000000 rid 78 GPUVA 0x100005d8000 cpu 1099c0000
[mtlr]   out: 00000100005d8000 00000001099c0000 0000000100e57a80 0000000000000000
[mtlr]   out: 0000004e00000000 0000000000010000 00000002371287be 000000000036470d
[mtlr] resource2 sel8 flags 470 sz 0x10000 -> kr 0x00000000 rid 79 GPUVA 0x100005f0000 cpu 1099d0000
[mtlr]   out: 00000100005f0000 00000001099d0000 0000000100e57b40 0000000000000000
[mtlr]   out: 0000004f00000000 0000000000010000 00000002371287bf 000000000036470e
[mtlr] resource2 sel8 flags 470 sz 0x10000 -> kr 0x00000000 rid 80 GPUVA 0x10000608000 cpu 1099e0000
[mtlr]   out: 0000010000608000 00000001099e0000 0000000100e57c00 0000000000000000
[mtlr]   out: 0000005000000000 0000000000010000 00000002371287c0 000000000036470f
[mtlr] resource2 sel8 flags 470 sz 0x10000 -> kr 0x00000000 rid 81 GPUVA 0x10000620000 cpu 1099f0000
[mtlr]   out: 0000010000620000 00000001099f0000 0000000100e57cc0 0000000000000000
[mtlr]   out: 0000005100000000 0000000000010000 00000002371287c1 0000000000364710
[mtlr] resource2 sel8 flags 470 sz 0x10000 -> kr 0x00000000 rid 82 GPUVA 0x10000638000 cpu 109a00000
[mtlr]   out: 0000010000638000 0000000109a00000 0000000100e57d80 0000000000000000
[mtlr]   out: 0000005200000000 0000000000010000 00000002371287c2 0000000000364711
[mtlr] resource2 sel8 flags 470 sz 0x10000 -> kr 0x00000000 rid 83 GPUVA 0x10000650000 cpu 109a10000
[mtlr]   out: 0000010000650000 0000000109a10000 0000000100e57e40 0000000000000000
[mtlr]   out: 0000005300000000 0000000000010000 00000002371287c3 0000000000364712
[mtlr] resource2 sel8 flags 470 sz 0x10000 -> kr 0x00000000 rid 84 GPUVA 0x10000668000 cpu 109a20000
[mtlr]   out: 0000010000668000 0000000109a20000 0000000100e57f00 0000000000000000
[mtlr]   out: 0000005400000000 0000000000010000 00000002371287c4 0000000000364713
[mtlr] resource2 sel8 flags 470 sz 0x10000 -> kr 0x00000000 rid 85 GPUVA 0x10000680000 cpu 109a30000
[mtlr]   out: 0000010000680000 0000000109a30000 0000000100e57fc0 0000000000000000
[mtlr]   out: 0000005500000000 0000000000010000 00000002371287c5 0000000000364714
[mtlr] resource2 sel8 flags 470 sz 0x10000 -> kr 0x00000000 rid 86 GPUVA 0x10000698000 cpu 109a40000
[mtlr]   out: 0000010000698000 0000000109a40000 0000000100e58080 0000000000000000
[mtlr]   out: 0000005600000000 0000000000010000 00000002371287c6 0000000000364715
[mtlr] resource2 sel8 flags 470 sz 0x10000 -> kr 0x00000000 rid 87 GPUVA 0x100006b0000 cpu 109a50000
[mtlr]   out: 00000100006b0000 0000000109a50000 0000000100e58140 0000000000000000
[mtlr]   out: 0000005700000000 0000000000010000 00000002371287c7 0000000000364716
[mtlr] resource2 sel8 flags 470 sz 0x10000 -> kr 0x00000000 rid 88 GPUVA 0x100006c8000 cpu 109a60000
[mtlr]   out: 00000100006c8000 0000000109a60000 0000000100e58200 0000000000000000
[mtlr]   out: 0000005800000000 0000000000010000 00000002371287c8 0000000000364717
[mtlr] resource2 sel8 flags 470 sz 0x10000 -> kr 0x00000000 rid 89 GPUVA 0x100006e0000 cpu 109a70000
[mtlr]   out: 00000100006e0000 0000000109a70000 0000000100e582c0 0000000000000000
[mtlr]   out: 0000005900000000 0000000000010000 00000002371287c9 0000000000364718
[mtlr] resource2 sel8 flags 470 sz 0x10000 -> kr 0x00000000 rid 90 GPUVA 0x100006f8000 cpu 109a80000
[mtlr]   out: 00000100006f8000 0000000109a80000 0000000100e58380 0000000000000000
[mtlr]   out: 0000005a00000000 0000000000010000 00000002371287ca 0000000000364719
[mtlr] resource2 sel8 flags 470 sz 0x10000 -> kr 0x00000000 rid 91 GPUVA 0x10000710000 cpu 109a90000
[mtlr]   out: 0000010000710000 0000000109a90000 0000000100e58440 0000000000000000
[mtlr]   out: 0000005b00000000 0000000000010000 00000002371287cb 000000000036471a
[mtlr] resource2 sel8 flags 470 sz 0x10000 -> kr 0x00000000 rid 92 GPUVA 0x10000728000 cpu 109aa0000
[mtlr]   out: 0000010000728000 0000000109aa0000 0000000100e58500 0000000000000000
[mtlr]   out: 0000005c00000000 0000000000010000 00000002371287cc 000000000036471b
[mtlr] resource2 sel8 flags 470 sz 0x10000 -> kr 0x00000000 rid 93 GPUVA 0x10000740000 cpu 109ab0000
[mtlr]   out: 0000010000740000 0000000109ab0000 0000000100e585c0 0000000000000000
[mtlr]   out: 0000005d00000000 0000000000010000 00000002371287cd 000000000036471c
[mtlr] resource2 sel8 flags 470 sz 0x10000 -> kr 0x00000000 rid 94 GPUVA 0x10000758000 cpu 109ac0000
[mtlr]   out: 0000010000758000 0000000109ac0000 0000000100e58680 0000000000000000
[mtlr]   out: 0000005e00000000 0000000000010000 00000002371287ce 000000000036471d
[mtlr] resource2 sel8 flags 470 sz 0x10000 -> kr 0x00000000 rid 95 GPUVA 0x10000770000 cpu 109ad0000
[mtlr]   out: 0000010000770000 0000000109ad0000 0000000100e58740 0000000000000000
[mtlr]   out: 0000005f00000000 0000000000010000 00000002371287cf 000000000036471e
[mtlr] resource2 sel8 flags 470 sz 0x10000 -> kr 0x00000000 rid 96 GPUVA 0x10000788000 cpu 109ae0000
[mtlr]   out: 0000010000788000 0000000109ae0000 0000000100e58800 0000000000000000
[mtlr]   out: 0000006000000000 0000000000010000 00000002371287d0 000000000036471f
[mtlr] resource2 sel8 flags 470 sz 0x10000 -> kr 0x00000000 rid 97 GPUVA 0x100007a0000 cpu 109af0000
[mtlr]   out: 00000100007a0000 0000000109af0000 0000000100e588c0 0000000000000000
[mtlr]   out: 0000006100000000 0000000000010000 00000002371287d1 0000000000364720
[mtlr] resource2 sel8 flags 470 sz 0x10000 -> kr 0x00000000 rid 98 GPUVA 0x100007b8000 cpu 109b00000
[mtlr]   out: 00000100007b8000 0000000109b00000 0000000100e58980 0000000000000000
[mtlr]   out: 0000006200000000 0000000000010000 00000002371287d2 0000000000364721
[mtlr] resource2 sel8 flags 470 sz 0x10000 -> kr 0x00000000 rid 99 GPUVA 0x100007d0000 cpu 109b10000
[mtlr]   out: 00000100007d0000 0000000109b10000 0000000100e58a40 0000000000000000
[mtlr]   out: 0000006300000000 0000000000010000 00000002371287d3 0000000000364722
[mtlr] resource2 sel8 flags 470 sz 0x10000 -> kr 0x00000000 rid 100 GPUVA 0x100007e8000 cpu 109b20000
[mtlr]   out: 00000100007e8000 0000000109b20000 0000000100e58b00 0000000000000000
[mtlr]   out: 0000006400000000 0000000000010000 00000002371287d4 0000000000364723
[mtlr] resource2 sel8 flags 470 sz 0x10000 -> kr 0x00000000 rid 101 GPUVA 0x10000800000 cpu 109b30000
[mtlr]   out: 0000010000800000 0000000109b30000 0000000100e58bc0 0000000000000000
[mtlr]   out: 0000006500000000 0000000000010000 00000002371287d5 0000000000364724
[mtlr] resource2 sel8 flags 470 sz 0x10000 -> kr 0x00000000 rid 102 GPUVA 0x10000818000 cpu 109b40000
[mtlr]   out: 0000010000818000 0000000109b40000 0000000100e58c80 0000000000000000
[mtlr]   out: 0000006600000000 0000000000010000 00000002371287d6 0000000000364725
[mtlr] resource2 sel8 flags 470 sz 0x10000 -> kr 0x00000000 rid 103 GPUVA 0x10000830000 cpu 109b50000
[mtlr]   out: 0000010000830000 0000000109b50000 0000000100e58d40 0000000000000000
[mtlr]   out: 0000006700000000 0000000000010000 00000002371287d7 0000000000364726
[mtlr] resource2 sel8 flags 470 sz 0x10000 -> kr 0x00000000 rid 104 GPUVA 0x10000848000 cpu 109b60000
[mtlr]   out: 0000010000848000 0000000109b60000 0000000100e58e00 0000000000000000
[mtlr]   out: 0000006800000000 0000000000010000 00000002371287d8 0000000000364727
[mtlr] resource2 sel8 flags 470 sz 0x10000 -> kr 0x00000000 rid 105 GPUVA 0x10000860000 cpu 109b70000
[mtlr]   out: 0000010000860000 0000000109b70000 0000000100e58ec0 0000000000000000
[mtlr]   out: 0000006900000000 0000000000010000 00000002371287d9 0000000000364728
[mtlr] resource2 sel8 flags 470 sz 0x10000 -> kr 0x00000000 rid 106 GPUVA 0x10000878000 cpu 109b80000
[mtlr]   out: 0000010000878000 0000000109b80000 0000000100e58f80 0000000000000000
[mtlr]   out: 0000006a00000000 0000000000010000 00000002371287da 0000000000364729
[mtlr] resource2 sel8 flags 470 sz 0x10000 -> kr 0x00000000 rid 107 GPUVA 0x10000890000 cpu 109b90000
[mtlr]   out: 0000010000890000 0000000109b90000 0000000100e59040 0000000000000000
[mtlr]   out: 0000006b00000000 0000000000010000 00000002371287db 000000000036472a
[mtlr] resource2 sel8 flags 470 sz 0x10000 -> kr 0x00000000 rid 108 GPUVA 0x100008a8000 cpu 109ba0000
[mtlr]   out: 00000100008a8000 0000000109ba0000 0000000100e59100 0000000000000000
[mtlr]   out: 0000006c00000000 0000000000010000 00000002371287dc 000000000036472b
[mtlr] resource2 sel8 flags 470 sz 0x10000 -> kr 0x00000000 rid 109 GPUVA 0x100008c0000 cpu 109bb0000
[mtlr]   out: 00000100008c0000 0000000109bb0000 0000000100e591c0 0000000000000000
[mtlr]   out: 0000006d00000000 0000000000010000 00000002371287dd 000000000036472c
[mtlr] resource2 sel8 flags 470 sz 0x10000 -> kr 0x00000000 rid 110 GPUVA 0x100008d8000 cpu 109bc0000
[mtlr]   out: 00000100008d8000 0000000109bc0000 0000000100e59280 0000000000000000
[mtlr]   out: 0000006e00000000 0000000000010000 00000002371287de 000000000036472d
[mtlr] resource2 sel8 flags 470 sz 0x10000 -> kr 0x00000000 rid 111 GPUVA 0x100008f0000 cpu 109bd0000
[mtlr]   out: 00000100008f0000 0000000109bd0000 0000000100e59340 0000000000000000
[mtlr]   out: 0000006f00000000 0000000000010000 00000002371287df 000000000036472e
[mtlr] resource2 sel8 flags 470 sz 0x10000 -> kr 0x00000000 rid 112 GPUVA 0x10000908000 cpu 109be0000
[mtlr]   out: 0000010000908000 0000000109be0000 0000000100e59400 0000000000000000
[mtlr]   out: 0000007000000000 0000000000010000 00000002371287e0 000000000036472f
[mtlr] resource2 sel8 flags 470 sz 0x10000 -> kr 0x00000000 rid 113 GPUVA 0x10000920000 cpu 109bf0000
[mtlr]   out: 0000010000920000 0000000109bf0000 0000000100e594c0 0000000000000000
[mtlr]   out: 0000007100000000 0000000000010000 00000002371287e1 0000000000364730
[mtlr] resource2 sel8 flags 470 sz 0x10000 -> kr 0x00000000 rid 114 GPUVA 0x10000938000 cpu 109c00000
[mtlr]   out: 0000010000938000 0000000109c00000 0000000100e59580 0000000000000000
[mtlr]   out: 0000007200000000 0000000000010000 00000002371287e2 0000000000364731
[mtlr] resource2 sel8 flags 470 sz 0x10000 -> kr 0x00000000 rid 115 GPUVA 0x10000950000 cpu 109c10000
[mtlr]   out: 0000010000950000 0000000109c10000 0000000100e59640 0000000000000000
[mtlr]   out: 0000007300000000 0000000000010000 00000002371287e3 0000000000364732
[mtlr] resource2 sel8 flags 470 sz 0x10000 -> kr 0x00000000 rid 116 GPUVA 0x10000968000 cpu 109c20000
[mtlr]   out: 0000010000968000 0000000109c20000 0000000100e59700 0000000000000000
[mtlr]   out: 0000007400000000 0000000000010000 00000002371287e4 0000000000364733
[ptspray] r1 summary: 48 reclaimers | zero 48 | PTE-shaped 0 | data/unknown 0 | (no PT content reachable)
[mtlr] resource2 sel8 flags 470 sz 0x1000 -> kr 0x00000000 rid 117 GPUVA 0x10000980000 cpu 100ee4000
[mtlr]   out: 0000010000980000 0000000100ee4000 0000000100e597c0 0000000000000000
[mtlr]   out: 0000007500000000 0000000000004000 00000002371287e5 0000000000364734
[mtlr] resource2 sel8 flags 470 sz 0x1000 -> kr 0x00000000 rid 118 GPUVA 0x10000988000 cpu 100fd0000
[mtlr]   out: 0000010000988000 0000000100fd0000 0000000100e59880 0000000000000000
[mtlr]   out: 0000007600000000 0000000000004000 00000002371287e6 0000000000364735
[mtlr] resource2 sel8 flags 470 sz 0x1000 -> kr 0x00000000 rid 119 GPUVA 0x10000990000 cpu 100fd4000
[mtlr]   out: 0000010000990000 0000000100fd4000 0000000100e59940 0000000000000000
[mtlr]   out: 0000007700000000 0000000000004000 00000002371287e7 0000000000364736
[mtlr] resource2 sel8 flags 470 sz 0x1000 -> kr 0x00000000 rid 120 GPUVA 0x10000998000 cpu 109c30000
[mtlr]   out: 0000010000998000 0000000109c30000 0000000100e59a00 0000000000000000
[mtlr]   out: 0000007800000000 0000000000004000 00000002371287e8 0000000000364737
[mtlr] resource2 sel8 flags 470 sz 0x1000 -> kr 0x00000000 rid 121 GPUVA 0x100009a0000 cpu 109c34000
[mtlr]   out: 00000100009a0000 0000000109c34000 0000000100e59ac0 0000000000000000
[mtlr]   out: 0000007900000000 0000000000004000 00000002371287e9 0000000000364738
[mtlr] resource2 sel8 flags 470 sz 0x1000 -> kr 0x00000000 rid 122 GPUVA 0x100009a8000 cpu 109c38000
[mtlr]   out: 00000100009a8000 0000000109c38000 0000000100e59b80 0000000000000000
[mtlr]   out: 0000007a00000000 0000000000004000 00000002371287ea 0000000000364739
[mtlr] resource2 sel8 flags 470 sz 0x1000 -> kr 0x00000000 rid 123 GPUVA 0x100009b0000 cpu 109c3c000
[mtlr]   out: 00000100009b0000 0000000109c3c000 0000000100e59c40 0000000000000000
[mtlr]   out: 0000007b00000000 0000000000004000 00000002371287eb 000000000036473a
[mtlr] resource2 sel8 flags 470 sz 0x1000 -> kr 0x00000000 rid 124 GPUVA 0x100009b8000 cpu 109c40000
[mtlr]   out: 00000100009b8000 0000000109c40000 0000000100e59d00 0000000000000000
[mtlr]   out: 0000007c00000000 0000000000004000 00000002371287ec 000000000036473b
[mtlr] resource2 sel8 flags 470 sz 0x1000 -> kr 0x00000000 rid 125 GPUVA 0x100009c0000 cpu 109c44000
[mtlr]   out: 00000100009c0000 0000000109c44000 0000000100e59dc0 0000000000000000
[mtlr]   out: 0000007d00000000 0000000000004000 00000002371287ed 000000000036473c
[mtlr] resource2 sel8 flags 470 sz 0x1000 -> kr 0x00000000 rid 126 GPUVA 0x100009c8000 cpu 109c48000
[mtlr]   out: 00000100009c8000 0000000109c48000 0000000100e59e80 0000000000000000
[mtlr]   out: 0000007e00000000 0000000000004000 00000002371287ee 000000000036473d
[mtlr] resource2 sel8 flags 470 sz 0x1000 -> kr 0x00000000 rid 127 GPUVA 0x100009d0000 cpu 109c4c000
[mtlr]   out: 00000100009d0000 0000000109c4c000 0000000100e59f40 0000000000000000
[mtlr]   out: 0000007f00000000 0000000000004000 00000002371287ef 000000000036473e
[mtlr] resource2 sel8 flags 470 sz 0x1000 -> kr 0x00000000 rid 128 GPUVA 0x100009d8000 cpu 109c50000
[mtlr]   out: 00000100009d8000 0000000109c50000 0000000100e5a000 0000000000000000
[mtlr]   out: 0000008000000000 0000000000004000 00000002371287f0 000000000036473f
[mtlr] resource2 sel8 flags 470 sz 0x1000 -> kr 0x00000000 rid 129 GPUVA 0x100009e0000 cpu 109c54000
[mtlr]   out: 00000100009e0000 0000000109c54000 0000000100e5a0c0 0000000000000000
[mtlr]   out: 0000008100000000 0000000000004000 00000002371287f1 0000000000364740
[mtlr] resource2 sel8 flags 470 sz 0x1000 -> kr 0x00000000 rid 130 GPUVA 0x100009e8000 cpu 109c58000
[mtlr]   out: 00000100009e8000 0000000109c58000 0000000100e5a180 0000000000000000
[mtlr]   out: 0000008200000000 0000000000004000 00000002371287f2 0000000000364741
[mtlr] resource2 sel8 flags 470 sz 0x1000 -> kr 0x00000000 rid 131 GPUVA 0x100009f0000 cpu 109c5c000
[mtlr]   out: 00000100009f0000 0000000109c5c000 0000000100e5a240 0000000000000000
[mtlr]   out: 0000008300000000 0000000000004000 00000002371287f3 0000000000364742
[mtlr] resource2 sel8 flags 470 sz 0x1000 -> kr 0x00000000 rid 132 GPUVA 0x100009f8000 cpu 109c60000
[mtlr]   out: 00000100009f8000 0000000109c60000 0000000100e5a300 0000000000000000
[mtlr]   out: 0000008400000000 0000000000004000 00000002371287f4 0000000000364743
[mtlr] resource2 sel8 flags 470 sz 0x1000 -> kr 0x00000000 rid 133 GPUVA 0x10000a00000 cpu 109c64000
[mtlr]   out: 0000010000a00000 0000000109c64000 0000000100e5a3c0 0000000000000000
[mtlr]   out: 0000008500000000 0000000000004000 00000002371287f5 0000000000364744
[mtlr] resource2 sel8 flags 470 sz 0x1000 -> kr 0x00000000 rid 134 GPUVA 0x10000a08000 cpu 109c68000
[mtlr]   out: 0000010000a08000 0000000109c68000 0000000100e5a480 0000000000000000
[mtlr]   out: 0000008600000000 0000000000004000 00000002371287f6 0000000000364745
[mtlr] resource2 sel8 flags 470 sz 0x1000 -> kr 0x00000000 rid 135 GPUVA 0x10000a10000 cpu 109c6c000
[mtlr]   out: 0000010000a10000 0000000109c6c000 0000000100e5a540 0000000000000000
[mtlr]   out: 0000008700000000 0000000000004000 00000002371287f7 0000000000364746
[mtlr] resource2 sel8 flags 470 sz 0x1000 -> kr 0x00000000 rid 136 GPUVA 0x10000a18000 cpu 109c70000
[mtlr]   out: 0000010000a18000 0000000109c70000 0000000100e5a600 0000000000000000
[mtlr]   out: 0000008800000000 0000000000004000 00000002371287f8 0000000000364747
[mtlr] resource2 sel8 flags 470 sz 0x1000 -> kr 0x00000000 rid 137 GPUVA 0x10000a20000 cpu 109c74000
[mtlr]   out: 0000010000a20000 0000000109c74000 0000000100e5a6c0 0000000000000000
[mtlr]   out: 0000008900000000 0000000000004000 00000002371287f9 0000000000364748
[mtlr] resource2 sel8 flags 470 sz 0x1000 -> kr 0x00000000 rid 138 GPUVA 0x10000a28000 cpu 109c78000
[mtlr]   out: 0000010000a28000 0000000109c78000 0000000100e5a780 0000000000000000
[mtlr]   out: 0000008a00000000 0000000000004000 00000002371287fa 0000000000364749
[mtlr] resource2 sel8 flags 470 sz 0x1000 -> kr 0x00000000 rid 139 GPUVA 0x10000a30000 cpu 109c7c000
[mtlr]   out: 0000010000a30000 0000000109c7c000 0000000100e5a840 0000000000000000
[mtlr]   out: 0000008b00000000 0000000000004000 00000002371287fb 000000000036474a
[mtlr] resource2 sel8 flags 470 sz 0x1000 -> kr 0x00000000 rid 140 GPUVA 0x10000a38000 cpu 109c80000
[mtlr]   out: 0000010000a38000 0000000109c80000 0000000100e5a900 0000000000000000
[mtlr]   out: 0000008c00000000 0000000000004000 00000002371287fc 000000000036474b
[mtlr] resource2 sel8 flags 470 sz 0x1000 -> kr 0x00000000 rid 141 GPUVA 0x10000a40000 cpu 109c84000
[mtlr]   out: 0000010000a40000 0000000109c84000 0000000100e5a9c0 0000000000000000
[mtlr]   out: 0000008d00000000 0000000000004000 00000002371287fd 000000000036474c
[mtlr] resource2 sel8 flags 470 sz 0x1000 -> kr 0x00000000 rid 142 GPUVA 0x10000a48000 cpu 109c88000
[mtlr]   out: 0000010000a48000 0000000109c88000 0000000100e5aa80 0000000000000000
[mtlr]   out: 0000008e00000000 0000000000004000 00000002371287fe 000000000036474d
[mtlr] resource2 sel8 flags 470 sz 0x1000 -> kr 0x00000000 rid 143 GPUVA 0x10000a50000 cpu 109c8c000
[mtlr]   out: 0000010000a50000 0000000109c8c000 0000000100e5ab40 0000000000000000
[mtlr]   out: 0000008f00000000 0000000000004000 00000002371287ff 000000000036474e
[mtlr] resource2 sel8 flags 470 sz 0x1000 -> kr 0x00000000 rid 144 GPUVA 0x10000a58000 cpu 109c90000
[mtlr]   out: 0000010000a58000 0000000109c90000 0000000100e5ac00 0000000000000000
[mtlr]   out: 0000009000000000 0000000000004000 0000000237128800 000000000036474f
[mtlr] resource2 sel8 flags 470 sz 0x1000 -> kr 0x00000000 rid 145 GPUVA 0x10000a60000 cpu 109c94000
[mtlr]   out: 0000010000a60000 0000000109c94000 0000000100e5acc0 0000000000000000
[mtlr]   out: 0000009100000000 0000000000004000 0000000237128801 0000000000364750
[mtlr] resource2 sel8 flags 470 sz 0x1000 -> kr 0x00000000 rid 146 GPUVA 0x10000a68000 cpu 109c98000
[mtlr]   out: 0000010000a68000 0000000109c98000 0000000100e5ad80 0000000000000000
[mtlr]   out: 0000009200000000 0000000000004000 0000000237128802 0000000000364751
[mtlr] resource2 sel8 flags 470 sz 0x1000 -> kr 0x00000000 rid 147 GPUVA 0x10000a70000 cpu 109c9c000
[mtlr]   out: 0000010000a70000 0000000109c9c000 0000000100e5ae40 0000000000000000
[mtlr]   out: 0000009300000000 0000000000004000 0000000237128803 0000000000364752
[mtlr] resource2 sel8 flags 470 sz 0x1000 -> kr 0x00000000 rid 148 GPUVA 0x10000a78000 cpu 109ca0000
[mtlr]   out: 0000010000a78000 0000000109ca0000 0000000100e5af00 0000000000000000
[mtlr]   out: 0000009400000000 0000000000004000 0000000237128804 0000000000364753
[mtlr] resource2 sel8 flags 470 sz 0x1000 -> kr 0x00000000 rid 149 GPUVA 0x10000a80000 cpu 109ca4000
[mtlr]   out: 0000010000a80000 0000000109ca4000 0000000100e5afc0 0000000000000000
[mtlr]   out: 0000009500000000 0000000000004000 0000000237128805 0000000000364754
[mtlr] resource2 sel8 flags 470 sz 0x1000 -> kr 0x00000000 rid 150 GPUVA 0x10000a88000 cpu 109ca8000
[mtlr]   out: 0000010000a88000 0000000109ca8000 0000000100e5b080 0000000000000000
[mtlr]   out: 0000009600000000 0000000000004000 0000000237128806 0000000000364755
[mtlr] resource2 sel8 flags 470 sz 0x1000 -> kr 0x00000000 rid 151 GPUVA 0x10000a90000 cpu 109cac000
[mtlr]   out: 0000010000a90000 0000000109cac000 0000000100e5b140 0000000000000000
[mtlr]   out: 0000009700000000 0000000000004000 0000000237128807 0000000000364756
[mtlr] resource2 sel8 flags 470 sz 0x1000 -> kr 0x00000000 rid 152 GPUVA 0x10000a98000 cpu 109cb0000
[mtlr]   out: 0000010000a98000 0000000109cb0000 0000000100e5b200 0000000000000000
[mtlr]   out: 0000009800000000 0000000000004000 0000000237128808 0000000000364757
[mtlr] resource2 sel8 flags 470 sz 0x1000 -> kr 0x00000000 rid 153 GPUVA 0x10000aa0000 cpu 109cb4000
[mtlr]   out: 0000010000aa0000 0000000109cb4000 0000000100e5b2c0 0000000000000000
[mtlr]   out: 0000009900000000 0000000000004000 0000000237128809 0000000000364758
[mtlr] resource2 sel8 flags 470 sz 0x1000 -> kr 0x00000000 rid 154 GPUVA 0x10000aa8000 cpu 109cb8000
[mtlr]   out: 0000010000aa8000 0000000109cb8000 0000000100e5b380 0000000000000000
[mtlr]   out: 0000009a00000000 0000000000004000 000000023712880a 0000000000364759
[mtlr] resource2 sel8 flags 470 sz 0x1000 -> kr 0x00000000 rid 155 GPUVA 0x10000ab0000 cpu 109cbc000
[mtlr]   out: 0000010000ab0000 0000000109cbc000 0000000100e5b440 0000000000000000
[mtlr]   out: 0000009b00000000 0000000000004000 000000023712880b 000000000036475a
[mtlr] resource2 sel8 flags 470 sz 0x1000 -> kr 0x00000000 rid 156 GPUVA 0x10000ab8000 cpu 109cc0000
[mtlr]   out: 0000010000ab8000 0000000109cc0000 0000000100e5b500 0000000000000000
[mtlr]   out: 0000009c00000000 0000000000004000 000000023712880c 000000000036475b
[mtlr] resource2 sel8 flags 470 sz 0x10000 -> kr 0x00000000 rid 157 GPUVA 0x10000ac0000 cpu 109cc4000
[mtlr]   out: 0000010000ac0000 0000000109cc4000 0000000100e5b5c0 0000000000000000
[mtlr]   out: 0000009d00000000 0000000000010000 000000023712880d 000000000036475c
[ptspray] r2: victim rid 157 gpuva 0x10000ac0000 cpu 0x109cc4000 (40 junk ready)
[ptspray] r2: destroy kr 0x00000000 + 40 junk => AGXUAT::process (PT pages -> pool0/pool1, unsrubbed)
[mtlr] resource2 sel8 flags 470 sz 0x10000 -> kr 0x00000000 rid 117 GPUVA 0x10000980000 cpu 109c30000
[mtlr]   out: 0000010000980000 0000000109c30000 0000000100e597c0 0000000000000000
[mtlr]   out: 0000007500000000 0000000000010000 000000023712880e 000000000036475d
[mtlr] resource2 sel8 flags 470 sz 0x10000 -> kr 0x00000000 rid 118 GPUVA 0x10000998000 cpu 109c40000
[mtlr]   out: 0000010000998000 0000000109c40000 0000000100e59880 0000000000000000
[mtlr]   out: 0000007600000000 0000000000010000 000000023712880f 000000000036475e
[mtlr] resource2 sel8 flags 470 sz 0x10000 -> kr 0x00000000 rid 119 GPUVA 0x100009b0000 cpu 109c50000
[mtlr]   out: 00000100009b0000 0000000109c50000 0000000100e59940 0000000000000000
[mtlr]   out: 0000007700000000 0000000000010000 0000000237128810 000000000036475f
[mtlr] resource2 sel8 flags 470 sz 0x10000 -> kr 0x00000000 rid 120 GPUVA 0x100009c8000 cpu 109c60000
[mtlr]   out: 00000100009c8000 0000000109c60000 0000000100e59a00 0000000000000000
[mtlr]   out: 0000007800000000 0000000000010000 0000000237128811 0000000000364760
[mtlr] resource2 sel8 flags 470 sz 0x10000 -> kr 0x00000000 rid 121 GPUVA 0x100009e0000 cpu 109c70000
[mtlr]   out: 00000100009e0000 0000000109c70000 0000000100e59ac0 0000000000000000
[mtlr]   out: 0000007900000000 0000000000010000 0000000237128812 0000000000364761
[mtlr] resource2 sel8 flags 470 sz 0x10000 -> kr 0x00000000 rid 122 GPUVA 0x100009f8000 cpu 109c80000
[mtlr]   out: 00000100009f8000 0000000109c80000 0000000100e59b80 0000000000000000
[mtlr]   out: 0000007a00000000 0000000000010000 0000000237128813 0000000000364762
[mtlr] resource2 sel8 flags 470 sz 0x10000 -> kr 0x00000000 rid 123 GPUVA 0x10000a10000 cpu 109c90000
[mtlr]   out: 0000010000a10000 0000000109c90000 0000000100e59c40 0000000000000000
[mtlr]   out: 0000007b00000000 0000000000010000 0000000237128814 0000000000364763
[mtlr] resource2 sel8 flags 470 sz 0x10000 -> kr 0x00000000 rid 124 GPUVA 0x10000a28000 cpu 109ca0000
[mtlr]   out: 0000010000a28000 0000000109ca0000 0000000100e59d00 0000000000000000
[mtlr]   out: 0000007c00000000 0000000000010000 0000000237128815 0000000000364764
[mtlr] resource2 sel8 flags 470 sz 0x10000 -> kr 0x00000000 rid 125 GPUVA 0x10000a40000 cpu 109cb0000
[mtlr]   out: 0000010000a40000 0000000109cb0000 0000000100e59dc0 0000000000000000
[mtlr]   out: 0000007d00000000 0000000000010000 0000000237128816 0000000000364765
[mtlr] resource2 sel8 flags 470 sz 0x10000 -> kr 0x00000000 rid 126 GPUVA 0x10000a58000 cpu 109cc0000
[mtlr]   out: 0000010000a58000 0000000109cc0000 0000000100e59e80 0000000000000000
[mtlr]   out: 0000007e00000000 0000000000010000 0000000237128817 0000000000364766
[mtlr] resource2 sel8 flags 470 sz 0x10000 -> kr 0x00000000 rid 127 GPUVA 0x10000a70000 cpu 109cd0000
[mtlr]   out: 0000010000a70000 0000000109cd0000 0000000100e59f40 0000000000000000
[mtlr]   out: 0000007f00000000 0000000000010000 0000000237128818 0000000000364767
[mtlr] resource2 sel8 flags 470 sz 0x10000 -> kr 0x00000000 rid 128 GPUVA 0x10000a88000 cpu 109ce0000
[mtlr]   out: 0000010000a88000 0000000109ce0000 0000000100e5a000 0000000000000000
[mtlr]   out: 0000008000000000 0000000000010000 0000000237128819 0000000000364768
[mtlr] resource2 sel8 flags 470 sz 0x10000 -> kr 0x00000000 rid 129 GPUVA 0x10000aa0000 cpu 109cf0000
[mtlr]   out: 0000010000aa0000 0000000109cf0000 0000000100e5a0c0 0000000000000000
[mtlr]   out: 0000008100000000 0000000000010000 000000023712881a 0000000000364769
[mtlr] resource2 sel8 flags 470 sz 0x10000 -> kr 0x00000000 rid 130 GPUVA 0x10000ab8000 cpu 109d00000
[mtlr]   out: 0000010000ab8000 0000000109d00000 0000000100e5a180 0000000000000000
[mtlr]   out: 0000008200000000 0000000000010000 000000023712881b 000000000036476a
[mtlr] resource2 sel8 flags 470 sz 0x10000 -> kr 0x00000000 rid 131 GPUVA 0x10000ad0000 cpu 109d10000
[mtlr]   out: 0000010000ad0000 0000000109d10000 0000000100e5a240 0000000000000000
[mtlr]   out: 0000008300000000 0000000000010000 000000023712881c 000000000036476b
[mtlr] resource2 sel8 flags 470 sz 0x10000 -> kr 0x00000000 rid 132 GPUVA 0x10000ae8000 cpu 109d20000
[mtlr]   out: 0000010000ae8000 0000000109d20000 0000000100e5a300 0000000000000000
[mtlr]   out: 0000008400000000 0000000000010000 000000023712881d 000000000036476c
[mtlr] resource2 sel8 flags 470 sz 0x10000 -> kr 0x00000000 rid 133 GPUVA 0x10000b00000 cpu 109d30000
[mtlr]   out: 0000010000b00000 0000000109d30000 0000000100e5a3c0 0000000000000000
[mtlr]   out: 0000008500000000 0000000000010000 000000023712881e 000000000036476d
[mtlr] resource2 sel8 flags 470 sz 0x10000 -> kr 0x00000000 rid 134 GPUVA 0x10000b18000 cpu 109d40000
[mtlr]   out: 0000010000b18000 0000000109d40000 0000000100e5a480 0000000000000000
[mtlr]   out: 0000008600000000 0000000000010000 000000023712881f 000000000036476e
[mtlr] resource2 sel8 flags 470 sz 0x10000 -> kr 0x00000000 rid 135 GPUVA 0x10000b30000 cpu 109d50000
[mtlr]   out: 0000010000b30000 0000000109d50000 0000000100e5a540 0000000000000000
[mtlr]   out: 0000008700000000 0000000000010000 0000000237128820 000000000036476f
[mtlr] resource2 sel8 flags 470 sz 0x10000 -> kr 0x00000000 rid 136 GPUVA 0x10000b48000 cpu 109d60000
[mtlr]   out: 0000010000b48000 0000000109d60000 0000000100e5a600 0000000000000000
[mtlr]   out: 0000008800000000 0000000000010000 0000000237128821 0000000000364770
[mtlr] resource2 sel8 flags 470 sz 0x10000 -> kr 0x00000000 rid 137 GPUVA 0x10000b60000 cpu 109d70000
[mtlr]   out: 0000010000b60000 0000000109d70000 0000000100e5a6c0 0000000000000000
[mtlr]   out: 0000008900000000 0000000000010000 0000000237128822 0000000000364771
[mtlr] resource2 sel8 flags 470 sz 0x10000 -> kr 0x00000000 rid 138 GPUVA 0x10000b78000 cpu 109d80000
[mtlr]   out: 0000010000b78000 0000000109d80000 0000000100e5a780 0000000000000000
[mtlr]   out: 0000008a00000000 0000000000010000 0000000237128823 0000000000364772
[mtlr] resource2 sel8 flags 470 sz 0x10000 -> kr 0x00000000 rid 139 GPUVA 0x10000b90000 cpu 109d90000
[mtlr]   out: 0000010000b90000 0000000109d90000 0000000100e5a840 0000000000000000
[mtlr]   out: 0000008b00000000 0000000000010000 0000000237128824 0000000000364773
[mtlr] resource2 sel8 flags 470 sz 0x10000 -> kr 0x00000000 rid 140 GPUVA 0x10000ba8000 cpu 109da0000
[mtlr]   out: 0000010000ba8000 0000000109da0000 0000000100e5a900 0000000000000000
[mtlr]   out: 0000008c00000000 0000000000010000 0000000237128825 0000000000364774
[mtlr] resource2 sel8 flags 470 sz 0x10000 -> kr 0x00000000 rid 141 GPUVA 0x10000bc0000 cpu 109db0000
[mtlr]   out: 0000010000bc0000 0000000109db0000 0000000100e5a9c0 0000000000000000
[mtlr]   out: 0000008d00000000 0000000000010000 0000000237128826 0000000000364775
[mtlr] resource2 sel8 flags 470 sz 0x10000 -> kr 0x00000000 rid 142 GPUVA 0x10000bd8000 cpu 109dc0000
[mtlr]   out: 0000010000bd8000 0000000109dc0000 0000000100e5aa80 0000000000000000
[mtlr]   out: 0000008e00000000 0000000000010000 0000000237128827 0000000000364776
[mtlr] resource2 sel8 flags 470 sz 0x10000 -> kr 0x00000000 rid 143 GPUVA 0x10000bf0000 cpu 109dd0000
[mtlr]   out: 0000010000bf0000 0000000109dd0000 0000000100e5ab40 0000000000000000
[mtlr]   out: 0000008f00000000 0000000000010000 0000000237128828 0000000000364777
[mtlr] resource2 sel8 flags 470 sz 0x10000 -> kr 0x00000000 rid 144 GPUVA 0x10000c08000 cpu 109de0000
[mtlr]   out: 0000010000c08000 0000000109de0000 0000000100e5ac00 0000000000000000
[mtlr]   out: 0000009000000000 0000000000010000 0000000237128829 0000000000364778
[mtlr] resource2 sel8 flags 470 sz 0x10000 -> kr 0x00000000 rid 145 GPUVA 0x10000c20000 cpu 109df0000
[mtlr]   out: 0000010000c20000 0000000109df0000 0000000100e5acc0 0000000000000000
[mtlr]   out: 0000009100000000 0000000000010000 000000023712882a 0000000000364779
[mtlr] resource2 sel8 flags 470 sz 0x10000 -> kr 0x00000000 rid 146 GPUVA 0x10000c38000 cpu 109e00000
[mtlr]   out: 0000010000c38000 0000000109e00000 0000000100e5ad80 0000000000000000
[mtlr]   out: 0000009200000000 0000000000010000 000000023712882b 000000000036477a
[mtlr] resource2 sel8 flags 470 sz 0x10000 -> kr 0x00000000 rid 147 GPUVA 0x10000c50000 cpu 109e10000
[mtlr]   out: 0000010000c50000 0000000109e10000 0000000100e5ae40 0000000000000000
[mtlr]   out: 0000009300000000 0000000000010000 000000023712882c 000000000036477b
[mtlr] resource2 sel8 flags 470 sz 0x10000 -> kr 0x00000000 rid 148 GPUVA 0x10000c68000 cpu 109e20000
[mtlr]   out: 0000010000c68000 0000000109e20000 0000000100e5af00 0000000000000000
[mtlr]   out: 0000009400000000 0000000000010000 000000023712882d 000000000036477c
[mtlr] resource2 sel8 flags 470 sz 0x10000 -> kr 0x00000000 rid 149 GPUVA 0x10000c80000 cpu 109e30000
[mtlr]   out: 0000010000c80000 0000000109e30000 0000000100e5afc0 0000000000000000
[mtlr]   out: 0000009500000000 0000000000010000 000000023712882e 000000000036477d
[mtlr] resource2 sel8 flags 470 sz 0x10000 -> kr 0x00000000 rid 150 GPUVA 0x10000c98000 cpu 109e40000
[mtlr]   out: 0000010000c98000 0000000109e40000 0000000100e5b080 0000000000000000
[mtlr]   out: 0000009600000000 0000000000010000 000000023712882f 000000000036477e
[mtlr] resource2 sel8 flags 470 sz 0x10000 -> kr 0x00000000 rid 151 GPUVA 0x10000cb0000 cpu 109e50000
[mtlr]   out: 0000010000cb0000 0000000109e50000 0000000100e5b140 0000000000000000
[mtlr]   out: 0000009700000000 0000000000010000 0000000237128830 000000000036477f
[mtlr] resource2 sel8 flags 470 sz 0x10000 -> kr 0x00000000 rid 152 GPUVA 0x10000cc8000 cpu 109e60000
[mtlr]   out: 0000010000cc8000 0000000109e60000 0000000100e5b200 0000000000000000
[mtlr]   out: 0000009800000000 0000000000010000 0000000237128831 0000000000364780
[mtlr] resource2 sel8 flags 470 sz 0x10000 -> kr 0x00000000 rid 153 GPUVA 0x10000ce0000 cpu 109e70000
[mtlr]   out: 0000010000ce0000 0000000109e70000 0000000100e5b2c0 0000000000000000
[mtlr]   out: 0000009900000000 0000000000010000 0000000237128832 0000000000364781
[mtlr] resource2 sel8 flags 470 sz 0x10000 -> kr 0x00000000 rid 154 GPUVA 0x10000cf8000 cpu 109e80000
[mtlr]   out: 0000010000cf8000 0000000109e80000 0000000100e5b380 0000000000000000
[mtlr]   out: 0000009a00000000 0000000000010000 0000000237128833 0000000000364782
[mtlr] resource2 sel8 flags 470 sz 0x10000 -> kr 0x00000000 rid 155 GPUVA 0x10000d10000 cpu 109e90000
[mtlr]   out: 0000010000d10000 0000000109e90000 0000000100e5b440 0000000000000000
[mtlr]   out: 0000009b00000000 0000000000010000 0000000237128834 0000000000364783
[mtlr] resource2 sel8 flags 470 sz 0x10000 -> kr 0x00000000 rid 156 GPUVA 0x10000d28000 cpu 109ea0000
[mtlr]   out: 0000010000d28000 0000000109ea0000 0000000100e5b500 0000000000000000
[mtlr]   out: 0000009c00000000 0000000000010000 0000000237128835 0000000000364784
[mtlr] resource2 sel8 flags 470 sz 0x10000 -> kr 0x00000000 rid 157 GPUVA 0x10000d40000 cpu 109eb0000
[mtlr]   out: 0000010000d40000 0000000109eb0000 0000000100e5b5c0 0000000000000000
[mtlr]   out: 0000009d00000000 0000000000010000 0000000237128836 0000000000364785
[mtlr] resource2 sel8 flags 470 sz 0x10000 -> kr 0x00000000 rid 158 GPUVA 0x10000d58000 cpu 109ec0000
[mtlr]   out: 0000010000d58000 0000000109ec0000 0000000100e5b680 0000000000000000
[mtlr]   out: 0000009e00000000 0000000000010000 0000000237128837 0000000000364786
[mtlr] resource2 sel8 flags 470 sz 0x10000 -> kr 0x00000000 rid 159 GPUVA 0x10000d70000 cpu 109ed0000
[mtlr]   out: 0000010000d70000 0000000109ed0000 0000000100e5b740 0000000000000000
[mtlr]   out: 0000009f00000000 0000000000010000 0000000237128838 0000000000364787
[mtlr] resource2 sel8 flags 470 sz 0x10000 -> kr 0x00000000 rid 160 GPUVA 0x10000d88000 cpu 109ee0000
[mtlr]   out: 0000010000d88000 0000000109ee0000 0000000100e5b800 0000000000000000
[mtlr]   out: 000000a000000000 0000000000010000 0000000237128839 0000000000364788
[mtlr] resource2 sel8 flags 470 sz 0x10000 -> kr 0x00000000 rid 161 GPUVA 0x10000da0000 cpu 109ef0000
[mtlr]   out: 0000010000da0000 0000000109ef0000 0000000100e5b8c0 0000000000000000
[mtlr]   out: 000000a100000000 0000000000010000 000000023712883a 0000000000364789
[mtlr] resource2 sel8 flags 470 sz 0x10000 -> kr 0x00000000 rid 162 GPUVA 0x10000db8000 cpu 109f00000
[mtlr]   out: 0000010000db8000 0000000109f00000 0000000100e5b980 0000000000000000
[mtlr]   out: 000000a200000000 0000000000010000 000000023712883b 000000000036478a
[mtlr] resource2 sel8 flags 470 sz 0x10000 -> kr 0x00000000 rid 163 GPUVA 0x10000dd0000 cpu 109f10000
[mtlr]   out: 0000010000dd0000 0000000109f10000 0000000100e5ba40 0000000000000000
[mtlr]   out: 000000a300000000 0000000000010000 000000023712883c 000000000036478b
[mtlr] resource2 sel8 flags 470 sz 0x10000 -> kr 0x00000000 rid 164 GPUVA 0x10000de8000 cpu 109f20000
[mtlr]   out: 0000010000de8000 0000000109f20000 0000000100e5bb00 0000000000000000
[mtlr]   out: 000000a400000000 0000000000010000 000000023712883d 000000000036478c
[ptspray] r2 summary: 48 reclaimers | zero 48 | PTE-shaped 0 | data/unknown 0 | (no PT content reachable)
[ptspray] done (alive)
[probe13] ptspray-only mode, stop
