01:50:11  Acquired tunnel connection to device.
01:50:11  Enabling developer disk image services.
01:50:11  Acquired usage assertion.
Launched application with cancer9725.turquoise1323 bundle identifier.
Waiting for the application to terminate…
[main] fuzz harness up, mode=all
[main] sandbox note: VCPDRM open is MACF-denied (iokit-open-user-client VCPDRMUserClient); mach-lookup com.apple.sprr / com.apple.jitbox exist but are sandbox-gated (seen in kernel log)
[mig] bootstrap-name phase done; add learned names to cand_names[]
[open] IOServiceOpen VCPDRMService failed: 0xe00002e2
[open] service VCPDRMServiceUserClient not found
[vcpdrm] no connection, target dead
[open] AppleM2ScalerCSCDriver -> conn 0x6c0b
[scaler] conn 0x6c0b, s1 160 s2 161
[probe12] SetNotificationPort -> 0x00000000
[v74] sel45 GPU mapping
[open] IOGPU -> conn 0xa903
[sm] resource buf 0x107104000 sz 0x4000 -> kr 0x00000000 rid 1 off32 4000
[m45] target rid 1
[m45] sel14 -> kr 0x00000000 nqid 1
[m45] sel42 -> kr 0x00000000 vmid 1
[m45] sel44 attach -> kr 0x00000000
[m45] sel45 bind off 0x0 -> kr 0xe00002c2
[m45] sel45 bind off 0x4000 -> kr 0xe00002c2
[m45] sel45 bind off 0x100000 -> kr 0xe00002c2
[m45] sel45 bind off 0x10000000 -> kr 0xe00002c2
[m45] sel45 bind off 0x100000000 -> kr 0xe00002c2
[m45] sel45 bind off 0x18000 -> kr 0xe00002c2
[v74] done (alive)
[v73] IORegistry IOGPUResource dump
[rg] IOGPUResource: none
[rg] IOGPUSysMemory: none
[rg] AGXDevice: none
[rg] IOGPUDevice: none
[v73] done
[v72] resource GPUVA discovery
[open] IOGPU -> conn 0xa853
[gv] f16 00 -> kr 0x00000000 out:
[gv]   +00: 0000010000004000 0000000000000000 00000001072700c0 0000000000000000
[gv]   +20: 0000000100000000 0000000000004000 000000001004e46a 000000000000a691
[gv]   +40: 0000000000000000 0000000000000000 0000000000000000 0000000000000000
[gv] f16 01 -> kr 0x00000000 out:
[gv]   +00: 000001000000c000 0000000000000000 0000000107270180 0000000000000000
[gv]   +20: 0000000200000000 0000000000004000 000000001004e46b 000000000000a692
[gv]   +40: 0000000000000000 0000000000000000 0000000000000000 0000000000000000
[gv] f16 02 -> kr 0x00000000 out:
[gv]   +00: 0000010000014000 0000000000000000 0000000107270240 0000000000000000
[gv]   +20: 0000000300000000 0000000000004000 000000001004e46c 000000000000a693
[gv]   +40: 0000000000000000 0000000000000000 0000000000000000 0000000000000000
[gv] f16 03 -> kr 0x00000000 out:
[gv]   +00: 000001000001c000 0000000000000000 0000000107270300 0000000000000000
[gv]   +20: 0000000400000000 0000000000004000 000000001004e46d 000000000000a694
[gv]   +40: 0000000000000000 0000000000000000 0000000000000000 0000000000000000
[gv] f16 06 -> kr 0x00000000 out:
[gv]   +00: 0000010000024000 0000000000000000 00000001072703c0 0000000000000000
[gv]   +20: 0000000500000000 0000000000004000 000000001004e46e 000000000000a695
[gv]   +40: 0000000000000000 0000000000000000 0000000000000000 0000000000000000
[gv] f16 07 -> kr 0x00000000 out:
[gv]   +00: 000001000002c000 0000000000000000 0000000107270480 0000000000000000
[gv]   +20: 0000000600000000 0000000000004000 000000001004e46f 000000000000a696
[gv]   +40: 0000000000000000 0000000000000000 0000000000000000 0000000000000000
[v72] done
[v70] blit write replay
[open] IOGPU -> conn 0xa623
[sm] resource buf 0x1072a0000 sz 0x4000 -> kr 0x00000000 rid 1 off32 4000
[sm] resource buf 0x1072a4000 sz 0x4000 -> kr 0x00000000 rid 2 off32 c000
[sm] resource buf 0x1072a8000 sz 0x4000 -> kr 0x00000000 rid 3 off32 14000
[sm] resource buf 0x1072ac000 sz 0x4000 -> kr 0x00000000 rid 4 off32 1c000
[sm] resource buf 0x1072b0000 sz 0x4000 -> kr 0x00000000 rid 5 off32 24000
[sm] resource buf 0x1072b4000 sz 0x4000 -> kr 0x00000000 rid 6 off32 2c000
[sm] resource buf 0x1072b8000 sz 0x4000 -> kr 0x00000000 rid 7 off32 34000
[sm] resource buf 0x1072bc000 sz 0x4000 -> kr 0x00000000 rid 8 off32 3c000
[sm] resource buf 0x1072c0000 sz 0x4000 -> kr 0x00000000 rid 9 off32 44000
[sm] resource buf 0x1072c4000 sz 0x4000 -> kr 0x00000000 rid 10 off32 4c000
[sm] resource buf 0x1072c8000 sz 0x4000 -> kr 0x00000000 rid 11 off32 54000
[sm] resource buf 0x1072cc000 sz 0x4000 -> kr 0x00000000 rid 12 off32 5c000
[sm] resource buf 0x1072d0000 sz 0x4000 -> kr 0x00000000 rid 13 off32 64000
[sm] resource buf 0x1072d4000 sz 0x4000 -> kr 0x00000000 rid 14 off32 6c000
[sm] resource buf 0x1072d8000 sz 0x4000 -> kr 0x00000000 rid 15 off32 74000
[sm] resource buf 0x1072dc000 sz 0x4000 -> kr 0x00000000 rid 16 off32 7c000
[sm] resource buf 0x1072e0000 sz 0x4000 -> kr 0x00000000 rid 17 off32 84000
[sm] resource buf 0x1072e4000 sz 0x4000 -> kr 0x00000000 rid 18 off32 8c000
[sm] resource buf 0x1072e8000 sz 0x4000 -> kr 0x00000000 rid 19 off32 94000
[sm] resource buf 0x1072ec000 sz 0x4000 -> kr 0x00000000 rid 20 off32 9c000
[sm] resource buf 0x1072f0000 sz 0x4000 -> kr 0x00000000 rid 21 off32 a4000
[sm] resource buf 0x1072f4000 sz 0x4000 -> kr 0x00000000 rid 22 off32 ac000
[sm] resource buf 0x1072f8000 sz 0x4000 -> kr 0x00000000 rid 23 off32 b4000
[sm] resource buf 0x1072fc000 sz 0x4000 -> kr 0x00000000 rid 24 off32 bc000
[sm] resource buf 0x107300000 sz 0x4000 -> kr 0x00000000 rid 25 off32 c4000
[sm] resource buf 0x107304000 sz 0x4000 -> kr 0x00000000 rid 26 off32 cc000
[sm] resource buf 0x107308000 sz 0x4000 -> kr 0x00000000 rid 27 off32 d4000
[sm] resource buf 0x10730c000 sz 0x4000 -> kr 0x00000000 rid 28 off32 dc000
[sm] resource buf 0x107310000 sz 0x4000 -> kr 0x00000000 rid 29 off32 e4000
[sm] resource buf 0x107314000 sz 0x4000 -> kr 0x00000000 rid 30 off32 ec000
[sm] resource buf 0x107318000 sz 0x4000 -> kr 0x00000000 rid 31 off32 f4000
[sm] resource buf 0x10731c000 sz 0x4000 -> kr 0x00000000 rid 32 off32 fc000
[sm] resource buf 0x107320000 sz 0x4000 -> kr 0x00000000 rid 33 off32 104000
[sm] resource buf 0x107324000 sz 0x4000 -> kr 0x00000000 rid 34 off32 10c000
[sm] resource buf 0x107328000 sz 0x4000 -> kr 0x00000000 rid 35 off32 114000
[sm] resource buf 0x10732c000 sz 0x4000 -> kr 0x00000000 rid 36 off32 11c000
[sm] resource buf 0x107330000 sz 0x4000 -> kr 0x00000000 rid 37 off32 124000
[sm] resource buf 0x107334000 sz 0x4000 -> kr 0x00000000 rid 38 off32 12c000
[sm] resource buf 0x107338000 sz 0x4000 -> kr 0x00000000 rid 39 off32 134000
[sm] resource buf 0x10733c000 sz 0x4000 -> kr 0x00000000 rid 40 off32 13c000
[bw] created 40 target resources
[s4] sel12 size 0x4000 -> kr 0x00000000 va 107344000 id 1
[s4] sel12 size 0x4000 -> kr 0x00000000 va 10734c000 id 2
[bw] sweep at 0x100000000 alive
[bw] sweep at 0x100100000 alive
[v70] sweep done (alive)
[v70] done (alive)
[v68] full AGFI submit
[open] IOGPU -> conn 0x5e0f
[s4] sel12 size 0x4000 -> kr 0x00000000 va 107388000 id 1
[s4] sel12 size 0x4000 -> kr 0x00000000 va 107390000 id 2
[sm] resource buf 0x107394000 sz 0x10000 -> kr 0x00000000 rid 1 off32 10000
[fu] target resource rid 1, candidate GPUVA 0x100010000
[fu] GPUVA 0x100010000 -> kr 0x00000000 outw 00000000, target 5A 0
[fu] GPUVA 0x100020000 -> kr 0x00000000 outw 00000000, target 5A 0
[fu] GPUVA 0x100030000 -> kr 0x00000000 outw 00000000, target 5A 0
[fu] GPUVA 0x100040000 -> kr 0x00000000 outw 00000000, target 5A 0
[fu] GPUVA 0x100008000 -> kr 0x00000000 outw 00000000, target 5A 0
[fu] GPUVA 0x10000c000 -> kr 0x00000000 outw 00000000, target 5A 0
[fu] GPUVA 0x100000000 -> kr 0x00000000 outw 00000000, target 5A 0
[v69] done (alive)
[v67] faithful AGFI replay
[open] IOGPU -> conn 0x700b
[s4] sel12 size 0x4000 -> kr 0x00000000 va 1073d8000 id 1
[s4] sel12 size 0x4000 -> kr 0x00000000 va 1073e0000 id 2
[sm] resource buf 0x1073e8000 sz 0x10000 -> kr 0x00000000 rid 1 off32 10000
[fu] target resource rid 1, candidate GPUVA 0x100010000
[fr] observer nq va 0x109e78000
[fr] faithful submit -> kr 0x00000000 outw 00000000
[fr] nq dump after submit:
[fr]   +00: 14 14 00 00 00 00 00 00 00 00 00 00 00 00 00 00
[fr]   +10: 00 00 00 00 00 00 00 00 00 00 00 00 00 00 00 00
[fr]   +20: 00 00 00 00 00 00 00 00 00 00 00 00 00 00 00 00
[fr]   +30: 00 00 00 00 00 00 00 00 00 00 00 00 00 00 00 00
[v67] done (alive)
[v66] AGFI reconstruction submit
[open] IOGPU -> conn 0x4a13
[s4] sel12 size 0x4000 -> kr 0x00000000 va 109ea0000 id 1
[s4] sel12 size 0x4000 -> kr 0x00000000 va 109ea8000 id 2
[rc] recon submit -> kr 0x00000000 outw 0000000a
[v66] done (alive)
[v65] AGX command replay
[open] IOGPU -> conn 0x803f
[s4] sel12 size 0x4000 -> kr 0x00000000 va 109ed8000 id 1
[s4] sel12 size 0x4000 -> kr 0x00000000 va 109ee0000 id 2
[rp] replay submit -> kr 0x00000000 outw 0000000a
[v65] done (alive)
[v64] AGX tail crafting
[open] IOGPU -> conn 0x3b0f
[s4] sel12 size 0x8000 -> kr 0x00000000 va 109f10000 id 1
[s4] sel12 size 0x4000 -> kr 0x00000000 va 109f1c000 id 2
[tl] r0 subtype 1 -> kr 0x00000000 outw 0000000a
[tl] r1 subtype 2 -> kr 0x00000000 outw 0000000a
[tl] r2 subtype 1 -> kr 0x00000000 outw 0000000a
[tl] r3 subtype 2 -> kr 0x00000000 outw 0000000a
[tl] r200000 alive
[tl] r400000 alive
[tl] r600000 alive
[tl] r800000 alive
[tl] r1000000 alive
[tl] r1200000 alive
[tl] r1400000 alive
[tl] r1600000 alive
[tl] r1800000 alive
[tl] r2000000 alive
[tl] r2200000 alive
[tl] r2400000 alive
[tl] r2600000 alive
[tl] r2800000 alive
[tl] r3000000 alive
[tl] r3200000 alive
[tl] r3400000 alive
[tl] r3600000 alive
[tl] r3800000 alive
[tl] r4000000 alive
[tl] r4200000 alive
[tl] r4400000 alive
[tl] r4600000 alive
[tl] r4800000 alive
[tl] r5000000 alive
[tl] r5200000 alive
[tl] r5400000 alive
[tl] r5600000 alive
[tl] r5800000 alive
[tl] r6000000 alive
[tl] r6200000 alive
[tl] r6400000 alive
[tl] r6600000 alive
[tl] r6800000 alive
[tl] r7000000 alive
[tl] r7200000 alive
[tl] r7400000 alive
[tl] r7600000 alive
[tl] r7800000 alive
[tl] r8000000 alive
[tl] r8200000 alive
[tl] r8400000 alive
[tl] r8600000 alive
[tl] r8800000 alive
[tl] r9000000 alive
[tl] r9200000 alive
[tl] r9400000 alive
[tl] r9600000 alive
[tl] r9800000 alive
[tl] r10000000 alive
[tl] r10200000 alive
[tl] r10400000 alive
[tl] r10600000 alive
[tl] r10800000 alive
[tl] r11000000 alive
[tl] r11200000 alive
[tl] r11400000 alive
[tl] r11600000 alive
[tl] r11800000 alive
[tl] r12000000 alive
[tl] r12200000 alive
[tl] r12400000 alive
[tl] r12600000 alive
[tl] r12800000 alive
[tl] r13000000 alive
[tl] r13200000 alive
[tl] r13400000 alive
[tl] r13600000 alive
[tl] r13800000 alive
[tl] r14000000 alive
[tl] r14200000 alive
[tl] r14400000 alive
[tl] r14600000 alive
[tl] r14800000 alive
[tl] r15000000 alive
[tl] r15200000 alive
[tl] r15400000 alive
[tl] r15600000 alive
[tl] r15800000 alive
[tl] r16000000 alive
[tl] r16200000 alive
[tl] r16400000 alive
[tl] r16600000 alive
[tl] r16800000 alive
[tl] r17000000 alive
[tl] r17200000 alive
[tl] r17400000 alive
[tl] r17600000 alive
[tl] r17800000 alive
[tl] r18000000 alive
[tl] r18200000 alive
[tl] r18400000 alive
[tl] r18600000 alive
[tl] r18800000 alive
[tl] r19000000 alive
[tl] r19200000 alive
[tl] r19400000 alive
[tl] r19600000 alive
[tl] r19800000 alive
[tl] r20000000 alive
[tl] r20200000 alive
[tl] r20400000 alive
[tl] r20600000 alive
[tl] r20800000 alive
[tl] r21000000 alive
[tl] r21200000 alive
[tl] r21400000 alive
[tl] r21600000 alive
[tl] r21800000 alive
[tl] r22000000 alive
[tl] r22200000 alive
[tl] r22400000 alive
[tl] r22600000 alive
[tl] r22800000 alive
[tl] r23000000 alive
[tl] r23200000 alive
[tl] r23400000 alive
[tl] r23600000 alive
[tl] r23800000 alive
[tl] r24000000 alive
[tl] r24200000 alive
[tl] r24400000 alive
[tl] r24600000 alive
[tl] r24800000 alive
[tl] r25000000 alive
[tl] r25200000 alive
[tl] r25400000 alive
[tl] r25600000 alive
[tl] r25800000 alive
[tl] r26000000 alive
[tl] r26200000 alive
[tl] r26400000 alive
[tl] r26600000 alive
[tl] r26800000 alive
[tl] r27000000 alive
[tl] r27200000 alive
[tl] r27400000 alive
[tl] r27600000 alive
[tl] r27800000 alive
[tl] r28000000 alive
[tl] r28200000 alive
[tl] r28400000 alive
[tl] r28600000 alive
[tl] r28800000 alive
[tl] r29000000 alive
[tl] r29200000 alive
[tl] r29400000 alive
[tl] r29600000 alive
[tl] r29800000 alive
[tl] r30000000 alive
[tl] r30200000 alive
[tl] r30400000 alive
[tl] r30600000 alive
[tl] r30800000 alive
[tl] r31000000 alive
[tl] r31200000 alive
[tl] r31400000 alive
[tl] r31600000 alive
[tl] r31800000 alive
[tl] r32000000 alive
[tl] r32200000 alive
[tl] r32400000 alive
[tl] r32600000 alive
[tl] r32800000 alive
[tl] r33000000 alive
[tl] r33200000 alive
[tl] r33400000 alive
[tl] r33600000 alive
[tl] r33800000 alive
[tl] r34000000 alive
[tl] r34200000 alive
[tl] r34400000 alive
[tl] r34600000 alive
[tl] r34800000 alive
[tl] r35000000 alive
[tl] r35200000 alive
[tl] r35400000 alive
[tl] r35600000 alive
[tl] r35800000 alive
[tl] r36000000 alive
[tl] r36200000 alive
[tl] r36400000 alive
[tl] r36600000 alive
[tl] r36800000 alive
[tl] r37000000 alive
[tl] r37200000 alive
[tl] r37400000 alive
[tl] r37600000 alive
[tl] r37800000 alive
[tl] r38000000 alive
[tl] r38200000 alive
[tl] r38400000 alive
[tl] r38600000 alive
[tl] r38800000 alive
[tl] r39000000 alive
[tl] r39200000 alive
[tl] r39400000 alive
[tl] r39600000 alive
[tl] r39800000 alive
[tl] r40000000 alive
[tl] r40200000 alive
[tl] r40400000 alive
[tl] r40600000 alive
[tl] r40800000 alive
[tl] r41000000 alive
[tl] r41200000 alive
[tl] r41400000 alive
[tl] r41600000 alive
[tl] r41800000 alive
[tl] r42000000 alive
[tl] r42200000 alive
[tl] r42400000 alive
[tl] r42600000 alive
[tl] r42800000 alive
[tl] r43000000 alive
[tl] r43200000 alive
[tl] r43400000 alive
[tl] r43600000 alive
[tl] r43800000 alive
[tl] r44000000 alive
[tl] r44200000 alive
[tl] r44400000 alive
[tl] r44600000 alive
[tl] r44800000 alive
[tl] r45000000 alive
[tl] r45200000 alive
[tl] r45400000 alive
[tl] r45600000 alive
[tl] r45800000 alive
App terminated due to signal 9.
