[main] fuzz harness up, mode=scaler
[main] sandbox note: VCPDRM open is MACF-denied (iokit-open-user-client VCPDRMUserClient); mach-lookup com.apple.sprr / com.apple.jitbox exist but are sandbox-gated (seen in kernel log)
[open] AppleM2ScalerCSCDriver -> conn 0x790f
[scaler] conn 0x790f, s1 12 s2 13
[probe12] SetNotificationPort -> 0x00000000
[uatrec] v111 step 5 delay 0ms
[open] IOGPU -> conn 0x5d03
[uatrec] mconn 0x7513 ourc 0x5d03
[uatrec] S5 OOL-reclaim: 3 rounds, cong 24, 128 msgs x 64KB (0x43), delay 0ms
[mtlr] resource2 sel8 flags 470 sz 0x10000 -> kr 0x00000000 rid 311 GPUVA 0x10002c90000 cpu 10d870000
[mtlr]   out: 0000010002c90000 000000010d870000 000000010d65e940 0000000000000000
[mtlr]   out: 0000013700000000 0000000000010000 000000001220a4f9 0000000000004e70
[uatrec] S5 r0: victim rid 311 gv 0x10002c90000 slots 12 ridpatch 1 — commit, destroy+flush
[mtlr] resource2 sel8 flags 470 sz 0x1000 -> kr 0x00000000 rid 311 GPUVA 0x10002d58000 cpu 10d910000
[mtlr]   out: 0000010002d58000 000000010d910000 000000010d65f480 0000000000000000
[mtlr]   out: 0000013700000000 0000000000004000 000000001220a6c0 0000000000004eb3
[mtlr] resource2 sel8 flags 470 sz 0x1000 -> kr 0x00000000 rid 311 GPUVA 0x10002d58000 cpu 10d910000
[mtlr]   out: 0000010002d58000 000000010d910000 000000010d65f480 0000000000000000
[mtlr]   out: 0000013700000000 0000000000004000 000000001220a6c2 0000000000004eb5
[mtlr] resource2 sel8 flags 470 sz 0x1000 -> kr 0x00000000 rid 311 GPUVA 0x10002d58000 cpu 10d910000
[mtlr]   out: 0000010002d58000 000000010d910000 000000010d65f480 0000000000000000
[mtlr]   out: 0000013700000000 0000000000004000 000000001220a6c3 0000000000004eb6
[mtlr] resource2 sel8 flags 470 sz 0x1000 -> kr 0x00000000 rid 311 GPUVA 0x10002d58000 cpu 10d910000
[mtlr]   out: 0000010002d58000 000000010d910000 000000010d65f480 0000000000000000
[mtlr]   out: 0000013700000000 0000000000004000 000000001220a6c4 0000000000004eb7
[mtlr] resource2 sel8 flags 470 sz 0x1000 -> kr 0x00000000 rid 311 GPUVA 0x10002d58000 cpu 10d910000
[mtlr]   out: 0000010002d58000 000000010d910000 000000010d65f480 0000000000000000
[mtlr]   out: 0000013700000000 0000000000004000 000000001220a6c5 0000000000004eb8
[mtlr] resource2 sel8 flags 470 sz 0x1000 -> kr 0x00000000 rid 311 GPUVA 0x10002d58000 cpu 10d910000
[mtlr]   out: 0000010002d58000 000000010d910000 000000010d65f480 0000000000000000
[mtlr]   out: 0000013700000000 0000000000004000 000000001220a6c6 0000000000004eb9
[mtlr] resource2 sel8 flags 470 sz 0x1000 -> kr 0x00000000 rid 311 GPUVA 0x10002d58000 cpu 10d910000
[mtlr]   out: 0000010002d58000 000000010d910000 000000010d65f480 0000000000000000
[mtlr]   out: 0000013700000000 0000000000004000 000000001220a6c7 0000000000004eba
[mtlr] resource2 sel8 flags 470 sz 0x1000 -> kr 0x00000000 rid 311 GPUVA 0x10002d58000 cpu 10d910000
[mtlr]   out: 0000010002d58000 000000010d910000 000000010d65f480 0000000000000000
[mtlr]   out: 0000013700000000 0000000000004000 000000001220a6c8 0000000000004ebb
[mtlr] resource2 sel8 flags 470 sz 0x1000 -> kr 0x00000000 rid 311 GPUVA 0x10002d58000 cpu 10d910000
[mtlr]   out: 0000010002d58000 000000010d910000 000000010d65f480 0000000000000000
[mtlr]   out: 0000013700000000 0000000000004000 000000001220a6c9 0000000000004ebc
[mtlr] resource2 sel8 flags 470 sz 0x1000 -> kr 0x00000000 rid 311 GPUVA 0x10002d58000 cpu 10d910000
[mtlr]   out: 0000010002d58000 000000010d910000 000000010d65f480 0000000000000000
[mtlr]   out: 0000013700000000 0000000000004000 000000001220a6ca 0000000000004ebd
[mtlr] resource2 sel8 flags 470 sz 0x1000 -> kr 0x00000000 rid 311 GPUVA 0x10002d58000 cpu 10d910000
[mtlr]   out: 0000010002d58000 000000010d910000 000000010d65f480 0000000000000000
[mtlr]   out: 0000013700000000 0000000000004000 000000001220a6cb 0000000000004ebe
[mtlr] resource2 sel8 flags 470 sz 0x1000 -> kr 0x00000000 rid 311 GPUVA 0x10002d58000 cpu 10d910000
[mtlr]   out: 0000010002d58000 000000010d910000 000000010d65f480 0000000000000000
[mtlr]   out: 0000013700000000 0000000000004000 000000001220a6cc 0000000000004ebf
[mtlr] resource2 sel8 flags 470 sz 0x1000 -> kr 0x00000000 rid 311 GPUVA 0x10002d58000 cpu 10d910000
[mtlr]   out: 0000010002d58000 000000010d910000 000000010d65f480 0000000000000000
[mtlr]   out: 0000013700000000 0000000000004000 000000001220a6cd 0000000000004ec0
[mtlr] resource2 sel8 flags 470 sz 0x1000 -> kr 0x00000000 rid 311 GPUVA 0x10002d58000 cpu 10d910000
[mtlr]   out: 0000010002d58000 000000010d910000 000000010d65f480 0000000000000000
[mtlr]   out: 0000013700000000 0000000000004000 000000001220a6ce 0000000000004ec1
[mtlr] resource2 sel8 flags 470 sz 0x1000 -> kr 0x00000000 rid 311 GPUVA 0x10002d58000 cpu 10d910000
[mtlr]   out: 0000010002d58000 000000010d910000 000000010d65f480 0000000000000000
[mtlr]   out: 0000013700000000 0000000000004000 000000001220a6cf 0000000000004ec2
[mtlr] resource2 sel8 flags 470 sz 0x1000 -> kr 0x00000000 rid 311 GPUVA 0x10002d58000 cpu 10d910000
[mtlr]   out: 0000010002d58000 000000010d910000 000000010d65f480 0000000000000000
[mtlr]   out: 0000013700000000 0000000000004000 000000001220a6d0 0000000000004ec3
[mtlr] resource2 sel8 flags 470 sz 0x1000 -> kr 0x00000000 rid 311 GPUVA 0x10002d58000 cpu 10d910000
[mtlr]   out: 0000010002d58000 000000010d910000 000000010d65f480 0000000000000000
[mtlr]   out: 0000013700000000 0000000000004000 000000001220a6d1 0000000000004ec4
[mtlr] resource2 sel8 flags 470 sz 0x1000 -> kr 0x00000000 rid 311 GPUVA 0x10002d58000 cpu 10d910000
[mtlr]   out: 0000010002d58000 000000010d910000 000000010d65f480 0000000000000000
[mtlr]   out: 0000013700000000 0000000000004000 000000001220a6d2 0000000000004ec5
[mtlr] resource2 sel8 flags 470 sz 0x1000 -> kr 0x00000000 rid 311 GPUVA 0x10002d58000 cpu 10d910000
[mtlr]   out: 0000010002d58000 000000010d910000 000000010d65f480 0000000000000000
[mtlr]   out: 0000013700000000 0000000000004000 000000001220a6d3 0000000000004ec6
[mtlr] resource2 sel8 flags 470 sz 0x1000 -> kr 0x00000000 rid 311 GPUVA 0x10002d58000 cpu 10d910000
[mtlr]   out: 0000010002d58000 000000010d910000 000000010d65f480 0000000000000000
[mtlr]   out: 0000013700000000 0000000000004000 000000001220a6d4 0000000000004ec7
[mtlr] resource2 sel8 flags 470 sz 0x1000 -> kr 0x00000000 rid 311 GPUVA 0x10002d58000 cpu 10d910000
[mtlr]   out: 0000010002d58000 000000010d910000 000000010d65f480 0000000000000000
[mtlr]   out: 0000013700000000 0000000000004000 000000001220a6d5 0000000000004ec8
[mtlr] resource2 sel8 flags 470 sz 0x1000 -> kr 0x00000000 rid 311 GPUVA 0x10002d58000 cpu 10d910000
[mtlr]   out: 0000010002d58000 000000010d910000 000000010d65f480 0000000000000000
[mtlr]   out: 0000013700000000 0000000000004000 000000001220a6d6 0000000000004ec9
[mtlr] resource2 sel8 flags 470 sz 0x1000 -> kr 0x00000000 rid 311 GPUVA 0x10002d58000 cpu 10d910000
[mtlr]   out: 0000010002d58000 000000010d910000 000000010d65f480 0000000000000000
[mtlr]   out: 0000013700000000 0000000000004000 000000001220a6d7 0000000000004eca
[mtlr] resource2 sel8 flags 470 sz 0x1000 -> kr 0x00000000 rid 311 GPUVA 0x10002d58000 cpu 10d910000
[mtlr]   out: 0000010002d58000 000000010d910000 000000010d65f480 0000000000000000
[mtlr]   out: 0000013700000000 0000000000004000 000000001220a6d8 0000000000004ecb
[mtlr] resource2 sel8 flags 470 sz 0x1000 -> kr 0x00000000 rid 311 GPUVA 0x10002d58000 cpu 10d910000
[mtlr]   out: 0000010002d58000 000000010d910000 000000010d65f480 0000000000000000
[mtlr]   out: 0000013700000000 0000000000004000 000000001220a6d9 0000000000004ecc
[mtlr] resource2 sel8 flags 470 sz 0x1000 -> kr 0x00000000 rid 311 GPUVA 0x10002d58000 cpu 10d910000
[mtlr]   out: 0000010002d58000 000000010d910000 000000010d65f480 0000000000000000
[mtlr]   out: 0000013700000000 0000000000004000 000000001220a6da 0000000000004ecd
[mtlr] resource2 sel8 flags 470 sz 0x1000 -> kr 0x00000000 rid 311 GPUVA 0x10002d58000 cpu 10d910000
[mtlr]   out: 0000010002d58000 000000010d910000 000000010d65f480 0000000000000000
[mtlr]   out: 0000013700000000 0000000000004000 000000001220a6db 0000000000004ece
[mtlr] resource2 sel8 flags 470 sz 0x1000 -> kr 0x00000000 rid 311 GPUVA 0x10002d58000 cpu 10d910000
[mtlr]   out: 0000010002d58000 000000010d910000 000000010d65f480 0000000000000000
[mtlr]   out: 0000013700000000 0000000000004000 000000001220a6dc 0000000000004ecf
[mtlr] resource2 sel8 flags 470 sz 0x1000 -> kr 0x00000000 rid 311 GPUVA 0x10002d58000 cpu 10d910000
[mtlr]   out: 0000010002d58000 000000010d910000 000000010d65f480 0000000000000000
[mtlr]   out: 0000013700000000 0000000000004000 000000001220a6dd 0000000000004ed0
[mtlr] resource2 sel8 flags 470 sz 0x1000 -> kr 0x00000000 rid 311 GPUVA 0x10002d58000 cpu 10d910000
[mtlr]   out: 0000010002d58000 000000010d910000 000000010d65f480 0000000000000000
[mtlr]   out: 0000013700000000 0000000000004000 000000001220a6de 0000000000004ed1
[mtlr] resource2 sel8 flags 470 sz 0x1000 -> kr 0x00000000 rid 311 GPUVA 0x10002d58000 cpu 10d910000
[mtlr]   out: 0000010002d58000 000000010d910000 000000010d65f480 0000000000000000
[mtlr]   out: 0000013700000000 0000000000004000 000000001220a6df 0000000000004ed2
[mtlr] resource2 sel8 flags 470 sz 0x1000 -> kr 0x00000000 rid 311 GPUVA 0x10002d58000 cpu 10d910000
[mtlr]   out: 0000010002d58000 000000010d910000 000000010d65f480 0000000000000000
[mtlr]   out: 0000013700000000 0000000000004000 000000001220a6e0 0000000000004ed3
[mtlr] resource2 sel8 flags 470 sz 0x1000 -> kr 0x00000000 rid 311 GPUVA 0x10002d58000 cpu 10d910000
[mtlr]   out: 0000010002d58000 000000010d910000 000000010d65f480 0000000000000000
[mtlr]   out: 0000013700000000 0000000000004000 000000001220a6e1 0000000000004ed4
[mtlr] resource2 sel8 flags 470 sz 0x1000 -> kr 0x00000000 rid 311 GPUVA 0x10002d58000 cpu 10d910000
[mtlr]   out: 0000010002d58000 000000010d910000 000000010d65f480 0000000000000000
[mtlr]   out: 0000013700000000 0000000000004000 000000001220a6e2 0000000000004ed5
[mtlr] resource2 sel8 flags 470 sz 0x1000 -> kr 0x00000000 rid 311 GPUVA 0x10002d58000 cpu 10d910000
[mtlr]   out: 0000010002d58000 000000010d910000 000000010d65f480 0000000000000000
[mtlr]   out: 0000013700000000 0000000000004000 000000001220a6e3 0000000000004ed6
[mtlr] resource2 sel8 flags 470 sz 0x1000 -> kr 0x00000000 rid 311 GPUVA 0x10002d58000 cpu 10d910000
[mtlr]   out: 0000010002d58000 000000010d910000 000000010d65f480 0000000000000000
[mtlr]   out: 0000013700000000 0000000000004000 000000001220a6e4 0000000000004ed7
[mtlr] resource2 sel8 flags 470 sz 0x1000 -> kr 0x00000000 rid 311 GPUVA 0x10002d58000 cpu 10d910000
[mtlr]   out: 0000010002d58000 000000010d910000 000000010d65f480 0000000000000000
[mtlr]   out: 0000013700000000 0000000000004000 000000001220a6e5 0000000000004ed8
[mtlr] resource2 sel8 flags 470 sz 0x1000 -> kr 0x00000000 rid 311 GPUVA 0x10002d58000 cpu 10d910000
[mtlr]   out: 0000010002d58000 000000010d910000 000000010d65f480 0000000000000000
[mtlr]   out: 0000013700000000 0000000000004000 000000001220a6e6 0000000000004ed9
[mtlr] resource2 sel8 flags 470 sz 0x1000 -> kr 0x00000000 rid 311 GPUVA 0x10002d58000 cpu 10d910000
[mtlr]   out: 0000010002d58000 000000010d910000 000000010d65f480 0000000000000000
[mtlr]   out: 0000013700000000 0000000000004000 000000001220a6e7 0000000000004eda
[mtlr] resource2 sel8 flags 470 sz 0x1000 -> kr 0x00000000 rid 311 GPUVA 0x10002d58000 cpu 10d910000
[mtlr]   out: 0000010002d58000 000000010d910000 000000010d65f480 0000000000000000
[mtlr]   out: 0000013700000000 0000000000004000 000000001220a6e8 0000000000004edb
[uatrec] S5 r0: destroy kr 0x00000000 + 40 junk — OOL reclaim wave (128 msgs)
[uatrec] S5 r0: 128 OOL msgs queued (8192 KB kernel) — draining blit
[uatrec] S5 r0: drained, cb status 4 — receiving + scanning
[uatrec] S5 r0: receive loop ended kr 0x10004003
[uatrec] S5 r0 summary: 128 received, 0 corrupted, 0x41 total 0 (no reclaim hit)
[uatrec] S5 r0 readback: src slots 11 patched to dead gpuvaV — commit
[uatrec] S5 r0 readback: st 4 | dead-gpuva content: 0x41 0 0x43 0 zero 65536 0x55 0 other 0 — ZEROED CONSUMER / NO WRITE
[mtlr] resource2 sel8 flags 470 sz 0x10000 -> kr 0x00000000 rid 313 GPUVA 0x10002c90000 cpu 10bf30000
[mtlr]   out: 0000010002c90000 000000010bf30000 000000010d65eac0 0000000000000000
[mtlr]   out: 0000013900000000 0000000000010000 000000001220ab43 0000000000004ee0
[uatrec] S5 r1: victim rid 313 gv 0x10002c90000 slots 10 ridpatch 1 — commit, destroy+flush
[mtlr] resource2 sel8 flags 470 sz 0x1000 -> kr 0x00000000 rid 313 GPUVA 0x10003d90000 cpu 10bf68000
[mtlr]   out: 0000010003d90000 000000010bf68000 000000010d65f6c0 0000000000000000
[mtlr]   out: 0000013900000000 0000000000004000 000000001220ab76 0000000000004ee3
[mtlr] resource2 sel8 flags 470 sz 0x1000 -> kr 0x00000000 rid 313 GPUVA 0x10003d90000 cpu 10bf68000
[mtlr]   out: 0000010003d90000 000000010bf68000 000000010d65f6c0 0000000000000000
[mtlr]   out: 0000013900000000 0000000000004000 000000001220ab77 0000000000004ee4
[mtlr] resource2 sel8 flags 470 sz 0x1000 -> kr 0x00000000 rid 313 GPUVA 0x10003d90000 cpu 10bf68000
[mtlr]   out: 0000010003d90000 000000010bf68000 000000010d65f6c0 0000000000000000
[mtlr]   out: 0000013900000000 0000000000004000 000000001220ab78 0000000000004ee5
[mtlr] resource2 sel8 flags 470 sz 0x1000 -> kr 0x00000000 rid 313 GPUVA 0x10003d90000 cpu 10bf68000
[mtlr]   out: 0000010003d90000 000000010bf68000 000000010d65f6c0 0000000000000000
[mtlr]   out: 0000013900000000 0000000000004000 000000001220ab79 0000000000004ee6
[mtlr] resource2 sel8 flags 470 sz 0x1000 -> kr 0x00000000 rid 313 GPUVA 0x10003d90000 cpu 10bf68000
[mtlr]   out: 0000010003d90000 000000010bf68000 000000010d65f6c0 0000000000000000
[mtlr]   out: 0000013900000000 0000000000004000 000000001220ab7a 0000000000004ee7
[mtlr] resource2 sel8 flags 470 sz 0x1000 -> kr 0x00000000 rid 313 GPUVA 0x10003d90000 cpu 10bf68000
[mtlr]   out: 0000010003d90000 000000010bf68000 000000010d65f6c0 0000000000000000
[mtlr]   out: 0000013900000000 0000000000004000 000000001220ab7b 0000000000004ee8
[mtlr] resource2 sel8 flags 470 sz 0x1000 -> kr 0x00000000 rid 313 GPUVA 0x10003d90000 cpu 10bf68000
[mtlr]   out: 0000010003d90000 000000010bf68000 000000010d65f6c0 0000000000000000
[mtlr]   out: 0000013900000000 0000000000004000 000000001220ab7c 0000000000004ee9
[mtlr] resource2 sel8 flags 470 sz 0x1000 -> kr 0x00000000 rid 313 GPUVA 0x10003d90000 cpu 10bf68000
[mtlr]   out: 0000010003d90000 000000010bf68000 000000010d65f6c0 0000000000000000
[mtlr]   out: 0000013900000000 0000000000004000 000000001220ab7d 0000000000004eea
[mtlr] resource2 sel8 flags 470 sz 0x1000 -> kr 0x00000000 rid 313 GPUVA 0x10003d90000 cpu 10bf68000
[mtlr]   out: 0000010003d90000 000000010bf68000 000000010d65f6c0 0000000000000000
[mtlr]   out: 0000013900000000 0000000000004000 000000001220ab7e 0000000000004eeb
[mtlr] resource2 sel8 flags 470 sz 0x1000 -> kr 0x00000000 rid 313 GPUVA 0x10003d90000 cpu 10bf68000
[mtlr]   out: 0000010003d90000 000000010bf68000 000000010d65f6c0 0000000000000000
[mtlr]   out: 0000013900000000 0000000000004000 000000001220ab7f 0000000000004eec
[mtlr] resource2 sel8 flags 470 sz 0x1000 -> kr 0x00000000 rid 313 GPUVA 0x10003d90000 cpu 10bf68000
[mtlr]   out: 0000010003d90000 000000010bf68000 000000010d65f6c0 0000000000000000
[mtlr]   out: 0000013900000000 0000000000004000 000000001220ab80 0000000000004eed
[mtlr] resource2 sel8 flags 470 sz 0x1000 -> kr 0x00000000 rid 313 GPUVA 0x10003d90000 cpu 10bf68000
[mtlr]   out: 0000010003d90000 000000010bf68000 000000010d65f6c0 0000000000000000
[mtlr]   out: 0000013900000000 0000000000004000 000000001220ab81 0000000000004eee
[mtlr] resource2 sel8 flags 470 sz 0x1000 -> kr 0x00000000 rid 313 GPUVA 0x10003d90000 cpu 10bf68000
[mtlr]   out: 0000010003d90000 000000010bf68000 000000010d65f6c0 0000000000000000
[mtlr]   out: 0000013900000000 0000000000004000 000000001220ab82 0000000000004eef
[mtlr] resource2 sel8 flags 470 sz 0x1000 -> kr 0x00000000 rid 313 GPUVA 0x10003d90000 cpu 10bf68000
[mtlr]   out: 0000010003d90000 000000010bf68000 000000010d65f6c0 0000000000000000
[mtlr]   out: 0000013900000000 0000000000004000 000000001220ab83 0000000000004ef0
[mtlr] resource2 sel8 flags 470 sz 0x1000 -> kr 0x00000000 rid 313 GPUVA 0x10003d90000 cpu 10bf68000
[mtlr]   out: 0000010003d90000 000000010bf68000 000000010d65f6c0 0000000000000000
[mtlr]   out: 0000013900000000 0000000000004000 000000001220ab84 0000000000004ef1
[mtlr] resource2 sel8 flags 470 sz 0x1000 -> kr 0x00000000 rid 313 GPUVA 0x10003d90000 cpu 10bf68000
[mtlr]   out: 0000010003d90000 000000010bf68000 000000010d65f6c0 0000000000000000
[mtlr]   out: 0000013900000000 0000000000004000 000000001220ab85 0000000000004ef2
[mtlr] resource2 sel8 flags 470 sz 0x1000 -> kr 0x00000000 rid 313 GPUVA 0x10003d90000 cpu 10bf68000
[mtlr]   out: 0000010003d90000 000000010bf68000 000000010d65f6c0 0000000000000000
[mtlr]   out: 0000013900000000 0000000000004000 000000001220ab86 0000000000004ef3
[mtlr] resource2 sel8 flags 470 sz 0x1000 -> kr 0x00000000 rid 313 GPUVA 0x10003d90000 cpu 10bf68000
[mtlr]   out: 0000010003d90000 000000010bf68000 000000010d65f6c0 0000000000000000
[mtlr]   out: 0000013900000000 0000000000004000 000000001220ab87 0000000000004ef4
[mtlr] resource2 sel8 flags 470 sz 0x1000 -> kr 0x00000000 rid 313 GPUVA 0x10003d90000 cpu 10bf68000
[mtlr]   out: 0000010003d90000 000000010bf68000 000000010d65f6c0 0000000000000000
[mtlr]   out: 0000013900000000 0000000000004000 000000001220ab88 0000000000004ef5
[mtlr] resource2 sel8 flags 470 sz 0x1000 -> kr 0x00000000 rid 313 GPUVA 0x10003d90000 cpu 10bf68000
[mtlr]   out: 0000010003d90000 000000010bf68000 000000010d65f6c0 0000000000000000
[mtlr]   out: 0000013900000000 0000000000004000 000000001220ab89 0000000000004ef6
[mtlr] resource2 sel8 flags 470 sz 0x1000 -> kr 0x00000000 rid 313 GPUVA 0x10003d90000 cpu 10bf68000
[mtlr]   out: 0000010003d90000 000000010bf68000 000000010d65f6c0 0000000000000000
[mtlr]   out: 0000013900000000 0000000000004000 000000001220ab8a 0000000000004ef7
[mtlr] resource2 sel8 flags 470 sz 0x1000 -> kr 0x00000000 rid 313 GPUVA 0x10003d90000 cpu 10bf68000
[mtlr]   out: 0000010003d90000 000000010bf68000 000000010d65f6c0 0000000000000000
[mtlr]   out: 0000013900000000 0000000000004000 000000001220ab8b 0000000000004ef8
[mtlr] resource2 sel8 flags 470 sz 0x1000 -> kr 0x00000000 rid 313 GPUVA 0x10003d90000 cpu 10bf68000
[mtlr]   out: 0000010003d90000 000000010bf68000 000000010d65f6c0 0000000000000000
[mtlr]   out: 0000013900000000 0000000000004000 000000001220ab8c 0000000000004ef9
[mtlr] resource2 sel8 flags 470 sz 0x1000 -> kr 0x00000000 rid 313 GPUVA 0x10003d90000 cpu 10bf68000
[mtlr]   out: 0000010003d90000 000000010bf68000 000000010d65f6c0 0000000000000000
[mtlr]   out: 0000013900000000 0000000000004000 000000001220ab8d 0000000000004efa
[mtlr] resource2 sel8 flags 470 sz 0x1000 -> kr 0x00000000 rid 313 GPUVA 0x10003d90000 cpu 10bf68000
[mtlr]   out: 0000010003d90000 000000010bf68000 000000010d65f6c0 0000000000000000
[mtlr]   out: 0000013900000000 0000000000004000 000000001220ab8e 0000000000004efb
[mtlr] resource2 sel8 flags 470 sz 0x1000 -> kr 0x00000000 rid 313 GPUVA 0x10003d90000 cpu 10bf68000
[mtlr]   out: 0000010003d90000 000000010bf68000 000000010d65f6c0 0000000000000000
[mtlr]   out: 0000013900000000 0000000000004000 000000001220ab8f 0000000000004efc
[mtlr] resource2 sel8 flags 470 sz 0x1000 -> kr 0x00000000 rid 313 GPUVA 0x10003d90000 cpu 10bf68000
[mtlr]   out: 0000010003d90000 000000010bf68000 000000010d65f6c0 0000000000000000
[mtlr]   out: 0000013900000000 0000000000004000 000000001220ab90 0000000000004efd
[mtlr] resource2 sel8 flags 470 sz 0x1000 -> kr 0x00000000 rid 313 GPUVA 0x10003d90000 cpu 10bf68000
[mtlr]   out: 0000010003d90000 000000010bf68000 000000010d65f6c0 0000000000000000
[mtlr]   out: 0000013900000000 0000000000004000 000000001220ab91 0000000000004efe
[mtlr] resource2 sel8 flags 470 sz 0x1000 -> kr 0x00000000 rid 313 GPUVA 0x10003d90000 cpu 10bf68000
[mtlr]   out: 0000010003d90000 000000010bf68000 000000010d65f6c0 0000000000000000
[mtlr]   out: 0000013900000000 0000000000004000 000000001220ab92 0000000000004eff
[mtlr] resource2 sel8 flags 470 sz 0x1000 -> kr 0x00000000 rid 313 GPUVA 0x10003d90000 cpu 10bf68000
[mtlr]   out: 0000010003d90000 000000010bf68000 000000010d65f6c0 0000000000000000
[mtlr]   out: 0000013900000000 0000000000004000 000000001220ab93 0000000000004f00
[mtlr] resource2 sel8 flags 470 sz 0x1000 -> kr 0x00000000 rid 313 GPUVA 0x10003d90000 cpu 10bf68000
[mtlr]   out: 0000010003d90000 000000010bf68000 000000010d65f6c0 0000000000000000
[mtlr]   out: 0000013900000000 0000000000004000 000000001220ab94 0000000000004f01
[mtlr] resource2 sel8 flags 470 sz 0x1000 -> kr 0x00000000 rid 313 GPUVA 0x10003d90000 cpu 10bf68000
[mtlr]   out: 0000010003d90000 000000010bf68000 000000010d65f6c0 0000000000000000
[mtlr]   out: 0000013900000000 0000000000004000 000000001220ab95 0000000000004f02
[mtlr] resource2 sel8 flags 470 sz 0x1000 -> kr 0x00000000 rid 313 GPUVA 0x10003d90000 cpu 10bf68000
[mtlr]   out: 0000010003d90000 000000010bf68000 000000010d65f6c0 0000000000000000
[mtlr]   out: 0000013900000000 0000000000004000 000000001220ab96 0000000000004f03
[mtlr] resource2 sel8 flags 470 sz 0x1000 -> kr 0x00000000 rid 313 GPUVA 0x10003d90000 cpu 10bf68000
[mtlr]   out: 0000010003d90000 000000010bf68000 000000010d65f6c0 0000000000000000
[mtlr]   out: 0000013900000000 0000000000004000 000000001220ab97 0000000000004f04
[mtlr] resource2 sel8 flags 470 sz 0x1000 -> kr 0x00000000 rid 313 GPUVA 0x10003d90000 cpu 10bf68000
[mtlr]   out: 0000010003d90000 000000010bf68000 000000010d65f6c0 0000000000000000
[mtlr]   out: 0000013900000000 0000000000004000 000000001220ab98 0000000000004f05
[mtlr] resource2 sel8 flags 470 sz 0x1000 -> kr 0x00000000 rid 313 GPUVA 0x10003d90000 cpu 10bf68000
[mtlr]   out: 0000010003d90000 000000010bf68000 000000010d65f6c0 0000000000000000
[mtlr]   out: 0000013900000000 0000000000004000 000000001220ab99 0000000000004f06
[mtlr] resource2 sel8 flags 470 sz 0x1000 -> kr 0x00000000 rid 313 GPUVA 0x10003d90000 cpu 10bf68000
[mtlr]   out: 0000010003d90000 000000010bf68000 000000010d65f6c0 0000000000000000
[mtlr]   out: 0000013900000000 0000000000004000 000000001220ab9a 0000000000004f07
[mtlr] resource2 sel8 flags 470 sz 0x1000 -> kr 0x00000000 rid 313 GPUVA 0x10003d90000 cpu 10bf68000
[mtlr]   out: 0000010003d90000 000000010bf68000 000000010d65f6c0 0000000000000000
[mtlr]   out: 0000013900000000 0000000000004000 000000001220ab9b 0000000000004f08
[mtlr] resource2 sel8 flags 470 sz 0x1000 -> kr 0x00000000 rid 313 GPUVA 0x10003d90000 cpu 10bf68000
[mtlr]   out: 0000010003d90000 000000010bf68000 000000010d65f6c0 0000000000000000
[mtlr]   out: 0000013900000000 0000000000004000 000000001220ab9c 0000000000004f09
[mtlr] resource2 sel8 flags 470 sz 0x1000 -> kr 0x00000000 rid 313 GPUVA 0x10003d90000 cpu 10bf68000
[mtlr]   out: 0000010003d90000 000000010bf68000 000000010d65f6c0 0000000000000000
[mtlr]   out: 0000013900000000 0000000000004000 000000001220ab9d 0000000000004f0a
[uatrec] S5 r1: destroy kr 0x00000000 + 40 junk — OOL reclaim wave (128 msgs)
[uatrec] S5 r1: 128 OOL msgs queued (8192 KB kernel) — draining blit
[uatrec] S5 r1: drained, cb status 4 — receiving + scanning
[uatrec] S5 r1: receive loop ended kr 0x10004003
[uatrec] S5 r1 summary: 128 received, 0 corrupted, 0x41 total 0 (no reclaim hit)
[uatrec] S5 r1 readback: src slots 10 patched to dead gpuvaV — commit
[uatrec] S5 r1 readback: st 4 | dead-gpuva content: 0x41 0 0x43 0 zero 65536 0x55 0 other 0 — ZEROED CONSUMER / NO WRITE
[mtlr] resource2 sel8 flags 470 sz 0x10000 -> kr 0x00000000 rid 328 GPUVA 0x10002c90000 cpu 10bf50000
[mtlr]   out: 0000010002c90000 000000010bf50000 000000010d65f600 0000000000000000
[mtlr]   out: 0000014800000000 0000000000010000 000000001220ae50 0000000000004f0f
[uatrec] S5 r2: victim rid 328 gv 0x10002c90000 slots 11 ridpatch 1 — commit, destroy+flush
[mtlr] resource2 sel8 flags 470 sz 0x1000 -> kr 0x00000000 rid 328 GPUVA 0x10004dc8000 cpu 10bf8c000
[mtlr]   out: 0000010004dc8000 000000010bf8c000 000000010d65f900 0000000000000000
[mtlr]   out: 0000014800000000 0000000000004000 000000001220aec7 0000000000004f12
[mtlr] resource2 sel8 flags 470 sz 0x1000 -> kr 0x00000000 rid 328 GPUVA 0x10004dc8000 cpu 10bf8c000
[mtlr]   out: 0000010004dc8000 000000010bf8c000 000000010d65f900 0000000000000000
[mtlr]   out: 0000014800000000 0000000000004000 000000001220aec8 0000000000004f13
[mtlr] resource2 sel8 flags 470 sz 0x1000 -> kr 0x00000000 rid 328 GPUVA 0x10004dc8000 cpu 10bf8c000
[mtlr]   out: 0000010004dc8000 000000010bf8c000 000000010d65f900 0000000000000000
[mtlr]   out: 0000014800000000 0000000000004000 000000001220aec9 0000000000004f14
[mtlr] resource2 sel8 flags 470 sz 0x1000 -> kr 0x00000000 rid 328 GPUVA 0x10004dc8000 cpu 10bf8c000
[mtlr]   out: 0000010004dc8000 000000010bf8c000 000000010d65f900 0000000000000000
[mtlr]   out: 0000014800000000 0000000000004000 000000001220aeca 0000000000004f15
[mtlr] resource2 sel8 flags 470 sz 0x1000 -> kr 0x00000000 rid 328 GPUVA 0x10004dc8000 cpu 10bf8c000
[mtlr]   out: 0000010004dc8000 000000010bf8c000 000000010d65f900 0000000000000000
[mtlr]   out: 0000014800000000 0000000000004000 000000001220aecb 0000000000004f16
[mtlr] resource2 sel8 flags 470 sz 0x1000 -> kr 0x00000000 rid 328 GPUVA 0x10004dc8000 cpu 10bf8c000
[mtlr]   out: 0000010004dc8000 000000010bf8c000 000000010d65f900 0000000000000000
[mtlr]   out: 0000014800000000 0000000000004000 000000001220aecc 0000000000004f17
[mtlr] resource2 sel8 flags 470 sz 0x1000 -> kr 0x00000000 rid 328 GPUVA 0x10004dc8000 cpu 10bf8c000
[mtlr]   out: 0000010004dc8000 000000010bf8c000 000000010d65f900 0000000000000000
[mtlr]   out: 0000014800000000 0000000000004000 000000001220aecd 0000000000004f18
[mtlr] resource2 sel8 flags 470 sz 0x1000 -> kr 0x00000000 rid 328 GPUVA 0x10004dc8000 cpu 10bf8c000
[mtlr]   out: 0000010004dc8000 000000010bf8c000 000000010d65f900 0000000000000000
[mtlr]   out: 0000014800000000 0000000000004000 000000001220aece 0000000000004f19
[mtlr] resource2 sel8 flags 470 sz 0x1000 -> kr 0x00000000 rid 328 GPUVA 0x10004dc8000 cpu 10bf8c000
[mtlr]   out: 0000010004dc8000 000000010bf8c000 000000010d65f900 0000000000000000
[mtlr]   out: 0000014800000000 0000000000004000 000000001220aecf 0000000000004f1a
[mtlr] resource2 sel8 flags 470 sz 0x1000 -> kr 0x00000000 rid 328 GPUVA 0x10004dc8000 cpu 10bf8c000
[mtlr]   out: 0000010004dc8000 000000010bf8c000 000000010d65f900 0000000000000000
[mtlr]   out: 0000014800000000 0000000000004000 000000001220aed0 0000000000004f1b
[mtlr] resource2 sel8 flags 470 sz 0x1000 -> kr 0x00000000 rid 328 GPUVA 0x10004dc8000 cpu 10bf8c000
[mtlr]   out: 0000010004dc8000 000000010bf8c000 000000010d65f900 0000000000000000
[mtlr]   out: 0000014800000000 0000000000004000 000000001220aed1 0000000000004f1c
[mtlr] resource2 sel8 flags 470 sz 0x1000 -> kr 0x00000000 rid 328 GPUVA 0x10004dc8000 cpu 10bf8c000
[mtlr]   out: 0000010004dc8000 000000010bf8c000 000000010d65f900 0000000000000000
[mtlr]   out: 0000014800000000 0000000000004000 000000001220aed2 0000000000004f1d
[mtlr] resource2 sel8 flags 470 sz 0x1000 -> kr 0x00000000 rid 328 GPUVA 0x10004dc8000 cpu 10bf8c000
[mtlr]   out: 0000010004dc8000 000000010bf8c000 000000010d65f900 0000000000000000
[mtlr]   out: 0000014800000000 0000000000004000 000000001220aed3 0000000000004f1e
[mtlr] resource2 sel8 flags 470 sz 0x1000 -> kr 0x00000000 rid 328 GPUVA 0x10004dc8000 cpu 10bf8c000
[mtlr]   out: 0000010004dc8000 000000010bf8c000 000000010d65f900 0000000000000000
[mtlr]   out: 0000014800000000 0000000000004000 000000001220aed4 0000000000004f1f
[mtlr] resource2 sel8 flags 470 sz 0x1000 -> kr 0x00000000 rid 328 GPUVA 0x10004dc8000 cpu 10bf8c000
[mtlr]   out: 0000010004dc8000 000000010bf8c000 000000010d65f900 0000000000000000
[mtlr]   out: 0000014800000000 0000000000004000 000000001220aed5 0000000000004f20
[mtlr] resource2 sel8 flags 470 sz 0x1000 -> kr 0x00000000 rid 328 GPUVA 0x10004dc8000 cpu 10bf8c000
[mtlr]   out: 0000010004dc8000 000000010bf8c000 000000010d65f900 0000000000000000
[mtlr]   out: 0000014800000000 0000000000004000 000000001220aed6 0000000000004f21
[mtlr] resource2 sel8 flags 470 sz 0x1000 -> kr 0x00000000 rid 328 GPUVA 0x10004dc8000 cpu 10bf8c000
[mtlr]   out: 0000010004dc8000 000000010bf8c000 000000010d65f900 0000000000000000
[mtlr]   out: 0000014800000000 0000000000004000 000000001220aed7 0000000000004f22
[mtlr] resource2 sel8 flags 470 sz 0x1000 -> kr 0x00000000 rid 328 GPUVA 0x10004dc8000 cpu 10bf8c000
[mtlr]   out: 0000010004dc8000 000000010bf8c000 000000010d65f900 0000000000000000
[mtlr]   out: 0000014800000000 0000000000004000 000000001220aed8 0000000000004f23
[mtlr] resource2 sel8 flags 470 sz 0x1000 -> kr 0x00000000 rid 328 GPUVA 0x10004dc8000 cpu 10bf8c000
[mtlr]   out: 0000010004dc8000 000000010bf8c000 000000010d65f900 0000000000000000
[mtlr]   out: 0000014800000000 0000000000004000 000000001220aed9 0000000000004f24
[mtlr] resource2 sel8 flags 470 sz 0x1000 -> kr 0x00000000 rid 328 GPUVA 0x10004dc8000 cpu 10bf8c000
[mtlr]   out: 0000010004dc8000 000000010bf8c000 000000010d65f900 0000000000000000
[mtlr]   out: 0000014800000000 0000000000004000 000000001220aeda 0000000000004f25
[mtlr] resource2 sel8 flags 470 sz 0x1000 -> kr 0x00000000 rid 328 GPUVA 0x10004dc8000 cpu 10bf8c000
[mtlr]   out: 0000010004dc8000 000000010bf8c000 000000010d65f900 0000000000000000
[mtlr]   out: 0000014800000000 0000000000004000 000000001220aedb 0000000000004f26
[mtlr] resource2 sel8 flags 470 sz 0x1000 -> kr 0x00000000 rid 328 GPUVA 0x10004dc8000 cpu 10bf8c000
[mtlr]   out: 0000010004dc8000 000000010bf8c000 000000010d65f900 0000000000000000
[mtlr]   out: 0000014800000000 0000000000004000 000000001220aedc 0000000000004f27
[mtlr] resource2 sel8 flags 470 sz 0x1000 -> kr 0x00000000 rid 328 GPUVA 0x10004dc8000 cpu 10bf8c000
[mtlr]   out: 0000010004dc8000 000000010bf8c000 000000010d65f900 0000000000000000
[mtlr]   out: 0000014800000000 0000000000004000 000000001220aedd 0000000000004f28
[mtlr] resource2 sel8 flags 470 sz 0x1000 -> kr 0x00000000 rid 328 GPUVA 0x10004dc8000 cpu 10bf8c000
[mtlr]   out: 0000010004dc8000 000000010bf8c000 000000010d65f900 0000000000000000
[mtlr]   out: 0000014800000000 0000000000004000 000000001220aede 0000000000004f29
[mtlr] resource2 sel8 flags 470 sz 0x1000 -> kr 0x00000000 rid 328 GPUVA 0x10004dc8000 cpu 10bf8c000
[mtlr]   out: 0000010004dc8000 000000010bf8c000 000000010d65f900 0000000000000000
[mtlr]   out: 0000014800000000 0000000000004000 000000001220aedf 0000000000004f2a
[mtlr] resource2 sel8 flags 470 sz 0x1000 -> kr 0x00000000 rid 328 GPUVA 0x10004dc8000 cpu 10bf8c000
[mtlr]   out: 0000010004dc8000 000000010bf8c000 000000010d65f900 0000000000000000
[mtlr]   out: 0000014800000000 0000000000004000 000000001220aee0 0000000000004f2b
[mtlr] resource2 sel8 flags 470 sz 0x1000 -> kr 0x00000000 rid 328 GPUVA 0x10004dc8000 cpu 10bf8c000
[mtlr]   out: 0000010004dc8000 000000010bf8c000 000000010d65f900 0000000000000000
[mtlr]   out: 0000014800000000 0000000000004000 000000001220aee1 0000000000004f2c
[mtlr] resource2 sel8 flags 470 sz 0x1000 -> kr 0x00000000 rid 328 GPUVA 0x10004dc8000 cpu 10bf8c000
[mtlr]   out: 0000010004dc8000 000000010bf8c000 000000010d65f900 0000000000000000
[mtlr]   out: 0000014800000000 0000000000004000 000000001220aee2 0000000000004f2d
[mtlr] resource2 sel8 flags 470 sz 0x1000 -> kr 0x00000000 rid 328 GPUVA 0x10004dc8000 cpu 10bf8c000
[mtlr]   out: 0000010004dc8000 000000010bf8c000 000000010d65f900 0000000000000000
[mtlr]   out: 0000014800000000 0000000000004000 000000001220aee3 0000000000004f2e
[mtlr] resource2 sel8 flags 470 sz 0x1000 -> kr 0x00000000 rid 328 GPUVA 0x10004dc8000 cpu 10bf8c000
[mtlr]   out: 0000010004dc8000 000000010bf8c000 000000010d65f900 0000000000000000
[mtlr]   out: 0000014800000000 0000000000004000 000000001220aee4 0000000000004f2f
[mtlr] resource2 sel8 flags 470 sz 0x1000 -> kr 0x00000000 rid 328 GPUVA 0x10004dc8000 cpu 10bf8c000
[mtlr]   out: 0000010004dc8000 000000010bf8c000 000000010d65f900 0000000000000000
[mtlr]   out: 0000014800000000 0000000000004000 000000001220aee5 0000000000004f30
[mtlr] resource2 sel8 flags 470 sz 0x1000 -> kr 0x00000000 rid 328 GPUVA 0x10004dc8000 cpu 10bf8c000
[mtlr]   out: 0000010004dc8000 000000010bf8c000 000000010d65f900 0000000000000000
[mtlr]   out: 0000014800000000 0000000000004000 000000001220aee6 0000000000004f31
[mtlr] resource2 sel8 flags 470 sz 0x1000 -> kr 0x00000000 rid 328 GPUVA 0x10004dc8000 cpu 10bf8c000
[mtlr]   out: 0000010004dc8000 000000010bf8c000 000000010d65f900 0000000000000000
[mtlr]   out: 0000014800000000 0000000000004000 000000001220aee7 0000000000004f32
[mtlr] resource2 sel8 flags 470 sz 0x1000 -> kr 0x00000000 rid 328 GPUVA 0x10004dc8000 cpu 10bf8c000
[mtlr]   out: 0000010004dc8000 000000010bf8c000 000000010d65f900 0000000000000000
[mtlr]   out: 0000014800000000 0000000000004000 000000001220aee8 0000000000004f33
[mtlr] resource2 sel8 flags 470 sz 0x1000 -> kr 0x00000000 rid 328 GPUVA 0x10004dc8000 cpu 10bf8c000
[mtlr]   out: 0000010004dc8000 000000010bf8c000 000000010d65f900 0000000000000000
[mtlr]   out: 0000014800000000 0000000000004000 000000001220aee9 0000000000004f34
[mtlr] resource2 sel8 flags 470 sz 0x1000 -> kr 0x00000000 rid 328 GPUVA 0x10004dc8000 cpu 10bf8c000
[mtlr]   out: 0000010004dc8000 000000010bf8c000 000000010d65f900 0000000000000000
[mtlr]   out: 0000014800000000 0000000000004000 000000001220aeea 0000000000004f35
[mtlr] resource2 sel8 flags 470 sz 0x1000 -> kr 0x00000000 rid 328 GPUVA 0x10004dc8000 cpu 10bf8c000
[mtlr]   out: 0000010004dc8000 000000010bf8c000 000000010d65f900 0000000000000000
[mtlr]   out: 0000014800000000 0000000000004000 000000001220aeeb 0000000000004f36
[mtlr] resource2 sel8 flags 470 sz 0x1000 -> kr 0x00000000 rid 328 GPUVA 0x10004dc8000 cpu 10bf8c000
[mtlr]   out: 0000010004dc8000 000000010bf8c000 000000010d65f900 0000000000000000
[mtlr]   out: 0000014800000000 0000000000004000 000000001220aeec 0000000000004f37
[mtlr] resource2 sel8 flags 470 sz 0x1000 -> kr 0x00000000 rid 328 GPUVA 0x10004dc8000 cpu 10bf8c000
[mtlr]   out: 0000010004dc8000 000000010bf8c000 000000010d65f900 0000000000000000
[mtlr]   out: 0000014800000000 0000000000004000 000000001220aeed 0000000000004f38
[mtlr] resource2 sel8 flags 470 sz 0x1000 -> kr 0x00000000 rid 328 GPUVA 0x10004dc8000 cpu 10bf8c000
[mtlr]   out: 0000010004dc8000 000000010bf8c000 000000010d65f900 0000000000000000
[mtlr]   out: 0000014800000000 0000000000004000 000000001220aeee 0000000000004f39
[uatrec] S5 r2: destroy kr 0x00000000 + 40 junk — OOL reclaim wave (128 msgs)
[uatrec] S5 r2: 128 OOL msgs queued (8192 KB kernel) — draining blit
[uatrec] S5 r2: drained, cb status 4 — receiving + scanning
[uatrec] S5 r2: receive loop ended kr 0x10004003
[uatrec] S5 r2 summary: 128 received, 0 corrupted, 0x41 total 0 (no reclaim hit)
[uatrec] S5 r2 readback: src slots 11 patched to dead gpuvaV — commit
[uatrec] S5 r2 readback: st 4 | dead-gpuva content: 0x41 0 0x43 0 zero 65536 0x55 0 other 0 — ZEROED CONSUMER / NO WRITE
[uatrec] done (alive)
[probe13] uatrec-only mode, stop
