[main] fuzz harness up, mode=scaler
[main] sandbox note: VCPDRM open is MACF-denied (iokit-open-user-client VCPDRMUserClient); mach-lookup com.apple.sprr / com.apple.jitbox exist but are sandbox-gated (seen in kernel log)
[open] AppleM2ScalerCSCDriver -> conn 0x5923
[scaler] conn 0x5923, s1 282 s2 295
[probe12] SetNotificationPort -> 0x00000000
[mtpatch] v89: in-place Metal cmdbuf patch (oob 1)
[mtpatch] gpuAddress A 0x10000080000 B 0x10000098000 C 0x100000b0000 | kcmd 100640000 seg 10063c000
[mtpatch] dest(B) hits in kcmd: 0
[mtls] kcmd+000: 0f 00 00 00 ac 00 00 00 00 00 00 00 00 00 00 00
[mtls] kcmd+010: 00 00 00 00 00 00 00 00 00 00 00 00 00 00 00 00
[mtls] kcmd+020: 00 00 00 00 00 00 00 00 00 00 00 00 00 00 00 00
[mtls] kcmd+030: 00 00 00 00 00 00 00 00 00 00 00 00 00 00 00 00
[mtls] kcmd+040: 00 00 00 00 00 00 00 00 00 00 00 00 00 00 00 00
[mtls] kcmd+050: 00 00 00 00 00 00 00 00 00 00 00 00 00 00 00 00
[mtls] kcmd+060: 00 00 00 00 00 00 00 00 00 00 00 00 00 00 00 00
[mtls] kcmd+070: 00 00 00 00 00 00 00 00 00 00 00 00 00 00 00 00
[mtls] kcmd+080: 00 00 00 00 00 00 00 00 00 00 00 00 00 00 00 00
[mtls] kcmd+090: 00 00 00 00 00 00 00 00 00 00 00 00 00 00 00 00
[mtls] kcmd+0a0: 00 00 00 00 00 00 00 00 00 00 00 00 00 00 01 00
[mtls] kcmd+0b0: 30 03 00 00 00 00 00 00 00 00 00 00 00 00 00 00
[mtls] kcmd+0c0: 00 00 00 00 00 00 00 00 00 00 00 00 00 00 00 00
[mtls] kcmd+0d0: 00 00 00 00 00 00 00 00 00 00 00 00 00 00 00 00
[mtls] kcmd+0e0: 00 00 00 00 00 00 00 00 00 00 00 00 00 00 00 00
[mtls] kcmd+0f0: 00 00 00 00 00 00 00 00 00 00 00 00 00 00 00 00
[mtls] kcmd+100: 00 00 00 00 00 00 00 00 00 00 00 00 00 00 00 00
[mtls] kcmd+110: 00 00 00 00 00 00 00 00 00 00 00 00 00 00 00 00
[mtls] kcmd+120: 00 00 00 00 00 00 00 00 00 00 00 00 00 00 00 00
[mtls] kcmd+130: 00 00 00 00 04 00 00 00 00 00 00 00 00 00 00 00
[mtls] kcmd+140: 00 00 00 00 00 00 00 00 00 00 00 00 00 00 00 00
[mtls] kcmd+150: 68 02 00 00 03 00 00 00 00 00 00 00 00 00 00 00
[mtls] kcmd+160: 00 00 00 00 00 00 00 00 00 00 00 00 00 00 00 00
[mtls] kcmd+170: 00 00 00 00 00 80 12 00 00 01 00 00 00 00 00 00
[mtls] kcmd+180: 00 00 00 00 00 00 00 00 00 00 00 00 00 00 00 00
[mtls] kcmd+190: 00 00 00 00 00 00 00 00 00 00 00 00 00 00 00 00
[mtls] kcmd+1a0: 00 00 00 00 00 00 00 00 00 00 00 00 00 00 00 00
[mtls] kcmd+1b0: 00 00 00 00 00 00 00 00 00 00 00 00 00 00 00 00
[mtls] kcmd+1c0: 00 00 00 00 00 00 00 00 00 00 00 00 00 80 13 00
[mtls] kcmd+1d0: 00 01 00 00 00 00 00 00 00 00 00 00 00 00 00 00
[mtls] kcmd+1e0: 00 00 00 00 80 94 13 00 00 01 00 00 88 94 13 00
[mtls] kcmd+1f0: 00 01 00 00 90 94 13 00 00 01 00 00 98 94 13 00
[mtls] kcmd+200: 00 01 00 00 01 00 00 00 00 00 00 00 00 00 00 00
[mtls] kcmd+210: 00 00 00 00 00 00 00 00 1c 00 00 00 00 00 00 00
[mtls] kcmd+220: 00 00 00 00 00 00 00 00 00 00 00 00 00 00 00 00
[mtls] kcmd+230: 00 00 00 00 00 00 00 00 00 00 00 00 00 00 00 00
[mtls] kcmd+240: 00 00 00 00 00 00 00 00 00 00 00 00 00 00 00 00
[mtls] kcmd+250: 00 00 00 00 00 00 00 00 00 00 00 00 00 00 00 00
[mtls] kcmd+260: 00 00 00 00 00 00 00 00 00 00 00 00 00 00 00 00
[mtls] kcmd+270: 00 00 00 00 00 00 00 00 00 00 00 00 00 00 00 00
[mtls] kcmd+280: 00 00 00 00 00 00 00 00 00 00 00 00 00 00 00 00
[mtls] kcmd+290: 00 00 00 00 00 00 00 00 00 00 00 00 00 00 00 00
[mtls] kcmd+2a0: 00 00 00 00 00 00 00 00 00 00 00 00 00 00 00 00
[mtls] kcmd+2b0: 00 00 00 00 00 00 00 00 00 00 00 00 00 00 00 00
[mtls] kcmd+2c0: 00 00 00 00 00 80 b2 00 00 00 00 00 00 80 05 01
[mtls] kcmd+2d0: 00 00 00 00 02 02 00 00 00 00 00 00 00 00 00 00
[mtls] kcmd+2e0: 00 00 00 00 00 00 00 00 00 00 00 00 00 00 00 00
[mtls] kcmd+2f0: 00 00 00 00 00 00 00 00 00 00 00 00 00 00 00 00
[mtls] kcmd+300: 00 00 00 00 00 00 00 00 00 00 00 00 00 00 00 00
[mtls] kcmd+310: 00 00 00 00 00 00 00 00 00 00 00 00 00 00 00 00
[mtls] kcmd+320: 00 00 00 00 00 00 00 00 00 00 00 00 00 00 00 00
[mtls] kcmd+330: 00 00 00 00 00 00 00 00 00 00 00 00 00 00 00 00
[mtls] kcmd+340: 00 00 00 00 00 00 00 00 00 00 00 00 00 00 00 00
[mtls] kcmd+350: 00 00 00 00 00 00 00 00 00 00 00 00 00 00 00 00
[mtls] kcmd+360: 00 00 00 00 00 00 00 00 00 00 00 00 00 00 00 00
[mtls] kcmd+370: 00 00 00 00 00 00 00 00 00 00 00 00 00 00 00 00
[mtls] kcmd+380: 00 00 00 00 00 00 00 00 00 00 00 00 00 00 00 00
[mtls] kcmd+390: 00 00 00 00 00 00 00 00 00 00 00 00 00 00 00 00
[mtls] kcmd+3a0: 00 00 00 00 00 00 00 00 00 00 00 00 00 00 00 00
[mtls] kcmd+3b0: 00 00 00 00 00 00 00 00 00 00 00 00 00 00 00 00
[mtls] kcmd+3c0: 00 00 00 00 00 00 00 00 00 00 00 00 00 00 00 00
[mtls] kcmd+3d0: 00 00 00 00 00 00 00 00 00 00 00 00 00 00 00 00
[mtls] kcmd+3e0: 00 00 00 00 00 00 00 00 00 00 00 00 00 00 00 00
[mtls] kcmd+3f0: 00 00 00 00 00 00 00 00 00 00 00 00 00 00 00 00
[mtls] kcmd+400: 00 00 00 00 00 00 00 00 00 00 00 00 00 00 00 00
[mtls] kcmd+410: 00 00 00 00 00 00 00 00 00 00 00 00 00 00 00 00
[mtls] kcmd+420: 00 00 00 00 00 00 00 00 00 00 00 00 00 00 00 00
[mtls] kcmd+430: 00 00 00 00 00 00 00 00 00 00 00 00 00 00 00 00
[mtls] kcmd+440: 00 00 00 00 00 00 00 00 00 00 00 00 00 00 00 00
[mtls] kcmd+450: 00 00 00 00 00 00 00 00 00 00 00 00 00 00 00 00
[mtls] kcmd+460: 00 00 00 00 00 00 00 00 00 00 00 00 00 00 00 00
[mtls] kcmd+470: 00 00 00 00 00 00 00 00 00 00 00 00 00 00 00 00
[mtls] kcmd+480: 00 00 00 00 00 00 00 00 00 00 00 00 00 00 00 00
[mtls] kcmd+490: 00 00 00 00 00 00 00 00 00 00 00 00 00 00 00 00
[mtls] kcmd+4a0: 00 00 00 00 00 00 00 00 00 00 00 00 00 00 00 00
[mtls] kcmd+4b0: 00 00 00 00 00 00 00 00 00 00 00 00 00 00 00 00
[mtls] kcmd+4c0: 00 00 00 00 00 00 00 00 00 00 00 00 00 00 00 00
[mtls] kcmd+4d0: 00 00 00 00 00 00 00 00 00 00 00 00 00 00 00 00
[mtls] kcmd+4e0: 00 00 00 00 00 00 00 00 00 00 00 00 00 00 00 00
[mtls] kcmd+4f0: 00 00 00 00 00 00 00 00 00 00 00 00 00 00 00 00
[mtpatch] pool hit 104fb8000+0x14a8: gpuB -> 0x10000180000
[mtpatch] pool hit 105400000+0x37428: gpuB -> 0x10000180000
[mtpatch] pool hit 105400000+0x1fe420: gpuB -> 0x10000180000
[mtpatch] pool hit 105400000+0x1fe460: gpuB -> 0x10000180000
[mtpatch] pool hit 105400000+0x37bcd8: gpuB -> 0x10000180000
[mtpatch] pool hit 107c00000+0x2e798: gpuB -> 0x10000180000
[mtpatch] pool hit 107c00000+0x33d08: gpuB -> 0x10000180000
[mtpatch] pool hit 107c00000+0x34f08: gpuB -> 0x10000180000
[mtpatch] pool hit 1701e8000+0x82820: gpuB -> 0x10000180000
[mtpatch] VM scan done (155 MB), patched 9 pool slots
[mtpatch] rids: bufB 22 (group @108) bufC guess 23
[mtpatch] residency: patched 1 rid slots 22 -> 23
[mtpatch] patched 9 slots total, dest -> 0x10000180000 (OOB)
[mtpatch] committing...
[mtpatch] committed, waiting...
[mtpatch] completed
[mtpatch] cb status 4
[mtpatch] readback: B 0x41 0 (expect 0) | C 0x41 0 nz 0 (expect 65536)
[mtpatch] no redirected write (B 0x41 0, C untouched)
[mtpatch] done (alive)
[probe13] mtpatch-only mode, stop
