[main] fuzz harness up, mode=scaler
[main] sandbox note: VCPDRM open is MACF-denied (iokit-open-user-client VCPDRMUserClient); mach-lookup com.apple.sprr / com.apple.jitbox exist but are sandbox-gated (seen in kernel log)
[open] AppleM2ScalerCSCDriver -> conn 0x6903
[scaler] conn 0x6903, s1 297 s2 298
[probe12] SetNotificationPort -> 0x00000000
[valh] v101 step 0
[open] AppleM2ScalerCSCDriver -> conn 0x6d03
[valh] fmt BGRA (ctrl): shot...
[valh] fmt BGRA (ctrl)  wire 0x00000000 | ctrl bad 0 | shot kr 0xe00002d6 bad 77792 first 00 00 00 00 00 00 00 00
[valh] fmt 24RGB: shot...
[valh] fmt 24RGB        wire 0xe00002c7 | ctrl bad 0 | shot kr 0xe00002c7 bad 0 first 00 00 00 00 00 00 00 00
[valh] fmt 24BGR: shot...
[valh] fmt 24BGR        wire 0xe00002c7 | ctrl bad 0 | shot kr 0xe00002c7 bad 0 first 00 00 00 00 00 00 00 00
[valh] fmt L008: shot...
[valh] fmt L008         wire 0x00000000 | ctrl bad 0 | shot kr 0xe00002d6 bad 19440 first 00 00 00 00 00 00 00 00
[valh] fmt 2C08: shot...
[valh] fmt 2C08         wire 0xe00002c7 | ctrl bad 0 | shot kr 0xe00002c7 bad 0 first 00 00 00 00 00 00 00 00
[valh] fmt 64RA: shot...
[valh] fmt 64RA         wire 0xe00002c7 | ctrl bad 0 | shot kr 0xe00002c7 bad 0 first 00 00 00 00 00 00 00 00
[valh] fmt b64a: shot...
[valh] fmt b64a         wire 0xe00002c7 | ctrl bad 0 | shot kr 0xe00002c7 bad 0 first 00 00 00 00 00 00 00 00
[valh] fmt L00h: shot...
[valh] fmt L00h         wire 0x00000000 | ctrl bad 0 | shot kr 0xe00002d6 bad 38896 first 00 00 00 00 00 00 00 00
[valh] fmt 420v: shot...
[valh] fmt 420v         wire 0x00000000 | ctrl bad 0 | shot kr 0xe00002d6 bad 24440 first 00 00 00 00 00 00 00 00
[valh] fmt 420f: shot...
[valh] fmt 420f         wire 0x00000000 | ctrl bad 0 | shot kr 0xe00002d6 bad 24440 first 00 00 00 00 00 00 00 00
[valh] done (alive)
[probe13] valhunt-only mode, stop
