[main] fuzz harness up, mode=scaler
[main] sandbox note: VCPDRM open is MACF-denied (iokit-open-user-client VCPDRMUserClient); mach-lookup com.apple.sprr / com.apple.jitbox exist but are sandbox-gated (seen in kernel log)
[open] AppleM2ScalerCSCDriver -> conn 0x6403
[scaler] conn 0x6403, s1 22 s2 23
[probe12] SetNotificationPort -> 0x00000000
[guaf] v105 step 2
[open] IOGPU -> conn 0x6603
[guaf] Metal conn 0x793f
[mtlr] resource2 sel8 flags 470 sz 0x10000 -> kr 0x00000000 rid 119 GPUVA 0x10002490000 cpu 10e2d4000
[mtlr]   out: 0000010002490000 000000010e2d4000 0000000104a7d940 0000000000000000
[mtlr]   out: 0000007700000000 0000000000010000 000000000c03c5a5 0000000000003843
[guaf] victim rid 119 gpuva 0x10002490000 cpu 0x10e2d4000
[guaf] patched 10 slots + rid(1) — committing, then destroy
[guaf] destroy rid 119 -> kr 0x00000000 (blit in flight)
[mtlr] resource2 sel8 flags 470 sz 0x10000 -> kr 0x00000000 rid 1 GPUVA 0x10000000000 cpu 10e3ec000
[mtlr]   out: 0000010000000000 000000010e3ec000 0000000104a5c0c0 0000000000000000
[mtlr]   out: 0000000100000000 0000000000010000 000000000c03c647 0000000000003889
[mtlr] resource2 sel8 flags 470 sz 0x10000 -> kr 0x00000000 rid 2 GPUVA 0x10000018000 cpu 110800000
[mtlr]   out: 0000010000018000 0000000110800000 0000000104a5c180 0000000000000000
[mtlr]   out: 0000000200000000 0000000000010000 000000000c03c648 000000000000388a
[mtlr] resource2 sel8 flags 470 sz 0x10000 -> kr 0x00000000 rid 3 GPUVA 0x10000030000 cpu 110810000
[mtlr]   out: 0000010000030000 0000000110810000 0000000104a5c240 0000000000000000
[mtlr]   out: 0000000300000000 0000000000010000 000000000c03c649 000000000000388b
[mtlr] resource2 sel8 flags 470 sz 0x10000 -> kr 0x00000000 rid 4 GPUVA 0x10000048000 cpu 110820000
[mtlr]   out: 0000010000048000 0000000110820000 0000000104a5c300 0000000000000000
[mtlr]   out: 0000000400000000 0000000000010000 000000000c03c64a 000000000000388c
[mtlr] resource2 sel8 flags 470 sz 0x10000 -> kr 0x00000000 rid 5 GPUVA 0x10000060000 cpu 110830000
[mtlr]   out: 0000010000060000 0000000110830000 0000000104a5c3c0 0000000000000000
[mtlr]   out: 0000000500000000 0000000000010000 000000000c03c64b 000000000000388d
[mtlr] resource2 sel8 flags 470 sz 0x10000 -> kr 0x00000000 rid 6 GPUVA 0x10000078000 cpu 110840000
[mtlr]   out: 0000010000078000 0000000110840000 0000000104a5c480 0000000000000000
[mtlr]   out: 0000000600000000 0000000000010000 000000000c03c64c 000000000000388e
[mtlr] resource2 sel8 flags 470 sz 0x10000 -> kr 0x00000000 rid 7 GPUVA 0x10000090000 cpu 110850000
[mtlr]   out: 0000010000090000 0000000110850000 0000000104a5c540 0000000000000000
[mtlr]   out: 0000000700000000 0000000000010000 000000000c03c64d 000000000000388f
[mtlr] resource2 sel8 flags 470 sz 0x10000 -> kr 0x00000000 rid 8 GPUVA 0x100000a8000 cpu 110860000
[mtlr]   out: 00000100000a8000 0000000110860000 0000000104a5c600 0000000000000000
[mtlr]   out: 0000000800000000 0000000000010000 000000000c03c64e 0000000000003890
[guaf] sprayed 8 reclaimers
[guaf] cb status 4 (completed/error)
