[main] fuzz harness up, mode=all
[main] sandbox note: VCPDRM open is MACF-denied (iokit-open-user-client VCPDRMUserClient); mach-lookup com.apple.sprr / com.apple.jitbox exist but are sandbox-gated (seen in kernel log)
[open] IOServiceOpen VCPDRMService failed: 0xe00002e2
[mig] bootstrap-name phase done; add learned names to cand_names[]
[open] service VCPDRMServiceUserClient not found
[vcpdrm] no connection, target dead
[open] AppleM2ScalerCSCDriver -> conn 0x7e0f
[scaler] conn 0x7e0f, s1 13 s2 14
[probe12] SetNotificationPort -> 0x00000000
[sdst] v151 scaler-foreign-dst probe: ids 1..200 step 1 fire 1
[open] AppleM2ScalerCSCDriver -> conn 0x7613
[sdst] src id 16, own dst id 17
[sdst] CONTROL own dst id 17 -> kr 0x00000000 (request shape is valid)
[sdst] CONTROL own dst + zero-fill shot (Y-wrap, H=dstH) -> kr 0xe00002c2
[sdst] CONTROL own surface after shot: 0 modified qwords — no write (0 bytes)
[sdst] known-owned ids (4):
[sdst]   own id 16
[sdst]   own id 17
[sdst]   own id 13
[sdst]   own id 14
[sdst] foreign id 1 -> kr 0xe00002f0 (other)
[sdst] foreign id 2 -> kr 0xe00002f0 (other)
[sdst] foreign id 3 -> kr 0xe00002f0 (other)
[sdst] foreign id 4 -> kr 0xe00002f0 (other)
[sdst] foreign id 5 -> kr 0xe00002f0 (other)
[sdst] foreign id 6 -> kr 0xe00002f0 (other)
[sdst] foreign id 7 -> kr 0xe00002f0 (other)
[sdst] foreign id 8 -> kr 0xe00002f0 (other)
[sdst] foreign id 9 -> kr 0xe00002f0 (other)
[sdst] foreign id 10 -> kr 0xe00002f0 (other)
[sdst] foreign id 11 -> kr 0xe00002f0 (other)
[sdst] foreign id 12 -> kr 0xe00002f0 (other)
[sdst] foreign id 15 -> kr 0xe00002f0 (other)
[sdst] foreign id 18 -> kr 0xe00002f0 (other)
[sdst] foreign id 19 -> kr 0xe00002f0 (other)
[sdst] foreign id 20 -> kr 0xe00002f0 (other)
[sdst] foreign id 21 -> kr 0xe00002f0 (other)
[sdst] foreign id 22 -> kr 0xe00002f0 (other)
[sdst] foreign id 23 -> kr 0xe00002f0 (other)
[sdst] foreign id 24 -> kr 0xe00002f0 (other)
[sdst] foreign id 25 -> kr 0xe00002f0 (other)
[sdst] foreign id 26 -> kr 0xe00002f0 (other)
[sdst] progress id 26 — foreign-accepted 0 refused 0 other 22 (own 4)
[sdst] foreign id 27 -> kr 0xe00002f0 (other)
[sdst] foreign id 28 -> kr 0xe00002f0 (other)
[sdst] foreign id 29 -> kr 0xe00002f0 (other)
[sdst] foreign id 30 -> kr 0xe00002f0 (other)
[sdst] foreign id 31 -> kr 0xe00002f0 (other)
[sdst] foreign id 32 -> kr 0xe00002f0 (other)
[sdst] foreign id 33 -> kr 0xe00002f0 (other)
[sdst] foreign id 34 -> kr 0xe00002f0 (other)
[sdst] foreign id 35 -> kr 0xe00002f0 (other)
[sdst] foreign id 36 -> kr 0xe00002f0 (other)
[sdst] foreign id 37 -> kr 0xe00002f0 (other)
[sdst] foreign id 38 -> kr 0xe00002f0 (other)
[sdst] foreign id 39 -> kr 0xe00002f0 (other)
[sdst] foreign id 40 -> kr 0xe00002f0 (other)
[sdst] foreign id 41 -> kr 0xe00002f0 (other)
[sdst] foreign id 42 -> kr 0xe00002f0 (other)
[sdst] foreign id 43 -> kr 0xe00002f0 (other)
[sdst] foreign id 44 -> kr 0xe00002f0 (other)
[sdst] foreign id 45 -> kr 0xe00002f0 (other)
[sdst] foreign id 46 -> kr 0xe00002f0 (other)
[sdst] foreign id 47 -> kr 0xe00002f0 (other)
[sdst] foreign id 48 -> kr 0xe00002f0 (other)
[sdst] foreign id 49 -> kr 0xe00002f0 (other)
[sdst] foreign id 50 -> kr 0xe00002f0 (other)
[sdst] foreign id 51 -> kr 0xe00002f0 (other)
[sdst] progress id 51 — foreign-accepted 0 refused 0 other 47 (own 4)
[sdst] foreign id 52 -> kr 0xe00002f0 (other)
[sdst] foreign id 53 -> kr 0xe00002f0 (other)
[sdst] foreign id 54 -> kr 0xe00002f0 (other)
[sdst] foreign id 55 -> kr 0xe00002f0 (other)
[sdst] foreign id 56 -> kr 0xe00002f0 (other)
[sdst] foreign id 57 -> kr 0xe00002f0 (other)
[sdst] foreign id 58 -> kr 0xe00002f0 (other)
[sdst] foreign id 59 -> kr 0xe00002f0 (other)
[sdst] foreign id 60 -> kr 0xe00002f0 (other)
[sdst] foreign id 61 -> kr 0xe00002f0 (other)
[sdst] foreign id 62 -> kr 0xe00002f0 (other)
[sdst] foreign id 63 -> kr 0xe00002f0 (other)
[sdst] foreign id 64 -> kr 0xe00002f0 (other)
[sdst] foreign id 65 -> kr 0xe00002f0 (other)
[sdst] foreign id 66 -> kr 0xe00002f0 (other)
[sdst] foreign id 67 -> kr 0xe00002f0 (other)
[sdst] foreign id 68 -> kr 0xe00002f0 (other)
[sdst] foreign id 69 -> kr 0xe00002f0 (other)
[sdst] foreign id 70 -> kr 0xe00002f0 (other)
[sdst] foreign id 71 -> kr 0xe00002f0 (other)
[sdst] foreign id 72 -> kr 0xe00002f0 (other)
[sdst] foreign id 73 -> kr 0xe00002f0 (other)
[sdst] foreign id 74 -> kr 0xe00002f0 (other)
[sdst] foreign id 75 -> kr 0xe00002f0 (other)
[sdst] foreign id 76 -> kr 0xe00002f0 (other)
[sdst] progress id 76 — foreign-accepted 0 refused 0 other 72 (own 4)
[sdst] foreign id 77 -> kr 0xe00002f0 (other)
[sdst] foreign id 78 -> kr 0xe00002f0 (other)
[sdst] foreign id 79 -> kr 0xe00002f0 (other)
[sdst] foreign id 80 -> kr 0xe00002f0 (other)
[sdst] foreign id 81 -> kr 0xe00002f0 (other)
[sdst] foreign id 82 -> kr 0xe00002f0 (other)
[sdst] foreign id 83 -> kr 0xe00002f0 (other)
[sdst] foreign id 84 -> kr 0xe00002f0 (other)
[sdst] foreign id 85 -> kr 0xe00002f0 (other)
[sdst] foreign id 86 -> kr 0xe00002f0 (other)
[sdst] foreign id 87 -> kr 0xe00002f0 (other)
[sdst] foreign id 88 -> kr 0xe00002f0 (other)
[sdst] foreign id 89 -> kr 0xe00002f0 (other)
[sdst] foreign id 90 -> kr 0xe00002f0 (other)
[sdst] foreign id 91 -> kr 0xe00002f0 (other)
[sdst] foreign id 92 -> kr 0xe00002f0 (other)
[sdst] foreign id 93 -> kr 0xe00002f0 (other)
[sdst] foreign id 94 -> kr 0xe00002f0 (other)
[sdst] foreign id 95 -> kr 0xe00002f0 (other)
[sdst] foreign id 96 -> kr 0xe00002f0 (other)
[sdst] foreign id 97 -> kr 0xe00002f0 (other)
[sdst] foreign id 98 -> kr 0xe00002f0 (other)
[sdst] foreign id 99 -> kr 0xe00002f0 (other)
[sdst] foreign id 100 -> kr 0xe00002f0 (other)
[sdst] foreign id 101 -> kr 0xe00002f0 (other)
[sdst] progress id 101 — foreign-accepted 0 refused 0 other 97 (own 4)
[sdst] foreign id 102 -> kr 0xe00002f0 (other)
[sdst] foreign id 103 -> kr 0xe00002f0 (other)
[sdst] foreign id 104 -> kr 0xe00002f0 (other)
[sdst] foreign id 105 -> kr 0xe00002f0 (other)
[sdst] foreign id 106 -> kr 0xe00002f0 (other)
[sdst] foreign id 107 -> kr 0xe00002f0 (other)
[sdst] foreign id 108 -> kr 0xe00002f0 (other)
[sdst] foreign id 109 -> kr 0xe00002f0 (other)
[sdst] foreign id 110 -> kr 0xe00002f0 (other)
[sdst] foreign id 111 -> kr 0xe00002f0 (other)
[sdst] foreign id 112 -> kr 0xe00002f0 (other)
[sdst] foreign id 113 -> kr 0xe00002f0 (other)
[sdst] foreign id 114 -> kr 0xe00002f0 (other)
[sdst] foreign id 115 -> kr 0xe00002f0 (other)
[sdst] foreign id 116 -> kr 0xe00002f0 (other)
[sdst] foreign id 117 -> kr 0xe00002f0 (other)
[sdst] foreign id 118 -> kr 0xe00002f0 (other)
[sdst] foreign id 119 -> kr 0xe00002f0 (other)
[sdst] foreign id 120 -> kr 0xe00002f0 (other)
[sdst] foreign id 121 -> kr 0xe00002f0 (other)
[sdst] foreign id 122 -> kr 0xe00002f0 (other)
[sdst] foreign id 123 -> kr 0xe00002f0 (other)
[sdst] foreign id 124 -> kr 0xe00002f0 (other)
[sdst] foreign id 125 -> kr 0xe00002f0 (other)
[sdst] foreign id 126 -> kr 0xe00002f0 (other)
[sdst] progress id 126 — foreign-accepted 0 refused 0 other 122 (own 4)
[sdst] foreign id 127 -> kr 0xe00002f0 (other)
[sdst] foreign id 128 -> kr 0xe00002f0 (other)
[sdst] foreign id 129 -> kr 0xe00002f0 (other)
[sdst] foreign id 130 -> kr 0xe00002f0 (other)
[sdst] foreign id 131 -> kr 0xe00002f0 (other)
[sdst] foreign id 132 -> kr 0xe00002f0 (other)
[sdst] foreign id 133 -> kr 0xe00002f0 (other)
[sdst] foreign id 134 -> kr 0xe00002f0 (other)
[sdst] foreign id 135 -> kr 0xe00002f0 (other)
[sdst] foreign id 136 -> kr 0xe00002f0 (other)
[sdst] foreign id 137 -> kr 0xe00002f0 (other)
[sdst] foreign id 138 -> kr 0xe00002f0 (other)
[sdst] foreign id 139 -> kr 0xe00002f0 (other)
[sdst] foreign id 140 -> kr 0xe00002f0 (other)
[sdst] foreign id 141 -> kr 0xe00002f0 (other)
[sdst] foreign id 142 -> kr 0xe00002f0 (other)
[sdst] foreign id 143 -> kr 0xe00002f0 (other)
[sdst] foreign id 144 -> kr 0xe00002f0 (other)
[sdst] foreign id 145 -> kr 0xe00002f0 (other)
[sdst] foreign id 146 -> kr 0xe00002f0 (other)
[sdst] foreign id 147 -> kr 0xe00002f0 (other)
[sdst] foreign id 148 -> kr 0xe00002f0 (other)
[sdst] foreign id 149 -> kr 0xe00002f0 (other)
[sdst] foreign id 150 -> kr 0xe00002f0 (other)
[sdst] foreign id 151 -> kr 0xe00002f0 (other)
[sdst] progress id 151 — foreign-accepted 0 refused 0 other 147 (own 4)
[sdst] foreign id 152 -> kr 0xe00002f0 (other)
[sdst] foreign id 153 -> kr 0xe00002f0 (other)
[sdst] foreign id 154 -> kr 0xe00002f0 (other)
[sdst] foreign id 155 -> kr 0xe00002f0 (other)
[sdst] foreign id 156 -> kr 0xe00002f0 (other)
[sdst] foreign id 157 -> kr 0xe00002f0 (other)
[sdst] foreign id 158 -> kr 0xe00002f0 (other)
[sdst] foreign id 159 -> kr 0xe00002f0 (other)
[sdst] foreign id 160 -> kr 0xe00002f0 (other)
[sdst] foreign id 161 -> kr 0xe00002f0 (other)
[sdst] foreign id 162 -> kr 0xe00002f0 (other)
[sdst] foreign id 163 -> kr 0xe00002f0 (other)
[sdst] foreign id 164 -> kr 0xe00002f0 (other)
[sdst] foreign id 165 -> kr 0xe00002f0 (other)
[sdst] foreign id 166 -> kr 0xe00002f0 (other)
[sdst] foreign id 167 -> kr 0xe00002f0 (other)
[sdst] foreign id 168 -> kr 0xe00002f0 (other)
[sdst] foreign id 169 -> kr 0xe00002f0 (other)
[sdst] foreign id 170 -> kr 0xe00002f0 (other)
[sdst] foreign id 171 -> kr 0xe00002f0 (other)
[sdst] foreign id 172 -> kr 0xe00002f0 (other)
[sdst] foreign id 173 -> kr 0xe00002f0 (other)
[sdst] foreign id 174 -> kr 0xe00002f0 (other)
[sdst] foreign id 175 -> kr 0xe00002f0 (other)
[sdst] foreign id 176 -> kr 0xe00002f0 (other)
[sdst] progress id 176 — foreign-accepted 0 refused 0 other 172 (own 4)
[sdst] foreign id 177 -> kr 0xe00002f0 (other)
[sdst] foreign id 178 -> kr 0xe00002f0 (other)
[sdst] foreign id 179 -> kr 0xe00002f0 (other)
[sdst] foreign id 180 -> kr 0xe00002f0 (other)
[sdst] foreign id 181 -> kr 0xe00002f0 (other)
[sdst] foreign id 182 -> kr 0xe00002f0 (other)
[sdst] foreign id 183 -> kr 0xe00002f0 (other)
[sdst] foreign id 184 -> kr 0xe00002f0 (other)
[sdst] foreign id 185 -> kr 0xe00002f0 (other)
[sdst] foreign id 186 -> kr 0xe00002f0 (other)
[sdst] foreign id 187 -> kr 0xe00002f0 (other)
[sdst] foreign id 188 -> kr 0xe00002f0 (other)
[sdst] foreign id 189 -> kr 0xe00002f0 (other)
[sdst] foreign id 190 -> kr 0xe00002f0 (other)
[sdst] foreign id 191 -> kr 0xe00002f0 (other)
[sdst] foreign id 192 -> kr 0xe00002f0 (other)
[sdst] foreign id 193 -> kr 0xe00002f0 (other)
[sdst] foreign id 194 -> kr 0xe00002f0 (other)
[sdst] foreign id 195 -> kr 0xe00002f0 (other)
[sdst] foreign id 196 -> kr 0xe00002f0 (other)
[sdst] foreign id 197 -> kr 0xe00002f0 (other)
[sdst] foreign id 198 -> kr 0xe00002f0 (other)
[sdst] foreign id 199 -> kr 0xe00002f0 (other)
[sdst] foreign id 200 -> kr 0xe00002f0 (other)
[sdst] summary: FOREIGN accepted 0 | refused(0x2c2/2bc) 0 | other 196 | own-ids-in-range 4 | range 1..200
[sdst] verdict: scaler's find_surface gate holds for foreign dst ids
[sdst] done (alive)
[probe13] scalerdst-only mode, stop
