01:46:47  Acquired tunnel connection to device.
01:46:47  Enabling developer disk image services.
01:46:47  Acquired usage assertion.
Launched application with cancer9725.turquoise1323 bundle identifier.
Waiting for the application to terminate…
[main] fuzz harness up, mode=all
[main] sandbox note: VCPDRM open is MACF-denied (iokit-open-user-client VCPDRMUserClient); mach-lookup com.apple.sprr / com.apple.jitbox exist but are sandbox-gated (seen in kernel log)
[open] IOServiceOpen VCPDRMService failed: 0xe00002e2
[open] service VCPDRMServiceUserClient not found
[vcpdrm] no connection, target dead
[mig] bootstrap-name phase done; add learned names to cand_names[]
[open] AppleM2ScalerCSCDriver -> conn 0x6903
[scaler] conn 0x6903, s1 22 s2 24
[probe12] SetNotificationPort -> 0x00000000
[v72] resource GPUVA discovery
[open] IOGPU -> conn 0x6b03
[gv] f16 00 -> kr 0x00000000 out:
[gv]   +00: 0000010000004000 0000000000000000 00000001003c80c0 0000000000000000
[gv]   +20: 0000000100000000 0000000000004000 000000001004ce41 000000000000a022
[gv]   +40: 0000000000000000 0000000000000000 0000000000000000 0000000000000000
[gv] f16 01 -> kr 0x00000000 out:
[gv]   +00: 000001000000c000 0000000000000000 00000001003c8180 0000000000000000
[gv]   +20: 0000000200000000 0000000000004000 000000001004ce42 000000000000a023
[gv]   +40: 0000000000000000 0000000000000000 0000000000000000 0000000000000000
[gv] f16 02 -> kr 0x00000000 out:
[gv]   +00: 0000010000014000 0000000000000000 00000001003c8240 0000000000000000
[gv]   +20: 0000000300000000 0000000000004000 000000001004ce43 000000000000a024
[gv]   +40: 0000000000000000 0000000000000000 0000000000000000 0000000000000000
[gv] f16 03 -> kr 0x00000000 out:
[gv]   +00: 000001000001c000 0000000000000000 00000001003c8300 0000000000000000
[gv]   +20: 0000000400000000 0000000000004000 000000001004ce57 000000000000a025
[gv]   +40: 0000000000000000 0000000000000000 0000000000000000 0000000000000000
[gv] f16 06 -> kr 0x00000000 out:
[gv]   +00: 0000010000024000 0000000000000000 00000001003c83c0 0000000000000000
[gv]   +20: 0000000500000000 0000000000004000 000000001004ce58 000000000000a026
[gv]   +40: 0000000000000000 0000000000000000 0000000000000000 0000000000000000
[gv] f16 07 -> kr 0x00000000 out:
[gv]   +00: 000001000002c000 0000000000000000 00000001003c8480 0000000000000000
[gv]   +20: 0000000600000000 0000000000004000 000000001004ce59 000000000000a027
[gv]   +40: 0000000000000000 0000000000000000 0000000000000000 0000000000000000
[v72] done
[v70] blit write replay
[open] IOGPU -> conn 0x5b13
[sm] resource buf 0x1076e4000 sz 0x4000 -> kr 0x00000000 rid 1 off32 4000
[sm] resource buf 0x1076e8000 sz 0x4000 -> kr 0x00000000 rid 2 off32 c000
[sm] resource buf 0x1076ec000 sz 0x4000 -> kr 0x00000000 rid 3 off32 14000
[sm] resource buf 0x1076f0000 sz 0x4000 -> kr 0x00000000 rid 4 off32 1c000
[sm] resource buf 0x1076f4000 sz 0x4000 -> kr 0x00000000 rid 5 off32 24000
[sm] resource buf 0x1076f8000 sz 0x4000 -> kr 0x00000000 rid 6 off32 2c000
[sm] resource buf 0x1076fc000 sz 0x4000 -> kr 0x00000000 rid 7 off32 34000
[sm] resource buf 0x107700000 sz 0x4000 -> kr 0x00000000 rid 8 off32 3c000
[sm] resource buf 0x107704000 sz 0x4000 -> kr 0x00000000 rid 9 off32 44000
[sm] resource buf 0x107708000 sz 0x4000 -> kr 0x00000000 rid 10 off32 4c000
[sm] resource buf 0x10770c000 sz 0x4000 -> kr 0x00000000 rid 11 off32 54000
[sm] resource buf 0x107710000 sz 0x4000 -> kr 0x00000000 rid 12 off32 5c000
[sm] resource buf 0x107714000 sz 0x4000 -> kr 0x00000000 rid 13 off32 64000
[sm] resource buf 0x107718000 sz 0x4000 -> kr 0x00000000 rid 14 off32 6c000
[sm] resource buf 0x10771c000 sz 0x4000 -> kr 0x00000000 rid 15 off32 74000
[sm] resource buf 0x107720000 sz 0x4000 -> kr 0x00000000 rid 16 off32 7c000
[sm] resource buf 0x107724000 sz 0x4000 -> kr 0x00000000 rid 17 off32 84000
[sm] resource buf 0x107728000 sz 0x4000 -> kr 0x00000000 rid 18 off32 8c000
[sm] resource buf 0x10772c000 sz 0x4000 -> kr 0x00000000 rid 19 off32 94000
[sm] resource buf 0x107730000 sz 0x4000 -> kr 0x00000000 rid 20 off32 9c000
[sm] resource buf 0x107734000 sz 0x4000 -> kr 0x00000000 rid 21 off32 a4000
[sm] resource buf 0x107738000 sz 0x4000 -> kr 0x00000000 rid 22 off32 ac000
[sm] resource buf 0x10773c000 sz 0x4000 -> kr 0x00000000 rid 23 off32 b4000
[sm] resource buf 0x107740000 sz 0x4000 -> kr 0x00000000 rid 24 off32 bc000
[sm] resource buf 0x107744000 sz 0x4000 -> kr 0x00000000 rid 25 off32 c4000
[sm] resource buf 0x107748000 sz 0x4000 -> kr 0x00000000 rid 26 off32 cc000
[sm] resource buf 0x10774c000 sz 0x4000 -> kr 0x00000000 rid 27 off32 d4000
[sm] resource buf 0x107750000 sz 0x4000 -> kr 0x00000000 rid 28 off32 dc000
[sm] resource buf 0x107754000 sz 0x4000 -> kr 0x00000000 rid 29 off32 e4000
[sm] resource buf 0x107758000 sz 0x4000 -> kr 0x00000000 rid 30 off32 ec000
[sm] resource buf 0x10775c000 sz 0x4000 -> kr 0x00000000 rid 31 off32 f4000
[sm] resource buf 0x107760000 sz 0x4000 -> kr 0x00000000 rid 32 off32 fc000
[sm] resource buf 0x107764000 sz 0x4000 -> kr 0x00000000 rid 33 off32 104000
[sm] resource buf 0x107768000 sz 0x4000 -> kr 0x00000000 rid 34 off32 10c000
[sm] resource buf 0x10776c000 sz 0x4000 -> kr 0x00000000 rid 35 off32 114000
[sm] resource buf 0x107770000 sz 0x4000 -> kr 0x00000000 rid 36 off32 11c000
[sm] resource buf 0x107774000 sz 0x4000 -> kr 0x00000000 rid 37 off32 124000
[sm] resource buf 0x107778000 sz 0x4000 -> kr 0x00000000 rid 38 off32 12c000
[sm] resource buf 0x10777c000 sz 0x4000 -> kr 0x00000000 rid 39 off32 134000
[sm] resource buf 0x107780000 sz 0x4000 -> kr 0x00000000 rid 40 off32 13c000
[bw] created 40 target resources
[s4] sel12 size 0x4000 -> kr 0x00000000 va 107788000 id 1
[s4] sel12 size 0x4000 -> kr 0x00000000 va 107790000 id 2
[bw] sweep at 0x100000000 alive
[bw] sweep at 0x100100000 alive
[v70] sweep done (alive)
[v70] done (alive)
[v68] full AGFI submit
[open] IOGPU -> conn 0x4f57
[s4] sel12 size 0x4000 -> kr 0x00000000 va 1077cc000 id 1
[s4] sel12 size 0x4000 -> kr 0x00000000 va 1077d4000 id 2
[sm] resource buf 0x1077d8000 sz 0x10000 -> kr 0x00000000 rid 1 off32 10000
[fu] target resource rid 1, candidate GPUVA 0x100010000
[fu] GPUVA 0x100010000 -> kr 0x00000000 outw 00000000, target 5A 0
[fu] GPUVA 0x100020000 -> kr 0x00000000 outw 00000000, target 5A 0
[fu] GPUVA 0x100030000 -> kr 0x00000000 outw 00000000, target 5A 0
[fu] GPUVA 0x100040000 -> kr 0x00000000 outw 00000000, target 5A 0
[fu] GPUVA 0x100008000 -> kr 0x00000000 outw 00000000, target 5A 0
[fu] GPUVA 0x10000c000 -> kr 0x00000000 outw 00000000, target 5A 0
[fu] GPUVA 0x100000000 -> kr 0x00000000 outw 00000000, target 5A 0
[v69] done (alive)
[v67] faithful AGFI replay
[open] IOGPU -> conn 0x4807
[s4] sel12 size 0x4000 -> kr 0x00000000 va 10781c000 id 1
[s4] sel12 size 0x4000 -> kr 0x00000000 va 107824000 id 2
[sm] resource buf 0x10782c000 sz 0x10000 -> kr 0x00000000 rid 1 off32 10000
[fu] target resource rid 1, candidate GPUVA 0x100010000
[fr] observer nq va 0x10784c000
[fr] faithful submit -> kr 0x00000000 outw 00000000
[fr] nq dump after submit:
[fr]   +00: 14 14 00 00 00 00 00 00 00 00 00 00 00 00 00 00
[fr]   +10: 00 00 00 00 00 00 00 00 00 00 00 00 00 00 00 00
[fr]   +20: 00 00 00 00 00 00 00 00 00 00 00 00 00 00 00 00
[fr]   +30: 00 00 00 00 00 00 00 00 00 00 00 00 00 00 00 00
[v67] done (alive)
[v66] AGFI reconstruction submit
[open] IOGPU -> conn 0x370b
[s4] sel12 size 0x4000 -> kr 0x00000000 va 107874000 id 1
[s4] sel12 size 0x4000 -> kr 0x00000000 va 10787c000 id 2
[rc] recon submit -> kr 0x00000000 outw 0000000a
[v66] done (alive)
[v65] AGX command replay
[open] IOGPU -> conn 0x3213
[s4] sel12 size 0x4000 -> kr 0x00000000 va 1078ac000 id 1
[s4] sel12 size 0x4000 -> kr 0x00000000 va 1078b4000 id 2
[rp] replay submit -> kr 0x00000000 outw 0000000a
[v65] done (alive)
[v64] AGX tail crafting
[open] IOGPU -> conn 0x1313
[s4] sel12 size 0x8000 -> kr 0x00000000 va 1078e4000 id 1
[s4] sel12 size 0x4000 -> kr 0x00000000 va 1078f0000 id 2
[tl] r0 subtype 1 -> kr 0x00000000 outw 0000000a
[tl] r1 subtype 2 -> kr 0x00000000 outw 0000000a
[tl] r2 subtype 1 -> kr 0x00000000 outw 0000000a
[tl] r3 subtype 2 -> kr 0x00000000 outw 0000000a
[tl] r200000 alive
[tl] r400000 alive
[tl] r600000 alive
[tl] r800000 alive
[tl] r1000000 alive
[tl] r1200000 alive
[tl] r1400000 alive
[tl] r1600000 alive
[tl] r1800000 alive
[tl] r2000000 alive
[tl] r2200000 alive
[tl] r2400000 alive
[tl] r2600000 alive
[tl] r2800000 alive
[tl] r3000000 alive
[tl] r3200000 alive
[tl] r3400000 alive
[tl] r3600000 alive
[tl] r3800000 alive
[tl] r4000000 alive
[tl] r4200000 alive
[tl] r4400000 alive
[tl] r4600000 alive
[tl] r4800000 alive
[tl] r5000000 alive
[tl] r5200000 alive
[tl] r5400000 alive
[tl] r5600000 alive
[tl] r5800000 alive
[tl] r6000000 alive
[tl] r6200000 alive
[tl] r6400000 alive
[tl] r6600000 alive
[tl] r6800000 alive
[tl] r7000000 alive
[tl] r7200000 alive
[tl] r7400000 alive
[tl] r7600000 alive
[tl] r7800000 alive
[tl] r8000000 alive
[tl] r8200000 alive
[tl] r8400000 alive
[tl] r8600000 alive
[tl] r8800000 alive
[tl] r9000000 alive
[tl] r9200000 alive
[tl] r9400000 alive
[tl] r9600000 alive
[tl] r9800000 alive
[tl] r10000000 alive
[tl] r10200000 alive
[tl] r10400000 alive
[tl] r10600000 alive
[tl] r10800000 alive
[tl] r11000000 alive
[tl] r11200000 alive
[tl] r11400000 alive
[tl] r11600000 alive
[tl] r11800000 alive
[tl] r12000000 alive
[tl] r12200000 alive
[tl] r12400000 alive
[tl] r12600000 alive
[tl] r12800000 alive
[tl] r13000000 alive
[tl] r13200000 alive
[tl] r13400000 alive
[tl] r13600000 alive
[tl] r13800000 alive
[tl] r14000000 alive
[tl] r14200000 alive
[tl] r14400000 alive
[tl] r14600000 alive
[tl] r14800000 alive
[tl] r15000000 alive
[tl] r15200000 alive
[tl] r15400000 alive
[tl] r15600000 alive
[tl] r15800000 alive
[tl] r16000000 alive
[tl] r16200000 alive
[tl] r16400000 alive
[tl] r16600000 alive
[tl] r16800000 alive
[tl] r17000000 alive
[tl] r17200000 alive
[tl] r17400000 alive
App terminated due to signal 9.
