01:53:45  Acquired tunnel connection to device.
01:53:45  Enabling developer disk image services.
01:53:45  Acquired usage assertion.
Launched application with cancer9725.turquoise1323 bundle identifier.
Waiting for the application to terminate…
[main] fuzz harness up, mode=all
[main] sandbox note: VCPDRM open is MACF-denied (iokit-open-user-client VCPDRMUserClient); mach-lookup com.apple.sprr / com.apple.jitbox exist but are sandbox-gated (seen in kernel log)
[mig] bootstrap-name phase done; add learned names to cand_names[]
[open] IOServiceOpen VCPDRMService failed: 0xe00002e2
[open] service VCPDRMServiceUserClient not found
[vcpdrm] no connection, target dead
[open] AppleM2ScalerCSCDriver -> conn 0x6e07
[scaler] conn 0x6e07, s1 22 s2 24
[probe12] SetNotificationPort -> 0x00000000
[v74] sel45 GPU mapping
[open] IOGPU -> conn 0x6603
[m45] nqid 1 vmid 1 attach 0x00000000
[m45] f16 00 rid 1: sel45 -> kr 0xe00002c2
[m45] f16 01 rid 2: sel45 -> kr 0xe00002c2
[m45] f16 02 rid 3: sel45 -> kr 0xe00002c2
[m45] f16 03 rid 4: sel45 -> kr 0xe00002c2
[m45] f16 06 rid 5: sel45 -> kr 0xe00002c2
[m45] f16 07 rid 6: sel45 -> kr 0xe00002c2
[m45] f16 40 rid 7: sel45 -> kr 0xe00002c2
[m45] f16 42 rid 8: sel45 -> kr 0xe00002c2
[v74] done (alive)
[v73] IORegistry IOGPUResource dump
[rg] IOGPUResource: none
[rg] IOGPUSysMemory: none
[rg] AGXDevice: none
[rg] IOGPUDevice: none
[v73] done
[v72] resource GPUVA discovery
[open] IOGPU -> conn 0x6c07
[gv] f16 00 -> kr 0x00000000 out:
[gv]   +00: 0000010000004000 0000000000000000 0000000102a900c0 0000000000000000
[gv]   +20: 0000000100000000 0000000000004000 000000001004efca 000000000000aa80
[gv]   +40: 0000000000000000 0000000000000000 0000000000000000 0000000000000000
[gv] f16 01 -> kr 0x00000000 out:
[gv]   +00: 000001000000c000 0000000000000000 0000000102a90180 0000000000000000
[gv]   +20: 0000000200000000 0000000000004000 000000001004efcb 000000000000aa81
[gv]   +40: 0000000000000000 0000000000000000 0000000000000000 0000000000000000
[gv] f16 02 -> kr 0x00000000 out:
[gv]   +00: 0000010000014000 0000000000000000 0000000102a90240 0000000000000000
[gv]   +20: 0000000300000000 0000000000004000 000000001004efcc 000000000000aa82
[gv]   +40: 0000000000000000 0000000000000000 0000000000000000 0000000000000000
[gv] f16 03 -> kr 0x00000000 out:
[gv]   +00: 000001000001c000 0000000000000000 0000000102a90300 0000000000000000
[gv]   +20: 0000000400000000 0000000000004000 000000001004efcd 000000000000aa83
[gv]   +40: 0000000000000000 0000000000000000 0000000000000000 0000000000000000
[gv] f16 06 -> kr 0x00000000 out:
[gv]   +00: 0000010000024000 0000000000000000 0000000102a903c0 0000000000000000
[gv]   +20: 0000000500000000 0000000000004000 000000001004efce 000000000000aa84
[gv]   +40: 0000000000000000 0000000000000000 0000000000000000 0000000000000000
[gv] f16 07 -> kr 0x00000000 out:
[gv]   +00: 000001000002c000 0000000000000000 0000000102a90480 0000000000000000
[gv]   +20: 0000000600000000 0000000000004000 000000001004efcf 000000000000aa85
[gv]   +40: 0000000000000000 0000000000000000 0000000000000000 0000000000000000
[v72] done
[v70] blit write replay
[open] IOGPU -> conn 0x7a4b
[sm] resource buf 0x109f94000 sz 0x4000 -> kr 0x00000000 rid 1 off32 4000
[sm] resource buf 0x109f98000 sz 0x4000 -> kr 0x00000000 rid 2 off32 c000
[sm] resource buf 0x109f9c000 sz 0x4000 -> kr 0x00000000 rid 3 off32 14000
[sm] resource buf 0x109fa0000 sz 0x4000 -> kr 0x00000000 rid 4 off32 1c000
[sm] resource buf 0x109fa4000 sz 0x4000 -> kr 0x00000000 rid 5 off32 24000
[sm] resource buf 0x109fa8000 sz 0x4000 -> kr 0x00000000 rid 6 off32 2c000
[sm] resource buf 0x109fac000 sz 0x4000 -> kr 0x00000000 rid 7 off32 34000
[sm] resource buf 0x109fb0000 sz 0x4000 -> kr 0x00000000 rid 8 off32 3c000
[sm] resource buf 0x109fb4000 sz 0x4000 -> kr 0x00000000 rid 9 off32 44000
[sm] resource buf 0x109fb8000 sz 0x4000 -> kr 0x00000000 rid 10 off32 4c000
[sm] resource buf 0x109fbc000 sz 0x4000 -> kr 0x00000000 rid 11 off32 54000
[sm] resource buf 0x109fc0000 sz 0x4000 -> kr 0x00000000 rid 12 off32 5c000
[sm] resource buf 0x109fc4000 sz 0x4000 -> kr 0x00000000 rid 13 off32 64000
[sm] resource buf 0x109fc8000 sz 0x4000 -> kr 0x00000000 rid 14 off32 6c000
[sm] resource buf 0x109fcc000 sz 0x4000 -> kr 0x00000000 rid 15 off32 74000
[sm] resource buf 0x109fd0000 sz 0x4000 -> kr 0x00000000 rid 16 off32 7c000
[sm] resource buf 0x109fd4000 sz 0x4000 -> kr 0x00000000 rid 17 off32 84000
[sm] resource buf 0x109fd8000 sz 0x4000 -> kr 0x00000000 rid 18 off32 8c000
[sm] resource buf 0x109fdc000 sz 0x4000 -> kr 0x00000000 rid 19 off32 94000
[sm] resource buf 0x109fe0000 sz 0x4000 -> kr 0x00000000 rid 20 off32 9c000
[sm] resource buf 0x109fe4000 sz 0x4000 -> kr 0x00000000 rid 21 off32 a4000
[sm] resource buf 0x109fe8000 sz 0x4000 -> kr 0x00000000 rid 22 off32 ac000
[sm] resource buf 0x109fec000 sz 0x4000 -> kr 0x00000000 rid 23 off32 b4000
[sm] resource buf 0x109ff0000 sz 0x4000 -> kr 0x00000000 rid 24 off32 bc000
[sm] resource buf 0x109ff4000 sz 0x4000 -> kr 0x00000000 rid 25 off32 c4000
[sm] resource buf 0x109ff8000 sz 0x4000 -> kr 0x00000000 rid 26 off32 cc000
[sm] resource buf 0x109ffc000 sz 0x4000 -> kr 0x00000000 rid 27 off32 d4000
[sm] resource buf 0x10a000000 sz 0x4000 -> kr 0x00000000 rid 28 off32 dc000
[sm] resource buf 0x10a004000 sz 0x4000 -> kr 0x00000000 rid 29 off32 e4000
[sm] resource buf 0x10a008000 sz 0x4000 -> kr 0x00000000 rid 30 off32 ec000
[sm] resource buf 0x10a00c000 sz 0x4000 -> kr 0x00000000 rid 31 off32 f4000
[sm] resource buf 0x10a010000 sz 0x4000 -> kr 0x00000000 rid 32 off32 fc000
[sm] resource buf 0x10a014000 sz 0x4000 -> kr 0x00000000 rid 33 off32 104000
[sm] resource buf 0x10a018000 sz 0x4000 -> kr 0x00000000 rid 34 off32 10c000
[sm] resource buf 0x10a01c000 sz 0x4000 -> kr 0x00000000 rid 35 off32 114000
[sm] resource buf 0x10a020000 sz 0x4000 -> kr 0x00000000 rid 36 off32 11c000
[sm] resource buf 0x10a024000 sz 0x4000 -> kr 0x00000000 rid 37 off32 124000
[sm] resource buf 0x10a028000 sz 0x4000 -> kr 0x00000000 rid 38 off32 12c000
[sm] resource buf 0x10a02c000 sz 0x4000 -> kr 0x00000000 rid 39 off32 134000
[sm] resource buf 0x10a030000 sz 0x4000 -> kr 0x00000000 rid 40 off32 13c000
[bw] created 40 target resources
[s4] sel12 size 0x4000 -> kr 0x00000000 va 10a038000 id 1
[s4] sel12 size 0x4000 -> kr 0x00000000 va 10a040000 id 2
[bw] sweep at 0x100000000 alive
[bw] sweep at 0x100100000 alive
[v70] sweep done (alive)
[v70] done (alive)
[v68] full AGFI submit
[open] IOGPU -> conn 0x5533
[s4] sel12 size 0x4000 -> kr 0x00000000 va 10a07c000 id 1
[s4] sel12 size 0x4000 -> kr 0x00000000 va 10a084000 id 2
[sm] resource buf 0x10a088000 sz 0x10000 -> kr 0x00000000 rid 1 off32 10000
[fu] target resource rid 1, candidate GPUVA 0x100010000
[fu] GPUVA 0x100010000 -> kr 0x00000000 outw 00000000, target 5A 0
[fu] GPUVA 0x100020000 -> kr 0x00000000 outw 00000000, target 5A 0
[fu] GPUVA 0x100030000 -> kr 0x00000000 outw 00000000, target 5A 0
[fu] GPUVA 0x100040000 -> kr 0x00000000 outw 00000000, target 5A 0
[fu] GPUVA 0x100008000 -> kr 0x00000000 outw 00000000, target 5A 0
[fu] GPUVA 0x10000c000 -> kr 0x00000000 outw 00000000, target 5A 0
[fu] GPUVA 0x100000000 -> kr 0x00000000 outw 00000000, target 5A 0
[v69] done (alive)
[v67] faithful AGFI replay
[open] IOGPU -> conn 0x4e0f
[s4] sel12 size 0x4000 -> kr 0x00000000 va 10a0cc000 id 1
[s4] sel12 size 0x4000 -> kr 0x00000000 va 10a0d4000 id 2
[sm] resource buf 0x10a0dc000 sz 0x10000 -> kr 0x00000000 rid 1 off32 10000
[fu] target resource rid 1, candidate GPUVA 0x100010000
[fr] observer nq va 0x10a0fc000
[fr] faithful submit -> kr 0x00000000 outw 00000000
[fr] nq dump after submit:
[fr]   +00: 14 14 00 00 00 00 00 00 00 00 00 00 00 00 00 00
[fr]   +10: 00 00 00 00 00 00 00 00 00 00 00 00 00 00 00 00
[fr]   +20: 00 00 00 00 00 00 00 00 00 00 00 00 00 00 00 00
[fr]   +30: 00 00 00 00 00 00 00 00 00 00 00 00 00 00 00 00
[v67] done (alive)
[v66] AGFI reconstruction submit
[open] IOGPU -> conn 0x681b
[s4] sel12 size 0x4000 -> kr 0x00000000 va 10a124000 id 1
[s4] sel12 size 0x4000 -> kr 0x00000000 va 10a12c000 id 2
[rc] recon submit -> kr 0x00000000 outw 0000000a
[v66] done (alive)
[v65] AGX command replay
[open] IOGPU -> conn 0x1113
[s4] sel12 size 0x4000 -> kr 0x00000000 va 10a15c000 id 1
[s4] sel12 size 0x4000 -> kr 0x00000000 va 10a164000 id 2
[rp] replay submit -> kr 0x00000000 outw 0000000a
[v65] done (alive)
[v64] AGX tail crafting
[open] IOGPU -> conn 0x2707
[s4] sel12 size 0x8000 -> kr 0x00000000 va 10a194000 id 1
[s4] sel12 size 0x4000 -> kr 0x00000000 va 10a1a0000 id 2
[tl] r0 subtype 1 -> kr 0x00000000 outw 0000000a
[tl] r1 subtype 2 -> kr 0x00000000 outw 0000000a
[tl] r2 subtype 1 -> kr 0x00000000 outw 0000000a
[tl] r3 subtype 2 -> kr 0x00000000 outw 0000000a
[tl] r200000 alive
[tl] r400000 alive
[tl] r600000 alive
[tl] r800000 alive
[tl] r1000000 alive
[tl] r1200000 alive
[tl] r1400000 alive
[tl] r1600000 alive
[tl] r1800000 alive
[tl] r2000000 alive
[tl] r2200000 alive
[tl] r2400000 alive
[tl] r2600000 alive
[tl] r2800000 alive
[tl] r3000000 alive
[tl] r3200000 alive
[tl] r3400000 alive
[tl] r3600000 alive
[tl] r3800000 alive
[tl] r4000000 alive
[tl] r4200000 alive
[tl] r4400000 alive
[tl] r4600000 alive
[tl] r4800000 alive
[tl] r5000000 alive
[tl] r5200000 alive
[tl] r5400000 alive
[tl] r5600000 alive
[tl] r5800000 alive
[tl] r6000000 alive
[tl] r6200000 alive
[tl] r6400000 alive
[tl] r6600000 alive
[tl] r6800000 alive
[tl] r7000000 alive
[tl] r7200000 alive
[tl] r7400000 alive
[tl] r7600000 alive
[tl] r7800000 alive
[tl] r8000000 alive
[tl] r8200000 alive
[tl] r8400000 alive
[tl] r8600000 alive
[tl] r8800000 alive
[tl] r9000000 alive
[tl] r9200000 alive
[tl] r9400000 alive
[tl] r9600000 alive
[tl] r9800000 alive
[tl] r10000000 alive
[tl] r10200000 alive
[tl] r10400000 alive
[tl] r10600000 alive
[tl] r10800000 alive
[tl] r11000000 alive
[tl] r11200000 alive
[tl] r11400000 alive
[tl] r11600000 alive
[tl] r11800000 alive
[tl] r12000000 alive
[tl] r12200000 alive
[tl] r12400000 alive
[tl] r12600000 alive
[tl] r12800000 alive
[tl] r13000000 alive
[tl] r13200000 alive
[tl] r13400000 alive
[tl] r13600000 alive
[tl] r13800000 alive
[tl] r14000000 alive
[tl] r14200000 alive
[tl] r14400000 alive
[tl] r14600000 alive
[tl] r14800000 alive
[tl] r15000000 alive
[tl] r15200000 alive
[tl] r15400000 alive
[tl] r15600000 alive
[tl] r15800000 alive
[tl] r16000000 alive
[tl] r16200000 alive
[tl] r16400000 alive
[tl] r16600000 alive
[tl] r16800000 alive
[tl] r17000000 alive
[tl] r17200000 alive
[tl] r17400000 alive
[tl] r17600000 alive
[tl] r17800000 alive
[tl] r18000000 alive
[tl] r18200000 alive
[tl] r18400000 alive
[tl] r18600000 alive
[tl] r18800000 alive
[tl] r19000000 alive
[tl] r19200000 alive
[tl] r19400000 alive
[tl] r19600000 alive
[tl] r19800000 alive
[tl] r20000000 alive
[tl] r20200000 alive
[tl] r20400000 alive
[tl] r20600000 alive
[tl] r20800000 alive
[tl] r21000000 alive
[tl] r21200000 alive
[tl] r21400000 alive
[tl] r21600000 alive
[tl] r21800000 alive
[tl] r22000000 alive
[tl] r22200000 alive
[tl] r22400000 alive
[tl] r22600000 alive
[tl] r22800000 alive
[tl] r23000000 alive
[tl] r23200000 alive
[tl] r23400000 alive
[tl] r23600000 alive
[tl] r23800000 alive
[tl] r24000000 alive
[tl] r24200000 alive
[tl] r24400000 alive
[tl] r24600000 alive
[tl] r24800000 alive
[tl] r25000000 alive
[tl] r25200000 alive
[tl] r25400000 alive
[tl] r25600000 alive
[tl] r25800000 alive
[tl] r26000000 alive
[tl] r26200000 alive
[tl] r26400000 alive
[tl] r26600000 alive
[tl] r26800000 alive
[tl] r27000000 alive
[tl] r27200000 alive
[tl] r27400000 alive
[tl] r27600000 alive
[tl] r27800000 alive
[tl] r28000000 alive
[tl] r28200000 alive
[tl] r28400000 alive
[tl] r28600000 alive
[tl] r28800000 alive
[tl] r29000000 alive
[tl] r29200000 alive
[tl] r29400000 alive
[tl] r29600000 alive
[tl] r29800000 alive
[tl] r30000000 alive
[tl] r30200000 alive
[tl] r30400000 alive
[tl] r30600000 alive
[tl] r30800000 alive
[tl] r31000000 alive
[tl] r31200000 alive
[tl] r31400000 alive
[tl] r31600000 alive
[tl] r31800000 alive
[tl] r32000000 alive
[tl] r32200000 alive
[tl] r32400000 alive
[tl] r32600000 alive
[tl] r32800000 alive
[tl] r33000000 alive
[tl] r33200000 alive
[tl] r33400000 alive
[tl] r33600000 alive
[tl] r33800000 alive
[tl] r34000000 alive
[tl] r34200000 alive
[tl] r34400000 alive
[tl] r34600000 alive
[tl] r34800000 alive
[tl] r35000000 alive
[tl] r35200000 alive
[tl] r35400000 alive
[tl] r35600000 alive
[tl] r35800000 alive
[tl] r36000000 alive
App terminated due to signal 9.
