[main] fuzz harness up, mode=all
[main] env FUZZ_LOGFILE=1
[main] env FUZZ_BQ49=1
[main] sandbox note: VCPDRM open is MACF-denied (iokit-open-user-client VCPDRMUserClient); mach-lookup com.apple.sprr / com.apple.jitbox exist but are sandbox-gated (seen in kernel log)
[open] IOServiceOpen VCPDRMService failed: 0xe00002e2
[open] service VCPDRMServiceUserClient not found
[vcpdrm] no connection, target dead
[open] AppleM2ScalerCSCDriver -> conn 0x7a03
[scaler] conn 0x7a03, s1 13 s2 14
[probe12] SetNotificationPort -> 0x00000000
[mig] bootstrap-name phase done; add learned names to cand_names[]
[bq49] file=dyld_shared_cache_arm64e.25.dylddata fsz=0xd980000
[bq49] 000: 64796c645f7631202061726d3634650038020000080000000000000000000000
[bq49] 020: 00000000000000000000910d0000000000000700000000000000000000000000
[bq49] 040: 000000000000000000000000000000000000000000000000d7850a159a44339d
[bq49] 060: aaa8f916a1a24dfc020000000000000000000000000000000000000000000000
[bq49] 080: 0000000000000000000000000000000000000000000000000000000000000000
[bq49] 0a0: 0000000000000000000000000000000000000000000000000000000000000000
[bq49] 0c0: 0000000000000000000000000000000000000000000000000200000000100000
[bq49] 0e0: 008010e001000000000000000000000000000000000000000000000000000000
[bq49] 100: 0000000000000000000000000000000000000000000000000000000000000000
[bq49] 120: 000000000000000000000000000000000000000000000000f803000008000000
[bq49] 140: 0000000000000000000000000000000000000000000000000000000000000000
[bq49] 160: 00000000000000000000000000001b0000000000000000000000000000000000
[bq49] 180: 0000000000000000000000000000000000000000000000000000000000000000
[bq49] 1a0: 0000000000000000000000000000000000000000000000000000000000000000
[bq49] 1c0: 0000000000000000010000000000000000000000000000000000000000000000
[bq49] 1e0: 0000000000000000000000000000000000000000000000000000000000000000
[bq49] 200: 0000000000000000000000000000000000000000000000000000000000000000
[bq49] 220: 00000000000000000c000001020000800000000000000000008010e001000000
[bq49] 240: 00400000000000000000000000000000050000000500000000c010e001000000
[bq49] 260: 00c0e50100000000004000000000000003000000010000000080f6e301000000
[bq49] field@0x10(mo)=0x238 field@0x14(mc)=8
[bq49] stride=32 off=0x238: addr=0x1e0108000 size=0x4000 foff=0x0
[bq49] stride=32 off=0x258: addr=0x1e010c000 size=0x1e5c000 foff=0x4000
[bq49] stride=32 off=0x278: addr=0x1e3f68000 size=0x29d8000 foff=0x1e60000
[bq49] stride=32 off=0x298: addr=0x1e6940000 size=0x24000 foff=0x4838000
[bq49] stride=32 off=0x2b8: addr=0x1e6964000 size=0x20e4000 foff=0x485c000
[bq49] stride=32 off=0x2d8: addr=0x1e8a48000 size=0x6f10000 foff=0x6940000
[bq49] stride=32: 6 candidates
[bq49] stride=56 off=0x3f8: addr=0x1e0108000 size=0x4000 foff=0x0
[bq49] stride=56 off=0x430: addr=0x1e010c000 size=0x1e5c000 foff=0x4000
[bq49] stride=56 off=0x468: addr=0x1e3f68000 size=0x29d8000 foff=0x1e60000
[bq49] stride=56 off=0x4a0: addr=0x1e6940000 size=0x24000 foff=0x4838000
[bq49] stride=56 off=0x4d8: addr=0x1e6964000 size=0x20e4000 foff=0x485c000
[bq49] stride=56 off=0x510: addr=0x1e8a48000 size=0x6f10000 foff=0x6940000
[bq49] stride=56: 6 candidates
[bq49] stride=64 off=0x238: addr=0x1e0108000 size=0x4000 foff=0x0
[bq49] stride=64 off=0x258: addr=0x1e010c000 size=0x1e5c000 foff=0x4000
[bq49] stride=64 off=0x278: addr=0x1e3f68000 size=0x29d8000 foff=0x1e60000
[bq49] stride=64 off=0x298: addr=0x1e6940000 size=0x24000 foff=0x4838000
[bq49] stride=64 off=0x2b8: addr=0x1e6964000 size=0x20e4000 foff=0x485c000
[bq49] stride=64 off=0x2d8: addr=0x1e8a48000 size=0x6f10000 foff=0x6940000
[bq49] stride=64: 6 candidates
[bq49] done
[probe13] bq49-only mode, stop
