[main] fuzz harness up, mode=all
[main] env FUZZ_LOGFILE=1
[main] env FUZZ_BQ52=1
[main] sandbox note: VCPDRM open is MACF-denied (iokit-open-user-client VCPDRMUserClient); mach-lookup com.apple.sprr / com.apple.jitbox exist but are sandbox-gated (seen in kernel log)
[open] IOServiceOpen VCPDRMService failed: 0xe00002e2
[open] service VCPDRMServiceUserClient not found
[vcpdrm] no connection, target dead
[open] AppleM2ScalerCSCDriver -> conn 0x471b
[scaler] conn 0x471b, s1 13 s2 14
[mig] bootstrap-name phase done; add learned names to cand_names[]
[probe12] SetNotificationPort -> 0x00000000
[bq52] v200: 'mx' root-checkin + окна стабов libobjcMsgSend1 + статика extensionkitservice
[bq52] CONTROL §170 point -> handle 1
[bq52] cache dir /private/preboot/Cryptexes/OS/System/Library/Caches/com.apple.dyld
[bq52] window0 0x1900f5000 из dyld_shared_cache_arm64e.04 (map 0x1900b8000+0x44000 file+0)
[bq52] w0 0000: 10f003f01012099100021fd6200020d410f003f01052049100021fd6200020d4
[bq52] w0 0020: 10f003d01002359100021fd6200020d410f003d01022309100021fd6200020d4
[bq52] w0 0040: 702cf8b01012369100021fd6200020d4f02bf8d01062179100021fd6200020d4
[bq52] w0 0060: d02bf89010323e9100021fd6200020d490f553901022209100021fd6200020d4
[bq52] w0 0080: 70ccfcf01052199100021fd6200020d470ccfcf01092279100021fd6200020d4
[bq52] w0 00a0: 70ccfcd010a21c9100021fd6200020d490ccfcd010220a9100021fd6200020d4
[bq52] w0 00c0: 90ccfcd01062059100021fd6200020d470cbfcf01062379100021fd6200020d4
[bq52] w0 00e0: 70ccfc901012339100021fd6200020d470ccfc901082369100021fd6200020d4
[bq52] w0 0100: f0cafcf01032269100021fd6200020d470ccfc9010e2389100021fd6200020d4
[bq52] w0 0120: b031f8f010e21d9100021fd6200020d4102ff8f010e2199100021fd6200020d4
[bq52] w0 0140: b031f8f010321f9100021fd6200020d45030f8f010921c9100021fd6200020d4
[bq52] w0 0160: 502df8b010822f9100021fd6200020d45030f8d01052179100021fd6200020d4
[bq52] w0 0180: 102ff8f010e22d9100021fd6200020d4b033f8b01052169100021fd6200020d4
[bq52] w0 01a0: 90d9f9f010f20d9100021fd6200020d470daf9f010f22f9100021fd6200020d4
[bq52] w0 01c0: b0dbf9b010f2199100021fd6200020d4b0d9f99010a2019100021fd6200020d4
[bq52] w0 01e0: b06ff8b01092009100021fd6200020d4b06ff8b01082009100021fd6200020d4
[bq52] w0 0200: 106bf8b010723b9100021fd6200020d49059f8901012159100021fd6200020d4
[bq52] w0 0220: 90a10e10512e81d21056118b00021fd630c5ff9010a2219100021fd6200020d4
[bq52] w0 0240: 30c5ffb01022179100021fd6200020d4b031f8f010820a9100021fd6200020d4
[bq52] w0 0260: b031f8f010520f9100021fd6200020d4b031f8f01082129100021fd6200020d4
[bq52] w0 0280: 5026f8f010f2339100021fd6200020d45022f8d010423d9100021fd6200020d4
[bq52] w0 02a0: 302df8b010d2399100021fd6200020d4302cf8901032269100021fd6200020d4
[bq52] w0 02c0: d032f8b010322e9100021fd6200020d4d032f8b01022389100021fd6200020d4
[bq52] w0 02e0: b0befbd01022279100021fd6200020d4f08aff9010620c9100021fd6200020d4
[bq52] w0 0300: 307719d01012239100021fd6200020d4507719b01022189100021fd6200020d4
[bq52] w0 0320: b0ee0fb01002069100021fd6200020d4905af8f01052119100021fd6200020d4
[bq52] w0 0340: 506bf8b01062219100021fd6200020d4506bf8b01082029100021fd6200020d4
[bq52] w0 0360: 9054f8901022139100021fd6200020d4d02af8b01022279100021fd6200020d4
[bq52] w0 0380: d067f8f010420f9100021fd6200020d4506bf8b010e21e9100021fd6200020d4
[bq52] w0 03a0: d06cf8901042289100021fd6200020d4106cf8d010c2369100021fd6200020d4
[bq52] w0 03c0: b05cf8d010c23e9100021fd6200020d4506bf8f010520f9100021fd6200020d4
[bq52] w0 03e0: 9054f89010a2159100021fd6200020d4d030f8b010f20a9100021fd6200020d4
[bq52] w0 0400: 102ff8d01042099100021fd6200020d43029f8901062069100021fd6200020d4
[bq52] w0 0420: 302ff8b010021d9100021fd6200020d41029f8b010723d9100021fd6200020d4
[bq52] w0 0440: 9029f8d01022369100021fd6200020d4501bf8b010923f9100021fd6200020d4
[bq52] w0 0460: f018f8d01002119100021fd6200020d4509a3bb01082119100021fd6200020d4
[bq52] w0 0480: b14a2cb031221e91300240f9110a1fd7b14a2cb031c21f91300240f9110a1fd7
[bq52] w0 04a0: b14a2cb031c22091300240f9110a1fd7b026f8f010022e9100021fd6200020d4
[bq52] w0 04c0: 303954901082119100021fd6200020d4303954d010023e9100021fd6200020d4
[bq52] w0 04e0: 103954b010520b9100021fd6200020d49019f8b01072379100021fd6200020d4
[bq52] w0 0500: 503954d010a2259100021fd6200020d45019f8f01002319100021fd6200020d4
[bq52] w0 0520: b019f8f010b2329100021fd6200020d4303954b01052139100021fd6200020d4
[bq52] w0 0540: 703954f01032359100021fd6200020d4b019f8b010a2249100021fd6200020d4
[bq52] w0 0560: f018f8b010723f9100021fd6200020d4b019f8b010721e9100021fd6200020d4
[bq52] w0 0580: d019f8f010b2249100021fd6200020d45022f8f01022019100021fd6200020d4
[bq52] w0 05a0: 3022f8d01032239100021fd6200020d4b14a2cd031220a91300240f9110a1fd7
[bq52] w0 05c0: b14a2cd031420a91300240f9110a1fd7704e079010a2049100021fd6200020d4
[bq52] w0 05e0: 70beffb010f2149100021fd6200020d4b025f89010a2309100021fd6200020d4
[bq52] w0 0600: 3027f8b01022299100021fd6200020d43027f8b010523c9100021fd6200020d4
[bq52] w0 0620: 3027f8b010a2379100021fd6200020d4f025f89010c2109100021fd6200020d4
[bq52] w0 0640: d025f8f01092209100021fd6200020d45027f8901082299100021fd6200020d4
[bq52] w0 0660: 3027f89010422b9100021fd6200020d43027f89010722c9100021fd6200020d4
[bq52] w0 0680: 5025f89010b2109100021fd6200020d45025f89010b2119100021fd6200020d4
[bq52] w0 06a0: 1027f8901052189100021fd6200020d41027f89010721f9100021fd6200020d4
[bq52] w0 06c0: 1027f89010820b9100021fd6200020d450f2fff01072109100021fd6200020d4
[bq52] w0 06e0: 50f2fff010f20f9100021fd6200020d450f2fff01062119100021fd6200020d4
[bq52] w0 0700: 50f2fff01032119100021fd6200020d450f2fff01042109100021fd6200020d4
[bq52] w0 0720: 50f2fff010a2109100021fd6200020d450f2fff01002119100021fd6200020d4
[bq52] w0 0740: 50f2fff01092119100021fd6200020d450f2fff010d2109100021fd6200020d4
[bq52] w0 0760: 50f1ffd010e2159100021fd6200020d450ddf8f01082079100021fd6200020d4
[bq52] w0 0780: 10ceffb01092369100021fd6200020d410ceffb010a2379100021fd6200020d4
[bq52] w0 07a0: f0ccffb010d2309100021fd6200020d450caff9010e2139100021fd6200020d4
[bq52] w0 07c0: 30c9fff010e21a9100021fd6200020d430c9fff010620c9100021fd6200020d4
[bq52] w0 07e0: 90caffd010820e9100021fd6200020d490caffd01042069100021fd6200020d4
[bq52] w0 0800: 30caffb01012129100021fd6200020d490caffd01092079100021fd6200020d4
[bq52] w0 0820: 30ccfff010920f9100021fd6200020d49008fe9010a20b9100021fd6200020d4
[bq52] w0 0840: d1e92cd031221191300240f9110a1fd7d1e92cd031421191300240f9110a1fd7
[bq52] w0 0860: 7022f8d010721c9100021fd6200020d450e9f8b010a21c9100021fd6200020d4
[bq52] w0 0880: 30edfbd010f2189100021fd6200020d4103954b01012089100021fd6200020d4
[bq52] w0 08a0: 9026f8b010923b9100021fd6200020d4f025f8901012299100021fd6200020d4
[bq52] w0 08c0: f025f8901022239100021fd6200020d49026f8b010d22b9100021fd6200020d4
[bq52] w0 08e0: f025f89010c2179100021fd6200020d4f025f8901092199100021fd6200020d4
[bq52] w0 0900: f025f8901042149100021fd6200020d47025f8d010921e9100021fd6200020d4
[bq52] w0 0920: 1026f8f010a2139100021fd6200020d4d026f8d010620b9100021fd6200020d4
[bq52] w0 0940: d026f8d010620f9100021fd6200020d4d026f8d010b2139100021fd6200020d4
[bq52] w0 0960: d026f8d01012149100021fd6200020d45086fbf010220f9100021fd6200020d4
[bq52] w0 0980: 5085fbf010322a9100021fd6200020d47086fbd010d2329100021fd6200020d4
[bq52] w0 09a0: 7086fbd010523b9100021fd6200020d47086fb9010e2129100021fd6200020d4
[bq52] w0 09c0: 7086fbf010320a9100021fd6200020d47086fbd010e22e9100021fd6200020d4
[bq52] w0 09e0: 9086fbd01092039100021fd6200020d41089fbb010a2309100021fd6200020d4
[bq52] w0 0a00: 7086fb9010021c9100021fd6200020d4d069f8901072379100021fd6200020d4
[bq52] w0 0a20: 30de18d01012309100021fd6200020d430de18d01022329100021fd6200020d4
[bq52] w0 0a40: 70de18901032219100021fd6200020d410d218b010a22d9100021fd6200020d4
[bq52] w0 0a60: 50de18d010122e9100021fd6200020d490d818f010321d9100021fd6200020d4
[bq52] w0 0a80: 90d818f010521d9100021fd6200020d490d818f01092279100021fd6200020d4
[bq52] w0 0aa0: 50d918d01062169100021fd6200020d450d918d01052229100021fd6200020d4
[bq52] w0 0ac0: 304c52901082369100021fd6200020d4b04c52b01012299100021fd6200020d4
[bq52] w0 0ae0: 504d52901072369100021fd6200020d4504d52b010923a9100021fd6200020d4
[bq52] w0 0b00: 504d52d01072179100021fd6200020d4504d52d01092149100021fd6200020d4
[bq52] w0 0b20: d04e52b01092049100021fd6200020d4d04e52b010e20a9100021fd6200020d4
[bq52] w0 0b40: b04f52f01082069100021fd6200020d4b04f52f010620a9100021fd6200020d4
[bq52] w0 0b60: d04c52f010b2109100021fd6200020d4d04c52f010021c9100021fd6200020d4
[bq52] w0 0b80: 304d529010e2299100021fd6200020d4d04c52b010c22f9100021fd6200020d4
[bq52] w0 0ba0: f04c52b01072239100021fd6200020d4707567901042339100021fd6200020d4
[bq52] w0 0bc0: 707567901082339100021fd6200020d47075679010c2329100021fd6200020d4
[bq52] w0 0be0: 1056fab010c2069100021fd6200020d43071faf010f23f9100021fd6200020d4
[bq52] w0 0c00: 1002fbd010c2249100021fd6200020d4b0140dd010c2119100021fd6200020d4
[bq52] w0 0c20: 30160dd010e2059100021fd6200020d430160dd01092099100021fd6200020d4
[bq52] w0 0c40: d0140db01062309100021fd6200020d430160db01052329100021fd6200020d4
[bq52] w0 0c60: b0140df01002369100021fd6200020d4b0140df010d23f9100021fd6200020d4
[bq52] w0 0c80: b0140df01012369100021fd6200020d4d0140db010e2379100021fd6200020d4
[bq52] w0 0ca0: d0140db01012389100021fd6200020d470140dd010e20e9100021fd6200020d4
[bq52] w0 0cc0: 300ff9b01092199100021fd6200020d4300ff99010721b9100021fd6200020d4
[bq52] w0 0ce0: 100ff9f01082369100021fd6200020d4300ff9901072039100021fd6200020d4
[bq52] w0 0d00: d01bf9f01012389100021fd6200020d4d01bf9f010a2379100021fd6200020d4
[bq52] w0 0d20: d01bf9f010e2379100021fd6200020d4100ff9f01002369100021fd6200020d4
[bq52] w0 0d40: f02afcb01072289100021fd6200020d450aafdd010c23c9100021fd6200020d4
[bq52] w0 0d60: 50aafdf01042339100021fd6200020d4b051fd901042109100021fd6200020d4
[bq52] w0 0d80: 5037fd9010e2199100021fd6200020d45037fd901032139100021fd6200020d4
[bq52] w0 0da0: b019fcb010723b9100021fd6200020d4901bfc901032329100021fd6200020d4
[bq52] w0 0dc0: d019fcf01012319100021fd6200020d4909afdd010d2109100021fd6200020d4
[bq52] w0 0de0: 909afdd01042139100021fd6200020d49042fdd010423c9100021fd6200020d4
[bq52] w0 0e00: 90acfdd01012289100021fd6200020d47034fdd010b2339100021fd6200020d4
[bq52] w0 0e20: f032fcd010423c9100021fd6200020d4b047fdd01082139100021fd6200020d4
[bq52] w0 0e40: 9084fdd010c22a9100021fd6200020d49084fdd010622b9100021fd6200020d4
[bq52] w0 0e60: b046fdf010c2269100021fd6200020d4704cfdd01012129100021fd6200020d4
[bq52] w0 0e80: 704cfdb010f23a9100021fd6200020d49084fdd010722b9100021fd6200020d4
[bq52] w0 0ea0: 9084fdf010f2339100021fd6200020d4304dfdd010a22e9100021fd6200020d4
[bq52] w0 0ec0: 9084fdf010d23f9100021fd6200020d4b051fdb010b21b9100021fd6200020d4
[bq52] w0 0ee0: 1039fdf01062229100021fd6200020d4102afcf010422b9100021fd6200020d4
[bq52] w0 0f00: 502afcd010e2339100021fd6200020d45067fc9010d21b9100021fd6200020d4
[bq52] w0 0f20: 5067fcd010b2029100021fd6200020d45067fcd010821b9100021fd6200020d4
[bq52] w0 0f40: 5067fcd010f2019100021fd6200020d45067fcd010521b9100021fd6200020d4
[bq52] w0 0f60: 5067fcd01032029100021fd6200020d45067fcd010721b9100021fd6200020d4
[bq52] w0 0f80: 5067fcd01072029100021fd6200020d45067fc9010421a9100021fd6200020d4
[bq52] w0 0fa0: 5067fcd010b2019100021fd6200020d45029fcb010623b9100021fd6200020d4
[bq52] w0 0fc0: 502afc9010522d9100021fd6200020d4d0140df010f2189100021fd6200020d4
[bq52] w0 0fe0: 702dfcb01032339100021fd6200020d4d0a0fd901012109100021fd6200020d4
[bq52] window1 0x1900c4000 из dyld_shared_cache_arm64e.04 (map 0x1900b8000+0x44000 file+0)
[bq52] w1 0000: f01cf8b01042249100021fd6200020d4d01cf8d01062339100021fd6200020d4
[bq52] w1 0020: 10db3a10713281d21056118b00021fd6d0b13d10713281d21056118b00021fd6
[bq52] w1 0040: 314c2cd031c23091300240f9110a1fd710ea3b10713281d21056118b00021fd6
[bq52] w1 0060: 314c2cf031c21291300240f9110a1fd7f0edfbf010c21b9100021fd6200020d4
[bq52] w1 0080: b03a54f01072059100021fd6200020d490233b10713281d21056118b00021fd6
[bq52] w1 00a0: 903a54b010f2249100021fd6200020d4903a54b010f2229100021fd6200020d4
[bq52] w1 00c0: 903a54b01052209100021fd6200020d490c73c10713281d21056118b00021fd6
[bq52] w1 00e0: 90293c10713281d21056118b00021fd690243d10713281d21056118b00021fd6
[bq52] w1 0100: 314c2cf031821391300240f9110a1fd73024f8f010b2359100021fd6200020d4
[bq52] w1 0120: 1024f8f010c2359100021fd6200020d4314c2cd031023491300240f9110a1fd7
[bq52] w1 0140: 314c2cd031223491300240f9110a1fd7314c2cd031423491300240f9110a1fd7
[bq52] w1 0160: 314c2cd031623491300240f9110a1fd7b03a54f01032369100021fd6200020d4
[bq52] w1 0180: d03a549010120d9100021fd6200020d490683a10713281d21056118b00021fd6
[bq52] w1 01a0: 90805b10713281d21056118b00021fd610315a10713281d21056118b00021fd6
[bq52] w1 01c0: d0a75910713281d21056118b00021fd670b85a10713281d21056118b00021fd6
[bq52] w1 01e0: 101af8d010a2279100021fd6200020d4501af8d010c2259100021fd6200020d4
[bq52] w1 0200: 301af8b010322f9100021fd6200020d4501af8901002229100021fd6200020d4
[bq52] w1 0220: 101af8f010023c9100021fd6200020d4501bf8f01002049100021fd6200020d4
[bq52] w1 0240: 501af8b010e2159100021fd6200020d4d01bf8d01082359100021fd6200020d4
[bq52] w1 0260: 501af8b010a22b9100021fd6200020d4301af8b01022239100021fd6200020d4
[bq52] w1 0280: f0f9fb901002209100021fd6200020d4f0f9fb9010022b9100021fd6200020d4
[bq52] w1 02a0: 501af8f010121b9100021fd6200020d4701af8b010b2129100021fd6200020d4
[bq52] w1 02c0: 501af8f01042199100021fd6200020d4501af8901062179100021fd6200020d4
[bq52] w1 02e0: b01af8b010f2179100021fd6200020d4101af8b01092259100021fd6200020d4
[bq52] w1 0300: 101af8b010d2279100021fd6200020d4101af8b010123c9100021fd6200020d4
[bq52] w1 0320: 101af8d01092009100021fd6200020d4101af8d01092099100021fd6200020d4
[bq52] w1 0340: 101af8d010d20b9100021fd6200020d4101af8d010120e9100021fd6200020d4
[bq52] w1 0360: 101af8d01052109100021fd6200020d4101af8d01092129100021fd6200020d4
[bq52] w1 0380: 101af8d010d2149100021fd6200020d4101af8d01012179100021fd6200020d4
[bq52] w1 03a0: 101af8d01052199100021fd6200020d4101af8d010921b9100021fd6200020d4
[bq52] w1 03c0: 101af8d010d21d9100021fd6200020d4101af8b010522c9100021fd6200020d4
[bq52] w1 03e0: 101af8b01092379100021fd6200020d4101af8b010d2399100021fd6200020d4
[bq52] w1 0400: 101af8b010b2099100021fd6200020d4501af8901062219100021fd6200020d4
[bq52] w1 0420: 501af8d01032209100021fd6200020d4101af8d01012209100021fd6200020d4
[bq52] w1 0440: 101af8b010c20a9100021fd6200020d4101af8b01052149100021fd6200020d4
[bq52] w1 0460: 101af8b01062159100021fd6200020d4101af8b01072169100021fd6200020d4
[bq52] w1 0480: 101af8b010b21a9100021fd6200020d4101af8b010d20b9100021fd6200020d4
[bq52] w1 04a0: 101af8b010c21b9100021fd6200020d4101af8b010d21c9100021fd6200020d4
[bq52] w1 04c0: 101af8b010e21d9100021fd6200020d4101af8b010f21e9100021fd6200020d4
[bq52] w1 04e0: 101af8b01002209100021fd6200020d4101af8b01012219100021fd6200020d4
[bq52] w1 0500: 101af8b01022229100021fd6200020d4101af8b01032239100021fd6200020d4
[bq52] w1 0520: 101af8b01042249100021fd6200020d4101af8b010e20c9100021fd6200020d4
[bq52] w1 0540: 101af8b010f20d9100021fd6200020d4101af8b01022119100021fd6200020d4
[bq52] w1 0560: 101af8b01032129100021fd6200020d4101af8b01042139100021fd6200020d4
[bq52] w1 0580: 501af8d01072339100021fd6200020d4314c2cb031c21591300240f9110a1fd7
[bq52] w1 05a0: 314c2cb031e21591300240f9110a1fd7301af8b01072399100021fd6200020d4
[bq52] w1 05c0: 301af8b01002129100021fd6200020d4301af8b010f20e9100021fd6200020d4
[bq52] w1 05e0: 301af8f01062189100021fd6200020d4b02fffd010c2289100021fd6200020d4
[bq52] w1 0600: 902ffff010e2099100021fd6200020d4500bfed010420e9100021fd6200020d4
[bq52] w1 0620: 500bfed010f23d9100021fd6200020d410f753b010920c9100021fd6200020d4
[bq52] w1 0640: 10f753901002309100021fd6200020d4902c3b10713281d21056118b00021fd6
[bq52] w1 0660: 10fb3a10713281d21056118b00021fd6314c2cf031e21991300240f9110a1fd7
[bq52] w1 0680: f023f8901052389100021fd6200020d4d023f8f01052149100021fd6200020d4
[bq52] w1 06a0: 314c2cf031621a91300240f9110a1fd7314c2cf031c21a91300240f9110a1fd7
[bq52] w1 06c0: d023f89010423a9100021fd6200020d4f023f8f010923b9100021fd6200020d4
[bq52] w1 06e0: d023f8f010d21b9100021fd6200020d4d023f8d010c2389100021fd6200020d4
[bq52] w1 0700: d023f8f010022b9100021fd6200020d4d023f8f01022169100021fd6200020d4
[bq52] w1 0720: 314c2cf031221c91300240f9110a1fd7314c2cf031421c91300240f9110a1fd7
[bq52] w1 0740: b023f8f01002229100021fd6200020d4f023f89010a2279100021fd6200020d4
[bq52] w1 0760: 314c2cf031021591300240f9110a1fd7501af8d010c2199100021fd6200020d4
[bq52] w1 0780: 50f63910713281d21056118b00021fd6d0edfb9010e23a9100021fd6200020d4
[bq52] w1 07a0: 314c2cd031c23891300240f9110a1fd730eefb9010a20b9100021fd6200020d4
[bq52] w1 07c0: f0ddf8f010421b9100021fd6200020d4b0ebf8f010823c9100021fd6200020d4
[bq52] w1 07e0: 70e3f89010a22a9100021fd6200020d4d0ddf8d010a2289100021fd6200020d4
[bq52] w1 0800: d0e0f8d010b23d9100021fd6200020d410e1f89010c22b9100021fd6200020d4
[bq52] w1 0820: 10def8d010e2129100021fd6200020d430dff89010120e9100021fd6200020d4
[bq52] w1 0840: 70e9f89010f21f9100021fd6200020d410dff8d01082099100021fd6200020d4
[bq52] w1 0860: f0ddf8901092109100021fd6200020d4d0ddf8f010323c9100021fd6200020d4
[bq52] w1 0880: 70e0f8b010c21b9100021fd6200020d4d0ddf8d010a2369100021fd6200020d4
[bq52] w1 08a0: 90def89010322b9100021fd6200020d4b0def8d010f2069100021fd6200020d4
[bq52] w1 08c0: d0e3f89010420f9100021fd6200020d490e1f8b01092319100021fd6200020d4
[bq52] w1 08e0: 70d9f8d01062199100021fd6200020d470d9f8d010a2189100021fd6200020d4
[bq52] w1 0900: 90d9f8b010b2189100021fd6200020d470d9f8f010f23a9100021fd6200020d4
[bq52] w1 0920: f0def8d010521b9100021fd6200020d4d0ddf8f01052339100021fd6200020d4
[bq52] w1 0940: f0ddf8901072189100021fd6200020d430e0f8d010e23f9100021fd6200020d4
[bq52] w1 0960: b0e5f8f01032209100021fd6200020d4d0ecf8d01082319100021fd6200020d4
[bq52] w1 0980: f0ddf8f010c2109100021fd6200020d410def8f010e21e9100021fd6200020d4
[bq52] w1 09a0: d0ddf8f010420f9100021fd6200020d4b0e2f89010d2389100021fd6200020d4
[bq52] w1 09c0: d0e3f8901082249100021fd6200020d490def8b010623b9100021fd6200020d4
[bq52] w1 09e0: 90e1f89010f23e9100021fd6200020d450eaf8f010d22c9100021fd6200020d4
[bq52] w1 0a00: 70e0f8b010920f9100021fd6200020d4d0e3f8901012289100021fd6200020d4
[bq52] w1 0a20: f0ddf89010f23f9100021fd6200020d490e3f8b01012359100021fd6200020d4
[bq52] w1 0a40: 90e3f8f01072339100021fd6200020d410dff8d01052109100021fd6200020d4
[bq52] w1 0a60: d0ddf8d010923e9100021fd6200020d410e2f8901002159100021fd6200020d4
[bq52] w1 0a80: 50def8b01082279100021fd6200020d430e3f8d010a2119100021fd6200020d4
[bq52] w1 0aa0: 10def8d01002269100021fd6200020d430e1f8d01012159100021fd6200020d4
[bq52] w1 0ac0: 50e2f8901012249100021fd6200020d450e2f8d010e2069100021fd6200020d4
[bq52] w1 0ae0: 70e5f8f010a2129100021fd6200020d4b0e3f8d01052069100021fd6200020d4
[bq52] w1 0b00: d0e3f8b01092139100021fd6200020d430e4f8d010721d9100021fd6200020d4
[bq52] w1 0b20: 70e3f8b010b2129100021fd6200020d450e3f8d01012069100021fd6200020d4
[bq52] w1 0b40: d0e5f8b01052209100021fd6200020d4b0ddf8b01042309100021fd6200020d4
[bq52] w1 0b60: 90def8d01042029100021fd6200020d470def8901022349100021fd6200020d4
[bq52] w1 0b80: b0e3f89010c23d9100021fd6200020d4d0ddf8b010d2339100021fd6200020d4
[bq52] w1 0ba0: d0ddf89010b22a9100021fd6200020d430e4f89010e20c9100021fd6200020d4
[bq52] w1 0bc0: 70e5f8f01052119100021fd6200020d4d0e0f8b01002349100021fd6200020d4
[bq52] w1 0be0: 30e3f8901082119100021fd6200020d430e3f89010a20e9100021fd6200020d4
[bq52] w1 0c00: b0e4f8d01022069100021fd6200020d4d0def8901082099100021fd6200020d4
[bq52] w1 0c20: 90def8d01002039100021fd6200020d470e3f89010422f9100021fd6200020d4
[bq52] w1 0c40: 50def8901022109100021fd6200020d4d0e0f8f010c2309100021fd6200020d4
[bq52] w1 0c60: 90e1f89010b22b9100021fd6200020d490ebf8901022259100021fd6200020d4
[bq52] w1 0c80: 10e1f8b01052259100021fd6200020d4b0e1f8901062049100021fd6200020d4
[bq52] w1 0ca0: b0e6f89010a22f9100021fd6200020d490e1f89010b2039100021fd6200020d4
[bq52] w1 0cc0: 10dff8b010722c9100021fd6200020d410dff8d010b21e9100021fd6200020d4
[bq52] w1 0ce0: 10e9f8d010921c9100021fd6200020d4b0e6f89010d2139100021fd6200020d4
[bq52] w1 0d00: f0e0f8d010b2159100021fd6200020d430def89010c21d9100021fd6200020d4
[bq52] w1 0d20: 50d9f8d01012359100021fd6200020d490e6f8d010f21b9100021fd6200020d4
[bq52] w1 0d40: 70dff8f01062199100021fd6200020d470e5f8f01092199100021fd6200020d4
[bq52] w1 0d60: f0e5f8d010623d9100021fd6200020d410def8d010b21c9100021fd6200020d4
[bq52] w1 0d80: d0e5f8b010120d9100021fd6200020d490e4f89010723b9100021fd6200020d4
[bq52] w1 0da0: d0ddf8d010d21a9100021fd6200020d4d0def8d010021f9100021fd6200020d4
[bq52] w1 0dc0: d0def8f010022d9100021fd6200020d4d0e4f8f01002099100021fd6200020d4
[bq52] w1 0de0: b0e9f8901062219100021fd6200020d4d0e4f8d01022109100021fd6200020d4
[bq52] w1 0e00: f0ddf8901022169100021fd6200020d410e6f89010a2189100021fd6200020d4
[bq52] w1 0e20: 30def89010f21e9100021fd6200020d4d0def89010a2259100021fd6200020d4
[bq52] w1 0e40: 50def8f01092169100021fd6200020d4f0ddf8d01032009100021fd6200020d4
[bq52] w1 0e60: 50def8f010d2149100021fd6200020d450def8f01012139100021fd6200020d4
[bq52] w1 0e80: 90def8b010921e9100021fd6200020d4d0e0f8d010b23a9100021fd6200020d4
[bq52] w1 0ea0: 10dff8d01052119100021fd6200020d4b0e5f8d010d2279100021fd6200020d4
[bq52] w1 0ec0: d0ebf89010a2169100021fd6200020d410def8d01012399100021fd6200020d4
[bq52] w1 0ee0: f0def8d010f2159100021fd6200020d4d0ddf8d010d2189100021fd6200020d4
[bq52] w1 0f00: 90def8901072259100021fd6200020d490e3f8f01072319100021fd6200020d4
[bq52] w1 0f20: 10e2f8b010d21a9100021fd6200020d410e9f8901062369100021fd6200020d4
[bq52] w1 0f40: 50e7f8f010f20c9100021fd6200020d4f0ddf8b01032029100021fd6200020d4
[bq52] w1 0f60: 10dff8d010520e9100021fd6200020d490def8b010b2199100021fd6200020d4
[bq52] w1 0f80: 90dff89010620c9100021fd6200020d430dff89010121b9100021fd6200020d4
[bq52] w1 0fa0: 10def8f01072219100021fd6200020d4d0def8901032159100021fd6200020d4
[bq52] w1 0fc0: 30dff8b01012219100021fd6200020d470dff8f01032209100021fd6200020d4
[bq52] w1 0fe0: 50e0f8f01092189100021fd6200020d450e0f8f01072129100021fd6200020d4
[bq52] windows: 0x1900f5000=1 0x1900c4000=1 (1 = дамп получен)
[bq52] extk binary: 70496 bytes
[bq52] copied 70496 bytes to /private/var/mobile/Containers/Data/Application/69BA5387-14E2-4540-91B0-EBE8AB0100C1/Documents/extk.bin
[bq52] str 000028: __PAGEZERO
[bq52] str 000070: __TEXT
[bq52] str 0000b0: __text
[bq52] str 0000c0: __TEXT
[bq52] str 000100: __auth_stubs
[bq52] str 000110: __TEXT
[bq52] str 000150: __objc_stubs
[bq52] str 000160: __TEXT
[bq52] str 0001a0: __const
[bq52] str 0001b0: __TEXT
[bq52] str 0001f0: __gcc_except_tab__TEXT
[bq52] str 000240: __cstring
[bq52] str 000250: __TEXT
[bq52] str 000290: __dlopen_cstrs
[bq52] str 0002a0: __TEXT
[bq52] str 0002e0: __objc_methname
[bq52] str 0002f0: __TEXT
[bq52] str 000330: __unwind_info
[bq52] str 000340: __TEXT
[bq52] str 000388: __DATA_CONST
[bq52] str 0003c8: __const
[bq52] str 0003d8: __DATA_CONST
[bq52] str 000418: __objc_imageinfo__DATA_CONST
[bq52] str 000468: __auth_got
[bq52] str 000478: __DATA_CONST
[bq52] str 0004b8: __got
[bq52] str 0004c8: __DATA_CONST
[bq52] str 000510: __DATA
[bq52] str 000550: __objc_selrefs
[bq52] str 000560: __DATA
[bq52] str 0005a0: __bss
[bq52] str 0005b0: __DATA
[bq52] str 0005f8: __LINKEDIT
[bq52] str 0006cc: /usr/lib/dyld
[bq52] str 000758: /System/Library/PrivateFrameworks/BoardServices.framework/BoardServices
[bq52] str 0007b8: /System/Library/Frameworks/Foundation.framework/Foundation
[bq52] str 000810: /usr/lib/libobjc.A.dylib
[bq52] str 000848: /usr/lib/libSystem.B.dylib
[bq52] str 000880: /System/Library/PrivateFrameworks/SoftLinking.framework/SoftLinking
[bq52] str 000ca0: _EXService
[bq52] str 000cab: Unable to find class %s
[bq52] str 000cc3: v8@?0
[bq52] str 000ccd: softlink:r:path:/System/Library/Frameworks/ExtensionFoundation.framework/ExtensionFoundation
[bq52] str 000d2a: runAsXPCService
[bq52] str 00c099: ___objc_personality_v0
[bq52] str 00c0b0: _objc_getClass
[bq52] str 00c0bf: _objc_msgSend
[bq52] str 00c0cd: _objc_retainAutorelease
[bq52] str 00c0e5: __Block_object_dispose
[bq52] str 00c0fc: __Unwind_Resume
[bq52] str 00c10c: ___stack_chk_fail
[bq52] str 00c11e: _abort_report_np
[bq52] str 00c12f: _free
[bq52] str 00c135: __sl_dlopen
[bq52] str 00c141: __NSConcreteStackBlock
[bq52] str 00c158: ___stack_chk_guard
[bq52] str 00c184: _mh_execute_header
[bq52] str 00c2ec: __mh_execute_header
[bq52] str 00c300: _main
[bq52] str 00c306: __Block_object_dispose
[bq52] str 00c31d: __NSConcreteStackBlock
[bq52] str 00c334: __Unwind_Resume
[bq52] str 00c344: ___objc_personality_v0
[bq52] str 00c35b: ___stack_chk_fail
[bq52] str 00c36d: ___stack_chk_guard
[bq52] str 00c380: __sl_dlopen
[bq52] str 00c38c: _abort_report_np
[bq52] str 00c39d: _free
[bq52] str 00c3a3: _objc_getClass
[bq52] str 00c3b2: _objc_msgSend
[bq52] str 00c3c0: _objc_retainAutorelease
[bq52] str 00c3d8: radr://5614542
[bq52] str 00c47c: com.apple.extensionkitservice
[bq52] str 00c528: LUgqY
[bq52] str 00c72e: <?xml version="1.0" encoding="UTF-8"?>
[bq52] str 00c755: <!DOCTYPE plist PUBLIC "-//Apple//DTD PLIST 1.0//EN" "http://www.apple.com/DTDs/PropertyList-1.0.dtd">
[bq52] str 00c7bc: <plist version="1.0">
[bq52] str 00c7d2: <dict>
[bq52] str 00c7da: <key>com.apple.private.coreservices.canmaplsdatabase</key>
[bq52] str 00c816: <true/>
[bq52] str 00c81f: <key>com.apple.private.extensionkit.host.any-extension</key>
[bq52] str 00c85d: <true/>
[bq52] str 00c866: <key>com.apple.private.sandbox.profile:embedded</key>
[bq52] str 00c89d: <string>pkd</string>
[bq52] str 00c8b3: <key>com.apple.private.tcc.manager.access.read</key>
[bq52] str 00c8e9: <array>
[bq52] str 00c8f3: <string>kTCCServiceAll</string>
[bq52] str 00c914: </array>
[bq52] str 00c91e: <key>com.apple.private.xpc.domain-extension.proxy</key>
[bq52] str 00c957: <true/>
[bq52] str 00c960: <key>com.apple.private.xpc.persona-manager</key>
[bq52] str 00c992: <true/>
[bq52] str 00c99b: <key>com.apple.runningboard.extensionkit</key>
[bq52] str 00c9cb: <true/>
[bq52] str 00c9d4: <key>com.apple.runningboard.launch_extensions</key>
[bq52] str 00ca09: <true/>
[bq52] str 00ca12: <key>com.apple.runningboard.launchprocess</key>
[bq52] str 00ca43: <true/>
[bq52] str 00ca4c: <key>com.apple.runningboard.process-state</key>
[bq52] str 00ca7d: <true/>
[bq52] str 00ca86: <key>com.apple.runningboard.statecapture</key>
[bq52] str 00cab6: <true/>
[bq52] str 00cabe: </dict>
[bq52] str 00cac6: </plist>
[bq52] str 00cae5: /com.apple.private.coreservices.canmaplsdatabase
[bq52] str 00cb1b: 1com.apple.private.extensionkit.host.any-extension
[bq52] str 00cb53: *com.apple.private.sandbox.profile:embedded
[bq52] str 00cb80: pkd0=
[bq52] str 00cb86: )com.apple.private.tcc.manager.access.read0
[bq52] str 00cbb4: kTCCServiceAll01
[bq52] str 00cbc5: ,com.apple.private.xpc.domain-extension.proxy
[bq52] str 00cbf8: %com.apple.private.xpc.persona-manager
[bq52] str 00cc24: #com.apple.runningboard.extensionkit
[bq52] str 00cc4e: (com.apple.runningboard.launch_extensions
[bq52] str 00cc7d: $com.apple.runningboard.launchprocess
[bq52] str 00cca8: $com.apple.runningboard.process-state
[bq52] str 00ccd3: #com.apple.runningboard.statecapture
[bq52] strings shown=117
[bq52] escape released
[bq51] run ENTER ctl-empty nseq=1
[bq51] ctl-empty ev#1 [MSG] bsxpc=invalidate: <dictionary: 0x105888800> { count = 1, transaction: 0, voucher = 0x10594e210, contents =
	"bsxpc" => <string: 0x105aed1d0> { string cache = 0x0, length = 10, contents = "invalidate" }
}
[bq51] ctl-empty ev#2 [ERR] bsxpc=-: <dictionary: 0x205d35460> { count = 1, transaction: 0, voucher = 0x0, contents =
	"XPCErrorDescription" => <string: 0x205d355d0> { string cache = 0x0, length = 22, contents = "Connection interrupted" }
}
[bq51] run EXIT ctl-empty nev=2
[bq52] ctl-empty: nev=2 tag=invalidate -> control OK
[bq51] run ENTER ctl-lp nseq=1
[bq51] ctl-lp ev#1 [MSG] bsxpc=invalidate: <dictionary: 0x105888900> { count = 1, transaction: 0, voucher = 0x105ba0640, contents =
	"bsxpc" => <string: 0x10583ed00> { string cache = 0x0, length = 10, contents = "invalidate" }
}
[bq51] ctl-lp ev#2 [ERR] bsxpc=-: <dictionary: 0x205d35460> { count = 1, transaction: 0, voucher = 0x0, contents =
	"XPCErrorDescription" => <string: 0x205d355d0> { string cache = 0x0, length = 22, contents = "Connection interrupted" }
}
[bq51] run EXIT ctl-lp nev=2
[bq52] ctl-lp: nev=2 tag=invalidate -> partial-checkin REJECTED (ожидаемо)
[bq51] run ENTER plain-s=TCCProxy nseq=1
[bq51] plain-s=TCCProxy ev#1 [MSG] bsxpc=invalidate: <dictionary: 0x105888900> { count = 1, transaction: 0, voucher = 0x105ba0410, contents =
	"bsxpc" => <string: 0x1080a2130> { string cache = 0x0, length = 10, contents = "invalidate" }
}
[bq51] plain-s=TCCProxy ev#2 [ERR] bsxpc=-: <dictionary: 0x205d35460> { count = 1, transaction: 0, voucher = 0x0, contents =
	"XPCErrorDescription" => <string: 0x205d355d0> { string cache = 0x0, length = 22, contents = "Connection interrupted" }
}
[bq51] run EXIT plain-s=TCCProxy nev=2
[bq52] plain-s=TCCProxy: nev=2 tag=invalidate
[bq52] root-dialog mx=false ENTER
[bq52] mx=false ev#1 [MSG] bsxpc=invalidate: <dictionary: 0x105888900> { count = 1, transaction: 0, voucher = 0x105ba0410, contents =
	"bsxpc" => <string: 0x1081c93b0> { string cache = 0x0, length = 10, contents = "invalidate" }
}
[bq52] mx=false ev#2 [ERR] bsxpc=-: <dictionary: 0x205d35460> { count = 1, transaction: 0, voucher = 0x0, contents =
	"XPCErrorDescription" => <string: 0x205d355d0> { string cache = 0x0, length = 22, contents = "Connection interrupted" }
}
[bq52] mx=false: checkin ОТКЛОНЁН (nev=2) — root не принят
[bq52] root-dialog mx=true ENTER
[bq52] mx=true ev#1 [MSG] bsxpc=invalidate: <dictionary: 0x105888900> { count = 1, transaction: 0, voucher = 0x105ba0320, contents =
	"bsxpc" => <string: 0x108235290> { string cache = 0x0, length = 10, contents = "invalidate" }
}
[bq52] mx=true ev#2 [ERR] bsxpc=-: <dictionary: 0x205d35460> { count = 1, transaction: 0, voucher = 0x0, contents =
	"XPCErrorDescription" => <string: 0x205d355d0> { string cache = 0x0, length = 22, contents = "Connection interrupted" }
}
[bq52] mx=true: checkin ОТКЛОНЁН (nev=2) — root не принят
[bq52] done: ctl=1 ctl2=1
[bq52] VERDICT: смотреть root-dialog строки: MOLCH на checkin = root-путь принят (первое сообщение декодируется, mult=3 — гейт пройден); invalidate на {lp,mx} при живых контролях = checkin-сообщение не доходит до декодера — резолвить стабы из окон w0/w1
[probe13] bq52-only mode, stop
