[main] fuzz harness up, mode=all
[main] env FUZZ_LOGFILE=1
[main] env FUZZ_BQ50=1
[main] sandbox note: VCPDRM open is MACF-denied (iokit-open-user-client VCPDRMUserClient); mach-lookup com.apple.sprr / com.apple.jitbox exist but are sandbox-gated (seen in kernel log)
[open] IOServiceOpen VCPDRMService failed: 0xe00002e2
[open] AppleM2ScalerCSCDriver -> conn 0x7d13
[scaler] conn 0x7d13, s1 13 s2 14
[probe12] SetNotificationPort -> 0x00000000
[bq50] v198 BSXPC trial dialog: com.apple.extensionkitservice
[bq50] run ENTER ctl-empty
[open] service VCPDRMServiceUserClient not found
[vcpdrm] no connection, target dead
[mig] bootstrap-name phase done; add learned names to cand_names[]
[bq50] ctl-empty ev#1 [MSG] bsxpc=invalidate: <dictionary: 0x1224a0900> { count = 1, transaction: 0, voucher = 0x122542080, contents =
	"bsxpc" => <string: 0x1226e86f0> { string cache = 0x0, length = 10, contents = "invalidate" }
}
[bq50] ctl-empty ev#2 [ERR] bsxpc=-: <dictionary: 0x205d35460> { count = 1, transaction: 0, voucher = 0x0, contents =
	"XPCErrorDescription" => <string: 0x205d355d0> { string cache = 0x0, length = 22, contents = "Connection interrupted" }
}
[bq50] run EXIT ctl-empty nev=2
[bq50] ctl-empty: nev=2 tag=invalidate -> control OK
[bq50] step2 activate begin
[bq50] step2 dict created
[bq50] step2 key set
[bq50] run ENTER activate
[bq50] activate ev#1 [MSG] bsxpc=invalidate: <dictionary: 0x1224a0a00> { count = 1, transaction: 0, voucher = 0x12277c5f0, contents =
	"bsxpc" => <string: 0x1226ead00> { string cache = 0x0, length = 10, contents = "invalidate" }
}
[bq50] activate ev#2 [ERR] bsxpc=-: <dictionary: 0x205d35460> { count = 1, transaction: 0, voucher = 0x0, contents =
	"XPCErrorDescription" => <string: 0x205d355d0> { string cache = 0x0, length = 22, contents = "Connection interrupted" }
}
[bq50] run EXIT activate nev=2
[bq50] activate: rejected (invalidate)
[bq50] run ENTER activate-cid
[bq50] activate-cid ev#1 [MSG] bsxpc=invalidate: <dictionary: 0x1224a0a00> { count = 1, transaction: 0, voucher = 0x12277c870, contents =
	"bsxpc" => <string: 0x12257a310> { string cache = 0x0, length = 10, contents = "invalidate" }
}
[bq50] run EXIT activate-cid nev=1
[bq50] activate-cid: rejected
[bq50] run ENTER connect-lp=Discovery
[bq50] connect-lp=Discovery ev#1 [MSG] bsxpc=invalidate: <dictionary: 0x1224a0a00> { count = 1, transaction: 0, voucher = 0x12277c910, contents =
	"bsxpc" => <string: 0x12257a250> { string cache = 0x0, length = 10, contents = "invalidate" }
}
[bq50] run EXIT connect-lp=Discovery nev=1
[bq50] connect-lp=Discovery: rejected
[bq50] run ENTER connect-lp=TCCProxy
[bq50] connect-lp=TCCProxy ev#1 [MSG] bsxpc=invalidate: <dictionary: 0x1224a0a00> { count = 1, transaction: 0, voucher = 0x12277c910, contents =
	"bsxpc" => <string: 0x12257a250> { string cache = 0x0, length = 10, contents = "invalidate" }
}
[bq50] connect-lp=TCCProxy ev#2 [ERR] bsxpc=-: <dictionary: 0x205d35460> { count = 1, transaction: 0, voucher = 0x0, contents =
	"XPCErrorDescription" => <string: 0x205d355d0> { string cache = 0x0, length = 22, contents = "Connection interrupted" }
}
[bq50] run EXIT connect-lp=TCCProxy nev=2
[bq50] connect-lp=TCCProxy: rejected
[bq50] run ENTER connect-lp=Launch
[bq50] connect-lp=Launch ev#1 [MSG] bsxpc=invalidate: <dictionary: 0x1224a0a00> { count = 1, transaction: 0, voucher = 0x12277c960, contents =
	"bsxpc" => <string: 0x12281c210> { string cache = 0x0, length = 10, contents = "invalidate" }
}
[bq50] connect-lp=Launch ev#2 [ERR] bsxpc=-: <dictionary: 0x205d35460> { count = 1, transaction: 0, voucher = 0x0, contents =
	"XPCErrorDescription" => <string: 0x205d355d0> { string cache = 0x0, length = 22, contents = "Connection interrupted" }
}
[bq50] run EXIT connect-lp=Launch nev=2
[bq50] connect-lp=Launch: rejected
[bq50] run ENTER connect-lp=Observer
[bq50] connect-lp=Observer ev#1 [MSG] bsxpc=invalidate: <dictionary: 0x1224a0a00> { count = 1, transaction: 0, voucher = 0x12277c500, contents =
	"bsxpc" => <string: 0x12281c210> { string cache = 0x0, length = 10, contents = "invalidate" }
}
[bq50] connect-lp=Observer ev#2 [ERR] bsxpc=-: <dictionary: 0x205d35460> { count = 1, transaction: 0, voucher = 0x0, contents =
	"XPCErrorDescription" => <string: 0x205d355d0> { string cache = 0x0, length = 22, contents = "Connection interrupted" }
}
[bq50] run EXIT connect-lp=Observer nev=2
[bq50] connect-lp=Observer: rejected
[bq50] run ENTER sel=description
[bq50] sel=description ev#1 [MSG] bsxpc=invalidate: <dictionary: 0x1224a0a00> { count = 1, transaction: 0, voucher = 0x12277c960, contents =
	"bsxpc" => <string: 0x12281c240> { string cache = 0x0, length = 10, contents = "invalidate" }
}
[bq50] sel=description ev#2 [ERR] bsxpc=-: <dictionary: 0x205d35460> { count = 1, transaction: 0, voucher = 0x0, contents =
	"XPCErrorDescription" => <string: 0x205d355d0> { string cache = 0x0, length = 22, contents = "Connection interrupted" }
}
[bq50] run EXIT sel=description nev=2
[bq50] sel=description: rejected
[bq50] run ENTER sel=ping
[bq50] sel=ping ev#1 [MSG] bsxpc=invalidate: <dictionary: 0x1224a0a00> { count = 1, transaction: 0, voucher = 0x12277c960, contents =
	"bsxpc" => <string: 0x12281cea0> { string cache = 0x0, length = 10, contents = "invalidate" }
}
[bq50] sel=ping ev#2 [ERR] bsxpc=-: <dictionary: 0x205d35460> { count = 1, transaction: 0, voucher = 0x0, contents =
	"XPCErrorDescription" => <string: 0x205d355d0> { string cache = 0x0, length = 22, contents = "Connection interrupted" }
}
[bq50] run EXIT sel=ping nev=2
[bq50] sel=ping: rejected
[bq50] run ENTER sel=connect
[bq50] sel=connect ev#1 [MSG] bsxpc=invalidate: <dictionary: 0x1224a0a00> { count = 1, transaction: 0, voucher = 0x12277c960, contents =
	"bsxpc" => <string: 0x12281d3b0> { string cache = 0x0, length = 10, contents = "invalidate" }
}
[bq50] sel=connect ev#2 [ERR] bsxpc=-: <dictionary: 0x205d35460> { count = 1, transaction: 0, voucher = 0x0, contents =
	"XPCErrorDescription" => <string: 0x205d355d0> { string cache = 0x0, length = 22, contents = "Connection interrupted" }
}
[bq50] run EXIT sel=connect nev=2
[bq50] sel=connect: rejected
[bq50] run ENTER seq-activate+sel
[bq50] seq-activate+sel ev#1 [MSG] bsxpc=invalidate: <dictionary: 0x1224a0a00> { count = 1, transaction: 0, voucher = 0x12277c960, contents =
	"bsxpc" => <string: 0x12281ce70> { string cache = 0x0, length = 10, contents = "invalidate" }
}
[bq50] seq-activate+sel ev#2 [ERR] bsxpc=-: <dictionary: 0x205d35460> { count = 1, transaction: 0, voucher = 0x0, contents =
	"XPCErrorDescription" => <string: 0x205d355d0> { string cache = 0x0, length = 22, contents = "Connection interrupted" }
}
[bq50] run EXIT seq-activate+sel nev=2
[bq50] seq: оба отклонены (nev=2)
[bq50] done: control=1 pos=0 noreply=0
[bq50] VERDICT: все варианты получили invalidate — activate/connect/SEL на base-соединении отклоняются
[probe13] bq50-only mode, stop
