[main] fuzz harness up, mode=scaler
[main] sandbox note: VCPDRM open is MACF-denied (iokit-open-user-client VCPDRMUserClient); mach-lookup com.apple.sprr / com.apple.jitbox exist but are sandbox-gated (seen in kernel log)
[open] AppleM2ScalerCSCDriver -> conn 0x5607
[scaler] conn 0x5607, s1 13 s2 14
[probe12] SetNotificationPort -> 0x00000000
[bq15] v176 feed-DB owner: on-disk bundle scan (cache exonerated)
[bq15] CONTROL §170 point -> handle 1
[bq15] root /Applications
[bq15] root /Applications: +0 scanned, +1 denied
[bq15] root /System/Applications
[bq15] root /System/Applications: +0 scanned, +1 denied
[bq15] root /System/Library/ExtensionKit
[bq15] ... scanned 255 (denied 2, skipped 1657)
[bq15] ... scanned 255 (denied 2, skipped 1657)
[bq15] ... scanned 255 (denied 2, skipped 1657)
[bq15] ... scanned 255 (denied 2, skipped 1657)
[bq15] ... scanned 255 (denied 2, skipped 1657)
[bq15] ... scanned 255 (denied 2, skipped 1657)
[bq15] ... scanned 255 (denied 2, skipped 1657)
[bq15] ... scanned 255 (denied 2, skipped 1657)
[bq15] ... scanned 255 (denied 2, skipped 1657)
[bq15] ... scanned 255 (denied 2, skipped 1657)
[bq15] ... scanned 255 (denied 2, skipped 1657)
[bq15] ... scanned 255 (denied 2, skipped 1657)
[bq15] ... scanned 255 (denied 2, skipped 1657)
[bq15] ... scanned 255 (denied 2, skipped 1657)
[bq15] ... scanned 255 (denied 2, skipped 1657)
[bq15] ... scanned 255 (denied 2, skipped 1657)
[bq15] ... scanned 255 (denied 2, skipped 1657)
[bq15] ... scanned 255 (denied 2, skipped 1657)
[bq15] ... scanned 255 (denied 2, skipped 1657)
[bq15] ... scanned 255 (denied 2, skipped 1657)
[bq15] ... scanned 255 (denied 2, skipped 1658)
[bq15] ... scanned 255 (denied 2, skipped 1658)
[bq15] ... scanned 255 (denied 2, skipped 1658)
[bq15] ... scanned 255 (denied 2, skipped 1658)
[bq15] ... scanned 255 (denied 2, skipped 1658)
[bq15] ... scanned 255 (denied 2, skipped 1659)
[bq15] ... scanned 255 (denied 2, skipped 1659)
[bq15] ... scanned 255 (denied 2, skipped 1660)
[bq15] ... scanned 255 (denied 2, skipped 1661)
[bq15] ... scanned 255 (denied 2, skipped 1661)
[bq15] ... scanned 255 (denied 2, skipped 1662)
[bq15] ... scanned 255 (denied 2, skipped 1662)
[bq15] ... scanned 255 (denied 2, skipped 1662)
[bq15] ... scanned 255 (denied 2, skipped 1662)
[bq15] ... scanned 255 (denied 2, skipped 1662)
[bq15]   HIT /System/Library/ExtensionKit/Extensions/WritingToolsAppIntentsExtension.appex/WritingToolsAppIntentsExtension <- "lnValue"
[bq15] root /System/Library/ExtensionKit: +297 scanned, +0 denied
[bq15] root /System/Library/CoreServices
[bq15] root /System/Library/CoreServices: +51 scanned, +0 denied
[bq15] root /System/Library
[bq15] ... scanned 511 (denied 2, skipped 5733)
[bq15] ... scanned 511 (denied 2, skipped 5733)
[bq15] ... scanned 767 (denied 2, skipped 14897)
[bq15] ... scanned 767 (denied 2, skipped 14897)
[bq15] ... scanned 767 (denied 2, skipped 14897)
[bq15] ... scanned 767 (denied 2, skipped 14897)
[bq15] ... scanned 767 (denied 2, skipped 14897)
[bq15] ... scanned 767 (denied 2, skipped 14897)
[bq15] ... scanned 767 (denied 2, skipped 14897)
[bq15] ... scanned 767 (denied 2, skipped 14897)
[bq15] ... scanned 767 (denied 2, skipped 14898)
[bq15] ... scanned 767 (denied 2, skipped 14898)
[bq15] ... scanned 767 (denied 2, skipped 14898)
[bq15] ... scanned 767 (denied 2, skipped 14898)
[bq15] ... scanned 767 (denied 2, skipped 14898)
[bq15] ... scanned 767 (denied 2, skipped 14898)
[bq15] ... scanned 767 (denied 2, skipped 14898)
[bq15] ... scanned 767 (denied 2, skipped 14898)
[bq15] ... scanned 767 (denied 2, skipped 14898)
[bq15] ... scanned 767 (denied 2, skipped 14898)
[bq15] ... scanned 767 (denied 2, skipped 14899)
[bq15] ... scanned 767 (denied 2, skipped 14900)
[bq15] ... scanned 767 (denied 2, skipped 14900)
[bq15] ... scanned 767 (denied 2, skipped 14901)
[bq15] ... scanned 767 (denied 2, skipped 14901)
[bq15] ... scanned 767 (denied 2, skipped 14901)
[bq15] ... scanned 767 (denied 2, skipped 14901)
[bq15] ... scanned 767 (denied 2, skipped 14901)
[bq15] ... scanned 767 (denied 2, skipped 14901)
[bq15] ... scanned 767 (denied 2, skipped 14901)
[bq15] ... scanned 767 (denied 2, skipped 14901)
[bq15] ... scanned 767 (denied 2, skipped 14901)
[bq15] ... scanned 767 (denied 2, skipped 14901)
[bq15] ... scanned 767 (denied 2, skipped 14901)
[bq15] ... scanned 767 (denied 2, skipped 14901)
[bq15] ... scanned 767 (denied 2, skipped 14901)
[bq15] ... scanned 767 (denied 2, skipped 14901)
[bq15] ... scanned 767 (denied 2, skipped 14901)
[bq15] ... scanned 767 (denied 2, skipped 14901)
[bq15] ... scanned 767 (denied 2, skipped 14901)
[bq15] ... scanned 767 (denied 2, skipped 14901)
[bq15] ... scanned 767 (denied 2, skipped 14901)
[bq15] ... scanned 767 (denied 2, skipped 14901)
[bq15] ... scanned 767 (denied 2, skipped 14901)
[bq15] ... scanned 767 (denied 2, skipped 14901)
[bq15] ... scanned 767 (denied 2, skipped 14901)
[bq15] ... scanned 767 (denied 2, skipped 14901)
[bq15] ... scanned 767 (denied 2, skipped 14902)
[bq15] ... scanned 767 (denied 2, skipped 14902)
[bq15] ... scanned 767 (denied 2, skipped 14902)
[bq15] ... scanned 767 (denied 2, skipped 14902)
[bq15]   HIT /System/Library/Snippets/UIPlugins/MusicRecognitionUIPlugin.bundle/MusicRecognitionUIPlugin <- "lnValue"
[bq15] ... scanned 1023 (denied 2, skipped 23230)
[bq15] ... scanned 1023 (denied 2, skipped 23231)
[bq15] ... scanned 1023 (denied 2, skipped 23231)
[bq15] ... scanned 1023 (denied 2, skipped 23231)
[bq15] ... scanned 1023 (denied 2, skipped 23231)
[bq15] ... scanned 1023 (denied 2, skipped 23231)
[bq15] ... scanned 1023 (denied 2, skipped 23231)
[bq15] ... scanned 1023 (denied 2, skipped 23231)
[bq15] ... scanned 1279 (denied 2, skipped 25150)
[bq15] ... scanned 1279 (denied 2, skipped 25150)
[bq15] ... scanned 1279 (denied 2, skipped 25150)
[bq15] ... scanned 1279 (denied 2, skipped 25150)
[bq15] ... scanned 1279 (denied 2, skipped 25151)
[bq15] ... scanned 1279 (denied 2, skipped 25153)
[bq15] ... scanned 1279 (denied 2, skipped 25154)
[bq15] ... scanned 1279 (denied 2, skipped 25155)
[bq15] ... scanned 1279 (denied 2, skipped 25156)
[bq15] ... scanned 1279 (denied 2, skipped 25157)
[bq15] ... scanned 1279 (denied 2, skipped 25157)
[bq15] ... scanned 1279 (denied 2, skipped 25157)
[bq15] ... scanned 1279 (denied 2, skipped 25157)
[bq15] ... scanned 1279 (denied 2, skipped 25157)
[bq15] ... scanned 1279 (denied 2, skipped 25157)
[bq15] ... scanned 1279 (denied 2, skipped 25157)
[bq15] ... scanned 1279 (denied 2, skipped 25158)
[bq15] ... scanned 1279 (denied 2, skipped 25158)
[bq15] ... scanned 1279 (denied 2, skipped 25158)
[bq15] ... scanned 1279 (denied 2, skipped 25158)
[bq15] ... scanned 1279 (denied 2, skipped 25158)
[bq15] ... scanned 1279 (denied 2, skipped 25158)
[bq15] ... scanned 1279 (denied 2, skipped 25158)
[bq15] ... scanned 1279 (denied 2, skipped 25158)
[bq15] ... scanned 1279 (denied 2, skipped 25158)
[bq15] ... scanned 1279 (denied 2, skipped 25158)
[bq15] ... scanned 1279 (denied 2, skipped 25158)
[bq15] ... scanned 1279 (denied 2, skipped 25158)
[bq15] ... scanned 1279 (denied 2, skipped 25158)
[bq15] ... scanned 1279 (denied 2, skipped 25158)
[bq15] ... scanned 1279 (denied 2, skipped 25158)
[bq15] ... scanned 1279 (denied 2, skipped 25158)
[bq15] ... scanned 1279 (denied 2, skipped 25158)
[bq15] ... scanned 1279 (denied 2, skipped 25158)
[bq15] ... scanned 1279 (denied 2, skipped 25158)
[bq15] ... scanned 1279 (denied 2, skipped 25158)
[bq15] ... scanned 1279 (denied 2, skipped 25158)
[bq15] ... scanned 1279 (denied 2, skipped 25159)
[bq15] ... scanned 1279 (denied 2, skipped 25159)
[bq15] ... scanned 1279 (denied 2, skipped 25159)
[bq15] ... scanned 1279 (denied 2, skipped 25159)
[bq15] ... scanned 1279 (denied 2, skipped 25159)
[bq15] ... scanned 1279 (denied 2, skipped 25159)
[bq15] ... scanned 1279 (denied 2, skipped 25159)
[bq15] ... scanned 1279 (denied 2, skipped 25159)
[bq15] ... scanned 1535 (denied 2, skipped 27234)
[bq15] ... scanned 1535 (denied 2, skipped 27234)
[bq15] ... scanned 1535 (denied 2, skipped 27235)
[bq15] ... scanned 1535 (denied 2, skipped 27235)
[bq15] ... scanned 1535 (denied 2, skipped 27235)
[bq15] ... scanned 1535 (denied 2, skipped 27235)
[bq15] ... scanned 1535 (denied 2, skipped 27235)
[bq15] ... scanned 1535 (denied 2, skipped 27235)
[bq15] ... scanned 1535 (denied 2, skipped 27235)
[bq15] ... scanned 1535 (denied 2, skipped 27235)
[bq15] ... scanned 1535 (denied 2, skipped 27235)
[bq15] ... scanned 1535 (denied 2, skipped 27235)
[bq15] ... scanned 1535 (denied 2, skipped 27235)
[bq15] ... scanned 1535 (denied 2, skipped 27235)
[bq15] ... scanned 1535 (denied 2, skipped 27235)
[bq15] ... scanned 1535 (denied 2, skipped 27235)
[bq15] ... scanned 1535 (denied 2, skipped 27235)
[bq15] ... scanned 1535 (denied 2, skipped 27235)
[bq15] ... scanned 1535 (denied 2, skipped 27235)
[bq15] ... scanned 1535 (denied 2, skipped 27235)
[bq15] ... scanned 1535 (denied 2, skipped 27235)
[bq15] ... scanned 1535 (denied 2, skipped 27235)
[bq15] ... scanned 1535 (denied 2, skipped 27236)
[bq15] ... scanned 1791 (denied 2, skipped 30156)
[bq15] ... scanned 1791 (denied 2, skipped 30157)
[bq15] ... scanned 1791 (denied 2, skipped 30158)
[bq15] ... scanned 1791 (denied 2, skipped 30158)
[bq15] ... scanned 1791 (denied 2, skipped 30158)
[bq15] ... scanned 1791 (denied 2, skipped 30158)
[bq15] ... scanned 1791 (denied 2, skipped 30158)
[bq15] ... scanned 1791 (denied 2, skipped 30158)
[bq15] ... scanned 1791 (denied 2, skipped 30158)
[bq15] ... scanned 1791 (denied 2, skipped 30159)
[bq15] ... scanned 1791 (denied 2, skipped 30159)
[bq15] ... scanned 1791 (denied 2, skipped 30159)
[bq15] ... scanned 1791 (denied 2, skipped 30159)
[bq15] ... scanned 1791 (denied 2, skipped 30159)
[bq15] ... scanned 1791 (denied 2, skipped 30159)
[bq15] ... scanned 1791 (denied 2, skipped 30159)
[bq15] ... scanned 1791 (denied 2, skipped 30159)
[bq15] ... scanned 1791 (denied 2, skipped 30159)
[bq15] ... scanned 1791 (denied 2, skipped 30159)
[bq15] ... scanned 1791 (denied 2, skipped 30159)
[bq15] ... scanned 1791 (denied 2, skipped 30159)
[bq15] ... scanned 1791 (denied 2, skipped 30159)
[bq15] ... scanned 1791 (denied 2, skipped 30159)
[bq15] ... scanned 1791 (denied 2, skipped 30159)
[bq15] ... scanned 1791 (denied 2, skipped 30159)
[bq15] ... scanned 1791 (denied 2, skipped 30159)
[bq15] ... scanned 1791 (denied 2, skipped 30159)
[bq15] ... scanned 1791 (denied 2, skipped 30159)
[bq15] ... scanned 1791 (denied 2, skipped 30160)
[bq15] ... scanned 1791 (denied 2, skipped 30160)
[bq15] ... scanned 1791 (denied 2, skipped 30160)
[bq15] ... scanned 1791 (denied 2, skipped 30160)
[bq15] ... scanned 1791 (denied 2, skipped 30160)
[bq15] ... scanned 1791 (denied 2, skipped 30160)
[bq15] ... scanned 1791 (denied 2, skipped 30160)
[bq15] ... scanned 1791 (denied 2, skipped 30160)
[bq15] ... scanned 1791 (denied 2, skipped 30160)
[bq15] ... scanned 1791 (denied 2, skipped 30160)
[bq15] ... scanned 1791 (denied 2, skipped 30161)
[bq15] ... scanned 1791 (denied 2, skipped 30161)
[bq15] ... scanned 2047 (denied 2, skipped 34619)
[bq15] ... scanned 2047 (denied 2, skipped 34621)
[bq15] ... scanned 2047 (denied 2, skipped 34621)
[bq15] ... scanned 2047 (denied 2, skipped 34622)
[bq15] ... scanned 2047 (denied 2, skipped 34632)
[bq15] ... scanned 2047 (denied 2, skipped 34633)
[bq15] ... scanned 2047 (denied 2, skipped 34635)
[bq15] ... scanned 2047 (denied 2, skipped 34635)
[bq15] ... scanned 2047 (denied 2, skipped 34637)
[bq15] ... scanned 2047 (denied 2, skipped 34638)
[bq15] ... scanned 2047 (denied 2, skipped 34639)
[bq15] ... scanned 2047 (denied 2, skipped 34640)
[bq15] ... scanned 2047 (denied 2, skipped 34641)
[bq15] ... scanned 2047 (denied 2, skipped 34642)
[bq15] ... scanned 2047 (denied 2, skipped 34643)
[bq15] ... scanned 2047 (denied 2, skipped 34643)
[bq15] ... scanned 2047 (denied 2, skipped 34643)
[bq15] ... scanned 2047 (denied 2, skipped 34643)
[bq15] ... scanned 2047 (denied 2, skipped 34643)
[bq15] ... scanned 2047 (denied 2, skipped 34643)
[bq15] ... scanned 2047 (denied 2, skipped 34643)
[bq15] ... scanned 2047 (denied 2, skipped 34644)
[bq15] ... scanned 2047 (denied 2, skipped 34644)
[bq15] ... scanned 2047 (denied 2, skipped 34644)
[bq15] ... scanned 2047 (denied 2, skipped 34644)
[bq15] ... scanned 2047 (denied 2, skipped 34649)
[bq15] ... scanned 2047 (denied 2, skipped 34650)
[bq15] ... scanned 2047 (denied 2, skipped 34652)
[bq15] ... scanned 2047 (denied 2, skipped 34652)
[bq15] ... scanned 2047 (denied 2, skipped 34657)
[bq15] ... scanned 2047 (denied 2, skipped 34658)
[bq15] ... scanned 2047 (denied 2, skipped 34660)
[bq15] ... scanned 2047 (denied 2, skipped 34660)
[bq15] ... scanned 2047 (denied 2, skipped 34660)
[bq15] ... scanned 2047 (denied 2, skipped 34660)
[bq15] ... scanned 2047 (denied 2, skipped 34660)
[bq15] ... scanned 2047 (denied 2, skipped 34660)
[bq15] ... scanned 2047 (denied 2, skipped 34660)
[bq15] ... scanned 2047 (denied 2, skipped 34660)
[bq15] ... scanned 2047 (denied 2, skipped 34660)
[bq15] ... scanned 2047 (denied 2, skipped 34660)
[bq15] ... scanned 2047 (denied 2, skipped 34660)
[bq15] ... scanned 2047 (denied 2, skipped 34660)
[bq15] ... scanned 2047 (denied 2, skipped 34660)
[bq15] ... scanned 2047 (denied 2, skipped 34660)
[bq15] ... scanned 2047 (denied 2, skipped 34660)
[bq15] ... scanned 2047 (denied 2, skipped 34660)
[bq15] ... scanned 2047 (denied 2, skipped 34660)
[bq15] ... scanned 2047 (denied 2, skipped 34661)
[bq15] ... scanned 2047 (denied 2, skipped 34661)
[bq15] ... scanned 2047 (denied 2, skipped 34661)
[bq15] ... scanned 2047 (denied 2, skipped 34661)
[bq15] ... scanned 2047 (denied 2, skipped 34661)
[bq15] ... scanned 2047 (denied 2, skipped 34661)
[bq15] ... scanned 2047 (denied 2, skipped 34661)
[bq15] ... scanned 2047 (denied 2, skipped 34661)
[bq15] ... scanned 2047 (denied 2, skipped 34661)
[bq15] ... scanned 2047 (denied 2, skipped 34661)
[bq15] ... scanned 2047 (denied 2, skipped 34662)
[bq15] ... scanned 2047 (denied 2, skipped 34662)
[bq15] ... scanned 2047 (denied 2, skipped 34662)
[bq15] ... scanned 2047 (denied 2, skipped 34663)
[bq15] ... scanned 2047 (denied 2, skipped 34668)
[bq15] ... scanned 2047 (denied 2, skipped 34669)
[bq15] ... scanned 2047 (denied 2, skipped 34671)
[bq15] ... scanned 2047 (denied 2, skipped 34671)
[bq15] ... scanned 2047 (denied 2, skipped 34676)
[bq15] ... scanned 2047 (denied 2, skipped 34677)
[bq15] ... scanned 2047 (denied 2, skipped 34679)
[bq15] ... scanned 2047 (denied 2, skipped 34679)
[bq15] ... scanned 2047 (denied 2, skipped 34679)
[bq15] ... scanned 2047 (denied 2, skipped 34679)
[bq15] ... scanned 2047 (denied 2, skipped 34680)
[bq15] ... scanned 2047 (denied 2, skipped 34680)
[bq15] ... scanned 2047 (denied 2, skipped 34680)
[bq15] ... scanned 2047 (denied 2, skipped 34680)
[bq15] ... scanned 2047 (denied 2, skipped 34680)
[bq15] ... scanned 2047 (denied 2, skipped 34680)
[bq15] ... scanned 2047 (denied 2, skipped 34685)
[bq15] ... scanned 2047 (denied 2, skipped 34686)
[bq15] ... scanned 2047 (denied 2, skipped 34688)
[bq15] ... scanned 2047 (denied 2, skipped 34688)
[bq15] ... scanned 2047 (denied 2, skipped 34688)
[bq15] ... scanned 2047 (denied 2, skipped 34688)
[bq15] ... scanned 2047 (denied 2, skipped 34688)
[bq15] ... scanned 2047 (denied 2, skipped 34688)
[bq15] ... scanned 2047 (denied 2, skipped 34688)
[bq15] ... scanned 2047 (denied 2, skipped 34688)
[bq15] ... scanned 2047 (denied 2, skipped 34688)
[bq15] ... scanned 2047 (denied 2, skipped 34688)
[bq15] ... scanned 2047 (denied 2, skipped 34688)
[bq15] ... scanned 2047 (denied 2, skipped 34688)
[bq15] ... scanned 2047 (denied 2, skipped 34688)
[bq15] ... scanned 2047 (denied 2, skipped 34688)
[bq15] ... scanned 2047 (denied 2, skipped 34688)
[bq15] ... scanned 2047 (denied 2, skipped 34688)
[bq15] ... scanned 2047 (denied 2, skipped 34688)
[bq15] ... scanned 2047 (denied 2, skipped 34688)
[bq15] ... scanned 2047 (denied 2, skipped 34688)
[bq15] ... scanned 2047 (denied 2, skipped 34688)
[bq15] ... scanned 2047 (denied 2, skipped 34688)
[bq15] ... scanned 2047 (denied 2, skipped 34688)
[bq15] ... scanned 2047 (denied 2, skipped 34688)
[bq15] ... scanned 2047 (denied 2, skipped 34688)
[bq15] ... scanned 2047 (denied 2, skipped 34688)
[bq15] ... scanned 2047 (denied 2, skipped 34688)
[bq15] ... scanned 2047 (denied 2, skipped 34688)
[bq15] ... scanned 2047 (denied 2, skipped 34688)
[bq15] ... scanned 2047 (denied 2, skipped 34688)
[bq15] ... scanned 2047 (denied 2, skipped 34688)
[bq15] ... scanned 2047 (denied 2, skipped 34688)
[bq15] ... scanned 2047 (denied 2, skipped 34688)
[bq15] ... scanned 2047 (denied 2, skipped 34688)
[bq15] ... scanned 2047 (denied 2, skipped 34688)
[bq15] ... scanned 2047 (denied 2, skipped 34688)
[bq15] ... scanned 2047 (denied 2, skipped 34688)
[bq15] ... scanned 2047 (denied 2, skipped 34688)
[bq15] ... scanned 2047 (denied 2, skipped 34689)
[bq15] ... scanned 2047 (denied 2, skipped 34689)
[bq15] ... scanned 2047 (denied 2, skipped 34689)
[bq15] ... scanned 2047 (denied 2, skipped 34689)
[bq15] ... scanned 2047 (denied 2, skipped 34689)
[bq15] ... scanned 2047 (denied 2, skipped 34689)
[bq15] ... scanned 2047 (denied 2, skipped 34689)
[bq15] ... scanned 2047 (denied 2, skipped 34689)
[bq15] ... scanned 2047 (denied 2, skipped 34689)
[bq15] ... scanned 2047 (denied 2, skipped 34689)
[bq15] ... scanned 2047 (denied 2, skipped 34689)
[bq15] ... scanned 2047 (denied 2, skipped 34689)
[bq15] ... scanned 2047 (denied 2, skipped 34689)
[bq15] ... scanned 2047 (denied 2, skipped 34690)
[bq15] ... scanned 2047 (denied 2, skipped 34690)
[bq15] ... scanned 2047 (denied 2, skipped 34690)
[bq15] ... scanned 2047 (denied 2, skipped 34690)
[bq15] ... scanned 2047 (denied 2, skipped 34691)
[bq15] ... scanned 2047 (denied 2, skipped 34691)
[bq15] ... scanned 2047 (denied 2, skipped 34691)
[bq15] ... scanned 2047 (denied 2, skipped 34691)
[bq15] ... scanned 2047 (denied 2, skipped 34691)
[bq15] ... scanned 2047 (denied 2, skipped 34691)
[bq15] ... scanned 2047 (denied 2, skipped 34691)
[bq15] ... scanned 2047 (denied 2, skipped 34691)
[bq15] ... scanned 2047 (denied 2, skipped 34691)
[bq15] ... scanned 2047 (denied 2, skipped 34692)
[bq15] ... scanned 2047 (denied 2, skipped 34692)
[bq15] ... scanned 2047 (denied 2, skipped 34692)
[bq15] ... scanned 2047 (denied 2, skipped 34692)
[bq15] ... scanned 2047 (denied 2, skipped 34692)
[bq15] ... scanned 2047 (denied 2, skipped 34692)
[bq15] ... scanned 2047 (denied 2, skipped 34692)
[bq15] ... scanned 2047 (denied 2, skipped 34692)
[bq15] ... scanned 2047 (denied 2, skipped 34692)
[bq15] ... scanned 2047 (denied 2, skipped 34692)
[bq15] ... scanned 2047 (denied 2, skipped 34692)
[bq15] ... scanned 2047 (denied 2, skipped 34692)
[bq15] ... scanned 2047 (denied 2, skipped 34692)
[bq15] ... scanned 2047 (denied 2, skipped 34692)
[bq15] ... scanned 2047 (denied 2, skipped 34692)
[bq15] ... scanned 2047 (denied 2, skipped 34692)
[bq15] ... scanned 2047 (denied 2, skipped 34692)
[bq15] ... scanned 2047 (denied 2, skipped 34692)
[bq15] ... scanned 2047 (denied 2, skipped 34692)
[bq15] ... scanned 2047 (denied 2, skipped 34692)
[bq15] ... scanned 2047 (denied 2, skipped 34692)
[bq15] ... scanned 2047 (denied 2, skipped 34692)
[bq15] ... scanned 2047 (denied 2, skipped 34692)
[bq15] ... scanned 2047 (denied 2, skipped 34692)
[bq15] ... scanned 2047 (denied 2, skipped 34692)
[bq15] ... scanned 2047 (denied 2, skipped 34692)
[bq15] ... scanned 2047 (denied 2, skipped 34692)
[bq15] ... scanned 2047 (denied 2, skipped 34692)
[bq15] ... scanned 2047 (denied 2, skipped 34692)
[bq15] ... scanned 2047 (denied 2, skipped 34692)
[bq15] ... scanned 2047 (denied 2, skipped 34692)
[bq15] ... scanned 2047 (denied 2, skipped 34692)
[bq15] ... scanned 2047 (denied 2, skipped 34692)
[bq15] ... scanned 2047 (denied 2, skipped 34693)
[bq15] ... scanned 2047 (denied 2, skipped 34693)
[bq15] ... scanned 2047 (denied 2, skipped 34693)
[bq15] ... scanned 2047 (denied 2, skipped 34693)
[bq15] ... scanned 2047 (denied 2, skipped 34693)
[bq15] ... scanned 2047 (denied 2, skipped 34693)
[bq15] ... scanned 2047 (denied 2, skipped 34693)
[bq15] ... scanned 2047 (denied 2, skipped 34693)
[bq15] ... scanned 2047 (denied 2, skipped 34693)
[bq15] ... scanned 2047 (denied 2, skipped 34693)
[bq15] ... scanned 2047 (denied 2, skipped 34693)
[bq15] ... scanned 2047 (denied 2, skipped 34693)
[bq15] ... scanned 2047 (denied 2, skipped 34693)
[bq15] ... scanned 2047 (denied 2, skipped 34694)
[bq15] ... scanned 2047 (denied 2, skipped 34694)
[bq15] ... scanned 2047 (denied 2, skipped 34694)
[bq15] ... scanned 2047 (denied 2, skipped 34694)
[bq15] ... scanned 2047 (denied 2, skipped 34694)
[bq15] ... scanned 2047 (denied 2, skipped 34694)
[bq15] ... scanned 2047 (denied 2, skipped 34694)
[bq15] ... scanned 2047 (denied 2, skipped 34694)
[bq15] ... scanned 2047 (denied 2, skipped 34694)
[bq15] ... scanned 2047 (denied 2, skipped 34694)
[bq15] ... scanned 2047 (denied 2, skipped 34694)
[bq15] ... scanned 2047 (denied 2, skipped 34694)
[bq15] ... scanned 2047 (denied 2, skipped 34694)
[bq15] ... scanned 2047 (denied 2, skipped 34694)
[bq15] ... scanned 2047 (denied 2, skipped 34694)
[bq15] ... scanned 2047 (denied 2, skipped 34695)
[bq15] ... scanned 2047 (denied 2, skipped 34695)
[bq15] ... scanned 2047 (denied 2, skipped 34695)
[bq15] ... scanned 2047 (denied 2, skipped 34695)
[bq15] ... scanned 2047 (denied 2, skipped 34695)
[bq15] ... scanned 2047 (denied 2, skipped 34696)
[bq15] ... scanned 2047 (denied 2, skipped 34698)
[bq15] ... scanned 2047 (denied 2, skipped 34702)
[bq15] ... scanned 2047 (denied 2, skipped 34709)
[bq15] ... scanned 2047 (denied 2, skipped 34709)
[bq15] ... scanned 2047 (denied 2, skipped 34709)
[bq15] ... scanned 2047 (denied 2, skipped 34709)
[bq15] ... scanned 2047 (denied 2, skipped 34709)
[bq15] ... scanned 2047 (denied 2, skipped 34709)
[bq15] ... scanned 2047 (denied 2, skipped 34709)
[bq15] ... scanned 2047 (denied 2, skipped 34710)
[bq15] ... scanned 2047 (denied 2, skipped 34710)
[bq15] ... scanned 2047 (denied 2, skipped 34710)
[bq15] ... scanned 2047 (denied 2, skipped 34710)
[bq15] ... scanned 2047 (denied 2, skipped 34710)
[bq15] ... scanned 2047 (denied 2, skipped 34710)
[bq15] ... scanned 2047 (denied 2, skipped 34710)
[bq15] ... scanned 2047 (denied 2, skipped 34710)
[bq15] ... scanned 2047 (denied 2, skipped 34710)
[bq15] ... scanned 2047 (denied 2, skipped 34710)
[bq15] ... scanned 2047 (denied 2, skipped 34710)
[bq15] ... scanned 2047 (denied 2, skipped 34710)
[bq15] ... scanned 2047 (denied 2, skipped 34710)
[bq15] ... scanned 2047 (denied 2, skipped 34710)
[bq15] ... scanned 2047 (denied 2, skipped 34710)
[bq15] ... scanned 2047 (denied 2, skipped 34710)
[bq15] ... scanned 2047 (denied 2, skipped 34710)
[bq15] ... scanned 2047 (denied 2, skipped 34710)
[bq15] ... scanned 2047 (denied 2, skipped 34710)
[bq15] ... scanned 2047 (denied 2, skipped 34711)
[bq15] ... scanned 2047 (denied 2, skipped 34711)
[bq15] ... scanned 2047 (denied 2, skipped 34711)
[bq15] ... scanned 2047 (denied 2, skipped 34711)
[bq15] ... scanned 2047 (denied 2, skipped 34711)
[bq15] ... scanned 2047 (denied 2, skipped 34711)
[bq15] ... scanned 2047 (denied 2, skipped 34711)
[bq15] ... scanned 2047 (denied 2, skipped 34711)
[bq15] ... scanned 2047 (denied 2, skipped 34711)
[bq15] ... scanned 2047 (denied 2, skipped 34711)
[bq15] ... scanned 2047 (denied 2, skipped 34711)
[bq15] ... scanned 2047 (denied 2, skipped 34711)
[bq15] ... scanned 2047 (denied 2, skipped 34711)
[bq15] ... scanned 2047 (denied 2, skipped 34714)
[bq15] ... scanned 2047 (denied 2, skipped 34714)
[bq15] ... scanned 2047 (denied 2, skipped 34714)
[bq15] ... scanned 2047 (denied 2, skipped 34714)
[bq15] ... scanned 2047 (denied 2, skipped 34714)
[bq15] ... scanned 2047 (denied 2, skipped 34714)
[bq15] ... scanned 2047 (denied 2, skipped 34714)
[bq15] ... scanned 2047 (denied 2, skipped 34714)
[bq15] ... scanned 2047 (denied 2, skipped 34714)
[bq15] ... scanned 2047 (denied 2, skipped 34714)
[bq15] ... scanned 2047 (denied 2, skipped 34714)
[bq15] ... scanned 2047 (denied 2, skipped 34714)
[bq15] ... scanned 2047 (denied 2, skipped 34714)
[bq15] ... scanned 2047 (denied 2, skipped 34714)
[bq15] ... scanned 2047 (denied 2, skipped 34714)
[bq15] ... scanned 2047 (denied 2, skipped 34714)
[bq15] ... scanned 2047 (denied 2, skipped 34714)
[bq15] ... scanned 2047 (denied 2, skipped 34714)
[bq15] ... scanned 2047 (denied 2, skipped 34714)
[bq15] ... scanned 2047 (denied 2, skipped 34714)
[bq15] ... scanned 2047 (denied 2, skipped 34714)
[bq15] ... scanned 2047 (denied 2, skipped 34714)
[bq15] ... scanned 2047 (denied 2, skipped 34714)
[bq15] ... scanned 2047 (denied 2, skipped 34714)
[bq15] ... scanned 2047 (denied 2, skipped 34714)
[bq15] ... scanned 2047 (denied 2, skipped 34715)
[bq15] ... scanned 2047 (denied 2, skipped 34715)
[bq15] ... scanned 2047 (denied 2, skipped 34715)
[bq15] ... scanned 2047 (denied 2, skipped 34715)
[bq15] ... scanned 2047 (denied 2, skipped 34715)
[bq15] ... scanned 2047 (denied 2, skipped 34715)
[bq15] ... scanned 2047 (denied 2, skipped 34715)
[bq15] ... scanned 2047 (denied 2, skipped 34715)
[bq15] ... scanned 2047 (denied 2, skipped 34715)
[bq15] ... scanned 2047 (denied 2, skipped 34715)
[bq15] ... scanned 2047 (denied 2, skipped 34715)
[bq15] ... scanned 2047 (denied 2, skipped 34715)
[bq15] ... scanned 2047 (denied 2, skipped 34715)
[bq15] ... scanned 2047 (denied 2, skipped 34715)
[bq15] ... scanned 2047 (denied 2, skipped 34715)
[bq15] ... scanned 2047 (denied 2, skipped 34715)
[bq15] ... scanned 2047 (denied 2, skipped 34715)
[bq15] ... scanned 2047 (denied 2, skipped 34715)
[bq15] ... scanned 2047 (denied 2, skipped 34715)
[bq15] ... scanned 2047 (denied 2, skipped 34716)
[bq15] ... scanned 2047 (denied 2, skipped 34716)
[bq15] ... scanned 2047 (denied 2, skipped 34716)
[bq15] ... scanned 2047 (denied 2, skipped 34716)
[bq15] ... scanned 2047 (denied 2, skipped 34716)
[bq15] ... scanned 2047 (denied 2, skipped 34716)
[bq15] ... scanned 2047 (denied 2, skipped 34716)
[bq15] ... scanned 2047 (denied 2, skipped 34716)
[bq15] ... scanned 2047 (denied 2, skipped 34716)
[bq15] ... scanned 2047 (denied 2, skipped 34716)
[bq15] ... scanned 2047 (denied 2, skipped 34716)
[bq15] ... scanned 2047 (denied 2, skipped 34716)
[bq15] ... scanned 2047 (denied 2, skipped 34716)
[bq15] ... scanned 2047 (denied 2, skipped 34717)
[bq15] ... scanned 2047 (denied 2, skipped 34717)
[bq15] ... scanned 2047 (denied 2, skipped 34717)
[bq15] ... scanned 2047 (denied 2, skipped 34717)
[bq15] ... scanned 2047 (denied 2, skipped 34717)
[bq15] ... scanned 2047 (denied 2, skipped 34717)
[bq15] ... scanned 2047 (denied 2, skipped 34717)
[bq15] ... scanned 2047 (denied 2, skipped 34717)
[bq15] ... scanned 2047 (denied 2, skipped 34717)
[bq15] ... scanned 2047 (denied 2, skipped 34717)
[bq15] ... scanned 2047 (denied 2, skipped 34717)
[bq15] ... scanned 2047 (denied 2, skipped 34717)
[bq15] ... scanned 2047 (denied 2, skipped 34717)
[bq15] ... scanned 2047 (denied 2, skipped 34717)
[bq15] ... scanned 2047 (denied 2, skipped 34717)
[bq15] ... scanned 2047 (denied 2, skipped 34717)
[bq15] ... scanned 2047 (denied 2, skipped 34717)
[bq15] ... scanned 2047 (denied 2, skipped 34717)
[bq15] ... scanned 2047 (denied 2, skipped 34717)
[bq15] ... scanned 2047 (denied 2, skipped 34717)
[bq15] ... scanned 2047 (denied 2, skipped 34717)
[bq15] ... scanned 2047 (denied 2, skipped 34717)
[bq15] ... scanned 2047 (denied 2, skipped 34717)
[bq15] ... scanned 2047 (denied 2, skipped 34717)
[bq15] ... scanned 2047 (denied 2, skipped 34717)
[bq15] ... scanned 2047 (denied 2, skipped 34717)
[bq15] ... scanned 2047 (denied 2, skipped 34717)
[bq15] ... scanned 2303 (denied 2, skipped 44180)
[bq15] ... scanned 2303 (denied 2, skipped 44180)
[bq15] ... scanned 2303 (denied 2, skipped 44180)
[bq15] ... scanned 2303 (denied 2, skipped 44180)
[bq15] ... scanned 2303 (denied 2, skipped 44180)
[bq15] ... scanned 2303 (denied 2, skipped 44180)
[bq15] ... scanned 2303 (denied 2, skipped 44180)
[bq15] ... scanned 2303 (denied 2, skipped 44180)
[bq15] ... scanned 2303 (denied 2, skipped 44180)
[bq15] ... scanned 2303 (denied 2, skipped 44180)
[bq15] ... scanned 2303 (denied 2, skipped 44180)
[bq15] ... scanned 2303 (denied 2, skipped 44180)
[bq15] ... scanned 2303 (denied 2, skipped 44180)
[bq15] ... scanned 2303 (denied 2, skipped 44180)
[bq15] ... scanned 2303 (denied 2, skipped 44181)
[bq15] ... scanned 2303 (denied 2, skipped 44181)
[bq15] ... scanned 2303 (denied 2, skipped 44181)
[bq15] ... scanned 2303 (denied 2, skipped 44181)
[bq15] ... scanned 2303 (denied 2, skipped 44181)
[bq15] ... scanned 2303 (denied 2, skipped 44181)
[bq15] ... scanned 2303 (denied 2, skipped 44181)
[bq15] ... scanned 2303 (denied 2, skipped 44182)
[bq15] ... scanned 2303 (denied 2, skipped 44182)
[bq15] ... scanned 2303 (denied 2, skipped 44182)
[bq15] ... scanned 2303 (denied 2, skipped 44183)
[bq15] ... scanned 2303 (denied 2, skipped 44183)
[bq15] ... scanned 2303 (denied 2, skipped 44183)
[bq15] ... scanned 2303 (denied 2, skipped 44184)
[bq15] ... scanned 2303 (denied 2, skipped 44184)
[bq15] ... scanned 2303 (denied 2, skipped 44184)
[bq15] ... scanned 2303 (denied 2, skipped 44184)
[bq15] ... scanned 2303 (denied 2, skipped 44184)
[bq15] ... scanned 2303 (denied 2, skipped 44184)
[bq15] ... scanned 2303 (denied 2, skipped 44184)
[bq15] ... scanned 2303 (denied 2, skipped 44184)
[bq15] ... scanned 2303 (denied 2, skipped 44184)
[bq15] ... scanned 2303 (denied 2, skipped 44184)
[bq15] ... scanned 2303 (denied 2, skipped 44184)
[bq15] ... scanned 2303 (denied 2, skipped 44185)
[bq15] ... scanned 2303 (denied 2, skipped 44185)
[bq15] ... scanned 2303 (denied 2, skipped 44185)
[bq15] ... scanned 2303 (denied 2, skipped 44185)
[bq15] ... scanned 2303 (denied 2, skipped 44185)
[bq15] ... scanned 2303 (denied 2, skipped 44185)
[bq15] ... scanned 2303 (denied 2, skipped 44185)
[bq15] ... scanned 2303 (denied 2, skipped 44185)
[bq15] ... scanned 2303 (denied 2, skipped 44185)
[bq15] ... scanned 2303 (denied 2, skipped 44185)
[bq15] ... scanned 2303 (denied 2, skipped 44185)
[bq15] ... scanned 2303 (denied 2, skipped 44185)
[bq15] ... scanned 2303 (denied 2, skipped 44185)
[bq15] ... scanned 2303 (denied 2, skipped 44186)
[bq15] ... scanned 2303 (denied 2, skipped 44186)
[bq15] ... scanned 2303 (denied 2, skipped 44186)
[bq15] ... scanned 2303 (denied 2, skipped 44186)
[bq15] ... scanned 2303 (denied 2, skipped 44186)
[bq15] ... scanned 2303 (denied 2, skipped 44186)
[bq15] ... scanned 2303 (denied 2, skipped 44186)
[bq15] ... scanned 2303 (denied 2, skipped 44186)
[bq15] ... scanned 2303 (denied 2, skipped 44186)
[bq15] ... scanned 2303 (denied 2, skipped 44186)
[bq15] ... scanned 2303 (denied 2, skipped 44186)
[bq15] ... scanned 2303 (denied 2, skipped 44186)
[bq15] ... scanned 2303 (denied 2, skipped 44186)
[bq15] ... scanned 2303 (denied 2, skipped 44186)
[bq15] ... scanned 2303 (denied 2, skipped 44186)
[bq15] ... scanned 2303 (denied 2, skipped 44186)
[bq15] ... scanned 2303 (denied 2, skipped 44186)
[bq15] ... scanned 2303 (denied 2, skipped 44186)
[bq15] ... scanned 2303 (denied 2, skipped 44187)
[bq15] ... scanned 2303 (denied 2, skipped 44187)
[bq15] ... scanned 2303 (denied 2, skipped 44187)
[bq15] ... scanned 2303 (denied 2, skipped 44187)
[bq15] ... scanned 2303 (denied 2, skipped 44187)
[bq15] ... scanned 2303 (denied 2, skipped 44187)
[bq15] ... scanned 2303 (denied 2, skipped 44187)
[bq15] ... scanned 2303 (denied 2, skipped 44187)
[bq15] ... scanned 2303 (denied 2, skipped 44187)
[bq15] ... scanned 2303 (denied 2, skipped 44187)
[bq15] ... scanned 2303 (denied 2, skipped 44188)
[bq15] ... scanned 2303 (denied 2, skipped 44188)
[bq15] ... scanned 2303 (denied 2, skipped 44188)
[bq15] ... scanned 2303 (denied 2, skipped 44189)
[bq15] ... scanned 2303 (denied 2, skipped 44189)
[bq15] ... scanned 2303 (denied 2, skipped 44189)
[bq15] ... scanned 2303 (denied 2, skipped 44189)
[bq15] ... scanned 2303 (denied 2, skipped 44189)
[bq15] ... scanned 2303 (denied 2, skipped 44189)
[bq15] ... scanned 2303 (denied 2, skipped 44189)
[bq15] ... scanned 2303 (denied 2, skipped 44189)
[bq15] ... scanned 2303 (denied 2, skipped 44189)
[bq15] ... scanned 2303 (denied 2, skipped 44189)
[bq15] ... scanned 2303 (denied 2, skipped 44189)
[bq15]   HIT /System/Library/PrivateFrameworks/AppIntentsLiveEntitySupport.framework/XPCServices/AppIntentsLiveEntityService.xpc/AppIntentsLiveEntityService <- "feedEntries"
[bq15] ... scanned 2559 (denied 2, skipped 62533)
[bq15] ... scanned 2815 (denied 2, skipped 78718)
[bq15] ... scanned 2815 (denied 2, skipped 78718)
[bq15] ... scanned 2815 (denied 2, skipped 78718)
[bq15] ... scanned 2815 (denied 2, skipped 78718)
[bq15] ... scanned 2815 (denied 2, skipped 78718)
[bq15] ... scanned 2815 (denied 2, skipped 78718)
[bq15] ... scanned 2815 (denied 2, skipped 78718)
[bq15] ... scanned 2815 (denied 2, skipped 78718)
[bq15] ... scanned 2815 (denied 2, skipped 78718)
[bq15] ... scanned 2815 (denied 2, skipped 78718)
[bq15] ... scanned 2815 (denied 2, skipped 78718)
[bq15] ... scanned 2815 (denied 2, skipped 78718)
[bq15] ... scanned 2815 (denied 2, skipped 78718)
[bq15] ... scanned 2815 (denied 2, skipped 78718)
[bq15] ... scanned 2815 (denied 2, skipped 78718)
[bq15] ... scanned 2815 (denied 2, skipped 78718)
[bq15] ... scanned 2815 (denied 2, skipped 78718)
[bq15] ... scanned 2815 (denied 2, skipped 78718)
[bq15] ... scanned 2815 (denied 2, skipped 78719)
[bq15] ... scanned 2815 (denied 2, skipped 78719)
[bq15] ... scanned 2815 (denied 2, skipped 78719)
[bq15] ... scanned 2815 (denied 2, skipped 78719)
[bq15] ... scanned 2815 (denied 2, skipped 78719)
[bq15] ... scanned 2815 (denied 2, skipped 78719)
[bq15] ... scanned 2815 (denied 2, skipped 78719)
[bq15] ... scanned 2815 (denied 2, skipped 78719)
[bq15] ... scanned 2815 (denied 2, skipped 78719)
[bq15] ... scanned 2815 (denied 2, skipped 78719)
[bq15] ... scanned 2815 (denied 2, skipped 78720)
[bq15] ... scanned 2815 (denied 2, skipped 78720)
[bq15] ... scanned 2815 (denied 2, skipped 78720)
[bq15] ... scanned 2815 (denied 2, skipped 78721)
[bq15] ... scanned 2815 (denied 2, skipped 78721)
[bq15] ... scanned 2815 (denied 2, skipped 78721)
[bq15] ... scanned 2815 (denied 2, skipped 78721)
[bq15] ... scanned 2815 (denied 2, skipped 78721)
[bq15] ... scanned 2815 (denied 2, skipped 78721)
[bq15] ... scanned 2815 (denied 2, skipped 78721)
[bq15] ... scanned 2815 (denied 2, skipped 78721)
[bq15] ... scanned 2815 (denied 2, skipped 78721)
[bq15] ... scanned 2815 (denied 2, skipped 78721)
[bq15] ... scanned 2815 (denied 2, skipped 78721)
[bq15] ... scanned 2815 (denied 2, skipped 78721)
[bq15] ... scanned 2815 (denied 2, skipped 78721)
[bq15] ... scanned 2815 (denied 2, skipped 78721)
[bq15] ... scanned 2815 (denied 2, skipped 78721)
[bq15] ... scanned 2815 (denied 2, skipped 78721)
[bq15] ... scanned 2815 (denied 2, skipped 78721)
[bq15] ... scanned 2815 (denied 2, skipped 78721)
[bq15] ... scanned 2815 (denied 2, skipped 78721)
[bq15] ... scanned 2815 (denied 2, skipped 78721)
[bq15] ... scanned 2815 (denied 2, skipped 78721)
[bq15] ... scanned 2815 (denied 2, skipped 78721)
[bq15] ... scanned 2815 (denied 2, skipped 78721)
[bq15] ... scanned 2815 (denied 2, skipped 78721)
[bq15] ... scanned 2815 (denied 2, skipped 78721)
[bq15] ... scanned 3071 (denied 2, skipped 82343)
[bq15] ... scanned 3071 (denied 2, skipped 82344)
[bq15] ... scanned 3071 (denied 2, skipped 82344)
[bq15] ... scanned 3071 (denied 2, skipped 82344)
[bq15] ... scanned 3071 (denied 2, skipped 82346)
[bq15] ... scanned 3071 (denied 2, skipped 82353)
[bq15] ... scanned 3071 (denied 2, skipped 82354)
[bq15] ... scanned 3071 (denied 2, skipped 82355)
[bq15] ... scanned 3071 (denied 2, skipped 82355)
[bq15] ... scanned 3071 (denied 2, skipped 82355)
[bq15] ... scanned 3071 (denied 2, skipped 82355)
[bq15] ... scanned 3071 (denied 2, skipped 82355)
[bq15] ... scanned 3071 (denied 2, skipped 82355)
[bq15] ... scanned 3071 (denied 2, skipped 82355)
[bq15] ... scanned 3071 (denied 2, skipped 82356)
[bq15] ... scanned 3071 (denied 2, skipped 82356)
[bq15] ... scanned 3071 (denied 2, skipped 82356)
[bq15] ... scanned 3071 (denied 2, skipped 82356)
[bq15] ... scanned 3071 (denied 2, skipped 82356)
[bq15] ... scanned 3071 (denied 2, skipped 82356)
[bq15] ... scanned 3071 (denied 2, skipped 82356)
[bq15] ... scanned 3071 (denied 2, skipped 82356)
[bq15] ... scanned 3071 (denied 2, skipped 82356)
[bq15] ... scanned 3071 (denied 2, skipped 82356)
[bq15] ... scanned 3071 (denied 2, skipped 82356)
[bq15] ... scanned 3071 (denied 2, skipped 82356)
[bq15] ... scanned 3071 (denied 2, skipped 82356)
[bq15] ... scanned 3071 (denied 2, skipped 82356)
[bq15] ... scanned 3071 (denied 2, skipped 82356)
[bq15] ... scanned 3071 (denied 2, skipped 82356)
[bq15] ... scanned 3071 (denied 2, skipped 82356)
[bq15] ... scanned 3071 (denied 2, skipped 82356)
[bq15] ... scanned 3071 (denied 2, skipped 82356)
[bq15] ... scanned 3071 (denied 2, skipped 82356)
[bq15] ... scanned 3071 (denied 2, skipped 82356)
[bq15] ... scanned 3071 (denied 2, skipped 82356)
[bq15] ... scanned 3071 (denied 2, skipped 82356)
[bq15] ... scanned 3071 (denied 2, skipped 82356)
[bq15] ... scanned 3071 (denied 2, skipped 82356)
[bq15] ... scanned 3071 (denied 2, skipped 82356)
[bq15] ... scanned 3071 (denied 2, skipped 82357)
[bq15] ... scanned 3071 (denied 2, skipped 82357)
[bq15] ... scanned 3071 (denied 2, skipped 82357)
[bq15] ... scanned 3071 (denied 2, skipped 82357)
[bq15] ... scanned 3071 (denied 2, skipped 82357)
[bq15] ... scanned 3071 (denied 2, skipped 82357)
[bq15] ... scanned 3071 (denied 2, skipped 82357)
[bq15] ... scanned 3327 (denied 2, skipped 105590)
[bq15] ... scanned 3327 (denied 2, skipped 105591)
[bq15] ... scanned 3327 (denied 2, skipped 105592)
[bq15] ... scanned 3583 (denied 2, skipped 120776)
[bq15] ... scanned 3583 (denied 2, skipped 120776)
[bq15] ... scanned 3583 (denied 2, skipped 120777)
[bq15] ... scanned 3583 (denied 2, skipped 120777)
[bq15] ... scanned 3583 (denied 2, skipped 120777)
[bq15] ... scanned 3583 (denied 2, skipped 120777)
[bq15] ... scanned 3583 (denied 2, skipped 120777)
[bq15] ... scanned 3583 (denied 2, skipped 120777)
[bq15] ... scanned 3583 (denied 2, skipped 120778)
[bq15] ... scanned 3583 (denied 2, skipped 120778)
[bq15] ... scanned 3583 (denied 2, skipped 120778)
[bq15] ... scanned 3583 (denied 2, skipped 120778)
[bq15] ... scanned 3583 (denied 2, skipped 120778)
[bq15] ... scanned 3583 (denied 2, skipped 120778)
[bq15] ... scanned 3583 (denied 2, skipped 120778)
[bq15] ... scanned 3583 (denied 2, skipped 120778)
[bq15] ... scanned 3583 (denied 2, skipped 120778)
[bq15] ... scanned 3583 (denied 2, skipped 120778)
[bq15] ... scanned 3583 (denied 2, skipped 120779)
[bq15] ... scanned 3583 (denied 2, skipped 120779)
[bq15] ... scanned 3583 (denied 2, skipped 120779)
[bq15] ... scanned 3583 (denied 2, skipped 120780)
[bq15] ... scanned 3583 (denied 2, skipped 120781)
[bq15] ... scanned 3583 (denied 2, skipped 120781)
[bq15] ... scanned 3583 (denied 2, skipped 120781)
[bq15] ... scanned 3583 (denied 2, skipped 120781)
[bq15] ... scanned 3583 (denied 2, skipped 120781)
[bq15] ... scanned 3583 (denied 2, skipped 120782)
[bq15] ... scanned 3583 (denied 2, skipped 120782)
[bq15] ... scanned 3583 (denied 2, skipped 120782)
[bq15] ... scanned 3583 (denied 2, skipped 120782)
[bq15] ... scanned 3583 (denied 2, skipped 120782)
[bq15] ... scanned 3583 (denied 2, skipped 120782)
[bq15] ... scanned 3583 (denied 2, skipped 120782)
[bq15] ... scanned 3583 (denied 2, skipped 120783)
[bq15] ... scanned 3583 (denied 2, skipped 120783)
[bq15] ... scanned 3583 (denied 2, skipped 120783)
[bq15] ... scanned 3583 (denied 2, skipped 120783)
[bq15] ... scanned 3583 (denied 2, skipped 120783)
[bq15] ... scanned 3583 (denied 2, skipped 120783)
[bq15] ... scanned 3583 (denied 2, skipped 120783)
[bq15] ... scanned 3583 (denied 2, skipped 120783)
[bq15] ... scanned 3583 (denied 2, skipped 120783)
[bq15] ... scanned 3583 (denied 2, skipped 120783)
[bq15] ... scanned 3583 (denied 2, skipped 120783)
[bq15] ... scanned 3583 (denied 2, skipped 120783)
[bq15] ... scanned 3583 (denied 2, skipped 120783)
[bq15] ... scanned 3583 (denied 2, skipped 120783)
[bq15] ... scanned 3583 (denied 2, skipped 120784)
[bq15] ... scanned 3583 (denied 2, skipped 120784)
[bq15] ... scanned 3583 (denied 2, skipped 120786)
[bq15] ... scanned 3583 (denied 2, skipped 120786)
[bq15] ... scanned 3583 (denied 2, skipped 120786)
[bq15] ... scanned 3583 (denied 2, skipped 120786)
[bq15] ... scanned 3583 (denied 2, skipped 120786)
[bq15] ... scanned 3583 (denied 2, skipped 120786)
[bq15] ... scanned 3583 (denied 2, skipped 120786)
[bq15] ... scanned 3583 (denied 2, skipped 120787)
[bq15] ... scanned 3583 (denied 2, skipped 120787)
[bq15] ... scanned 3583 (denied 2, skipped 120787)
[bq15] ... scanned 3583 (denied 2, skipped 120787)
[bq15] ... scanned 3583 (denied 2, skipped 120788)
[bq15] ... scanned 3583 (denied 2, skipped 120788)
[bq15] ... scanned 3583 (denied 2, skipped 120788)
[bq15] ... scanned 3583 (denied 2, skipped 120788)
[bq15] ... scanned 3583 (denied 2, skipped 120788)
[bq15] ... scanned 3583 (denied 2, skipped 120788)
[bq15] ... scanned 3583 (denied 2, skipped 120788)
[bq15] ... scanned 3583 (denied 2, skipped 120788)
[bq15] ... scanned 3583 (denied 2, skipped 120788)
[bq15] ... scanned 3583 (denied 2, skipped 120788)
[bq15] ... scanned 3583 (denied 2, skipped 120788)
[bq15] ... scanned 3583 (denied 2, skipped 120790)
[bq15] ... scanned 3583 (denied 2, skipped 120795)
[bq15] ... scanned 3583 (denied 2, skipped 120795)
[bq15] ... scanned 3583 (denied 2, skipped 120796)
[bq15] ... scanned 3583 (denied 2, skipped 120796)
[bq15] ... scanned 3583 (denied 2, skipped 120797)
[bq15] ... scanned 3583 (denied 2, skipped 120797)
[bq15] ... scanned 3583 (denied 2, skipped 120797)
[bq15] ... scanned 3583 (denied 2, skipped 120797)
[bq15] ... scanned 3583 (denied 2, skipped 120798)
[bq15] ... scanned 3583 (denied 2, skipped 120798)
[bq15] ... scanned 3583 (denied 2, skipped 120799)
[bq15] ... scanned 3583 (denied 2, skipped 120799)
[bq15] ... scanned 3583 (denied 2, skipped 120799)
[bq15] ... scanned 3583 (denied 2, skipped 120801)
[bq15] ... scanned 3583 (denied 2, skipped 120801)
[bq15] ... scanned 3583 (denied 2, skipped 120801)
[bq15] ... scanned 3583 (denied 2, skipped 120801)
[bq15] ... scanned 3583 (denied 2, skipped 120801)
[bq15] ... scanned 3583 (denied 2, skipped 120801)
[bq15] ... scanned 3583 (denied 2, skipped 120802)
[bq15] ... scanned 3583 (denied 2, skipped 120802)
[bq15] ... scanned 3583 (denied 2, skipped 120803)
[bq15] ... scanned 3583 (denied 2, skipped 120803)
[bq15] ... scanned 3583 (denied 2, skipped 120803)
[bq15] ... scanned 3583 (denied 2, skipped 120803)
[bq15] ... scanned 3583 (denied 2, skipped 120804)
[bq15] ... scanned 3583 (denied 2, skipped 120804)
[bq15] ... scanned 3583 (denied 2, skipped 120804)
[bq15] ... scanned 3583 (denied 2, skipped 120804)
[bq15] ... scanned 3583 (denied 2, skipped 120806)
[bq15] ... scanned 3583 (denied 2, skipped 120806)
[bq15] ... scanned 3583 (denied 2, skipped 120806)
[bq15] ... scanned 3583 (denied 2, skipped 120806)
[bq15] ... scanned 3583 (denied 2, skipped 120806)
[bq15] ... scanned 3583 (denied 2, skipped 120806)
[bq15] ... scanned 3583 (denied 2, skipped 120806)
[bq15] ... scanned 3583 (denied 2, skipped 120806)
[bq15] ... scanned 3583 (denied 2, skipped 120806)
[bq15] ... scanned 3583 (denied 2, skipped 120806)
[bq15] ... scanned 3583 (denied 2, skipped 120806)
[bq15] ... scanned 3583 (denied 2, skipped 120806)
[bq15] ... scanned 3583 (denied 2, skipped 120806)
[bq15] ... scanned 3583 (denied 2, skipped 120806)
[bq15] ... scanned 3583 (denied 2, skipped 120806)
[bq15] ... scanned 3583 (denied 2, skipped 120806)
[bq15] ... scanned 3839 (denied 2, skipped 129896)
[bq15]   HIT /System/Library/FlowTools/SnippetService/ResponsePlugins/SiriGeoSnippetProviderPlugin.bundle/SiriGeoSnippetProviderPlugin <- "lnValue"
[bq15]   HIT /System/Library/FlowTools/SnippetService/ResponsePlugins/SiriTimeSnippetProviderPlugin.bundle/SiriTimeSnippetProviderPlugin <- "lnValue"
[bq15] ... scanned 4095 (denied 2, skipped 146318)
[bq15] ... scanned 4095 (denied 2, skipped 146318)
[bq15]   HIT /System/Library/Assistant/FlowDelegatePlugins/PhoneCallFlowDelegatePlugin.bundle/PhoneCallFlowDelegatePlugin <- "lnValue"
[bq15]   HIT /System/Library/Assistant/FlowDelegatePlugins/HomeCommunicationFlowDelegatePlugin.bundle/HomeCommunicationFlowDelegatePlugin <- "lnValue"
[bq15] root /System/Library: +3902 scanned, +0 denied
[bq15] root /usr/libexec
[bq15] root /usr/libexec: +0 scanned, +1 denied
[bq15] scanned=4250 denied=3 skipped=150929 hits=7
[bq15] done
[probe13] bq15-only mode, stop
