[main] fuzz harness up, mode=scaler
[main] sandbox note: VCPDRM open is MACF-denied (iokit-open-user-client VCPDRMUserClient); mach-lookup com.apple.sprr / com.apple.jitbox exist but are sandbox-gated (seen in kernel log)
[open] AppleM2ScalerCSCDriver -> conn 0x7003
[scaler] conn 0x7003, s1 13 s2 14
[probe12] SetNotificationPort -> 0x00000000
[bq17] v176 LiveEntityService clients: on-disk string scan
[bq17] CONTROL §170 point -> handle 1
[bq17] root /Applications
[bq17] root /Applications: +0 scanned, +1 denied
[bq17] root /System/Applications
[bq17] root /System/Applications: +0 scanned, +1 denied
[bq17] root /System/Library
[bq15] ... scanned 255 (denied 2, skipped 5995)
[bq15] ... scanned 255 (denied 2, skipped 5995)
[bq15] ... scanned 255 (denied 2, skipped 5995)
[bq15] ... scanned 255 (denied 2, skipped 5995)
[bq15] ... scanned 255 (denied 2, skipped 5997)
[bq15] ... scanned 255 (denied 2, skipped 5997)
[bq15] ... scanned 255 (denied 2, skipped 5997)
[bq15] ... scanned 255 (denied 2, skipped 5997)
[bq15] ... scanned 255 (denied 2, skipped 5997)
[bq15] ... scanned 255 (denied 2, skipped 5997)
[bq15] ... scanned 255 (denied 2, skipped 5997)
[bq15] ... scanned 255 (denied 2, skipped 5997)
[bq15] ... scanned 255 (denied 2, skipped 5997)
[bq15] ... scanned 255 (denied 2, skipped 5997)
[bq15] ... scanned 255 (denied 2, skipped 5997)
[bq15] ... scanned 255 (denied 2, skipped 5997)
[bq15] ... scanned 255 (denied 2, skipped 5997)
[bq15] ... scanned 255 (denied 2, skipped 5997)
[bq15] ... scanned 255 (denied 2, skipped 5997)
[bq15] ... scanned 255 (denied 2, skipped 5997)
[bq15] ... scanned 255 (denied 2, skipped 5997)
[bq15] ... scanned 255 (denied 2, skipped 5997)
[bq15] ... scanned 255 (denied 2, skipped 5997)
[bq15] ... scanned 255 (denied 2, skipped 5997)
[bq15] ... scanned 255 (denied 2, skipped 5997)
[bq15] ... scanned 255 (denied 2, skipped 5997)
[bq15] ... scanned 255 (denied 2, skipped 5997)
[bq15] ... scanned 255 (denied 2, skipped 5997)
[bq15] ... scanned 255 (denied 2, skipped 5997)
[bq15] ... scanned 255 (denied 2, skipped 5997)
[bq15] ... scanned 255 (denied 2, skipped 5997)
[bq15] ... scanned 255 (denied 2, skipped 5997)
[bq15] ... scanned 255 (denied 2, skipped 5997)
[bq15] ... scanned 255 (denied 2, skipped 5997)
[bq15] ... scanned 511 (denied 2, skipped 12882)
[bq15] ... scanned 511 (denied 2, skipped 12882)
[bq15] ... scanned 511 (denied 2, skipped 12883)
[bq15] ... scanned 767 (denied 2, skipped 20522)
[bq15]   HIT /System/Library/Frameworks/AppIntents.framework/PlugIns/AppIntentsDiagnosticExtension.appex/AppIntentsDiagnosticExtension <- "LiveEntityService"
[bq15] ... scanned 1023 (denied 2, skipped 23526)
[bq15] ... scanned 1023 (denied 2, skipped 23527)
[bq15] ... scanned 1023 (denied 2, skipped 23528)
[bq15] ... scanned 1279 (denied 2, skipped 25528)
[bq15] ... scanned 1279 (denied 2, skipped 25528)
[bq15] ... scanned 1279 (denied 2, skipped 25529)
[bq15] ... scanned 1535 (denied 2, skipped 28024)
[bq15] ... scanned 1535 (denied 2, skipped 28025)
[bq15] ... scanned 1535 (denied 2, skipped 28026)
[bq15] ... scanned 1535 (denied 2, skipped 28027)
[bq15] ... scanned 1791 (denied 2, skipped 32578)
[bq15]   HIT /System/Library/PrivateFrameworks/AppIntentsLiveEntitySupport.framework/XPCServices/AppIntentsLiveEntityService.xpc/AppIntentsLiveEntityService <- "com.apple.appintents.LiveEntityService"
[bq15] ... scanned 2047 (denied 2, skipped 51019)
[bq15] ... scanned 2047 (denied 2, skipped 51019)
[bq15] ... scanned 2047 (denied 2, skipped 51019)
[bq15] ... scanned 2047 (denied 2, skipped 51019)
[bq15] ... scanned 2047 (denied 2, skipped 51019)
[bq15] ... scanned 2047 (denied 2, skipped 51019)
[bq15] ... scanned 2047 (denied 2, skipped 51020)
[bq15] ... scanned 2047 (denied 2, skipped 51021)
[bq15] ... scanned 2047 (denied 2, skipped 51021)
[bq15] ... scanned 2047 (denied 2, skipped 51021)
[bq15] ... scanned 2047 (denied 2, skipped 51021)
[bq15] ... scanned 2047 (denied 2, skipped 51021)
[bq15] ... scanned 2047 (denied 2, skipped 51021)
[bq15] ... scanned 2047 (denied 2, skipped 51021)
[bq15] ... scanned 2047 (denied 2, skipped 51021)
[bq15] ... scanned 2047 (denied 2, skipped 51021)
[bq15] ... scanned 2047 (denied 2, skipped 51021)
[bq15] ... scanned 2047 (denied 2, skipped 51021)
[bq15] ... scanned 2047 (denied 2, skipped 51021)
[bq15] ... scanned 2047 (denied 2, skipped 51021)
[bq15] ... scanned 2047 (denied 2, skipped 51021)
[bq15] ... scanned 2047 (denied 2, skipped 51021)
[bq15] ... scanned 2047 (denied 2, skipped 51022)
[bq15] ... scanned 2047 (denied 2, skipped 51022)
[bq15] ... scanned 2047 (denied 2, skipped 51022)
[bq15] ... scanned 2047 (denied 2, skipped 51022)
[bq15] ... scanned 2047 (denied 2, skipped 51022)
[bq15] ... scanned 2047 (denied 2, skipped 51023)
[bq15] ... scanned 2047 (denied 2, skipped 51024)
[bq15] ... scanned 2047 (denied 2, skipped 51024)
[bq15] ... scanned 2047 (denied 2, skipped 51024)
[bq15] ... scanned 2047 (denied 2, skipped 51024)
[bq15] ... scanned 2047 (denied 2, skipped 51024)
[bq15] ... scanned 2047 (denied 2, skipped 51024)
[bq15] ... scanned 2047 (denied 2, skipped 51024)
[bq15] ... scanned 2047 (denied 2, skipped 51024)
[bq15] ... scanned 2047 (denied 2, skipped 51024)
[bq15] ... scanned 2047 (denied 2, skipped 51024)
[bq15] ... scanned 2047 (denied 2, skipped 51024)
[bq15] ... scanned 2047 (denied 2, skipped 51024)
[bq15] ... scanned 2047 (denied 2, skipped 51024)
[bq15] ... scanned 2047 (denied 2, skipped 51024)
[bq15] ... scanned 2047 (denied 2, skipped 51024)
[bq15] ... scanned 2047 (denied 2, skipped 51024)
[bq15] ... scanned 2047 (denied 2, skipped 51024)
[bq15] ... scanned 2047 (denied 2, skipped 51024)
[bq15] ... scanned 2047 (denied 2, skipped 51024)
[bq15] ... scanned 2047 (denied 2, skipped 51024)
[bq15] ... scanned 2047 (denied 2, skipped 51024)
[bq15] ... scanned 2047 (denied 2, skipped 51024)
[bq15] ... scanned 2047 (denied 2, skipped 51024)
[bq15] ... scanned 2047 (denied 2, skipped 51024)
[bq15] ... scanned 2047 (denied 2, skipped 51024)
[bq15] ... scanned 2047 (denied 2, skipped 51024)
[bq15] ... scanned 2047 (denied 2, skipped 51025)
[bq15] ... scanned 2047 (denied 2, skipped 51025)
[bq15] ... scanned 2047 (denied 2, skipped 51025)
[bq15] ... scanned 2047 (denied 2, skipped 51025)
[bq15] ... scanned 2047 (denied 2, skipped 51025)
[bq15] ... scanned 2047 (denied 2, skipped 51025)
[bq15] ... scanned 2047 (denied 2, skipped 51025)
[bq15] ... scanned 2047 (denied 2, skipped 51025)
[bq15] ... scanned 2047 (denied 2, skipped 51025)
[bq15] ... scanned 2047 (denied 2, skipped 51025)
[bq15] ... scanned 2047 (denied 2, skipped 51026)
[bq15] ... scanned 2047 (denied 2, skipped 51026)
[bq15] ... scanned 2047 (denied 2, skipped 51026)
[bq15] ... scanned 2047 (denied 2, skipped 51027)
[bq15] ... scanned 2047 (denied 2, skipped 51027)
[bq15] ... scanned 2047 (denied 2, skipped 51027)
[bq15] ... scanned 2047 (denied 2, skipped 51027)
[bq15] ... scanned 2047 (denied 2, skipped 51027)
[bq15] ... scanned 2047 (denied 2, skipped 51027)
[bq15] ... scanned 2047 (denied 2, skipped 51027)
[bq15] ... scanned 2047 (denied 2, skipped 51027)
[bq15] ... scanned 2047 (denied 2, skipped 51027)
[bq15] ... scanned 2047 (denied 2, skipped 51027)
[bq15] ... scanned 2047 (denied 2, skipped 51027)
[bq15] ... scanned 2047 (denied 2, skipped 51027)
[bq15] ... scanned 2047 (denied 2, skipped 51027)
[bq15] ... scanned 2047 (denied 2, skipped 51027)
[bq15] ... scanned 2047 (denied 2, skipped 51027)
[bq15] ... scanned 2047 (denied 2, skipped 51027)
[bq15] ... scanned 2047 (denied 2, skipped 51027)
[bq15] ... scanned 2047 (denied 2, skipped 51027)
[bq15] ... scanned 2047 (denied 2, skipped 51027)
[bq15] ... scanned 2047 (denied 2, skipped 51027)
[bq15] ... scanned 2047 (denied 2, skipped 51027)
[bq15] ... scanned 2047 (denied 2, skipped 51028)
[bq15] ... scanned 2047 (denied 2, skipped 51029)
[bq15] ... scanned 2047 (denied 2, skipped 51030)
[bq15] ... scanned 2047 (denied 2, skipped 51031)
[bq15] ... scanned 2047 (denied 2, skipped 51031)
[bq15] ... scanned 2047 (denied 2, skipped 51033)
[bq15] ... scanned 2047 (denied 2, skipped 51033)
[bq15] ... scanned 2047 (denied 2, skipped 51033)
[bq15] ... scanned 2047 (denied 2, skipped 51033)
[bq15] ... scanned 2047 (denied 2, skipped 51033)
[bq15] ... scanned 2047 (denied 2, skipped 51033)
[bq15] ... scanned 2047 (denied 2, skipped 51033)
[bq15] ... scanned 2047 (denied 2, skipped 51034)
[bq15] ... scanned 2047 (denied 2, skipped 51034)
[bq15] ... scanned 2047 (denied 2, skipped 51034)
[bq15] ... scanned 2047 (denied 2, skipped 51034)
[bq15] ... scanned 2047 (denied 2, skipped 51034)
[bq15] ... scanned 2047 (denied 2, skipped 51035)
[bq15] ... scanned 2047 (denied 2, skipped 51035)
[bq15] ... scanned 2047 (denied 2, skipped 51035)
[bq15] ... scanned 2047 (denied 2, skipped 51035)
[bq15] ... scanned 2047 (denied 2, skipped 51035)
[bq15] ... scanned 2047 (denied 2, skipped 51035)
[bq15] ... scanned 2047 (denied 2, skipped 51035)
[bq15] ... scanned 2047 (denied 2, skipped 51035)
[bq15] ... scanned 2047 (denied 2, skipped 51035)
[bq15] ... scanned 2047 (denied 2, skipped 51035)
[bq15] ... scanned 2047 (denied 2, skipped 51035)
[bq15] ... scanned 2047 (denied 2, skipped 51035)
[bq15] ... scanned 2047 (denied 2, skipped 51035)
[bq15] ... scanned 2047 (denied 2, skipped 51036)
[bq15] ... scanned 2047 (denied 2, skipped 51036)
[bq15] ... scanned 2047 (denied 2, skipped 51037)
[bq15] ... scanned 2047 (denied 2, skipped 51037)
[bq15] ... scanned 2047 (denied 2, skipped 51037)
[bq15] ... scanned 2047 (denied 2, skipped 51037)
[bq15] ... scanned 2047 (denied 2, skipped 51037)
[bq15] ... scanned 2047 (denied 2, skipped 51037)
[bq15] ... scanned 2047 (denied 2, skipped 51037)
[bq15] ... scanned 2047 (denied 2, skipped 51037)
[bq15] ... scanned 2047 (denied 2, skipped 51037)
[bq15] ... scanned 2047 (denied 2, skipped 51037)
[bq15] ... scanned 2047 (denied 2, skipped 51037)
[bq15] ... scanned 2047 (denied 2, skipped 51037)
[bq15] ... scanned 2047 (denied 2, skipped 51037)
[bq15] ... scanned 2047 (denied 2, skipped 51038)
[bq15] ... scanned 2047 (denied 2, skipped 51038)
[bq15] ... scanned 2047 (denied 2, skipped 51038)
[bq15] ... scanned 2047 (denied 2, skipped 51038)
[bq15] ... scanned 2047 (denied 2, skipped 51038)
[bq15] ... scanned 2047 (denied 2, skipped 51038)
[bq15] ... scanned 2047 (denied 2, skipped 51038)
[bq15] ... scanned 2047 (denied 2, skipped 51038)
[bq15] ... scanned 2047 (denied 2, skipped 51038)
[bq15] ... scanned 2047 (denied 2, skipped 51038)
[bq15] ... scanned 2047 (denied 2, skipped 51038)
[bq15] ... scanned 2047 (denied 2, skipped 51038)
[bq15] ... scanned 2047 (denied 2, skipped 51039)
[bq15] ... scanned 2047 (denied 2, skipped 51039)
[bq15] ... scanned 2047 (denied 2, skipped 51039)
[bq15] ... scanned 2047 (denied 2, skipped 51039)
[bq15] ... scanned 2047 (denied 2, skipped 51039)
[bq15] ... scanned 2047 (denied 2, skipped 51039)
[bq15] ... scanned 2047 (denied 2, skipped 51039)
[bq15] ... scanned 2047 (denied 2, skipped 51039)
[bq15] ... scanned 2047 (denied 2, skipped 51044)
[bq15] ... scanned 2047 (denied 2, skipped 51053)
[bq15] ... scanned 2047 (denied 2, skipped 51054)
[bq15] ... scanned 2047 (denied 2, skipped 51055)
[bq15] ... scanned 2047 (denied 2, skipped 51055)
[bq15] ... scanned 2047 (denied 2, skipped 51056)
[bq15] ... scanned 2047 (denied 2, skipped 51057)
[bq15]   HIT /System/Library/PrivateFrameworks/TelephonyUtilities.framework/callservicesd <- "com.apple.appintents.LiveEntityService"
[bq15] ... scanned 2303 (denied 2, skipped 63458)
[bq15]   HIT /System/Library/PrivateFrameworks/MediaRemote.framework/Support/mediaremoted <- "com.apple.appintents.LiveEntityService"
[bq15]   HIT /System/Library/PrivateFrameworks/MapsSupport.framework/navd <- "com.apple.appintents.LiveEntityService"
[bq15] ... scanned 2559 (denied 2, skipped 76734)
[bq15]   HIT /System/Library/PrivateFrameworks/MobileTimer.framework/Executables/mobiletimerd <- "com.apple.appintents.LiveEntityService"
[bq15] ... scanned 2815 (denied 2, skipped 92009)
[bq15] ... scanned 2815 (denied 2, skipped 92009)
[bq15] ... scanned 2815 (denied 2, skipped 92012)
[bq15] ... scanned 2815 (denied 2, skipped 92014)
[bq15] ... scanned 2815 (denied 2, skipped 92016)
[bq15] ... scanned 2815 (denied 2, skipped 92016)
[bq15] ... scanned 2815 (denied 2, skipped 92016)
[bq15] ... scanned 2815 (denied 2, skipped 92018)
[bq15] ... scanned 2815 (denied 2, skipped 92020)
[bq15] ... scanned 2815 (denied 2, skipped 92021)
[bq15] ... scanned 2815 (denied 2, skipped 92022)
[bq15] ... scanned 2815 (denied 2, skipped 92023)
[bq15] ... scanned 2815 (denied 2, skipped 92024)
[bq15] ... scanned 2815 (denied 2, skipped 92025)
[bq15] ... scanned 2815 (denied 2, skipped 92027)
[bq15] ... scanned 2815 (denied 2, skipped 92027)
[bq15] ... scanned 2815 (denied 2, skipped 92027)
[bq15] ... scanned 2815 (denied 2, skipped 92028)
[bq15] ... scanned 2815 (denied 2, skipped 92028)
[bq15] ... scanned 3071 (denied 2, skipped 107173)
[bq15] ... scanned 3071 (denied 2, skipped 107174)
[bq15] ... scanned 3071 (denied 2, skipped 107175)
[bq15] ... scanned 3071 (denied 2, skipped 107175)
[bq15] ... scanned 3071 (denied 2, skipped 107176)
[bq15] ... scanned 3071 (denied 2, skipped 107177)
[bq15] ... scanned 3071 (denied 2, skipped 107180)
[bq15] ... scanned 3071 (denied 2, skipped 107182)
[bq15] ... scanned 3071 (denied 2, skipped 107182)
[bq15] ... scanned 3071 (denied 2, skipped 107182)
[bq15] ... scanned 3071 (denied 2, skipped 107182)
[bq15] ... scanned 3071 (denied 2, skipped 107182)
[bq15] ... scanned 3071 (denied 2, skipped 107182)
[bq15] ... scanned 3071 (denied 2, skipped 107182)
[bq15] ... scanned 3071 (denied 2, skipped 107184)
[bq15] ... scanned 3071 (denied 2, skipped 107184)
[bq15] ... scanned 3071 (denied 2, skipped 107184)
[bq15] ... scanned 3071 (denied 2, skipped 107184)
[bq15] ... scanned 3071 (denied 2, skipped 107184)
[bq15] ... scanned 3071 (denied 2, skipped 107184)
[bq15] ... scanned 3071 (denied 2, skipped 107184)
[bq15] ... scanned 3071 (denied 2, skipped 107185)
[bq15] ... scanned 3071 (denied 2, skipped 107185)
[bq15] ... scanned 3071 (denied 2, skipped 107185)
[bq15] ... scanned 3071 (denied 2, skipped 107185)
[bq15] ... scanned 3071 (denied 2, skipped 107185)
[bq15] ... scanned 3071 (denied 2, skipped 107185)
[bq15] ... scanned 3071 (denied 2, skipped 107186)
[bq15] ... scanned 3071 (denied 2, skipped 107186)
[bq15] ... scanned 3071 (denied 2, skipped 107186)
[bq15] ... scanned 3071 (denied 2, skipped 107186)
[bq15] ... scanned 3071 (denied 2, skipped 107186)
[bq15] ... scanned 3071 (denied 2, skipped 107186)
[bq15] ... scanned 3071 (denied 2, skipped 107186)
[bq15] ... scanned 3071 (denied 2, skipped 107187)
[bq15] ... scanned 3071 (denied 2, skipped 107187)
[bq15] ... scanned 3071 (denied 2, skipped 107187)
[bq15] ... scanned 3071 (denied 2, skipped 107187)
[bq15] ... scanned 3071 (denied 2, skipped 107187)
[bq15] ... scanned 3071 (denied 2, skipped 107187)
[bq15] ... scanned 3071 (denied 2, skipped 107187)
[bq15] ... scanned 3071 (denied 2, skipped 107189)
[bq15] ... scanned 3071 (denied 2, skipped 107190)
[bq15] ... scanned 3071 (denied 2, skipped 107192)
[bq15] ... scanned 3071 (denied 2, skipped 107193)
[bq15] ... scanned 3071 (denied 2, skipped 107193)
[bq15] ... scanned 3071 (denied 2, skipped 107193)
[bq15] ... scanned 3071 (denied 2, skipped 107194)
[bq15] ... scanned 3071 (denied 2, skipped 107194)
[bq15] ... scanned 3071 (denied 2, skipped 107194)
[bq15] ... scanned 3071 (denied 2, skipped 107196)
[bq15] ... scanned 3071 (denied 2, skipped 107196)
[bq15] ... scanned 3071 (denied 2, skipped 107197)
[bq15] ... scanned 3071 (denied 2, skipped 107198)
[bq15] ... scanned 3071 (denied 2, skipped 107198)
[bq15] ... scanned 3071 (denied 2, skipped 107198)
[bq15] ... scanned 3071 (denied 2, skipped 107198)
[bq15] ... scanned 3071 (denied 2, skipped 107198)
[bq15] ... scanned 3071 (denied 2, skipped 107200)
[bq15] ... scanned 3071 (denied 2, skipped 107201)
[bq15] ... scanned 3071 (denied 2, skipped 107201)
[bq15] ... scanned 3071 (denied 2, skipped 107202)
[bq15] ... scanned 3071 (denied 2, skipped 107202)
[bq15] ... scanned 3071 (denied 2, skipped 107202)
[bq15] ... scanned 3071 (denied 2, skipped 107202)
[bq15] ... scanned 3071 (denied 2, skipped 107202)
[bq15] ... scanned 3071 (denied 2, skipped 107202)
[bq15] ... scanned 3071 (denied 2, skipped 107202)
[bq15] ... scanned 3071 (denied 2, skipped 107202)
[bq15] ... scanned 3071 (denied 2, skipped 107202)
[bq15] ... scanned 3071 (denied 2, skipped 107202)
[bq15] ... scanned 3071 (denied 2, skipped 107202)
[bq15] ... scanned 3071 (denied 2, skipped 107202)
[bq15] ... scanned 3071 (denied 2, skipped 107203)
[bq15] ... scanned 3071 (denied 2, skipped 107203)
[bq15] ... scanned 3071 (denied 2, skipped 107203)
[bq15] ... scanned 3071 (denied 2, skipped 107203)
[bq15] ... scanned 3071 (denied 2, skipped 107203)
[bq15] ... scanned 3071 (denied 2, skipped 107203)
[bq15] ... scanned 3071 (denied 2, skipped 107203)
[bq15] ... scanned 3071 (denied 2, skipped 107203)
[bq15] ... scanned 3071 (denied 2, skipped 107203)
[bq15] ... scanned 3071 (denied 2, skipped 107203)
[bq15] ... scanned 3071 (denied 2, skipped 107203)
[bq15] ... scanned 3071 (denied 2, skipped 107203)
[bq15] ... scanned 3071 (denied 2, skipped 107203)
[bq15] ... scanned 3071 (denied 2, skipped 107203)
[bq15] ... scanned 3071 (denied 2, skipped 107203)
[bq15] ... scanned 3071 (denied 2, skipped 107203)
[bq15] ... scanned 3071 (denied 2, skipped 107203)
[bq15] ... scanned 3071 (denied 2, skipped 107203)
[bq15] ... scanned 3071 (denied 2, skipped 107204)
[bq15] ... scanned 3071 (denied 2, skipped 107204)
[bq15] ... scanned 3071 (denied 2, skipped 107204)
[bq15] ... scanned 3071 (denied 2, skipped 107204)
[bq15] ... scanned 3071 (denied 2, skipped 107204)
[bq15] ... scanned 3071 (denied 2, skipped 107204)
[bq15] ... scanned 3071 (denied 2, skipped 107204)
[bq15] ... scanned 3071 (denied 2, skipped 107204)
[bq15] ... scanned 3071 (denied 2, skipped 107204)
[bq15] ... scanned 3071 (denied 2, skipped 107204)
[bq15] ... scanned 3071 (denied 2, skipped 107204)
[bq15] ... scanned 3071 (denied 2, skipped 107204)
[bq15] ... scanned 3071 (denied 2, skipped 107204)
[bq15] ... scanned 3071 (denied 2, skipped 107205)
[bq15] ... scanned 3071 (denied 2, skipped 107205)
[bq15] ... scanned 3071 (denied 2, skipped 107205)
[bq15] ... scanned 3071 (denied 2, skipped 107205)
[bq15] ... scanned 3071 (denied 2, skipped 107205)
[bq15] ... scanned 3071 (denied 2, skipped 107205)
[bq15] ... scanned 3071 (denied 2, skipped 107205)
[bq15] ... scanned 3071 (denied 2, skipped 107205)
[bq15] ... scanned 3071 (denied 2, skipped 107205)
[bq15] ... scanned 3071 (denied 2, skipped 107205)
[bq15] ... scanned 3071 (denied 2, skipped 107205)
[bq15] ... scanned 3071 (denied 2, skipped 107205)
[bq15] ... scanned 3071 (denied 2, skipped 107205)
[bq15] ... scanned 3071 (denied 2, skipped 107205)
[bq15] ... scanned 3071 (denied 2, skipped 107205)
[bq15] ... scanned 3071 (denied 2, skipped 107205)
[bq15] ... scanned 3071 (denied 2, skipped 107205)
[bq15] ... scanned 3071 (denied 2, skipped 107205)
[bq15] ... scanned 3071 (denied 2, skipped 107208)
[bq15] ... scanned 3071 (denied 2, skipped 107211)
[bq15] ... scanned 3071 (denied 2, skipped 107212)
[bq15] ... scanned 3071 (denied 2, skipped 107213)
[bq15] ... scanned 3071 (denied 2, skipped 107213)
[bq15] ... scanned 3071 (denied 2, skipped 107213)
[bq15] ... scanned 3071 (denied 2, skipped 107213)
[bq15] ... scanned 3071 (denied 2, skipped 107213)
[bq15] ... scanned 3071 (denied 2, skipped 107213)
[bq15] ... scanned 3071 (denied 2, skipped 107213)
[bq15] ... scanned 3071 (denied 2, skipped 107213)
[bq15] ... scanned 3071 (denied 2, skipped 107213)
[bq15] ... scanned 3071 (denied 2, skipped 107213)
[bq15] ... scanned 3071 (denied 2, skipped 107213)
[bq15] ... scanned 3071 (denied 2, skipped 107213)
[bq15] ... scanned 3071 (denied 2, skipped 107213)
[bq15] ... scanned 3071 (denied 2, skipped 107213)
[bq15] ... scanned 3071 (denied 2, skipped 107213)
[bq15] ... scanned 3071 (denied 2, skipped 107213)
[bq15] ... scanned 3071 (denied 2, skipped 107213)
[bq15] ... scanned 3071 (denied 2, skipped 107213)
[bq15] ... scanned 3071 (denied 2, skipped 107213)
[bq15] ... scanned 3071 (denied 2, skipped 107213)
[bq15] ... scanned 3071 (denied 2, skipped 107213)
[bq15] ... scanned 3071 (denied 2, skipped 107213)
[bq15] ... scanned 3071 (denied 2, skipped 107213)
[bq15] ... scanned 3071 (denied 2, skipped 107213)
[bq15] ... scanned 3071 (denied 2, skipped 107213)
[bq15] ... scanned 3071 (denied 2, skipped 107213)
[bq15] ... scanned 3071 (denied 2, skipped 107213)
[bq15] ... scanned 3071 (denied 2, skipped 107214)
[bq15] ... scanned 3071 (denied 2, skipped 107214)
[bq15] ... scanned 3071 (denied 2, skipped 107214)
[bq15] ... scanned 3071 (denied 2, skipped 107214)
[bq15] ... scanned 3071 (denied 2, skipped 107214)
[bq15] ... scanned 3071 (denied 2, skipped 107214)
[bq15] ... scanned 3071 (denied 2, skipped 107214)
[bq15] ... scanned 3071 (denied 2, skipped 107214)
[bq15] ... scanned 3071 (denied 2, skipped 107214)
[bq15] ... scanned 3071 (denied 2, skipped 107214)
[bq15] ... scanned 3071 (denied 2, skipped 107214)
[bq15] ... scanned 3071 (denied 2, skipped 107214)
[bq15] ... scanned 3071 (denied 2, skipped 107214)
[bq15] ... scanned 3071 (denied 2, skipped 107215)
[bq15] ... scanned 3071 (denied 2, skipped 107215)
[bq15] ... scanned 3071 (denied 2, skipped 107215)
[bq15] ... scanned 3071 (denied 2, skipped 107216)
[bq15] ... scanned 3071 (denied 2, skipped 107216)
[bq15] ... scanned 3071 (denied 2, skipped 107216)
[bq15] ... scanned 3071 (denied 2, skipped 107216)
[bq15] ... scanned 3071 (denied 2, skipped 107216)
[bq15] ... scanned 3071 (denied 2, skipped 107216)
[bq15] ... scanned 3071 (denied 2, skipped 107216)
[bq15] ... scanned 3071 (denied 2, skipped 107216)
[bq15] ... scanned 3071 (denied 2, skipped 107216)
[bq15] ... scanned 3071 (denied 2, skipped 107216)
[bq15] ... scanned 3071 (denied 2, skipped 107216)
[bq15] ... scanned 3071 (denied 2, skipped 107216)
[bq15] ... scanned 3071 (denied 2, skipped 107216)
[bq15] ... scanned 3071 (denied 2, skipped 107216)
[bq15] ... scanned 3071 (denied 2, skipped 107216)
[bq15] ... scanned 3071 (denied 2, skipped 107216)
[bq15] ... scanned 3071 (denied 2, skipped 107217)
[bq15] ... scanned 3071 (denied 2, skipped 107218)
[bq15] ... scanned 3071 (denied 2, skipped 107219)
[bq15] ... scanned 3071 (denied 2, skipped 107220)
[bq15] ... scanned 3071 (denied 2, skipped 107220)
[bq15] ... scanned 3071 (denied 2, skipped 107220)
[bq15] ... scanned 3071 (denied 2, skipped 107220)
[bq15] ... scanned 3071 (denied 2, skipped 107220)
[bq15] ... scanned 3071 (denied 2, skipped 107220)
[bq15] ... scanned 3071 (denied 2, skipped 107220)
[bq15] ... scanned 3071 (denied 2, skipped 107221)
[bq15] ... scanned 3071 (denied 2, skipped 107221)
[bq15] ... scanned 3071 (denied 2, skipped 107221)
[bq15] ... scanned 3071 (denied 2, skipped 107221)
[bq15] ... scanned 3071 (denied 2, skipped 107221)
[bq15] ... scanned 3071 (denied 2, skipped 107221)
[bq15] ... scanned 3071 (denied 2, skipped 107221)
[bq15] ... scanned 3071 (denied 2, skipped 107221)
[bq15] ... scanned 3071 (denied 2, skipped 107221)
[bq15] ... scanned 3071 (denied 2, skipped 107221)
[bq15] ... scanned 3071 (denied 2, skipped 107221)
[bq15] ... scanned 3071 (denied 2, skipped 107221)
[bq15] ... scanned 3071 (denied 2, skipped 107221)
[bq15] ... scanned 3071 (denied 2, skipped 107221)
[bq15] ... scanned 3071 (denied 2, skipped 107221)
[bq15] ... scanned 3071 (denied 2, skipped 107221)
[bq15] ... scanned 3071 (denied 2, skipped 107221)
[bq15] ... scanned 3071 (denied 2, skipped 107221)
[bq15] ... scanned 3071 (denied 2, skipped 107221)
[bq15] ... scanned 3071 (denied 2, skipped 107221)
[bq15] ... scanned 3071 (denied 2, skipped 107222)
[bq15] ... scanned 3071 (denied 2, skipped 107222)
[bq15] ... scanned 3071 (denied 2, skipped 107222)
[bq15] ... scanned 3071 (denied 2, skipped 107222)
[bq15] ... scanned 3071 (denied 2, skipped 107222)
[bq15] ... scanned 3071 (denied 2, skipped 107222)
[bq15] ... scanned 3071 (denied 2, skipped 107222)
[bq15] ... scanned 3071 (denied 2, skipped 107222)
[bq15] ... scanned 3071 (denied 2, skipped 107222)
[bq15] ... scanned 3071 (denied 2, skipped 107222)
[bq15] ... scanned 3071 (denied 2, skipped 107222)
[bq15] ... scanned 3071 (denied 2, skipped 107222)
[bq15] ... scanned 3071 (denied 2, skipped 107222)
[bq15] ... scanned 3327 (denied 2, skipped 120782)
[bq15] ... scanned 3327 (denied 2, skipped 120782)
[bq15] ... scanned 3327 (denied 2, skipped 120783)
[bq15] ... scanned 3327 (denied 2, skipped 120783)
[bq15] ... scanned 3327 (denied 2, skipped 120783)
[bq15] ... scanned 3327 (denied 2, skipped 120783)
[bq15] ... scanned 3327 (denied 2, skipped 120783)
[bq15] ... scanned 3327 (denied 2, skipped 120783)
[bq15] ... scanned 3327 (denied 2, skipped 120783)
[bq15] ... scanned 3327 (denied 2, skipped 120783)
[bq15] ... scanned 3327 (denied 2, skipped 120783)
[bq15] ... scanned 3327 (denied 2, skipped 120783)
[bq15] ... scanned 3327 (denied 2, skipped 120783)
[bq15] ... scanned 3327 (denied 2, skipped 120784)
[bq15] ... scanned 3327 (denied 2, skipped 120785)
[bq15] ... scanned 3327 (denied 2, skipped 120785)
[bq15] ... scanned 3327 (denied 2, skipped 120785)
[bq15] ... scanned 3327 (denied 2, skipped 120785)
[bq15] ... scanned 3327 (denied 2, skipped 120785)
[bq15] ... scanned 3327 (denied 2, skipped 120785)
[bq15] ... scanned 3327 (denied 2, skipped 120786)
[bq15] ... scanned 3327 (denied 2, skipped 120786)
[bq15] ... scanned 3327 (denied 2, skipped 120787)
[bq15] ... scanned 3327 (denied 2, skipped 120788)
[bq15] ... scanned 3327 (denied 2, skipped 120790)
[bq15] ... scanned 3327 (denied 2, skipped 120791)
[bq15] ... scanned 3327 (denied 2, skipped 120792)
[bq15] ... scanned 3327 (denied 2, skipped 120793)
[bq15] ... scanned 3327 (denied 2, skipped 120794)
[bq15] ... scanned 3327 (denied 2, skipped 120795)
[bq15] ... scanned 3327 (denied 2, skipped 120796)
[bq15] ... scanned 3327 (denied 2, skipped 120797)
[bq15] ... scanned 3327 (denied 2, skipped 120798)
[bq15] ... scanned 3327 (denied 2, skipped 120798)
[bq15] ... scanned 3327 (denied 2, skipped 120798)
[bq15] ... scanned 3327 (denied 2, skipped 120798)
[bq15] ... scanned 3327 (denied 2, skipped 120798)
[bq15] ... scanned 3327 (denied 2, skipped 120798)
[bq15] ... scanned 3327 (denied 2, skipped 120798)
[bq15] ... scanned 3327 (denied 2, skipped 120798)
[bq15] ... scanned 3327 (denied 2, skipped 120798)
[bq15] ... scanned 3327 (denied 2, skipped 120798)
[bq15] ... scanned 3327 (denied 2, skipped 120798)
[bq15] ... scanned 3327 (denied 2, skipped 120798)
[bq15] ... scanned 3327 (denied 2, skipped 120798)
[bq15] ... scanned 3327 (denied 2, skipped 120798)
[bq15] ... scanned 3327 (denied 2, skipped 120798)
[bq15] ... scanned 3327 (denied 2, skipped 120798)
[bq15] ... scanned 3327 (denied 2, skipped 120798)
[bq15] ... scanned 3327 (denied 2, skipped 120798)
[bq15] ... scanned 3327 (denied 2, skipped 120798)
[bq15] ... scanned 3327 (denied 2, skipped 120798)
[bq15] ... scanned 3327 (denied 2, skipped 120798)
[bq15] ... scanned 3327 (denied 2, skipped 120798)
[bq15] ... scanned 3327 (denied 2, skipped 120798)
[bq15] ... scanned 3327 (denied 2, skipped 120798)
[bq15] ... scanned 3327 (denied 2, skipped 120799)
[bq15] ... scanned 3327 (denied 2, skipped 120799)
[bq15] ... scanned 3327 (denied 2, skipped 120799)
[bq15] ... scanned 3327 (denied 2, skipped 120799)
[bq15] ... scanned 3327 (denied 2, skipped 120799)
[bq15] ... scanned 3327 (denied 2, skipped 120799)
[bq15] ... scanned 3327 (denied 2, skipped 120799)
[bq15] ... scanned 3327 (denied 2, skipped 120799)
[bq15] ... scanned 3327 (denied 2, skipped 120799)
[bq15] ... scanned 3327 (denied 2, skipped 120799)
[bq15] ... scanned 3327 (denied 2, skipped 120800)
[bq15] ... scanned 3327 (denied 2, skipped 120800)
[bq15] ... scanned 3327 (denied 2, skipped 120800)
[bq15] ... scanned 3327 (denied 2, skipped 120801)
[bq15] ... scanned 3327 (denied 2, skipped 120801)
[bq15] ... scanned 3327 (denied 2, skipped 120801)
[bq15] ... scanned 3583 (denied 2, skipped 130909)
[bq15] ... scanned 3583 (denied 2, skipped 130910)
[bq15] ... scanned 3583 (denied 2, skipped 130911)
[bq15] ... scanned 3583 (denied 2, skipped 130911)
[bq15] ... scanned 3583 (denied 2, skipped 130911)
[bq15] ... scanned 3583 (denied 2, skipped 130912)
[bq15] ... scanned 3583 (denied 2, skipped 130913)
[bq15] ... scanned 3583 (denied 2, skipped 130913)
[bq15] ... scanned 3583 (denied 2, skipped 130913)
[bq15] ... scanned 3583 (denied 2, skipped 130913)
[bq15] ... scanned 3583 (denied 2, skipped 130914)
[bq15] ... scanned 3583 (denied 2, skipped 130914)
[bq15] ... scanned 3583 (denied 2, skipped 130914)
[bq15] ... scanned 3583 (denied 2, skipped 130915)
[bq15] ... scanned 3583 (denied 2, skipped 130915)
[bq15] ... scanned 3583 (denied 2, skipped 130915)
[bq15] ... scanned 3583 (denied 2, skipped 130915)
[bq15] ... scanned 3583 (denied 2, skipped 130917)
[bq15] ... scanned 3583 (denied 2, skipped 130917)
[bq15] ... scanned 3583 (denied 2, skipped 130917)
[bq15] ... scanned 3583 (denied 2, skipped 130917)
[bq15] ... scanned 3583 (denied 2, skipped 130917)
[bq15] ... scanned 3583 (denied 2, skipped 130917)
[bq15] ... scanned 3583 (denied 2, skipped 130917)
[bq15] ... scanned 3583 (denied 2, skipped 130917)
[bq15] ... scanned 3583 (denied 2, skipped 130917)
[bq15] ... scanned 3583 (denied 2, skipped 130917)
[bq15] ... scanned 3583 (denied 2, skipped 130917)
[bq15] ... scanned 3583 (denied 2, skipped 130917)
[bq15] ... scanned 3583 (denied 2, skipped 130917)
[bq15] ... scanned 3583 (denied 2, skipped 130918)
[bq15] ... scanned 3583 (denied 2, skipped 130918)
[bq15] ... scanned 3583 (denied 2, skipped 130918)
[bq15] ... scanned 3583 (denied 2, skipped 130918)
[bq15] ... scanned 3583 (denied 2, skipped 130918)
[bq15] ... scanned 3583 (denied 2, skipped 130918)
[bq15] ... scanned 3583 (denied 2, skipped 130918)
[bq15] ... scanned 3583 (denied 2, skipped 130918)
[bq15] ... scanned 3583 (denied 2, skipped 130918)
[bq15] ... scanned 3583 (denied 2, skipped 130918)
[bq15] ... scanned 3583 (denied 2, skipped 130918)
[bq15] ... scanned 3583 (denied 2, skipped 130918)
[bq15] ... scanned 3583 (denied 2, skipped 130918)
[bq15] ... scanned 3583 (denied 2, skipped 130918)
[bq15] ... scanned 3583 (denied 2, skipped 130918)
[bq15] ... scanned 3583 (denied 2, skipped 130918)
[bq15] ... scanned 3583 (denied 2, skipped 130918)
[bq15] ... scanned 3583 (denied 2, skipped 130918)
[bq15] ... scanned 3583 (denied 2, skipped 130919)
[bq15] ... scanned 3583 (denied 2, skipped 130919)
[bq15] ... scanned 3583 (denied 2, skipped 130919)
[bq15] ... scanned 3583 (denied 2, skipped 130919)
[bq15] ... scanned 3583 (denied 2, skipped 130919)
[bq15] ... scanned 3583 (denied 2, skipped 130919)
[bq15] ... scanned 3583 (denied 2, skipped 130919)
[bq15] ... scanned 3583 (denied 2, skipped 130919)
[bq15] ... scanned 3583 (denied 2, skipped 130919)
[bq15] ... scanned 3583 (denied 2, skipped 130919)
[bq15] ... scanned 3583 (denied 2, skipped 130919)
[bq15] ... scanned 3583 (denied 2, skipped 130919)
[bq15] ... scanned 3583 (denied 2, skipped 130919)
[bq15] ... scanned 3583 (denied 2, skipped 130920)
[bq15] ... scanned 3583 (denied 2, skipped 130920)
[bq15] ... scanned 3583 (denied 2, skipped 130920)
[bq15] ... scanned 3583 (denied 2, skipped 130920)
[bq15] ... scanned 3583 (denied 2, skipped 130921)
[bq15] ... scanned 3583 (denied 2, skipped 130921)
[bq15] ... scanned 3583 (denied 2, skipped 130921)
[bq15] ... scanned 3583 (denied 2, skipped 130921)
[bq15] ... scanned 3583 (denied 2, skipped 130921)
[bq15] ... scanned 3583 (denied 2, skipped 130921)
[bq15] ... scanned 3583 (denied 2, skipped 130921)
[bq15] ... scanned 3839 (denied 2, skipped 145236)
[bq15] ... scanned 3839 (denied 2, skipped 145236)
[bq15] ... scanned 3839 (denied 2, skipped 145237)
[bq17] root /System/Library: +3902 scanned, +0 denied
[bq17] root /usr/libexec
[bq17] root /usr/libexec: +0 scanned, +1 denied
[bq17] scanned=3902 denied=3 hits=6
[bq17] done
[probe13] bq17-only mode, stop
