[main] fuzz harness up, mode=scaler
[main] sandbox note: VCPDRM open is MACF-denied (iokit-open-user-client VCPDRMUserClient); mach-lookup com.apple.sprr / com.apple.jitbox exist but are sandbox-gated (seen in kernel log)
[open] AppleM2ScalerCSCDriver -> conn 0x7803
[scaler] conn 0x7803, s1 13 s2 14
[probe12] SetNotificationPort -> 0x00000000
[bq19] v176 wake LiveEntityService via XPC + marker (§175/§180)
[bq19] CONTROL §170 point -> handle 1
[bq19] CONTROL rows: feedEntries=2 feedMetadata=8
[bq19] BACKUP verified
[bq19] marker=1
[bq19] XPC[com.apple.appintents.LiveEntityService] resume (async outcome below)
[bq19] XPC[com.apple.appintents.LiveEntityService] event: <dictionary: 0x20202d4c0> { count = 1, transaction: 0, voucher = 0x0, contents =
	"XPCErrorDescription" => <string: 0x20202d600> { string cache = 0x0, length = 18, contents = "Connection invalid" }
}
[bq19] XPC[com.apple.appintents.LiveEntityService.server] resume (async outcome below)
[bq19] XPC[com.apple.appintents.LiveEntityService.server] event: <dictionary: 0x20202d4c0> { count = 1, transaction: 0, voucher = 0x0, contents =
	"XPCErrorDescription" => <string: 0x20202d600> { string cache = 0x0, length = 18, contents = "Connection invalid" }
}
[bq19] OBS done: writer-activity=0 xpc-errors=2 marker=inconclusive: file never touched
[bq19] VERIFY rows back: feedEntries=2/2 feedMetadata=8/8 bytes-identical=1
[bq19] done
[probe13] bq19-only mode, stop
