[main] fuzz harness up, mode=scaler
[main] env FUZZ_LOGFILE=1
[main] env FUZZ_MODE=scaler
[main] env FUZZ_FTP2=1
[main] sandbox note: VCPDRM open is MACF-denied (iokit-open-user-client VCPDRMUserClient); mach-lookup com.apple.sprr / com.apple.jitbox exist but are sandbox-gated (seen in kernel log)
[open] AppleM2ScalerCSCDriver -> conn 0x480b
[scaler] conn 0x480b, s1 186 s2 187
[probe12] SetNotificationPort -> 0x00000000
[ftp2] v185b FTP dialog against 8021 (ftp-proxy-embedded ALG)
[ftp2] CONTROL 1081 connect -> -61 (expect -61)
[ftp2] CONTROL self-talk: sent 16 bytes, peer read 16, byte-identical=1
[ftp2] 8021 banner (no data) -> FIN after 41ms (0 bytes)
[ftp2] 8021 HELP (v183 repro) -> RST after 20ms (errno 54)
[ftp2] 8021 USER anon -> RST after 20ms (errno 54)
[ftp2] 8021 USER+PASS -> RST after 16ms (errno 54)
[ftp2] 8021 PORT -> RST after 16ms (errno 54)
[ftp2] 8021 PASV -> RST after 15ms (errno 54)
[ftp2] 8021 GET ftp url -> RST after 17ms (errno 54)
[ftp2] 8021 CONNECT -> RST after 15ms (errno 54)
[ftp2] 8021 PRP-plist frame -> RST after 17ms (errno 54)
[ftp2] done
[probe13] ftp2-only mode, stop
