7B7D2CB3-FADD-4880-B905-05678FD96234
7B7D2CB3-FADD-4880-B905-05678FD96234
2045FB35-B571-47F2-93BC-88BBEB2CD0DA
8BC7364D-0056-441A-B185-9BBA7EBA40DA
8A47F769-C7FA-4EAD-B0BD-B9AD5444F0DA
77DFEA1E-9F46-47CF-96DC-C5BD852E00DA
521A70E3-A105-4766-9CDE-E369CF8270DA
8A47F769-C7FA-4EAD-B0BD-B9AD5444F0DA
E4CB5864-1A49-436F-A487-E33AEB5280DA
8A47F769-C7FA-4EAD-B0BD-B9AD5444F0DA
8A47F769-C7FA-4EAD-B0BD-B9AD5444F0DA
7B7D2CB3-FADD-4880-B905-05678FD96234
7B7D2CB3-FADD-4880-B905-05678FD96234
F8A7A89B-2D53-463E-B03C-1B24FABD17D5
AB2CEF2A-8F1A-4D90-AED3-25029ADD97D5
512CFF5F-B748-4EEC-BBFD-718CDBF647D5
6D6A15FD-953E-4372-95E9-BD81973657D5
2681FA53-D1AE-4165-B180-72ECF1AD67D5
1408D1C6-751D-49B8-B55F-9685AB7087D5
9817B588-0EA3-4D80-8E8C-DE483DF727D5
5D6AB9A1-3D73-4860-AD3E-0FB3988717D5
7B7D2CB3-FADD-4880-B905-05678FD96234
546ED5C0-0E2D-45E5-8416-19378AA1D7D5
5242485D-1FC5-4148-A22B-204B790317D5
7C76E7A4-451D-4103-85F8-2C5EAC2207D5
9AF593F5-E693-467A-B1EF-A8EAFFC927D5
CF93D949-897F-41E0-A68D-0A8CB2AA87D5
F1090C15-C16C-443B-92F1-3F8B3DD377D5
4E182638-4917-4C92-B696-0F66C22907D5
D52A3254-AC1E-48F2-87B3-F4130D2387D5
7B7D2CB3-FADD-4880-B905-05678FD96234
511B5102-EE64-484F-8166-57ADE4A3C7D5
3A6B79DA-B151-47D7-9918-26A505F1D7D5
BA18EAC6-6B78-4ACC-A28C-2F030C0CE7D5
45CD3570-797C-455C-ACB8-5BBB935067D5
9A1612A7-38EB-4AAD-858A-26C088A3E7D5
7B7D2CB3-FADD-4880-B905-05678FD96234
FDCFC382-5E6D-42D6-B004-67D9809657D5
6FAF5808-DB4E-4C8F-A607-334B3280D7D5
5C7BD3D5-2A84-41D4-B605-DDE6DD3FB7D5
A3346524-DDC8-4893-9F89-6FBE6AB3C7D5
D5855856-ADBB-4143-B9F8-EE316A6D97D5
244EAA93-4E5F-4AF3-B8F8-B7E869FC47D5
D5855856-ADBB-4143-B9F8-EE316A6D97D5
FFA29E27-33E8-4A4F-A299-FDB4AEAC97D5
D5855856-ADBB-4143-B9F8-EE316A6D97D5
D5855856-ADBB-4143-B9F8-EE316A6D97D5
7B7D2CB3-FADD-4880-B905-05678FD96234
908C6966-5F44-49C6-9450-74BCBC8EF525
056943D8-B328-4385-8CD0-D31ED34AC525
24A5E5AE-403F-40FA-8462-DD73D75F7525
4F0EC753-9946-44D2-B022-5EBCFF8DE525
BBA927E9-B65A-4ACB-A595-F2A7E7DA6525
7B7D2CB3-FADD-4880-B905-05678FD96234
773B25AB-AC6C-4A5E-82D6-4733AA58B525
1D17D0F0-23AD-453F-BA12-012661327525
83650FA2-D0CF-498B-BDB4-68C18A321525
1635B0BF-DB4D-4C1C-9E5C-020F096CE525
FA624C98-8474-4061-A882-B715BE637525
7B7D2CB3-FADD-4880-B905-05678FD96234
743699D3-4117-4F91-95A8-D01BF6999525
8F8A0EF6-C6EE-4D25-8EA6-C8B254BE9525
B68E1903-BB13-4D76-97A7-569B7ED94525
86B28CFB-8509-4B47-9DE5-3FFBD3680525
50750EA1-A43B-4C7E-8504-B5300297B525
7B7D2CB3-FADD-4880-B905-05678FD96234
BE2BF1A9-FBA8-4974-AE25-B12144BF3525
3654D50A-5CD8-4C7B-9606-D91DC641A525
2BBD33CE-DB2A-404A-8229-9730D362B525
8872F2A3-0BC4-4199-B4DD-F37D38BB7525
94F0F4A0-5368-4E20-BFA3-DFFA085B8525
7B7D2CB3-FADD-4880-B905-05678FD96234
0654DDDB-0BD7-494E-8062-468B7A480525
CAA8DB88-F97E-42DD-A640-6A6DE118E525
A1D79417-075D-481D-BDC9-EB1F33911525
F025D417-D26A-4504-8AA0-46FD96973525
AF42E069-C3BC-43AD-B550-C66FE4E3F525
57F15095-C6F9-4525-A682-988B19711525
0FF2682F-97BF-40E8-8B77-5C719EFDF525
7B7D2CB3-FADD-4880-B905-05678FD96234
2BB41CE2-5E2A-4FA2-8588-0FE7644A0525
D6E54524-7324-49AE-9B2E-BD7E93B9E525
E13CA725-954D-41AD-88CE-7BFA23607525
83018E2B-88BF-4A63-9C1D-1A53EF5DB525
2A6E5A7D-858B-448F-A625-589C0F853525
DCB6C4E9-98D6-430E-B225-2E738502F525
7B7D2CB3-FADD-4880-B905-05678FD96234
2051B999-3B46-4C3C-B66A-B2ABCC53B525
6C48E274-E5F5-4FA8-BD25-A71909690525
C2882A0E-0FD2-4C32-B92A-7712C64A7525
FFDF59CF-AEBE-49DD-9D77-6EC2779A4525
7B7D2CB3-FADD-4880-B905-05678FD96234
949E2ADF-EC82-4741-B1D7-19ADAAA80525
616CE137-6D2B-454D-8018-5667869B8525
7B7D2CB3-FADD-4880-B905-05678FD96234
7B7D2CB3-FADD-4880-B905-05678FD96234
F3463BD0-EEF1-4A79-8476-A903C8A04525
7B7D2CB3-FADD-4880-B905-05678FD96234
F3463BD0-EEF1-4A79-8476-A903C8A04525
DA66E016-11D1-4AE6-8E8C-CB21E4D2B525
DAE48679-F4BE-4035-8498-FA85C5C1F525
64DD0963-3B7F-475B-A5BB-0FA1A342B525
69A24718-05F8-4579-90C6-F982583A6525
7251C2B4-73ED-42EB-B987-2D86D04C0525
7B7D2CB3-FADD-4880-B905-05678FD96234
436B5A86-8955-4379-B7C0-A818A8B3B525
0D7E075C-EF8D-48F9-AF58-78CA19B41525
7B7D2CB3-FADD-4880-B905-05678FD96234
12878EF8-2B69-478E-B82C-29D437518525
6FE8BAA5-376A-4EF4-B92E-19D6BE4F1525
7B7D2CB3-FADD-4880-B905-05678FD96234
5B99A927-C4A3-4708-B490-E485FAED8525
DDBBE114-B2EF-4341-8AF0-4E5B768C6525
5B99A927-C4A3-4708-B490-E485FAED8525
71CE0EFB-6CD7-4C6C-BF72-3B1F1AF88525
E4DBBDFF-DA63-4C56-ADF6-1E81730FC525
7B7D2CB3-FADD-4880-B905-05678FD96234
5B99A927-C4A3-4708-B490-E485FAED8525
5B99A927-C4A3-4708-B490-E485FAED8525
7B7D2CB3-FADD-4880-B905-05678FD96234
A7062454-DC23-4C4C-8BA2-899A5C5AC39A
35E4ACA8-FC12-4509-8EB2-5AD523C8E39A
2C674DC6-2E7A-4EB4-B536-D281A776239A
2C674DC6-2E7A-4EB4-B536-D281A776239A
7B7D2CB3-FADD-4880-B905-05678FD96234
95880323-2500-4B50-A90A-F6ED192A97AD
2183138B-2958-4E2F-A7F1-B84163C717AD
DBD96E89-ECFF-43EA-B5AB-0F38B105A7AD
14ADBDFD-E70D-4A99-8FD6-2CD9324867AD
6C0603A1-064F-4B49-AC4C-A7F6EFBCD7AD
4CEF1B66-093D-4D1A-B4A4-B14883F767AD
B22D21A4-BEDC-4AF5-9E6E-FC0067F957AD
7B7D2CB3-FADD-4880-B905-05678FD96234
7D75DA35-C64C-4B67-8A0A-4545DC8307AD
C4DC0190-BC94-4373-BA67-68208B4DD7AD
A04334EB-0C94-4A1C-B434-DED35D9A67AD
C4BCAF7C-44F4-4D88-ADE0-F36E1180E7AD
84CFEF6A-1403-46D2-AA0D-A34B5A6347AD
18A847A8-5D5B-429A-AB0C-E44A1A87E7AD
7B7D2CB3-FADD-4880-B905-05678FD96234
D5AB370A-D5AE-4668-8A55-7E65334C37AD
976C4709-004B-4EBA-876A-EFD2D05257AD
A17F8617-70B0-43C1-8F2B-AA1E0CE227AD
29BBC1FC-A5B0-4176-9D54-3530CA6A17AD
9BEBB89C-E1D2-42BC-8605-AECCA14BF7AD
8CDA4C41-46F0-4A47-B196-56331F7BB7AD
7B7D2CB3-FADD-4880-B905-05678FD96234
264C50AD-06BD-4415-8F2E-798F8786F7AD
024B3D37-BDA4-49B9-BC9A-73345D7417AD
4354E89D-CD8E-433F-ADC6-9A7BC78E17AD
E49E4DDC-4AB7-4AB7-A80A-8559286197AD
85093CCB-D731-44AD-8D8E-B27B828657AD
85093CCB-D731-44AD-8D8E-B27B828657AD
7B7D2CB3-FADD-4880-B905-05678FD96234
E001DA2A-9D0B-4583-9084-598240ED8BB0
C40356D6-C613-4A84-8B25-CF81733F500B
51C073C3-3F82-4E95-87B3-A02CEF0D2451
80879027-92AD-42A8-BB1E-6D00FD116E92
51C073C3-3F82-4E95-87B3-A02CEF0D2451
80879027-92AD-42A8-BB1E-6D00FD116E92
7B7D2CB3-FADD-4880-B905-05678FD96234
3A5D4098-4E91-42A8-B42E-42B8347FD6D6
3CFFBDA5-68DD-4F1B-81FE-0BB9CFDB374F
99E8BE82-DEF6-4A90-BE9E-A22D6530B25A
31ACD1F3-B9DE-4877-90BE-E171BFE8125A
520B5CCF-62AD-49E6-97F0-96702541125A
8946CACA-8347-49CD-AE0A-AF11941BA25A
AC467175-E277-4E4B-9BF4-506B761AF25A
7A63FED8-E323-427B-AA9B-34655226725A
2B0F2C50-33A2-4053-8C09-53F90ECA9958
6C37A634-3CCF-4916-AC76-CB202F64F777
9D972208-412C-4743-9E4F-EBC951F8F4C8
7B7D2CB3-FADD-4880-B905-05678FD96234
E161B9CE-004A-42BD-A0B1-F1471440D187
48178067-B419-46B2-94BB-6B1FFA5B1A3F
E161B9CE-004A-42BD-A0B1-F1471440D187
48178067-B419-46B2-94BB-6B1FFA5B1A3F
75972FBC-F166-4D16-9734-08003AEC4FAC
ADE8ECE7-0FB3-4201-8A81-8DD8DC4E207F
75972FBC-F166-4D16-9734-08003AEC4FAC
ADE8ECE7-0FB3-4201-8A81-8DD8DC4E207F
82DD13B8-116B-4585-8BEA-5F6D1AEBA25A
8F1D2B4E-47DF-4BE9-B911-FAD18643925A
19E46527-E815-472A-ABA7-4FD93937125A
D1C85003-D045-49AD-9401-1276018BD25A
AA331950-2957-416F-BBBD-A6C3F721825A
5970D4C2-5B28-42A7-9C58-8A28523C625A
EEC73E13-8A48-4E44-AF5F-CEDCB52B825A
9EFE9C89-C60D-4338-8813-6B37945E335B
7B7D2CB3-FADD-4880-B905-05678FD96234
63302FA4-2A8A-4120-A078-080550FBC25A
5970D4C2-5B28-42A7-9C58-8A28523C625A
5970D4C2-5B28-42A7-9C58-8A28523C625A
7B7D2CB3-FADD-4880-B905-05678FD96234
7B7D2CB3-FADD-4880-B905-05678FD96234
7B7D2CB3-FADD-4880-B905-05678FD96234
7B7D2CB3-FADD-4880-B905-05678FD96234
50EC1A52-A49A-40EA-B37D-254E21A8F8B4
7B7D2CB3-FADD-4880-B905-05678FD96234
7B7D2CB3-FADD-4880-B905-05678FD96234
7B7D2CB3-FADD-4880-B905-05678FD96234
33A736E9-6FDA-412C-A8C4-4F6409276B3F
7B7D2CB3-FADD-4880-B905-05678FD96234
83A5DF67-3A0B-4665-A75C-FA920B37D727
A6116C4E-2F48-45F5-B7DC-1AEBD2641B90
8705A1C6-510D-405E-92B5-65057383EFF2
3CFA5D27-E79C-47F5-973A-03DE5510904D
7B7D2CB3-FADD-4880-B905-05678FD96234
7B7D2CB3-FADD-4880-B905-05678FD96234
7B7D2CB3-FADD-4880-B905-05678FD96234
7B7D2CB3-FADD-4880-B905-05678FD96234
7B7D2CB3-FADD-4880-B905-05678FD96234
7B7D2CB3-FADD-4880-B905-05678FD96234
7B7D2CB3-FADD-4880-B905-05678FD96234
7B7D2CB3-FADD-4880-B905-05678FD96234
7B7D2CB3-FADD-4880-B905-05678FD96234
7B7D2CB3-FADD-4880-B905-05678FD96234
07EACCF1-C175-41F9-BEFE-3723F289E6D2
7B7D2CB3-FADD-4880-B905-05678FD96234
7B7D2CB3-FADD-4880-B905-05678FD96234
7B7D2CB3-FADD-4880-B905-05678FD96234
7B7D2CB3-FADD-4880-B905-05678FD96234
7B7D2CB3-FADD-4880-B905-05678FD96234
7B7D2CB3-FADD-4880-B905-05678FD96234
7B7D2CB3-FADD-4880-B905-05678FD96234
7B7D2CB3-FADD-4880-B905-05678FD96234
7B7D2CB3-FADD-4880-B905-05678FD96234
7B7D2CB3-FADD-4880-B905-05678FD96234
7B7D2CB3-FADD-4880-B905-05678FD96234
7B7D2CB3-FADD-4880-B905-05678FD96234
7B7D2CB3-FADD-4880-B905-05678FD96234
7B7D2CB3-FADD-4880-B905-05678FD96234
7B7D2CB3-FADD-4880-B905-05678FD96234
7B7D2CB3-FADD-4880-B905-05678FD96234
7B7D2CB3-FADD-4880-B905-05678FD96234
7B7D2CB3-FADD-4880-B905-05678FD96234
7B7D2CB3-FADD-4880-B905-05678FD96234
7B7D2CB3-FADD-4880-B905-05678FD96234
4548847D-C9BE-4AB6-8F6B-A36B16904CF6
24A0D3EA-606F-44B1-97B4-C551800ABCF6
BA0B0B80-082D-4FC0-9407-DE3B8EA16CF6
696EA046-FCD9-4B7D-B1E0-EEE54029CD1D
B3F3FC4B-154E-421D-A240-3D8427BAACF6
D5C2AD77-0850-448A-B1DF-74DD98F0703F
AA2AED19-FCA6-4302-B775-D8336C26BFE4
D09C9D20-D65F-4382-B1AD-55CAB89A9CF6
5F0ABB78-658E-4B42-AA81-E1F8C1147CF6
7B7D2CB3-FADD-4880-B905-05678FD96234
F2D6BD94-D4EC-4AA3-9374-3E0DCB82CCF6
CAE6A0AC-22A1-4822-AAA1-373CDC473CF6
449686C0-563A-46B9-BB54-4E9F63F85CF6
B37D8FD3-32A9-46E5-B4AA-7F0C89189CF6
C909FAAE-7B94-4B03-9D33-8E8C5800ACF6
9EB651AB-995D-4F07-9008-1AFD04F7E622
45BC6797-4ACF-458E-8B24-C76B8E39ACF6
BAAC95A9-A0F9-46F1-BBDA-A4BCD417ECF6
7B7D2CB3-FADD-4880-B905-05678FD96234
2A9B53F5-8A89-42FD-BF2D-615C16689CF6
43F51004-CFBA-42CB-B833-3F3749794CF6
BAAC95A9-A0F9-46F1-BBDA-A4BCD417ECF6
7B7D2CB3-FADD-4880-B905-05678FD96234
581E586D-02EE-4A6A-BADA-7380AB876CF6
5E051412-662B-4119-9A12-E99866C66CF6
D9FCF76C-E28E-426A-A7FC-FA6DB86F4CF6
BAAC95A9-A0F9-46F1-BBDA-A4BCD417ECF6
BAAC95A9-A0F9-46F1-BBDA-A4BCD417ECF6
7B7D2CB3-FADD-4880-B905-05678FD96234
60805CDA-566F-4DA9-9A74-B9FE51E69E00
7B7D2CB3-FADD-4880-B905-05678FD96234
979F7ED2-10B7-4909-BC55-9C225414FE00
3AA6CA49-A363-4A60-887D-94F541A15E00
BA16CD72-6E8C-4F92-B631-BCF71B824E00
84491F9F-02CF-4301-9893-DA669CE14E00
7B7D2CB3-FADD-4880-B905-05678FD96234
6A9579B7-CDB6-4EB5-9409-D43AC1E121A7
E2EC8984-9F3D-4379-BEC9-521CCBDBC00D
9E8F93FE-F7E4-452B-A03F-F33AE048EC51
684C85D9-A77A-475A-9B59-715F0E05C0A3
9E8F93FE-F7E4-452B-A03F-F33AE048EC51
684C85D9-A77A-475A-9B59-715F0E05C0A3
7B7D2CB3-FADD-4880-B905-05678FD96234
9BA9E39B-60D6-4719-8461-9A6B970A1E00
BA16CD72-6E8C-4F92-B631-BCF71B824E00
54B1578F-2D1F-413F-8FB9-171BED683E00
C13B530E-4878-49C6-AB88-23379AEA3E00
81C5676E-0B38-4003-8DE2-C9245154EE00
7B7D2CB3-FADD-4880-B905-05678FD96234
82922C24-9863-4733-A3FA-F09B1AF2786D
42BB2C12-4411-49BE-A400-A9AA2E34A958
DEAE4791-81B6-4028-8468-7BB789FC6D9C
42BB2C12-4411-49BE-A400-A9AA2E34A958
7B7D2CB3-FADD-4880-B905-05678FD96234
DEAE4791-81B6-4028-8468-7BB789FC6D9C
7B7D2CB3-FADD-4880-B905-05678FD96234
77F8BEB5-9ED9-4F8B-8040-6070B9B47E00
838BB75F-163D-47E3-BFF7-E9EB6189BE00
7B7D2CB3-FADD-4880-B905-05678FD96234
D950C076-11F6-4B63-8F1D-13F187608E00
0E580FDF-F019-4389-A50A-A9786E945E00
F4799B8C-90B7-4036-B387-65DCC13E3E00
7B7D2CB3-FADD-4880-B905-05678FD96234
77F8BEB5-9ED9-4F8B-8040-6070B9B47E00
15FFBE75-FB57-4923-9237-0E62A6744E00
77F8BEB5-9ED9-4F8B-8040-6070B9B47E00
FDD9A1B8-6D5A-4A9F-B595-60CF2FEE5E00
0C57A343-730C-4D23-B87E-5FC79807AE00
AF53AA40-6464-46E8-90BB-CD826A559E00
7B7D2CB3-FADD-4880-B905-05678FD96234
11601944-DA40-4A93-AB02-1986FA60DD14
8E8BAC90-13B1-44BC-95D2-B4E30BF34E00
5F6F2BCE-AD6C-49B0-906A-AD2270A5CE00
8CAA9F86-4300-4902-9AF9-3D9CF86A8E00
1532FBA1-3E90-4EB2-849F-89C431665E00
7B7D2CB3-FADD-4880-B905-05678FD96234
7B7D2CB3-FADD-4880-B905-05678FD96234
7B7D2CB3-FADD-4880-B905-05678FD96234
CD16DAD1-5DEF-4280-B697-86566FC6DE00
7B7D2CB3-FADD-4880-B905-05678FD96234
77F8BEB5-9ED9-4F8B-8040-6070B9B47E00
B96003F9-4556-477F-9709-D93161878E00
25955C86-FC4C-4255-8B38-EC788DE81E00
7B7D2CB3-FADD-4880-B905-05678FD96234
7B7D2CB3-FADD-4880-B905-05678FD96234
7C4EF439-616A-4758-ADA6-31F3E550EE00
337523FF-2DC9-4C63-B081-30D050CBDE00
CAB317FA-7AEB-40C5-A7C9-F42A8C0F8E00
391D61FA-3602-43E7-98CD-463144EE5E00
7B7D2CB3-FADD-4880-B905-05678FD96234
77F8BEB5-9ED9-4F8B-8040-6070B9B47E00
FFBB2C03-1A31-42E5-829C-FA96658FDE00
E42ECB78-F206-4E68-A204-B5E29514FE00
92EE1B48-31A9-4F75-89AB-28287A7D8E00
7B7D2CB3-FADD-4880-B905-05678FD96234
77F8BEB5-9ED9-4F8B-8040-6070B9B47E00
7B7D2CB3-FADD-4880-B905-05678FD96234
336DD5E6-6363-4152-90C0-F45AAD30CE00
7B7D2CB3-FADD-4880-B905-05678FD96234
3A02C00D-2718-4238-8233-7D4068623704
7B7D2CB3-FADD-4880-B905-05678FD96234
7B7D2CB3-FADD-4880-B905-05678FD96234
7B7D2CB3-FADD-4880-B905-05678FD96234
DA1977AB-0F1C-42AB-8043-7D19F1CABE00
89D878F0-DF67-4AB7-8442-7D3A0F3ACE00
4A27C547-B71A-4EC3-88DB-0DFFD92B8E00
7B7D2CB3-FADD-4880-B905-05678FD96234
7B7D2CB3-FADD-4880-B905-05678FD96234
7B7D2CB3-FADD-4880-B905-05678FD96234
6B1977AC-410A-4ACC-B805-893F31AF8E9E
7B7D2CB3-FADD-4880-B905-05678FD96234
7B7D2CB3-FADD-4880-B905-05678FD96234
20189FA3-04F2-4A5E-9E5F-C7E5DF5D6E00
74B5EF63-16FD-438B-BBE7-255267A4FE00
6CE57B1D-BE95-41DE-83E8-61CA87D82E00
7B7D2CB3-FADD-4880-B905-05678FD96234
7B7D2CB3-FADD-4880-B905-05678FD96234
3EF45769-5FFC-4EC1-BEC4-68D7B4625E00
62C29B48-D217-4F5E-8DE6-72E27F126E00
7B7D2CB3-FADD-4880-B905-05678FD96234
7B7D2CB3-FADD-4880-B905-05678FD96234
7B7D2CB3-FADD-4880-B905-05678FD96234
7B7D2CB3-FADD-4880-B905-05678FD96234
7B7D2CB3-FADD-4880-B905-05678FD96234
7B7D2CB3-FADD-4880-B905-05678FD96234
7B7D2CB3-FADD-4880-B905-05678FD96234
3BA08B23-1677-42F0-BC34-AFC266FD0E00
7B7D2CB3-FADD-4880-B905-05678FD96234
74604704-00C4-4B68-B25E-EBC645995E00
7B7D2CB3-FADD-4880-B905-05678FD96234
7AC8C27C-637C-4693-A131-5DD219E393E2
0446C896-E94E-4A9D-8993-519D5CB7C518
DA04D9AB-34FB-43A9-BC1C-AF96F6984058
7BBB46ED-051C-4FA1-98FE-B67719D1EE00
DFB6CE1F-0637-4010-BFC2-0EF390301E00
1A5B0B5F-183B-4D84-B786-877441622E00
7B7D2CB3-FADD-4880-B905-05678FD96234
7B7D2CB3-FADD-4880-B905-05678FD96234
8DCD2889-A19C-443C-BBB0-7E73CF811E00
01FDAC80-B1DC-494E-BA7C-F24BEB975E00
8DCD2889-A19C-443C-BBB0-7E73CF811E00
1827133F-917B-4156-A4F0-68CC0F0FAE00
8DCD2889-A19C-443C-BBB0-7E73CF811E00
AEA8FFD4-B617-5C57-838D-A356079FB998
7B7D2CB3-FADD-4880-B905-05678FD96234
7B7D2CB3-FADD-4880-B905-05678FD96234
7B7D2CB3-FADD-4880-B905-05678FD96234
7B7D2CB3-FADD-4880-B905-05678FD96234
7B7D2CB3-FADD-4880-B905-05678FD96234
7B7D2CB3-FADD-4880-B905-05678FD96234
F67C7635-2366-4846-ADBC-1296770B006D
7B7D2CB3-FADD-4880-B905-05678FD96234
2664810B-819C-4CFC-BA21-A08FB05157BF
7B7D2CB3-FADD-4880-B905-05678FD96234
7B7D2CB3-FADD-4880-B905-05678FD96234
7B7D2CB3-FADD-4880-B905-05678FD96234
7B7D2CB3-FADD-4880-B905-05678FD96234
ACB1AA14-E9FA-453C-ADB5-FFBB35B7D815
2C86FD1C-A901-4BC7-8949-4092E402068A
AEA8FFD4-B617-5C57-838D-A356079FB998
7B7D2CB3-FADD-4880-B905-05678FD96234
7B7D2CB3-FADD-4880-B905-05678FD96234
C5260C84-093F-4FFC-87CA-3A8D9BE34B85
AEA8FFD4-B617-5C57-838D-A356079FB998
7B7D2CB3-FADD-4880-B905-05678FD96234
7B7D2CB3-FADD-4880-B905-05678FD96234
7B7D2CB3-FADD-4880-B905-05678FD96234
7B7D2CB3-FADD-4880-B905-05678FD96234
7B7D2CB3-FADD-4880-B905-05678FD96234
7B7D2CB3-FADD-4880-B905-05678FD96234
AEA8FFD4-B617-5C57-838D-A356079FB998
7B7D2CB3-FADD-4880-B905-05678FD96234
AEA8FFD4-B617-5C57-838D-A356079FB998
7B7D2CB3-FADD-4880-B905-05678FD96234
7B7D2CB3-FADD-4880-B905-05678FD96234
AEA8FFD4-B617-5C57-838D-A356079FB998
7B7D2CB3-FADD-4880-B905-05678FD96234
AEA8FFD4-B617-5C57-838D-A356079FB998
D5AD298B-3656-5708-9366-4DD452EFE53E
7B7D2CB3-FADD-4880-B905-05678FD96234
7B7D2CB3-FADD-4880-B905-05678FD96234
7B7D2CB3-FADD-4880-B905-05678FD96234
7B7D2CB3-FADD-4880-B905-05678FD96234
7B7D2CB3-FADD-4880-B905-05678FD96234
7B7D2CB3-FADD-4880-B905-05678FD96234
7B7D2CB3-FADD-4880-B905-05678FD96234
7B7D2CB3-FADD-4880-B905-05678FD96234
7B7D2CB3-FADD-4880-B905-05678FD96234
7B7D2CB3-FADD-4880-B905-05678FD96234
11746389-A032-4CD2-8B21-3057D74A33C3
7B7D2CB3-FADD-4880-B905-05678FD96234
7B7D2CB3-FADD-4880-B905-05678FD96234
41788F7D-A592-4E1F-AAE5-175C19A73828
7B7D2CB3-FADD-4880-B905-05678FD96234
7B7D2CB3-FADD-4880-B905-05678FD96234
7B7D2CB3-FADD-4880-B905-05678FD96234
7B7D2CB3-FADD-4880-B905-05678FD96234
7B7D2CB3-FADD-4880-B905-05678FD96234
7B7D2CB3-FADD-4880-B905-05678FD96234
7B7D2CB3-FADD-4880-B905-05678FD96234
7B7D2CB3-FADD-4880-B905-05678FD96234
7B7D2CB3-FADD-4880-B905-05678FD96234
7B7D2CB3-FADD-4880-B905-05678FD96234
7B7D2CB3-FADD-4880-B905-05678FD96234
7B7D2CB3-FADD-4880-B905-05678FD96234
7B7D2CB3-FADD-4880-B905-05678FD96234
7B7D2CB3-FADD-4880-B905-05678FD96234
7B7D2CB3-FADD-4880-B905-05678FD96234
7B7D2CB3-FADD-4880-B905-05678FD96234
7B7D2CB3-FADD-4880-B905-05678FD96234
7B7D2CB3-FADD-4880-B905-05678FD96234
7B7D2CB3-FADD-4880-B905-05678FD96234
7B7D2CB3-FADD-4880-B905-05678FD96234
D5AD298B-3656-5708-9366-4DD452EFE53E
7B7D2CB3-FADD-4880-B905-05678FD96234
7B7D2CB3-FADD-4880-B905-05678FD96234
7B7D2CB3-FADD-4880-B905-05678FD96234
7B7D2CB3-FADD-4880-B905-05678FD96234
D5AD298B-3656-5708-9366-4DD452EFE53E
7B7D2CB3-FADD-4880-B905-05678FD96234
D5AD298B-3656-5708-9366-4DD452EFE53E
7B7D2CB3-FADD-4880-B905-05678FD96234
D5AD298B-3656-5708-9366-4DD452EFE53E
7F7310EA-EDE5-4904-9E87-645DE899C14B
FE5BF66D-462B-5C29-9675-9D1ADAD025C6
7B7D2CB3-FADD-4880-B905-05678FD96234
FE5BF66D-462B-5C29-9675-9D1ADAD025C6
800AE873-26C7-4392-A6A6-B206381AB09C
BA78B1D1-9B15-57CB-9486-22AC3F1656F9
7B7D2CB3-FADD-4880-B905-05678FD96234
F9704FC8-0FEE-4E9E-A008-68DC478859F7
23B1E500-9EA7-46D3-B940-CE54EA985897
7ED072B1-E7B8-474B-AE4D-A6D55232A7FF
23B1E500-9EA7-46D3-B940-CE54EA985897
7ED072B1-E7B8-474B-AE4D-A6D55232A7FF
7B7D2CB3-FADD-4880-B905-05678FD96234
B05267C2-4267-4722-8669-306C3923AC8E
7B7D2CB3-FADD-4880-B905-05678FD96234
7B7D2CB3-FADD-4880-B905-05678FD96234
7B7D2CB3-FADD-4880-B905-05678FD96234
7B7D2CB3-FADD-4880-B905-05678FD96234
BA78B1D1-9B15-57CB-9486-22AC3F1656F9
2A394672-B922-4BD7-AD27-8202C7D77EDE
C7D09E0E-5674-499E-BD69-BEC073A17B2F
7B7D2CB3-FADD-4880-B905-05678FD96234
7B7D2CB3-FADD-4880-B905-05678FD96234
BA78B1D1-9B15-57CB-9486-22AC3F1656F9
7B7D2CB3-FADD-4880-B905-05678FD96234
7B7D2CB3-FADD-4880-B905-05678FD96234
7B7D2CB3-FADD-4880-B905-05678FD96234
7B7D2CB3-FADD-4880-B905-05678FD96234
7B7D2CB3-FADD-4880-B905-05678FD96234
7B7D2CB3-FADD-4880-B905-05678FD96234
7B7D2CB3-FADD-4880-B905-05678FD96234
62E787B5-7ACF-43F5-A55D-F8FA113742CA
8369C3D5-8D3D-41F4-9C2F-44F3D73ECCEE
99734578-FFF0-44F4-A77A-F0B3B98C04F7
DC2A708A-C0BD-417A-A701-C671C5B90EAC
99734578-FFF0-44F4-A77A-F0B3B98C04F7
DC2A708A-C0BD-417A-A701-C671C5B90EAC
291D70AE-176F-4812-9516-19392AC8CC3A
DC2A708A-C0BD-417A-A701-C671C5B90EAC
291D70AE-176F-4812-9516-19392AC8CC3A
2F72FBA9-F1C2-4DA5-9E1F-A14D4C27F54A
291D70AE-176F-4812-9516-19392AC8CC3A
2F72FBA9-F1C2-4DA5-9E1F-A14D4C27F54A
7B7D2CB3-FADD-4880-B905-05678FD96234
63599242-2605-4C73-B344-6E117B574535
2F72FBA9-F1C2-4DA5-9E1F-A14D4C27F54A
63599242-2605-4C73-B344-6E117B574535
F288F41A-6B41-4DA9-BE25-0B66DDF62F05
63599242-2605-4C73-B344-6E117B574535
F288F41A-6B41-4DA9-BE25-0B66DDF62F05
186B27E8-9EC8-4A82-A1EE-FC27751A3321
F288F41A-6B41-4DA9-BE25-0B66DDF62F05
186B27E8-9EC8-4A82-A1EE-FC27751A3321
28CEDF0C-CF11-48BA-9C80-869E5E515C0B
186B27E8-9EC8-4A82-A1EE-FC27751A3321
28CEDF0C-CF11-48BA-9C80-869E5E515C0B
0AA4D84E-17B7-47C8-9A05-234A114BB573
171720D8-D115-452D-BBBA-AAEEB83D773E
0AA4D84E-17B7-47C8-9A05-234A114BB573
171720D8-D115-452D-BBBA-AAEEB83D773E
6BE93311-8851-4BF5-A5C9-013E51EE9C61
171720D8-D115-452D-BBBA-AAEEB83D773E
6BE93311-8851-4BF5-A5C9-013E51EE9C61
BA78B1D1-9B15-57CB-9486-22AC3F1656F9
7B7D2CB3-FADD-4880-B905-05678FD96234
BA78B1D1-9B15-57CB-9486-22AC3F1656F9
7B7D2CB3-FADD-4880-B905-05678FD96234
BA78B1D1-9B15-57CB-9486-22AC3F1656F9
7B7D2CB3-FADD-4880-B905-05678FD96234
BA78B1D1-9B15-57CB-9486-22AC3F1656F9
7B7D2CB3-FADD-4880-B905-05678FD96234
BA78B1D1-9B15-57CB-9486-22AC3F1656F9
7B7D2CB3-FADD-4880-B905-05678FD96234
2F2BF076-B8E9-4B8E-B28E-1A129E886E87
BA78B1D1-9B15-57CB-9486-22AC3F1656F9
7B7D2CB3-FADD-4880-B905-05678FD96234
BA78B1D1-9B15-57CB-9486-22AC3F1656F9
407BB0B4-700C-44CE-8860-D5A5B4469E80
7B7D2CB3-FADD-4880-B905-05678FD96234
B743EB49-E30E-528E-8C6A-12306DA4C8F5
7B7D2CB3-FADD-4880-B905-05678FD96234
B743EB49-E30E-528E-8C6A-12306DA4C8F5
7B7D2CB3-FADD-4880-B905-05678FD96234
B743EB49-E30E-528E-8C6A-12306DA4C8F5
1B58B6CF-853B-49A8-B1C3-A1AA3DFBECD8
541496FF-D077-45AC-9B50-4F7AFF4E8A7A
C6127527-7876-41CF-A3AC-DC4897212CCE
10FB52FD-BF6E-48BB-897E-7F4C6B535148
7B7D2CB3-FADD-4880-B905-05678FD96234
B743EB49-E30E-528E-8C6A-12306DA4C8F5
03E53481-2AD0-4290-9267-9900A7F51A95
6CFA143F-1DDE-4009-B142-73CFB078B092
D7EEBDF6-4473-46A0-9C3A-460958F7FFF9
7B7D2CB3-FADD-4880-B905-05678FD96234
B743EB49-E30E-528E-8C6A-12306DA4C8F5
7B7D2CB3-FADD-4880-B905-05678FD96234
7B7D2CB3-FADD-4880-B905-05678FD96234
B743EB49-E30E-528E-8C6A-12306DA4C8F5
E9AB94F0-0B5B-44C9-BBAA-4393586C6213
7B7D2CB3-FADD-4880-B905-05678FD96234
B743EB49-E30E-528E-8C6A-12306DA4C8F5
7B7D2CB3-FADD-4880-B905-05678FD96234
D895A6BB-F5D3-4257-9F77-39F6E5DA0D54
B743EB49-E30E-528E-8C6A-12306DA4C8F5
EE83D4F5-13D3-4A95-9E0A-70616E8F4356
7B7D2CB3-FADD-4880-B905-05678FD96234
B743EB49-E30E-528E-8C6A-12306DA4C8F5
7B7D2CB3-FADD-4880-B905-05678FD96234
B743EB49-E30E-528E-8C6A-12306DA4C8F5
7B7D2CB3-FADD-4880-B905-05678FD96234
B743EB49-E30E-528E-8C6A-12306DA4C8F5
7B7D2CB3-FADD-4880-B905-05678FD96234
B743EB49-E30E-528E-8C6A-12306DA4C8F5
7B7D2CB3-FADD-4880-B905-05678FD96234
B743EB49-E30E-528E-8C6A-12306DA4C8F5
7B7D2CB3-FADD-4880-B905-05678FD96234
B743EB49-E30E-528E-8C6A-12306DA4C8F5
0E0743E5-A0C6-499F-BD0A-F854B7E6C879
7B7D2CB3-FADD-4880-B905-05678FD96234
670096EF-D3BB-4170-9C10-74508C83DE68
97A1C1DB-0196-45C3-9304-D9893EB0995D
E177AC0C-84C0-437F-A81A-F04BF45C3A25
B743EB49-E30E-528E-8C6A-12306DA4C8F5
7B7D2CB3-FADD-4880-B905-05678FD96234
B743EB49-E30E-528E-8C6A-12306DA4C8F5
A697ECE7-C662-5ACE-8F64-28DC8690D90D
7B7D2CB3-FADD-4880-B905-05678FD96234
7B7D2CB3-FADD-4880-B905-05678FD96234
7B7D2CB3-FADD-4880-B905-05678FD96234
7B7D2CB3-FADD-4880-B905-05678FD96234
7B7D2CB3-FADD-4880-B905-05678FD96234
524ACCD3-C5C9-4A89-AF72-53D3BC789222
5D9A1FC7-622F-4682-A73E-D42D8250A1A2
91C91B7E-94AB-476A-9B25-F8B4090D9A5E
A697ECE7-C662-5ACE-8F64-28DC8690D90D
7B7D2CB3-FADD-4880-B905-05678FD96234
7B7D2CB3-FADD-4880-B905-05678FD96234
A697ECE7-C662-5ACE-8F64-28DC8690D90D
9EF0CCA2-528E-41A6-AD1D-A642F88DA27C
1710A1BF-4217-480E-AA3D-2EFF7682073E
9EF0CCA2-528E-41A6-AD1D-A642F88DA27C
1710A1BF-4217-480E-AA3D-2EFF7682073E
7B7D2CB3-FADD-4880-B905-05678FD96234
A697ECE7-C662-5ACE-8F64-28DC8690D90D
33902623-4942-4D88-8747-0AAF30BB6D45
7B7D2CB3-FADD-4880-B905-05678FD96234
A697ECE7-C662-5ACE-8F64-28DC8690D90D
7B7D2CB3-FADD-4880-B905-05678FD96234
68DE0777-9993-475A-9C1D-7F8A6092E5BE
7D54036D-F12B-4E3A-929C-3DAF273C0B5C
713C14B0-AD2E-4DA5-A24D-E57DCC832D97
7B7D2CB3-FADD-4880-B905-05678FD96234
7B7D2CB3-FADD-4880-B905-05678FD96234
04D21736-709F-56B8-A4CC-EC01939F99D4
7B7D2CB3-FADD-4880-B905-05678FD96234
7B7D2CB3-FADD-4880-B905-05678FD96234
8A72837B-9BDE-4800-A604-EC7850F02A98
7C59E1BB-23F4-43F8-B279-D7720B9BB8B1
A596EA26-AC9D-4CAA-B255-932E53FCC0B8
08AEF71C-36BD-4F33-998A-6A1793F05CD1
A596EA26-AC9D-4CAA-B255-932E53FCC0B8
08AEF71C-36BD-4F33-998A-6A1793F05CD1
BC0C50BC-C96B-4118-90E4-36A2893F88D4
08AEF71C-36BD-4F33-998A-6A1793F05CD1
E790703B-8D0B-479B-B807-F0B2D40C5060
BC0C50BC-C96B-4118-90E4-36A2893F88D4
E790703B-8D0B-479B-B807-F0B2D40C5060
E1807812-FD89-4BB6-A7B1-2F274A678DEA
E790703B-8D0B-479B-B807-F0B2D40C5060
E1807812-FD89-4BB6-A7B1-2F274A678DEA
1D6468DB-3019-441D-9079-B15B3F2E7BC8
E1807812-FD89-4BB6-A7B1-2F274A678DEA
1D6468DB-3019-441D-9079-B15B3F2E7BC8
14FF0B42-7162-461B-8D11-0FF1A3167D1A
1D6468DB-3019-441D-9079-B15B3F2E7BC8
14FF0B42-7162-461B-8D11-0FF1A3167D1A
A90FA797-624F-4B99-8E9A-C57E81C36285
14FF0B42-7162-461B-8D11-0FF1A3167D1A
A90FA797-624F-4B99-8E9A-C57E81C36285
F60C7553-D481-4F6B-B357-96C3223361F7
A90FA797-624F-4B99-8E9A-C57E81C36285
F60C7553-D481-4F6B-B357-96C3223361F7
25063F35-CAA2-43EF-9D42-A061A2B1573C
F60C7553-D481-4F6B-B357-96C3223361F7
25063F35-CAA2-43EF-9D42-A061A2B1573C
ABFB0DFD-ED69-4A94-B792-95CF302811C6
25063F35-CAA2-43EF-9D42-A061A2B1573C
ABFB0DFD-ED69-4A94-B792-95CF302811C6
C6AB04F7-F0ED-46ED-AF0E-A8CA6266F164
ABFB0DFD-ED69-4A94-B792-95CF302811C6
C6AB04F7-F0ED-46ED-AF0E-A8CA6266F164
3730C6F9-BD17-43C9-A00E-4328A22F2ECC
C6AB04F7-F0ED-46ED-AF0E-A8CA6266F164
3730C6F9-BD17-43C9-A00E-4328A22F2ECC
BEB2A9F0-2533-4B88-9899-DDD50FA546AD
3730C6F9-BD17-43C9-A00E-4328A22F2ECC
BEB2A9F0-2533-4B88-9899-DDD50FA546AD
60212F85-394A-44AB-AB84-C2D2B054752B
BEB2A9F0-2533-4B88-9899-DDD50FA546AD
60212F85-394A-44AB-AB84-C2D2B054752B
B8178386-6A5F-4E01-8CAC-E2D9A00973A2
60212F85-394A-44AB-AB84-C2D2B054752B
B8178386-6A5F-4E01-8CAC-E2D9A00973A2
39414334-27CA-4CA6-8ED4-8C9514991628
B8178386-6A5F-4E01-8CAC-E2D9A00973A2
39414334-27CA-4CA6-8ED4-8C9514991628
016A7C8D-3652-4A6D-ACD7-80A289AEDEC2
39414334-27CA-4CA6-8ED4-8C9514991628
016A7C8D-3652-4A6D-ACD7-80A289AEDEC2
175F4B36-9939-4EE9-9E01-9D7149B2B7D1
016A7C8D-3652-4A6D-ACD7-80A289AEDEC2
175F4B36-9939-4EE9-9E01-9D7149B2B7D1
514A8455-AAC3-4CCA-9D92-3DA22C4877BC
175F4B36-9939-4EE9-9E01-9D7149B2B7D1
514A8455-AAC3-4CCA-9D92-3DA22C4877BC
30C3C609-645E-45A4-95A8-330102EF6171
514A8455-AAC3-4CCA-9D92-3DA22C4877BC
30C3C609-645E-45A4-95A8-330102EF6171
66E6B3D8-FAEA-4EE2-A5E7-CBF2F5ADEDF8
30C3C609-645E-45A4-95A8-330102EF6171
66E6B3D8-FAEA-4EE2-A5E7-CBF2F5ADEDF8
2634FE9F-2CEB-4484-B41A-60BEE68D3883
66E6B3D8-FAEA-4EE2-A5E7-CBF2F5ADEDF8
2634FE9F-2CEB-4484-B41A-60BEE68D3883
ACFA81EE-A127-4FA8-9297-B17EAED45A00
2634FE9F-2CEB-4484-B41A-60BEE68D3883
ACFA81EE-A127-4FA8-9297-B17EAED45A00
A5476D11-EBD4-4889-B23F-0340EF0E7C13
ACFA81EE-A127-4FA8-9297-B17EAED45A00
A5476D11-EBD4-4889-B23F-0340EF0E7C13
C99BB61E-8D3D-41CB-A753-771177C0B454
A5476D11-EBD4-4889-B23F-0340EF0E7C13
C99BB61E-8D3D-41CB-A753-771177C0B454
2638A4EF-A7FB-4912-B85B-0587387DB949
C99BB61E-8D3D-41CB-A753-771177C0B454
2638A4EF-A7FB-4912-B85B-0587387DB949
54C3DF00-273E-4CC5-ADBF-CF6339E1B8A4
2638A4EF-A7FB-4912-B85B-0587387DB949
54C3DF00-273E-4CC5-ADBF-CF6339E1B8A4
FFBFC701-783E-48BF-9E2C-957F6BE0EA72
54C3DF00-273E-4CC5-ADBF-CF6339E1B8A4
FFBFC701-783E-48BF-9E2C-957F6BE0EA72
C3187E63-A68C-4D67-A98C-48FC6A607909
FFBFC701-783E-48BF-9E2C-957F6BE0EA72
C3187E63-A68C-4D67-A98C-48FC6A607909
F6C147F4-8AF0-4064-AD50-1DCB22003374
C3187E63-A68C-4D67-A98C-48FC6A607909
F6C147F4-8AF0-4064-AD50-1DCB22003374
C15F1A34-2ED1-4591-A72F-E095589D7B1A
F6C147F4-8AF0-4064-AD50-1DCB22003374
C15F1A34-2ED1-4591-A72F-E095589D7B1A
FD34BADB-CB86-49B8-A737-3C1EE780E086
C15F1A34-2ED1-4591-A72F-E095589D7B1A
FD34BADB-CB86-49B8-A737-3C1EE780E086
608F3318-3297-4245-99C2-DAD5F3B7422B
FD34BADB-CB86-49B8-A737-3C1EE780E086
608F3318-3297-4245-99C2-DAD5F3B7422B
F6F26728-90BB-48DF-BD3B-D0132798F1A4
608F3318-3297-4245-99C2-DAD5F3B7422B
F6F26728-90BB-48DF-BD3B-D0132798F1A4
BC711564-4DC4-4D18-ABEF-89FBB296B279
F6F26728-90BB-48DF-BD3B-D0132798F1A4
BC711564-4DC4-4D18-ABEF-89FBB296B279
550BB01D-AC52-4AC6-91E6-E2A298490284
BC711564-4DC4-4D18-ABEF-89FBB296B279
550BB01D-AC52-4AC6-91E6-E2A298490284
7E452FB6-ED6A-43C1-BF81-8E40638A8770
7B7D2CB3-FADD-4880-B905-05678FD96234
7B7D2CB3-FADD-4880-B905-05678FD96234
7B7D2CB3-FADD-4880-B905-05678FD96234
04D21736-709F-56B8-A4CC-EC01939F99D4
CC774221-B4BA-47BB-A034-AC43373A0611
7B7D2CB3-FADD-4880-B905-05678FD96234
04D21736-709F-56B8-A4CC-EC01939F99D4
7B7D2CB3-FADD-4880-B905-05678FD96234
04D21736-709F-56B8-A4CC-EC01939F99D4
7ACAD54D-949D-4987-A29A-A9970557AB4C
3212DA2C-F1EA-47CE-85F4-3BA1E12A0976
7B7D2CB3-FADD-4880-B905-05678FD96234
04D21736-709F-56B8-A4CC-EC01939F99D4
7B7D2CB3-FADD-4880-B905-05678FD96234
1CC0C31C-A0C5-45C8-ACD2-01649771CA66
F0597783-D22E-48EB-90C0-C36FDFF42626
CF323A89-4E37-4FB2-812C-CD8B775AE71A
F0597783-D22E-48EB-90C0-C36FDFF42626
CF323A89-4E37-4FB2-812C-CD8B775AE71A
027342AC-6146-42A5-AB43-45C27337D667
04D21736-709F-56B8-A4CC-EC01939F99D4
976698A9-3A19-4599-88D1-01BA557886B9
7B7D2CB3-FADD-4880-B905-05678FD96234
A4DCF4FA-6030-4783-9222-5009FF52E159
F7336A2A-8172-4AE6-9CD1-4151704E5167
0EDE0F5C-DDFE-4D3D-AD7C-CFB28DD59944
04D21736-709F-56B8-A4CC-EC01939F99D4
7B7D2CB3-FADD-4880-B905-05678FD96234
7B7D2CB3-FADD-4880-B905-05678FD96234
04D21736-709F-56B8-A4CC-EC01939F99D4
7B7D2CB3-FADD-4880-B905-05678FD96234
04D21736-709F-56B8-A4CC-EC01939F99D4
7B7D2CB3-FADD-4880-B905-05678FD96234
04D21736-709F-56B8-A4CC-EC01939F99D4
40A82841-98D1-4443-87DC-CC604805BCE6
7B7D2CB3-FADD-4880-B905-05678FD96234
04D21736-709F-56B8-A4CC-EC01939F99D4
4F428A93-7B19-494C-BA85-7038D20FC999
63772E6E-19D2-49DC-88DD-D4AC29E676D2
7B7D2CB3-FADD-4880-B905-05678FD96234
7B7D2CB3-FADD-4880-B905-05678FD96234
04D21736-709F-56B8-A4CC-EC01939F99D4
7B7D2CB3-FADD-4880-B905-05678FD96234
04D21736-709F-56B8-A4CC-EC01939F99D4
7417552A-4129-4176-B4C8-9A28A1B1B835
FFF972F8-F4AB-5013-A90E-5929328369E9
7B7D2CB3-FADD-4880-B905-05678FD96234
819B2CA5-BEEC-4D7D-8DE8-449A74DC4CAE
E7925318-9150-48BD-8009-22A5BDEE74E1
EF6DF522-31F2-4E70-8B1A-31C869E46556
7B7D2CB3-FADD-4880-B905-05678FD96234
D0CFE21E-63DF-4DD2-8605-967E719B975D
A5009891-7619-4C97-90E9-587E3E72EC72
FFF972F8-F4AB-5013-A90E-5929328369E9
7B7D2CB3-FADD-4880-B905-05678FD96234
7B7D2CB3-FADD-4880-B905-05678FD96234
FFF972F8-F4AB-5013-A90E-5929328369E9
7B7D2CB3-FADD-4880-B905-05678FD96234
FFF972F8-F4AB-5013-A90E-5929328369E9
97ADDB75-E0E7-5EC8-9491-8FE9B50CCB7C
7B7D2CB3-FADD-4880-B905-05678FD96234
7B7D2CB3-FADD-4880-B905-05678FD96234
7B7D2CB3-FADD-4880-B905-05678FD96234
7D1CFDA1-4427-4A28-9A18-51793D6D5C36
7B7D2CB3-FADD-4880-B905-05678FD96234
97ADDB75-E0E7-5EC8-9491-8FE9B50CCB7C
7B7D2CB3-FADD-4880-B905-05678FD96234
97ADDB75-E0E7-5EC8-9491-8FE9B50CCB7C
7B7D2CB3-FADD-4880-B905-05678FD96234
3585D642-B284-44CF-92F6-664A7654A5A1
97ADDB75-E0E7-5EC8-9491-8FE9B50CCB7C
7B7D2CB3-FADD-4880-B905-05678FD96234
894EA789-B4D8-4F87-B200-CBBA86872BE7
97ADDB75-E0E7-5EC8-9491-8FE9B50CCB7C
F040F533-89BA-4840-990B-7CA328D7EFE4
FEF9CC0F-7737-4ED4-A6F6-CB2FE99D804B
F636088A-2418-4E8C-B94A-69047D355677
7B7D2CB3-FADD-4880-B905-05678FD96234
97ADDB75-E0E7-5EC8-9491-8FE9B50CCB7C
7B7D2CB3-FADD-4880-B905-05678FD96234
97ADDB75-E0E7-5EC8-9491-8FE9B50CCB7C
7B7D2CB3-FADD-4880-B905-05678FD96234
97ADDB75-E0E7-5EC8-9491-8FE9B50CCB7C
9B286E34-DD78-4FAA-88C2-1271F5C9515C
4072E156-BFD1-43D8-8BD4-5E721E37C7C4
EAECAE9C-7AB5-41A5-B7D8-A690EAAA1260
7B7D2CB3-FADD-4880-B905-05678FD96234
97ADDB75-E0E7-5EC8-9491-8FE9B50CCB7C
DB078BA8-5841-42E9-B972-F2BE766F6AFE
B671B392-3867-43BB-B419-DBF28FCA9619
CA1F5F53-19EB-4543-A0FE-2AA5B9640920
1B20D496-2FDA-45C7-BA4B-354BF0168B10
7B7D2CB3-FADD-4880-B905-05678FD96234
97ADDB75-E0E7-5EC8-9491-8FE9B50CCB7C
3E719181-74DB-4051-B581-D911F4BF3403
9531F557-96C0-44FA-B537-316FFDF914B8
45DCC0BF-99D3-43EC-A19F-38D4125C6B99
9531F557-96C0-44FA-B537-316FFDF914B8
45DCC0BF-99D3-43EC-A19F-38D4125C6B99
7EC5EFF9-21B2-498D-BEBE-05797B27C98F
45DCC0BF-99D3-43EC-A19F-38D4125C6B99
7EC5EFF9-21B2-498D-BEBE-05797B27C98F
FD90DC8B-43DC-471E-8AA7-4E0623059BD4
7EC5EFF9-21B2-498D-BEBE-05797B27C98F
FD90DC8B-43DC-471E-8AA7-4E0623059BD4
7B7D2CB3-FADD-4880-B905-05678FD96234
97ADDB75-E0E7-5EC8-9491-8FE9B50CCB7C
3DEAF6A0-DC77-42FA-9F38-7B09C9CBFB24
7B7D2CB3-FADD-4880-B905-05678FD96234
97ADDB75-E0E7-5EC8-9491-8FE9B50CCB7C
7B7D2CB3-FADD-4880-B905-05678FD96234
97ADDB75-E0E7-5EC8-9491-8FE9B50CCB7C
58F38790-91B8-488E-AAA6-E386DC1166C1
10153DE1-94DC-4DF7-89B2-E35DF50A2BFB
E620AF26-60F0-47FE-BCA7-6BAAD2D190AB
CB7C5FD5-747F-4F2E-8A2A-8E13F56DC9CA
7B7D2CB3-FADD-4880-B905-05678FD96234
6891BAF0-BC3F-47C1-8678-EE7DC550F2FC
97ADDB75-E0E7-5EC8-9491-8FE9B50CCB7C
7B7D2CB3-FADD-4880-B905-05678FD96234
97ADDB75-E0E7-5EC8-9491-8FE9B50CCB7C
7B7D2CB3-FADD-4880-B905-05678FD96234
7B7D2CB3-FADD-4880-B905-05678FD96234
97ADDB75-E0E7-5EC8-9491-8FE9B50CCB7C
C533E291-6639-4F2C-8E61-617AA7934B39
7B7D2CB3-FADD-4880-B905-05678FD96234
97ADDB75-E0E7-5EC8-9491-8FE9B50CCB7C
7B7D2CB3-FADD-4880-B905-05678FD96234
97ADDB75-E0E7-5EC8-9491-8FE9B50CCB7C
7B7D2CB3-FADD-4880-B905-05678FD96234
97ADDB75-E0E7-5EC8-9491-8FE9B50CCB7C
7B7D2CB3-FADD-4880-B905-05678FD96234
97ADDB75-E0E7-5EC8-9491-8FE9B50CCB7C
192D70C8-1D18-48D8-8CC8-91CDF7582A66
7B7D2CB3-FADD-4880-B905-05678FD96234
97ADDB75-E0E7-5EC8-9491-8FE9B50CCB7C
7B7D2CB3-FADD-4880-B905-05678FD96234
7B7D2CB3-FADD-4880-B905-05678FD96234
97ADDB75-E0E7-5EC8-9491-8FE9B50CCB7C
7B7D2CB3-FADD-4880-B905-05678FD96234
97ADDB75-E0E7-5EC8-9491-8FE9B50CCB7C
A5259823-353A-4054-B5C8-07DBB8B63650
189F7988-0EC2-4385-84F9-870DFE6EE1D9
7B7D2CB3-FADD-4880-B905-05678FD96234
5634AF2F-5AD1-48F0-84DB-E1203EEACAB3
97ADDB75-E0E7-5EC8-9491-8FE9B50CCB7C
7B7D2CB3-FADD-4880-B905-05678FD96234
7B7D2CB3-FADD-4880-B905-05678FD96234
97ADDB75-E0E7-5EC8-9491-8FE9B50CCB7C
7B7D2CB3-FADD-4880-B905-05678FD96234
97ADDB75-E0E7-5EC8-9491-8FE9B50CCB7C
7B7D2CB3-FADD-4880-B905-05678FD96234
97ADDB75-E0E7-5EC8-9491-8FE9B50CCB7C
BC40D020-E157-4B80-A797-CBEC07516A29
7B7D2CB3-FADD-4880-B905-05678FD96234
11360670-C560-4911-A1D9-EFA104A62114
8A94E1CC-2C26-4E63-8140-BE5AFD39C52F
7B7D2CB3-FADD-4880-B905-05678FD96234
7D198732-7611-4A29-87B5-A48DAE793B32
7B7D2CB3-FADD-4880-B905-05678FD96234
5186BB8D-9572-4068-B2DA-A7EF6AC29A32
A96D7CE2-E52F-4CEA-8313-86AF171D9741
645A3726-B57B-409D-A9E7-6684CBC8BC8C
E163D60E-6DAB-4220-81C5-5016919575A7
0286E838-AC90-45A0-912F-E9B9CB98F088
7B7D2CB3-FADD-4880-B905-05678FD96234
7B7D2CB3-FADD-4880-B905-05678FD96234
7B7D2CB3-FADD-4880-B905-05678FD96234
FE47F98F-A1F4-444B-850D-446817C486F1
7B7D2CB3-FADD-4880-B905-05678FD96234
7B7D2CB3-FADD-4880-B905-05678FD96234
7B7D2CB3-FADD-4880-B905-05678FD96234
7B7D2CB3-FADD-4880-B905-05678FD96234
58A03FFD-63F0-4348-9650-775087DECAAC
7B7D2CB3-FADD-4880-B905-05678FD96234
2DA1AD84-DD48-5EFA-AE8A-A3E1205DD9DB
9F71B87E-B970-4671-88CD-F3F5C8CEFEC0
7B7D2CB3-FADD-4880-B905-05678FD96234
5C65F230-779C-4BB0-89CA-7BCC385CED59
F9E6D0E6-DE1B-44ED-98B8-D03B269AF32E
7B7D2CB3-FADD-4880-B905-05678FD96234
7B7D2CB3-FADD-4880-B905-05678FD96234
7B7D2CB3-FADD-4880-B905-05678FD96234
74404959-DCDD-4ED9-8F63-70DE4059212B
FCC54085-CF03-492C-9562-F0540CF24E47
7B7D2CB3-FADD-4880-B905-05678FD96234
7B7D2CB3-FADD-4880-B905-05678FD96234
7B7D2CB3-FADD-4880-B905-05678FD96234
68FF9EE1-491E-496B-9E8F-5872D1D37175
8B923E52-DCEC-4F26-AEAD-1C1B257F36C6
7B7D2CB3-FADD-4880-B905-05678FD96234
7B7D2CB3-FADD-4880-B905-05678FD96234
7B7D2CB3-FADD-4880-B905-05678FD96234
7B7D2CB3-FADD-4880-B905-05678FD96234
