IOServiceOpen(IOSurfaceRoot, type 0) -> kr 0 conn 1d03
IOServiceOpen(AGXAcceleratorG16G, type 1048581) -> kr 0 conn 3c03
CallMethod conn 1d03 sel 32 scIn 0 stInSz 0 -> kr 0
CallMethod conn 3c03 sel 9 scIn 0 stInSz 104 -> kr 0
  stIn +000: 0000000000000000 0000000100010001 0000043001000101 0000000000000000
  stIn +020: 0000000000000000 0000000000000000 0000000000000000 0000000000000000
  stIn +040: 0000000000000000 0000000000010000 0000000000000000 0000001808000000
  stOut: 0000010000000000 00000001043d0000 00000001043bc0c0 0000000000000000
CallMethod conn 3c03 sel 9 scIn 0 stInSz 104 -> kr 0
  stIn +000: 0000000000000000 0000000100010001 0000047001000101 0000000000000000
  stIn +020: 0000000000000000 0000000000000000 0000000000000001 0000000000000000
  stIn +040: 0000000000000000 0000000000003800 0000000000000000 0000001858000000
  stOut: 0000006f00000000 00000001043e0000 00000001043bc180 0000000000000000
CallMethod conn 3c03 sel 9 scIn 0 stInSz 104 -> kr 0
  stIn +000: 0000000000000000 0000000100010001 0000047001000101 0000000000000000
  stIn +020: 0000000000000000 0000000000000000 0000000000000001 0000000000000000
  stIn +040: 0000000000000000 0000000000010000 0000000000000000 0000000000000000
  stOut: 0000010000018000 00000001043f8000 00000001043bc240 0000000000000000
CallMethod conn 3c03 sel 7 scIn 0 stInSz 1040 -> kr 0
  stIn +000: 6b2f73726573552f 2e2f383232747275 726f772d696d696b 612d6d7470732f6b
  stIn +020: 2f736973796c616e 6172746c6174656d 6c6174656d2f6563 0000000074736574
  stIn +040: 0000000000000000 0000000000000000 0000000000000000 0000000000000000
  stOut: 0000000000000001 000000009a9bd3aa 0000000104b87cc0 00000001f5a15420
CallMethod conn 3c03 sel 16 scIn 2 stInSz 0 -> kr 0
  scalars: 0000000000000100 0000000000000028 0000000000000000 0000000000000000
  stOut: 0000000104408000 0000000000000001 0000000000000100 0000000000000028
CallMethod conn 3c03 sel 28 scIn 2 stInSz 0 -> kr 0
  scalars: 0000000000000001 0000000000000001 0000000000000000 0000000000000000
CallMethod conn 3c03 sel 9 scIn 0 stInSz 104 -> kr 0
  stIn +000: 0000000000000000 0000000100010001 0000047001000101 0000000000000000
  stIn +020: 0000000000000000 0000000000000000 0000000000000001 0000000000000000
  stIn +040: 0000000000000000 0000000000020000 0000000000000000 0000000000000000
  stOut: 0000010000030000 000000010440c000 00000001043bc300 0000000000000000
CallMethod conn 3c03 sel 9 scIn 0 stInSz 104 -> kr 0
  stIn +000: 0000000000000080 0000000100010001 00000c3001000101 0000000000000000
  stIn +020: 0000000000000000 0000000000000000 0000000000000000 000000010440c000
  stIn +040: 000000010440c000 0000000000020000 0000000000000004 0000001800000000
  stOut: 0000010000030000 0000000000000000 00000001043bc3c0 0000000000000000
CallMethod conn 3c03 sel 9 scIn 0 stInSz 104 -> kr 0
  stIn +000: 0000000000000080 0000000100010001 00000c3001000101 0000000000000000
  stIn +020: 0000000000000000 0000000000000000 0000000000000000 000000010440c200
  stIn +040: 000000010440c000 0000000000020000 0000000000000004 0000001800000000
  stOut: 0000010000030200 0000000000000000 00000001043bc480 0000000000000000
CallMethod conn 3c03 sel 9 scIn 0 stInSz 104 -> kr 0
  stIn +000: 0000000000000080 0000000100010001 00000c3001000101 0000000000000000
  stIn +020: 0000000000000000 0000000000000000 0000000000000000 000000010440c400
  stIn +040: 000000010440c000 0000000000020000 0000000000000004 0000001800000000
  stOut: 0000010000030400 0000000000000000 00000001043bc540 0000000000000000
CallMethod conn 3c03 sel 9 scIn 0 stInSz 104 -> kr 0
  stIn +000: 0000000000000080 0000000100010001 00000c3001000101 0000000000000000
  stIn +020: 0000000000000000 0000000000000000 0000000000000000 000000010440c500
  stIn +040: 000000010440c000 0000000000020000 0000000000000004 0000001800000000
  stOut: 0000010000030500 0000000000000000 00000001043bc600 0000000000000000
CallMethod conn 3c03 sel 9 scIn 0 stInSz 104 -> kr 0
  stIn +000: 0000000000000080 0000000100010001 00000c3001000101 0000000000000000
  stIn +020: 0000000000000000 0000000000000000 0000000000000000 000000010440c700
  stIn +040: 000000010440c000 0000000000020000 0000000000000004 0000001800000000
  stOut: 0000010000030700 0000000000000000 00000001043bc6c0 0000000000000000
CallMethod conn 3c03 sel 9 scIn 0 stInSz 104 -> kr 0
  stIn +000: 0000000000000080 0000000100010001 00000c3001000101 0000000000000000
  stIn +020: 0000000000000000 0000000000000000 0000000000000000 000000010440c800
  stIn +040: 000000010440c000 0000000000020000 0000000000000004 0000001800000000
  stOut: 0000010000030800 0000000000000000 00000001043bc780 0000000000000000
CallMethod conn 3c03 sel 9 scIn 0 stInSz 104 -> kr 0
  stIn +000: 0000000000000080 0000000100010001 00000c3001000101 0000000000000000
  stIn +020: 0000000000000000 0000000000000000 0000000000000000 000000010440c900
  stIn +040: 000000010440c000 0000000000020000 0000000000000004 0000001800000000
  stOut: 0000010000030900 0000000000000000 00000001043bc840 0000000000000000
CallMethod conn 3c03 sel 9 scIn 0 stInSz 104 -> kr 0
  stIn +000: 0000000000000080 0000000100010001 00000c3001000101 0000000000000000
  stIn +020: 0000000000000000 0000000000000000 0000000000000000 000000010440d900
  stIn +040: 000000010440c000 0000000000020000 0000000000000004 0000001800000000
  stOut: 0000010000031900 0000000000000000 00000001043bc900 0000000000000000
CallMethod conn 3c03 sel 9 scIn 0 stInSz 104 -> kr 0
  stIn +000: 0000000000000080 0000000100010001 00000c3001000101 0000000000000000
  stIn +020: 0000000000000000 0000000000000000 0000000000000000 000000010440da00
  stIn +040: 000000010440c000 0000000000020000 0000000000000004 0000001800000000
  stOut: 0000010000031a00 0000000000000000 00000001043bc9c0 0000000000000000
CallMethod conn 3c03 sel 9 scIn 0 stInSz 104 -> kr 0
  stIn +000: 0000000000000080 0000000100010001 00000c3001000101 0000000000000000
  stIn +020: 0000000000000000 0000000000000000 0000000000000000 000000010440db00
  stIn +040: 000000010440c000 0000000000020000 0000000000000004 0000001800000000
  stOut: 0000010000031b00 0000000000000000 00000001043bca80 0000000000000000
CallMethod conn 3c03 sel 9 scIn 0 stInSz 104 -> kr 0
  stIn +000: 0000000000000080 0000000100010001 00000c3001000101 0000000000000000
  stIn +020: 0000000000000000 0000000000000000 0000000000000000 000000010440dc00
  stIn +040: 000000010440c000 0000000000020000 0000000000000004 0000001800000000
  stOut: 0000010000031c00 0000000000000000 00000001043bcb40 0000000000000000
CallMethod conn 3c03 sel 9 scIn 0 stInSz 104 -> kr 0
  stIn +000: 0000000000000080 0000000100010001 00000c3001000101 0000000000000000
  stIn +020: 0000000000000000 0000000000000000 0000000000000000 000000010440e400
  stIn +040: 000000010440c000 0000000000020000 0000000000000004 0000001800000000
  stOut: 0000010000032400 0000000000000000 00000001043bcc00 0000000000000000
CallMethod conn 3c03 sel 9 scIn 0 stInSz 104 -> kr 0
  stIn +000: 0000000000000000 0000000100010001 0000043001000101 0000000000000000
  stIn +020: 0000000000000000 0000000000000000 0000000000000000 0000000000000000
  stIn +040: 0000000000000000 0000000000010000 0000000000000000 0000001808000000
  stOut: 0000010000058000 000000010442c000 00000001043bccc0 0000000000000000
CallMethod conn 3c03 sel 9 scIn 0 stInSz 104 -> kr 0
  stIn +000: 0000000000000000 0000000100010001 0000843001000101 0000000000000000
  stIn +020: 0000000000000000 0000000000000000 0000000000000000 0000000000000000
  stIn +040: 0000000000000000 0000000000010000 0000000000000000 0000001838000000
  stOut: 0000000000000000 000000010443c000 00000001043bcd80 0000000000000000
CallMethod conn 3c03 sel 9 scIn 0 stInSz 104 -> kr 0
  stIn +000: 0000000000000080 0000000100010001 00000c3001000101 0000000000000000
  stIn +020: 0000000000000000 0000000000000000 0000000000000000 000000010440e500
  stIn +040: 000000010440c000 0000000000020000 0000000000000004 0000001800000000
  stOut: 0000010000032500 0000000000000000 00000001043bce40 0000000000000000
CallMethod conn 3c03 sel 9 scIn 0 stInSz 104 -> kr 0
  stIn +000: 0000000000000000 0000000100010001 0000047001000101 0000000000000000
  stIn +020: 0000000000000000 0000000000000000 0000000000000001 0000000000000000
  stIn +040: 0000000000000000 0000000000020000 0000000000000000 0000000000000000
  stOut: 0000010000070000 000000010444c000 00000001043bcf00 0000000000000000
CallMethod conn 3c03 sel 9 scIn 0 stInSz 104 -> kr 0
  stIn +000: 0000000000000080 0000000100010001 00000c3001000101 0000000000000000
  stIn +020: 0000000000000000 0000000000000000 0000000000000000 000000010444c000
  stIn +040: 000000010444c000 0000000000020000 0000000000000014 0000001800000000
  stOut: 0000010000070000 0000000000000000 00000001043bcfc0 0000000000000000
CallMethod conn 3c03 sel 14 scIn 2 stInSz 0 -> kr 0
  scalars: 0000000000004000 0000000000000000 0000000000000000 0000000000000000
  stOut: 000000010446c000 0000000100004000 0000000000004000 0000000000000000
CallMethod conn 3c03 sel 14 scIn 2 stInSz 0 -> kr 0
  scalars: 0000000000004000 0000000000000001 0000000000000000 0000000000000000
  stOut: 0000000104470000 0000000200004000 0000000000004000 0000000000000001
CallMethod conn 3c03 sel 9 scIn 0 stInSz 104 -> kr 0
  stIn +000: 0000000000000000 0000000100018000 0000c43001000101 0000000000000000
  stIn +020: 0000000000000000 0000000000000000 0000000000000000 0000000000000000
  stIn +040: 0000000000000000 0000000000008000 0000000000000000 0000000038000000
  stOut: 0000000000018000 0000000104474000 00000001043bd080 0000000000000000
CallMethod conn 3c03 sel 9 scIn 0 stInSz 104 -> kr 0
  stIn +000: 0000000000000000 0000000100018000 0000443001000101 0000000000000000
  stIn +020: 0000000000000000 0000000000000000 0000000000000000 0000000000000000
  stIn +040: 0000000000000000 0000000000008000 0000000000000000 0000004808000000
  stOut: 0000010000098000 000000010447c000 00000001043bd140 0000000000000000
CallMethod conn 3c03 sel 9 scIn 0 stInSz 104 -> kr 0
  stIn +000: 0000000000000000 0000000100018000 0000443001000101 0000000000000000
  stIn +020: 0000000000000000 0000000000000000 0000000000000000 0000000000000000
  stIn +040: 0000000000000000 0000000000008000 0000000000000000 0000000008000000
  stOut: 00000100000a8000 0000000104484000 00000001043bd200 0000000000000000
CallMethod conn 3c03 sel 9 scIn 0 stInSz 104 -> kr 0
  stIn +000: 0000000000000000 0000000100018000 0000443001000101 0000000000000000
  stIn +020: 0000000000000000 0000000000000000 0000000000000000 0000000000000000
  stIn +040: 0000000000000000 0000000000008000 0000000000000000 0000000018000000
  stOut: 00000100000b8000 000000010448c000 00000001043bd2c0 0000000000000000
CallMethod conn 3c03 sel 9 scIn 0 stInSz 104 -> kr 0
  stIn +000: 0000000000000000 0000000100018000 0000443001000101 0000000000000000
  stIn +020: 0000000000000000 0000000000000000 0000000000000000 0000000000000000
  stIn +040: 0000000000000000 0000000000008000 0000000000000000 0000000018000000
  stOut: 00000100000c8000 0000000104494000 00000001043bd380 0000000000000000
CallMethod conn 3c03 sel 9 scIn 0 stInSz 104 -> kr 0
  stIn +000: 0000000000000000 0000000100018000 0000443001000101 0000000000000000
  stIn +020: 0000000000000000 0000000000000000 0000000000000000 0000000000000000
  stIn +040: 0000000000000000 0000000000008000 0000000000000000 0000000018000000
  stOut: 00000100000d8000 000000010449c000 00000001043bd440 0000000000000000
CallMethod conn 3c03 sel 9 scIn 0 stInSz 104 -> kr 0
  stIn +000: 0000000000000000 0000000100018000 0000443001000101 0000000000000000
  stIn +020: 0000000000000000 0000000000000000 0000000000000000 0000000000000000
  stIn +040: 0000000000000000 0000000000008000 0000000000000000 0000000008000000
  stOut: 00000100000e8000 00000001044a4000 00000001043bd500 0000000000000000
CallMethod conn 3c03 sel 9 scIn 0 stInSz 104 -> kr 0
  stIn +000: 0000000000000000 0000000100018000 0000c43001000101 0000000000000000
  stIn +020: 0000000000000000 0000000000000000 0000000000000000 0000000000000000
  stIn +040: 0000000000000000 0000000000008000 0000000000000000 0000000038000000
  stOut: 0000000000028000 00000001044ac000 00000001043bd5c0 0000000000000000
CallMethod conn 3c03 sel 9 scIn 0 stInSz 104 -> kr 0
  stIn +000: 0000000000000000 0000000100018000 0000443001000101 0000000000000000
  stIn +020: 0000000000000000 0000000000000000 0000000000000000 0000000000000000
  stIn +040: 0000000000000000 0000000000008000 0000000000000000 0000004808000000
  stOut: 00000100000f8000 00000001044b4000 00000001043bd680 0000000000000000
CallMethod conn 3c03 sel 9 scIn 0 stInSz 104 -> kr 0
  stIn +000: 0000000000000000 0000000100018000 0000c43001000101 0000000000000000
  stIn +020: 0000000000000000 0000000000000000 0000000000000000 0000000000000000
  stIn +040: 0000000000000000 0000000000008000 0000000000000000 0000000048000000
  stOut: 0000000000038000 00000001044bc000 00000001043bd740 0000000000000000
CallMethod conn 3c03 sel 9 scIn 0 stInSz 104 -> kr 0
  stIn +000: 0000000000000000 00000001000188e0 0000c43001000101 0000000000000000
  stIn +020: 0000000000000000 0000000000000000 0000000000000000 0000000000000000
  stIn +040: 0000000000000000 00000000000088e0 0000000000000000 0000000048000000
  stOut: 0000000000048000 00000001044c4000 00000001043bd800 0000000000000000
CallMethod conn 3c03 sel 9 scIn 0 stInSz 104 -> kr 0
  stIn +000: 0000000000000000 0000000100019480 0000443001000101 0000000000000000
  stIn +020: 0000000000000000 0000000000000000 0000000000000000 0000000000000000
  stIn +040: 0000000000000000 0000000000009480 0000000000000000 0000000018000000
  stOut: 0000010000108000 00000001044d0000 00000001043bd8c0 0000000000000000
Trap4 conn 3c03 sel 0 {1 40 16bc8e190 16bc8e214} -> kr 0
CallMethod conn 3c03 sel 17 scIn 1 stInSz 0 -> kr 0
  scalars: 0000000000000001 0000000000000000 0000000000000000 0000000000000000
CallMethod conn 3c03 sel 8 scIn 1 stInSz 0 -> kr 0
  scalars: 0000000000000001 0000000000000000 0000000000000000 0000000000000000
CallScalar conn 3c03 sel 15 in {2 0 0 0} cnt 1 -> kr 0 out {0 0}
CallScalar conn 3c03 sel 15 in {1 0 0 0} cnt 1 -> kr 0 out {0 0}
Trap1 conn 3c03 sel 1 a1 16 -> kr 0
Trap1 conn 3c03 sel 1 a1 17 -> kr 0
Trap1 conn 3c03 sel 1 a1 18 -> kr 0
Trap1 conn 3c03 sel 1 a1 19 -> kr 0
Trap1 conn 3c03 sel 1 a1 1a -> kr 0
Trap1 conn 3c03 sel 1 a1 21 -> kr 0
Trap1 conn 3c03 sel 1 a1 1b -> kr 0
Trap1 conn 3c03 sel 1 a1 1c -> kr 0
Trap1 conn 3c03 sel 1 a1 1d -> kr 0
Trap1 conn 3c03 sel 1 a1 1e -> kr 0
Trap1 conn 3c03 sel 1 a1 1f -> kr 0
Trap1 conn 3c03 sel 1 a1 20 -> kr 0
Trap1 conn 3c03 sel 1 a1 3 -> kr 0
