experiments history:
    - experiment: 66b1602abe27b2208fd291ba.500000021
      treatment : d5c127b8-b13e-42a1-acf5-c483124a1bb5
      namespaces: [STEEL_ROSE_CHECK_IN_COHORT.1]
      states    :
        - allocated   -> 2026-08-04 15:36:59 +0000
        - fetched     -> 2026-08-04 15:37:05 +0000
        - activated   -> 2026-08-04 15:37:07 +0000
    - experiment: 66b1602abe27b2208fd291ba.500000021
      treatment : unspecified-or-default-treatment
      namespaces: []
      states    :
        - notified -> 2026-08-04 15:36:56 +0000
    - experiment: 685f0520e1874a7adc676319.500000006
      treatment : unspecified-or-default-treatment
      namespaces: []
      states    :
        - notified -> 2026-07-27 00:21:39 +0000
        - disqualified -> 2026-07-27 00:21:43 +0000
    - experiment: 685f0520e1874a7adc676319.500000009
      treatment : unspecified-or-default-treatment
      namespaces: []
      states    :
        - notified -> 2026-07-29 01:47:43 +0000
        - disqualified -> 2026-07-29 01:47:47 +0000
        - notified -> 2026-07-29 06:54:08 +0000
    - experiment: 68fe4accf23ec52b15be139f.500000011
      treatment : cd952bca-2fb3-4e6e-b40f-b11e364bdb66
      namespaces: [WALLET_APP_ECOM_PAYMENT_BUTTONS.1]
      states    :
        - allocated   -> 2026-08-07 22:39:49 +0000
        - fetched     -> 2026-08-07 22:39:49 +0000
        - activated   -> 2026-08-07 22:40:38 +0000
    - experiment: 68fe4accf23ec52b15be139f.500000011
      treatment : unspecified-or-default-treatment
      namespaces: []
      states    :
        - notified -> 2026-08-07 22:39:47 +0000
        - notified -> 2026-08-07 22:40:40 +0000
    - experiment: 69656ca76c98f258c0a28dd9.500000012
      treatment : unspecified-or-default-treatment
      namespaces: []
      states    :
        - notified -> 2026-07-27 00:21:39 +0000
        - disqualified -> 2026-07-27 00:21:43 +0000
    - experiment: 6993b3b0121ba556b66b46d4.500000003
      treatment : unspecified-or-default-treatment
      namespaces: []
      states    :
        - notified -> 2026-07-27 00:21:39 +0000
        - disqualified -> 2026-07-27 00:21:43 +0000
    - experiment: 6a076c59c1f1562f720a96d0.500000005
      treatment : unspecified-or-default-treatment
      namespaces: []
      states    :
        - notified -> 2026-07-29 01:47:43 +0000
        - disqualified -> 2026-07-29 01:47:47 +0000
        - notified -> 2026-07-29 06:54:08 +0000
    - experiment: 6a2aca26867ed96da93681bc.500000004
      treatment : unspecified-or-default-treatment
      namespaces: []
      states    :
        - notified -> 2026-08-05 18:29:25 +0000
        - disqualified -> 2026-08-05 18:29:31 +0000
        - notified -> 2026-08-06 02:55:29 +0000
    - experiment: 6a539767654ed37dfa0a5f3b.500000006
      treatment : 2a181ace-507a-44a9-b206-305d342219cb
      namespaces: [WIRELESS_DATA_ANALYTICS_CELLULAR_PRODUCT_EXPERIMENTATION_INTERNAL.1]
      states    :
        - allocated   -> 2026-07-29 01:47:47 +0000
        - fetched     -> 2026-07-29 01:47:52 +0000
        - activated   -> 2026-07-29 01:47:57 +0000
        - deactivated -> 2026-08-03 00:03:07 +0000
    - experiment: 6a539767654ed37dfa0a5f3b.500000006
      treatment : unspecified-or-default-treatment
      namespaces: []
      states    :
        - notified -> 2026-07-29 01:47:43 +0000
        - notified -> 2026-07-29 06:54:08 +0000
    - experiment: 6a5820a2796bdc5cb264d801.500000002
      treatment : unspecified-or-default-treatment
      namespaces: []
      states    :
        - notified -> 2026-07-27 00:21:39 +0000
        - disqualified -> 2026-07-27 00:21:43 +0000
    - experiment: 6a5cd763796bdc5cb264d858.500000002
      treatment : unspecified-or-default-treatment
      namespaces: []
      states    :
        - notified -> 2026-07-27 00:21:39 +0000
        - disqualified -> 2026-07-27 00:21:43 +0000
    - experiment: 6a5f07b1796bdc5cb264d8d2.1
      treatment : d0bb49e6-3717-496d-b592-ae45ce800dcd
      namespaces: [AD_PLATFORMS_APPSTORE_ALL_PLACEMENTS.1]
      states    :
        - allocated   -> 2026-07-27 00:21:43 +0000
        - fetched     -> 2026-07-27 00:21:47 +0000
        - activated   -> 2026-07-27 00:21:49 +0000
    - experiment: 6a5f07b1796bdc5cb264d8d2.1
      treatment : unspecified-or-default-treatment
      namespaces: []
      states    :
        - notified -> 2026-07-27 00:21:39 +0000
